
 RUN  v4.0.18 /Users/macbook-dev/Documents/GitHub/tldw_server2/apps/tldw-frontend

 ✓ __tests__/components/notification-connectivity.integration.test.tsx (12 tests) 415ms
stderr | ../packages/ui/src/services/__tests__/background-proxy.web-refresh.test.ts > background proxy web token refresh > invalidates a revoked rotated session without replaying its stale raw JWT (scoped=false)
[tldw:request] GET /api/v1/notes/private-note 401 Session expired. Please log in again.

stderr | ../packages/ui/src/services/__tests__/background-proxy.web-refresh.test.ts > background proxy web token refresh > invalidates a revoked rotated session without replaying its stale raw JWT (scoped=true)
[tldw:request] GET /api/v1/notes/private-note 401 Session expired. Please log in again.

stderr | ../packages/ui/src/services/__tests__/background-proxy.web-refresh.test.ts > background proxy web token refresh > invalidates only the current session after an actual refresh401 (scoped=false)
[tldw:request] GET /api/v1/notes/private-note 401 Session expired. Please log in again.

stderr | ../packages/ui/src/services/__tests__/background-proxy.web-refresh.test.ts > background proxy web token refresh > invalidates only the current session after an actual refresh401 (scoped=true)
[tldw:request] GET /api/v1/notes/private-note 401 Session expired. Please log in again.

stderr | ../packages/ui/src/services/__tests__/background-proxy.web-refresh.test.ts > background proxy web token refresh > still reports an actual request deadline as a connection failure
[tldw:request] GET /api/v1/notes/ 0 Request timed out. REQUEST_TIMEOUT

stderr | ../packages/ui/src/services/__tests__/background-proxy.web-refresh.test.ts > background proxy web token refresh > retains retryable refresh failure details and does not replay a write (scoped=false)
[tldw:request] POST /api/v1/notes/ 503 Authentication service is busy

stderr | ../packages/ui/src/services/__tests__/background-proxy.web-refresh.test.ts > background proxy web token refresh > retains retryable refresh failure details and does not replay a write (scoped=true)
[tldw:request] POST /api/v1/notes/ 503 Authentication service is busy

stderr | ../packages/ui/src/services/__tests__/background-proxy.web-refresh.test.ts > background proxy web token refresh > signals refresh failure when /auth/refresh returns no access_token (no masking with stale token)
[tldw:request] POST /api/v1/notes/search/ 502 Token refresh returned no access token. Please try again.

stderr | ../packages/ui/src/services/__tests__/background-proxy.web-refresh.test.ts > background proxy web token refresh > signals refresh failure when /auth/refresh itself returns 401
[tldw:request] POST /api/v1/notes/search/ 401 Session expired. Please log in again.

 ✓ ../packages/ui/src/services/__tests__/background-proxy.web-refresh.test.ts (60 tests) 6311ms
     ✓ invalidates a revoked rotated session without replaying its stale raw JWT (scoped=false)  1097ms
     ✓ invalidates a revoked rotated session without replaying its stale raw JWT (scoped=true)  1021ms
     ✓ invalidates only the current session after an actual refresh401 (scoped=false)  1016ms
     ✓ invalidates only the current session after an actual refresh401 (scoped=true)  1016ms
     ✓ retains retryable refresh failure details and does not replay a write (scoped=true)  1014ms
     ✓ signals refresh failure when /auth/refresh itself returns 401  1014ms
 ✓ ../packages/ui/src/store/__tests__/connection.readiness-refresh.test.ts (15 tests) 2212ms
     ✓ terminal refresh401 invalidates the pair and later readiness checks do not poll it  1016ms
     ✓ keeps the current pair after a retryable refresh503 and does not replay the GET  1014ms
 ✓ ../packages/ui/src/store/__tests__/connection.test.ts (63 tests) 1349ms
     ✓ keeps concurrent onboarding edits but discards readiness for a replaced server (H7)  365ms
 ✓ __tests__/pages/notifications.test.tsx (34 tests) 1143ms
 ✓ __tests__/pages/chat-title.integration.test.tsx (15 tests) 1046ms
 ✓ __tests__/components/notification-lifecycle-provider.test.tsx (42 tests) 247ms
 ✓ __tests__/components/notification-rotation.integration.test.tsx (32 tests) 217ms
 ✓ ../packages/ui/src/store/__tests__/connection.diagnostics.integration.test.tsx (9 tests) 161ms
 ✓ __tests__/pages/core-route-titles.test.tsx (12 tests) 84ms
 ✓ ../packages/ui/src/services/__tests__/api-send.test.ts (13 tests) 40ms
 ✓ __tests__/pages/chat-title-late-persistence.test.tsx (2 tests) 25ms
 ✓ ../packages/ui/src/components/Option/KnowledgeQA/__tests__/SetupDiagnostics.design-system.test.tsx (2 tests) 20ms
 ✓ ../packages/ui/src/services/__tests__/recipe-persistence-uncertainty.test.ts (6 tests) 19ms
 ✓ __tests__/components/notification-toast-bridge.test.tsx (6 tests) 19ms
 ✓ ../packages/ui/src/utils/__tests__/update-page-title.test.ts (3 tests) 7ms
 ✓ __tests__/pages/chat-title.ssr.test.tsx (1 test) 4ms

 Test Files  17 passed (17)
      Tests  327 passed (327)
   Start at  08:30:19
   Duration  21.53s (transform 1.53s, setup 1.40s, import 1.56s, tests 13.32s, environment 4.15s)
