
 RUN  v4.0.18 /Users/macbook-dev/Documents/GitHub/tldw_server2/apps/tldw-frontend

(node:66711) ExperimentalWarning: localStorage is not available because --localstorage-file was not provided.
(Use `node --trace-warnings ...` to show where the warning was created)
stdout | __tests__/components/notification-lifecycle-provider.test.tsx > NotificationLifecycleProvider > read-only hidden tab does not reserve a long-lived stream
HIDDEN_STREAM {"state":"hidden","streamStarts":1}

stdout | __tests__/components/notification-lifecycle-provider.test.tsx > NotificationLifecycleProvider > read-only visible tab releases stream when hidden
HIDDEN_RELEASE {"state":"hidden","releases":0}

 ❯ __tests__/components/notification-lifecycle-provider.test.tsx (38 tests | 2 failed | 36 skipped) 68ms
     × read-only hidden tab does not reserve a long-lived stream 54ms
     × read-only visible tab releases stream when hidden 11ms
     ↓ does not start and abort a throwaway bootstrap during the Strict Mode probe mount
     ↓ owns one bootstrap, one stream, and one 30-second unread poll
     ↓ does not overlap unread polls when a prior poll is still pending
     ↓ stops all work after terminal bootstrap HTTP 401
     ↓ stops all work after terminal bootstrap HTTP 403
     ↓ recovers unavailable only after explicit retry and leaves a failed retry unavailable
     ↓ recovers auth-required after an authenticated scope remount and clears stale state immediately
     ↓ aborts an in-flight bootstrap before switching scopes
     ↓ restarts auth-required work after same-principal credentials rotate
     ↓ stops and clears scoped work when credentials are removed
     ↓ does not restart unavailable work after same-principal credentials rotate
     ↓ does not restart unavailable work after cross-tab same-principal token rotation
     ↓ clears unavailable state and restarts after a cross-tab principal change
     ↓ shows transient stream failures as degraded and recovers only on onOpen
     ↓ recovers an open stream after a transient unread poll succeeds
     ↓ cancels polling after a terminal stream error
     ↓ does not install polling when a terminal error fires during stream creation
     ↓ keeps an open stream degraded until a transient unread bootstrap recovers
     ↓ retries a transient cursor bootstrap before opening the stream
     ↓ publishes provider-owned events and updates unread count
     ↓ adds a validated coalesced count to the lifecycle unread total
     ↓ ignores invalid coalesced unread count 0
     ↓ ignores invalid coalesced unread count -1
     ↓ ignores invalid coalesced unread count Infinity
     ↓ ignores invalid coalesced unread count NaN
     ↓ retains every stream event delivered in one React batch
     ↓ classifies mutation failures once without replaying the mutation
     ↓ performs no notification work while disabled
     ↓ does not request private notifications without a verified connection: {"phase":"unconfigured","isConnected":false}
     ↓ does not request private notifications without a verified connection: {"phase":"searching","isConnected":false}
     ↓ does not request private notifications without a verified connection: {"phase":"error","isConnected":false}
     ↓ does not request private notifications without a verified connection: {"offlineBypass":true}
     ↓ does not request private notifications without a verified connection: {"mode":"demo"}
     ↓ exposes terminal state before an unverified consumer can start its inbox effect
     ↓ projects empty terminal data in the first disconnected render before cleanup effects
     ↓ stops and clears disconnected work, ignores late results, and resumes only after verification

⎯⎯⎯⎯⎯⎯⎯ Failed Tests 2 ⎯⎯⎯⎯⎯⎯⎯

 FAIL  __tests__/components/notification-lifecycle-provider.test.tsx > NotificationLifecycleProvider > read-only hidden tab does not reserve a long-lived stream
AssertionError: expected "vi.fn()" to not be called at all, but actually been called 1 times

Received: 

  1st vi.fn() call:

    Array [
      Object {
        "after": 10,
        "onError": [Function onError],
        "onEvent": [Function onEvent],
        "onOpen": [Function onOpen],
      },
    ]


Number of calls: 1

 ❯ __tests__/components/notification-lifecycle-provider.test.tsx:85:54
     84|     mocks.getUnreadCount.mockResolvedValue({ unread_count: 5 })
     85|     mocks.listNotifications.mockResolvedValue({
     86|       items: [{ id: 10, title: "Existing" }],
       |      ^
     87|       total: 1
     88|     })

⎯⎯⎯⎯⎯⎯⎯⎯⎯⎯⎯⎯⎯⎯⎯⎯⎯⎯⎯⎯⎯⎯⎯⎯[1/2]⎯

 FAIL  __tests__/components/notification-lifecycle-provider.test.tsx > NotificationLifecycleProvider > read-only visible tab releases stream when hidden
AssertionError: expected "vi.fn()" to be called 1 times, but got 0 times
 ❯ __tests__/components/notification-lifecycle-provider.test.tsx:98:27
     99|     )
    100| 
    101|     const view = render(
       |            ^
    102|       <React.StrictMode>
    103|         <NotificationLifecycleProvider scopeKey="notifications:server-…

⎯⎯⎯⎯⎯⎯⎯⎯⎯⎯⎯⎯⎯⎯⎯⎯⎯⎯⎯⎯⎯⎯⎯⎯[2/2]⎯


 Test Files  1 failed (1)
      Tests  2 failed | 36 skipped (38)
   Start at  18:44:58
   Duration  2.50s (transform 250ms, setup 414ms, import 217ms, tests 68ms, environment 1.14s)

