
 RUN  v4.0.18 /Users/macbook-dev/Documents/GitHub/tldw_server2/apps/packages/ui

(node:10159) ExperimentalWarning: localStorage is not available because --localstorage-file was not provided.
(Use `node --trace-warnings ...` to show where the warning was created)
stdout | src/components/Common/QuickIngest/__tests__/QuickIngestWizardModal.session.test.tsx > QuickIngestWizardModal session runtime > UAT104 real minimize boundary: processing-button
UAT104_BOUNDARY processing-button {"visibility":"visible","dialogs":1,"lifecycle":"processing","lastModalOpen":true}

stdout | src/components/Common/QuickIngest/__tests__/QuickIngestWizardModal.session.test.tsx > QuickIngestWizardModal session runtime > UAT104 real minimize boundary: close-confirmation
UAT104_BOUNDARY close-confirmation {"visibility":"hidden","dialogs":0,"lifecycle":"processing","lastModalOpen":false}

 ❯ src/components/Common/QuickIngest/__tests__/QuickIngestWizardModal.session.test.tsx (45 tests | 1 failed | 43 skipped) 289ms
     × UAT104 real minimize boundary: processing-button 182ms
     ✓ UAT104 real minimize boundary: close-confirmation 106ms
     ↓ masks Bob's completed result on logout before a replacement account can act
     ↓ leaves pending stages and percentages unchanged as elapsed time passes, then accepts a terminal result
     ↓ submits the queued wizard batch through the authenticated quick-ingest transport
     ↓ keeps AntD modal portal props stable while results land
     ↓ starts Ingest More in a new persisted session
     ↓ processes the configured standard preset with its analysis provider
     ↓ processes the configured deep preset with its analysis provider
     ↓ routes the standard preset to Configure when analysis needs a provider
     ↓ routes the deep preset to Configure when analysis needs a provider
     ↓ does not enter processing when auto-process lacks an analysis provider
     ↓ routes an auto-process provider warning from persisted step 2 to Configure
     ↓ routes an auto-process provider warning from persisted step 3 to Configure
     ↓ retries auto-process after closing and reopening a provider-blocked draft
     ↓ waits for an in-flight connection check before consuming auto-process
     ↓ restores a hidden processing session when the late analysis provider guard blocks startRun
     ↓ preserves first-source open detail while syncing wizard state
     ↓ syncs cleared first-source add mode from wizard reset
     ↓ submits conference batch metadata and item overrides through the session payload
     ↓ does not pre-seed direct tracking item identities before backend submissions are acknowledged
     ↓ starts persisted direct-job reattach when tracking metadata arrives after the run begins
     ↓ keeps cancellation terminal when runtime completion arrives in the cancel click
     ↓ ignores runtime progress emitted in the cancel click
     ↓ cancels an extension session acknowledged after cancellation
     ↓ does not submit a direct session acknowledged after cancellation
     ↓ does not start a session when setup resumes after cancellation
     ↓ keeps cancellation terminal when start acknowledgement rejects
     ↓ uses runtime completion events for extension-backed sessions instead of calling the broken SSE path
     ↓ normalizes runtime duplicate results from db_message into skipped items
     ↓ normalizes runtime ok results with error payloads into failed items
     ↓ rehydrates a hidden processing session when the modal is reopened
     ↓ rehydrates a completed session with results after a remount
     ↓ restores persisted file stubs with a reattach-required warning
     ↓ reattaches persisted direct-ingest jobs after refresh
     ↓ maps refreshed file-backed reattach results back to the original queued item id
     ↓ does not run persisted direct-job reattach for extension runtime sessions
     ↓ restarts direct processing after refresh when tracking exists without persisted job ids
     ↓ cancels a refreshed direct session using persisted tracking metadata
     ↓ ignores late persisted reattach processing after cancellation
     ↓ ignores late persisted reattach completion after cancellation
     ↓ reruns persisted direct-session reattach when item mapping metadata arrives later
     ↓ preserves already completed item results when cancellation finalizes pending items
     ↓ opens durable conference collections from terminal results
     ↓ keeps polling persisted direct-job reattach until the resumed session reaches a terminal state

⎯⎯⎯⎯⎯⎯⎯ Failed Tests 1 ⎯⎯⎯⎯⎯⎯⎯

 FAIL  src/components/Common/QuickIngest/__tests__/QuickIngestWizardModal.session.test.tsx > QuickIngestWizardModal session runtime > UAT104 real minimize boundary: processing-button
AssertionError: expected 'visible' to be 'hidden' // Object.is equality

Expected: "hidden"
Received: "visible"

 ❯ src/components/Common/QuickIngest/__tests__/QuickIngestWizardModal.session.test.tsx:428:35
    428| }
    429| 
    430| vi.mock("@plasmohq/storage", async () => import("../../../../../../../…
       |                                ^
    431| vi.mock("@/services/tldw/TldwAuth", () => ({ tldwAuth: { getCurrentUse…
    432| vi.mock("@/services/tldw/deployment-mode", () => ({ isHostedTldwDeploy…

⎯⎯⎯⎯⎯⎯⎯⎯⎯⎯⎯⎯⎯⎯⎯⎯⎯⎯⎯⎯⎯⎯⎯⎯[1/1]⎯


 Test Files  1 failed (1)
      Tests  1 failed | 1 passed | 43 skipped (45)
   Start at  17:50:29
   Duration  2.33s (transform 667ms, setup 275ms, import 810ms, tests 289ms, environment 771ms)

