
 RUN  v4.0.18 /Users/macbook-dev/Documents/GitHub/tldw_server2/apps/packages/ui

(node:43154) ExperimentalWarning: localStorage is not available because --localstorage-file was not provided.
(Use `node --trace-warnings ...` to show where the warning was created)
TypeError: Cannot read properties of undefined (reading 'length')
    at /Users/macbook-dev/Documents/GitHub/tldw_server2/apps/packages/ui/src/hooks/usePlaygroundSessionPersistence.tsx:181:55
    at /Users/macbook-dev/Documents/GitHub/tldw_server2/apps/packages/ui/src/hooks/usePlaygroundSessionPersistence.tsx:410:40
    at commitHookEffectListMount (/Users/macbook-dev/Documents/GitHub/tldw_server2/apps/node_modules/.bun/react-dom@18.3.1+f4eacebf2041cd4f/node_modules/react-dom/cjs/react-dom.development.js:23189:26)
    at commitPassiveMountOnFiber (/Users/macbook-dev/Documents/GitHub/tldw_server2/apps/node_modules/.bun/react-dom@18.3.1+f4eacebf2041cd4f/node_modules/react-dom/cjs/react-dom.development.js:24970:11)
    at commitPassiveMountEffects_complete (/Users/macbook-dev/Documents/GitHub/tldw_server2/apps/node_modules/.bun/react-dom@18.3.1+f4eacebf2041cd4f/node_modules/react-dom/cjs/react-dom.development.js:24930:9)
    at commitPassiveMountEffects_begin (/Users/macbook-dev/Documents/GitHub/tldw_server2/apps/node_modules/.bun/react-dom@18.3.1+f4eacebf2041cd4f/node_modules/react-dom/cjs/react-dom.development.js:24917:7)
    at commitPassiveMountEffects (/Users/macbook-dev/Documents/GitHub/tldw_server2/apps/node_modules/.bun/react-dom@18.3.1+f4eacebf2041cd4f/node_modules/react-dom/cjs/react-dom.development.js:24905:3)
    at flushPassiveEffectsImpl (/Users/macbook-dev/Documents/GitHub/tldw_server2/apps/node_modules/.bun/react-dom@18.3.1+f4eacebf2041cd4f/node_modules/react-dom/cjs/react-dom.development.js:27078:3)
    at flushPassiveEffects (/Users/macbook-dev/Documents/GitHub/tldw_server2/apps/node_modules/.bun/react-dom@18.3.1+f4eacebf2041cd4f/node_modules/react-dom/cjs/react-dom.development.js:27023:14)
    at /Users/macbook-dev/Documents/GitHub/tldw_server2/apps/node_modules/.bun/react-dom@18.3.1+f4eacebf2041cd4f/node_modules/react-dom/cjs/react-dom.development.js:26808:9
stderr | src/components/Option/Playground/__tests__/Playground.coordinator.integration.test.tsx > Playground coordinator integration > UAT113 real owner and session: /chat (ordinary reload)
The above error occurred in the <Playground> component:

    at Playground (/Users/macbook-dev/Documents/GitHub/tldw_server2/apps/packages/ui/src/components/Option/Playground/Playground.tsx:272:46)

Consider adding an error boundary to your tree to customize error handling behavior.
Visit https://reactjs.org/link/error-boundaries to learn more about error boundaries.

TypeError: Cannot read properties of undefined (reading 'length')
    at /Users/macbook-dev/Documents/GitHub/tldw_server2/apps/packages/ui/src/hooks/usePlaygroundSessionPersistence.tsx:181:55
    at /Users/macbook-dev/Documents/GitHub/tldw_server2/apps/packages/ui/src/hooks/usePlaygroundSessionPersistence.tsx:410:40
    at commitHookEffectListMount (/Users/macbook-dev/Documents/GitHub/tldw_server2/apps/node_modules/.bun/react-dom@18.3.1+f4eacebf2041cd4f/node_modules/react-dom/cjs/react-dom.development.js:23189:26)
    at commitPassiveMountOnFiber (/Users/macbook-dev/Documents/GitHub/tldw_server2/apps/node_modules/.bun/react-dom@18.3.1+f4eacebf2041cd4f/node_modules/react-dom/cjs/react-dom.development.js:24970:11)
    at commitPassiveMountEffects_complete (/Users/macbook-dev/Documents/GitHub/tldw_server2/apps/node_modules/.bun/react-dom@18.3.1+f4eacebf2041cd4f/node_modules/react-dom/cjs/react-dom.development.js:24930:9)
    at commitPassiveMountEffects_begin (/Users/macbook-dev/Documents/GitHub/tldw_server2/apps/node_modules/.bun/react-dom@18.3.1+f4eacebf2041cd4f/node_modules/react-dom/cjs/react-dom.development.js:24917:7)
    at commitPassiveMountEffects (/Users/macbook-dev/Documents/GitHub/tldw_server2/apps/node_modules/.bun/react-dom@18.3.1+f4eacebf2041cd4f/node_modules/react-dom/cjs/react-dom.development.js:24905:3)
    at flushPassiveEffectsImpl (/Users/macbook-dev/Documents/GitHub/tldw_server2/apps/node_modules/.bun/react-dom@18.3.1+f4eacebf2041cd4f/node_modules/react-dom/cjs/react-dom.development.js:27078:3)
    at flushPassiveEffects (/Users/macbook-dev/Documents/GitHub/tldw_server2/apps/node_modules/.bun/react-dom@18.3.1+f4eacebf2041cd4f/node_modules/react-dom/cjs/react-dom.development.js:27023:14)
    at /Users/macbook-dev/Documents/GitHub/tldw_server2/apps/node_modules/.bun/react-dom@18.3.1+f4eacebf2041cd4f/node_modules/react-dom/cjs/react-dom.development.js:26808:9
stderr | src/components/Option/Playground/__tests__/Playground.coordinator.integration.test.tsx > Playground coordinator integration > UAT113 real owner and session: /chat?mode=character&chatId=saved-cedar&characterId=4 (canonical saved route)
The above error occurred in the <Playground> component:

    at Playground (/Users/macbook-dev/Documents/GitHub/tldw_server2/apps/packages/ui/src/components/Option/Playground/Playground.tsx:272:46)

Consider adding an error boundary to your tree to customize error handling behavior.
Visit https://reactjs.org/link/error-boundaries to learn more about error boundaries.

TypeError: Cannot read properties of undefined (reading 'length')
    at /Users/macbook-dev/Documents/GitHub/tldw_server2/apps/packages/ui/src/hooks/usePlaygroundSessionPersistence.tsx:181:55
    at /Users/macbook-dev/Documents/GitHub/tldw_server2/apps/packages/ui/src/hooks/usePlaygroundSessionPersistence.tsx:410:40
    at commitHookEffectListMount (/Users/macbook-dev/Documents/GitHub/tldw_server2/apps/node_modules/.bun/react-dom@18.3.1+f4eacebf2041cd4f/node_modules/react-dom/cjs/react-dom.development.js:23189:26)
    at commitPassiveMountOnFiber (/Users/macbook-dev/Documents/GitHub/tldw_server2/apps/node_modules/.bun/react-dom@18.3.1+f4eacebf2041cd4f/node_modules/react-dom/cjs/react-dom.development.js:24970:11)
    at commitPassiveMountEffects_complete (/Users/macbook-dev/Documents/GitHub/tldw_server2/apps/node_modules/.bun/react-dom@18.3.1+f4eacebf2041cd4f/node_modules/react-dom/cjs/react-dom.development.js:24930:9)
    at commitPassiveMountEffects_begin (/Users/macbook-dev/Documents/GitHub/tldw_server2/apps/node_modules/.bun/react-dom@18.3.1+f4eacebf2041cd4f/node_modules/react-dom/cjs/react-dom.development.js:24917:7)
    at commitPassiveMountEffects (/Users/macbook-dev/Documents/GitHub/tldw_server2/apps/node_modules/.bun/react-dom@18.3.1+f4eacebf2041cd4f/node_modules/react-dom/cjs/react-dom.development.js:24905:3)
    at flushPassiveEffectsImpl (/Users/macbook-dev/Documents/GitHub/tldw_server2/apps/node_modules/.bun/react-dom@18.3.1+f4eacebf2041cd4f/node_modules/react-dom/cjs/react-dom.development.js:27078:3)
    at flushPassiveEffects (/Users/macbook-dev/Documents/GitHub/tldw_server2/apps/node_modules/.bun/react-dom@18.3.1+f4eacebf2041cd4f/node_modules/react-dom/cjs/react-dom.development.js:27023:14)
    at /Users/macbook-dev/Documents/GitHub/tldw_server2/apps/node_modules/.bun/react-dom@18.3.1+f4eacebf2041cd4f/node_modules/react-dom/cjs/react-dom.development.js:26808:9
stderr | src/components/Option/Playground/__tests__/Playground.coordinator.integration.test.tsx > Playground coordinator integration > UAT113 real owner and session: /chat?mode=character&characterId=4 (unconsumed entry reload)
The above error occurred in the <Playground> component:

    at Playground (/Users/macbook-dev/Documents/GitHub/tldw_server2/apps/packages/ui/src/components/Option/Playground/Playground.tsx:272:46)

Consider adding an error boundary to your tree to customize error handling behavior.
Visit https://reactjs.org/link/error-boundaries to learn more about error boundaries.

TypeError: Cannot read properties of undefined (reading 'length')
    at /Users/macbook-dev/Documents/GitHub/tldw_server2/apps/packages/ui/src/hooks/usePlaygroundSessionPersistence.tsx:181:55
    at /Users/macbook-dev/Documents/GitHub/tldw_server2/apps/packages/ui/src/hooks/usePlaygroundSessionPersistence.tsx:410:40
    at commitHookEffectListMount (/Users/macbook-dev/Documents/GitHub/tldw_server2/apps/node_modules/.bun/react-dom@18.3.1+f4eacebf2041cd4f/node_modules/react-dom/cjs/react-dom.development.js:23189:26)
    at commitPassiveMountOnFiber (/Users/macbook-dev/Documents/GitHub/tldw_server2/apps/node_modules/.bun/react-dom@18.3.1+f4eacebf2041cd4f/node_modules/react-dom/cjs/react-dom.development.js:24970:11)
    at commitPassiveMountEffects_complete (/Users/macbook-dev/Documents/GitHub/tldw_server2/apps/node_modules/.bun/react-dom@18.3.1+f4eacebf2041cd4f/node_modules/react-dom/cjs/react-dom.development.js:24930:9)
    at commitPassiveMountEffects_begin (/Users/macbook-dev/Documents/GitHub/tldw_server2/apps/node_modules/.bun/react-dom@18.3.1+f4eacebf2041cd4f/node_modules/react-dom/cjs/react-dom.development.js:24917:7)
    at commitPassiveMountEffects (/Users/macbook-dev/Documents/GitHub/tldw_server2/apps/node_modules/.bun/react-dom@18.3.1+f4eacebf2041cd4f/node_modules/react-dom/cjs/react-dom.development.js:24905:3)
    at flushPassiveEffectsImpl (/Users/macbook-dev/Documents/GitHub/tldw_server2/apps/node_modules/.bun/react-dom@18.3.1+f4eacebf2041cd4f/node_modules/react-dom/cjs/react-dom.development.js:27078:3)
    at flushPassiveEffects (/Users/macbook-dev/Documents/GitHub/tldw_server2/apps/node_modules/.bun/react-dom@18.3.1+f4eacebf2041cd4f/node_modules/react-dom/cjs/react-dom.development.js:27023:14)
    at /Users/macbook-dev/Documents/GitHub/tldw_server2/apps/node_modules/.bun/react-dom@18.3.1+f4eacebf2041cd4f/node_modules/react-dom/cjs/react-dom.development.js:26808:9
stderr | src/components/Option/Playground/__tests__/Playground.coordinator.integration.test.tsx > Playground coordinator integration > UAT113 real owner and session: /chat?mode=character&characterId=5 (explicit different character)
The above error occurred in the <Playground> component:

    at Playground (/Users/macbook-dev/Documents/GitHub/tldw_server2/apps/packages/ui/src/components/Option/Playground/Playground.tsx:272:46)

Consider adding an error boundary to your tree to customize error handling behavior.
Visit https://reactjs.org/link/error-boundaries to learn more about error boundaries.

 ❯ src/components/Option/Playground/__tests__/Playground.coordinator.integration.test.tsx (41 tests | 4 failed | 37 skipped) 62ms
     ↓ registers the webui chat route context on mount
     ↓ waits for session scope readiness before consuming the one-time restore pass
     ↓ falls back to recent chat only when restore reports nothing restored
     ↓ stops recent-chat initialization when restore reports cancellation
     ↓ does not overwrite a server chat selected while session scope initializes
     ↓ applies explicit character chat route ids before persisted session restore
     ↓ applies character route ids before persisted session restore
     ↓ applies a settings-return server chat before persisted session restore
     ↓ selects the saved Flashcard source conversation through the actual neutral Chat route consumer
     ↓ applies a sidepanel handoff before persisted session restore
     ↓ starts a fresh character route chat over an active server chat
     ↓ settles canonical saved entry with the real session subscription and local loader (StrictMode=false)
     ↓ settles canonical saved entry with the real session subscription and local loader (StrictMode=true)
     ↓ cancels pending generic restoration before applying an explicit settings target
     ↓ finishes a delayed current settings local-history load
     ↓ finishes a delayed current timeline local-history load
     ↓ does not complete a failed local settings return as a successful server selection
     ↓ keeps a saved target over a previous character while profile is delayed
     ↓ keeps a saved target over a previous character while messages is delayed
     ↓ does not install a late saved identity after picker changes during metadata fetch
     ↓ does not install a late saved identity after picker-roundtrip changes during metadata fetch
     ↓ does not install a late saved identity after replacement changes during metadata fetch
     ↓ does not install a late saved identity after principal changes during metadata fetch
     ↓ keeps the saved target while a raw preference change suppresses a late profile (same turn false)
     ↓ keeps the saved target while a raw preference change suppresses a late profile (same turn true)
     ↓ discards optional profile completion after replacement
     ↓ discards optional profile completion after principal
     ↓ discards optional profile completion after unmount
     ↓ loads canonical messages without waiting for optional global selection persistence
     ↓ preserves canonical saved identity with actual WebUI storage and six loaders: immediate
     ↓ preserves canonical saved identity with actual WebUI storage and six loaders: profile
     ↓ preserves canonical saved identity with actual WebUI storage and six loaders: messages
     ↓ preserves canonical saved identity with actual WebUI storage and six loaders: sidebar
     ↓ preserves canonical saved identity with actual WebUI storage and six loaders: cross-tab
     ↓ uses the real picker to deliberately select Robot with a saved target
     ↓ uses the real picker to deliberately select New choice with a saved target
     ↓ keeps the saved conversation and preference after cancelling the real legacy picker confirmation
     × UAT113 real owner and session: /chat (ordinary reload) 33ms
     × UAT113 real owner and session: /chat?mode=character&chatId=saved-cedar&characterId=4 (canonical saved route) 12ms
     × UAT113 real owner and session: /chat?mode=character&characterId=4 (unconsumed entry reload) 9ms
     × UAT113 real owner and session: /chat?mode=character&characterId=5 (explicit different character) 7ms

⎯⎯⎯⎯⎯⎯⎯ Failed Tests 4 ⎯⎯⎯⎯⎯⎯⎯

 FAIL  src/components/Option/Playground/__tests__/Playground.coordinator.integration.test.tsx > Playground coordinator integration > UAT113 real owner and session: /chat (ordinary reload)
 FAIL  src/components/Option/Playground/__tests__/Playground.coordinator.integration.test.tsx > Playground coordinator integration > UAT113 real owner and session: /chat?mode=character&chatId=saved-cedar&characterId=4 (canonical saved route)
 FAIL  src/components/Option/Playground/__tests__/Playground.coordinator.integration.test.tsx > Playground coordinator integration > UAT113 real owner and session: /chat?mode=character&characterId=4 (unconsumed entry reload)
 FAIL  src/components/Option/Playground/__tests__/Playground.coordinator.integration.test.tsx > Playground coordinator integration > UAT113 real owner and session: /chat?mode=character&characterId=5 (explicit different character)
TypeError: Cannot read properties of undefined (reading 'length')
 ❯ src/hooks/usePlaygroundSessionPersistence.tsx:181:55
    179|     // Allow queue-only restores even before a history/server chat id …
    180|     if (temporaryChat && queuedMessages.length === 0) return null
    181|     if (!historyId && !serverChatId && queuedMessages.length === 0) re…
       |                                                       ^
    182| 
    183|     const trackedAssistantSelection =
 ❯ src/hooks/usePlaygroundSessionPersistence.tsx:410:40
 ❯ commitHookEffectListMount ../../node_modules/.bun/react-dom@18.3.1+f4eacebf2041cd4f/node_modules/react-dom/cjs/react-dom.development.js:23189:26
 ❯ commitPassiveMountOnFiber ../../node_modules/.bun/react-dom@18.3.1+f4eacebf2041cd4f/node_modules/react-dom/cjs/react-dom.development.js:24970:11
 ❯ commitPassiveMountEffects_complete ../../node_modules/.bun/react-dom@18.3.1+f4eacebf2041cd4f/node_modules/react-dom/cjs/react-dom.development.js:24930:9
 ❯ commitPassiveMountEffects_begin ../../node_modules/.bun/react-dom@18.3.1+f4eacebf2041cd4f/node_modules/react-dom/cjs/react-dom.development.js:24917:7
 ❯ commitPassiveMountEffects ../../node_modules/.bun/react-dom@18.3.1+f4eacebf2041cd4f/node_modules/react-dom/cjs/react-dom.development.js:24905:3
 ❯ flushPassiveEffectsImpl ../../node_modules/.bun/react-dom@18.3.1+f4eacebf2041cd4f/node_modules/react-dom/cjs/react-dom.development.js:27078:3
 ❯ flushPassiveEffects ../../node_modules/.bun/react-dom@18.3.1+f4eacebf2041cd4f/node_modules/react-dom/cjs/react-dom.development.js:27023:14
 ❯ ../../node_modules/.bun/react-dom@18.3.1+f4eacebf2041cd4f/node_modules/react-dom/cjs/react-dom.development.js:26808:9

⎯⎯⎯⎯⎯⎯⎯⎯⎯⎯⎯⎯⎯⎯⎯⎯⎯⎯⎯⎯⎯⎯⎯⎯[1/4]⎯


 Test Files  1 failed (1)
      Tests  4 failed | 37 skipped (41)
   Start at  18:16:35
   Duration  3.21s (transform 1.27s, setup 127ms, import 2.53s, tests 62ms, environment 385ms)

