
 RUN  v4.0.18 /Users/macbook-dev/Documents/GitHub/tldw_server2/apps/packages/ui

(node:44334) ExperimentalWarning: localStorage is not available because --localstorage-file was not provided.
(Use `node --trace-warnings ...` to show where the warning was created)
stdout | src/components/Option/Playground/__tests__/Playground.coordinator.integration.test.tsx > Playground coordinator integration > UAT113 real owner and session: /chat (ordinary reload)
UAT113_ROUTE_BOUNDARY {
  url: '/chat',
  activeServerChatId: 'saved-cedar',
  persistedServerChatId: 'saved-cedar',
  restoreRevision: 1,
  characterReads: []
}

stdout | src/components/Option/Playground/__tests__/Playground.coordinator.integration.test.tsx > Playground coordinator integration > UAT113 real owner and session: /chat?mode=character&chatId=saved-cedar&characterId=4 (canonical saved route)
UAT113_ROUTE_BOUNDARY {
  url: '/chat?mode=character&chatId=saved-cedar&characterId=4',
  activeServerChatId: 'saved-cedar',
  persistedServerChatId: 'saved-cedar',
  restoreRevision: 2,
  characterReads: []
}

stdout | src/components/Option/Playground/__tests__/Playground.coordinator.integration.test.tsx > Playground coordinator integration > UAT113 real owner and session: /chat?mode=character&characterId=4 (unconsumed entry reload)
UAT113_ROUTE_BOUNDARY {
  url: '/chat?mode=character&characterId=4',
  activeServerChatId: null,
  persistedServerChatId: null,
  restoreRevision: 3,
  characterReads: [ '4' ]
}

stdout | src/components/Option/Playground/__tests__/Playground.coordinator.integration.test.tsx > Playground coordinator integration > UAT113 real owner and session: /chat?mode=character&characterId=5 (explicit different character)
UAT113_ROUTE_BOUNDARY {
  url: '/chat?mode=character&characterId=5',
  activeServerChatId: null,
  persistedServerChatId: null,
  restoreRevision: 3,
  characterReads: [ '5' ]
}

 ❯ src/components/Option/Playground/__tests__/Playground.coordinator.integration.test.tsx (41 tests | 1 failed | 37 skipped) 339ms
     ↓ registers the webui chat route context on mount
     ↓ waits for session scope readiness before consuming the one-time restore pass
     ↓ falls back to recent chat only when restore reports nothing restored
     ↓ stops recent-chat initialization when restore reports cancellation
     ↓ does not overwrite a server chat selected while session scope initializes
     ↓ applies explicit character chat route ids before persisted session restore
     ↓ applies character route ids before persisted session restore
     ↓ applies a settings-return server chat before persisted session restore
     ↓ selects the saved Flashcard source conversation through the actual neutral Chat route consumer
     ↓ applies a sidepanel handoff before persisted session restore
     ↓ starts a fresh character route chat over an active server chat
     ↓ settles canonical saved entry with the real session subscription and local loader (StrictMode=false)
     ↓ settles canonical saved entry with the real session subscription and local loader (StrictMode=true)
     ↓ cancels pending generic restoration before applying an explicit settings target
     ↓ finishes a delayed current settings local-history load
     ↓ finishes a delayed current timeline local-history load
     ↓ does not complete a failed local settings return as a successful server selection
     ↓ keeps a saved target over a previous character while profile is delayed
     ↓ keeps a saved target over a previous character while messages is delayed
     ↓ does not install a late saved identity after picker changes during metadata fetch
     ↓ does not install a late saved identity after picker-roundtrip changes during metadata fetch
     ↓ does not install a late saved identity after replacement changes during metadata fetch
     ↓ does not install a late saved identity after principal changes during metadata fetch
     ↓ keeps the saved target while a raw preference change suppresses a late profile (same turn false)
     ↓ keeps the saved target while a raw preference change suppresses a late profile (same turn true)
     ↓ discards optional profile completion after replacement
     ↓ discards optional profile completion after principal
     ↓ discards optional profile completion after unmount
     ↓ loads canonical messages without waiting for optional global selection persistence
     ↓ preserves canonical saved identity with actual WebUI storage and six loaders: immediate
     ↓ preserves canonical saved identity with actual WebUI storage and six loaders: profile
     ↓ preserves canonical saved identity with actual WebUI storage and six loaders: messages
     ↓ preserves canonical saved identity with actual WebUI storage and six loaders: sidebar
     ↓ preserves canonical saved identity with actual WebUI storage and six loaders: cross-tab
     ↓ uses the real picker to deliberately select Robot with a saved target
     ↓ uses the real picker to deliberately select New choice with a saved target
     ↓ keeps the saved conversation and preference after cancelling the real legacy picker confirmation
     ✓ UAT113 real owner and session: /chat (ordinary reload) 124ms
     ✓ UAT113 real owner and session: /chat?mode=character&chatId=saved-cedar&characterId=4 (canonical saved route) 76ms
     × UAT113 real owner and session: /chat?mode=character&characterId=4 (unconsumed entry reload) 71ms
     ✓ UAT113 real owner and session: /chat?mode=character&characterId=5 (explicit different character) 67ms

⎯⎯⎯⎯⎯⎯⎯ Failed Tests 1 ⎯⎯⎯⎯⎯⎯⎯

 FAIL  src/components/Option/Playground/__tests__/Playground.coordinator.integration.test.tsx > Playground coordinator integration > UAT113 real owner and session: /chat?mode=character&characterId=4 (unconsumed entry reload)
AssertionError: expected { active: null, persisted: null } to deeply equal { active: 'saved-cedar', …(1) }

- Expected
+ Received

  {
-   "active": "saved-cedar",
-   "persisted": "saved-cedar",
+   "active": null,
+   "persisted": null,
  }

 ❯ src/components/Option/Playground/__tests__/Playground.coordinator.integration.test.tsx:955:81
    931|   })
    932| 
    933| })
       |   ^
    934| 

⎯⎯⎯⎯⎯⎯⎯⎯⎯⎯⎯⎯⎯⎯⎯⎯⎯⎯⎯⎯⎯⎯⎯⎯[1/1]⎯


 Test Files  1 failed (1)
      Tests  1 failed | 3 passed | 37 skipped (41)
   Start at  18:17:00
   Duration  3.46s (transform 1.24s, setup 132ms, import 2.45s, tests 339ms, environment 413ms)

