
 RUN  v4.0.18 /Users/macbook-dev/Documents/GitHub/tldw_server2/apps/packages/ui

(node:4917) ExperimentalWarning: localStorage is not available because --localstorage-file was not provided.
(Use `node --trace-warnings ...` to show where the warning was created)
stdout | src/hooks/__tests__/useServerChatLoader.mirror.integration.test.tsx > UAT103 actual loader with ordinary saved-turn mirror shape > keeps five server rows at five after reconciling two locally saved pairs
UAT103_RECONCILIATION {"serverRows":5,"visibleRows":[{"id":"legacy:server:dafcaad4-b891-4035-a7c0-bbccc8e0dd8e","serverMessageId":"dafcaad4-b891-4035-a7c0-bbccc8e0dd8e","role":"system","contentLength":31},{"id":"local-0","serverMessageId":null,"role":"user","contentLength":71},{"id":"legacy:server:9ab80484-2cc9-44b4-ae63-109b0afa0013","serverMessageId":"9ab80484-2cc9-44b4-ae63-109b0afa0013","role":"user","contentLength":71},{"id":"local-1","serverMessageId":"6da03e47-d9b9-46c5-a683-d9fad8c85abf","role":"assistant","contentLength":8},{"id":"local-2","serverMessageId":null,"role":"user","contentLength":66},{"id":"legacy:server:5cf2af2b-c6fb-4a67-abfe-bc68b181c87b","serverMessageId":"5cf2af2b-c6fb-4a67-abfe-bc68b181c87b","role":"user","contentLength":66},{"id":"local-3","serverMessageId":"bdc63deb-6c67-4b56-8488-1d2775ab8850","role":"assistant","contentLength":8}],"mirrorRows":[{"id":"local-0","serverMessageId":null,"role":"user","contentLength":71},{"id":"local-1","serverMessageId":"6da03e47-d9b9-46c5-a683-d9fad8c85abf","role":"assistant","contentLength":8},{"id":"local-2","serverMessageId":null,"role":"user","contentLength":66},{"id":"local-3","serverMessageId":"bdc63deb-6c67-4b56-8488-1d2775ab8850","role":"assistant","contentLength":8},{"id":"legacy:server:dafcaad4-b891-4035-a7c0-bbccc8e0dd8e","serverMessageId":"dafcaad4-b891-4035-a7c0-bbccc8e0dd8e","role":"system","contentLength":31},{"id":"legacy:server:9ab80484-2cc9-44b4-ae63-109b0afa0013","serverMessageId":"9ab80484-2cc9-44b4-ae63-109b0afa0013","role":"user","contentLength":71},{"id":"legacy:server:5cf2af2b-c6fb-4a67-abfe-bc68b181c87b","serverMessageId":"5cf2af2b-c6fb-4a67-abfe-bc68b181c87b","role":"user","contentLength":66}]}

 ❯ src/hooks/__tests__/useServerChatLoader.mirror.integration.test.tsx (11 tests | 1 failed | 10 skipped) 220ms
     ↓ recovers an old partial mirror and survives repeated reload (greeting true)
     ↓ recovers an old partial mirror and survives repeated reload (greeting false)
     ↓ retains a real unsynced local draft while adding the missing server reply
     ↓ publishes the owned persistent newer-answer on a fresh server selection
     ↓ publishes the owned persistent unsynced-draft on a fresh server selection
     ↓ keeps typing made during owned mirror reconciliation in both visible and inference history
     ↓ does not publish owned persistent rows after history changes during storage
     ↓ does not publish owned persistent rows after stream changes during storage
     ↓ does not publish owned persistent rows after account changes during storage
     ↓ preserves typing during settings sync before mirror reconciliation begins
     × keeps five server rows at five after reconciling two locally saved pairs 219ms

⎯⎯⎯⎯⎯⎯⎯ Failed Tests 1 ⎯⎯⎯⎯⎯⎯⎯

 FAIL  src/hooks/__tests__/useServerChatLoader.mirror.integration.test.tsx > UAT103 actual loader with ordinary saved-turn mirror shape > keeps five server rows at five after reconciling two locally saved pairs
AssertionError: expected [ { …(37) }, …(6) ] to have a length of 5 but got 7

- Expected
+ Received

- 5
+ 7

 ❯ src/hooks/__tests__/useServerChatLoader.mirror.integration.test.tsx:187:18
    164|     view.unmount()
    165|   })
    166| })
       |   ^
    167| 

⎯⎯⎯⎯⎯⎯⎯⎯⎯⎯⎯⎯⎯⎯⎯⎯⎯⎯⎯⎯⎯⎯⎯⎯[1/1]⎯


 Test Files  1 failed (1)
      Tests  1 failed | 10 skipped (11)
   Start at  17:46:10
   Duration  1.81s (transform 665ms, setup 168ms, import 811ms, tests 220ms, environment 509ms)

