============================= test session starts ==============================
platform darwin -- Python 3.11.13, pytest-8.4.1, pluggy-1.6.0
benchmark: 5.2.3 (defaults: timer=time.perf_counter disable_gc=False min_rounds=5 min_time=0.000005 max_time=1.0 calibration_precision=10 warmup=False warmup_iterations=100000)
Using --randomly-seed=2115534295
rootdir: /Users/macbook-dev/Documents/GitHub/tldw_server2
configfile: pyproject.toml
plugins: anyio-4.12.1, benchmark-5.2.3, locust-2.43.3, asyncio-1.1.0, xdist-3.8.0, split-0.11.0, timeout-2.4.0, randomly-4.1.0, hypothesis-6.138.2, cov-6.2.1, mock-3.14.1
asyncio: mode=Mode.AUTO, asyncio_default_fixture_loop_scope=function, asyncio_default_test_loop_scope=function
timeout: 300.0s
timeout method: thread
timeout func_only: False
collected 12 items

tldw_Server_API/tests/AuthNZ_Unit/test_prompts_canonical_auth_mode.py .. [ 16%]
F.F.F.F.F.                                                               [100%]

=================================== FAILURES ===================================
__________ test_canonical_multi_collections_remain_owner_scoped[True] __________
tldw_Server_API/tests/AuthNZ_Unit/test_prompts_canonical_auth_mode.py:63: in test_canonical_multi_collections_remain_owner_scoped
    assert created.status_code == 200, created.text
E   AssertionError: {"detail":"Invalid authentication token"}
E   assert 401 == 200
E    +  where 401 = <Response [401 Unauthorized]>.status_code
---------------------------- Captured stderr setup -----------------------------
2026-09-16 02:43:43.009 | WARNING  | tldw_Server_API.app.core.AuthNZ.settings:validate_database_url:1281 - Using SQLite in multi-user mode is not recommended. Consider using PostgreSQL for better concurrency.
2026-09-16 02:43:43.010 | INFO     | tldw_Server_API.app.core.AuthNZ.settings:_ensure_jwt_secret:932 - Using configured JWT secret key
--------------------------- Captured stderr teardown ---------------------------
2026-09-16 02:43:43.076 | INFO     | tldw_Server_API.app.api.v1.API_Deps.Prompts_DB_Deps:close_all_cached_prompts_db_instances:443 - Closing all cached PromptsDatabase instances (0)...
2026-09-16 02:43:43.077 | INFO     | tldw_Server_API.app.api.v1.API_Deps.Prompts_DB_Deps:close_all_cached_prompts_db_instances:455 - All PromptsDatabase instances cleared from cache and locks removed.
2026-09-16 02:43:43.078 | INFO     | tldw_Server_API.app.api.v1.API_Deps.ChaCha_Notes_DB_Deps:close_all_chacha_db_instances:862 - Closing all cached ChaChaNotesDB instances (0)...
2026-09-16 02:43:43.078 | INFO     | tldw_Server_API.app.api.v1.API_Deps.ChaCha_Notes_DB_Deps:close_all_chacha_db_instances:878 - All ChaChaNotesDB instances closed and cache cleared.
2026-09-16 02:43:43.079 | INFO     | tldw_Server_API.app.api.v1.API_Deps.ChaCha_Notes_DB_Deps:close_all_chacha_db_instances:862 - Closing all cached ChaChaNotesDB instances (0)...
2026-09-16 02:43:43.079 | INFO     | tldw_Server_API.app.api.v1.API_Deps.ChaCha_Notes_DB_Deps:close_all_chacha_db_instances:878 - All ChaChaNotesDB instances closed and cache cleared.
2026-09-16 02:43:43.079 | INFO     | tldw_Server_API.app.core.config:_buffered_log:210 - Determined ACTUAL_PROJECT_ROOT for database paths: /Users/macbook-dev/Documents/GitHub/tldw_server2
2026-09-16 02:43:43.080 | INFO     | tldw_Server_API.app.core.config:_buffered_log:210 - Early loading environment variables from: /Users/macbook-dev/Documents/GitHub/tldw_server2/tldw_Server_API/Config_Files/.env
2026-09-16 02:43:43.085 | INFO     | tldw_Server_API.app.core.config:_buffered_log:210 - Early loading environment variables from: /Users/macbook-dev/Documents/GitHub/tldw_server2/tldw_Server_API/Config_Files/.ENV
2026-09-16 02:43:43.089 | DEBUG    | tldw_Server_API.app.core.config:_buffered_log:210 - load_and_log_configs(): Loading and logging configurations...
2026-09-16 02:43:43.090 | INFO     | tldw_Server_API.app.core.config:_buffered_log:210 - Loading environment variables from: /Users/macbook-dev/Documents/GitHub/tldw_server2/tldw_Server_API/Config_Files/.env
2026-09-16 02:43:43.094 | INFO     | tldw_Server_API.app.core.config:_buffered_log:210 - Loading environment variables from: /Users/macbook-dev/Documents/GitHub/tldw_server2/tldw_Server_API/Config_Files/.ENV
2026-09-16 02:43:43.098 | INFO     | tldw_Server_API.app.core.config:_buffered_log:210 - Attempting to load comprehensive config from: /Users/macbook-dev/Documents/GitHub/tldw_server2/tldw_Server_API/Config_Files/config.txt
2026-09-16 02:43:43.101 | INFO     | tldw_Server_API.app.core.config:_buffered_log:210 - load_comprehensive_config(): Sections found in config: ['Setup', 'UI', 'Server', 'Files', 'Image-Generation', 'ACP', 'WORKSPACES', 'ACP-WORKSPACE', 'ACP-SANDBOX', 'Audit', 'Processing', 'Media-Processing', 'Chat-Dictionaries', 'Chat-Module', 'Chat-Commands', 'Chat-Templating', 'Character-Chat', 'Settings', 'Auto-Save', 'Prompts', 'Database', 'Chunking', 'Visual-RAG', 'AuthNZ', 'Streaming', 'HTTP', 'Egress', 'Embeddings', 'Claims', 'ClaimsMonitoring', 'RAG', 'Search-Agent', 'ResourceGovernor', 'Jobs', 'SlidesStandaloneHtml', 'Diarization', 'API', 'MLX', 'Local-API', 'LlamaCpp', 'STT-Settings', 'external_providers', 'TTS-Settings', 'VibeVoice', 'Audio-Quota', 'API-Routes', 'Search-Engines', 'Web-Scraper', 'Logging', 'Moderation', 'Redis', 'Web-Scraping', 'personalization', 'persona', 'persona.rbac']
2026-09-16 02:43:43.103 | INFO     | tldw_Server_API.app.core.config:_buffered_log:210 - Ensured main SQLite database directory exists: /Users/macbook-dev/Documents/GitHub/tldw_server2/Databases
2026-09-16 02:43:43.104 | INFO     | tldw_Server_API.app.core.config:_buffered_log:210 - Ensured user data base directory exists: Databases/user_databases
_____ test_canonical_settings_failure_cannot_authorize_legacy_single_admin _____
tldw_Server_API/tests/AuthNZ_Unit/test_prompts_canonical_auth_mode.py:112: in test_canonical_settings_failure_cannot_authorize_legacy_single_admin
    assert response.status_code == 500
E   assert 200 == 500
E    +  where 200 = <Response [200 OK]>.status_code
---------------------------- Captured stderr setup -----------------------------
2026-09-16 02:43:43.165 | WARNING  | tldw_Server_API.app.core.AuthNZ.settings:validate_database_url:1281 - Using SQLite in multi-user mode is not recommended. Consider using PostgreSQL for better concurrency.
2026-09-16 02:43:43.165 | INFO     | tldw_Server_API.app.core.AuthNZ.settings:_ensure_jwt_secret:932 - Using configured JWT secret key
----------------------------- Captured stderr call -----------------------------
2026-09-16 02:43:43.191 | INFO     | tldw_Server_API.app.core.DB_Management.Prompts_DB:__init__:321 - Initializing PromptsDatabase object for path: /private/var/folders/sn/m80n2j152t9gw3w8qwk2nykh0000gn/T/pytest-of-macbook-dev/pytest-12003/test_canonical_settings_failur0/2-6bfcda993d4141c5ac7b8dd43edeafe5.sqlite [Client ID: SERVER_API_V1]
2026-09-16 02:43:43.191 | DEBUG    | tldw_Server_API.app.core.DB_Management.Prompts_DB:_get_thread_connection:401 - Opened/Reopened SQLite connection to /private/var/folders/sn/m80n2j152t9gw3w8qwk2nykh0000gn/T/pytest-of-macbook-dev/pytest-12003/test_canonical_settings_failur0/2-6bfcda993d4141c5ac7b8dd43edeafe5.sqlite [Client: SERVER_API_V1, Thread: asyncio_0]
2026-09-16 02:43:43.192 | INFO     | tldw_Server_API.app.core.DB_Management.Prompts_DB:_initialize_schema:953 - Checking DB schema. Current: 0, Code supports: 6
2026-09-16 02:43:43.192 | INFO     | tldw_Server_API.app.core.DB_Management.Prompts_DB:_apply_schema_v1:772 - Applying initial schema (Version 1) to DB: /private/var/folders/sn/m80n2j152t9gw3w8qwk2nykh0000gn/T/pytest-of-macbook-dev/pytest-12003/test_canonical_settings_failur0/2-6bfcda993d4141c5ac7b8dd43edeafe5.sqlite...
2026-09-16 02:43:43.193 | DEBUG    | tldw_Server_API.app.core.DB_Management.Prompts_DB:transaction:544 - Started transaction.
2026-09-16 02:43:43.193 | DEBUG    | tldw_Server_API.app.core.DB_Management.Prompts_DB:_apply_schema_v1:781 - [Schema V1] Applying Core Schema + Version Update...
2026-09-16 02:43:43.195 | DEBUG    | tldw_Server_API.app.core.DB_Management.Prompts_DB:_apply_schema_v1:783 - [Schema V1] Core Schema script (incl. version update) executed.
2026-09-16 02:43:43.195 | DEBUG    | tldw_Server_API.app.core.DB_Management.Prompts_DB:_apply_schema_v1:805 - [Schema V1] Prompts table structure validated.
2026-09-16 02:43:43.196 | DEBUG    | tldw_Server_API.app.core.DB_Management.Prompts_DB:transaction:548 - Committed transaction.
2026-09-16 02:43:43.196 | INFO     | tldw_Server_API.app.core.DB_Management.Prompts_DB:_apply_schema_v1:810 - [Schema V1] Core Schema V1 applied and committed for DB: /private/var/folders/sn/m80n2j152t9gw3w8qwk2nykh0000gn/T/pytest-of-macbook-dev/pytest-12003/test_canonical_settings_failur0/2-6bfcda993d4141c5ac7b8dd43edeafe5.sqlite.
2026-09-16 02:43:43.196 | DEBUG    | tldw_Server_API.app.core.DB_Management.Prompts_DB:_apply_schema_v1:812 - [Schema V1] Applying FTS Tables...
2026-09-16 02:43:43.197 | INFO     | tldw_Server_API.app.core.DB_Management.Prompts_DB:_apply_schema_v1:815 - [Schema V1] FTS Tables created successfully.
2026-09-16 02:43:43.197 | INFO     | tldw_Server_API.app.core.DB_Management.Prompts_DB:_apply_schema_v2:824 - Applying schema migration (Version 2) to DB: /private/var/folders/sn/m80n2j152t9gw3w8qwk2nykh0000gn/T/pytest-of-macbook-dev/pytest-12003/test_canonical_settings_failur0/2-6bfcda993d4141c5ac7b8dd43edeafe5.sqlite...
2026-09-16 02:43:43.198 | DEBUG    | tldw_Server_API.app.core.DB_Management.Prompts_DB:transaction:544 - Started transaction.
2026-09-16 02:43:43.198 | DEBUG    | tldw_Server_API.app.core.DB_Management.Prompts_DB:transaction:548 - Committed transaction.
2026-09-16 02:43:43.199 | INFO     | tldw_Server_API.app.core.DB_Management.Prompts_DB:_apply_schema_v2:840 - [Schema V2] Collection tables applied and committed for DB: /private/var/folders/sn/m80n2j152t9gw3w8qwk2nykh0000gn/T/pytest-of-macbook-dev/pytest-12003/test_canonical_settings_failur0/2-6bfcda993d4141c5ac7b8dd43edeafe5.sqlite.
2026-09-16 02:43:43.199 | INFO     | tldw_Server_API.app.core.DB_Management.Prompts_DB:_apply_schema_v3:846 - Applying schema migration (Version 3) to DB: /private/var/folders/sn/m80n2j152t9gw3w8qwk2nykh0000gn/T/pytest-of-macbook-dev/pytest-12003/test_canonical_settings_failur0/2-6bfcda993d4141c5ac7b8dd43edeafe5.sqlite...
2026-09-16 02:43:43.200 | DEBUG    | tldw_Server_API.app.core.DB_Management.Prompts_DB:transaction:544 - Started transaction.
2026-09-16 02:43:43.200 | DEBUG    | tldw_Server_API.app.core.DB_Management.Prompts_DB:transaction:548 - Committed transaction.
2026-09-16 02:43:43.200 | INFO     | tldw_Server_API.app.core.DB_Management.Prompts_DB:_apply_schema_v3:878 - [Schema V3] Usage tracking fields applied for DB: /private/var/folders/sn/m80n2j152t9gw3w8qwk2nykh0000gn/T/pytest-of-macbook-dev/pytest-12003/test_canonical_settings_failur0/2-6bfcda993d4141c5ac7b8dd43edeafe5.sqlite.
2026-09-16 02:43:43.201 | INFO     | tldw_Server_API.app.core.DB_Management.Prompts_DB:_apply_schema_v4:884 - Applying schema migration (Version 4) to DB: /private/var/folders/sn/m80n2j152t9gw3w8qwk2nykh0000gn/T/pytest-of-macbook-dev/pytest-12003/test_canonical_settings_failur0/2-6bfcda993d4141c5ac7b8dd43edeafe5.sqlite...
2026-09-16 02:43:43.201 | DEBUG    | tldw_Server_API.app.core.DB_Management.Prompts_DB:transaction:544 - Started transaction.
2026-09-16 02:43:43.202 | DEBUG    | tldw_Server_API.app.core.DB_Management.Prompts_DB:transaction:548 - Committed transaction.
2026-09-16 02:43:43.203 | INFO     | tldw_Server_API.app.core.DB_Management.Prompts_DB:_apply_schema_v4:912 - [Schema V4] Structured prompt fields applied for DB: /private/var/folders/sn/m80n2j152t9gw3w8qwk2nykh0000gn/T/pytest-of-macbook-dev/pytest-12003/test_canonical_settings_failur0/2-6bfcda993d4141c5ac7b8dd43edeafe5.sqlite.
2026-09-16 02:43:43.203 | INFO     | tldw_Server_API.app.core.DB_Management.Prompts_DB:_apply_schema_v5:918 - Applying schema migration (Version 5) to DB: /private/var/folders/sn/m80n2j152t9gw3w8qwk2nykh0000gn/T/pytest-of-macbook-dev/pytest-12003/test_canonical_settings_failur0/2-6bfcda993d4141c5ac7b8dd43edeafe5.sqlite...
2026-09-16 02:43:43.203 | DEBUG    | tldw_Server_API.app.core.DB_Management.Prompts_DB:transaction:544 - Started transaction.
2026-09-16 02:43:43.204 | DEBUG    | tldw_Server_API.app.core.DB_Management.Prompts_DB:transaction:548 - Committed transaction.
2026-09-16 02:43:43.204 | INFO     | tldw_Server_API.app.core.DB_Management.Prompts_DB:_apply_schema_v5:927 - [Schema V5] Prompt FTS index rebuilt for DB: /private/var/folders/sn/m80n2j152t9gw3w8qwk2nykh0000gn/T/pytest-of-macbook-dev/pytest-12003/test_canonical_settings_failur0/2-6bfcda993d4141c5ac7b8dd43edeafe5.sqlite.
2026-09-16 02:43:43.205 | INFO     | tldw_Server_API.app.core.DB_Management.Prompts_DB:_apply_schema_v6:933 - Applying schema migration (Version 6)...
2026-09-16 02:43:43.205 | DEBUG    | tldw_Server_API.app.core.DB_Management.Prompts_DB:transaction:544 - Started transaction.
2026-09-16 02:43:43.205 | DEBUG    | tldw_Server_API.app.core.DB_Management.Prompts_DB:transaction:548 - Committed transaction.
2026-09-16 02:43:43.206 | INFO     | tldw_Server_API.app.core.DB_Management.Prompts_DB:_apply_schema_v6:943 - [Schema V6] Service Prompt overrides applied.
2026-09-16 02:43:43.206 | INFO     | tldw_Server_API.app.core.DB_Management.Prompts_DB:_initialize_schema:993 - Database schema initialized/migrated to version 6.
2026-09-16 02:43:43.206 | DEBUG    | tldw_Server_API.app.core.DB_Management.Prompts_DB:_initialize_schema:997 - Verified FTS tables exist.
2026-09-16 02:43:43.207 | DEBUG    | tldw_Server_API.app.core.DB_Management.Prompts_DB:__init__:351 - PromptsDatabase initialization completed successfully for /private/var/folders/sn/m80n2j152t9gw3w8qwk2nykh0000gn/T/pytest-of-macbook-dev/pytest-12003/test_canonical_settings_failur0/2-6bfcda993d4141c5ac7b8dd43edeafe5.sqlite
2026-09-16 02:43:43.208 | DEBUG    | tldw_Server_API.app.core.DB_Management.Prompts_DB:close_connection:418 - Closed connection for thread asyncio_0.
2026-09-16 02:43:43.208 | INFO     | tldw_Server_API.app.api.v1.API_Deps.Prompts_DB_Deps:get_prompts_db_for_user:371 - Initializing PromptsDatabase instance for user 2 at path: /private/var/folders/sn/m80n2j152t9gw3w8qwk2nykh0000gn/T/pytest-of-macbook-dev/pytest-12003/test_canonical_settings_failur0/2-6bfcda993d4141c5ac7b8dd43edeafe5.sqlite
2026-09-16 02:43:43.208 | INFO     | tldw_Server_API.app.api.v1.API_Deps.Prompts_DB_Deps:get_prompts_db_for_user:381 - PromptsDatabase instance created and cached for user 2 (salt=6bfcda993d4141c5ac7b8dd43edeafe5) at /private/var/folders/sn/m80n2j152t9gw3w8qwk2nykh0000gn/T/pytest-of-macbook-dev/pytest-12003/test_canonical_settings_failur0/2-6bfcda993d4141c5ac7b8dd43edeafe5.sqlite
2026-09-16 02:43:43.209 | DEBUG    | tldw_Server_API.app.core.DB_Management.Prompts_DB:_get_thread_connection:401 - Opened/Reopened SQLite connection to /private/var/folders/sn/m80n2j152t9gw3w8qwk2nykh0000gn/T/pytest-of-macbook-dev/pytest-12003/test_canonical_settings_failur0/2-6bfcda993d4141c5ac7b8dd43edeafe5.sqlite [Client: SERVER_API_V1, Thread: MainThread]
2026-09-16 02:43:43.210 | DEBUG    | tldw_Server_API.app.core.DB_Management.Prompts_DB:execute_query:494 - Executing Query: 
                SELECT id, name, description
                FROM PromptCollections
                ORDER BY updated_at DESC, id DESC
                LIMIT ? OFFSET ?
                ... Params: (200, 0)...
2026-09-16 02:43:43.210 | DEBUG    | tldw_Server_API.app.core.DB_Management.Prompts_DB:execute_query:494 - Executing Query: 
                SELECT COUNT(*) AS total
                FROM PromptCollections
                ... Params: None...
--------------------------- Captured stderr teardown ---------------------------
2026-09-16 02:43:43.213 | INFO     | tldw_Server_API.app.api.v1.API_Deps.Prompts_DB_Deps:close_all_cached_prompts_db_instances:443 - Closing all cached PromptsDatabase instances (1)...
2026-09-16 02:43:43.214 | INFO     | tldw_Server_API.app.api.v1.API_Deps.Prompts_DB_Deps:close_all_cached_prompts_db_instances:447 - Closed PromptsDatabase connection for cache_key (2, '6bfcda993d4141c5ac7b8dd43edeafe5').
2026-09-16 02:43:43.214 | INFO     | tldw_Server_API.app.api.v1.API_Deps.Prompts_DB_Deps:close_all_cached_prompts_db_instances:455 - All PromptsDatabase instances cleared from cache and locks removed.
2026-09-16 02:43:43.215 | INFO     | tldw_Server_API.app.api.v1.API_Deps.ChaCha_Notes_DB_Deps:close_all_chacha_db_instances:862 - Closing all cached ChaChaNotesDB instances (0)...
2026-09-16 02:43:43.216 | INFO     | tldw_Server_API.app.api.v1.API_Deps.ChaCha_Notes_DB_Deps:close_all_chacha_db_instances:878 - All ChaChaNotesDB instances closed and cache cleared.
2026-09-16 02:43:43.216 | INFO     | tldw_Server_API.app.api.v1.API_Deps.ChaCha_Notes_DB_Deps:close_all_chacha_db_instances:862 - Closing all cached ChaChaNotesDB instances (0)...
2026-09-16 02:43:43.217 | INFO     | tldw_Server_API.app.api.v1.API_Deps.ChaCha_Notes_DB_Deps:close_all_chacha_db_instances:878 - All ChaChaNotesDB instances closed and cache cleared.
2026-09-16 02:43:43.217 | INFO     | tldw_Server_API.app.core.config:_buffered_log:210 - Determined ACTUAL_PROJECT_ROOT for database paths: /Users/macbook-dev/Documents/GitHub/tldw_server2
2026-09-16 02:43:43.218 | INFO     | tldw_Server_API.app.core.config:_buffered_log:210 - Early loading environment variables from: /Users/macbook-dev/Documents/GitHub/tldw_server2/tldw_Server_API/Config_Files/.env
2026-09-16 02:43:43.222 | INFO     | tldw_Server_API.app.core.config:_buffered_log:210 - Early loading environment variables from: /Users/macbook-dev/Documents/GitHub/tldw_server2/tldw_Server_API/Config_Files/.ENV
2026-09-16 02:43:43.227 | DEBUG    | tldw_Server_API.app.core.config:_buffered_log:210 - load_and_log_configs(): Loading and logging configurations...
2026-09-16 02:43:43.228 | INFO     | tldw_Server_API.app.core.config:_buffered_log:210 - Loading environment variables from: /Users/macbook-dev/Documents/GitHub/tldw_server2/tldw_Server_API/Config_Files/.env
2026-09-16 02:43:43.232 | INFO     | tldw_Server_API.app.core.config:_buffered_log:210 - Loading environment variables from: /Users/macbook-dev/Documents/GitHub/tldw_server2/tldw_Server_API/Config_Files/.ENV
2026-09-16 02:43:43.237 | INFO     | tldw_Server_API.app.core.config:_buffered_log:210 - Attempting to load comprehensive config from: /Users/macbook-dev/Documents/GitHub/tldw_server2/tldw_Server_API/Config_Files/config.txt
2026-09-16 02:43:43.239 | INFO     | tldw_Server_API.app.core.config:_buffered_log:210 - load_comprehensive_config(): Sections found in config: ['Setup', 'UI', 'Server', 'Files', 'Image-Generation', 'ACP', 'WORKSPACES', 'ACP-WORKSPACE', 'ACP-SANDBOX', 'Audit', 'Processing', 'Media-Processing', 'Chat-Dictionaries', 'Chat-Module', 'Chat-Commands', 'Chat-Templating', 'Character-Chat', 'Settings', 'Auto-Save', 'Prompts', 'Database', 'Chunking', 'Visual-RAG', 'AuthNZ', 'Streaming', 'HTTP', 'Egress', 'Embeddings', 'Claims', 'ClaimsMonitoring', 'RAG', 'Search-Agent', 'ResourceGovernor', 'Jobs', 'SlidesStandaloneHtml', 'Diarization', 'API', 'MLX', 'Local-API', 'LlamaCpp', 'STT-Settings', 'external_providers', 'TTS-Settings', 'VibeVoice', 'Audio-Quota', 'API-Routes', 'Search-Engines', 'Web-Scraper', 'Logging', 'Moderation', 'Redis', 'Web-Scraping', 'personalization', 'persona', 'persona.rbac']
2026-09-16 02:43:43.242 | INFO     | tldw_Server_API.app.core.config:_buffered_log:210 - Ensured main SQLite database directory exists: /Users/macbook-dev/Documents/GitHub/tldw_server2/Databases
2026-09-16 02:43:43.242 | INFO     | tldw_Server_API.app.core.config:_buffered_log:210 - Ensured user data base directory exists: Databases/user_databases
___ test_multi_credentials_delegate_without_single_user_bypass[headers3-200] ___
tldw_Server_API/tests/AuthNZ_Unit/test_prompts_canonical_auth_mode.py:80: in test_multi_credentials_delegate_without_single_user_bypass
    assert response.status_code == expected
E   assert 401 == 200
E    +  where 401 = <Response [401 Unauthorized]>.status_code
---------------------------- Captured stderr setup -----------------------------
2026-09-16 02:43:43.298 | WARNING  | tldw_Server_API.app.core.AuthNZ.settings:validate_database_url:1281 - Using SQLite in multi-user mode is not recommended. Consider using PostgreSQL for better concurrency.
2026-09-16 02:43:43.299 | INFO     | tldw_Server_API.app.core.AuthNZ.settings:_ensure_jwt_secret:932 - Using configured JWT secret key
--------------------------- Captured stderr teardown ---------------------------
2026-09-16 02:43:43.370 | INFO     | tldw_Server_API.app.api.v1.API_Deps.Prompts_DB_Deps:close_all_cached_prompts_db_instances:443 - Closing all cached PromptsDatabase instances (0)...
2026-09-16 02:43:43.371 | INFO     | tldw_Server_API.app.api.v1.API_Deps.Prompts_DB_Deps:close_all_cached_prompts_db_instances:455 - All PromptsDatabase instances cleared from cache and locks removed.
2026-09-16 02:43:43.371 | INFO     | tldw_Server_API.app.api.v1.API_Deps.ChaCha_Notes_DB_Deps:close_all_chacha_db_instances:862 - Closing all cached ChaChaNotesDB instances (0)...
2026-09-16 02:43:43.372 | INFO     | tldw_Server_API.app.api.v1.API_Deps.ChaCha_Notes_DB_Deps:close_all_chacha_db_instances:878 - All ChaChaNotesDB instances closed and cache cleared.
2026-09-16 02:43:43.372 | INFO     | tldw_Server_API.app.api.v1.API_Deps.ChaCha_Notes_DB_Deps:close_all_chacha_db_instances:862 - Closing all cached ChaChaNotesDB instances (0)...
2026-09-16 02:43:43.372 | INFO     | tldw_Server_API.app.api.v1.API_Deps.ChaCha_Notes_DB_Deps:close_all_chacha_db_instances:878 - All ChaChaNotesDB instances closed and cache cleared.
2026-09-16 02:43:43.373 | INFO     | tldw_Server_API.app.core.config:_buffered_log:210 - Determined ACTUAL_PROJECT_ROOT for database paths: /Users/macbook-dev/Documents/GitHub/tldw_server2
2026-09-16 02:43:43.373 | INFO     | tldw_Server_API.app.core.config:_buffered_log:210 - Early loading environment variables from: /Users/macbook-dev/Documents/GitHub/tldw_server2/tldw_Server_API/Config_Files/.env
2026-09-16 02:43:43.378 | INFO     | tldw_Server_API.app.core.config:_buffered_log:210 - Early loading environment variables from: /Users/macbook-dev/Documents/GitHub/tldw_server2/tldw_Server_API/Config_Files/.ENV
2026-09-16 02:43:43.382 | DEBUG    | tldw_Server_API.app.core.config:_buffered_log:210 - load_and_log_configs(): Loading and logging configurations...
2026-09-16 02:43:43.383 | INFO     | tldw_Server_API.app.core.config:_buffered_log:210 - Loading environment variables from: /Users/macbook-dev/Documents/GitHub/tldw_server2/tldw_Server_API/Config_Files/.env
2026-09-16 02:43:43.387 | INFO     | tldw_Server_API.app.core.config:_buffered_log:210 - Loading environment variables from: /Users/macbook-dev/Documents/GitHub/tldw_server2/tldw_Server_API/Config_Files/.ENV
2026-09-16 02:43:43.392 | INFO     | tldw_Server_API.app.core.config:_buffered_log:210 - Attempting to load comprehensive config from: /Users/macbook-dev/Documents/GitHub/tldw_server2/tldw_Server_API/Config_Files/config.txt
2026-09-16 02:43:43.394 | INFO     | tldw_Server_API.app.core.config:_buffered_log:210 - load_comprehensive_config(): Sections found in config: ['Setup', 'UI', 'Server', 'Files', 'Image-Generation', 'ACP', 'WORKSPACES', 'ACP-WORKSPACE', 'ACP-SANDBOX', 'Audit', 'Processing', 'Media-Processing', 'Chat-Dictionaries', 'Chat-Module', 'Chat-Commands', 'Chat-Templating', 'Character-Chat', 'Settings', 'Auto-Save', 'Prompts', 'Database', 'Chunking', 'Visual-RAG', 'AuthNZ', 'Streaming', 'HTTP', 'Egress', 'Embeddings', 'Claims', 'ClaimsMonitoring', 'RAG', 'Search-Agent', 'ResourceGovernor', 'Jobs', 'SlidesStandaloneHtml', 'Diarization', 'API', 'MLX', 'Local-API', 'LlamaCpp', 'STT-Settings', 'external_providers', 'TTS-Settings', 'VibeVoice', 'Audio-Quota', 'API-Routes', 'Search-Engines', 'Web-Scraper', 'Logging', 'Moderation', 'Redis', 'Web-Scraping', 'personalization', 'persona', 'persona.rbac']
2026-09-16 02:43:43.396 | INFO     | tldw_Server_API.app.core.config:_buffered_log:210 - Ensured main SQLite database directory exists: /Users/macbook-dev/Documents/GitHub/tldw_server2/Databases
2026-09-16 02:43:43.396 | INFO     | tldw_Server_API.app.core.config:_buffered_log:210 - Ensured user data base directory exists: Databases/user_databases
___ test_multi_credentials_delegate_without_single_user_bypass[headers4-200] ___
tldw_Server_API/tests/AuthNZ_Unit/test_prompts_canonical_auth_mode.py:80: in test_multi_credentials_delegate_without_single_user_bypass
    assert response.status_code == expected
E   assert 401 == 200
E    +  where 401 = <Response [401 Unauthorized]>.status_code
---------------------------- Captured stderr setup -----------------------------
2026-09-16 02:43:43.499 | WARNING  | tldw_Server_API.app.core.AuthNZ.settings:validate_database_url:1281 - Using SQLite in multi-user mode is not recommended. Consider using PostgreSQL for better concurrency.
2026-09-16 02:43:43.500 | INFO     | tldw_Server_API.app.core.AuthNZ.settings:_ensure_jwt_secret:932 - Using configured JWT secret key
--------------------------- Captured stderr teardown ---------------------------
2026-09-16 02:43:43.525 | INFO     | tldw_Server_API.app.api.v1.API_Deps.Prompts_DB_Deps:close_all_cached_prompts_db_instances:443 - Closing all cached PromptsDatabase instances (0)...
2026-09-16 02:43:43.525 | INFO     | tldw_Server_API.app.api.v1.API_Deps.Prompts_DB_Deps:close_all_cached_prompts_db_instances:455 - All PromptsDatabase instances cleared from cache and locks removed.
2026-09-16 02:43:43.526 | INFO     | tldw_Server_API.app.api.v1.API_Deps.ChaCha_Notes_DB_Deps:close_all_chacha_db_instances:862 - Closing all cached ChaChaNotesDB instances (0)...
2026-09-16 02:43:43.526 | INFO     | tldw_Server_API.app.api.v1.API_Deps.ChaCha_Notes_DB_Deps:close_all_chacha_db_instances:878 - All ChaChaNotesDB instances closed and cache cleared.
2026-09-16 02:43:43.527 | INFO     | tldw_Server_API.app.api.v1.API_Deps.ChaCha_Notes_DB_Deps:close_all_chacha_db_instances:862 - Closing all cached ChaChaNotesDB instances (0)...
2026-09-16 02:43:43.527 | INFO     | tldw_Server_API.app.api.v1.API_Deps.ChaCha_Notes_DB_Deps:close_all_chacha_db_instances:878 - All ChaChaNotesDB instances closed and cache cleared.
2026-09-16 02:43:43.528 | INFO     | tldw_Server_API.app.core.config:_buffered_log:210 - Determined ACTUAL_PROJECT_ROOT for database paths: /Users/macbook-dev/Documents/GitHub/tldw_server2
2026-09-16 02:43:43.528 | INFO     | tldw_Server_API.app.core.config:_buffered_log:210 - Early loading environment variables from: /Users/macbook-dev/Documents/GitHub/tldw_server2/tldw_Server_API/Config_Files/.env
2026-09-16 02:43:43.533 | INFO     | tldw_Server_API.app.core.config:_buffered_log:210 - Early loading environment variables from: /Users/macbook-dev/Documents/GitHub/tldw_server2/tldw_Server_API/Config_Files/.ENV
2026-09-16 02:43:43.538 | DEBUG    | tldw_Server_API.app.core.config:_buffered_log:210 - load_and_log_configs(): Loading and logging configurations...
2026-09-16 02:43:43.539 | INFO     | tldw_Server_API.app.core.config:_buffered_log:210 - Loading environment variables from: /Users/macbook-dev/Documents/GitHub/tldw_server2/tldw_Server_API/Config_Files/.env
2026-09-16 02:43:43.543 | INFO     | tldw_Server_API.app.core.config:_buffered_log:210 - Loading environment variables from: /Users/macbook-dev/Documents/GitHub/tldw_server2/tldw_Server_API/Config_Files/.ENV
2026-09-16 02:43:43.548 | INFO     | tldw_Server_API.app.core.config:_buffered_log:210 - Attempting to load comprehensive config from: /Users/macbook-dev/Documents/GitHub/tldw_server2/tldw_Server_API/Config_Files/config.txt
2026-09-16 02:43:43.550 | INFO     | tldw_Server_API.app.core.config:_buffered_log:210 - load_comprehensive_config(): Sections found in config: ['Setup', 'UI', 'Server', 'Files', 'Image-Generation', 'ACP', 'WORKSPACES', 'ACP-WORKSPACE', 'ACP-SANDBOX', 'Audit', 'Processing', 'Media-Processing', 'Chat-Dictionaries', 'Chat-Module', 'Chat-Commands', 'Chat-Templating', 'Character-Chat', 'Settings', 'Auto-Save', 'Prompts', 'Database', 'Chunking', 'Visual-RAG', 'AuthNZ', 'Streaming', 'HTTP', 'Egress', 'Embeddings', 'Claims', 'ClaimsMonitoring', 'RAG', 'Search-Agent', 'ResourceGovernor', 'Jobs', 'SlidesStandaloneHtml', 'Diarization', 'API', 'MLX', 'Local-API', 'LlamaCpp', 'STT-Settings', 'external_providers', 'TTS-Settings', 'VibeVoice', 'Audio-Quota', 'API-Routes', 'Search-Engines', 'Web-Scraper', 'Logging', 'Moderation', 'Redis', 'Web-Scraping', 'personalization', 'persona', 'persona.rbac']
2026-09-16 02:43:43.552 | INFO     | tldw_Server_API.app.core.config:_buffered_log:210 - Ensured main SQLite database directory exists: /Users/macbook-dev/Documents/GitHub/tldw_server2/Databases
2026-09-16 02:43:43.553 | INFO     | tldw_Server_API.app.core.config:_buffered_log:210 - Ensured user data base directory exists: Databases/user_databases
__________________ test_multi_admin_policy_stays_claim_based ___________________
tldw_Server_API/tests/AuthNZ_Unit/test_prompts_canonical_auth_mode.py:87: in test_multi_admin_policy_stays_claim_based
    assert ordinary.status_code == 403
E   assert 401 == 403
E    +  where 401 = <Response [401 Unauthorized]>.status_code
---------------------------- Captured stderr setup -----------------------------
2026-09-16 02:43:43.613 | WARNING  | tldw_Server_API.app.core.AuthNZ.settings:validate_database_url:1281 - Using SQLite in multi-user mode is not recommended. Consider using PostgreSQL for better concurrency.
2026-09-16 02:43:43.613 | INFO     | tldw_Server_API.app.core.AuthNZ.settings:_ensure_jwt_secret:932 - Using configured JWT secret key
--------------------------- Captured stderr teardown ---------------------------
2026-09-16 02:43:43.638 | INFO     | tldw_Server_API.app.api.v1.API_Deps.Prompts_DB_Deps:close_all_cached_prompts_db_instances:443 - Closing all cached PromptsDatabase instances (0)...
2026-09-16 02:43:43.638 | INFO     | tldw_Server_API.app.api.v1.API_Deps.Prompts_DB_Deps:close_all_cached_prompts_db_instances:455 - All PromptsDatabase instances cleared from cache and locks removed.
2026-09-16 02:43:43.639 | INFO     | tldw_Server_API.app.api.v1.API_Deps.ChaCha_Notes_DB_Deps:close_all_chacha_db_instances:862 - Closing all cached ChaChaNotesDB instances (0)...
2026-09-16 02:43:43.639 | INFO     | tldw_Server_API.app.api.v1.API_Deps.ChaCha_Notes_DB_Deps:close_all_chacha_db_instances:878 - All ChaChaNotesDB instances closed and cache cleared.
2026-09-16 02:43:43.640 | INFO     | tldw_Server_API.app.api.v1.API_Deps.ChaCha_Notes_DB_Deps:close_all_chacha_db_instances:862 - Closing all cached ChaChaNotesDB instances (0)...
2026-09-16 02:43:43.640 | INFO     | tldw_Server_API.app.api.v1.API_Deps.ChaCha_Notes_DB_Deps:close_all_chacha_db_instances:878 - All ChaChaNotesDB instances closed and cache cleared.
2026-09-16 02:43:43.641 | INFO     | tldw_Server_API.app.core.config:_buffered_log:210 - Determined ACTUAL_PROJECT_ROOT for database paths: /Users/macbook-dev/Documents/GitHub/tldw_server2
2026-09-16 02:43:43.642 | INFO     | tldw_Server_API.app.core.config:_buffered_log:210 - Early loading environment variables from: /Users/macbook-dev/Documents/GitHub/tldw_server2/tldw_Server_API/Config_Files/.env
2026-09-16 02:43:43.647 | INFO     | tldw_Server_API.app.core.config:_buffered_log:210 - Early loading environment variables from: /Users/macbook-dev/Documents/GitHub/tldw_server2/tldw_Server_API/Config_Files/.ENV
2026-09-16 02:43:43.651 | DEBUG    | tldw_Server_API.app.core.config:_buffered_log:210 - load_and_log_configs(): Loading and logging configurations...
2026-09-16 02:43:43.652 | INFO     | tldw_Server_API.app.core.config:_buffered_log:210 - Loading environment variables from: /Users/macbook-dev/Documents/GitHub/tldw_server2/tldw_Server_API/Config_Files/.env
2026-09-16 02:43:43.657 | INFO     | tldw_Server_API.app.core.config:_buffered_log:210 - Loading environment variables from: /Users/macbook-dev/Documents/GitHub/tldw_server2/tldw_Server_API/Config_Files/.ENV
2026-09-16 02:43:43.662 | INFO     | tldw_Server_API.app.core.config:_buffered_log:210 - Attempting to load comprehensive config from: /Users/macbook-dev/Documents/GitHub/tldw_server2/tldw_Server_API/Config_Files/config.txt
2026-09-16 02:43:43.665 | INFO     | tldw_Server_API.app.core.config:_buffered_log:210 - load_comprehensive_config(): Sections found in config: ['Setup', 'UI', 'Server', 'Files', 'Image-Generation', 'ACP', 'WORKSPACES', 'ACP-WORKSPACE', 'ACP-SANDBOX', 'Audit', 'Processing', 'Media-Processing', 'Chat-Dictionaries', 'Chat-Module', 'Chat-Commands', 'Chat-Templating', 'Character-Chat', 'Settings', 'Auto-Save', 'Prompts', 'Database', 'Chunking', 'Visual-RAG', 'AuthNZ', 'Streaming', 'HTTP', 'Egress', 'Embeddings', 'Claims', 'ClaimsMonitoring', 'RAG', 'Search-Agent', 'ResourceGovernor', 'Jobs', 'SlidesStandaloneHtml', 'Diarization', 'API', 'MLX', 'Local-API', 'LlamaCpp', 'STT-Settings', 'external_providers', 'TTS-Settings', 'VibeVoice', 'Audio-Quota', 'API-Routes', 'Search-Engines', 'Web-Scraper', 'Logging', 'Moderation', 'Redis', 'Web-Scraping', 'personalization', 'persona', 'persona.rbac']
2026-09-16 02:43:43.668 | INFO     | tldw_Server_API.app.core.config:_buffered_log:210 - Ensured main SQLite database directory exists: /Users/macbook-dev/Documents/GitHub/tldw_server2/Databases
2026-09-16 02:43:43.668 | INFO     | tldw_Server_API.app.core.config:_buffered_log:210 - Ensured user data base directory exists: Databases/user_databases2026-09-16 02:43:43.752 | INFO     | tldw_Server_API.app.api.v1.API_Deps.Audit_DB_Deps:<module>:532 - Using cachetools.LRUCache for audit service instances (maxsize=20).
2026-09-16 02:43:43.753 | INFO     | tldw_Server_API.app.api.v1.API_Deps.Audit_DB_Deps:shutdown_all_audit_services:1034 - Shutting down audit services for 0 instances...
2026-09-16 02:43:43.753 | INFO     | tldw_Server_API.app.api.v1.API_Deps.Audit_DB_Deps:shutdown_all_audit_services:1091 - All audit services shut down successfully.
2026-09-16 02:43:43.765 | DEBUG    | tldw_Server_API.app.core.AuthNZ.settings:_ensure_jwt_secret:899 - Single-user mode - skipping JWT secret initialization
2026-09-16 02:43:43.765 | WARNING  | tldw_Server_API.app.core.AuthNZ.settings:_validate_api_key:1013 - SINGLE_USER_API_KEY uses a legacy format; generate a new server-generated key for improved security.
2026-09-16 02:43:43.766 | INFO     | tldw_Server_API.app.core.AuthNZ.settings:get_settings:1588 - Settings initialized - Auth mode: single_user, profile=local-single-user
2026-09-16 02:43:43.766 | INFO     | tldw_Server_API.app.core.AuthNZ.db_config:_detect_backend:83 - Detected database backend: sqlite
2026-09-16 02:43:43.903 | DEBUG    | tldw_Server_API.app.core.Scheduler.base.registry:decorator:81 - Registered task handler: watchlist_run
2026-09-16 02:43:43.903 | DEBUG    | tldw_Server_API.app.core.Scheduler.base.registry:decorator:81 - Registered task handler: watchlists_enrich_output
2026-09-16 02:43:43.904 | DEBUG    | tldw_Server_API.app.core.Scheduler.base.registry:decorator:81 - Registered task handler: watchlists_deliver_briefing
2026-09-16 02:43:43.905 | DEBUG    | tldw_Server_API.app.core.Scheduler.base.registry:decorator:81 - Registered task handler: acp_run
2026-09-16 02:43:43.906 | DEBUG    | tldw_Server_API.app.core.Scheduler.base.registry:decorator:81 - Registered task handler: workflow_run
2026-09-16 02:43:43.906 | WARNING  | tldw_Server_API.app.core.DB_Management.db_path_utils:resolve_user_db_base_dir:491 - USER_DB_BASE_DIR not configured in tests, using isolated fallback: /private/var/folders/sn/m80n2j152t9gw3w8qwk2nykh0000gn/T/tldw_user_databases_test/default-9856ae92
2026-09-16 02:43:43.907 | DEBUG    | tldw_Server_API.app.core.DB_Management.backends.factory:_get_or_create_shared_sqlite_backend:325 - Creating sqlite backend for /private/var/folders/sn/m80n2j152t9gw3w8qwk2nykh0000gn/T/tldw_user_databases_test/default-9856ae92/1/workflows/workflows_scheduler.db
2026-09-16 02:43:43.908 | INFO     | tldw_Server_API.app.core.DB_Management.Workflows_Scheduler_DB:__init__:210 - WorkflowsSchedulerDB using SQLite path: /private/var/folders/sn/m80n2j152t9gw3w8qwk2nykh0000gn/T/tldw_user_databases_test/default-9856ae92/1/workflows/workflows_scheduler.db
2026-09-16 02:43:43.909 | INFO     | tldw_Server_API.app.services.workflows_scheduler:stop:183 - Workflows recurring scheduler stopped
2026-09-16 02:43:43.909 | INFO     | tldw_Server_API.app.api.v1.API_Deps.ChaCha_Notes_DB_Deps:close_all_chacha_db_instances:862 - Closing all cached ChaChaNotesDB instances (0)...
2026-09-16 02:43:43.910 | INFO     | tldw_Server_API.app.api.v1.API_Deps.ChaCha_Notes_DB_Deps:close_all_chacha_db_instances:878 - All ChaChaNotesDB instances closed and cache cleared.
2026-09-16 02:43:43.911 | INFO     | tldw_Server_API.app.api.v1.API_Deps.DB_Deps:<module>:57 - Using LRUCache for user DB instances (maxsize=100).
2026-09-16 02:43:44.059 | DEBUG    | tldw_Server_API.app.core.Metrics.metrics_manager:register_metric:1885 - Registered metric: chunker_cache_get_total
2026-09-16 02:43:44.059 | DEBUG    | tldw_Server_API.app.core.Metrics.metrics_manager:register_metric:1885 - Registered metric: chunker_cache_put_total
2026-09-16 02:43:44.059 | DEBUG    | tldw_Server_API.app.core.Metrics.metrics_manager:register_metric:1885 - Registered metric: chunker_process_total
2026-09-16 02:43:44.060 | DEBUG    | tldw_Server_API.app.core.Metrics.metrics_manager:register_metric:1885 - Registered metric: chunker_frontmatter_duration_seconds
2026-09-16 02:43:44.060 | DEBUG    | tldw_Server_API.app.core.Metrics.metrics_manager:register_metric:1885 - Registered metric: chunker_header_extract_seconds
2026-09-16 02:43:44.061 | DEBUG    | tldw_Server_API.app.core.Metrics.metrics_manager:register_metric:1885 - Registered metric: chunker_chunking_duration_seconds
2026-09-16 02:43:44.061 | DEBUG    | tldw_Server_API.app.core.Metrics.metrics_manager:register_metric:1885 - Registered metric: chunker_normalization_seconds
2026-09-16 02:43:44.062 | DEBUG    | tldw_Server_API.app.core.Metrics.metrics_manager:register_metric:1885 - Registered metric: chunker_last_chunk_count
2026-09-16 02:43:44.062 | DEBUG    | tldw_Server_API.app.core.Metrics.metrics_manager:register_metric:1885 - Registered metric: chunker_output_bytes
2026-09-16 02:43:44.062 | DEBUG    | tldw_Server_API.app.core.Metrics.metrics_manager:register_metric:1885 - Registered metric: chunker_input_bytes
2026-09-16 02:43:44.063 | DEBUG    | tldw_Server_API.app.core.Metrics.metrics_manager:register_metric:1885 - Registered metric: chunker_process_total_seconds
2026-09-16 02:43:44.063 | DEBUG    | tldw_Server_API.app.core.config:_buffered_log:210 - load_and_log_configs(): Loading and logging configurations...
2026-09-16 02:43:44.065 | DEBUG    | tldw_Server_API.app.core.config:_buffered_log:210 - load_and_log_configs(): Loading and logging configurations...

=========================== short test summary info ============================
FAILED tldw_Server_API/tests/AuthNZ_Unit/test_prompts_canonical_auth_mode.py::test_canonical_multi_collections_remain_owner_scoped[True]
FAILED tldw_Server_API/tests/AuthNZ_Unit/test_prompts_canonical_auth_mode.py::test_canonical_settings_failure_cannot_authorize_legacy_single_admin
FAILED tldw_Server_API/tests/AuthNZ_Unit/test_prompts_canonical_auth_mode.py::test_multi_credentials_delegate_without_single_user_bypass[headers3-200]
FAILED tldw_Server_API/tests/AuthNZ_Unit/test_prompts_canonical_auth_mode.py::test_multi_credentials_delegate_without_single_user_bypass[headers4-200]
FAILED tldw_Server_API/tests/AuthNZ_Unit/test_prompts_canonical_auth_mode.py::test_multi_admin_policy_stays_claim_based
=================== 5 failed, 7 passed, 6 warnings in 1.92s ====================
/Users/macbook-dev/Documents/GitHub/tldw_server2/.venv/lib/python3.11/site-packages/_pytest/pathlib.py:96: PytestWarning: (rm_rf) error removing /private/var/folders/sn/m80n2j152t9gw3w8qwk2nykh0000gn/T/pytest-of-macbook-dev/garbage-c4db5930-30ba-4cc3-9b37-1f7aa5f15b2a/test_kokoro_constructor_direct3
<class 'OSError'>: [Errno 66] Directory not empty: 'test_kokoro_constructor_direct3'
  warnings.warn(
/Users/macbook-dev/Documents/GitHub/tldw_server2/.venv/lib/python3.11/site-packages/_pytest/pathlib.py:96: PytestWarning: (rm_rf) error removing /private/var/folders/sn/m80n2j152t9gw3w8qwk2nykh0000gn/T/pytest-of-macbook-dev/garbage-c4db5930-30ba-4cc3-9b37-1f7aa5f15b2a
<class 'OSError'>: [Errno 66] Directory not empty: '/private/var/folders/sn/m80n2j152t9gw3w8qwk2nykh0000gn/T/pytest-of-macbook-dev/garbage-c4db5930-30ba-4cc3-9b37-1f7aa5f15b2a'
  warnings.warn(
