
 RUN  v4.0.18 /Users/macbook-dev/Documents/GitHub/tldw_server2/apps/tldw-frontend

(node:73618) ExperimentalWarning: localStorage is not available because --localstorage-file was not provided.
(Use `node --trace-warnings ...` to show where the warning was created)
Browserslist: browsers data (caniuse-lite) is 8 months old. Please run:
  npx update-browserslist-db@latest
  Why you should do it regularly: https://github.com/browserslist/update-db#readme
 ❯ ../packages/ui/src/components/Flashcards/tabs/__tests__/ReviewTab.cram-completion.test.tsx (13 tests | 9 failed) 1962ms
     × formats the English Cram completion resource at count 0 13ms
     × formats the English Cram completion resource at count 1 1ms
     × formats the English Cram completion resource at count 2 0ms
     × renders singular completion with real ICU (English resource=true) 230ms
     × renders singular completion with real ICU (English resource=false) 70ms
     × completes a nonempty filtered queue after its final card (schedule=true) 108ms
     × completes a nonempty filtered queue after its final card (schedule=false) 64ms
     ✓ keeps initially empty successful tag guidance and does not invent practiced statistics 50ms
     × shows loading then failure for an exhausted cached tag queue, and completion only after successful Retry 1081ms
     × preserves pending identities through reordered tag refetch and completes with the plural count 119ms
     ✓ does not carry completion or practiced identities into a new tag scope 77ms
     ✓ does not carry completion or practiced identities into a new deck scope 75ms
     ✓ does not carry completion or practiced identities into a new account scope 72ms

⎯⎯⎯⎯⎯⎯⎯ Failed Tests 9 ⎯⎯⎯⎯⎯⎯⎯

 FAIL  ../packages/ui/src/components/Flashcards/tabs/__tests__/ReviewTab.cram-completion.test.tsx > ReviewTab cram completion > formats the English Cram completion resource at count 0
AssertionError: expected 'flashcards.reviewedThisCramSession' to be '0 cards practiced in this cram session' // Object.is equality

Expected: "0 cards practiced in this cram session"
Received: "flashcards.reviewedThisCramSession"

 ❯ ../packages/ui/src/components/Flashcards/tabs/__tests__/ReviewTab.cram-completion.test.tsx:313:76
    311|   it.each([0, 1, 2])("formats the English Cram completion resource at …
    312|     const i18n = await makeI18n()
    313|     expect(i18n.t("option:flashcards.reviewedThisCramSession", { count…
       |                                                                            ^
    314|       `${count} ${count === 1 ? "card" : "cards"} practiced in this cr…
    315|     )

⎯⎯⎯⎯⎯⎯⎯⎯⎯⎯⎯⎯⎯⎯⎯⎯⎯⎯⎯⎯⎯⎯⎯⎯[1/9]⎯

 FAIL  ../packages/ui/src/components/Flashcards/tabs/__tests__/ReviewTab.cram-completion.test.tsx > ReviewTab cram completion > formats the English Cram completion resource at count 1
AssertionError: expected 'flashcards.reviewedThisCramSession' to be '1 card practiced in this cram session' // Object.is equality

Expected: "1 card practiced in this cram session"
Received: "flashcards.reviewedThisCramSession"

 ❯ ../packages/ui/src/components/Flashcards/tabs/__tests__/ReviewTab.cram-completion.test.tsx:313:76
    311|   it.each([0, 1, 2])("formats the English Cram completion resource at …
    312|     const i18n = await makeI18n()
    313|     expect(i18n.t("option:flashcards.reviewedThisCramSession", { count…
       |                                                                            ^
    314|       `${count} ${count === 1 ? "card" : "cards"} practiced in this cr…
    315|     )

⎯⎯⎯⎯⎯⎯⎯⎯⎯⎯⎯⎯⎯⎯⎯⎯⎯⎯⎯⎯⎯⎯⎯⎯[2/9]⎯

 FAIL  ../packages/ui/src/components/Flashcards/tabs/__tests__/ReviewTab.cram-completion.test.tsx > ReviewTab cram completion > formats the English Cram completion resource at count 2
AssertionError: expected 'flashcards.reviewedThisCramSession' to be '2 cards practiced in this cram session' // Object.is equality

Expected: "2 cards practiced in this cram session"
Received: "flashcards.reviewedThisCramSession"

 ❯ ../packages/ui/src/components/Flashcards/tabs/__tests__/ReviewTab.cram-completion.test.tsx:313:76
    311|   it.each([0, 1, 2])("formats the English Cram completion resource at …
    312|     const i18n = await makeI18n()
    313|     expect(i18n.t("option:flashcards.reviewedThisCramSession", { count…
       |                                                                            ^
    314|       `${count} ${count === 1 ? "card" : "cards"} practiced in this cr…
    315|     )

⎯⎯⎯⎯⎯⎯⎯⎯⎯⎯⎯⎯⎯⎯⎯⎯⎯⎯⎯⎯⎯⎯⎯⎯[3/9]⎯

 FAIL  ../packages/ui/src/components/Flashcards/tabs/__tests__/ReviewTab.cram-completion.test.tsx > ReviewTab cram completion > renders singular completion with real ICU (English resource=true)
 FAIL  ../packages/ui/src/components/Flashcards/tabs/__tests__/ReviewTab.cram-completion.test.tsx > ReviewTab cram completion > renders singular completion with real ICU (English resource=false)
TestingLibraryElementError: Unable to find an element with the text: 1 card practiced in this cram session. This could be because the text is broken up by multiple elements. In this case, you can provide a function for your text matcher to make your matcher more flexible.

Ignored nodes: comments, script, style
[36m<body>[39m
  [36m<div>[39m
    [36m<div>[39m
      [36m<div[39m
        [33mclass[39m=[32m"mb-3 flex flex-wrap items-center gap-2 "[39m
        [33mdata-testid[39m=[32m"flashcards-review-topbar"[39m
      [36m>[39m
        [36m<div[39m
          [33mclass[39m=[32m"ant-select ant-select-outlined min-w-64 max-w-full flex-1 css-var-root ant-select-css-var css-dev-only-do-not-override-3uaqrl ant-select-single ant-select-allow-clear ant-select-show-arrow"[39m
          [33mdata-testid[39m=[32m"flashcards-review-deck-select"[39m
        [36m>[39m
          [36m<div[39m
            [33mclass[39m=[32m"ant-select-content"[39m
          [36m>[39m
            [36m<div[39m
              [33mclass[39m=[32m"ant-select-content-value"[39m
              [33mstyle[39m=[32m"visibility: visible;"[39m
              [33mtitle[39m=[32m"Biology"[39m
            [36m>[39m
              [0mBiology[0m
            [36m</div>[39m
            [36m<input[39m
              [33maria-autocomplete[39m=[32m"list"[39m
              [33maria-expanded[39m=[32m"false"[39m
              [33maria-haspopup[39m=[32m"listbox"[39m
              [33mautocomplete[39m=[32m"off"[39m
              [33mclass[39m=[32m"ant-select-input"[39m
              [33mid[39m=[32m"test-id"[39m
              [33mreadonly[39m=[32m""[39m
              [33mrole[39m=[32m"combobox"[39m
              [33mtype[39m=[32m"search"[39m
              [33mvalue[39m=[32m""[39m
            [36m/>[39m
          [36m</div>[39m
          [36m<div[39m
            [33mclass[39m=[32m"ant-select-suffix"[39m
          [36m>[39m
            [36m<span[39m
              [33maria-label[39m=[32m"down"[39m
              [33mclass[39m=[32m"anticon anticon-down"[39m
              [33mrole[39m=[32m"img"[39m
            [36m>[39m
              [36m<svg[39m
                [33maria-hidden[39m=[32m"true"[39m
                [33mdata-icon[39m=[32m"down"[39m
                [33mfill[39m=[32m"currentColor"[39m
                [33mfocusable[39m=[32m"false"[39m
                [33mheight[39m=[32m"1em"[39m
                [33mviewBox[39m=[32m"64 64 896 896"[39m
                [33mwidth[39m=[32m"1em"[39m
              [36m>[39m
                [36m<path[39m
                  [33md[39m=[32m"M884 256h-75c-5.1 0-9.9 2.5-12.9 6.6L512 654.2 227.9 262.6c-3-4.1-7.8-6.6-12.9-6.6h-75c-6.5 0-10.3 7.4-6.5 12.7l352.6 486.1c12.8 17.6 39 17.6 51.7 0l352.6-486.1c3.9-5.3.1-12.7-6.4-12.7z"[39m
                [36m/>[39m
              [36m</svg>[39m
            [36m</span>[39m
          [36m</div>[39m
          [36m<div[39m
            [33mclass[39m=[32m"ant-select-clear"[39m
          [36m>[39m
            [36m<span[39m
              [33maria-label[39m=[32m"close-circle"[39m
              [33mclass[39m=[32m"anticon anticon-close-circle"[39m
              [33mrole[39m=[32m"img"[39m
            [36m>[39m
              [36m<svg[39m
                [33maria-hidden[39m=[32m"true"[39m
                [33mdata-icon[39m=[32m"close-circle"[39m
                [33mfill[39m=[32m"currentColor"[39m
                [33mfill-rule[39m=[32m"evenodd"[39m
                [33mfocusable[39m=[32m"false"[39m
                [33mheight[39m=[32m"1em"[39m
                [33mviewBox[39m=[32m"64 64 896 896"[39m
                [33mwidth[39m=[32m"1em"[39m
              [36m>[39m
                [36m<path[39m
                  [33md[39m=[32m"M512 64c247.4 0 448 200.6 448 448S759.4 960 512 960 64 759.4 64 512 264.6 64 512 64zm127.98 274.82h-.04l-.08.06L512 466.75 384.14 338.88c-.04-.05-.06-.06-.08-.06a.12.12 0 00-.07 0c-.03 0-.05.01-.09.05l-45.02 45.02a.2.2 0 00-.05.09.12.12 0 000 .07v.02a.27.27 0 00.06.06L466.75 512 338.88 639.86c-.05.04-.06.06-.06.08a.12.12 0 000 .07c0 .03.01.05.05.09l45.02 45.02a.2.2 0 00.09.05.12.12 0 00.07 0c.02 0 .04-.01.08-.05L512 557.25l127.86 127.87c.04.04.06.05.08.05a.12.12 0 00.07 0c.03 0 .05-.01.09-.05l45.02-45.02a.2.2 0 00.05-.09.12.12 0 000-.07v-.02a.27.27 0 00-.05-.06L557.25 512l127.87-127.86c.04-.04.05-.06.05-.08a.12.12 0 000-.07c0-.03-.01-.05-.05-.09l-45.02-45.02a.2.2 0 00-.09-.05.12.12 0 00-.07 0z"[39m
                [36m/>[39m
              [36m</svg>[39m
            [36m</span>[39m
          [36m</div>[39m
        [36m</div>[39m
        [36m<div[39m
          [33maria-label[39m=[32m"segmented control"[39m
          [33maria-orientation[39m=[32m"horizontal"[39m
          [33mclass[39m=[32m"ant-segmented css-dev-only-do-not-override-3uaqrl css-var-root"[39m
          [33mdata-testid[39m=[32m"flashcards-review-mode-toggle"[39m
          [33mrole[39m=[32m"radiogroup"[39m
          [33mtabindex[39m=[32m"0"[39m
        [36m>[39m
          [36m<div[39m
            [33mclass[39m=[32m"ant-segmented-group"[39m
          [36m>[39m
            [36m<label[39m
              [33mclass[39m=[32m"ant-segmented-item"[39m
            [36m>[39m
              [36m<input[39m
                [33mchecked[39m=[32m""[39m
                [33mclass[39m=[32m"ant-segmented-item-input"[39m
                [33mname[39m=[32m"test-id"[39m
                [33mtype[39m=[32m"radio"[39m
              [36m/>[39m
              [36m<div[39m
                [33mclass[39m=[32m"ant-segmented-item-label"[39m
                [33mtitle[39m=[32m"Due only"[39m
              [36m>[39m
                [0mDue only[0m
              [36m</div>[39m
            [36m</label>[39m
            [36m<label[39m
              [33mclass[39m=[32m"ant-segmented-item ant-segmented-item-selected"[39m
            [36m>[39m
              [36m<input[39m
                [33mclass[39m=[32m"ant-segmented-item-input"[39m
                [33mname[39m=[32m"test-id"[39m
                [33mtype[39m=[32m"radio"[39m
              [36m/>[39m
              [36m<div[39m
                [33mclass[39m=[32m"ant-segmented-item-label"[39m
                [33mtitle[39m=[32m"Cram"[39m
              [36m>[39m
                [0mCram[0m
              [36m</div>[39m
            [36m</label>[39m
          [36m</div>[39m
        [36m</div>[39m
        [36m<div[39m
          [33maria-label[39m=[32m"segmented control"[39m
          [33maria-orientation[39m=[32m"horizontal"[39m
          [33mclass[39m=[32m"ant-segmented css-dev-only-do-not-override-3uaqrl css-var-root"[39m
          [33mdata-testid[39m=[32m"flashcards-review-prompt-side-toggle"[39m
          [33mrole[39m=[32m"radiogroup"[39m
          [33mtabindex[39m=[32m"0"[39m
        [36m>[39m
          [36m<div[39m
            [33mclass[39m=[32m"ant-segmented-group"[39m
          [36m>[39m
            [36m<label[39m
              [33mclass[39m=[32m"ant-segmented-item ant-segmented-item-selected"[39m
          ...
 ❯ Object.getElementError ../node_modules/.bun/@testing-library+dom@10.4.1/node_modules/@testing-library/dom/dist/config.js:37:19
 ❯ ../node_modules/.bun/@testing-library+dom@10.4.1/node_modules/@testing-library/dom/dist/query-helpers.js:76:38
 ❯ ../node_modules/.bun/@testing-library+dom@10.4.1/node_modules/@testing-library/dom/dist/query-helpers.js:52:17
 ❯ ../node_modules/.bun/@testing-library+dom@10.4.1/node_modules/@testing-library/dom/dist/query-helpers.js:95:19
 ❯ ../packages/ui/src/components/Flashcards/tabs/__tests__/ReviewTab.cram-completion.test.tsx:321:19
    319|     await mountQueue({ resources, tag: "" })
    320|     await rate("Card 1")
    321|     expect(screen.getByText("1 card practiced in this cram session")).…
       |                   ^
    322|     expect(reviewMutateAsync).not.toHaveBeenCalled()
    323|     expect(endMutateAsync).not.toHaveBeenCalled()

⎯⎯⎯⎯⎯⎯⎯⎯⎯⎯⎯⎯⎯⎯⎯⎯⎯⎯⎯⎯⎯⎯⎯⎯[4/9]⎯

 FAIL  ../packages/ui/src/components/Flashcards/tabs/__tests__/ReviewTab.cram-completion.test.tsx > ReviewTab cram completion > completes a nonempty filtered queue after its final card (schedule=true)
 FAIL  ../packages/ui/src/components/Flashcards/tabs/__tests__/ReviewTab.cram-completion.test.tsx > ReviewTab cram completion > completes a nonempty filtered queue after its final card (schedule=false)
TestingLibraryElementError: Unable to find an element with the text: Cram session complete!. This could be because the text is broken up by multiple elements. In this case, you can provide a function for your text matcher to make your matcher more flexible.

Ignored nodes: comments, script, style
[36m<body>[39m
  [36m<div>[39m
    [36m<div>[39m
      [36m<div[39m
        [33mclass[39m=[32m"mb-3 flex flex-wrap items-center gap-2 "[39m
        [33mdata-testid[39m=[32m"flashcards-review-topbar"[39m
      [36m>[39m
        [36m<div[39m
          [33mclass[39m=[32m"ant-select ant-select-outlined min-w-64 max-w-full flex-1 css-var-root ant-select-css-var css-dev-only-do-not-override-3uaqrl ant-select-single ant-select-allow-clear ant-select-show-arrow"[39m
          [33mdata-testid[39m=[32m"flashcards-review-deck-select"[39m
        [36m>[39m
          [36m<div[39m
            [33mclass[39m=[32m"ant-select-content"[39m
          [36m>[39m
            [36m<div[39m
              [33mclass[39m=[32m"ant-select-content-value"[39m
              [33mstyle[39m=[32m"visibility: visible;"[39m
              [33mtitle[39m=[32m"Biology"[39m
            [36m>[39m
              [0mBiology[0m
            [36m</div>[39m
            [36m<input[39m
              [33maria-autocomplete[39m=[32m"list"[39m
              [33maria-expanded[39m=[32m"false"[39m
              [33maria-haspopup[39m=[32m"listbox"[39m
              [33mautocomplete[39m=[32m"off"[39m
              [33mclass[39m=[32m"ant-select-input"[39m
              [33mid[39m=[32m"test-id"[39m
              [33mreadonly[39m=[32m""[39m
              [33mrole[39m=[32m"combobox"[39m
              [33mtype[39m=[32m"search"[39m
              [33mvalue[39m=[32m""[39m
            [36m/>[39m
          [36m</div>[39m
          [36m<div[39m
            [33mclass[39m=[32m"ant-select-suffix"[39m
          [36m>[39m
            [36m<span[39m
              [33maria-label[39m=[32m"down"[39m
              [33mclass[39m=[32m"anticon anticon-down"[39m
              [33mrole[39m=[32m"img"[39m
            [36m>[39m
              [36m<svg[39m
                [33maria-hidden[39m=[32m"true"[39m
                [33mdata-icon[39m=[32m"down"[39m
                [33mfill[39m=[32m"currentColor"[39m
                [33mfocusable[39m=[32m"false"[39m
                [33mheight[39m=[32m"1em"[39m
                [33mviewBox[39m=[32m"64 64 896 896"[39m
                [33mwidth[39m=[32m"1em"[39m
              [36m>[39m
                [36m<path[39m
                  [33md[39m=[32m"M884 256h-75c-5.1 0-9.9 2.5-12.9 6.6L512 654.2 227.9 262.6c-3-4.1-7.8-6.6-12.9-6.6h-75c-6.5 0-10.3 7.4-6.5 12.7l352.6 486.1c12.8 17.6 39 17.6 51.7 0l352.6-486.1c3.9-5.3.1-12.7-6.4-12.7z"[39m
                [36m/>[39m
              [36m</svg>[39m
            [36m</span>[39m
          [36m</div>[39m
          [36m<div[39m
            [33mclass[39m=[32m"ant-select-clear"[39m
          [36m>[39m
            [36m<span[39m
              [33maria-label[39m=[32m"close-circle"[39m
              [33mclass[39m=[32m"anticon anticon-close-circle"[39m
              [33mrole[39m=[32m"img"[39m
            [36m>[39m
              [36m<svg[39m
                [33maria-hidden[39m=[32m"true"[39m
                [33mdata-icon[39m=[32m"close-circle"[39m
                [33mfill[39m=[32m"currentColor"[39m
                [33mfill-rule[39m=[32m"evenodd"[39m
                [33mfocusable[39m=[32m"false"[39m
                [33mheight[39m=[32m"1em"[39m
                [33mviewBox[39m=[32m"64 64 896 896"[39m
                [33mwidth[39m=[32m"1em"[39m
              [36m>[39m
                [36m<path[39m
                  [33md[39m=[32m"M512 64c247.4 0 448 200.6 448 448S759.4 960 512 960 64 759.4 64 512 264.6 64 512 64zm127.98 274.82h-.04l-.08.06L512 466.75 384.14 338.88c-.04-.05-.06-.06-.08-.06a.12.12 0 00-.07 0c-.03 0-.05.01-.09.05l-45.02 45.02a.2.2 0 00-.05.09.12.12 0 000 .07v.02a.27.27 0 00.06.06L466.75 512 338.88 639.86c-.05.04-.06.06-.06.08a.12.12 0 000 .07c0 .03.01.05.05.09l45.02 45.02a.2.2 0 00.09.05.12.12 0 00.07 0c.02 0 .04-.01.08-.05L512 557.25l127.86 127.87c.04.04.06.05.08.05a.12.12 0 00.07 0c.03 0 .05-.01.09-.05l45.02-45.02a.2.2 0 00.05-.09.12.12 0 000-.07v-.02a.27.27 0 00-.05-.06L557.25 512l127.87-127.86c.04-.04.05-.06.05-.08a.12.12 0 000-.07c0-.03-.01-.05-.05-.09l-45.02-45.02a.2.2 0 00-.09-.05.12.12 0 00-.07 0z"[39m
                [36m/>[39m
              [36m</svg>[39m
            [36m</span>[39m
          [36m</div>[39m
        [36m</div>[39m
        [36m<div[39m
          [33maria-label[39m=[32m"segmented control"[39m
          [33maria-orientation[39m=[32m"horizontal"[39m
          [33mclass[39m=[32m"ant-segmented css-dev-only-do-not-override-3uaqrl css-var-root"[39m
          [33mdata-testid[39m=[32m"flashcards-review-mode-toggle"[39m
          [33mrole[39m=[32m"radiogroup"[39m
          [33mtabindex[39m=[32m"0"[39m
        [36m>[39m
          [36m<div[39m
            [33mclass[39m=[32m"ant-segmented-group"[39m
          [36m>[39m
            [36m<label[39m
              [33mclass[39m=[32m"ant-segmented-item"[39m
            [36m>[39m
              [36m<input[39m
                [33mchecked[39m=[32m""[39m
                [33mclass[39m=[32m"ant-segmented-item-input"[39m
                [33mname[39m=[32m"test-id"[39m
                [33mtype[39m=[32m"radio"[39m
              [36m/>[39m
              [36m<div[39m
                [33mclass[39m=[32m"ant-segmented-item-label"[39m
                [33mtitle[39m=[32m"Due only"[39m
              [36m>[39m
                [0mDue only[0m
              [36m</div>[39m
            [36m</label>[39m
            [36m<label[39m
              [33mclass[39m=[32m"ant-segmented-item ant-segmented-item-selected"[39m
            [36m>[39m
              [36m<input[39m
                [33mclass[39m=[32m"ant-segmented-item-input"[39m
                [33mname[39m=[32m"test-id"[39m
                [33mtype[39m=[32m"radio"[39m
              [36m/>[39m
              [36m<div[39m
                [33mclass[39m=[32m"ant-segmented-item-label"[39m
                [33mtitle[39m=[32m"Cram"[39m
              [36m>[39m
                [0mCram[0m
              [36m</div>[39m
            [36m</label>[39m
          [36m</div>[39m
        [36m</div>[39m
        [36m<div[39m
          [33maria-label[39m=[32m"segmented control"[39m
          [33maria-orientation[39m=[32m"horizontal"[39m
          [33mclass[39m=[32m"ant-segmented css-dev-only-do-not-override-3uaqrl css-var-root"[39m
          [33mdata-testid[39m=[32m"flashcards-review-prompt-side-toggle"[39m
          [33mrole[39m=[32m"radiogroup"[39m
          [33mtabindex[39m=[32m"0"[39m
        [36m>[39m
          [36m<div[39m
            [33mclass[39m=[32m"ant-segmented-group"[39m
          [36m>[39m
            [36m<label[39m
              [33mclass[39m=[32m"ant-segmented-item ant-segmented-item-selected"[39m
          ...
 ❯ Object.getElementError ../node_modules/.bun/@testing-library+dom@10.4.1/node_modules/@testing-library/dom/dist/config.js:37:19
 ❯ ../node_modules/.bun/@testing-library+dom@10.4.1/node_modules/@testing-library/dom/dist/query-helpers.js:76:38
 ❯ ../node_modules/.bun/@testing-library+dom@10.4.1/node_modules/@testing-library/dom/dist/query-helpers.js:52:17
 ❯ ../node_modules/.bun/@testing-library+dom@10.4.1/node_modules/@testing-library/dom/dist/query-helpers.js:95:19
 ❯ ../packages/ui/src/components/Flashcards/tabs/__tests__/ReviewTab.cram-completion.test.tsx:330:19
    328|     if (scheduled) fireEvent.click(screen.getByTestId("flashcards-revi…
    329|     await rate("Card 1")
    330|     expect(screen.getByText("Cram session complete!")).toBeInTheDocume…
       |                   ^
    331|     expect(screen.queryByText("No cards match this cram tag filter."))…
    332|     expect(screen.queryByTestId("flashcards-review-progress")).not.toB…

⎯⎯⎯⎯⎯⎯⎯⎯⎯⎯⎯⎯⎯⎯⎯⎯⎯⎯⎯⎯⎯⎯⎯⎯[5/9]⎯

 FAIL  ../packages/ui/src/components/Flashcards/tabs/__tests__/ReviewTab.cram-completion.test.tsx > ReviewTab cram completion > shows loading then failure for an exhausted cached tag queue, and completion only after successful Retry
TestingLibraryElementError: Unable to find an element with the text: Cram session complete!. This could be because the text is broken up by multiple elements. In this case, you can provide a function for your text matcher to make your matcher more flexible.

Ignored nodes: comments, script, style
[36m<body>[39m
  [36m<div>[39m
    [36m<div>[39m
      [36m<div[39m
        [33mclass[39m=[32m"mb-3 flex flex-wrap items-center gap-2 "[39m
        [33mdata-testid[39m=[32m"flashcards-review-topbar"[39m
      [36m>[39m
        [36m<div[39m
          [33mclass[39m=[32m"ant-select ant-select-outlined min-w-64 max-w-full flex-1 css-var-root ant-select-css-var css-dev-only-do-not-override-3uaqrl ant-select-single ant-select-allow-clear ant-select-show-arrow"[39m
          [33mdata-testid[39m=[32m"flashcards-review-deck-select"[39m
        [36m>[39m
          [36m<div[39m
            [33mclass[39m=[32m"ant-select-content"[39m
          [36m>[39m
            [36m<div[39m
              [33mclass[39m=[32m"ant-select-content-value"[39m
              [33mstyle[39m=[32m"visibility: visible;"[39m
              [33mtitle[39m=[32m"Biology"[39m
            [36m>[39m
              [0mBiology[0m
            [36m</div>[39m
            [36m<input[39m
              [33maria-autocomplete[39m=[32m"list"[39m
              [33maria-expanded[39m=[32m"false"[39m
              [33maria-haspopup[39m=[32m"listbox"[39m
              [33mautocomplete[39m=[32m"off"[39m
              [33mclass[39m=[32m"ant-select-input"[39m
              [33mid[39m=[32m"test-id"[39m
              [33mreadonly[39m=[32m""[39m
              [33mrole[39m=[32m"combobox"[39m
              [33mtype[39m=[32m"search"[39m
              [33mvalue[39m=[32m""[39m
            [36m/>[39m
          [36m</div>[39m
          [36m<div[39m
            [33mclass[39m=[32m"ant-select-suffix"[39m
          [36m>[39m
            [36m<span[39m
              [33maria-label[39m=[32m"down"[39m
              [33mclass[39m=[32m"anticon anticon-down"[39m
              [33mrole[39m=[32m"img"[39m
            [36m>[39m
              [36m<svg[39m
                [33maria-hidden[39m=[32m"true"[39m
                [33mdata-icon[39m=[32m"down"[39m
                [33mfill[39m=[32m"currentColor"[39m
                [33mfocusable[39m=[32m"false"[39m
                [33mheight[39m=[32m"1em"[39m
                [33mviewBox[39m=[32m"64 64 896 896"[39m
                [33mwidth[39m=[32m"1em"[39m
              [36m>[39m
                [36m<path[39m
                  [33md[39m=[32m"M884 256h-75c-5.1 0-9.9 2.5-12.9 6.6L512 654.2 227.9 262.6c-3-4.1-7.8-6.6-12.9-6.6h-75c-6.5 0-10.3 7.4-6.5 12.7l352.6 486.1c12.8 17.6 39 17.6 51.7 0l352.6-486.1c3.9-5.3.1-12.7-6.4-12.7z"[39m
                [36m/>[39m
              [36m</svg>[39m
            [36m</span>[39m
          [36m</div>[39m
          [36m<div[39m
            [33mclass[39m=[32m"ant-select-clear"[39m
          [36m>[39m
            [36m<span[39m
              [33maria-label[39m=[32m"close-circle"[39m
              [33mclass[39m=[32m"anticon anticon-close-circle"[39m
              [33mrole[39m=[32m"img"[39m
            [36m>[39m
              [36m<svg[39m
                [33maria-hidden[39m=[32m"true"[39m
                [33mdata-icon[39m=[32m"close-circle"[39m
                [33mfill[39m=[32m"currentColor"[39m
                [33mfill-rule[39m=[32m"evenodd"[39m
                [33mfocusable[39m=[32m"false"[39m
                [33mheight[39m=[32m"1em"[39m
                [33mviewBox[39m=[32m"64 64 896 896"[39m
                [33mwidth[39m=[32m"1em"[39m
              [36m>[39m
                [36m<path[39m
                  [33md[39m=[32m"M512 64c247.4 0 448 200.6 448 448S759.4 960 512 960 64 759.4 64 512 264.6 64 512 64zm127.98 274.82h-.04l-.08.06L512 466.75 384.14 338.88c-.04-.05-.06-.06-.08-.06a.12.12 0 00-.07 0c-.03 0-.05.01-.09.05l-45.02 45.02a.2.2 0 00-.05.09.12.12 0 000 .07v.02a.27.27 0 00.06.06L466.75 512 338.88 639.86c-.05.04-.06.06-.06.08a.12.12 0 000 .07c0 .03.01.05.05.09l45.02 45.02a.2.2 0 00.09.05.12.12 0 00.07 0c.02 0 .04-.01.08-.05L512 557.25l127.86 127.87c.04.04.06.05.08.05a.12.12 0 00.07 0c.03 0 .05-.01.09-.05l45.02-45.02a.2.2 0 00.05-.09.12.12 0 000-.07v-.02a.27.27 0 00-.05-.06L557.25 512l127.87-127.86c.04-.04.05-.06.05-.08a.12.12 0 000-.07c0-.03-.01-.05-.05-.09l-45.02-45.02a.2.2 0 00-.09-.05.12.12 0 00-.07 0z"[39m
                [36m/>[39m
              [36m</svg>[39m
            [36m</span>[39m
          [36m</div>[39m
        [36m</div>[39m
        [36m<div[39m
          [33maria-label[39m=[32m"segmented control"[39m
          [33maria-orientation[39m=[32m"horizontal"[39m
          [33mclass[39m=[32m"ant-segmented css-dev-only-do-not-override-3uaqrl css-var-root"[39m
          [33mdata-testid[39m=[32m"flashcards-review-mode-toggle"[39m
          [33mrole[39m=[32m"radiogroup"[39m
          [33mtabindex[39m=[32m"0"[39m
        [36m>[39m
          [36m<div[39m
            [33mclass[39m=[32m"ant-segmented-group"[39m
          [36m>[39m
            [36m<label[39m
              [33mclass[39m=[32m"ant-segmented-item"[39m
            [36m>[39m
              [36m<input[39m
                [33mchecked[39m=[32m""[39m
                [33mclass[39m=[32m"ant-segmented-item-input"[39m
                [33mname[39m=[32m"test-id"[39m
                [33mtype[39m=[32m"radio"[39m
              [36m/>[39m
              [36m<div[39m
                [33mclass[39m=[32m"ant-segmented-item-label"[39m
                [33mtitle[39m=[32m"Due only"[39m
              [36m>[39m
                [0mDue only[0m
              [36m</div>[39m
            [36m</label>[39m
            [36m<label[39m
              [33mclass[39m=[32m"ant-segmented-item ant-segmented-item-selected"[39m
            [36m>[39m
              [36m<input[39m
                [33mclass[39m=[32m"ant-segmented-item-input"[39m
                [33mname[39m=[32m"test-id"[39m
                [33mtype[39m=[32m"radio"[39m
              [36m/>[39m
              [36m<div[39m
                [33mclass[39m=[32m"ant-segmented-item-label"[39m
                [33mtitle[39m=[32m"Cram"[39m
              [36m>[39m
                [0mCram[0m
              [36m</div>[39m
            [36m</label>[39m
          [36m</div>[39m
        [36m</div>[39m
        [36m<div[39m
          [33maria-label[39m=[32m"segmented control"[39m
          [33maria-orientation[39m=[32m"horizontal"[39m
          [33mclass[39m=[32m"ant-segmented css-dev-only-do-not-override-3uaqrl css-var-root"[39m
          [33mdata-testid[39m=[32m"flashcards-review-prompt-side-toggle"[39m
          [33mrole[39m=[32m"radiogroup"[39m
          [33mtabindex[39m=[32m"0"[39m
        [36m>[39m
          [36m<div[39m
            [33mclass[39m=[32m"ant-segmented-group"[39m
          [36m>[39m
            [36m<label[39m
              [33mclass[39m=[32m"ant-segmented-item ant-segmented-item-selected"[39m
          ...

Ignored nodes: comments, script, style
[36m<body>[39m
  [36m<div>[39m
    [36m<div>[39m
      [36m<div[39m
        [33mclass[39m=[32m"mb-3 flex flex-wrap items-center gap-2 "[39m
        [33mdata-testid[39m=[32m"flashcards-review-topbar"[39m
      [36m>[39m
        [36m<div[39m
          [33mclass[39m=[32m"ant-select ant-select-outlined min-w-64 max-w-full flex-1 css-var-root ant-select-css-var css-dev-only-do-not-override-3uaqrl ant-select-single ant-select-allow-clear ant-select-show-arrow"[39m
          [33mdata-testid[39m=[32m"flashcards-review-deck-select"[39m
        [36m>[39m
          [36m<div[39m
            [33mclass[39m=[32m"ant-select-content"[39m
          [36m>[39m
            [36m<div[39m
              [33mclass[39m=[32m"ant-select-content-value"[39m
              [33mstyle[39m=[32m"visibility: visible;"[39m
              [33mtitle[39m=[32m"Biology"[39m
            [36m>[39m
              [0mBiology[0m
            [36m</div>[39m
            [36m<input[39m
              [33maria-autocomplete[39m=[32m"list"[39m
              [33maria-expanded[39m=[32m"false"[39m
              [33maria-haspopup[39m=[32m"listbox"[39m
              [33mautocomplete[39m=[32m"off"[39m
              [33mclass[39m=[32m"ant-select-input"[39m
              [33mid[39m=[32m"test-id"[39m
              [33mreadonly[39m=[32m""[39m
              [33mrole[39m=[32m"combobox"[39m
              [33mtype[39m=[32m"search"[39m
              [33mvalue[39m=[32m""[39m
            [36m/>[39m
          [36m</div>[39m
          [36m<div[39m
            [33mclass[39m=[32m"ant-select-suffix"[39m
          [36m>[39m
            [36m<span[39m
              [33maria-label[39m=[32m"down"[39m
              [33mclass[39m=[32m"anticon anticon-down"[39m
              [33mrole[39m=[32m"img"[39m
            [36m>[39m
              [36m<svg[39m
                [33maria-hidden[39m=[32m"true"[39m
                [33mdata-icon[39m=[32m"down"[39m
                [33mfill[39m=[32m"currentColor"[39m
                [33mfocusable[39m=[32m"false"[39m
                [33mheight[39m=[32m"1em"[39m
                [33mviewBox[39m=[32m"64 64 896 896"[39m
                [33mwidth[39m=[32m"1em"[39m
              [36m>[39m
                [36m<path[39m
                  [33md[39m=[32m"M884 256h-75c-5.1 0-9.9 2.5-12.9 6.6L512 654.2 227.9 262.6c-3-4.1-7.8-6.6-12.9-6.6h-75c-6.5 0-10.3 7.4-6.5 12.7l352.6 486.1c12.8 17.6 39 17.6 51.7 0l352.6-486.1c3.9-5.3.1-12.7-6.4-12.7z"[39m
                [36m/>[39m
              [36m</svg>[39m
            [36m</span>[39m
          [36m</div>[39m
          [36m<div[39m
            [33mclass[39m=[32m"ant-select-clear"[39m
          [36m>[39m
            [36m<span[39m
              [33maria-label[39m=[32m"close-circle"[39m
              [33mclass[39m=[32m"anticon anticon-close-circle"[39m
              [33mrole[39m=[32m"img"[39m
            [36m>[39m
              [36m<svg[39m
                [33maria-hidden[39m=[32m"true"[39m
                [33mdata-icon[39m=[32m"close-circle"[39m
                [33mfill[39m=[32m"currentColor"[39m
                [33mfill-rule[39m=[32m"evenodd"[39m
                [33mfocusable[39m=[32m"false"[39m
                [33mheight[39m=[32m"1em"[39m
                [33mviewBox[39m=[32m"64 64 896 896"[39m
                [33mwidth[39m=[32m"1em"[39m
              [36m>[39m
                [36m<path[39m
                  [33md[39m=[32m"M512 64c247.4 0 448 200.6 448 448S759.4 960 512 960 64 759.4 64 512 264.6 64 512 64zm127.98 274.82h-.04l-.08.06L512 466.75 384.14 338.88c-.04-.05-.06-.06-.08-.06a.12.12 0 00-.07 0c-.03 0-.05.01-.09.05l-45.02 45.02a.2.2 0 00-.05.09.12.12 0 000 .07v.02a.27.27 0 00.06.06L466.75 512 338.88 639.86c-.05.04-.06.06-.06.08a.12.12 0 000 .07c0 .03.01.05.05.09l45.02 45.02a.2.2 0 00.09.05.12.12 0 00.07 0c.02 0 .04-.01.08-.05L512 557.25l127.86 127.87c.04.04.06.05.08.05a.12.12 0 00.07 0c.03 0 .05-.01.09-.05l45.02-45.02a.2.2 0 00.05-.09.12.12 0 000-.07v-.02a.27.27 0 00-.05-.06L557.25 512l127.87-127.86c.04-.04.05-.06.05-.08a.12.12 0 000-.07c0-.03-.01-.05-.05-.09l-45.02-45.02a.2.2 0 00-.09-.05.12.12 0 00-.07 0z"[39m
                [36m/>[39m
              [36m</svg>[39m
            [36m</span>[39m
          [36m</div>[39m
        [36m</div>[39m
        [36m<div[39m
          [33maria-label[39m=[32m"segmented control"[39m
          [33maria-orientation[39m=[32m"horizontal"[39m
          [33mclass[39m=[32m"ant-segmented css-dev-only-do-not-override-3uaqrl css-var-root"[39m
          [33mdata-testid[39m=[32m"flashcards-review-mode-toggle"[39m
          [33mrole[39m=[32m"radiogroup"[39m
          [33mtabindex[39m=[32m"0"[39m
        [36m>[39m
          [36m<div[39m
            [33mclass[39m=[32m"ant-segmented-group"[39m
          [36m>[39m
            [36m<label[39m
              [33mclass[39m=[32m"ant-segmented-item"[39m
            [36m>[39m
              [36m<input[39m
                [33mchecked[39m=[32m""[39m
                [33mclass[39m=[32m"ant-segmented-item-input"[39m
                [33mname[39m=[32m"test-id"[39m
                [33mtype[39m=[32m"radio"[39m
              [36m/>[39m
              [36m<div[39m
                [33mclass[39m=[32m"ant-segmented-item-label"[39m
                [33mtitle[39m=[32m"Due only"[39m
              [36m>[39m
                [0mDue only[0m
              [36m</div>[39m
            [36m</label>[39m
            [36m<label[39m
              [33mclass[39m=[32m"ant-segmented-item ant-segmented-item-selected"[39m
            [36m>[39m
              [36m<input[39m
                [33mclass[39m=[32m"ant-segmented-item-input"[39m
                [33mname[39m=[32m"test-id"[39m
                [33mtype[39m=[32m"radio"[39m
              [36m/>[39m
              [36m<div[39m
                [33mclass[39m=[32m"ant-segmented-item-label"[39m
                [33mtitle[39m=[32m"Cram"[39m
              [36m>[39m
                [0mCram[0m
              [36m</div>[39m
            [36m</label>[39m
          [36m</div>[39m
        [36m</div>[39m
        [36m<div[39m
          [33maria-label[39m=[32m"segmented control"[39m
          [33maria-orientation[39m=[32m"horizontal"[39m
          [33mclass[39m=[32m"ant-segmented css-dev-only-do-not-override-3uaqrl css-var-root"[39m
          [33mdata-testid[39m=[32m"flashcards-review-prompt-side-toggle"[39m
          [33mrole[39m=[32m"radiogroup"[39m
          [33mtabindex[39m=[32m"0"[39m
        [36m>[39m
          [36m<div[39m
            [33mclass[39m=[32m"ant-segmented-group"[39m
          [36m>[39m
            [36m<label[39m
              [33mclass[39m=[32m"ant-segmented-item ant-segmented-item-selected"[39m
          ...
 ❯ waitForWrapper ../node_modules/.bun/@testing-library+dom@10.4.1/node_modules/@testing-library/dom/dist/wait-for.js:163:27
 ❯ ../node_modules/.bun/@testing-library+dom@10.4.1/node_modules/@testing-library/dom/dist/query-helpers.js:86:33
 ❯ ../packages/ui/src/components/Flashcards/tabs/__tests__/ReviewTab.cram-completion.test.tsx:373:25
    371|     vi.mocked(listFlashcards).mockResolvedValue(response(cards))
    372|     fireEvent.click(screen.getByTestId("flashcards-review-cram-retry"))
    373|     expect(await screen.findByText("Cram session complete!")).toBeInTh…
       |                         ^
    374|     expect(reviewMutateAsync).not.toHaveBeenCalled()
    375|     expect(endMutateAsync).not.toHaveBeenCalled()

⎯⎯⎯⎯⎯⎯⎯⎯⎯⎯⎯⎯⎯⎯⎯⎯⎯⎯⎯⎯⎯⎯⎯⎯[6/9]⎯

 FAIL  ../packages/ui/src/components/Flashcards/tabs/__tests__/ReviewTab.cram-completion.test.tsx > ReviewTab cram completion > preserves pending identities through reordered tag refetch and completes with the plural count
TestingLibraryElementError: Unable to find an element with the text: Cram session complete!. This could be because the text is broken up by multiple elements. In this case, you can provide a function for your text matcher to make your matcher more flexible.

Ignored nodes: comments, script, style
[36m<body>[39m
  [36m<div>[39m
    [36m<div>[39m
      [36m<div[39m
        [33mclass[39m=[32m"mb-3 flex flex-wrap items-center gap-2 "[39m
        [33mdata-testid[39m=[32m"flashcards-review-topbar"[39m
      [36m>[39m
        [36m<div[39m
          [33mclass[39m=[32m"ant-select ant-select-outlined min-w-64 max-w-full flex-1 css-var-root ant-select-css-var css-dev-only-do-not-override-3uaqrl ant-select-single ant-select-allow-clear ant-select-show-arrow"[39m
          [33mdata-testid[39m=[32m"flashcards-review-deck-select"[39m
        [36m>[39m
          [36m<div[39m
            [33mclass[39m=[32m"ant-select-content"[39m
          [36m>[39m
            [36m<div[39m
              [33mclass[39m=[32m"ant-select-content-value"[39m
              [33mstyle[39m=[32m"visibility: visible;"[39m
              [33mtitle[39m=[32m"Biology"[39m
            [36m>[39m
              [0mBiology[0m
            [36m</div>[39m
            [36m<input[39m
              [33maria-autocomplete[39m=[32m"list"[39m
              [33maria-expanded[39m=[32m"false"[39m
              [33maria-haspopup[39m=[32m"listbox"[39m
              [33mautocomplete[39m=[32m"off"[39m
              [33mclass[39m=[32m"ant-select-input"[39m
              [33mid[39m=[32m"test-id"[39m
              [33mreadonly[39m=[32m""[39m
              [33mrole[39m=[32m"combobox"[39m
              [33mtype[39m=[32m"search"[39m
              [33mvalue[39m=[32m""[39m
            [36m/>[39m
          [36m</div>[39m
          [36m<div[39m
            [33mclass[39m=[32m"ant-select-suffix"[39m
          [36m>[39m
            [36m<span[39m
              [33maria-label[39m=[32m"down"[39m
              [33mclass[39m=[32m"anticon anticon-down"[39m
              [33mrole[39m=[32m"img"[39m
            [36m>[39m
              [36m<svg[39m
                [33maria-hidden[39m=[32m"true"[39m
                [33mdata-icon[39m=[32m"down"[39m
                [33mfill[39m=[32m"currentColor"[39m
                [33mfocusable[39m=[32m"false"[39m
                [33mheight[39m=[32m"1em"[39m
                [33mviewBox[39m=[32m"64 64 896 896"[39m
                [33mwidth[39m=[32m"1em"[39m
              [36m>[39m
                [36m<path[39m
                  [33md[39m=[32m"M884 256h-75c-5.1 0-9.9 2.5-12.9 6.6L512 654.2 227.9 262.6c-3-4.1-7.8-6.6-12.9-6.6h-75c-6.5 0-10.3 7.4-6.5 12.7l352.6 486.1c12.8 17.6 39 17.6 51.7 0l352.6-486.1c3.9-5.3.1-12.7-6.4-12.7z"[39m
                [36m/>[39m
              [36m</svg>[39m
            [36m</span>[39m
          [36m</div>[39m
          [36m<div[39m
            [33mclass[39m=[32m"ant-select-clear"[39m
          [36m>[39m
            [36m<span[39m
              [33maria-label[39m=[32m"close-circle"[39m
              [33mclass[39m=[32m"anticon anticon-close-circle"[39m
              [33mrole[39m=[32m"img"[39m
            [36m>[39m
              [36m<svg[39m
                [33maria-hidden[39m=[32m"true"[39m
                [33mdata-icon[39m=[32m"close-circle"[39m
                [33mfill[39m=[32m"currentColor"[39m
                [33mfill-rule[39m=[32m"evenodd"[39m
                [33mfocusable[39m=[32m"false"[39m
                [33mheight[39m=[32m"1em"[39m
                [33mviewBox[39m=[32m"64 64 896 896"[39m
                [33mwidth[39m=[32m"1em"[39m
              [36m>[39m
                [36m<path[39m
                  [33md[39m=[32m"M512 64c247.4 0 448 200.6 448 448S759.4 960 512 960 64 759.4 64 512 264.6 64 512 64zm127.98 274.82h-.04l-.08.06L512 466.75 384.14 338.88c-.04-.05-.06-.06-.08-.06a.12.12 0 00-.07 0c-.03 0-.05.01-.09.05l-45.02 45.02a.2.2 0 00-.05.09.12.12 0 000 .07v.02a.27.27 0 00.06.06L466.75 512 338.88 639.86c-.05.04-.06.06-.06.08a.12.12 0 000 .07c0 .03.01.05.05.09l45.02 45.02a.2.2 0 00.09.05.12.12 0 00.07 0c.02 0 .04-.01.08-.05L512 557.25l127.86 127.87c.04.04.06.05.08.05a.12.12 0 00.07 0c.03 0 .05-.01.09-.05l45.02-45.02a.2.2 0 00.05-.09.12.12 0 000-.07v-.02a.27.27 0 00-.05-.06L557.25 512l127.87-127.86c.04-.04.05-.06.05-.08a.12.12 0 000-.07c0-.03-.01-.05-.05-.09l-45.02-45.02a.2.2 0 00-.09-.05.12.12 0 00-.07 0z"[39m
                [36m/>[39m
              [36m</svg>[39m
            [36m</span>[39m
          [36m</div>[39m
        [36m</div>[39m
        [36m<div[39m
          [33maria-label[39m=[32m"segmented control"[39m
          [33maria-orientation[39m=[32m"horizontal"[39m
          [33mclass[39m=[32m"ant-segmented css-dev-only-do-not-override-3uaqrl css-var-root"[39m
          [33mdata-testid[39m=[32m"flashcards-review-mode-toggle"[39m
          [33mrole[39m=[32m"radiogroup"[39m
          [33mtabindex[39m=[32m"0"[39m
        [36m>[39m
          [36m<div[39m
            [33mclass[39m=[32m"ant-segmented-group"[39m
          [36m>[39m
            [36m<label[39m
              [33mclass[39m=[32m"ant-segmented-item"[39m
            [36m>[39m
              [36m<input[39m
                [33mchecked[39m=[32m""[39m
                [33mclass[39m=[32m"ant-segmented-item-input"[39m
                [33mname[39m=[32m"test-id"[39m
                [33mtype[39m=[32m"radio"[39m
              [36m/>[39m
              [36m<div[39m
                [33mclass[39m=[32m"ant-segmented-item-label"[39m
                [33mtitle[39m=[32m"Due only"[39m
              [36m>[39m
                [0mDue only[0m
              [36m</div>[39m
            [36m</label>[39m
            [36m<label[39m
              [33mclass[39m=[32m"ant-segmented-item ant-segmented-item-selected"[39m
            [36m>[39m
              [36m<input[39m
                [33mclass[39m=[32m"ant-segmented-item-input"[39m
                [33mname[39m=[32m"test-id"[39m
                [33mtype[39m=[32m"radio"[39m
              [36m/>[39m
              [36m<div[39m
                [33mclass[39m=[32m"ant-segmented-item-label"[39m
                [33mtitle[39m=[32m"Cram"[39m
              [36m>[39m
                [0mCram[0m
              [36m</div>[39m
            [36m</label>[39m
          [36m</div>[39m
        [36m</div>[39m
        [36m<div[39m
          [33maria-label[39m=[32m"segmented control"[39m
          [33maria-orientation[39m=[32m"horizontal"[39m
          [33mclass[39m=[32m"ant-segmented css-dev-only-do-not-override-3uaqrl css-var-root"[39m
          [33mdata-testid[39m=[32m"flashcards-review-prompt-side-toggle"[39m
          [33mrole[39m=[32m"radiogroup"[39m
          [33mtabindex[39m=[32m"0"[39m
        [36m>[39m
          [36m<div[39m
            [33mclass[39m=[32m"ant-segmented-group"[39m
          [36m>[39m
            [36m<label[39m
              [33mclass[39m=[32m"ant-segmented-item ant-segmented-item-selected"[39m
          ...
 ❯ Object.getElementError ../node_modules/.bun/@testing-library+dom@10.4.1/node_modules/@testing-library/dom/dist/config.js:37:19
 ❯ ../node_modules/.bun/@testing-library+dom@10.4.1/node_modules/@testing-library/dom/dist/query-helpers.js:76:38
 ❯ ../node_modules/.bun/@testing-library+dom@10.4.1/node_modules/@testing-library/dom/dist/query-helpers.js:52:17
 ❯ ../node_modules/.bun/@testing-library+dom@10.4.1/node_modules/@testing-library/dom/dist/query-helpers.js:95:19
 ❯ ../packages/ui/src/components/Flashcards/tabs/__tests__/ReviewTab.cram-completion.test.tsx:387:19
    385|     expect(screen.getByTestId("flashcards-review-progress")).toHaveTex…
    386|     await rate("Card 2")
    387|     expect(screen.getByText("Cram session complete!")).toBeInTheDocume…
       |                   ^
    388|     expect(screen.getByText("2 cards practiced in this cram session"))…
    389|     expect(reviewMutateAsync.mock.calls.map(([input]) => input.cardUui…

⎯⎯⎯⎯⎯⎯⎯⎯⎯⎯⎯⎯⎯⎯⎯⎯⎯⎯⎯⎯⎯⎯⎯⎯[7/9]⎯


 Test Files  1 failed (1)
      Tests  9 failed | 4 passed (13)
   Start at  19:18:42
   Duration  3.60s (transform 811ms, setup 78ms, import 1.27s, tests 1.96s, environment 209ms)
