
 RUN  v4.0.18 /Users/macbook-dev/Documents/GitHub/tldw_server2/apps/tldw-frontend

(node:87577) ExperimentalWarning: localStorage is not available because --localstorage-file was not provided.
(Use `node --trace-warnings ...` to show where the warning was created)
(node:87576) ExperimentalWarning: localStorage is not available because --localstorage-file was not provided.
(Use `node --trace-warnings ...` to show where the warning was created)
 ✓ __tests__/components/notification-connectivity.integration.test.tsx (12 tests) 391ms
(node:87583) ExperimentalWarning: localStorage is not available because --localstorage-file was not provided.
(Use `node --trace-warnings ...` to show where the warning was created)
 ✓ __tests__/pages/notifications.test.tsx (34 tests) 1166ms
 ✓ ../packages/ui/src/components/Layouts/__tests__/ChatHeader.notifications.test.tsx (10 tests) 348ms
(node:87585) ExperimentalWarning: localStorage is not available because --localstorage-file was not provided.
(Use `node --trace-warnings ...` to show where the warning was created)
(node:87587) ExperimentalWarning: localStorage is not available because --localstorage-file was not provided.
(Use `node --trace-warnings ...` to show where the warning was created)
 ✓ __tests__/components/notification-lifecycle-provider.test.tsx (42 tests) 249ms
 ✓ __tests__/components/notification-rotation.integration.test.tsx (32 tests) 220ms
(node:87591) ExperimentalWarning: localStorage is not available because --localstorage-file was not provided.
(Use `node --trace-warnings ...` to show where the warning was created)
 ✓ ../packages/ui/src/services/__tests__/notification-lifecycle.test.ts (15 tests) 4ms

 Test Files  6 passed (6)
      Tests  145 passed (145)
   Start at  08:26:39
   Duration  2.83s (transform 321ms, setup 449ms, import 442ms, tests 2.38s, environment 1.56s)
