
 RUN  v4.0.18 /Users/macbook-dev/Documents/GitHub/tldw_server2/apps/tldw-frontend

(node:90524) ExperimentalWarning: localStorage is not available because --localstorage-file was not provided.
(Use `node --trace-warnings ...` to show where the warning was created)
 ❯ __tests__/components/notification-connectivity.integration.test.tsx (17 tests | 2 failed | 12 skipped) 243ms
     ↓ shows reconnecting on the first network-unverified render without dispatching private inbox work
     ↓ resumes the real inbox and stream when the same configured key becomes verified
     ↓ updates network to genuine auth failure while verification stays false
     ↓ gates the first child effect when configured multi-user credentials are missing
     ↓ does not claim a last successful inbox update when verified-core notification reads all fail
     ↓ keeps the successful inbox time through failures and clears it when ownership changes
     ↓ checks View authority after marking read: none
     ↓ checks View authority after marking read: outage
     ↓ checks View authority after marking read: owner
     ↓ checks View authority after marking read: unmount
     ↓ checks View authority after marking read: outage-recovered
     ↓ checks View authority after marking read: owner-returned
     ✓ checks pending View against synchronously observed authority: same-event 109ms
     ✓ checks pending View against synchronously observed authority: same-owner-refresh 34ms
     × checks pending View against synchronously observed authority: server-aba 40ms
     × checks pending View against synchronously observed authority: principal-aba 31ms
     ✓ checks pending View against synchronously observed authority: removed-restored 29ms

⎯⎯⎯⎯⎯⎯⎯ Failed Tests 2 ⎯⎯⎯⎯⎯⎯⎯

 FAIL  __tests__/components/notification-connectivity.integration.test.tsx > actual notification provider and inbox connection boundary > checks pending View against synchronously observed authority: server-aba
 FAIL  __tests__/components/notification-connectivity.integration.test.tsx > actual notification provider and inbox connection boundary > checks pending View against synchronously observed authority: principal-aba
AssertionError: expected "vi.fn()" to not be called at all, but actually been called 1 times

Received:

  1st vi.fn() call:

    Array [
      "/media/71",
    ]


Number of calls: 1

 ❯ __tests__/components/notification-connectivity.integration.test.tsx:211:32
    209|         expect(mocks.push).toHaveBeenCalledWith("/media/71")
    210|       } else {
    211|         expect(mocks.push).not.toHaveBeenCalled()
       |                                ^
    212|       }
    213|       expect(mocks.markNotificationsRead).toHaveBeenCalledTimes(1)

⎯⎯⎯⎯⎯⎯⎯⎯⎯⎯⎯⎯⎯⎯⎯⎯⎯⎯⎯⎯⎯⎯⎯⎯[1/2]⎯


 Test Files  1 failed (1)
      Tests  2 failed | 3 passed | 12 skipped (17)
   Start at  08:34:20
   Duration  819ms (transform 131ms, setup 97ms, import 122ms, tests 243ms, environment 251ms)
