
 RUN  v4.0.18 /Users/macbook-dev/Documents/GitHub/tldw_server2/apps/packages/ui

 ❯ src/components/Option/Playground/__tests__/PlaygroundForm.pinned-fallback.test.tsx (4 tests | 1 failed) 235ms
     × Retry chat regenerates the failed turn instead of appending its user again 160ms
     ✓ uses one shared disconnected recovery notice without duplicate composer copy 31ms
     ✓ renders a dedicated pinned-only fallback card and separate recent history block 9ms
     ✓ restores and unpins from the pinned-only fallback card 35ms

⎯⎯⎯⎯⎯⎯⎯ Failed Tests 1 ⎯⎯⎯⎯⎯⎯⎯

 FAIL  src/components/Option/Playground/__tests__/PlaygroundForm.pinned-fallback.test.tsx > PlaygroundForm pinned fallback > Retry chat regenerates the failed turn instead of appending its user again
TestingLibraryElementError: Unable to find an accessible element with the role "button" and name "Retry chat"

Here are the accessible roles:

  button:

  Name "Hide composer options":
  [36m<button[39m
    [33maria-controls[39m=[32m"composer-options-panel"[39m
    [33maria-expanded[39m=[32m"true"[39m
    [33maria-label[39m=[32m"Hide composer options"[39m
    [33mclass[39m=[32m"inline-flex h-11 w-11 shrink-0 items-center justify-center rounded-2xl border border-border/70 bg-surface/80 text-text-muted transition hover:bg-surface2 hover:text-text focus:outline-none focus-visible:ring-2 focus-visible:ring-focus/40 border-primary/40 text-primaryStrong"[39m
    [33mdata-testid[39m=[32m"composer-options-toggle"[39m
    [33mtitle[39m=[32m"Hide composer options"[39m
    [33mtype[39m=[32m"button"[39m
  [36m/>[39m

  Name "Send message":
  [36m<button[39m
    [33maria-label[39m=[32m"Send message"[39m
    [33mtitle[39m=[32m"Send message (Enter)"[39m
    [33mtype[39m=[32m"submit"[39m
  [36m/>[39m

  Name "Open message delivery options":
  [36m<button[39m
    [33maria-label[39m=[32m"Open message delivery options"[39m
    [33mtitle[39m=[32m"Open message delivery options"[39m
    [33mtype[39m=[32m"button"[39m
  [36m/>[39m

  Name "More tools":
  [36m<button[39m
    [33maria-label[39m=[32m"More tools"[39m
    [33mdata-testid[39m=[32m"tools-button"[39m
    [33mtitle[39m=[32m"More tools"[39m
    [33mtype[39m=[32m"button"[39m
  [36m/>[39m

  Name "Send message":
  [36m<button[39m
    [33maria-label[39m=[32m"Send message"[39m
    [33mtitle[39m=[32m"Send message (Enter)"[39m
    [33mtype[39m=[32m"submit"[39m
  [36m/>[39m

  Name "Open message delivery options":
  [36m<button[39m
    [33maria-label[39m=[32m"Open message delivery options"[39m
    [33mtitle[39m=[32m"Open message delivery options"[39m
    [33mtype[39m=[32m"button"[39m
  [36m/>[39m

  Name "Save current":
  [36m<button[39m
    [33mtype[39m=[32m"button"[39m
  [36m/>[39m

  --------------------------------------------------
  textbox:

  Name "":
  [36m<textarea[39m
    [33mdata-testid[39m=[32m"composer-textarea"[39m
    [33mplaceholder[39m=[32m"Type a message... (/ commands, @ mentions)"[39m
  [36m/>[39m

  Name "":
  [36m<input[39m
    [33mclass[39m=[32m"min-w-[180px] max-w-[260px]"[39m
    [33mplaceholder[39m=[32m"Template name"[39m
    [33mvalue[39m=[32m""[39m
  [36m/>[39m

  --------------------------------------------------
  status:

  Name "":
  [36m<div[39m
    [33maria-live[39m=[32m"polite"[39m
    [33mclass[39m=[32m"mt-1 rounded-md border border-primary/30 bg-primary/10 px-2 py-1 text-xs text-primaryStrong"[39m
    [33mrole[39m=[32m"status"[39m
  [36m/>[39m

  --------------------------------------------------
  combobox:

  Name "":
  [36m<select[39m
    [33mclass[39m=[32m"min-w-[220px]"[39m
    [33mdata-testid[39m=[32m"startup-template-launch-select"[39m
    [33mplaceholder[39m=[32m"Launch saved template"[39m
  [36m/>[39m

  --------------------------------------------------
  paragraph:

  Name "":
  [36m<p[39m
    [33mclass[39m=[32m"mt-1 text-xs text-text-muted"[39m
  [36m/>[39m

  --------------------------------------------------

Ignored nodes: comments, script, style
[36m<body>[39m
  [36m<div>[39m
    [36m<div[39m
      [33mclass[39m=[32m"flex w-full flex-col items-center px-2 pb-0 sm:px-4 sm:pb-0"[39m
    [36m>[39m
      [36m<div[39m
        [33mclass[39m=[32m"relative z-10 flex w-full max-w-[64rem] flex-col items-center justify-center gap-2 text-base"[39m
        [33mdata-checkwidemode[39m=[32m"false"[39m
        [33mdata-ui-mode[39m=[32m"pro"[39m
      [36m>[39m
        [36m<div[39m
          [33mclass[39m=[32m"relative flex w-full flex-row justify-center"[39m
        [36m>[39m
          [36m<div[39m
            [33mclass[39m=[32m"relative w-full rounded-xl border border-transparent bg-surface/95 p-2 text-text shadow-sm backdrop-blur-lg transition-all duration-200 data-[istemporary-chat='true']:border-t-4 data-[istemporary-chat='true']:border-t-purple-500 data-[istemporary-chat='true']:border-dashed data-[istemporary-chat='true']:opacity-90 sm:rounded-3xl sm:p-3 sm:shadow-card "[39m
            [33mdata-istemporary-chat[39m=[32m"false"[39m
            [33mdata-mobile-keyboard[39m=[32m"desktop"[39m
          [36m>[39m
            [36m<div>[39m
              [36m<div[39m
                [33mclass[39m=[32m"flex w-full min-w-0 bg-transparent"[39m
              [36m>[39m
                [36m<form[39m
                  [33mclass[39m=[32m"flex w-full min-w-0 flex-col items-center"[39m
                [36m>[39m
                  [36m<input[39m
                    [33maccept[39m=[32m"image/*"[39m
                    [33maria-hidden[39m=[32m"true"[39m
                    [33maria-label[39m=[32m"Attach image"[39m
                    [33mclass[39m=[32m"sr-only"[39m
                    [33mid[39m=[32m"file-upload"[39m
                    [33mname[39m=[32m"file-upload"[39m
                    [33mtabindex[39m=[32m"-1"[39m
                    [33mtype[39m=[32m"file"[39m
                  [36m/>[39m
                  [36m<input[39m
                    [33maccept[39m=[32m".pdf,.docx,.txt,.csv,.md,.markdown,text/markdown"[39m
                    [33maria-hidden[39m=[32m"true"[39m
                    [33maria-label[39m=[32m"Attach document"[39m
                    [33mclass[39m=[32m"sr-only"[39m
                    [33mid[39m=[32m"document-upload"[39m
                    [33mname[39m=[32m"document-upload"[39m
                    [33mtabindex[39m=[32m"-1"[39m
                    [33mtype[39m=[32m"file"[39m
                  [36m/>[39m
                  [36m<div[39m
                    [33mclass[39m=[32m"w-full flex flex-col px-0 sm:px-2 "[39m
                  [36m>[39m
                    [36m<div[39m
                      [33maria-hidden[39m=[32m"true"[39m
                      [33mclass[39m=[32m"hidden"[39m
                    [36m>[39m
                      [36m<div[39m
                        [33mclass[39m=[32m"rounded-md bg-surface2/50 p-3"[39m
                      [36m>[39m
                        [36m<div[39m
                          [33mclass[39m=[32m"flex flex-col gap-4"[39m
                        [36m>[39m
                          [36m<div>[39m
                            [36m<div[39m
                              [33mclass[39m=[32m"mb-2 text-xs font-semibold text-text"[39m
                            [36m>[39m
                              [0mSearch & Context[0m
                            [36m</div>[39m
                          [36m</div>[39m
                        [36m</div>[39m
                      [36m</div>[39m
                    [36m</div>[39m
                    [36m<div[39m
                      [33mclass[39m=[32m"relative"[39m
                    [36m>[39m
                      [36m<div[39m
                        [33mclass[39m=[32m"flex items-end gap-2"[39m
                      [36m>[39m
                        [36m<button[39m
                          [33maria-controls[39m=[32m"composer-options-panel"[39m
                          [33maria-expanded[39m=[32m"true"[39m
                          [33maria-label[39m=[32m"Hide composer options"[39m
                          [33mclass[39m=[32m"inline-flex h-11 w-11 shrink-0 items-center justify-center rounded-2xl border border-border/70 bg-surface/80 text-text-muted transition hover:bg-surface2 hover:text-text focus:outline-none focus-visible:ring-2 focus-visible:ring-focus/40 border-primary/40 text-primaryStrong"[39m
                          [33mdata-testid[39m=[32m"composer-options-toggle"[39m
                          [33mtitle[39m=[32m"Hide composer options"[39m
                          [33mtype[39m=[32m"button"[39m
                        [36m>[39m
                          [36m<svg[39m
                            [33maria-hidden[39m=[32m"true"[39m
                            [33mclass[39m=[32m"lucide lucide-chevron-right h-4 w-4 transition-transform rotate-90"[39m
                            [33mfill[39m=[32m"none"[39m
                            [33mheight[39m=[32m"24"[39m
                            [33mstroke[39m=[32m"currentColor"[39m
                            [33mstroke-linecap[39m=[32m"round"[39m
                            [33mstroke-linejoin[39m=[32m"round"[39m
                            [33mstroke-width[39m=[32m"2"[39m
                            [33mviewBox[39m=[32m"0 0 24 24"[39m
                            [33mwidth[39m=[32m"24"[39m
                            [33mxmlns[39m=[32m"http://www.w3.org/2000/svg"[39m
                          [36m>[39m
                            [36m<path[39m
                              [33md[39m=[32m"m9 18 6-6-6-6"[39m
                            [36m/>[39m
                          [36m</svg>[39m
                        [36m</button>[39m
                        [36m<div[39m
                          [33mclass[39m=[32m"min-w-0 flex-1"[39m
                        [36m>[39m
                          [36m<textarea[39m
                            [33mdata-testid[39m=[32m"composer-textarea"[39m
                            [33mplaceholder[39m=[32m"Type a message... (/ commands, @ mentions)"[39m
                          [36m/>[39m
                        [36m</div>[39m
                        [36m<div[39m
                          [33mclass[39m=[32m"flex shrink-0 items-end gap-2 self-end"[39m
                          [33mdata-testid[39m=[32m"composer-inline-send-control"[39m
                        [36m>[39m
                          [36m<div[39m
                            [33mclass[39m=[32m"flex items-center gap-2"[39m
                          [36m>[39m
                            [36m<div>[39m
                              [36m<button[39m
                                [33maria-label[39m=[32m"Send message"[39m
                                [33mtitle[39m=[32m"Send message (Enter)"[39m
                                [33mtype[39m=[32m"submit"[39m
                              [36m>[39m
                                [36m<div[39m
                                  [33mclass[39m=[32m"inline-flex items-center gap-2"[39m
                                [36m>[39m
                                  [36m<svg[39m
                                    [33mclass[39m=[32m"h-5 w-5"[39m
                                    [33mfill[39m=[32m"none"[39m
                                    [33mstroke[39m=[32m"currentColor"[39m
                                    [33mstroke-linecap[39m=[32m"round"[39m
                                    [33mstroke-linejoin[39m=[32m"round"[39m
                                    [33mstroke-width[39m=[32m"2"[39m
                                    [33mviewBox[39m=[32m"0 0 24 24"[39m
                                    [33mxmlns[39m=[32m"http://www.w3.org/2000/svg"[39m
                                  [36m>[39m
                                    [36m<path[39m
                                      [33md[39m=[32m"M9 10L4 15 9 20"[39m
                                    [36m/>[39m
                                    [36m<path[39m
                                      [33md[39m=[32m"M20 4v7a4 4 0 01-4 4H4"[39m
                                    [36m/>[39m
                                  [36m</svg>[39m
                                  [36m<span[39m
                                    [33mclass[39m=[32m""[39m
                                  [36m>[39m
                                    [0mSend[0m
                                  [36m</span>[39m
                                [36m</div>[39m
                              [36m</button>[39m
                              [36m<button[39m
                                [33maria-label[39m=[32m"Open message delivery options"[39m
                                [33mtitle[39m=[32m"Open message delivery options"[39m
                                [33mtype[39m=[32m"button"[39m
                              [36m/>[39m
                            [36m</div>[39m
                          [36m</div>[39m
                        [36m</div>[39m
                      [36m</div>[39m
                    [36m</div>[39m
                    [36m<div[39m
                      [33maria-hidden[39m=[32m"false"[39m
                      [33mclass[39m=[32m"w-full transition-all duration-200 overflow-hidden max-h-[480px] opacity-100 visible"[39m
                      [33mid[39m=[32m"composer-options-panel"[39m
                    [36m>[39m
                      [36m<div[39m
                        [33mdata-testid[39m=[32m"composer-toolbar"[39m
                      [36m>[39m
                        [36m<button[39m
                          [33maria-label[39m=[32m"More tools"[39m
                          [33mdata-testid[39m=[32m"tools-button"[39m
                          [33mtitle[39m=[32m"More tools"[39m
                          [33mtype[39m=[32m"button"[39m
                        [36m>[39m
                          [36m<span>[39m
                            [0m+Tools[0m
                          [36m</span>[39m
                        [36m</button>[39m
                        [36m<div[39m
                          [33mclass[39m=[32m"flex items-center gap-2"[39m
                        [36m>[39m
                          [36m<div>[39m
                            [36m<button[39m
                              [33maria-label[39m=[32m"Send message"[39m
                              [33mtitle[39m=[32m"Send message (Enter)"[39m
                              [33mtype[39m=[32m"submit"[39m
                            [36m>[39m
                              [36m<div[39m
                                [33mclass[39m=[32m"inline-flex items-center gap-2"[39m
                              [36m>[39m
                                [36m<svg[39m
                                  [33mclass[39m=[32m"h-5 w-5"[39m
                                  [33mfill[39m=[32m"none"[39m
                                  [33mstroke[39m=[32m"currentColor"[39m
                                  [33mstroke-linecap[39m=[32m"round"[39m
                                  [33mstroke-linejoin[39m=[32m"round"[39m
                                  [33mstroke-width[39m=[32m"2"[39m
                                  [33mviewBox[39m=[32m"0 0 24 24"[39m
                                  [33mxmlns[39m=[32m"http://www.w3.org/2000/svg"[39m
                                [36m>[39m
                                  [36m<path[39m
                                    [33md[39m=[32m"M9 10L4 15 9 20"[39m
                                  [36m/>[39m
                                  [36m<path[39m
                                    [33md[39m=[32m"M20 4v7a4 4 0 01-4 4H4"[39m
                                  [36m/>[39m
                                [36m</svg>[39m
                                [36m<span[39m
                                  [33mclass[39m=[32m""[39m
                                [36m>[39m
                                  [0mSend[0m
                                [36m</span>[39m
                              [36m</div>[39m
                            [36m</button>[39m
                            [36m<button[39m
                              [33maria-label[39m=[32m"Open message delivery options"[39m
                              [33mtitle[39m=[32m"Open message delivery options"[39m
                              [33mtype[39m=[32m"button"[39m
                            [36m/>[39m
                          [36m</div>[39m
                        [36m</div>[39m
                      [36m</div>[39m
                    [36m</div>[39m
                    [36m<div[39m
                      [33mclass[39m=[32m"px-2 py-1 text-label text-text-subtle"[39m
                    [36m>[39m
                      [36m<span>[39m
                        [0mType a message and press Enter to send[0m
                      [36m</span>[39m
                    [36m</div>[39m
                    [36m<div[39m
                      [33maria-live[39m=[32m"polite"[39m
                      [33mclass[39m=[32m"mt-1 rounded-md border border-primary/30 bg-primary/10 px-2 py-1 text-xs text-primaryStrong"[39m
                      [33mrole[39m=[32m"status"[39m
                    [36m>[39m
                      [0mplayground:presets.balanced.label preset applied.[0m
                    [36m</div>[39m
                    [36m<div[39m
                      [33mclass[39m=[32m"mt-2 rounded-md border border-border/60 bg-surface2/70 px-2 py-2"[39m
                      [33mdata-testid[39m=[32m"startup-template-controls"[39m
                    [36m>[39m
                      [36m<div[39m
                        [33mclass[39m=[32m"flex flex-wrap items-center gap-2"[39m
                      [36m>[39m
                        [36m<span[39m
                          [33mclass[39m=[32m"text-[11px] font-semibold uppercase tracking-wide text-text-muted"[39m
                        [36m>[39m
                          [0mStartup templates[0m
                        [36m</span>[39m
                        [36m<input[39m
                          [33mclass[39m=[32m"min-w-[180px] max-w-[260px]"[39m
                          [33mplaceholder[39m=[32m"Template name"[39m
                          [33mvalue[39m=[32m""[39m
                        [36m/>[39m
                        [36m<button[39m
                          [33mtype[39m=[32m"button"[39m
                        [36m>[39m
                          [0mSave current[0m
                        [36m</button>[39m
                        [36m<select[39m
                          [33mclass[39m=[32m"min-w-[220px]"[39m
                          [33mdata-testid[39m=[32m"startup-template-launch-select"[39m
                          [33mplaceholder[39m=[32m"Launch saved template"[39m
                        [36m/>[39m
                      [36m</div>[39m
                      [36m<p[39m
                        [33mclass[39m=[32m"mt-1 text-xs text-text-muted"[39m
                      [36m>[39m
                        [0mSave your current model, prompt, character, and pinned-source setup to reuse it before first send.[0m
                      [36m</p>[39m
                    [36m</div>[39m
                  [36m</div>[39m
                [36m</form>[39m
              [36m</div>[39m
            [36m</div>[39m
          [36m</div>[39m
        [36m</div>[39m
      [36m</div>[39m
    [36m</div>[39m
  [36m</div>[39m
[36m</body>[39m
 ❯ Object.getElementError ../../node_modules/.bun/@testing-library+dom@10.4.1/node_modules/@testing-library/dom/dist/config.js:37:19
 ❯ ../../node_modules/.bun/@testing-library+dom@10.4.1/node_modules/@testing-library/dom/dist/query-helpers.js:76:38
 ❯ ../../node_modules/.bun/@testing-library+dom@10.4.1/node_modules/@testing-library/dom/dist/query-helpers.js:52:17
 ❯ ../../node_modules/.bun/@testing-library+dom@10.4.1/node_modules/@testing-library/dom/dist/query-helpers.js:95:19
 ❯ src/components/Option/Playground/__tests__/PlaygroundForm.pinned-fallback.test.tsx:907:29
    905|     ]
    906|     render(<MemoryRouter><PlaygroundForm droppedFiles={[]} /></MemoryR…
    907|     await user.click(screen.getByRole("button", { name: "Retry chat" }…
       |                             ^
    908|     expect(state.regenerateLastMessage).toHaveBeenCalledTimes(1)
    909|     expect(onSubmitMock).not.toHaveBeenCalled()

⎯⎯⎯⎯⎯⎯⎯⎯⎯⎯⎯⎯⎯⎯⎯⎯⎯⎯⎯⎯⎯⎯⎯⎯[1/1]⎯


 Test Files  1 failed (1)
      Tests  1 failed | 3 passed (4)
   Start at  20:06:52
   Duration  1.53s (transform 815ms, setup 70ms, import 970ms, tests 235ms, environment 203ms)

