============================= test session starts ==============================
platform darwin -- Python 3.11.13, pytest-8.4.1, pluggy-1.6.0
benchmark: 5.2.3 (defaults: timer=time.perf_counter disable_gc=False min_rounds=5 min_time=0.000005 max_time=1.0 calibration_precision=10 warmup=False warmup_iterations=100000)
Using --randomly-seed=2447346159
rootdir: /Users/macbook-dev/Documents/GitHub/tldw_server2
configfile: pyproject.toml
plugins: anyio-4.12.1, benchmark-5.2.3, locust-2.43.3, asyncio-1.1.0, xdist-3.8.0, split-0.11.0, timeout-2.4.0, randomly-4.1.0, hypothesis-6.138.2, cov-6.2.1, mock-3.14.1
asyncio: mode=Mode.AUTO, asyncio_default_fixture_loop_scope=function, asyncio_default_test_loop_scope=function
timeout: 300.0s
timeout method: thread
timeout func_only: False
collected 37 items / 35 deselected / 2 selected

tldw_Server_API/tests/DB_Management/test_chacha_postgres_http_operation_lifecycle.py F [ 50%]
F                                                                        [100%]2026-09-16 20:22:48.450 | INFO     | trace= span= tp= req= job= ps=: | tldw_Server_API.app.core.config:_buffered_log:210 - Determined ACTUAL_PROJECT_ROOT for database paths: /Users/macbook-dev/Documents/GitHub/tldw_server2
2026-09-16 20:22:48.450 | INFO     | trace= span= tp= req= job= ps=: | tldw_Server_API.app.core.config:_buffered_log:210 - Early loading environment variables from: /Users/macbook-dev/Documents/GitHub/tldw_server2/tldw_Server_API/Config_Files/.env
2026-09-16 20:22:48.457 | INFO     | trace= span= tp= req= job= ps=: | tldw_Server_API.app.core.config:_buffered_log:210 - Early loading environment variables from: /Users/macbook-dev/Documents/GitHub/tldw_server2/tldw_Server_API/Config_Files/.ENV
2026-09-16 20:22:48.463 | INFO     | trace= span= tp= req= job= ps=: | tldw_Server_API.app.core.config:_buffered_log:210 - Loading environment variables from: /Users/macbook-dev/Documents/GitHub/tldw_server2/tldw_Server_API/Config_Files/.env
2026-09-16 20:22:48.469 | INFO     | trace= span= tp= req= job= ps=: | tldw_Server_API.app.core.config:_buffered_log:210 - Loading environment variables from: /Users/macbook-dev/Documents/GitHub/tldw_server2/tldw_Server_API/Config_Files/.ENV
2026-09-16 20:22:48.474 | INFO     | trace= span= tp= req= job= ps=: | tldw_Server_API.app.core.config:_buffered_log:210 - Attempting to load comprehensive config from: /Users/macbook-dev/Documents/GitHub/tldw_server2/tldw_Server_API/Config_Files/config.txt
2026-09-16 20:22:48.477 | INFO     | trace= span= tp= req= job= ps=: | tldw_Server_API.app.core.config:_buffered_log:210 - load_comprehensive_config(): Sections found in config: ['Setup', 'UI', 'Server', 'Files', 'Image-Generation', 'ACP', 'WORKSPACES', 'ACP-WORKSPACE', 'ACP-SANDBOX', 'Audit', 'Processing', 'Media-Processing', 'Chat-Dictionaries', 'Chat-Module', 'Chat-Commands', 'Chat-Templating', 'Character-Chat', 'Settings', 'Auto-Save', 'Prompts', 'Database', 'Chunking', 'Visual-RAG', 'AuthNZ', 'Streaming', 'HTTP', 'Egress', 'Embeddings', 'Claims', 'ClaimsMonitoring', 'RAG', 'Search-Agent', 'ResourceGovernor', 'Jobs', 'SlidesStandaloneHtml', 'Diarization', 'API', 'MLX', 'Local-API', 'LlamaCpp', 'STT-Settings', 'external_providers', 'TTS-Settings', 'VibeVoice', 'Audio-Quota', 'API-Routes', 'Search-Engines', 'Web-Scraper', 'Logging', 'Moderation', 'Redis', 'Web-Scraping', 'personalization', 'persona', 'persona.rbac']
2026-09-16 20:22:48.479 | INFO     | trace= span= tp= req= job= ps=: | tldw_Server_API.app.core.config:_buffered_log:210 - Ensured main SQLite database directory exists: /Users/macbook-dev/Documents/GitHub/tldw_server2/Databases
2026-09-16 20:22:48.480 | INFO     | trace= span= tp= req= job= ps=: | tldw_Server_API.app.core.config:_buffered_log:210 - Ensured user data base directory exists: Databases/user_databases
2026-09-16 20:22:48.480 | INFO     | trace= span= tp= req= job= ps=: | tldw_Server_API.app.api.v1.API_Deps.Audit_DB_Deps:shutdown_all_audit_services:1034 - Shutting down audit services for 0 instances...
2026-09-16 20:22:48.480 | INFO     | trace= span= tp= req= job= ps=: | tldw_Server_API.app.api.v1.API_Deps.Audit_DB_Deps:shutdown_all_audit_services:1091 - All audit services shut down successfully.
2026-09-16 20:22:48.493 | WARNING  | trace= span= tp= req= job= ps=: | tldw_Server_API.app.core.AuthNZ.settings:_validate_api_key:1013 - SINGLE_USER_API_KEY uses a legacy format; generate a new server-generated key for improved security.
2026-09-16 20:22:48.493 | INFO     | trace= span= tp= req= job= ps=: | tldw_Server_API.app.core.AuthNZ.settings:get_settings:1588 - Settings initialized - Auth mode: single_user, profile=local-single-user
2026-09-16 20:22:48.493 | INFO     | trace= span= tp= req= job= ps=: | tldw_Server_API.app.core.AuthNZ.db_config:_detect_backend:83 - Detected database backend: sqlite
2026-09-16 20:22:48.494 | WARNING  | trace= span= tp= req= job= ps=: | tldw_Server_API.app.core.DB_Management.db_path_utils:resolve_user_db_base_dir:491 - USER_DB_BASE_DIR not configured in tests, using isolated fallback: /private/var/folders/sn/m80n2j152t9gw3w8qwk2nykh0000gn/T/tldw_user_databases_test/default-e09db51c
2026-09-16 20:22:48.495 | INFO     | trace= span= tp= req= job= ps=: | tldw_Server_API.app.core.DB_Management.Workflows_Scheduler_DB:__init__:210 - WorkflowsSchedulerDB using SQLite path: /private/var/folders/sn/m80n2j152t9gw3w8qwk2nykh0000gn/T/tldw_user_databases_test/default-e09db51c/1/workflows/workflows_scheduler.db
2026-09-16 20:22:48.496 | INFO     | trace= span= tp= req= job= ps=: | tldw_Server_API.app.services.workflows_scheduler:stop:183 - Workflows recurring scheduler stopped
2026-09-16 20:22:48.496 | INFO     | trace= span= tp= req= job= ps=: | tldw_Server_API.app.api.v1.API_Deps.ChaCha_Notes_DB_Deps:close_all_chacha_db_instances:876 - Closing all cached ChaChaNotesDB instances (0)...
2026-09-16 20:22:48.496 | INFO     | trace= span= tp= req= job= ps=: | tldw_Server_API.app.api.v1.API_Deps.ChaCha_Notes_DB_Deps:close_all_chacha_db_instances:892 - All ChaChaNotesDB instances closed and cache cleared.


=================================== FAILURES ===================================
_ test_inflight_detached_worker_cannot_use_a_returned_http_checkout[response-finishes] _
tldw_Server_API/tests/DB_Management/test_chacha_postgres_http_operation_lifecycle.py:783: in test_inflight_detached_worker_cannot_use_a_returned_http_checkout
    asyncio.run(_run(f, operation))
../../../.local/share/uv/python/cpython-3.11.13-macos-aarch64-none/lib/python3.11/asyncio/runners.py:190: in run
    return runner.run(main)
           ^^^^^^^^^^^^^^^^
../../../.local/share/uv/python/cpython-3.11.13-macos-aarch64-none/lib/python3.11/asyncio/runners.py:118: in run
    return self._loop.run_until_complete(task)
           ^^^^^^^^^^^^^^^^^^^^^^^^^^^^^^^^^^^
../../../.local/share/uv/python/cpython-3.11.13-macos-aarch64-none/lib/python3.11/asyncio/base_events.py:654: in run_until_complete
    return future.result()
           ^^^^^^^^^^^^^^^
tldw_Server_API/tests/DB_Management/test_chacha_postgres_http_operation_lifecycle.py:177: in _run
    await operation(client)
tldw_Server_API/tests/DB_Management/test_chacha_postgres_http_operation_lifecycle.py:779: in operation
    assert premature_returns == [False], "The pool received the checkout before its in-flight query finished"
E   AssertionError: The pool received the checkout before its in-flight query finished
E   assert [True] == [False]
E
E     At index 0 diff: True != False
E     Use -v to get more diff
---------------------------- Captured stderr setup -----------------------------
2026-09-16 20:22:37.375 | INFO     | tldw_Server_API.app.core.DB_Management.backends.factory:create_backend:392 - Creating postgresql backend
2026-09-16 20:22:37.376 | WARNING  | tldw_Server_API.app.core.DB_Management.db_path_utils:resolve_user_db_base_dir:491 - USER_DB_BASE_DIR not configured in tests, using isolated fallback: /private/var/folders/sn/m80n2j152t9gw3w8qwk2nykh0000gn/T/tldw_user_databases_test/default-e09db51c
2026-09-16 20:22:37.386 | INFO     | tldw_Server_API.app.core.DB_Management.ChaChaNotes_DB:__init__:7608 - Initializing CharactersRAGDB for path: /private/var/folders/sn/m80n2j152t9gw3w8qwk2nykh0000gn/T/pytest-of-macbook-dev/pytest-440/test_inflight_detached_worker_0/http.db [Client ID: 1] (backend=postgresql)
2026-09-16 20:22:38.692 | DEBUG    | tldw_Server_API.app.core.DB_Management.ChaChaNotes_DB:__init__:7615 - CharactersRAGDB initialization completed successfully for /private/var/folders/sn/m80n2j152t9gw3w8qwk2nykh0000gn/T/pytest-of-macbook-dev/pytest-440/test_inflight_detached_worker_0/http.db
2026-09-16 20:22:38.693 | DEBUG    | tldw_Server_API.app.core.DB_Management.ChaChaNotes_DB:_get_connection_for_state:7987 - Acquired backend connection (postgresql) for thread 8346099072
2026-09-16 20:22:38.695 | INFO     | tldw_Server_API.app.core.DB_Management.chacha.note_store:_execute:124 - Added note 'Committed title' with ID: 5afb2455-5b73-4387-beb6-c2e0fa7278d7.
2026-09-16 20:22:38.697 | DEBUG    | tldw_Server_API.app.core.DB_Management.ChaChaNotes_DB:execute_query:8235 - Executing SQL (script=False, backend=postgresql):
                SELECT f.id, f.sync_id, f.name, f.path, f.parent_id
                  FROM note_folders f
                  JOIN (
                        SELECT folder_id
                          FROM note_folder_memberships
                         WHERE note_id = ?
                        UNION... Params: ('5afb2455-5b73-4387-beb6-c2e0fa7278d7', '5afb2455-5b73-4387-beb6-c2e0fa7278d7', '5afb2455-5b73-4387-beb6-c2e0fa7278d7')...
2026-09-16 20:22:38.699 | INFO     | tldw_Server_API.app.core.DB_Management.chacha.character_store:add_character_card:162 - Added character card 'Helpful AI Assistant' with ID: 2.
2026-09-16 20:22:38.699 | DEBUG    | tldw_Server_API.app.core.DB_Management.ChaChaNotes_DB:close_connection:8060 - Returned backend connection (postgresql) for thread 8346099072.
2026-09-16 20:22:38.864 | INFO     | trace= span= tp= req= job= ps=: | tldw_Server_API.app.main:<module>:1131 - Logging configured (Loguru + stdlib interception)
2026-09-16 20:22:38.868 | INFO     | trace= span= tp= req= job= ps=: | tldw_Server_API.app.core.AuthNZ.csrf_protection:add_csrf_protection:522 - CSRF Protection explicitly disabled via CSRF_ENABLED setting
2026-09-16 20:22:38.872 | INFO     | trace= span= tp= req= job= ps=: | tldw_Server_API.app.main:<module>:2622 - TEST_MODE detected: Skipping non-essential middlewares (security headers, metrics, usage logging)
2026-09-16 20:22:38.873 | INFO     | trace= span= tp= req= job= ps=: | tldw_Server_API.app.main:<module>:2826 - Docs mounted at /docs-static from /Users/macbook-dev/Documents/GitHub/tldw_server2/Docs
2026-09-16 20:22:38.874 | INFO     | trace= span= tp= req= job= ps=: | tldw_Server_API.app.api.v1.router_groups.content:iter_content_router_specs:214 - Skipping audio router imports in pytest (set MINIMAL_TEST_INCLUDE_AUDIO=1 to enable)
2026-09-16 20:22:38.877 | WARNING  | trace= span= tp= req= job= ps=: | typing_extensions:wrapper:3003 - /Users/macbook-dev/Documents/GitHub/tldw_server2/tldw_Server_API/app/api/v1/endpoints/monitoring.py:141: DeprecationWarning:
        on_event is deprecated, use lifespan event handlers instead.

        Read more about it in the
        [FastAPI docs for Lifespan Events](https://fastapi.tiangolo.com/advanced/events/).

  @router.on_event("startup")
2026-09-16 20:22:38.912 | INFO     | trace= span= tp= req= job= ps=: | tldw_Server_API.app.api.v1.router_registry:register_router_specs:49 - Route disabled by policy: research
2026-09-16 20:22:39.026 | INFO     | trace= span= tp= req= job= ps=: | tldw_Server_API.app.api.v1.API_Deps.DB_Deps:<module>:57 - Using LRUCache for user DB instances (maxsize=100).
2026-09-16 20:22:39.307 | WARNING  | trace= span= tp= req= job= ps=: | starlette.status:__getattr__:198 - /Users/macbook-dev/.local/share/uv/python/cpython-3.11.13-macos-aarch64-none/lib/python3.11/importlib/__init__.py:126: DeprecationWarning: 'HTTP_422_UNPROCESSABLE_ENTITY' is deprecated. Use 'HTTP_422_UNPROCESSABLE_CONTENT' instead.
  return _bootstrap._gcd_import(name[level:], package, level)
2026-09-16 20:22:39.477 | WARNING  | trace= span= tp= req= job= ps=: | pydantic._internal._fields:collect_model_fields:198 - /Users/macbook-dev/Documents/GitHub/tldw_server2/.venv/lib/python3.11/site-packages/pydantic/_internal/_fields.py:198: UserWarning: Field name "register" in "CharacterExemplarLabels" shadows an attribute in parent "BaseModel"
  warnings.warn(
2026-09-16 20:22:39.945 | WARNING  | trace= span= tp= req= job= ps=: | starlette.status:__getattr__:198 - /Users/macbook-dev/Documents/GitHub/tldw_server2/tldw_Server_API/app/core/UserProfiles/command_service.py:11: DeprecationWarning: 'HTTP_422_UNPROCESSABLE_ENTITY' is deprecated. Use 'HTTP_422_UNPROCESSABLE_CONTENT' instead.
  from tldw_Server_API.app.core.UserProfiles.error_mapping import (
2026-09-16 20:22:40.076 | WARNING  | trace= span= tp= req= job= ps=: | typing_extensions:wrapper:3003 - /Users/macbook-dev/Documents/GitHub/tldw_server2/tldw_Server_API/app/api/v1/endpoints/admin/admin_monitoring.py:192: DeprecationWarning:
        on_event is deprecated, use lifespan event handlers instead.

        Read more about it in the
        [FastAPI docs for Lifespan Events](https://fastapi.tiangolo.com/advanced/events/).

  @router.on_event("startup")
2026-09-16 20:22:40.243 | WARNING  | trace= span= tp= req= job= ps=: | tldw_Server_API.app.api.v1.endpoints.admin:_mount_admin_webhook_routes:135 - Canonical admin webhook mode is off; historical webhook CRUD, test, delivery, and incident-notify routes are disabled. Explicitly select temporary compatibility or migration before use.
2026-09-16 20:22:40.481 | INFO     | trace= span= tp= req= job= ps=: | tldw_Server_API.app.main:<module>:2901 - Registered 21 minimal-test routers from router groups
2026-09-16 20:22:40.482 | INFO     | trace= span= tp= req= job= ps=: | tldw_Server_API.app.api.v1.router_groups.minimal:iter_minimal_optional_router_specs:238 - Skipping audio routers in minimal test app (set MINIMAL_TEST_INCLUDE_AUDIO=1 to enable)
2026-09-16 20:22:40.482 | INFO     | trace= span= tp= req= job= ps=: | tldw_Server_API.app.api.v1.router_groups.minimal:iter_minimal_optional_router_specs:276 - Skipping audio-jobs router in minimal test app (set MINIMAL_TEST_INCLUDE_AUDIO_JOBS=1 to enable)
2026-09-16 20:22:40.612 | WARNING  | trace= span= tp= req= job= ps=: | importlib._bootstrap:_call_with_frames_removed:241 - <frozen importlib._bootstrap>:241: DeprecationWarning: builtin type SwigPyPacked has no __module__ attribute
2026-09-16 20:22:40.612 | WARNING  | trace= span= tp= req= job= ps=: | importlib._bootstrap:_call_with_frames_removed:241 - <frozen importlib._bootstrap>:241: DeprecationWarning: builtin type SwigPyObject has no __module__ attribute
2026-09-16 20:22:40.624 | WARNING  | trace= span= tp= req= job= ps=: | importlib._bootstrap:_call_with_frames_removed:241 - <frozen importlib._bootstrap>:241: DeprecationWarning: builtin type SwigPyPacked has no __module__ attribute
2026-09-16 20:22:40.624 | WARNING  | trace= span= tp= req= job= ps=: | importlib._bootstrap:_call_with_frames_removed:241 - <frozen importlib._bootstrap>:241: DeprecationWarning: builtin type SwigPyObject has no __module__ attribute
2026-09-16 20:22:41.115 | WARNING  | trace= span= tp= req= job= ps=: | starlette.status:__getattr__:198 - /Users/macbook-dev/.local/share/uv/python/cpython-3.11.13-macos-aarch64-none/lib/python3.11/importlib/__init__.py:126: DeprecationWarning: 'HTTP_422_UNPROCESSABLE_ENTITY' is deprecated. Use 'HTTP_422_UNPROCESSABLE_CONTENT' instead.
  return _bootstrap._gcd_import(name[level:], package, level)
2026-09-16 20:22:41.115 | WARNING  | trace= span= tp= req= job= ps=: | starlette.status:__getattr__:198 - /Users/macbook-dev/.local/share/uv/python/cpython-3.11.13-macos-aarch64-none/lib/python3.11/importlib/__init__.py:126: DeprecationWarning: 'HTTP_422_UNPROCESSABLE_ENTITY' is deprecated. Use 'HTTP_422_UNPROCESSABLE_CONTENT' instead.
  return _bootstrap._gcd_import(name[level:], package, level)
2026-09-16 20:22:41.552 | WARNING  | trace= span= tp= req= job= ps=: | starlette.status:__getattr__:198 - /Users/macbook-dev/.local/share/uv/python/cpython-3.11.13-macos-aarch64-none/lib/python3.11/importlib/__init__.py:126: DeprecationWarning: 'HTTP_422_UNPROCESSABLE_ENTITY' is deprecated. Use 'HTTP_422_UNPROCESSABLE_CONTENT' instead.
  return _bootstrap._gcd_import(name[level:], package, level)
2026-09-16 20:22:41.552 | WARNING  | trace= span= tp= req= job= ps=: | starlette.status:__getattr__:198 - /Users/macbook-dev/.local/share/uv/python/cpython-3.11.13-macos-aarch64-none/lib/python3.11/importlib/__init__.py:126: DeprecationWarning: 'HTTP_422_UNPROCESSABLE_ENTITY' is deprecated. Use 'HTTP_422_UNPROCESSABLE_CONTENT' instead.
  return _bootstrap._gcd_import(name[level:], package, level)
2026-09-16 20:22:41.553 | WARNING  | trace= span= tp= req= job= ps=: | starlette.status:__getattr__:198 - /Users/macbook-dev/.local/share/uv/python/cpython-3.11.13-macos-aarch64-none/lib/python3.11/importlib/__init__.py:126: DeprecationWarning: 'HTTP_422_UNPROCESSABLE_ENTITY' is deprecated. Use 'HTTP_422_UNPROCESSABLE_CONTENT' instead.
  return _bootstrap._gcd_import(name[level:], package, level)
2026-09-16 20:22:41.553 | WARNING  | trace= span= tp= req= job= ps=: | starlette.status:__getattr__:198 - /Users/macbook-dev/.local/share/uv/python/cpython-3.11.13-macos-aarch64-none/lib/python3.11/importlib/__init__.py:126: DeprecationWarning: 'HTTP_422_UNPROCESSABLE_ENTITY' is deprecated. Use 'HTTP_422_UNPROCESSABLE_CONTENT' instead.
  return _bootstrap._gcd_import(name[level:], package, level)
2026-09-16 20:22:41.553 | WARNING  | trace= span= tp= req= job= ps=: | starlette.status:__getattr__:198 - /Users/macbook-dev/.local/share/uv/python/cpython-3.11.13-macos-aarch64-none/lib/python3.11/importlib/__init__.py:126: DeprecationWarning: 'HTTP_422_UNPROCESSABLE_ENTITY' is deprecated. Use 'HTTP_422_UNPROCESSABLE_CONTENT' instead.
  return _bootstrap._gcd_import(name[level:], package, level)
2026-09-16 20:22:41.553 | WARNING  | trace= span= tp= req= job= ps=: | starlette.status:__getattr__:198 - /Users/macbook-dev/.local/share/uv/python/cpython-3.11.13-macos-aarch64-none/lib/python3.11/importlib/__init__.py:126: DeprecationWarning: 'HTTP_422_UNPROCESSABLE_ENTITY' is deprecated. Use 'HTTP_422_UNPROCESSABLE_CONTENT' instead.
  return _bootstrap._gcd_import(name[level:], package, level)
2026-09-16 20:22:41.553 | WARNING  | trace= span= tp= req= job= ps=: | starlette.status:__getattr__:198 - /Users/macbook-dev/.local/share/uv/python/cpython-3.11.13-macos-aarch64-none/lib/python3.11/importlib/__init__.py:126: DeprecationWarning: 'HTTP_422_UNPROCESSABLE_ENTITY' is deprecated. Use 'HTTP_422_UNPROCESSABLE_CONTENT' instead.
  return _bootstrap._gcd_import(name[level:], package, level)
2026-09-16 20:22:41.553 | WARNING  | trace= span= tp= req= job= ps=: | starlette.status:__getattr__:198 - /Users/macbook-dev/.local/share/uv/python/cpython-3.11.13-macos-aarch64-none/lib/python3.11/importlib/__init__.py:126: DeprecationWarning: 'HTTP_422_UNPROCESSABLE_ENTITY' is deprecated. Use 'HTTP_422_UNPROCESSABLE_CONTENT' instead.
  return _bootstrap._gcd_import(name[level:], package, level)
2026-09-16 20:22:41.996 | INFO     | trace= span= tp= req= job= ps=: | tldw_Server_API.app.core.Evaluations.config_manager:_apply_environment_overrides:235 - Applying development environment overrides
2026-09-16 20:22:41.996 | INFO     | trace= span= tp= req= job= ps=: | tldw_Server_API.app.core.Evaluations.config_manager:_parse_rate_limit_configs:274 - Loaded 5 rate limit tier configurations
2026-09-16 20:22:41.996 | INFO     | trace= span= tp= req= job= ps=: | tldw_Server_API.app.core.Evaluations.config_manager:_parse_circuit_breaker_configs:289 - Loaded 6 circuit breaker configurations
2026-09-16 20:22:41.997 | INFO     | trace= span= tp= req= job= ps=: | tldw_Server_API.app.core.Evaluations.config_manager:load_config:221 - Configuration loaded successfully from /Users/macbook-dev/Documents/GitHub/tldw_server2/tldw_Server_API/Config_Files/evaluations_config.yaml
2026-09-16 20:22:41.997 | INFO     | trace= span= tp= req= job= ps=: | tldw_Server_API.app.core.Evaluations.config_manager:load_config:222 - Environment: development
2026-09-16 20:22:42.064 | INFO     | trace= span= tp= req= job= ps=: | tldw_Server_API.app.core.Evaluations.benchmark_registry:register:315 - Registered benchmark: simpleqa
2026-09-16 20:22:42.064 | INFO     | trace= span= tp= req= job= ps=: | tldw_Server_API.app.core.Evaluations.benchmark_registry:register:315 - Registered benchmark: simpleqa_verified
2026-09-16 20:22:42.064 | INFO     | trace= span= tp= req= job= ps=: | tldw_Server_API.app.core.Evaluations.benchmark_registry:register:315 - Registered benchmark: bullshit_benchmark
2026-09-16 20:22:42.065 | INFO     | trace= span= tp= req= job= ps=: | tldw_Server_API.app.core.Evaluations.benchmark_registry:register:315 - Registered benchmark: mmlu_pro
2026-09-16 20:22:42.065 | INFO     | trace= span= tp= req= job= ps=: | tldw_Server_API.app.core.Evaluations.benchmark_registry:register:315 - Registered benchmark: gpqa_diamond
2026-09-16 20:22:42.065 | INFO     | trace= span= tp= req= job= ps=: | tldw_Server_API.app.core.Evaluations.benchmark_registry:register:315 - Registered benchmark: simple_bench
2026-09-16 20:22:42.065 | INFO     | trace= span= tp= req= job= ps=: | tldw_Server_API.app.core.Evaluations.benchmark_registry:register:315 - Registered benchmark: aider_polyglot
2026-09-16 20:22:42.065 | INFO     | trace= span= tp= req= job= ps=: | tldw_Server_API.app.core.Evaluations.benchmark_registry:register:315 - Registered benchmark: bfcl
2026-09-16 20:22:42.065 | INFO     | trace= span= tp= req= job= ps=: | tldw_Server_API.app.core.Evaluations.benchmark_registry:register:315 - Registered benchmark: mask
2026-09-16 20:22:42.065 | INFO     | trace= span= tp= req= job= ps=: | tldw_Server_API.app.core.Evaluations.benchmark_registry:register:315 - Registered benchmark: vending_bench
2026-09-16 20:22:42.065 | INFO     | trace= span= tp= req= job= ps=: | tldw_Server_API.app.core.Evaluations.benchmark_registry:register:315 - Registered benchmark: swe_bench
2026-09-16 20:22:42.219 | WARNING  | trace= span= tp= req= job= ps=: | starlette.status:__getattr__:198 - /Users/macbook-dev/Documents/GitHub/tldw_server2/tldw_Server_API/app/api/v1/endpoints/sharing.py:120: DeprecationWarning: 'HTTP_422_UNPROCESSABLE_ENTITY' is deprecated. Use 'HTTP_422_UNPROCESSABLE_CONTENT' instead.
  from ..utils.prototype_error_contract import (
2026-09-16 20:22:42.219 | WARNING  | trace= span= tp= req= job= ps=: | starlette.status:__getattr__:198 - /Users/macbook-dev/Documents/GitHub/tldw_server2/tldw_Server_API/app/api/v1/endpoints/sharing.py:120: DeprecationWarning: 'HTTP_422_UNPROCESSABLE_ENTITY' is deprecated. Use 'HTTP_422_UNPROCESSABLE_CONTENT' instead.
  from ..utils.prototype_error_contract import (
2026-09-16 20:22:42.259 | WARNING  | trace= span= tp= req= job= ps=: | starlette.status:__getattr__:198 - /Users/macbook-dev/.local/share/uv/python/cpython-3.11.13-macos-aarch64-none/lib/python3.11/importlib/__init__.py:126: DeprecationWarning: 'HTTP_422_UNPROCESSABLE_ENTITY' is deprecated. Use 'HTTP_422_UNPROCESSABLE_CONTENT' instead.
  return _bootstrap._gcd_import(name[level:], package, level)
2026-09-16 20:22:42.260 | WARNING  | trace= span= tp= req= job= ps=: | starlette.status:__getattr__:198 - /Users/macbook-dev/.local/share/uv/python/cpython-3.11.13-macos-aarch64-none/lib/python3.11/importlib/__init__.py:126: DeprecationWarning: 'HTTP_422_UNPROCESSABLE_ENTITY' is deprecated. Use 'HTTP_422_UNPROCESSABLE_CONTENT' instead.
  return _bootstrap._gcd_import(name[level:], package, level)
2026-09-16 20:22:42.260 | WARNING  | trace= span= tp= req= job= ps=: | starlette.status:__getattr__:198 - /Users/macbook-dev/.local/share/uv/python/cpython-3.11.13-macos-aarch64-none/lib/python3.11/importlib/__init__.py:126: DeprecationWarning: 'HTTP_422_UNPROCESSABLE_ENTITY' is deprecated. Use 'HTTP_422_UNPROCESSABLE_CONTENT' instead.
  return _bootstrap._gcd_import(name[level:], package, level)
2026-09-16 20:22:44.253 | WARNING  | trace= span= tp= req= job= ps=: | typing_extensions:wrapper:3003 - /Users/macbook-dev/Documents/GitHub/tldw_server2/tldw_Server_API/app/api/v1/endpoints/sandbox.py:217: DeprecationWarning:
        on_event is deprecated, use lifespan event handlers instead.

        Read more about it in the
        [FastAPI docs for Lifespan Events](https://fastapi.tiangolo.com/advanced/events/).

  @router.on_event("startup")
2026-09-16 20:22:44.253 | WARNING  | trace= span= tp= req= job= ps=: | typing_extensions:wrapper:3003 - /Users/macbook-dev/Documents/GitHub/tldw_server2/tldw_Server_API/app/api/v1/endpoints/sandbox.py:223: DeprecationWarning:
        on_event is deprecated, use lifespan event handlers instead.

        Read more about it in the
        [FastAPI docs for Lifespan Events](https://fastapi.tiangolo.com/advanced/events/).

  @router.on_event("shutdown")
2026-09-16 20:22:44.285 | INFO     | trace= span= tp= req= job= ps=: | tldw_Server_API.app.main:<module>:2903 - Registered 99 optional minimal-test routers from router groups
----------------------------- Captured stderr call -----------------------------
2026-09-16 20:22:44.295 | INFO     | trace= span= tp= req= job= ps=: | tldw_Server_API.app.api.v1.API_Deps.ChaCha_Notes_DB_Deps:get_chacha_db_for_user:840 - <<<<< ACTUAL get_chacha_db_for_user CALLED >>>>>
2026-09-16 20:22:44.312 | INFO     | trace= span= tp= req= job= ps=: | httpx._client:_send_handling_redirects:1694 - HTTP Request: GET http://test/probe/inflight "HTTP/1.1 200 OK"
--------------------------- Captured stderr teardown ---------------------------
2026-09-16 20:22:44.432 | INFO     | trace= span= tp= req= job= ps=: | tldw_Server_API.app.api.v1.API_Deps.ChaCha_Notes_DB_Deps:close_all_chacha_db_instances:876 - Closing all cached ChaChaNotesDB instances (1)...
2026-09-16 20:22:44.432 | INFO     | trace= span= tp= req= job= ps=: | tldw_Server_API.app.api.v1.API_Deps.ChaCha_Notes_DB_Deps:close_all_chacha_db_instances:880 - Closed ChaChaNotesDB instance for user /private/var/folders/sn/m80n2j152t9gw3w8qwk2nykh0000gn/T/pytest-of-macbook-dev/pytest-440/test_inflight_detached_worker_0/owner.
2026-09-16 20:22:44.432 | INFO     | trace= span= tp= req= job= ps=: | tldw_Server_API.app.api.v1.API_Deps.ChaCha_Notes_DB_Deps:close_all_chacha_db_instances:892 - All ChaChaNotesDB instances closed and cache cleared.
2026-09-16 20:22:44.433 | INFO     | trace= span= tp= req= job= ps=: | tldw_Server_API.app.api.v1.API_Deps.ChaCha_Notes_DB_Deps:close_all_chacha_db_instances:876 - Closing all cached ChaChaNotesDB instances (0)...
2026-09-16 20:22:44.433 | INFO     | trace= span= tp= req= job= ps=: | tldw_Server_API.app.api.v1.API_Deps.ChaCha_Notes_DB_Deps:close_all_chacha_db_instances:892 - All ChaChaNotesDB instances closed and cache cleared.
_ test_inflight_detached_worker_cannot_use_a_returned_http_checkout[request-cancelled] _
tldw_Server_API/tests/DB_Management/test_chacha_postgres_http_operation_lifecycle.py:783: in test_inflight_detached_worker_cannot_use_a_returned_http_checkout
    asyncio.run(_run(f, operation))
../../../.local/share/uv/python/cpython-3.11.13-macos-aarch64-none/lib/python3.11/asyncio/runners.py:190: in run
    return runner.run(main)
           ^^^^^^^^^^^^^^^^
../../../.local/share/uv/python/cpython-3.11.13-macos-aarch64-none/lib/python3.11/asyncio/runners.py:118: in run
    return self._loop.run_until_complete(task)
           ^^^^^^^^^^^^^^^^^^^^^^^^^^^^^^^^^^^
../../../.local/share/uv/python/cpython-3.11.13-macos-aarch64-none/lib/python3.11/asyncio/base_events.py:654: in run_until_complete
    return future.result()
           ^^^^^^^^^^^^^^^
tldw_Server_API/tests/DB_Management/test_chacha_postgres_http_operation_lifecycle.py:177: in _run
    await operation(client)
tldw_Server_API/tests/DB_Management/test_chacha_postgres_http_operation_lifecycle.py:779: in operation
    assert premature_returns == [False], "The pool received the checkout before its in-flight query finished"
E   AssertionError: The pool received the checkout before its in-flight query finished
E   assert [True] == [False]
E
E     At index 0 diff: True != False
E     Use -v to get more diff
---------------------------- Captured stderr setup -----------------------------
2026-09-16 20:22:44.453 | INFO     | trace= span= tp= req= job= ps=: | tldw_Server_API.app.core.DB_Management.backends.factory:create_backend:392 - Creating postgresql backend
2026-09-16 20:22:44.453 | INFO     | trace= span= tp= req= job= ps=: | tldw_Server_API.app.core.config:_buffered_log:210 - Determined ACTUAL_PROJECT_ROOT for database paths: /Users/macbook-dev/Documents/GitHub/tldw_server2
2026-09-16 20:22:44.454 | INFO     | trace= span= tp= req= job= ps=: | tldw_Server_API.app.core.config:_buffered_log:210 - Early loading environment variables from: /Users/macbook-dev/Documents/GitHub/tldw_server2/tldw_Server_API/Config_Files/.env
2026-09-16 20:22:44.458 | INFO     | trace= span= tp= req= job= ps=: | tldw_Server_API.app.core.config:_buffered_log:210 - Early loading environment variables from: /Users/macbook-dev/Documents/GitHub/tldw_server2/tldw_Server_API/Config_Files/.ENV
2026-09-16 20:22:44.463 | INFO     | trace= span= tp= req= job= ps=: | tldw_Server_API.app.core.config:_buffered_log:210 - Loading environment variables from: /Users/macbook-dev/Documents/GitHub/tldw_server2/tldw_Server_API/Config_Files/.env
2026-09-16 20:22:44.467 | INFO     | trace= span= tp= req= job= ps=: | tldw_Server_API.app.core.config:_buffered_log:210 - Loading environment variables from: /Users/macbook-dev/Documents/GitHub/tldw_server2/tldw_Server_API/Config_Files/.ENV
2026-09-16 20:22:44.472 | INFO     | trace= span= tp= req= job= ps=: | tldw_Server_API.app.core.config:_buffered_log:210 - Attempting to load comprehensive config from: /Users/macbook-dev/Documents/GitHub/tldw_server2/tldw_Server_API/Config_Files/config.txt
2026-09-16 20:22:44.474 | INFO     | trace= span= tp= req= job= ps=: | tldw_Server_API.app.core.config:_buffered_log:210 - load_comprehensive_config(): Sections found in config: ['Setup', 'UI', 'Server', 'Files', 'Image-Generation', 'ACP', 'WORKSPACES', 'ACP-WORKSPACE', 'ACP-SANDBOX', 'Audit', 'Processing', 'Media-Processing', 'Chat-Dictionaries', 'Chat-Module', 'Chat-Commands', 'Chat-Templating', 'Character-Chat', 'Settings', 'Auto-Save', 'Prompts', 'Database', 'Chunking', 'Visual-RAG', 'AuthNZ', 'Streaming', 'HTTP', 'Egress', 'Embeddings', 'Claims', 'ClaimsMonitoring', 'RAG', 'Search-Agent', 'ResourceGovernor', 'Jobs', 'SlidesStandaloneHtml', 'Diarization', 'API', 'MLX', 'Local-API', 'LlamaCpp', 'STT-Settings', 'external_providers', 'TTS-Settings', 'VibeVoice', 'Audio-Quota', 'API-Routes', 'Search-Engines', 'Web-Scraper', 'Logging', 'Moderation', 'Redis', 'Web-Scraping', 'personalization', 'persona', 'persona.rbac']
2026-09-16 20:22:44.476 | INFO     | trace= span= tp= req= job= ps=: | tldw_Server_API.app.core.config:_buffered_log:210 - Ensured main SQLite database directory exists: /Users/macbook-dev/Documents/GitHub/tldw_server2/Databases
2026-09-16 20:22:44.476 | INFO     | trace= span= tp= req= job= ps=: | tldw_Server_API.app.core.config:_buffered_log:210 - Ensured user data base directory exists: Databases/user_databases
2026-09-16 20:22:44.477 | WARNING  | trace= span= tp= req= job= ps=: | tldw_Server_API.app.core.DB_Management.db_path_utils:resolve_user_db_base_dir:491 - USER_DB_BASE_DIR not configured in tests, using isolated fallback: /private/var/folders/sn/m80n2j152t9gw3w8qwk2nykh0000gn/T/tldw_user_databases_test/default-e09db51c
2026-09-16 20:22:44.477 | INFO     | trace= span= tp= req= job= ps=: | tldw_Server_API.app.core.DB_Management.ChaChaNotes_DB:__init__:7608 - Initializing CharactersRAGDB for path: /private/var/folders/sn/m80n2j152t9gw3w8qwk2nykh0000gn/T/pytest-of-macbook-dev/pytest-440/test_inflight_detached_worker_1/http.db [Client ID: 1] (backend=postgresql)
2026-09-16 20:22:45.943 | INFO     | trace= span= tp= req= job= ps=: | tldw_Server_API.app.core.DB_Management.chacha.note_store:_execute:124 - Added note 'Committed title' with ID: 4123d937-c4c2-43f0-8658-ac308c003a55.
2026-09-16 20:22:45.947 | INFO     | trace= span= tp= req= job= ps=: | tldw_Server_API.app.core.DB_Management.chacha.character_store:add_character_card:162 - Added character card 'Helpful AI Assistant' with ID: 2.
2026-09-16 20:22:46.451 | INFO     | trace= span= tp= req= job= ps=: | tldw_Server_API.app.main:<module>:1131 - Logging configured (Loguru + stdlib interception)
2026-09-16 20:22:46.465 | INFO     | trace= span= tp= req= job= ps=: | tldw_Server_API.app.core.AuthNZ.settings:get_settings:1588 - Settings initialized - Auth mode: single_user, profile=local-single-user
2026-09-16 20:22:46.465 | INFO     | trace= span= tp= req= job= ps=: | tldw_Server_API.app.core.AuthNZ.csrf_protection:add_csrf_protection:522 - CSRF Protection explicitly disabled via CSRF_ENABLED setting
2026-09-16 20:22:46.465 | INFO     | trace= span= tp= req= job= ps=: | tldw_Server_API.app.main:<module>:2622 - TEST_MODE detected: Skipping non-essential middlewares (security headers, metrics, usage logging)
2026-09-16 20:22:46.466 | INFO     | trace= span= tp= req= job= ps=: | tldw_Server_API.app.main:<module>:2826 - Docs mounted at /docs-static from /Users/macbook-dev/Documents/GitHub/tldw_server2/Docs
2026-09-16 20:22:46.466 | INFO     | trace= span= tp= req= job= ps=: | tldw_Server_API.app.api.v1.router_groups.content:iter_content_router_specs:214 - Skipping audio router imports in pytest (set MINIMAL_TEST_INCLUDE_AUDIO=1 to enable)
2026-09-16 20:22:46.480 | INFO     | trace= span= tp= req= job= ps=: | tldw_Server_API.app.api.v1.router_registry:register_router_specs:49 - Route disabled by policy: research
2026-09-16 20:22:46.814 | INFO     | trace= span= tp= req= job= ps=: | tldw_Server_API.app.main:<module>:2901 - Registered 21 minimal-test routers from router groups
2026-09-16 20:22:46.814 | INFO     | trace= span= tp= req= job= ps=: | tldw_Server_API.app.api.v1.router_groups.minimal:iter_minimal_optional_router_specs:238 - Skipping audio routers in minimal test app (set MINIMAL_TEST_INCLUDE_AUDIO=1 to enable)
2026-09-16 20:22:46.814 | INFO     | trace= span= tp= req= job= ps=: | tldw_Server_API.app.api.v1.router_groups.minimal:iter_minimal_optional_router_specs:276 - Skipping audio-jobs router in minimal test app (set MINIMAL_TEST_INCLUDE_AUDIO_JOBS=1 to enable)
2026-09-16 20:22:48.339 | INFO     | trace= span= tp= req= job= ps=: | tldw_Server_API.app.main:<module>:2903 - Registered 99 optional minimal-test routers from router groups
----------------------------- Captured stderr call -----------------------------
2026-09-16 20:22:48.348 | INFO     | trace= span= tp= req= job= ps=: | tldw_Server_API.app.api.v1.API_Deps.ChaCha_Notes_DB_Deps:get_chacha_db_for_user:840 - <<<<< ACTUAL get_chacha_db_for_user CALLED >>>>>
--------------------------- Captured stderr teardown ---------------------------
2026-09-16 20:22:48.415 | INFO     | trace= span= tp= req= job= ps=: | tldw_Server_API.app.api.v1.API_Deps.ChaCha_Notes_DB_Deps:close_all_chacha_db_instances:876 - Closing all cached ChaChaNotesDB instances (1)...
2026-09-16 20:22:48.416 | INFO     | trace= span= tp= req= job= ps=: | tldw_Server_API.app.api.v1.API_Deps.ChaCha_Notes_DB_Deps:close_all_chacha_db_instances:880 - Closed ChaChaNotesDB instance for user /private/var/folders/sn/m80n2j152t9gw3w8qwk2nykh0000gn/T/pytest-of-macbook-dev/pytest-440/test_inflight_detached_worker_1/owner.
2026-09-16 20:22:48.416 | INFO     | trace= span= tp= req= job= ps=: | tldw_Server_API.app.api.v1.API_Deps.ChaCha_Notes_DB_Deps:close_all_chacha_db_instances:892 - All ChaChaNotesDB instances closed and cache cleared.
2026-09-16 20:22:48.416 | INFO     | trace= span= tp= req= job= ps=: | tldw_Server_API.app.api.v1.API_Deps.ChaCha_Notes_DB_Deps:close_all_chacha_db_instances:876 - Closing all cached ChaChaNotesDB instances (0)...
2026-09-16 20:22:48.416 | INFO     | trace= span= tp= req= job= ps=: | tldw_Server_API.app.api.v1.API_Deps.ChaCha_Notes_DB_Deps:close_all_chacha_db_instances:892 - All ChaChaNotesDB instances closed and cache cleared.
=========================== short test summary info ============================
FAILED tldw_Server_API/tests/DB_Management/test_chacha_postgres_http_operation_lifecycle.py::test_inflight_detached_worker_cannot_use_a_returned_http_checkout[response-finishes]
FAILED tldw_Server_API/tests/DB_Management/test_chacha_postgres_http_operation_lifecycle.py::test_inflight_detached_worker_cannot_use_a_returned_http_checkout[request-cancelled]
================ 2 failed, 35 deselected, 4 warnings in 12.05s =================
