============================= test session starts ==============================
platform darwin -- Python 3.11.13, pytest-8.4.1, pluggy-1.6.0
benchmark: 5.2.3 (defaults: timer=time.perf_counter disable_gc=False min_rounds=5 min_time=0.000005 max_time=1.0 calibration_precision=10 warmup=False warmup_iterations=100000)
Using --randomly-seed=3618529221
rootdir: /Users/macbook-dev/Documents/GitHub/tldw_server2
configfile: pyproject.toml
plugins: anyio-4.12.1, benchmark-5.2.3, locust-2.43.3, asyncio-1.1.0, xdist-3.8.0, split-0.11.0, timeout-2.4.0, randomly-4.1.0, hypothesis-6.138.2, cov-6.2.1, mock-3.14.1
asyncio: mode=Mode.AUTO, asyncio_default_fixture_loop_scope=function, asyncio_default_test_loop_scope=function
timeout: 300.0s
timeout method: thread
timeout func_only: False
collected 164 items

tldw_Server_API/tests/DB_Management/test_content_backend_cache.py ...... [  3%]
................                                                         [ 13%]
tldw_Server_API/tests/API_Deps/test_chacha_notes_db_deps_error_mapping.py . [ 14%]
........                                                                 [ 18%]
tldw_Server_API/tests/Chat/test_chacha_db_deps_error_mapping.py ........ [ 23%]
............                                                             [ 31%]
tldw_Server_API/tests/DB_Management/test_chacha_connection_typing.py .   [ 31%]
tldw_Server_API/tests/DB_Management/unit/test_postgres_pool_fallback.py . [ 32%]
.........                                                                [ 37%]
tldw_Server_API/tests/Chat/test_chacha_notes_db_deps_postgres_health.py . [ 38%]
....                                                                     [ 40%]
tldw_Server_API/tests/DB_Management/test_chacha_postgres_http_operation_lifecycle.py . [ 41%]
....................................................                     [ 73%]
tldw_Server_API/tests/DB_Management/unit/test_postgres_transaction_manager.py . [ 73%]
..........                                                               [ 79%]
tldw_Server_API/tests/DB_Management/test_chacha_postgres_transactions.py . [ 80%]
.                                                                        [ 81%]
tldw_Server_API/tests/Chat/test_chacha_runtime_contract.py ..            [ 82%]
tldw_Server_API/tests/DB_Management/test_chacha_operation_scope.py ..... [ 85%]
..............                                                           [ 93%]
tldw_Server_API/tests/Chat/test_chacha_notes_db_deps_sqlite_policy.py .. [ 95%]
........                                                                 [100%]2026-09-16 20:44:34.513 | INFO     | trace= span= tp= req= job= ps=: | tldw_Server_API.app.core.config:_buffered_log:210 - Determined ACTUAL_PROJECT_ROOT for database paths: /Users/macbook-dev/Documents/GitHub/tldw_server2
2026-09-16 20:44:34.514 | INFO     | trace= span= tp= req= job= ps=: | tldw_Server_API.app.core.config:_buffered_log:210 - Early loading environment variables from: /Users/macbook-dev/Documents/GitHub/tldw_server2/tldw_Server_API/Config_Files/.env
2026-09-16 20:44:34.519 | INFO     | trace= span= tp= req= job= ps=: | tldw_Server_API.app.core.config:_buffered_log:210 - Early loading environment variables from: /Users/macbook-dev/Documents/GitHub/tldw_server2/tldw_Server_API/Config_Files/.ENV
2026-09-16 20:44:34.525 | INFO     | trace= span= tp= req= job= ps=: | tldw_Server_API.app.core.config:_buffered_log:210 - Loading environment variables from: /Users/macbook-dev/Documents/GitHub/tldw_server2/tldw_Server_API/Config_Files/.env
2026-09-16 20:44:34.530 | INFO     | trace= span= tp= req= job= ps=: | tldw_Server_API.app.core.config:_buffered_log:210 - Loading environment variables from: /Users/macbook-dev/Documents/GitHub/tldw_server2/tldw_Server_API/Config_Files/.ENV
2026-09-16 20:44:34.536 | INFO     | trace= span= tp= req= job= ps=: | tldw_Server_API.app.core.config:_buffered_log:210 - Attempting to load comprehensive config from: /Users/macbook-dev/Documents/GitHub/tldw_server2/tldw_Server_API/Config_Files/config.txt
2026-09-16 20:44:34.538 | INFO     | trace= span= tp= req= job= ps=: | tldw_Server_API.app.core.config:_buffered_log:210 - load_comprehensive_config(): Sections found in config: ['Setup', 'UI', 'Server', 'Files', 'Image-Generation', 'ACP', 'WORKSPACES', 'ACP-WORKSPACE', 'ACP-SANDBOX', 'Audit', 'Processing', 'Media-Processing', 'Chat-Dictionaries', 'Chat-Module', 'Chat-Commands', 'Chat-Templating', 'Character-Chat', 'Settings', 'Auto-Save', 'Prompts', 'Database', 'Chunking', 'Visual-RAG', 'AuthNZ', 'Streaming', 'HTTP', 'Egress', 'Embeddings', 'Claims', 'ClaimsMonitoring', 'RAG', 'Search-Agent', 'ResourceGovernor', 'Jobs', 'SlidesStandaloneHtml', 'Diarization', 'API', 'MLX', 'Local-API', 'LlamaCpp', 'STT-Settings', 'external_providers', 'TTS-Settings', 'VibeVoice', 'Audio-Quota', 'API-Routes', 'Search-Engines', 'Web-Scraper', 'Logging', 'Moderation', 'Redis', 'Web-Scraping', 'personalization', 'persona', 'persona.rbac']
2026-09-16 20:44:34.541 | INFO     | trace= span= tp= req= job= ps=: | tldw_Server_API.app.core.config:_buffered_log:210 - Ensured main SQLite database directory exists: /Users/macbook-dev/Documents/GitHub/tldw_server2/Databases
2026-09-16 20:44:34.541 | INFO     | trace= span= tp= req= job= ps=: | tldw_Server_API.app.core.config:_buffered_log:210 - Ensured user data base directory exists: Databases/user_databases
2026-09-16 20:44:34.541 | INFO     | trace= span= tp= req= job= ps=: | tldw_Server_API.app.api.v1.API_Deps.Audit_DB_Deps:shutdown_all_audit_services:1034 - Shutting down audit services for 0 instances...
2026-09-16 20:44:34.541 | INFO     | trace= span= tp= req= job= ps=: | tldw_Server_API.app.api.v1.API_Deps.Audit_DB_Deps:shutdown_all_audit_services:1091 - All audit services shut down successfully.
2026-09-16 20:44:34.554 | WARNING  | trace= span= tp= req= job= ps=: | tldw_Server_API.app.core.AuthNZ.settings:_validate_api_key:1013 - SINGLE_USER_API_KEY uses a legacy format; generate a new server-generated key for improved security.
2026-09-16 20:44:34.554 | INFO     | trace= span= tp= req= job= ps=: | tldw_Server_API.app.core.AuthNZ.settings:get_settings:1588 - Settings initialized - Auth mode: single_user, profile=local-single-user
2026-09-16 20:44:34.554 | INFO     | trace= span= tp= req= job= ps=: | tldw_Server_API.app.core.AuthNZ.db_config:_detect_backend:83 - Detected database backend: sqlite
2026-09-16 20:44:34.556 | WARNING  | trace= span= tp= req= job= ps=: | tldw_Server_API.app.core.DB_Management.db_path_utils:resolve_user_db_base_dir:491 - USER_DB_BASE_DIR not configured in tests, using isolated fallback: /private/var/folders/sn/m80n2j152t9gw3w8qwk2nykh0000gn/T/tldw_user_databases_test/default-eeb7e5d6
2026-09-16 20:44:34.557 | INFO     | trace= span= tp= req= job= ps=: | tldw_Server_API.app.core.DB_Management.Workflows_Scheduler_DB:__init__:210 - WorkflowsSchedulerDB using SQLite path: /private/var/folders/sn/m80n2j152t9gw3w8qwk2nykh0000gn/T/tldw_user_databases_test/default-eeb7e5d6/1/workflows/workflows_scheduler.db
2026-09-16 20:44:34.557 | INFO     | trace= span= tp= req= job= ps=: | tldw_Server_API.app.services.workflows_scheduler:stop:183 - Workflows recurring scheduler stopped
2026-09-16 20:44:34.558 | INFO     | trace= span= tp= req= job= ps=: | tldw_Server_API.app.api.v1.API_Deps.ChaCha_Notes_DB_Deps:close_all_chacha_db_instances:876 - Closing all cached ChaChaNotesDB instances (0)...
2026-09-16 20:44:34.558 | INFO     | trace= span= tp= req= job= ps=: | tldw_Server_API.app.api.v1.API_Deps.ChaCha_Notes_DB_Deps:close_all_chacha_db_instances:892 - All ChaChaNotesDB instances closed and cache cleared.


================= 164 passed, 22 warnings in 117.46s (0:01:57) =================
