
 RUN  v4.0.18 /Users/macbook-dev/Documents/GitHub/tldw_server2/apps/packages/ui

(node:85731) ExperimentalWarning: localStorage is not available because --localstorage-file was not provided.
(Use `node --trace-warnings ...` to show where the warning was created)
(node:85730) ExperimentalWarning: localStorage is not available because --localstorage-file was not provided.
(Use `node --trace-warnings ...` to show where the warning was created)
stdout | src/components/Option/Playground/__tests__/PlaygroundForm.openui-mode.test.tsx > Home source handoff through the real Chat and RAG send boundary > retrieves Rowan before generation with old Cedar history ('restore-first', prior source=false)
Using ragMode

stdout | src/components/Option/Playground/__tests__/PlaygroundForm.openui-mode.test.tsx > Home source handoff through the real Chat and RAG send boundary > retrieves Rowan before generation with old Cedar history ('handoff-first', prior source=false)
Using ragMode

stdout | src/components/Option/Playground/__tests__/PlaygroundForm.openui-mode.test.tsx > Home source handoff through the real Chat and RAG send boundary > retrieves Rowan before generation with old Cedar history ('restore-first', prior source=true)
Using ragMode

stdout | src/components/Option/Playground/__tests__/PlaygroundForm.openui-mode.test.tsx > Home source handoff through the real Chat and RAG send boundary > retrieves Rowan before generation with old Cedar history ('handoff-first', prior source=true)
Using ragMode

stdout | src/components/Option/Playground/__tests__/PlaygroundForm.openui-mode.test.tsx > Home source handoff through the real Chat and RAG send boundary > retrieves Rowan before generation with old Cedar history ('handoff-before-restore', prior source=true)
Using ragMode

stdout | src/components/Option/Playground/__tests__/PlaygroundForm.openui-mode.test.tsx > Home source handoff through the real Chat and RAG send boundary > does not generate from the old conversation after empty selected-source retrieval
Using ragMode

stdout | src/components/Option/Playground/__tests__/PlaygroundForm.openui-mode.test.tsx > Home source handoff through the real Chat and RAG send boundary > does not generate from the old conversation after error selected-source retrieval
Using ragMode

stdout | src/components/Option/Playground/__tests__/PlaygroundForm.openui-mode.test.tsx > Home source handoff through the real Chat and RAG send boundary > keeps a full-content ordinary handoff on the ordinary path
Using normalChatMode

stdout | src/components/Option/Playground/__tests__/PlaygroundForm.openui-mode.test.tsx > Home source handoff through the real Chat and RAG send boundary > does not publish a late source answer after the captured request authority is invalidated
Using ragMode

 ✓ src/components/Option/Playground/__tests__/PlaygroundForm.openui-mode.test.tsx (22 tests) 1657ms
(node:85774) ExperimentalWarning: localStorage is not available because --localstorage-file was not provided.
(Use `node --trace-warnings ...` to show where the warning was created)
 ✓ src/hooks/__tests__/usePlaygroundSessionPersistence.test.tsx (10 tests) 863ms
(node:85783) ExperimentalWarning: localStorage is not available because --localstorage-file was not provided.
(Use `node --trace-warnings ...` to show where the warning was created)
 ✓ src/hooks/chat/__tests__/useChatActions.service-prompts.test.tsx (28 tests) 43ms
(node:85790) ExperimentalWarning: localStorage is not available because --localstorage-file was not provided.
(Use `node --trace-warnings ...` to show where the warning was created)
 ✓ src/hooks/chat-modes/__tests__/ragMode.sanitization.test.ts (13 tests) 5ms
(node:85791) ExperimentalWarning: localStorage is not available because --localstorage-file was not provided.
(Use `node --trace-warnings ...` to show where the warning was created)
 ✓ src/routes/__tests__/option-index.setup-flow.test.tsx (6 tests) 91ms
(node:85794) ExperimentalWarning: localStorage is not available because --localstorage-file was not provided.
(Use `node --trace-warnings ...` to show where the warning was created)
 ✓ src/hooks/chat/__tests__/chat-action-utils.rag-overrides.test.ts (12 tests) 2ms
(node:85796) ExperimentalWarning: localStorage is not available because --localstorage-file was not provided.
(Use `node --trace-warnings ...` to show where the warning was created)
 ✓ src/services/__tests__/media-chat-handoff.test.ts (4 tests) 2ms
 ✓ src/components/Option/Playground/__tests__/Playground.coordinator.integration.test.tsx (59 tests) 15214ms
     ✓ uses canonical ordinary workflow after history load despite a persisted Character preference  340ms
     ✓ keeps the saved target while a raw preference change suppresses a late profile (same turn false)  515ms
     ✓ keeps the saved target while a raw preference change suppresses a late profile (same turn true)  515ms
     ✓ preserves canonical saved identity with actual WebUI storage and six loaders: sidebar  382ms
     ✓ uses the real picker to deliberately select Robot with a saved target  680ms
     ✓ uses the real picker to deliberately select New choice with a saved target  627ms
     ✓ UAT068 replaces a fully loaded saved Character from its search route without restoring it  1136ms
     ✓ UAT068 replaces a fully loaded saved Character from its hash route without restoring it  951ms
     ✓ UAT068 replaces a fully loaded saved Character from its roundtrip route without restoring it  1646ms
     ✓ UAT068 clear survives a 0ms route commit without restoring the saved Character  654ms
     ✓ UAT068 clear survives a 70ms route commit without restoring the saved Character  622ms
     ✓ UAT068 rejects cancel before retiring the owned saved route  470ms
     ✓ keeps the saved conversation and preference after cancelling the real legacy picker confirmation  668ms

 Test Files  8 passed (8)
      Tests  154 passed (154)
   Start at  08:23:36
   Duration  17.98s (transform 2.36s, setup 549ms, import 5.41s, tests 17.88s, environment 2.01s)
