============================= test session starts ==============================
platform darwin -- Python 3.11.13, pytest-8.4.1, pluggy-1.6.0
benchmark: 5.2.3 (defaults: timer=time.perf_counter disable_gc=False min_rounds=5 min_time=0.000005 max_time=1.0 calibration_precision=10 warmup=False warmup_iterations=100000)
Using --randomly-seed=3919087419
rootdir: /Users/macbook-dev/Documents/GitHub/tldw_server2
configfile: pyproject.toml
plugins: anyio-4.12.1, benchmark-5.2.3, locust-2.43.3, asyncio-1.1.0, xdist-3.8.0, split-0.11.0, timeout-2.4.0, randomly-4.1.0, hypothesis-6.138.2, cov-6.2.1, mock-3.14.1
asyncio: mode=Mode.AUTO, asyncio_default_fixture_loop_scope=function, asyncio_default_test_loop_scope=function
timeout: 300.0s
timeout method: thread
timeout func_only: False
collected 114 items

tldw_Server_API/tests/DB_Management/test_media_db_schema_bootstrap.py .. [  1%]
........................................................................ [ 64%]
......................                                                   [ 84%]
tldw_Server_API/tests/DB_Management/test_chacha_postgres_sequence_ownership.py . [ 85%]
F.                                                                       [ 86%]
tldw_Server_API/tests/DB_Management/test_media_postgres_sequence_ownership.py . [ 87%]
..                                                                       [ 89%]
tldw_Server_API/tests/DB_Management/test_media_postgres_sequence_monotonicity.py . [ 90%]
..........                                                               [ 99%]
tldw_Server_API/tests/DB_Management/test_media_postgres_migrations.py .  [100%]

=================================== FAILURES ===================================
______ test_concurrent_chacha_bootstrap_and_media_reopen_do_not_deadlock _______
tldw_Server_API/tests/DB_Management/test_chacha_postgres_sequence_ownership.py:114: in test_concurrent_chacha_bootstrap_and_media_reopen_do_not_deadlock
    assert boundary_errors == []
E   assert ['ALTER TABLE...VEL SECURITY'] == []
E     
E     Left contains one more item: 'ALTER TABLE "sync_log" ENABLE ROW LEVEL SECURITY'
E     Use -v to get more diff
----------------------------- Captured stderr call -----------------------------
2026-09-17 11:31:05.034 | INFO     | tldw_Server_API.app.core.DB_Management.backends.factory:create_backend:392 - Creating postgresql backend
2026-09-17 11:31:05.034 | INFO     | tldw_Server_API.app.core.DB_Management.media_db.runtime.bootstrap_lifecycle_ops:initialize_media_database:79 - Initializing Database object for path: :memory: [Client ID: 1]
2026-09-17 11:31:05.042 | DEBUG    | tldw_Server_API.app.core.DB_Management.media_db.schema.features.core_media:apply_postgres_core_media_schema:420 - Applying Postgres base table DDL: CREATE TABLE IF NOT EXISTS schema_version ( version BIGINT PRIMARY KEY NOT NULL );...
2026-09-17 11:31:05.043 | DEBUG    | tldw_Server_API.app.core.DB_Management.media_db.schema.features.core_media:apply_postgres_core_media_schema:420 - Applying Postgres base table DDL: CREATE TABLE IF NOT EXISTS Media ( id BIGSERIAL PRIMARY KEY, url TEXT UNIQUE, title TEXT NOT NULL, type TEXT NOT NULL, c...
2026-09-17 11:31:05.045 | DEBUG    | tldw_Server_API.app.core.DB_Management.media_db.schema.features.core_media:apply_postgres_core_media_schema:420 - Applying Postgres base table DDL: CREATE TABLE IF NOT EXISTS Keywords ( id BIGSERIAL PRIMARY KEY, keyword TEXT NOT NULL UNIQUE , uuid TEXT UNIQUE NOT NULL...
2026-09-17 11:31:05.046 | DEBUG    | tldw_Server_API.app.core.DB_Management.media_db.schema.features.core_media:apply_postgres_core_media_schema:420 - Applying Postgres base table DDL: CREATE TABLE IF NOT EXISTS MediaKeywords ( id BIGSERIAL PRIMARY KEY, media_id INTEGER NOT NULL, keyword_id INTEGER NOT N...
2026-09-17 11:31:05.047 | DEBUG    | tldw_Server_API.app.core.DB_Management.media_db.schema.features.core_media:apply_postgres_core_media_schema:420 - Applying Postgres base table DDL: CREATE TABLE IF NOT EXISTS OperationOwnedCloneKeywords ( media_id INTEGER NOT NULL, keyword TEXT NOT NULL CHECK ( length...
2026-09-17 11:31:05.048 | DEBUG    | tldw_Server_API.app.core.DB_Management.media_db.schema.features.core_media:apply_postgres_core_media_schema:420 - Applying Postgres base table DDL: CREATE TABLE IF NOT EXISTS Transcripts ( id BIGSERIAL PRIMARY KEY, media_id INTEGER NOT NULL, whisper_model TEXT, transc...
2026-09-17 11:31:05.049 | DEBUG    | tldw_Server_API.app.core.DB_Management.media_db.schema.features.core_media:apply_postgres_core_media_schema:420 - Applying Postgres base table DDL: CREATE TABLE IF NOT EXISTS MediaChunks ( id BIGSERIAL PRIMARY KEY, media_id INTEGER NOT NULL, chunk_text TEXT NOT NULL, ...
2026-09-17 11:31:05.050 | DEBUG    | tldw_Server_API.app.core.DB_Management.media_db.schema.features.core_media:apply_postgres_core_media_schema:420 - Applying Postgres base table DDL: CREATE TABLE IF NOT EXISTS UnvectorizedMediaChunks ( id BIGSERIAL PRIMARY KEY, media_id INTEGER NOT NULL, chunk_text TEX...
2026-09-17 11:31:05.051 | DEBUG    | tldw_Server_API.app.core.DB_Management.media_db.schema.features.core_media:apply_postgres_core_media_schema:420 - Applying Postgres base table DDL: CREATE TABLE IF NOT EXISTS VisualDocuments ( id BIGSERIAL PRIMARY KEY, media_id INTEGER NOT NULL, location TEXT, page_nu...
2026-09-17 11:31:05.052 | DEBUG    | tldw_Server_API.app.core.DB_Management.media_db.schema.features.core_media:apply_postgres_core_media_schema:420 - Applying Postgres base table DDL: CREATE TABLE IF NOT EXISTS DocumentVersions ( id BIGSERIAL PRIMARY KEY, media_id INTEGER NOT NULL, version_number INTEGE...
2026-09-17 11:31:05.053 | DEBUG    | tldw_Server_API.app.core.DB_Management.media_db.schema.features.core_media:apply_postgres_core_media_schema:420 - Applying Postgres base table DDL: CREATE TABLE IF NOT EXISTS DocumentVersionIdentifiers ( dv_id BIGINT PRIMARY KEY, doi TEXT, pmid TEXT, pmcid TEXT, arxiv...
2026-09-17 11:31:05.054 | DEBUG    | tldw_Server_API.app.core.DB_Management.media_db.schema.features.core_media:apply_postgres_core_media_schema:420 - Applying Postgres base table DDL: CREATE TABLE IF NOT EXISTS DocumentStructureIndex ( id BIGSERIAL PRIMARY KEY, media_id INTEGER NOT NULL, parent_id INTEG...
2026-09-17 11:31:05.055 | DEBUG    | tldw_Server_API.app.core.DB_Management.media_db.schema.features.core_media:apply_postgres_core_media_schema:420 - Applying Postgres base table DDL: CREATE TABLE IF NOT EXISTS sync_log ( change_id BIGSERIAL PRIMARY KEY, entity TEXT NOT NULL, entity_uuid TEXT NOT NULL, ...
2026-09-17 11:31:05.056 | DEBUG    | tldw_Server_API.app.core.DB_Management.media_db.schema.features.core_media:apply_postgres_core_media_schema:420 - Applying Postgres base table DDL: CREATE TABLE IF NOT EXISTS ChunkingTemplates ( id BIGSERIAL PRIMARY KEY, uuid TEXT UNIQUE NOT NULL, name TEXT NOT NULL, ...
2026-09-17 11:31:05.057 | DEBUG    | tldw_Server_API.app.core.DB_Management.media_db.schema.features.core_media:apply_postgres_core_media_schema:420 - Applying Postgres base table DDL: CREATE TABLE IF NOT EXISTS Claims ( id BIGSERIAL PRIMARY KEY, media_id INTEGER NOT NULL, chunk_index INTEGER NOT NULL, s...
2026-09-17 11:31:05.058 | DEBUG    | tldw_Server_API.app.core.DB_Management.media_db.schema.features.core_media:apply_postgres_core_media_schema:420 - Applying Postgres base table DDL: CREATE TABLE IF NOT EXISTS claims_review_log ( id BIGSERIAL PRIMARY KEY, claim_id INTEGER NOT NULL, old_status TEXT, new...
2026-09-17 11:31:05.059 | DEBUG    | tldw_Server_API.app.core.DB_Management.media_db.schema.features.core_media:apply_postgres_core_media_schema:420 - Applying Postgres base table DDL: CREATE TABLE IF NOT EXISTS claims_review_extractor_metrics_daily ( id BIGSERIAL PRIMARY KEY, user_id TEXT NOT NULL, repo...
2026-09-17 11:31:05.060 | DEBUG    | tldw_Server_API.app.core.DB_Management.media_db.schema.features.core_media:apply_postgres_core_media_schema:420 - Applying Postgres base table DDL: CREATE TABLE IF NOT EXISTS claims_review_rules ( id BIGSERIAL PRIMARY KEY, user_id TEXT NOT NULL, priority INTEGER NOT N...
2026-09-17 11:31:05.061 | DEBUG    | tldw_Server_API.app.core.DB_Management.media_db.schema.features.core_media:apply_postgres_core_media_schema:420 - Applying Postgres base table DDL: CREATE TABLE IF NOT EXISTS claims_monitoring_events ( id BIGSERIAL PRIMARY KEY, user_id TEXT NOT NULL, event_type TEXT N...
2026-09-17 11:31:05.061 | DEBUG    | tldw_Server_API.app.core.DB_Management.media_db.schema.features.core_media:apply_postgres_core_media_schema:420 - Applying Postgres base table DDL: CREATE TABLE IF NOT EXISTS claims_monitoring_settings ( id BIGSERIAL PRIMARY KEY, user_id TEXT NOT NULL, threshold_ratio...
2026-09-17 11:31:05.062 | DEBUG    | tldw_Server_API.app.core.DB_Management.media_db.schema.features.core_media:apply_postgres_core_media_schema:420 - Applying Postgres base table DDL: CREATE TABLE IF NOT EXISTS claims_monitoring_alerts ( id BIGSERIAL PRIMARY KEY, user_id TEXT NOT NULL, name TEXT NOT NUL...
2026-09-17 11:31:05.063 | DEBUG    | tldw_Server_API.app.core.DB_Management.media_db.schema.features.core_media:apply_postgres_core_media_schema:420 - Applying Postgres base table DDL: CREATE TABLE IF NOT EXISTS claims_monitoring_config ( id BIGSERIAL PRIMARY KEY, user_id TEXT NOT NULL, threshold_ratio D...
2026-09-17 11:31:05.064 | DEBUG    | tldw_Server_API.app.core.DB_Management.media_db.schema.features.core_media:apply_postgres_core_media_schema:420 - Applying Postgres base table DDL: CREATE TABLE IF NOT EXISTS claims_monitoring_health ( id BIGSERIAL PRIMARY KEY, user_id TEXT NOT NULL, queue_size INTEGE...
2026-09-17 11:31:05.065 | DEBUG    | tldw_Server_API.app.core.DB_Management.media_db.schema.features.core_media:apply_postgres_core_media_schema:420 - Applying Postgres base table DDL: CREATE TABLE IF NOT EXISTS claims_analytics_exports ( export_id TEXT PRIMARY KEY, user_id TEXT NOT NULL, format TEXT NOT...
2026-09-17 11:31:05.065 | DEBUG    | tldw_Server_API.app.core.DB_Management.media_db.schema.features.core_media:apply_postgres_core_media_schema:420 - Applying Postgres base table DDL: CREATE TABLE IF NOT EXISTS claims_notifications ( id BIGSERIAL PRIMARY KEY, user_id TEXT NOT NULL, kind TEXT NOT NULL, t...
2026-09-17 11:31:05.066 | DEBUG    | tldw_Server_API.app.core.DB_Management.media_db.schema.features.core_media:apply_postgres_core_media_schema:420 - Applying Postgres base table DDL: CREATE TABLE IF NOT EXISTS claim_clusters ( id BIGSERIAL PRIMARY KEY, user_id TEXT NOT NULL, canonical_claim_text TEXT, ...
2026-09-17 11:31:05.067 | DEBUG    | tldw_Server_API.app.core.DB_Management.media_db.schema.features.core_media:apply_postgres_core_media_schema:420 - Applying Postgres base table DDL: CREATE TABLE IF NOT EXISTS claim_cluster_membership ( cluster_id INTEGER NOT NULL, claim_id INTEGER NOT NULL, similarity...
2026-09-17 11:31:05.067 | DEBUG    | tldw_Server_API.app.core.DB_Management.media_db.schema.features.core_media:apply_postgres_core_media_schema:420 - Applying Postgres base table DDL: CREATE TABLE IF NOT EXISTS claim_cluster_links ( parent_cluster_id INTEGER NOT NULL, child_cluster_id INTEGER NOT NULL, ...
2026-09-17 11:31:05.068 | DEBUG    | tldw_Server_API.app.core.DB_Management.media_db.schema.features.core_media:apply_postgres_core_media_schema:420 - Applying Postgres base table DDL: CREATE TABLE IF NOT EXISTS MediaFiles ( id BIGSERIAL PRIMARY KEY, media_id INTEGER NOT NULL, file_type TEXT NOT NULL DEF...
2026-09-17 11:31:05.069 | DEBUG    | tldw_Server_API.app.core.DB_Management.media_db.schema.features.core_media:apply_postgres_core_media_schema:420 - Applying Postgres base table DDL: CREATE TABLE IF NOT EXISTS tts_history ( id BIGSERIAL PRIMARY KEY, user_id TEXT NOT NULL, created_at TEXT NOT NULL, text...
2026-09-17 11:31:05.069 | DEBUG    | tldw_Server_API.app.core.DB_Management.media_db.schema.features.core_media:apply_postgres_core_media_schema:420 - Applying Postgres base table DDL: CREATE TABLE IF NOT EXISTS audio_presets ( id TEXT PRIMARY KEY, user_id TEXT NOT NULL, kind TEXT NOT NULL, name TEXT NOT...
2026-09-17 11:31:05.070 | DEBUG    | tldw_Server_API.app.core.DB_Management.media_db.schema.features.core_media:apply_postgres_core_media_schema:420 - Applying Postgres base table DDL: CREATE TABLE IF NOT EXISTS data_tables ( id BIGSERIAL PRIMARY KEY, uuid TEXT UNIQUE NOT NULL, name TEXT NOT NULL, descri...
2026-09-17 11:31:05.071 | DEBUG    | tldw_Server_API.app.core.DB_Management.media_db.schema.features.core_media:apply_postgres_core_media_schema:420 - Applying Postgres base table DDL: CREATE TABLE IF NOT EXISTS data_table_columns ( id BIGSERIAL PRIMARY KEY, table_id INTEGER NOT NULL, column_id TEXT NOT ...
2026-09-17 11:31:05.072 | DEBUG    | tldw_Server_API.app.core.DB_Management.media_db.schema.features.core_media:apply_postgres_core_media_schema:420 - Applying Postgres base table DDL: CREATE TABLE IF NOT EXISTS data_table_rows ( id BIGSERIAL PRIMARY KEY, table_id INTEGER NOT NULL, row_id TEXT NOT NULL, ...
2026-09-17 11:31:05.074 | DEBUG    | tldw_Server_API.app.core.DB_Management.media_db.schema.features.core_media:apply_postgres_core_media_schema:420 - Applying Postgres base table DDL: CREATE TABLE IF NOT EXISTS data_table_sources ( id BIGSERIAL PRIMARY KEY, table_id INTEGER NOT NULL, source_type TEXT NO...
2026-09-17 11:31:05.074 | DEBUG    | tldw_Server_API.app.core.DB_Management.media_db.schema.features.core_media:apply_postgres_core_media_schema:424 - Applying Postgres base initializer DDL: INSERT INTO schema_version (version) VALUES (0) ON CONFLICT DO NOTHING;...
2026-09-17 11:31:05.075 | DEBUG    | tldw_Server_API.app.core.DB_Management.media_db.schema.features.core_media:apply_postgres_core_media_schema:424 - Applying Postgres base initializer DDL: CREATE INDEX IF NOT EXISTS idx_claims_media_id ON Claims(media_id);...
2026-09-17 11:31:05.075 | DEBUG    | tldw_Server_API.app.core.DB_Management.media_db.schema.features.core_media:apply_postgres_core_media_schema:424 - Applying Postgres base initializer DDL: CREATE INDEX IF NOT EXISTS idx_claims_media_chunk ON Claims(media_id, chunk_index);...
2026-09-17 11:31:05.075 | DEBUG    | tldw_Server_API.app.core.DB_Management.media_db.schema.features.core_media:apply_postgres_core_media_schema:424 - Applying Postgres base initializer DDL: CREATE UNIQUE INDEX IF NOT EXISTS idx_claims_uuid ON Claims(uuid);...
2026-09-17 11:31:05.076 | DEBUG    | tldw_Server_API.app.core.DB_Management.media_db.schema.features.core_media:apply_postgres_core_media_schema:424 - Applying Postgres base initializer DDL: CREATE INDEX IF NOT EXISTS idx_claims_deleted ON Claims(deleted);...
2026-09-17 11:31:05.076 | DEBUG    | tldw_Server_API.app.core.DB_Management.media_db.schema.features.core_media:apply_postgres_core_media_schema:424 - Applying Postgres base initializer DDL: CREATE INDEX IF NOT EXISTS idx_claims_review_status ON Claims(review_status);...
2026-09-17 11:31:05.077 | DEBUG    | tldw_Server_API.app.core.DB_Management.media_db.schema.features.core_media:apply_postgres_core_media_schema:424 - Applying Postgres base initializer DDL: CREATE INDEX IF NOT EXISTS idx_claims_reviewer_id ON Claims(reviewer_id);...
2026-09-17 11:31:05.077 | DEBUG    | tldw_Server_API.app.core.DB_Management.media_db.schema.features.core_media:apply_postgres_core_media_schema:424 - Applying Postgres base initializer DDL: CREATE INDEX IF NOT EXISTS idx_claims_review_group ON Claims(review_group);...
2026-09-17 11:31:05.077 | DEBUG    | tldw_Server_API.app.core.DB_Management.media_db.schema.features.core_media:apply_postgres_core_media_schema:424 - Applying Postgres base initializer DDL: CREATE INDEX IF NOT EXISTS idx_claims_cluster_id ON Claims(claim_cluster_id);...
2026-09-17 11:31:05.077 | DEBUG    | tldw_Server_API.app.core.DB_Management.media_db.schema.features.core_media:apply_postgres_core_media_schema:424 - Applying Postgres base initializer DDL: CREATE INDEX IF NOT EXISTS idx_claims_review_log_claim ON claims_review_log(claim_id);...
2026-09-17 11:31:05.078 | DEBUG    | tldw_Server_API.app.core.DB_Management.media_db.schema.features.core_media:apply_postgres_core_media_schema:424 - Applying Postgres base initializer DDL: CREATE INDEX IF NOT EXISTS idx_claims_review_log_reviewer ON claims_review_log(reviewer_id);...
2026-09-17 11:31:05.078 | DEBUG    | tldw_Server_API.app.core.DB_Management.media_db.schema.features.core_media:apply_postgres_core_media_schema:424 - Applying Postgres base initializer DDL: CREATE INDEX IF NOT EXISTS idx_claims_review_log_created ON claims_review_log(created_at);...
2026-09-17 11:31:05.079 | DEBUG    | tldw_Server_API.app.core.DB_Management.media_db.schema.features.core_media:apply_postgres_core_media_schema:424 - Applying Postgres base initializer DDL: CREATE INDEX IF NOT EXISTS idx_claims_review_metrics_user ON claims_review_extractor_metrics_daily(user_id);...
2026-09-17 11:31:05.079 | DEBUG    | tldw_Server_API.app.core.DB_Management.media_db.schema.features.core_media:apply_postgres_core_media_schema:424 - Applying Postgres base initializer DDL: CREATE INDEX IF NOT EXISTS idx_claims_review_metrics_date ON claims_review_extractor_metrics_daily(report_date);...
2026-09-17 11:31:05.079 | DEBUG    | tldw_Server_API.app.core.DB_Management.media_db.schema.features.core_media:apply_postgres_core_media_schema:424 - Applying Postgres base initializer DDL: CREATE INDEX IF NOT EXISTS idx_claims_review_metrics_extractor ON claims_review_extractor_metrics_daily(extractor);...
2026-09-17 11:31:05.079 | DEBUG    | tldw_Server_API.app.core.DB_Management.media_db.schema.features.core_media:apply_postgres_core_media_schema:424 - Applying Postgres base initializer DDL: CREATE INDEX IF NOT EXISTS idx_claims_review_rules_user ON claims_review_rules(user_id);...
2026-09-17 11:31:05.080 | DEBUG    | tldw_Server_API.app.core.DB_Management.media_db.schema.features.core_media:apply_postgres_core_media_schema:424 - Applying Postgres base initializer DDL: CREATE INDEX IF NOT EXISTS idx_claims_review_rules_active ON claims_review_rules(active);...
2026-09-17 11:31:05.080 | DEBUG    | tldw_Server_API.app.core.DB_Management.media_db.schema.features.core_media:apply_postgres_core_media_schema:424 - Applying Postgres base initializer DDL: CREATE INDEX IF NOT EXISTS idx_claims_monitoring_events_user ON claims_monitoring_events(user_id);...
2026-09-17 11:31:05.080 | DEBUG    | tldw_Server_API.app.core.DB_Management.media_db.schema.features.core_media:apply_postgres_core_media_schema:424 - Applying Postgres base initializer DDL: CREATE INDEX IF NOT EXISTS idx_claims_monitoring_events_user_created_id ON claims_monitoring_events(user_id, created_at,...
2026-09-17 11:31:05.081 | DEBUG    | tldw_Server_API.app.core.DB_Management.media_db.schema.features.core_media:apply_postgres_core_media_schema:424 - Applying Postgres base initializer DDL: CREATE INDEX IF NOT EXISTS idx_claims_monitoring_events_user_id ON claims_monitoring_events(user_id, id);...
2026-09-17 11:31:05.081 | DEBUG    | tldw_Server_API.app.core.DB_Management.media_db.schema.features.core_media:apply_postgres_core_media_schema:424 - Applying Postgres base initializer DDL: CREATE INDEX IF NOT EXISTS idx_claims_monitoring_events_type ON claims_monitoring_events(event_type);...
2026-09-17 11:31:05.081 | DEBUG    | tldw_Server_API.app.core.DB_Management.media_db.schema.features.core_media:apply_postgres_core_media_schema:424 - Applying Postgres base initializer DDL: CREATE INDEX IF NOT EXISTS idx_claims_monitoring_events_delivered ON claims_monitoring_events(delivered_at);...
2026-09-17 11:31:05.081 | DEBUG    | tldw_Server_API.app.core.DB_Management.media_db.schema.features.core_media:apply_postgres_core_media_schema:424 - Applying Postgres base initializer DDL: CREATE UNIQUE INDEX IF NOT EXISTS idx_claims_monitoring_settings_user ON claims_monitoring_settings(user_id);...
2026-09-17 11:31:05.081 | DEBUG    | tldw_Server_API.app.core.DB_Management.media_db.schema.features.core_media:apply_postgres_core_media_schema:424 - Applying Postgres base initializer DDL: CREATE INDEX IF NOT EXISTS idx_claims_monitoring_alerts_user ON claims_monitoring_alerts(user_id);...
2026-09-17 11:31:05.082 | DEBUG    | tldw_Server_API.app.core.DB_Management.media_db.schema.features.core_media:apply_postgres_core_media_schema:424 - Applying Postgres base initializer DDL: CREATE INDEX IF NOT EXISTS idx_claims_monitoring_user ON claims_monitoring_config(user_id);...
2026-09-17 11:31:05.082 | DEBUG    | tldw_Server_API.app.core.DB_Management.media_db.schema.features.core_media:apply_postgres_core_media_schema:424 - Applying Postgres base initializer DDL: CREATE UNIQUE INDEX IF NOT EXISTS idx_claims_monitoring_health_user ON claims_monitoring_health(user_id);...
2026-09-17 11:31:05.082 | DEBUG    | tldw_Server_API.app.core.DB_Management.media_db.schema.features.core_media:apply_postgres_core_media_schema:424 - Applying Postgres base initializer DDL: CREATE INDEX IF NOT EXISTS idx_claims_analytics_exports_user ON claims_analytics_exports(user_id);...
2026-09-17 11:31:05.082 | DEBUG    | tldw_Server_API.app.core.DB_Management.media_db.schema.features.core_media:apply_postgres_core_media_schema:424 - Applying Postgres base initializer DDL: CREATE INDEX IF NOT EXISTS idx_claims_analytics_exports_job_id ON claims_analytics_exports(job_id);...
2026-09-17 11:31:05.083 | DEBUG    | tldw_Server_API.app.core.DB_Management.media_db.schema.features.core_media:apply_postgres_core_media_schema:424 - Applying Postgres base initializer DDL: CREATE INDEX IF NOT EXISTS idx_claims_analytics_exports_user_status_export_id ON claims_analytics_exports(user_id, statu...
2026-09-17 11:31:05.083 | DEBUG    | tldw_Server_API.app.core.DB_Management.media_db.schema.features.core_media:apply_postgres_core_media_schema:424 - Applying Postgres base initializer DDL: CREATE INDEX IF NOT EXISTS idx_claims_analytics_exports_user_status_updated_export_id ON claims_analytics_exports(user_i...
2026-09-17 11:31:05.083 | DEBUG    | tldw_Server_API.app.core.DB_Management.media_db.schema.features.core_media:apply_postgres_core_media_schema:424 - Applying Postgres base initializer DDL: CREATE INDEX IF NOT EXISTS idx_claims_notifications_user ON claims_notifications(user_id);...
2026-09-17 11:31:05.083 | DEBUG    | tldw_Server_API.app.core.DB_Management.media_db.schema.features.core_media:apply_postgres_core_media_schema:424 - Applying Postgres base initializer DDL: CREATE INDEX IF NOT EXISTS idx_claims_notifications_kind ON claims_notifications(kind);...
2026-09-17 11:31:05.084 | DEBUG    | tldw_Server_API.app.core.DB_Management.media_db.schema.features.core_media:apply_postgres_core_media_schema:424 - Applying Postgres base initializer DDL: CREATE INDEX IF NOT EXISTS idx_claims_notifications_target_user ON claims_notifications(target_user_id);...
2026-09-17 11:31:05.084 | DEBUG    | tldw_Server_API.app.core.DB_Management.media_db.schema.features.core_media:apply_postgres_core_media_schema:424 - Applying Postgres base initializer DDL: CREATE INDEX IF NOT EXISTS idx_claims_notifications_review_group ON claims_notifications(target_review_group);...
2026-09-17 11:31:05.084 | DEBUG    | tldw_Server_API.app.core.DB_Management.media_db.schema.features.core_media:apply_postgres_core_media_schema:424 - Applying Postgres base initializer DDL: CREATE INDEX IF NOT EXISTS idx_claims_notifications_resource ON claims_notifications(resource_type, resource_id);...
2026-09-17 11:31:05.084 | DEBUG    | tldw_Server_API.app.core.DB_Management.media_db.schema.features.core_media:apply_postgres_core_media_schema:424 - Applying Postgres base initializer DDL: CREATE INDEX IF NOT EXISTS idx_claims_notifications_delivered ON claims_notifications(delivered_at);...
2026-09-17 11:31:05.084 | DEBUG    | tldw_Server_API.app.core.DB_Management.media_db.schema.features.core_media:apply_postgres_core_media_schema:424 - Applying Postgres base initializer DDL: CREATE INDEX IF NOT EXISTS idx_claim_clusters_user ON claim_clusters(user_id);...
2026-09-17 11:31:05.085 | DEBUG    | tldw_Server_API.app.core.DB_Management.media_db.schema.features.core_media:apply_postgres_core_media_schema:424 - Applying Postgres base initializer DDL: CREATE INDEX IF NOT EXISTS idx_claim_clusters_updated ON claim_clusters(updated_at);...
2026-09-17 11:31:05.085 | DEBUG    | tldw_Server_API.app.core.DB_Management.media_db.schema.features.core_media:apply_postgres_core_media_schema:424 - Applying Postgres base initializer DDL: CREATE INDEX IF NOT EXISTS idx_claim_cluster_membership_claim ON claim_cluster_membership(claim_id);...
2026-09-17 11:31:05.085 | DEBUG    | tldw_Server_API.app.core.DB_Management.media_db.schema.features.core_media:apply_postgres_core_media_schema:424 - Applying Postgres base initializer DDL: CREATE INDEX IF NOT EXISTS idx_media_files_media_id ON MediaFiles(media_id);...
2026-09-17 11:31:05.086 | DEBUG    | tldw_Server_API.app.core.DB_Management.media_db.schema.features.core_media:apply_postgres_core_media_schema:424 - Applying Postgres base initializer DDL: CREATE INDEX IF NOT EXISTS idx_media_files_type ON MediaFiles(file_type);...
2026-09-17 11:31:05.086 | DEBUG    | tldw_Server_API.app.core.DB_Management.media_db.schema.features.core_media:apply_postgres_core_media_schema:424 - Applying Postgres base initializer DDL: CREATE UNIQUE INDEX IF NOT EXISTS idx_media_files_uuid ON MediaFiles(uuid);...
2026-09-17 11:31:05.086 | DEBUG    | tldw_Server_API.app.core.DB_Management.media_db.schema.features.core_media:apply_postgres_core_media_schema:424 - Applying Postgres base initializer DDL: CREATE INDEX IF NOT EXISTS idx_media_files_deleted ON MediaFiles(deleted);...
2026-09-17 11:31:05.087 | DEBUG    | tldw_Server_API.app.core.DB_Management.media_db.schema.features.core_media:apply_postgres_core_media_schema:424 - Applying Postgres base initializer DDL: CREATE INDEX IF NOT EXISTS idx_tts_history_user_created ON tts_history(user_id, created_at DESC);...
2026-09-17 11:31:05.087 | DEBUG    | tldw_Server_API.app.core.DB_Management.media_db.schema.features.core_media:apply_postgres_core_media_schema:424 - Applying Postgres base initializer DDL: CREATE INDEX IF NOT EXISTS idx_tts_history_user_favorite ON tts_history(user_id, favorite);...
2026-09-17 11:31:05.087 | DEBUG    | tldw_Server_API.app.core.DB_Management.media_db.schema.features.core_media:apply_postgres_core_media_schema:424 - Applying Postgres base initializer DDL: CREATE INDEX IF NOT EXISTS idx_tts_history_user_provider ON tts_history(user_id, provider);...
2026-09-17 11:31:05.087 | DEBUG    | tldw_Server_API.app.core.DB_Management.media_db.schema.features.core_media:apply_postgres_core_media_schema:424 - Applying Postgres base initializer DDL: CREATE INDEX IF NOT EXISTS idx_tts_history_user_model ON tts_history(user_id, model);...
2026-09-17 11:31:05.088 | DEBUG    | tldw_Server_API.app.core.DB_Management.media_db.schema.features.core_media:apply_postgres_core_media_schema:424 - Applying Postgres base initializer DDL: CREATE INDEX IF NOT EXISTS idx_tts_history_user_voice_id ON tts_history(user_id, voice_id);...
2026-09-17 11:31:05.088 | DEBUG    | tldw_Server_API.app.core.DB_Management.media_db.schema.features.core_media:apply_postgres_core_media_schema:424 - Applying Postgres base initializer DDL: CREATE INDEX IF NOT EXISTS idx_tts_history_user_text_hash ON tts_history(user_id, text_hash);...
2026-09-17 11:31:05.088 | DEBUG    | tldw_Server_API.app.core.DB_Management.media_db.schema.features.core_media:apply_postgres_core_media_schema:424 - Applying Postgres base initializer DDL: CREATE INDEX IF NOT EXISTS idx_audio_presets_user_kind_updated ON audio_presets(user_id, kind, deleted, updated_at DESC)...
2026-09-17 11:31:05.088 | DEBUG    | tldw_Server_API.app.core.DB_Management.media_db.schema.features.core_media:apply_postgres_core_media_schema:424 - Applying Postgres base initializer DDL: CREATE INDEX IF NOT EXISTS idx_audio_presets_user_kind_favorite ON audio_presets(user_id, kind, favorite, deleted);...
2026-09-17 11:31:05.089 | DEBUG    | tldw_Server_API.app.core.DB_Management.media_db.schema.features.core_media:apply_postgres_core_media_schema:424 - Applying Postgres base initializer DDL: CREATE INDEX IF NOT EXISTS idx_audio_presets_user_kind_default ON audio_presets(user_id, kind, is_default, deleted);...
2026-09-17 11:31:05.089 | DEBUG    | tldw_Server_API.app.core.DB_Management.media_db.schema.features.core_media:apply_postgres_core_media_schema:424 - Applying Postgres base initializer DDL: CREATE UNIQUE INDEX IF NOT EXISTS ux_audio_presets_user_kind_name_active ON audio_presets(user_id, kind, LOWER(name)) WH...
2026-09-17 11:31:05.089 | DEBUG    | tldw_Server_API.app.core.DB_Management.media_db.schema.features.core_media:apply_postgres_core_media_schema:424 - Applying Postgres base initializer DDL: CREATE UNIQUE INDEX IF NOT EXISTS ux_audio_presets_user_kind_default_active ON audio_presets(user_id, kind) WHERE is_def...
2026-09-17 11:31:05.090 | DEBUG    | tldw_Server_API.app.core.DB_Management.media_db.schema.features.core_media:apply_postgres_core_media_schema:424 - Applying Postgres base initializer DDL: CREATE INDEX IF NOT EXISTS idx_data_tables_status ON data_tables(status);...
2026-09-17 11:31:05.090 | DEBUG    | tldw_Server_API.app.core.DB_Management.media_db.schema.features.core_media:apply_postgres_core_media_schema:424 - Applying Postgres base initializer DDL: CREATE INDEX IF NOT EXISTS idx_data_tables_updated ON data_tables(updated_at DESC);...
2026-09-17 11:31:05.090 | DEBUG    | tldw_Server_API.app.core.DB_Management.media_db.schema.features.core_media:apply_postgres_core_media_schema:424 - Applying Postgres base initializer DDL: CREATE INDEX IF NOT EXISTS idx_data_tables_deleted ON data_tables(deleted);...
2026-09-17 11:31:05.090 | DEBUG    | tldw_Server_API.app.core.DB_Management.media_db.schema.features.core_media:apply_postgres_core_media_schema:424 - Applying Postgres base initializer DDL: CREATE INDEX IF NOT EXISTS idx_data_tables_workspace_tag ON data_tables(workspace_tag);...
2026-09-17 11:31:05.090 | DEBUG    | tldw_Server_API.app.core.DB_Management.media_db.schema.features.core_media:apply_postgres_core_media_schema:424 - Applying Postgres base initializer DDL: CREATE UNIQUE INDEX IF NOT EXISTS ux_data_table_columns_table_column ON data_table_columns(table_id, column_id);...
2026-09-17 11:31:05.091 | DEBUG    | tldw_Server_API.app.core.DB_Management.media_db.schema.features.core_media:apply_postgres_core_media_schema:424 - Applying Postgres base initializer DDL: CREATE INDEX IF NOT EXISTS idx_data_table_columns_table_position ON data_table_columns(table_id, position);...
2026-09-17 11:31:05.091 | DEBUG    | tldw_Server_API.app.core.DB_Management.media_db.schema.features.core_media:apply_postgres_core_media_schema:424 - Applying Postgres base initializer DDL: CREATE UNIQUE INDEX IF NOT EXISTS ux_data_table_columns_table_position_active ON data_table_columns(table_id, position, ...
2026-09-17 11:31:05.091 | DEBUG    | tldw_Server_API.app.core.DB_Management.media_db.schema.features.core_media:apply_postgres_core_media_schema:424 - Applying Postgres base initializer DDL: CREATE UNIQUE INDEX IF NOT EXISTS ux_data_table_rows_table_row ON data_table_rows(table_id, row_id);...
2026-09-17 11:31:05.091 | DEBUG    | tldw_Server_API.app.core.DB_Management.media_db.schema.features.core_media:apply_postgres_core_media_schema:424 - Applying Postgres base initializer DDL: CREATE INDEX IF NOT EXISTS idx_data_table_rows_table_index ON data_table_rows(table_id, row_index);...
2026-09-17 11:31:05.092 | DEBUG    | tldw_Server_API.app.core.DB_Management.media_db.schema.features.core_media:apply_postgres_core_media_schema:424 - Applying Postgres base initializer DDL: CREATE UNIQUE INDEX IF NOT EXISTS ux_data_table_rows_table_index_active ON data_table_rows(table_id, row_index, deleted)...
2026-09-17 11:31:05.092 | DEBUG    | tldw_Server_API.app.core.DB_Management.media_db.schema.features.core_media:apply_postgres_core_media_schema:424 - Applying Postgres base initializer DDL: CREATE INDEX IF NOT EXISTS idx_data_table_sources_table ON data_table_sources(table_id);...
2026-09-17 11:31:05.099 | DEBUG    | tldw_Server_API.app.core.DB_Management.media_db.schema.features.core_media:apply_postgres_core_media_schema:439 - Applying Postgres index DDL: CREATE INDEX IF NOT EXISTS idx_media_title ON Media(title);...
2026-09-17 11:31:05.100 | DEBUG    | tldw_Server_API.app.core.DB_Management.media_db.schema.features.core_media:apply_postgres_core_media_schema:439 - Applying Postgres index DDL: CREATE INDEX IF NOT EXISTS idx_media_type ON Media(type);...
2026-09-17 11:31:05.100 | DEBUG    | tldw_Server_API.app.core.DB_Management.media_db.schema.features.core_media:apply_postgres_core_media_schema:439 - Applying Postgres index DDL: CREATE INDEX IF NOT EXISTS idx_media_author ON Media(author);...
2026-09-17 11:31:05.100 | DEBUG    | tldw_Server_API.app.core.DB_Management.media_db.schema.features.core_media:apply_postgres_core_media_schema:439 - Applying Postgres index DDL: CREATE INDEX IF NOT EXISTS idx_media_ingestion_date ON Media(ingestion_date);...
2026-09-17 11:31:05.101 | DEBUG    | tldw_Server_API.app.core.DB_Management.media_db.schema.features.core_media:apply_postgres_core_media_schema:439 - Applying Postgres index DDL: CREATE INDEX IF NOT EXISTS idx_media_chunking_status ON Media(chunking_status);...
2026-09-17 11:31:05.101 | DEBUG    | tldw_Server_API.app.core.DB_Management.media_db.schema.features.core_media:apply_postgres_core_media_schema:439 - Applying Postgres index DDL: CREATE INDEX IF NOT EXISTS idx_media_vector_processing ON Media(vector_processing);...
2026-09-17 11:31:05.101 | DEBUG    | tldw_Server_API.app.core.DB_Management.media_db.schema.features.core_media:apply_postgres_core_media_schema:439 - Applying Postgres index DDL: CREATE INDEX IF NOT EXISTS idx_media_is_trash ON Media(is_trash);...
2026-09-17 11:31:05.101 | DEBUG    | tldw_Server_API.app.core.DB_Management.media_db.schema.features.core_media:apply_postgres_core_media_schema:439 - Applying Postgres index DDL: CREATE INDEX IF NOT EXISTS idx_media_content_hash ON Media(content_hash);...
2026-09-17 11:31:05.102 | DEBUG    | tldw_Server_API.app.core.DB_Management.media_db.schema.features.core_media:apply_postgres_core_media_schema:439 - Applying Postgres index DDL: CREATE INDEX IF NOT EXISTS idx_media_source_hash ON Media(source_hash);...
2026-09-17 11:31:05.102 | DEBUG    | tldw_Server_API.app.core.DB_Management.media_db.schema.features.core_media:apply_postgres_core_media_schema:439 - Applying Postgres index DDL: CREATE UNIQUE INDEX IF NOT EXISTS idx_media_uuid ON Media(uuid);...
2026-09-17 11:31:05.102 | DEBUG    | tldw_Server_API.app.core.DB_Management.media_db.schema.features.core_media:apply_postgres_core_media_schema:439 - Applying Postgres index DDL: CREATE INDEX IF NOT EXISTS idx_media_last_modified ON Media(last_modified);...
2026-09-17 11:31:05.102 | DEBUG    | tldw_Server_API.app.core.DB_Management.media_db.schema.features.core_media:apply_postgres_core_media_schema:439 - Applying Postgres index DDL: CREATE INDEX IF NOT EXISTS idx_media_deleted ON Media(deleted);...
2026-09-17 11:31:05.103 | DEBUG    | tldw_Server_API.app.core.DB_Management.media_db.schema.features.core_media:apply_postgres_core_media_schema:439 - Applying Postgres index DDL: CREATE INDEX IF NOT EXISTS idx_media_prev_version ON Media(prev_version);...
2026-09-17 11:31:05.103 | DEBUG    | tldw_Server_API.app.core.DB_Management.media_db.schema.features.core_media:apply_postgres_core_media_schema:439 - Applying Postgres index DDL: CREATE INDEX IF NOT EXISTS idx_media_merge_parent_uuid ON Media(merge_parent_uuid);...
2026-09-17 11:31:05.103 | DEBUG    | tldw_Server_API.app.core.DB_Management.media_db.schema.features.core_media:apply_postgres_core_media_schema:439 - Applying Postgres index DDL: CREATE INDEX IF NOT EXISTS idx_media_org_id ON Media(org_id);...
2026-09-17 11:31:05.104 | DEBUG    | tldw_Server_API.app.core.DB_Management.media_db.schema.features.core_media:apply_postgres_core_media_schema:439 - Applying Postgres index DDL: CREATE INDEX IF NOT EXISTS idx_media_team_id ON Media(team_id);...
2026-09-17 11:31:05.104 | DEBUG    | tldw_Server_API.app.core.DB_Management.media_db.schema.features.core_media:apply_postgres_core_media_schema:439 - Applying Postgres index DDL: CREATE INDEX IF NOT EXISTS idx_media_visibility ON Media(visibility);...
2026-09-17 11:31:05.104 | DEBUG    | tldw_Server_API.app.core.DB_Management.media_db.schema.features.core_media:apply_postgres_core_media_schema:439 - Applying Postgres index DDL: CREATE INDEX IF NOT EXISTS idx_media_owner_user_id ON Media(owner_user_id);...
2026-09-17 11:31:05.105 | DEBUG    | tldw_Server_API.app.core.DB_Management.media_db.schema.features.core_media:apply_postgres_core_media_schema:439 - Applying Postgres index DDL: CREATE INDEX IF NOT EXISTS idx_media_latest_transcription_run_id ON Media(latest_transcription_run_id);...
2026-09-17 11:31:05.105 | DEBUG    | tldw_Server_API.app.core.DB_Management.media_db.schema.features.core_media:apply_postgres_core_media_schema:439 - Applying Postgres index DDL: CREATE INDEX IF NOT EXISTS idx_media_next_transcription_run_id ON Media(next_transcription_run_id);...
2026-09-17 11:31:05.105 | DEBUG    | tldw_Server_API.app.core.DB_Management.media_db.schema.features.core_media:apply_postgres_core_media_schema:439 - Applying Postgres index DDL: CREATE UNIQUE INDEX IF NOT EXISTS ux_media_system_operation_source ON Media(system_operation_kind, system_operation_id, ...
2026-09-17 11:31:05.106 | DEBUG    | tldw_Server_API.app.core.DB_Management.media_db.schema.features.core_media:apply_postgres_core_media_schema:439 - Applying Postgres index DDL: CREATE UNIQUE INDEX IF NOT EXISTS idx_keywords_uuid ON Keywords(uuid);...
2026-09-17 11:31:05.106 | DEBUG    | tldw_Server_API.app.core.DB_Management.media_db.schema.features.core_media:apply_postgres_core_media_schema:439 - Applying Postgres index DDL: CREATE INDEX IF NOT EXISTS idx_keywords_last_modified ON Keywords(last_modified);...
2026-09-17 11:31:05.106 | DEBUG    | tldw_Server_API.app.core.DB_Management.media_db.schema.features.core_media:apply_postgres_core_media_schema:439 - Applying Postgres index DDL: CREATE INDEX IF NOT EXISTS idx_keywords_deleted ON Keywords(deleted);...
2026-09-17 11:31:05.106 | DEBUG    | tldw_Server_API.app.core.DB_Management.media_db.schema.features.core_media:apply_postgres_core_media_schema:439 - Applying Postgres index DDL: CREATE INDEX IF NOT EXISTS idx_keywords_prev_version ON Keywords(prev_version);...
2026-09-17 11:31:05.107 | DEBUG    | tldw_Server_API.app.core.DB_Management.media_db.schema.features.core_media:apply_postgres_core_media_schema:439 - Applying Postgres index DDL: CREATE INDEX IF NOT EXISTS idx_keywords_merge_parent_uuid ON Keywords(merge_parent_uuid);...
2026-09-17 11:31:05.107 | DEBUG    | tldw_Server_API.app.core.DB_Management.media_db.schema.features.core_media:apply_postgres_core_media_schema:439 - Applying Postgres index DDL: CREATE INDEX IF NOT EXISTS idx_mediakeywords_media_id ON MediaKeywords(media_id);...
2026-09-17 11:31:05.107 | DEBUG    | tldw_Server_API.app.core.DB_Management.media_db.schema.features.core_media:apply_postgres_core_media_schema:439 - Applying Postgres index DDL: CREATE INDEX IF NOT EXISTS idx_mediakeywords_keyword_id ON MediaKeywords(keyword_id);...
2026-09-17 11:31:05.107 | DEBUG    | tldw_Server_API.app.core.DB_Management.media_db.schema.features.core_media:apply_postgres_core_media_schema:439 - Applying Postgres index DDL: CREATE INDEX IF NOT EXISTS idx_owned_clone_keywords_keyword ON OperationOwnedCloneKeywords(keyword);...
2026-09-17 11:31:05.108 | DEBUG    | tldw_Server_API.app.core.DB_Management.media_db.schema.features.core_media:apply_postgres_core_media_schema:439 - Applying Postgres index DDL: CREATE INDEX IF NOT EXISTS idx_owned_clone_keywords_operation ON OperationOwnedCloneKeywords(operation_id, source_identi...
2026-09-17 11:31:05.108 | DEBUG    | tldw_Server_API.app.core.DB_Management.media_db.schema.features.core_media:apply_postgres_core_media_schema:439 - Applying Postgres index DDL: CREATE INDEX IF NOT EXISTS idx_transcripts_media_id ON Transcripts(media_id);...
2026-09-17 11:31:05.108 | DEBUG    | tldw_Server_API.app.core.DB_Management.media_db.schema.features.core_media:apply_postgres_core_media_schema:439 - Applying Postgres index DDL: CREATE UNIQUE INDEX IF NOT EXISTS idx_transcripts_uuid ON Transcripts(uuid);...
2026-09-17 11:31:05.109 | DEBUG    | tldw_Server_API.app.core.DB_Management.media_db.schema.features.core_media:apply_postgres_core_media_schema:439 - Applying Postgres index DDL: CREATE INDEX IF NOT EXISTS idx_transcripts_last_modified ON Transcripts(last_modified);...
2026-09-17 11:31:05.109 | DEBUG    | tldw_Server_API.app.core.DB_Management.media_db.schema.features.core_media:apply_postgres_core_media_schema:439 - Applying Postgres index DDL: CREATE INDEX IF NOT EXISTS idx_transcripts_deleted ON Transcripts(deleted);...
2026-09-17 11:31:05.109 | DEBUG    | tldw_Server_API.app.core.DB_Management.media_db.schema.features.core_media:apply_postgres_core_media_schema:439 - Applying Postgres index DDL: CREATE INDEX IF NOT EXISTS idx_transcripts_prev_version ON Transcripts(prev_version);...
2026-09-17 11:31:05.109 | DEBUG    | tldw_Server_API.app.core.DB_Management.media_db.schema.features.core_media:apply_postgres_core_media_schema:439 - Applying Postgres index DDL: CREATE INDEX IF NOT EXISTS idx_transcripts_merge_parent_uuid ON Transcripts(merge_parent_uuid);...
2026-09-17 11:31:05.109 | DEBUG    | tldw_Server_API.app.core.DB_Management.media_db.schema.features.core_media:apply_postgres_core_media_schema:439 - Applying Postgres index DDL: CREATE UNIQUE INDEX IF NOT EXISTS idx_transcripts_media_run_id ON Transcripts(media_id, transcription_run_id DESC) WHERE...
2026-09-17 11:31:05.110 | DEBUG    | tldw_Server_API.app.core.DB_Management.media_db.schema.features.core_media:apply_postgres_core_media_schema:439 - Applying Postgres index DDL: CREATE INDEX IF NOT EXISTS idx_transcripts_supersedes_run_id ON Transcripts(supersedes_run_id);...
2026-09-17 11:31:05.110 | DEBUG    | tldw_Server_API.app.core.DB_Management.media_db.schema.features.core_media:apply_postgres_core_media_schema:439 - Applying Postgres index DDL: CREATE UNIQUE INDEX IF NOT EXISTS idx_transcripts_media_idempotency_key ON Transcripts(media_id, idempotency_key) WHERE ...
2026-09-17 11:31:05.110 | DEBUG    | tldw_Server_API.app.core.DB_Management.media_db.schema.features.core_media:apply_postgres_core_media_schema:439 - Applying Postgres index DDL: CREATE INDEX IF NOT EXISTS idx_mediachunks_media_id ON MediaChunks(media_id);...
2026-09-17 11:31:05.111 | DEBUG    | tldw_Server_API.app.core.DB_Management.media_db.schema.features.core_media:apply_postgres_core_media_schema:439 - Applying Postgres index DDL: CREATE UNIQUE INDEX IF NOT EXISTS idx_mediachunks_uuid ON MediaChunks(uuid);...
2026-09-17 11:31:05.111 | DEBUG    | tldw_Server_API.app.core.DB_Management.media_db.schema.features.core_media:apply_postgres_core_media_schema:439 - Applying Postgres index DDL: CREATE INDEX IF NOT EXISTS idx_mediachunks_last_modified ON MediaChunks(last_modified);...
2026-09-17 11:31:05.111 | DEBUG    | tldw_Server_API.app.core.DB_Management.media_db.schema.features.core_media:apply_postgres_core_media_schema:439 - Applying Postgres index DDL: CREATE INDEX IF NOT EXISTS idx_mediachunks_deleted ON MediaChunks(deleted);...
2026-09-17 11:31:05.112 | DEBUG    | tldw_Server_API.app.core.DB_Management.media_db.schema.features.core_media:apply_postgres_core_media_schema:439 - Applying Postgres index DDL: CREATE INDEX IF NOT EXISTS idx_mediachunks_prev_version ON MediaChunks(prev_version);...
2026-09-17 11:31:05.112 | DEBUG    | tldw_Server_API.app.core.DB_Management.media_db.schema.features.core_media:apply_postgres_core_media_schema:439 - Applying Postgres index DDL: CREATE INDEX IF NOT EXISTS idx_mediachunks_merge_parent_uuid ON MediaChunks(merge_parent_uuid);...
2026-09-17 11:31:05.112 | DEBUG    | tldw_Server_API.app.core.DB_Management.media_db.schema.features.core_media:apply_postgres_core_media_schema:439 - Applying Postgres index DDL: CREATE INDEX IF NOT EXISTS idx_unvectorized_media_chunks_media_id ON UnvectorizedMediaChunks(media_id);...
2026-09-17 11:31:05.112 | DEBUG    | tldw_Server_API.app.core.DB_Management.media_db.schema.features.core_media:apply_postgres_core_media_schema:439 - Applying Postgres index DDL: CREATE INDEX IF NOT EXISTS idx_unvectorized_media_chunks_is_processed ON UnvectorizedMediaChunks(is_processed);...
2026-09-17 11:31:05.113 | DEBUG    | tldw_Server_API.app.core.DB_Management.media_db.schema.features.core_media:apply_postgres_core_media_schema:439 - Applying Postgres index DDL: CREATE INDEX IF NOT EXISTS idx_unvectorized_media_chunks_chunk_type ON UnvectorizedMediaChunks(chunk_type);...
2026-09-17 11:31:05.113 | DEBUG    | tldw_Server_API.app.core.DB_Management.media_db.schema.features.core_media:apply_postgres_core_media_schema:439 - Applying Postgres index DDL: CREATE UNIQUE INDEX IF NOT EXISTS idx_unvectorizedmediachunks_uuid ON UnvectorizedMediaChunks(uuid);...
2026-09-17 11:31:05.113 | DEBUG    | tldw_Server_API.app.core.DB_Management.media_db.schema.features.core_media:apply_postgres_core_media_schema:439 - Applying Postgres index DDL: CREATE INDEX IF NOT EXISTS idx_unvectorizedmediachunks_last_modified ON UnvectorizedMediaChunks(last_modified);...
2026-09-17 11:31:05.113 | DEBUG    | tldw_Server_API.app.core.DB_Management.media_db.schema.features.core_media:apply_postgres_core_media_schema:439 - Applying Postgres index DDL: CREATE INDEX IF NOT EXISTS idx_unvectorizedmediachunks_deleted ON UnvectorizedMediaChunks(deleted);...
2026-09-17 11:31:05.114 | DEBUG    | tldw_Server_API.app.core.DB_Management.media_db.schema.features.core_media:apply_postgres_core_media_schema:439 - Applying Postgres index DDL: CREATE INDEX IF NOT EXISTS idx_unvectorizedmediachunks_prev_version ON UnvectorizedMediaChunks(prev_version);...
2026-09-17 11:31:05.114 | DEBUG    | tldw_Server_API.app.core.DB_Management.media_db.schema.features.core_media:apply_postgres_core_media_schema:439 - Applying Postgres index DDL: CREATE INDEX IF NOT EXISTS idx_unvectorizedmediachunks_merge_parent_uuid ON UnvectorizedMediaChunks(merge_parent_uuid);...
2026-09-17 11:31:05.114 | DEBUG    | tldw_Server_API.app.core.DB_Management.media_db.schema.features.core_media:apply_postgres_core_media_schema:439 - Applying Postgres index DDL: CREATE INDEX IF NOT EXISTS idx_visualdocs_media_id ON VisualDocuments(media_id);...
2026-09-17 11:31:05.114 | DEBUG    | tldw_Server_API.app.core.DB_Management.media_db.schema.features.core_media:apply_postgres_core_media_schema:439 - Applying Postgres index DDL: CREATE UNIQUE INDEX IF NOT EXISTS idx_visualdocs_uuid ON VisualDocuments(uuid);...
2026-09-17 11:31:05.115 | DEBUG    | tldw_Server_API.app.core.DB_Management.media_db.schema.features.core_media:apply_postgres_core_media_schema:439 - Applying Postgres index DDL: CREATE INDEX IF NOT EXISTS idx_visualdocs_last_modified ON VisualDocuments(last_modified);...
2026-09-17 11:31:05.115 | DEBUG    | tldw_Server_API.app.core.DB_Management.media_db.schema.features.core_media:apply_postgres_core_media_schema:439 - Applying Postgres index DDL: CREATE INDEX IF NOT EXISTS idx_visualdocs_deleted ON VisualDocuments(deleted);...
2026-09-17 11:31:05.115 | DEBUG    | tldw_Server_API.app.core.DB_Management.media_db.schema.features.core_media:apply_postgres_core_media_schema:439 - Applying Postgres index DDL: CREATE INDEX IF NOT EXISTS idx_visualdocs_prev_version ON VisualDocuments(prev_version);...
2026-09-17 11:31:05.115 | DEBUG    | tldw_Server_API.app.core.DB_Management.media_db.schema.features.core_media:apply_postgres_core_media_schema:439 - Applying Postgres index DDL: CREATE INDEX IF NOT EXISTS idx_visualdocs_merge_parent_uuid ON VisualDocuments(merge_parent_uuid);...
2026-09-17 11:31:05.116 | DEBUG    | tldw_Server_API.app.core.DB_Management.media_db.schema.features.core_media:apply_postgres_core_media_schema:439 - Applying Postgres index DDL: CREATE INDEX IF NOT EXISTS idx_visualdocs_page_frame ON VisualDocuments(media_id, page_number, frame_index);...
2026-09-17 11:31:05.116 | DEBUG    | tldw_Server_API.app.core.DB_Management.media_db.schema.features.core_media:apply_postgres_core_media_schema:439 - Applying Postgres index DDL: CREATE INDEX IF NOT EXISTS idx_visualdocs_caption ON VisualDocuments(caption);...
2026-09-17 11:31:05.116 | DEBUG    | tldw_Server_API.app.core.DB_Management.media_db.schema.features.core_media:apply_postgres_core_media_schema:439 - Applying Postgres index DDL: CREATE INDEX IF NOT EXISTS idx_visualdocs_tags ON VisualDocuments(tags);...
2026-09-17 11:31:05.116 | DEBUG    | tldw_Server_API.app.core.DB_Management.media_db.schema.features.core_media:apply_postgres_core_media_schema:439 - Applying Postgres index DDL: CREATE INDEX IF NOT EXISTS idx_document_versions_media_id ON DocumentVersions(media_id);...
2026-09-17 11:31:05.116 | DEBUG    | tldw_Server_API.app.core.DB_Management.media_db.schema.features.core_media:apply_postgres_core_media_schema:439 - Applying Postgres index DDL: CREATE INDEX IF NOT EXISTS idx_document_versions_version_number ON DocumentVersions(version_number);...
2026-09-17 11:31:05.117 | DEBUG    | tldw_Server_API.app.core.DB_Management.media_db.schema.features.core_media:apply_postgres_core_media_schema:439 - Applying Postgres index DDL: CREATE UNIQUE INDEX IF NOT EXISTS idx_documentversions_uuid ON DocumentVersions(uuid);...
2026-09-17 11:31:05.117 | DEBUG    | tldw_Server_API.app.core.DB_Management.media_db.schema.features.core_media:apply_postgres_core_media_schema:439 - Applying Postgres index DDL: CREATE INDEX IF NOT EXISTS idx_documentversions_last_modified ON DocumentVersions(last_modified);...
2026-09-17 11:31:05.118 | DEBUG    | tldw_Server_API.app.core.DB_Management.media_db.schema.features.core_media:apply_postgres_core_media_schema:439 - Applying Postgres index DDL: CREATE INDEX IF NOT EXISTS idx_documentversions_deleted ON DocumentVersions(deleted);...
2026-09-17 11:31:05.119 | DEBUG    | tldw_Server_API.app.core.DB_Management.media_db.schema.features.core_media:apply_postgres_core_media_schema:439 - Applying Postgres index DDL: CREATE INDEX IF NOT EXISTS idx_documentversions_prev_version ON DocumentVersions(prev_version);...
2026-09-17 11:31:05.119 | DEBUG    | tldw_Server_API.app.core.DB_Management.media_db.schema.features.core_media:apply_postgres_core_media_schema:439 - Applying Postgres index DDL: CREATE INDEX IF NOT EXISTS idx_documentversions_merge_parent_uuid ON DocumentVersions(merge_parent_uuid);...
2026-09-17 11:31:05.120 | DEBUG    | tldw_Server_API.app.core.DB_Management.media_db.schema.features.core_media:apply_postgres_core_media_schema:439 - Applying Postgres index DDL: CREATE INDEX IF NOT EXISTS idx_dvi_doi ON DocumentVersionIdentifiers(doi);...
2026-09-17 11:31:05.120 | DEBUG    | tldw_Server_API.app.core.DB_Management.media_db.schema.features.core_media:apply_postgres_core_media_schema:439 - Applying Postgres index DDL: CREATE INDEX IF NOT EXISTS idx_dvi_pmid ON DocumentVersionIdentifiers(pmid);...
2026-09-17 11:31:05.120 | DEBUG    | tldw_Server_API.app.core.DB_Management.media_db.schema.features.core_media:apply_postgres_core_media_schema:439 - Applying Postgres index DDL: CREATE INDEX IF NOT EXISTS idx_dvi_pmcid ON DocumentVersionIdentifiers(pmcid);...
2026-09-17 11:31:05.121 | DEBUG    | tldw_Server_API.app.core.DB_Management.media_db.schema.features.core_media:apply_postgres_core_media_schema:439 - Applying Postgres index DDL: CREATE INDEX IF NOT EXISTS idx_dvi_arxiv ON DocumentVersionIdentifiers(arxiv_id);...
2026-09-17 11:31:05.121 | DEBUG    | tldw_Server_API.app.core.DB_Management.media_db.schema.features.core_media:apply_postgres_core_media_schema:439 - Applying Postgres index DDL: CREATE INDEX IF NOT EXISTS idx_dvi_s2 ON DocumentVersionIdentifiers(s2_paper_id);...
2026-09-17 11:31:05.121 | DEBUG    | tldw_Server_API.app.core.DB_Management.media_db.schema.features.core_media:apply_postgres_core_media_schema:439 - Applying Postgres index DDL: CREATE INDEX IF NOT EXISTS idx_dsi_media_kind ON DocumentStructureIndex(media_id, kind);...
2026-09-17 11:31:05.121 | DEBUG    | tldw_Server_API.app.core.DB_Management.media_db.schema.features.core_media:apply_postgres_core_media_schema:439 - Applying Postgres index DDL: CREATE INDEX IF NOT EXISTS idx_dsi_media_start ON DocumentStructureIndex(media_id, start_char);...
2026-09-17 11:31:05.122 | DEBUG    | tldw_Server_API.app.core.DB_Management.media_db.schema.features.core_media:apply_postgres_core_media_schema:439 - Applying Postgres index DDL: CREATE INDEX IF NOT EXISTS idx_dsi_media_parent ON DocumentStructureIndex(parent_id);...
2026-09-17 11:31:05.122 | DEBUG    | tldw_Server_API.app.core.DB_Management.media_db.schema.features.core_media:apply_postgres_core_media_schema:439 - Applying Postgres index DDL: CREATE INDEX IF NOT EXISTS idx_dsi_media_path ON DocumentStructureIndex(media_id, path);...
2026-09-17 11:31:05.122 | DEBUG    | tldw_Server_API.app.core.DB_Management.media_db.schema.features.core_media:apply_postgres_core_media_schema:439 - Applying Postgres index DDL: CREATE INDEX IF NOT EXISTS idx_sync_log_ts ON sync_log(timestamp);...
2026-09-17 11:31:05.122 | DEBUG    | tldw_Server_API.app.core.DB_Management.media_db.schema.features.core_media:apply_postgres_core_media_schema:439 - Applying Postgres index DDL: CREATE INDEX IF NOT EXISTS idx_sync_log_entity_uuid ON sync_log(entity_uuid);...
2026-09-17 11:31:05.123 | DEBUG    | tldw_Server_API.app.core.DB_Management.media_db.schema.features.core_media:apply_postgres_core_media_schema:439 - Applying Postgres index DDL: CREATE INDEX IF NOT EXISTS idx_sync_log_client_id ON sync_log(client_id);...
2026-09-17 11:31:05.123 | DEBUG    | tldw_Server_API.app.core.DB_Management.media_db.schema.features.core_media:apply_postgres_core_media_schema:439 - Applying Postgres index DDL: CREATE INDEX IF NOT EXISTS idx_sync_log_org_id ON sync_log(org_id);...
2026-09-17 11:31:05.123 | DEBUG    | tldw_Server_API.app.core.DB_Management.media_db.schema.features.core_media:apply_postgres_core_media_schema:439 - Applying Postgres index DDL: CREATE INDEX IF NOT EXISTS idx_sync_log_team_id ON sync_log(team_id);...
2026-09-17 11:31:05.123 | DEBUG    | tldw_Server_API.app.core.DB_Management.media_db.schema.features.core_media:apply_postgres_core_media_schema:439 - Applying Postgres index DDL: CREATE UNIQUE INDEX IF NOT EXISTS idx_unique_template_name ON ChunkingTemplates(name) WHERE deleted = FALSE;...
2026-09-17 11:31:05.124 | DEBUG    | tldw_Server_API.app.core.DB_Management.media_db.schema.features.core_media:apply_postgres_core_media_schema:439 - Applying Postgres index DDL: CREATE INDEX IF NOT EXISTS idx_template_is_builtin ON ChunkingTemplates(is_builtin);...
2026-09-17 11:31:05.124 | DEBUG    | tldw_Server_API.app.core.DB_Management.media_db.schema.features.core_media:apply_postgres_core_media_schema:439 - Applying Postgres index DDL: CREATE INDEX IF NOT EXISTS idx_template_deleted ON ChunkingTemplates(deleted);...
2026-09-17 11:31:05.124 | DEBUG    | tldw_Server_API.app.core.DB_Management.media_db.schema.features.core_media:apply_postgres_core_media_schema:439 - Applying Postgres index DDL: CREATE INDEX IF NOT EXISTS idx_template_tags ON ChunkingTemplates(tags);...
2026-09-17 11:31:05.211 | DEBUG    | tldw_Server_API.app.core.DB_Management.media_db.runtime.bootstrap_lifecycle_ops:initialize_media_database:138 - Database initialization completed successfully for :memory:
2026-09-17 11:31:05.211 | INFO     | tldw_Server_API.app.core.DB_Management.ChaChaNotes_DB:__init__:7657 - Initializing CharactersRAGDB for path: :memory: [Client ID: 1] (backend=postgresql)
2026-09-17 11:31:05.212 | INFO     | tldw_Server_API.app.core.DB_Management.media_db.runtime.bootstrap_lifecycle_ops:initialize_media_database:79 - Initializing Database object for path: :memory: [Client ID: 1]
2026-09-17 11:31:06.300 | ERROR    | tldw_Server_API.app.core.DB_Management.backends.postgresql_backend:execute:1089 - PostgreSQL query execution failed
2026-09-17 11:31:06.300 | WARNING  | tldw_Server_API.app.core.DB_Management.media_db.schema.features.postgres_rls:_ensure_postgres_rls:205 - Could not enable RLS for sync_log table: PostgreSQL query execution failed
2026-09-17 11:31:06.301 | ERROR    | tldw_Server_API.app.core.DB_Management.backends.postgresql_backend:execute:1089 - PostgreSQL query execution failed
2026-09-17 11:31:06.301 | WARNING  | tldw_Server_API.app.core.DB_Management.media_db.schema.features.postgres_rls:_postgres_policy_exists:31 - Failed to inspect Postgres RLS policy 'sync_scope_admin' on table 'sync_log': PostgreSQL query execution failed
2026-09-17 11:31:06.301 | ERROR    | tldw_Server_API.app.core.DB_Management.backends.postgresql_backend:execute:1089 - PostgreSQL query execution failed
2026-09-17 11:31:06.301 | WARNING  | tldw_Server_API.app.core.DB_Management.media_db.schema.features.postgres_rls:_ensure_postgres_rls:220 - Skipping creation of sync_log policy 'sync_scope_admin': PostgreSQL query execution failed
2026-09-17 11:31:06.302 | ERROR    | tldw_Server_API.app.core.DB_Management.backends.postgresql_backend:execute:1089 - PostgreSQL query execution failed
2026-09-17 11:31:06.302 | WARNING  | tldw_Server_API.app.core.DB_Management.media_db.schema.features.postgres_rls:_postgres_policy_exists:31 - Failed to inspect Postgres RLS policy 'sync_scope_personal' on table 'sync_log': PostgreSQL query execution failed
2026-09-17 11:31:06.302 | ERROR    | tldw_Server_API.app.core.DB_Management.backends.postgresql_backend:execute:1089 - PostgreSQL query execution failed
2026-09-17 11:31:06.302 | WARNING  | tldw_Server_API.app.core.DB_Management.media_db.schema.features.postgres_rls:_ensure_postgres_rls:220 - Skipping creation of sync_log policy 'sync_scope_personal': PostgreSQL query execution failed
2026-09-17 11:31:06.303 | ERROR    | tldw_Server_API.app.core.DB_Management.backends.postgresql_backend:execute:1089 - PostgreSQL query execution failed
2026-09-17 11:31:06.303 | WARNING  | tldw_Server_API.app.core.DB_Management.media_db.schema.features.postgres_rls:_postgres_policy_exists:31 - Failed to inspect Postgres RLS policy 'sync_scope_org' on table 'sync_log': PostgreSQL query execution failed
2026-09-17 11:31:06.303 | ERROR    | tldw_Server_API.app.core.DB_Management.backends.postgresql_backend:execute:1089 - PostgreSQL query execution failed
2026-09-17 11:31:06.303 | WARNING  | tldw_Server_API.app.core.DB_Management.media_db.schema.features.postgres_rls:_ensure_postgres_rls:220 - Skipping creation of sync_log policy 'sync_scope_org': PostgreSQL query execution failed
2026-09-17 11:31:06.303 | ERROR    | tldw_Server_API.app.core.DB_Management.backends.postgresql_backend:execute:1089 - PostgreSQL query execution failed
2026-09-17 11:31:06.304 | WARNING  | tldw_Server_API.app.core.DB_Management.media_db.schema.features.postgres_rls:_postgres_policy_exists:31 - Failed to inspect Postgres RLS policy 'sync_scope_team' on table 'sync_log': PostgreSQL query execution failed
2026-09-17 11:31:06.304 | ERROR    | tldw_Server_API.app.core.DB_Management.backends.postgresql_backend:execute:1089 - PostgreSQL query execution failed
2026-09-17 11:31:06.304 | WARNING  | tldw_Server_API.app.core.DB_Management.media_db.schema.features.postgres_rls:_ensure_postgres_rls:220 - Skipping creation of sync_log policy 'sync_scope_team': PostgreSQL query execution failed
2026-09-17 11:31:06.304 | DEBUG    | tldw_Server_API.app.core.DB_Management.media_db.runtime.bootstrap_lifecycle_ops:initialize_media_database:138 - Database initialization completed successfully for :memory:
2026-09-17 11:31:07.707 | DEBUG    | tldw_Server_API.app.core.DB_Management.ChaChaNotes_DB:__init__:7664 - CharactersRAGDB initialization completed successfully for :memory:2026-09-17 11:31:14.337 | INFO     | tldw_Server_API.app.core.config:_buffered_log:210 - Determined ACTUAL_PROJECT_ROOT for database paths: /Users/macbook-dev/Documents/GitHub/tldw_server2
2026-09-17 11:31:14.337 | INFO     | tldw_Server_API.app.core.config:_buffered_log:210 - Early loading environment variables from: /Users/macbook-dev/Documents/GitHub/tldw_server2/tldw_Server_API/Config_Files/.env
2026-09-17 11:31:14.342 | INFO     | tldw_Server_API.app.core.config:_buffered_log:210 - Early loading environment variables from: /Users/macbook-dev/Documents/GitHub/tldw_server2/tldw_Server_API/Config_Files/.ENV
2026-09-17 11:31:14.347 | DEBUG    | tldw_Server_API.app.core.config:_buffered_log:210 - load_and_log_configs(): Loading and logging configurations...
2026-09-17 11:31:14.348 | INFO     | tldw_Server_API.app.core.config:_buffered_log:210 - Loading environment variables from: /Users/macbook-dev/Documents/GitHub/tldw_server2/tldw_Server_API/Config_Files/.env
2026-09-17 11:31:14.352 | INFO     | tldw_Server_API.app.core.config:_buffered_log:210 - Loading environment variables from: /Users/macbook-dev/Documents/GitHub/tldw_server2/tldw_Server_API/Config_Files/.ENV
2026-09-17 11:31:14.357 | INFO     | tldw_Server_API.app.core.config:_buffered_log:210 - Attempting to load comprehensive config from: /Users/macbook-dev/Documents/GitHub/tldw_server2/tldw_Server_API/Config_Files/config.txt
2026-09-17 11:31:14.359 | INFO     | tldw_Server_API.app.core.config:_buffered_log:210 - load_comprehensive_config(): Sections found in config: ['Setup', 'UI', 'Server', 'Files', 'Image-Generation', 'ACP', 'WORKSPACES', 'ACP-WORKSPACE', 'ACP-SANDBOX', 'Audit', 'Processing', 'Media-Processing', 'Chat-Dictionaries', 'Chat-Module', 'Chat-Commands', 'Chat-Templating', 'Character-Chat', 'Settings', 'Auto-Save', 'Prompts', 'Database', 'Chunking', 'Visual-RAG', 'AuthNZ', 'Streaming', 'HTTP', 'Egress', 'Embeddings', 'Claims', 'ClaimsMonitoring', 'RAG', 'Search-Agent', 'ResourceGovernor', 'Jobs', 'SlidesStandaloneHtml', 'Diarization', 'API', 'MLX', 'Local-API', 'LlamaCpp', 'STT-Settings', 'external_providers', 'TTS-Settings', 'VibeVoice', 'Audio-Quota', 'API-Routes', 'Search-Engines', 'Web-Scraper', 'Logging', 'Moderation', 'Redis', 'Web-Scraping', 'personalization', 'persona', 'persona.rbac']
2026-09-17 11:31:14.361 | INFO     | tldw_Server_API.app.core.config:_buffered_log:210 - Ensured main SQLite database directory exists: /Users/macbook-dev/Documents/GitHub/tldw_server2/Databases
2026-09-17 11:31:14.361 | INFO     | tldw_Server_API.app.core.config:_buffered_log:210 - Ensured user data base directory exists: Databases/user_databases
2026-09-17 11:31:14.361 | INFO     | tldw_Server_API.app.api.v1.API_Deps.Audit_DB_Deps:<module>:532 - Using cachetools.LRUCache for audit service instances (maxsize=20).
2026-09-17 11:31:14.361 | INFO     | tldw_Server_API.app.api.v1.API_Deps.Audit_DB_Deps:shutdown_all_audit_services:1034 - Shutting down audit services for 0 instances...
2026-09-17 11:31:14.361 | INFO     | tldw_Server_API.app.api.v1.API_Deps.Audit_DB_Deps:shutdown_all_audit_services:1091 - All audit services shut down successfully.
2026-09-17 11:31:14.373 | DEBUG    | tldw_Server_API.app.core.AuthNZ.settings:_ensure_jwt_secret:899 - Single-user mode - skipping JWT secret initialization
2026-09-17 11:31:14.373 | WARNING  | tldw_Server_API.app.core.AuthNZ.settings:_validate_api_key:1013 - SINGLE_USER_API_KEY uses a legacy format; generate a new server-generated key for improved security.
2026-09-17 11:31:14.373 | INFO     | tldw_Server_API.app.core.AuthNZ.settings:get_settings:1588 - Settings initialized - Auth mode: single_user, profile=local-single-user
2026-09-17 11:31:14.373 | INFO     | tldw_Server_API.app.core.AuthNZ.db_config:_detect_backend:83 - Detected database backend: sqlite
2026-09-17 11:31:14.491 | DEBUG    | tldw_Server_API.app.core.config:_buffered_log:210 - load_and_log_configs(): Loading and logging configurations...
2026-09-17 11:31:14.498 | DEBUG    | tldw_Server_API.app.core.config:_buffered_log:210 - load_and_log_configs(): Loading and logging configurations...
2026-09-17 11:31:14.540 | INFO     | tldw_Server_API.app.core.Chat.prompt_template_manager:<module>:201 - Prompt templates directory: /Users/macbook-dev/Documents/GitHub/tldw_server2/tldw_Server_API/app/core/Chat/prompt_templates
2026-09-17 11:31:14.540 | INFO     | tldw_Server_API.app.core.Chat.prompt_template_manager:<module>:202 - Available templates found: []
2026-09-17 11:31:14.608 | DEBUG    | tldw_Server_API.app.core.Scheduler.base.registry:decorator:81 - Registered task handler: watchlist_run
2026-09-17 11:31:14.608 | DEBUG    | tldw_Server_API.app.core.Scheduler.base.registry:decorator:81 - Registered task handler: watchlists_enrich_output
2026-09-17 11:31:14.608 | DEBUG    | tldw_Server_API.app.core.Scheduler.base.registry:decorator:81 - Registered task handler: watchlists_deliver_briefing
2026-09-17 11:31:14.608 | DEBUG    | tldw_Server_API.app.core.Scheduler.base.registry:decorator:81 - Registered task handler: acp_run
2026-09-17 11:31:14.608 | DEBUG    | tldw_Server_API.app.core.Scheduler.base.registry:decorator:81 - Registered task handler: workflow_run
2026-09-17 11:31:14.609 | WARNING  | tldw_Server_API.app.core.DB_Management.db_path_utils:resolve_user_db_base_dir:491 - USER_DB_BASE_DIR not configured in tests, using isolated fallback: /private/var/folders/sn/m80n2j152t9gw3w8qwk2nykh0000gn/T/tldw_user_databases_test/default-5d780aae
2026-09-17 11:31:14.609 | DEBUG    | tldw_Server_API.app.core.DB_Management.backends.factory:_get_or_create_shared_sqlite_backend:325 - Creating sqlite backend for /private/var/folders/sn/m80n2j152t9gw3w8qwk2nykh0000gn/T/tldw_user_databases_test/default-5d780aae/1/workflows/workflows_scheduler.db
2026-09-17 11:31:14.610 | INFO     | tldw_Server_API.app.core.DB_Management.Workflows_Scheduler_DB:__init__:210 - WorkflowsSchedulerDB using SQLite path: /private/var/folders/sn/m80n2j152t9gw3w8qwk2nykh0000gn/T/tldw_user_databases_test/default-5d780aae/1/workflows/workflows_scheduler.db
2026-09-17 11:31:14.611 | INFO     | tldw_Server_API.app.services.workflows_scheduler:stop:183 - Workflows recurring scheduler stopped
2026-09-17 11:31:14.611 | INFO     | tldw_Server_API.app.api.v1.API_Deps.ChaCha_Notes_DB_Deps:close_all_chacha_db_instances:876 - Closing all cached ChaChaNotesDB instances (0)...
2026-09-17 11:31:14.611 | INFO     | tldw_Server_API.app.api.v1.API_Deps.ChaCha_Notes_DB_Deps:close_all_chacha_db_instances:892 - All ChaChaNotesDB instances closed and cache cleared.
2026-09-17 11:31:14.616 | INFO     | tldw_Server_API.app.api.v1.API_Deps.DB_Deps:<module>:57 - Using LRUCache for user DB instances (maxsize=100).
2026-09-17 11:31:14.762 | DEBUG    | tldw_Server_API.app.core.Metrics.metrics_manager:register_metric:1885 - Registered metric: chunker_cache_get_total
2026-09-17 11:31:14.762 | DEBUG    | tldw_Server_API.app.core.Metrics.metrics_manager:register_metric:1885 - Registered metric: chunker_cache_put_total
2026-09-17 11:31:14.762 | DEBUG    | tldw_Server_API.app.core.Metrics.metrics_manager:register_metric:1885 - Registered metric: chunker_process_total
2026-09-17 11:31:14.762 | DEBUG    | tldw_Server_API.app.core.Metrics.metrics_manager:register_metric:1885 - Registered metric: chunker_frontmatter_duration_seconds
2026-09-17 11:31:14.763 | DEBUG    | tldw_Server_API.app.core.Metrics.metrics_manager:register_metric:1885 - Registered metric: chunker_header_extract_seconds
2026-09-17 11:31:14.763 | DEBUG    | tldw_Server_API.app.core.Metrics.metrics_manager:register_metric:1885 - Registered metric: chunker_chunking_duration_seconds
2026-09-17 11:31:14.763 | DEBUG    | tldw_Server_API.app.core.Metrics.metrics_manager:register_metric:1885 - Registered metric: chunker_normalization_seconds
2026-09-17 11:31:14.763 | DEBUG    | tldw_Server_API.app.core.Metrics.metrics_manager:register_metric:1885 - Registered metric: chunker_last_chunk_count
2026-09-17 11:31:14.763 | DEBUG    | tldw_Server_API.app.core.Metrics.metrics_manager:register_metric:1885 - Registered metric: chunker_output_bytes
2026-09-17 11:31:14.763 | DEBUG    | tldw_Server_API.app.core.Metrics.metrics_manager:register_metric:1885 - Registered metric: chunker_input_bytes
2026-09-17 11:31:14.763 | DEBUG    | tldw_Server_API.app.core.Metrics.metrics_manager:register_metric:1885 - Registered metric: chunker_process_total_seconds
2026-09-17 11:31:14.763 | DEBUG    | tldw_Server_API.app.core.config:_buffered_log:210 - load_and_log_configs(): Loading and logging configurations...
2026-09-17 11:31:14.765 | DEBUG    | tldw_Server_API.app.core.config:_buffered_log:210 - load_and_log_configs(): Loading and logging configurations...

--------------------------- Captured stderr teardown ---------------------------
2026-09-17 11:31:07.763 | INFO     | tldw_Server_API.app.api.v1.API_Deps.ChaCha_Notes_DB_Deps:close_all_chacha_db_instances:876 - Closing all cached ChaChaNotesDB instances (0)...
2026-09-17 11:31:07.763 | INFO     | tldw_Server_API.app.api.v1.API_Deps.ChaCha_Notes_DB_Deps:close_all_chacha_db_instances:892 - All ChaChaNotesDB instances closed and cache cleared.
2026-09-17 11:31:07.764 | INFO     | tldw_Server_API.app.api.v1.API_Deps.ChaCha_Notes_DB_Deps:close_all_chacha_db_instances:876 - Closing all cached ChaChaNotesDB instances (0)...
2026-09-17 11:31:07.764 | INFO     | tldw_Server_API.app.api.v1.API_Deps.ChaCha_Notes_DB_Deps:close_all_chacha_db_instances:892 - All ChaChaNotesDB instances closed and cache cleared.
=========================== short test summary info ============================
FAILED tldw_Server_API/tests/DB_Management/test_chacha_postgres_sequence_ownership.py::test_concurrent_chacha_bootstrap_and_media_reopen_do_not_deadlock
================== 1 failed, 113 passed, 4 warnings in 13.94s ==================
