
 RUN  v4.0.18 /Users/macbook-dev/Documents/GitHub/tldw_server2/apps/tldw-frontend

(node:93665) ExperimentalWarning: localStorage is not available because --localstorage-file was not provided.
(Use `node --trace-warnings ...` to show where the warning was created)
(node:93664) ExperimentalWarning: localStorage is not available because --localstorage-file was not provided.
(Use `node --trace-warnings ...` to show where the warning was created)
 ✓ ../packages/ui/src/components/Review/hooks/__tests__/useMediaSearch.outage.test.tsx > Media search outage handling > discards late search/type work after unmount (resolve) 62ms
 ✓ ../packages/ui/src/components/Review/hooks/__tests__/useMediaSearch.outage.test.tsx > Media search outage handling > discards late search/type work after unmount (reject) 52ms
 ✓ ../packages/ui/src/components/Review/hooks/__tests__/useMediaSearch.outage.test.tsx > Media search outage handling > cancels callbacks on a synchronous connection authority loss before React unmount 3ms
 ✓ ../packages/ui/src/components/Review/hooks/__tests__/useMediaSearch.outage.test.tsx > Media search outage handling > refreshes current catalogue criteria and page, but rejects an obsolete owned completion 414ms
 ✓ ../packages/ui/src/components/Review/hooks/__tests__/useMediaSearch.outage.test.tsx > Media search outage handling > loads a replacement owner without cached content from the previous mounted lifetime 55ms
 ✓ ../packages/ui/src/components/Review/__tests__/ViewMediaPage.search-experience.integration.test.tsx > ViewMediaPage metadata search integration > serializes metadata-mode constraints and preserves server-authoritative totals/results 48ms
 ✓ ../packages/ui/src/components/Review/__tests__/ViewMediaPage.search-experience.integration.test.tsx > ViewMediaPage metadata search integration > wires no-results recovery actions from ViewMediaPage 19ms
 ✓ ../packages/ui/src/components/Review/hooks/__tests__/useMediaSearch.outage.test.tsx > Media search outage handling > keeps current requests through a connected background check 54ms
 ✓ ../packages/ui/src/components/Review/hooks/__tests__/useMediaSearch.outage.test.tsx > Media search outage handling > keeps a transport outage recoverable without reporting a runtime exception 54ms
 ✓ ../packages/ui/src/components/Review/hooks/__tests__/useMediaSearch.outage.test.tsx > Media search outage handling > keeps missing-endpoint guidance distinct from a transport outage 53ms
 ✓ ../packages/ui/src/components/Review/hooks/__tests__/useMediaSearch.outage.test.tsx > Media search outage handling > retains diagnostics for unexpected failures 53ms

 Test Files  2 passed (2)
      Tests  11 passed (11)
   Start at  11:54:35
   Duration  1.33s (transform 581ms, setup 159ms, import 969ms, tests 869ms, environment 403ms)

