
 RUN  v4.0.18 /Users/macbook-dev/Documents/GitHub/tldw_server2/apps/tldw-frontend

(node:91822) ExperimentalWarning: localStorage is not available because --localstorage-file was not provided.
(Use `node --trace-warnings ...` to show where the warning was created)
(node:91825) ExperimentalWarning: localStorage is not available because --localstorage-file was not provided.
(Use `node --trace-warnings ...` to show where the warning was created)
(node:91823) ExperimentalWarning: localStorage is not available because --localstorage-file was not provided.
(Use `node --trace-warnings ...` to show where the warning was created)
(node:91824) ExperimentalWarning: localStorage is not available because --localstorage-file was not provided.
(Use `node --trace-warnings ...` to show where the warning was created)
(node:91826) ExperimentalWarning: localStorage is not available because --localstorage-file was not provided.
(Use `node --trace-warnings ...` to show where the warning was created)
 ✓ ../packages/ui/src/components/Review/hooks/__tests__/useMediaSearch.outage.test.tsx > Media search outage handling > discards late search/type work after unmount (resolve) 64ms
 ✓ ../packages/ui/src/components/Review/hooks/__tests__/useMediaSearch.outage.test.tsx > Media search outage handling > discards late search/type work after unmount (reject) 54ms
 ✓ ../packages/ui/src/components/Review/hooks/__tests__/useMediaSearch.outage.test.tsx > Media search outage handling > cancels callbacks on a synchronous connection authority loss before React unmount 3ms
 ✓ ../packages/ui/src/components/Common/QuickIngest/__tests__/QuickIngestWizardModal.session.test.tsx > QuickIngestWizardModal session runtime > refreshes the actual catalogue for current wizard completion (before mount=false) 86ms
 × ../packages/ui/src/components/Review/hooks/__tests__/useMediaSearch.outage.test.tsx > Media search outage handling > refreshes current catalogue criteria and page, but rejects an obsolete owned completion 415ms
   → expected { …(5) } to match object { path: '/api/v1/media/search', …(1) }
(15 matching properties omitted from actual)
 ✓ ../packages/ui/src/components/Review/hooks/__tests__/useMediaSearch.outage.test.tsx > Media search outage handling > loads a replacement owner without cached content from the previous mounted lifetime 55ms
 ✓ ../packages/ui/src/components/Common/QuickIngest/__tests__/QuickIngestWizardModal.session.test.tsx > QuickIngestWizardModal session runtime > refreshes the actual catalogue for current wizard completion (before mount=true) 116ms
 ✓ ../packages/ui/src/components/Common/QuickIngest/__tests__/QuickIngestWizardModal.session.test.tsx > QuickIngestWizardModal session runtime > does not announce a saved catalogue change for error results 56ms
 ✓ ../packages/ui/src/components/Review/__tests__/ViewMediaPage.connection.test.tsx > ViewMediaPage connection states > does not start protected Media reads during initial testing before the credential gate 62ms
 ✓ ../packages/ui/src/components/Review/__tests__/ViewMediaPage.connection.test.tsx > ViewMediaPage connection states > shows credential guidance and opens settings when auth is missing 12ms
 ✓ ../packages/ui/src/components/Review/__tests__/ViewMediaPage.connection.test.tsx > ViewMediaPage connection states > shows setup guidance and routes first-run users to setup 8ms
 ✓ ../packages/ui/src/components/Review/__tests__/ViewMediaPage.connection.test.tsx > ViewMediaPage connection states > shows unreachable guidance with retry and diagnostics actions 11ms
 ✓ ../packages/ui/src/components/Review/__tests__/ViewMediaPage.permalink.test.tsx > ViewMediaPage Stage 3 permalinks > shows a newly ingested deep link even when the cached library is empty 35ms
 ✓ ../packages/ui/src/components/Review/hooks/__tests__/useMediaSearch.outage.test.tsx > Media search outage handling > keeps a transport outage recoverable without reporting a runtime exception 55ms
 ✓ ../packages/ui/src/components/Review/hooks/__tests__/useMediaSearch.outage.test.tsx > Media search outage handling > keeps missing-endpoint guidance distinct from a transport outage 53ms
 ✓ ../packages/ui/src/components/Review/hooks/__tests__/useMediaSearch.outage.test.tsx > Media search outage handling > retains diagnostics for unexpected failures 52ms
 ✓ ../packages/ui/src/components/Common/QuickIngest/__tests__/QuickIngestWizardModal.session.test.tsx > QuickIngestWizardModal session runtime > does not announce a saved catalogue change for process-only results 55ms
 ✓ ../packages/ui/src/components/Common/QuickIngest/__tests__/QuickIngestWizardModal.session.test.tsx > QuickIngestWizardModal session runtime > masks Bob's completed result on logout before a replacement account can act 58ms
 ✓ ../packages/ui/src/components/Common/QuickIngest/__tests__/QuickIngestWizardModal.session.test.tsx > QuickIngestWizardModal session runtime > keeps a saved-source Warning navigable through actual direct upload, session state, and results UI 165ms
 ✓ ../packages/ui/src/components/Common/QuickIngest/__tests__/QuickIngestWizardModal.session.test.tsx > QuickIngestWizardModal session runtime > keeps a saved-source Warning navigable through actual reattach, session state, and results UI 84ms
 ✓ ../packages/ui/src/components/Media/__tests__/ContentViewer.stage15.accessibility.test.tsx > ContentViewer stage 15 content announcements > disables full-content Chat with a visible reason until content is ready 274ms
 ✓ ../packages/ui/src/components/Media/__tests__/ContentViewer.stage15.accessibility.test.tsx > ContentViewer stage 15 content announcements > announces loading and ready status when content state changes 28ms
 ✓ ../packages/ui/src/components/Common/QuickIngest/__tests__/QuickIngestWizardModal.session.test.tsx > QuickIngestWizardModal session runtime > keeps a saved-source Warning navigable through actual StrictMode reattach, session state, and results UI 83ms
 ✓ ../packages/ui/src/components/Common/QuickIngest/__tests__/QuickIngestWizardModal.session.test.tsx > QuickIngestWizardModal session runtime > ignores the cancelled StrictMode poll after its replacement accepts terminal results 60ms
 ✓ ../packages/ui/src/components/Media/__tests__/ContentViewer.stage15.accessibility.test.tsx > ContentViewer stage 15 content announcements > updates announcements for pointer, keyboard, and programmatic selection changes 287ms
 ✓ ../packages/ui/src/components/Media/__tests__/ContentViewer.stage15.accessibility.test.tsx > ContentViewer stage 15 content announcements > does not re-announce on unrelated rerenders for the same item state 21ms
 ✓ ../packages/ui/src/components/Common/QuickIngest/__tests__/QuickIngestWizardModal.session.test.tsx > QuickIngestWizardModal session runtime > minimizes the actual processing view through processing button and resumes the same job 105ms
 ✓ ../packages/ui/src/components/Common/QuickIngest/__tests__/QuickIngestWizardModal.session.test.tsx > QuickIngestWizardModal session runtime > minimizes the actual processing view through close confirmation and resumes the same job 95ms
 ✓ ../packages/ui/src/components/Common/QuickIngest/__tests__/QuickIngestWizardModal.session.test.tsx > QuickIngestWizardModal session runtime > leaves pending stages and percentages unchanged as elapsed time passes, then accepts a terminal result 59ms
 ✓ ../packages/ui/src/components/Common/QuickIngest/__tests__/QuickIngestWizardModal.session.test.tsx > QuickIngestWizardModal session runtime > submits the queued wizard batch through the authenticated quick-ingest transport 74ms
 ✓ ../packages/ui/src/components/Common/QuickIngest/__tests__/QuickIngestWizardModal.session.test.tsx > QuickIngestWizardModal session runtime > keeps AntD modal portal props stable while results land 70ms
 ✓ ../packages/ui/src/components/Media/__tests__/ContentViewer.stage15.accessibility.test.tsx > ContentViewer stage 15 content announcements > opens named read-along and annotation actions from keyboard selection events 316ms
 ✓ ../packages/ui/src/components/Media/__tests__/ContentViewer.stage15.accessibility.test.tsx > ContentViewer stage 15 content announcements > uses reduced-motion scrolling for active read-along segment follow mode 19ms
 ✓ ../packages/ui/src/components/Common/QuickIngest/__tests__/QuickIngestWizardModal.session.test.tsx > QuickIngestWizardModal session runtime > starts Ingest More in a new persisted session 91ms
 ✓ ../packages/ui/src/components/Common/QuickIngest/__tests__/QuickIngestWizardModal.session.test.tsx > QuickIngestWizardModal session runtime > processes the configured standard preset with its analysis provider 70ms
 ✓ ../packages/ui/src/components/Common/QuickIngest/__tests__/QuickIngestWizardModal.session.test.tsx > QuickIngestWizardModal session runtime > processes the configured deep preset with its analysis provider 69ms
 ✓ ../packages/ui/src/components/Review/__tests__/ViewMediaPage.permalink.test.tsx > ViewMediaPage Stage 3 permalinks > keeps saved reading position when passive chapter selection resolves after progress restoration (remembered=false) 1164ms
 ✓ ../packages/ui/src/components/Common/QuickIngest/__tests__/QuickIngestWizardModal.session.test.tsx > QuickIngestWizardModal session runtime > routes the standard preset to Configure when analysis needs a provider 97ms
 ✓ ../packages/ui/src/components/Common/QuickIngest/__tests__/QuickIngestWizardModal.session.test.tsx > QuickIngestWizardModal session runtime > routes the deep preset to Configure when analysis needs a provider 98ms
 ✓ ../packages/ui/src/components/Common/QuickIngest/__tests__/QuickIngestWizardModal.session.test.tsx > QuickIngestWizardModal session runtime > does not enter processing when auto-process lacks an analysis provider 63ms
 ✓ ../packages/ui/src/components/Common/QuickIngest/__tests__/QuickIngestWizardModal.session.test.tsx > QuickIngestWizardModal session runtime > routes an auto-process provider warning from persisted step 2 to Configure 63ms
 ✓ ../packages/ui/src/components/Common/QuickIngest/__tests__/QuickIngestWizardModal.session.test.tsx > QuickIngestWizardModal session runtime > routes an auto-process provider warning from persisted step 3 to Configure 62ms
 ✓ ../packages/ui/src/components/Common/QuickIngest/__tests__/QuickIngestWizardModal.session.test.tsx > QuickIngestWizardModal session runtime > retries auto-process after closing and reopening a provider-blocked draft 131ms
 ✓ ../packages/ui/src/components/Common/QuickIngest/__tests__/QuickIngestWizardModal.session.test.tsx > QuickIngestWizardModal session runtime > waits for an in-flight connection check before consuming auto-process 106ms
 ✓ ../packages/ui/src/components/Common/QuickIngest/__tests__/QuickIngestWizardModal.session.test.tsx > QuickIngestWizardModal session runtime > restores a hidden processing session when the late analysis provider guard blocks startRun 65ms
 ✓ ../packages/ui/src/components/Common/QuickIngest/__tests__/QuickIngestWizardModal.session.test.tsx > QuickIngestWizardModal session runtime > preserves first-source open detail while syncing wizard state 67ms
 ✓ ../packages/ui/src/components/Common/QuickIngest/__tests__/QuickIngestWizardModal.session.test.tsx > QuickIngestWizardModal session runtime > syncs cleared first-source add mode from wizard reset 84ms
 ✓ ../packages/ui/src/components/Common/QuickIngest/__tests__/QuickIngestWizardModal.session.test.tsx > QuickIngestWizardModal session runtime > submits conference batch metadata and item overrides through the session payload 69ms
 ✓ ../packages/ui/src/components/Common/QuickIngest/__tests__/QuickIngestWizardModal.session.test.tsx > QuickIngestWizardModal session runtime > does not pre-seed direct tracking item identities before backend submissions are acknowledged 110ms
 ✓ ../packages/ui/src/components/Common/QuickIngest/__tests__/QuickIngestWizardModal.session.test.tsx > QuickIngestWizardModal session runtime > starts persisted direct-job reattach when tracking metadata arrives after the run begins 71ms
 ✓ ../packages/ui/src/components/Common/QuickIngest/__tests__/QuickIngestWizardModal.session.test.tsx > QuickIngestWizardModal session runtime > keeps cancellation terminal when runtime completion arrives in the cancel click 85ms
 ✓ ../packages/ui/src/components/Common/QuickIngest/__tests__/QuickIngestWizardModal.session.test.tsx > QuickIngestWizardModal session runtime > ignores runtime progress emitted in the cancel click 85ms
 ✓ ../packages/ui/src/components/Review/__tests__/ViewMediaPage.permalink.test.tsx > ViewMediaPage Stage 3 permalinks > keeps saved reading position when passive chapter selection resolves after progress restoration (remembered=true) 1160ms
 ✓ ../packages/ui/src/components/Common/QuickIngest/__tests__/QuickIngestWizardModal.session.test.tsx > QuickIngestWizardModal session runtime > cancels an extension session acknowledged after cancellation 138ms
 ✓ ../packages/ui/src/components/Common/QuickIngest/__tests__/QuickIngestWizardModal.session.test.tsx > QuickIngestWizardModal session runtime > does not submit a direct session acknowledged after cancellation 80ms
 ✓ ../packages/ui/src/components/Common/QuickIngest/__tests__/QuickIngestWizardModal.session.test.tsx > QuickIngestWizardModal session runtime > does not start a session when setup resumes after cancellation 81ms
 ✓ ../packages/ui/src/components/Common/QuickIngest/__tests__/QuickIngestWizardModal.session.test.tsx > QuickIngestWizardModal session runtime > keeps cancellation terminal when start acknowledgement rejects 83ms
 ✓ ../packages/ui/src/components/Common/QuickIngest/__tests__/QuickIngestWizardModal.session.test.tsx > QuickIngestWizardModal session runtime > uses runtime completion events for extension-backed sessions instead of calling the broken SSE path 70ms
 ✓ ../packages/ui/src/components/Common/QuickIngest/__tests__/QuickIngestWizardModal.session.test.tsx > QuickIngestWizardModal session runtime > normalizes runtime duplicate results from db_message into skipped items 70ms
 ✓ ../packages/ui/src/components/Common/QuickIngest/__tests__/QuickIngestWizardModal.session.test.tsx > QuickIngestWizardModal session runtime > normalizes runtime ok results with error payloads into failed items 70ms
 ✓ ../packages/ui/src/components/Common/QuickIngest/__tests__/QuickIngestWizardModal.session.test.tsx > QuickIngestWizardModal session runtime > rehydrates a hidden processing session when the modal is reopened 53ms
 ✓ ../packages/ui/src/components/Common/QuickIngest/__tests__/QuickIngestWizardModal.session.test.tsx > QuickIngestWizardModal session runtime > rehydrates a completed session with results after a remount 53ms
 ✓ ../packages/ui/src/components/Common/QuickIngest/__tests__/QuickIngestWizardModal.session.test.tsx > QuickIngestWizardModal session runtime > restores persisted file stubs with a reattach-required warning 60ms
 ✓ ../packages/ui/src/components/Common/QuickIngest/__tests__/QuickIngestWizardModal.session.test.tsx > QuickIngestWizardModal session runtime > reattaches persisted direct-ingest jobs after refresh 55ms
 ✓ ../packages/ui/src/components/Common/QuickIngest/__tests__/QuickIngestWizardModal.session.test.tsx > QuickIngestWizardModal session runtime > maps refreshed file-backed reattach results back to the original queued item id 55ms
 ✓ ../packages/ui/src/components/Common/QuickIngest/__tests__/QuickIngestWizardModal.session.test.tsx > QuickIngestWizardModal session runtime > does not run persisted direct-job reattach for extension runtime sessions 56ms
 ✓ ../packages/ui/src/components/Common/QuickIngest/__tests__/QuickIngestWizardModal.session.test.tsx > QuickIngestWizardModal session runtime > restarts direct processing after refresh when tracking exists without persisted job ids 58ms
 ✓ ../packages/ui/src/components/Common/QuickIngest/__tests__/QuickIngestWizardModal.session.test.tsx > QuickIngestWizardModal session runtime > cancels a refreshed direct session using persisted tracking metadata 68ms
 ✓ ../packages/ui/src/components/Common/QuickIngest/__tests__/QuickIngestWizardModal.session.test.tsx > QuickIngestWizardModal session runtime > ignores late persisted reattach processing after cancellation 61ms
 ✓ ../packages/ui/src/components/Common/QuickIngest/__tests__/QuickIngestWizardModal.session.test.tsx > QuickIngestWizardModal session runtime > ignores late persisted reattach completion after cancellation 69ms
 ✓ ../packages/ui/src/components/Common/QuickIngest/__tests__/QuickIngestWizardModal.session.test.tsx > QuickIngestWizardModal session runtime > reruns persisted direct-session reattach when item mapping metadata arrives later 109ms
 ✓ ../packages/ui/src/components/Common/QuickIngest/__tests__/QuickIngestWizardModal.session.test.tsx > QuickIngestWizardModal session runtime > preserves already completed item results when cancellation finalizes pending items 68ms
 ✓ ../packages/ui/src/components/Common/QuickIngest/__tests__/QuickIngestWizardModal.session.test.tsx > QuickIngestWizardModal session runtime > opens durable conference collections from terminal results 67ms
 ✓ ../packages/ui/src/components/Common/QuickIngest/__tests__/QuickIngestWizardModal.session.test.tsx > QuickIngestWizardModal session runtime > keeps polling persisted direct-job reattach until the resumed session reaches a terminal state 55ms
 ✓ ../packages/ui/src/components/Review/__tests__/ViewMediaPage.permalink.test.tsx > ViewMediaPage Stage 3 permalinks > allows genuine scrolling and an explicit chapter jump to save their current positions 2404ms
 ✓ ../packages/ui/src/components/Review/__tests__/ViewMediaPage.permalink.test.tsx > ViewMediaPage Stage 3 permalinks > clears a deleted deep link without hydrating its cached row again 47ms
 ✓ ../packages/ui/src/components/Review/__tests__/ViewMediaPage.permalink.test.tsx > ViewMediaPage Stage 3 permalinks > retains Trash navigation after deleting the sole item and refreshing to an empty library 55ms
 ✓ ../packages/ui/src/components/Review/__tests__/ViewMediaPage.permalink.test.tsx > ViewMediaPage Stage 3 permalinks > disables Delete before confirmation when the caller lacks media.delete 39ms
 ✓ ../packages/ui/src/components/Review/__tests__/ViewMediaPage.permalink.test.tsx > ViewMediaPage Stage 3 permalinks > opens the Chat composer directly with media context 41ms
 ✓ ../packages/ui/src/components/Review/__tests__/ViewMediaPage.permalink.test.tsx > ViewMediaPage Stage 3 permalinks > hydrates and selects permalink media id even when not in current results 5ms
 ✓ ../packages/ui/src/components/Review/__tests__/ViewMediaPage.permalink.test.tsx > ViewMediaPage Stage 3 permalinks > opens the saved Flashcard media source through its actual permalink consumer 4ms
 ✓ ../packages/ui/src/components/Review/__tests__/ViewMediaPage.permalink.test.tsx > ViewMediaPage Stage 3 permalinks > falls back to LAST_MEDIA_ID_SETTING when URL has no id and clears legacy setting 7ms
 ✓ ../packages/ui/src/components/Review/__tests__/ViewMediaPage.permalink.test.tsx > ViewMediaPage Stage 3 permalinks > keeps permalink id synchronized when navigating previous/next from a deep link 92ms
 ✓ ../packages/ui/src/components/Review/__tests__/ViewMediaPage.permalink.test.tsx > ViewMediaPage Stage 3 permalinks > focuses the media search input when slash shortcut is pressed 17ms
 ✓ ../packages/ui/src/components/Review/__tests__/ViewMediaPage.permalink.test.tsx > ViewMediaPage Stage 3 permalinks > keeps sidebar collapse/expand toggle behavior functional 86ms
 ✓ ../packages/ui/src/components/Review/__tests__/ViewMediaPage.permalink.test.tsx > ViewMediaPage Stage 3 permalinks > preserves j/k keyboard navigation between selected items 10ms
 ✓ ../packages/ui/src/components/Review/__tests__/ViewMediaPage.permalink.test.tsx > ViewMediaPage Stage 3 permalinks > preserves arrow-key pagination behavior 57ms
 ✓ ../packages/ui/src/components/Review/__tests__/ViewMediaPage.permalink.test.tsx > ViewMediaPage Stage 3 permalinks > does not reset pagination after an explicit page change 8ms
 ✓ ../packages/ui/src/components/Review/__tests__/ViewMediaPage.permalink.test.tsx > ViewMediaPage Stage 3 permalinks > toggles keyboard shortcuts overlay with ? key 7ms
 ✓ ../packages/ui/src/components/Review/__tests__/ViewMediaPage.permalink.test.tsx > ViewMediaPage Stage 1 trash undo flow > shows undo notification after soft-delete from /media 44ms
 ✓ ../packages/ui/src/components/Review/__tests__/ViewMediaPage.permalink.test.tsx > ViewMediaPage Stage 1 trash undo flow > restores deleted media when undo action is invoked from toast 44ms
 ✓ ../packages/ui/src/components/Review/__tests__/ViewMediaPage.permalink.test.tsx > ViewMediaPage Stage 1 trash undo flow > does not call restore API unless undo action is triggered 45ms
 ✓ ../packages/ui/src/components/Review/__tests__/ViewMediaPage.permalink.test.tsx > ViewMediaPage Stage 1 chat action semantics > does not hand off partial content while selected detail is pending, then sends the full source 78ms
 ✓ ../packages/ui/src/components/Review/__tests__/ViewMediaPage.permalink.test.tsx > ViewMediaPage Stage 1 chat action semantics > does not hand off empty selected detail 41ms
 ✓ ../packages/ui/src/components/Review/__tests__/ViewMediaPage.permalink.test.tsx > ViewMediaPage Stage 1 chat action semantics > does not hand off failure selected detail 41ms
 ✓ ../packages/ui/src/components/Review/__tests__/ViewMediaPage.permalink.test.tsx > ViewMediaPage Stage 1 chat action semantics > ignores late source A after selecting and loading source B 79ms
 ✓ ../packages/ui/src/components/Review/__tests__/ViewMediaPage.permalink.test.tsx > ViewMediaPage Stage 1 chat action semantics > keeps "chat with media" flow on normal mode with discuss-media payload 43ms
 ✓ ../packages/ui/src/components/Review/__tests__/ViewMediaPage.permalink.test.tsx > ViewMediaPage Stage 1 chat action semantics > keeps "chat about media" flow on rag mode with media-scoped payload 42ms

⎯⎯⎯⎯⎯⎯⎯ Failed Tests 1 ⎯⎯⎯⎯⎯⎯⎯

 FAIL  ../packages/ui/src/components/Review/hooks/__tests__/useMediaSearch.outage.test.tsx > Media search outage handling > refreshes current catalogue criteria and page, but rejects an obsolete owned completion
AssertionError: expected { …(5) } to match object { path: '/api/v1/media/search', …(1) }
(15 matching properties omitted from actual)

- Expected
+ Received

  {
    "body": {
-     "page": 2,
+     "fields": [
+       "title",
+       "content",
+     ],
      "query": "cedar",
+     "sort_by": "relevance",
    },
-   "path": "/api/v1/media/search",
+   "path": "/api/v1/media/search?page=2&results_per_page=20&include_keywords=true",
  }

 ❯ ../packages/ui/src/components/Review/hooks/__tests__/useMediaSearch.outage.test.tsx:94:57
     92|     expect(result.current.query).toBe("cedar")
     93|     expect(result.current.page).toBe(2)
     94|     expect(vi.mocked(bgRequest).mock.calls.at(-1)?.[0]).toMatchObject(…
       |                                                         ^
     95|   })
     96| 

⎯⎯⎯⎯⎯⎯⎯⎯⎯⎯⎯⎯⎯⎯⎯⎯⎯⎯⎯⎯⎯⎯⎯⎯[1/1]⎯


 Test Files  1 failed | 4 passed (5)
      Tests  1 failed | 97 passed (98)
   Start at  11:49:34
   Duration  7.09s (transform 1.96s, setup 459ms, import 3.87s, tests 11.62s, environment 1.26s)

