
 RUN  v4.0.18 /Users/macbook-dev/Documents/GitHub/tldw_server2/apps/tldw-frontend

·······················x······

⎯⎯⎯⎯⎯⎯⎯ Failed Tests 1 ⎯⎯⎯⎯⎯⎯⎯

 FAIL  ../packages/ui/src/components/Review/__tests__/ViewMediaPage.permalink.test.tsx > ViewMediaPage Stage 1 chat action semantics > requires a resolved owner before preparing a source handoff
AssertionError: expected "vi.fn()" to not be called at all, but actually been called 1 times

Received: 

  1st vi.fn() call:

    Array [
      Object {
        "area": "local",
        "coerce": [Function coerceOptionalString],
        "defaultValue": undefined,
        "key": "tldw:lastMediaId",
        "localStorageKey": "tldw:lastMediaId",
        "mirrorToLocalStorage": true,
      },
      "100",
    ]


Number of calls: 1

 ❯ ../packages/ui/src/components/Review/__tests__/ViewMediaPage.permalink.test.tsx:1089:34
    1087|     fireEvent.click(screen.getByRole('button', { name: 'Chat with medi…
    1088|     fireEvent.click(screen.getByRole('button', { name: 'Chat about med…
    1089|     expect(mocks.setSetting).not.toHaveBeenCalled()
       |                                  ^
    1090|     expect(screen.queryByText('Chat composer')).not.toBeInTheDocument()
    1091|   })

⎯⎯⎯⎯⎯⎯⎯⎯⎯⎯⎯⎯⎯⎯⎯⎯⎯⎯⎯⎯⎯⎯⎯⎯[1/1]⎯


 Test Files  1 failed (1)
      Tests  1 failed | 29 passed (30)
   Start at  12:00:42
   Duration  7.24s (transform 582ms, setup 87ms, import 1.02s, tests 5.87s, environment 202ms)

