
 RUN  v4.0.18 /Users/macbook-dev/Documents/GitHub/tldw_server2/apps/tldw-frontend

(node:88705) ExperimentalWarning: localStorage is not available because --localstorage-file was not provided.
(Use `node --trace-warnings ...` to show where the warning was created)
(node:88706) ExperimentalWarning: localStorage is not available because --localstorage-file was not provided.
(Use `node --trace-warnings ...` to show where the warning was created)
 ✓ ../packages/ui/src/components/Media/__tests__/ContentViewer.stage15.accessibility.test.tsx > ContentViewer stage 15 content announcements > disables full-content Chat with a visible reason until content is ready 176ms
 ✓ ../packages/ui/src/components/Media/__tests__/ContentViewer.stage15.accessibility.test.tsx > ContentViewer stage 15 content announcements > announces loading and ready status when content state changes 29ms
 ✓ ../packages/ui/src/components/Media/__tests__/ContentViewer.stage15.accessibility.test.tsx > ContentViewer stage 15 content announcements > updates announcements for pointer, keyboard, and programmatic selection changes 236ms
 ✓ ../packages/ui/src/components/Media/__tests__/ContentViewer.stage15.accessibility.test.tsx > ContentViewer stage 15 content announcements > does not re-announce on unrelated rerenders for the same item state 19ms
 ✓ ../packages/ui/src/components/Media/__tests__/ContentViewer.stage15.accessibility.test.tsx > ContentViewer stage 15 content announcements > opens named read-along and annotation actions from keyboard selection events 315ms
 ✓ ../packages/ui/src/components/Media/__tests__/ContentViewer.stage15.accessibility.test.tsx > ContentViewer stage 15 content announcements > uses reduced-motion scrolling for active read-along segment follow mode 18ms
 ✓ ../packages/ui/src/components/Review/__tests__/ViewMediaPage.permalink.test.tsx > ViewMediaPage Stage 3 permalinks > shows a newly ingested deep link even when the cached library is empty 34ms
 ✓ ../packages/ui/src/components/Review/__tests__/ViewMediaPage.permalink.test.tsx > ViewMediaPage Stage 3 permalinks > keeps saved reading position when passive chapter selection resolves after progress restoration (remembered=false) 1164ms
 ✓ ../packages/ui/src/components/Review/__tests__/ViewMediaPage.permalink.test.tsx > ViewMediaPage Stage 3 permalinks > keeps saved reading position when passive chapter selection resolves after progress restoration (remembered=true) 1161ms
 ✓ ../packages/ui/src/components/Review/__tests__/ViewMediaPage.permalink.test.tsx > ViewMediaPage Stage 3 permalinks > allows genuine scrolling and an explicit chapter jump to save their current positions 2403ms
 ✓ ../packages/ui/src/components/Review/__tests__/ViewMediaPage.permalink.test.tsx > ViewMediaPage Stage 3 permalinks > clears a deleted deep link without hydrating its cached row again 54ms
 ✓ ../packages/ui/src/components/Review/__tests__/ViewMediaPage.permalink.test.tsx > ViewMediaPage Stage 3 permalinks > retains Trash navigation after deleting the sole item and refreshing to an empty library 51ms
 ✓ ../packages/ui/src/components/Review/__tests__/ViewMediaPage.permalink.test.tsx > ViewMediaPage Stage 3 permalinks > disables Delete before confirmation when the caller lacks media.delete 36ms
 ✓ ../packages/ui/src/components/Review/__tests__/ViewMediaPage.permalink.test.tsx > ViewMediaPage Stage 3 permalinks > opens the Chat composer directly with media context 39ms
 ✓ ../packages/ui/src/components/Review/__tests__/ViewMediaPage.permalink.test.tsx > ViewMediaPage Stage 3 permalinks > hydrates and selects permalink media id even when not in current results 5ms
 ✓ ../packages/ui/src/components/Review/__tests__/ViewMediaPage.permalink.test.tsx > ViewMediaPage Stage 3 permalinks > opens the saved Flashcard media source through its actual permalink consumer 4ms
 ✓ ../packages/ui/src/components/Review/__tests__/ViewMediaPage.permalink.test.tsx > ViewMediaPage Stage 3 permalinks > falls back to LAST_MEDIA_ID_SETTING when URL has no id and clears legacy setting 6ms
 ✓ ../packages/ui/src/components/Review/__tests__/ViewMediaPage.permalink.test.tsx > ViewMediaPage Stage 3 permalinks > keeps permalink id synchronized when navigating previous/next from a deep link 97ms
 ✓ ../packages/ui/src/components/Review/__tests__/ViewMediaPage.permalink.test.tsx > ViewMediaPage Stage 3 permalinks > focuses the media search input when slash shortcut is pressed 14ms
 ✓ ../packages/ui/src/components/Review/__tests__/ViewMediaPage.permalink.test.tsx > ViewMediaPage Stage 3 permalinks > keeps sidebar collapse/expand toggle behavior functional 76ms
 ✓ ../packages/ui/src/components/Review/__tests__/ViewMediaPage.permalink.test.tsx > ViewMediaPage Stage 3 permalinks > preserves j/k keyboard navigation between selected items 7ms
 ✓ ../packages/ui/src/components/Review/__tests__/ViewMediaPage.permalink.test.tsx > ViewMediaPage Stage 3 permalinks > preserves arrow-key pagination behavior 56ms
 ✓ ../packages/ui/src/components/Review/__tests__/ViewMediaPage.permalink.test.tsx > ViewMediaPage Stage 3 permalinks > does not reset pagination after an explicit page change 8ms
 ✓ ../packages/ui/src/components/Review/__tests__/ViewMediaPage.permalink.test.tsx > ViewMediaPage Stage 3 permalinks > toggles keyboard shortcuts overlay with ? key 7ms
 ✓ ../packages/ui/src/components/Review/__tests__/ViewMediaPage.permalink.test.tsx > ViewMediaPage Stage 1 trash undo flow > shows undo notification after soft-delete from /media 43ms
 ✓ ../packages/ui/src/components/Review/__tests__/ViewMediaPage.permalink.test.tsx > ViewMediaPage Stage 1 trash undo flow > restores deleted media when undo action is invoked from toast 40ms
 ✓ ../packages/ui/src/components/Review/__tests__/ViewMediaPage.permalink.test.tsx > ViewMediaPage Stage 1 trash undo flow > does not call restore API unless undo action is triggered 41ms
 × ../packages/ui/src/components/Review/__tests__/ViewMediaPage.permalink.test.tsx > ViewMediaPage Stage 1 chat action semantics > does not hand off partial content while selected detail is pending, then sends the full source 74ms
   → expected "vi.fn()" to be called with arguments: [ Anything, ObjectContaining{…} ]

Received: 

  1st vi.fn() call:

  [
-   Anything,
-   ObjectContaining {
-     "content": "Complete Cedar source. Complete Cedar source. Complete Cedar source. Complete Cedar source. Complete Cedar source. Complete Cedar source. Complete Cedar source. Complete Cedar source. Complete Cedar source. Complete Cedar source. Complete Cedar source. Complete Cedar source. Complete Cedar source. Complete Cedar source. Complete Cedar source. Complete Cedar source. Complete Cedar source. Complete Cedar source. Complete Cedar source. Complete Cedar source. Complete Cedar source. Complete Cedar source. Complete Cedar source. Complete Cedar source. Complete Cedar source. Complete Cedar source. Complete Cedar source. Complete Cedar source. Complete Cedar source. Complete Cedar source. Complete Cedar source. Complete Cedar source. Complete Cedar source. Complete Cedar source. Complete Cedar source. Complete Cedar source. Complete Cedar source. Complete Cedar source. Complete Cedar source. Complete Cedar source. Complete Cedar source. Complete Cedar source. Complete Cedar source. Complete Cedar source. Complete Cedar source. Complete Cedar source. Complete Cedar source. Complete Cedar source. Complete Cedar source. Complete Cedar source. Complete Cedar source. Complete Cedar source. Complete Cedar source. Complete Cedar source. Complete Cedar source. Complete Cedar source. Complete Cedar source. Complete Cedar source. Complete Cedar source. Complete Cedar source. Complete Cedar source. Complete Cedar source. Complete Cedar source. Complete Cedar source. Complete Cedar source. Complete Cedar source. Complete Cedar source. Complete Cedar source. Complete Cedar source. Complete Cedar source. Complete Cedar source. Complete Cedar source. Complete Cedar source. Complete Cedar source. Complete Cedar source. Complete Cedar source. Complete Cedar source. Complete Cedar source. Complete Cedar source. Complete Cedar source. Complete Cedar source. Complete Cedar source. Complete Cedar source. Complete Cedar source. Complete Cedar source. Complete Cedar source. Complete Cedar source. Complete Cedar source. Complete Cedar source. Complete Cedar source. ",
-     "mediaId": "100",
-     "mode": "normal",
+   {
+     "area": "local",
+     "coerce": [Function coerceOptionalString],
+     "defaultValue": undefined,
+     "key": "tldw:lastMediaId",
+     "localStorageKey": "tldw:lastMediaId",
+     "mirrorToLocalStorage": true,
    },
+   "100",
  ]

  2nd vi.fn() call:

  [
-   Anything,
-   ObjectContaining {
-     "content": "Complete Cedar source. Complete Cedar source. Complete Cedar source. Complete Cedar source. Complete Cedar source. Complete Cedar source. Complete Cedar source. Complete Cedar source. Complete Cedar source. Complete Cedar source. Complete Cedar source. Complete Cedar source. Complete Cedar source. Complete Cedar source. Complete Cedar source. Complete Cedar source. Complete Cedar source. Complete Cedar source. Complete Cedar source. Complete Cedar source. Complete Cedar source. Complete Cedar source. Complete Cedar source. Complete Cedar source. Complete Cedar source. Complete Cedar source. Complete Cedar source. Complete Cedar source. Complete Cedar source. Complete Cedar source. Complete Cedar source. Complete Cedar source. Complete Cedar source. Complete Cedar source. Complete Cedar source. Complete Cedar source. Complete Cedar source. Complete Cedar source. Complete Cedar source. Complete Cedar source. Complete Cedar source. Complete Cedar source. Complete Cedar source. Complete Cedar source. Complete Cedar source. Complete Cedar source. Complete Cedar source. Complete Cedar source. Complete Cedar source. Complete Cedar source. Complete Cedar source. Complete Cedar source. Complete Cedar source. Complete Cedar source. Complete Cedar source. Complete Cedar source. Complete Cedar source. Complete Cedar source. Complete Cedar source. Complete Cedar source. Complete Cedar source. Complete Cedar source. Complete Cedar source. Complete Cedar source. Complete Cedar source. Complete Cedar source. Complete Cedar source. Complete Cedar source. Complete Cedar source. Complete Cedar source. Complete Cedar source. Complete Cedar source. Complete Cedar source. Complete Cedar source. Complete Cedar source. Complete Cedar source. Complete Cedar source. Complete Cedar source. Complete Cedar source. Complete Cedar source. Complete Cedar source. Complete Cedar source. Complete Cedar source. Complete Cedar source. Complete Cedar source. Complete Cedar source. Complete Cedar source. Complete Cedar source. Complete Cedar source. Complete Cedar source. ",
+   {
+     "area": "local",
+     "coerce": [Function anonymous],
+     "defaultValue": undefined,
+     "key": "tldw:discussMediaPrompt",
+     "localStorageKey": "tldw:discussMediaPrompt",
+     "mirrorToLocalStorage": true,
+   },
+   {
+     "content": "Complete Cedar source. Complete Cedar source. Complete Cedar source. Complete Cedar source. Complete Cedar source. Complete Cedar source. Complete Cedar source. Complete Cedar source. Complete Cedar source. Complete Cedar source. Complete Cedar source. Complete Cedar source. Complete Cedar source. Complete Cedar source. Complete Cedar source. Complete Cedar source. Complete Cedar source. Complete Cedar source. Complete Cedar source. Complete Cedar source. Complete Cedar source. Complete Cedar source. Complete Cedar source. Complete Cedar source. Complete Cedar source. Complete Cedar source. Complete Cedar source. Complete Cedar source. Complete Cedar source. Complete Cedar source. Complete Cedar source. Complete Cedar source. Complete Cedar source. Complete Cedar source. Complete Cedar source. Complete Cedar source. Complete Cedar source. Complete Cedar source. Complete Cedar source. Complete Cedar source. Complete Cedar source. Complete Cedar source. Complete Cedar source. Complete Cedar source. Complete Cedar source. Complete Cedar source. Complete Cedar source. Complete Cedar source. Complete Cedar source. Complete Cedar source. Complete Cedar source. Complete Cedar source. Complete Cedar source. Complete Cedar source. Complete Cedar source. Complete Cedar source. Complete Cedar source. Complete Cedar source. Complete Cedar source. Complete Cedar source. Complete Cedar source. Complete Cedar source. Complete Cedar source. Complete Cedar source. Complete Cedar source. Complete Cedar source. Complete Cedar source. Complete Cedar source. Complete Cedar source. Complete Cedar source. Complete Cedar source. Complete Cedar source. Complete Cedar source. Complete Cedar source. Complete Cedar source. Complete Cedar source. Complete Cedar source. Complete Cedar source. Complete Cedar source. Complete Cedar source. Complete Cedar source. Complete Cedar source. Complete Cedar source. Complete Cedar source. Complete Cedar source. Complete Cedar source. Complete Cedar source. Complete Cedar source. Complete Cedar source. Complete Cedar source.",
      "mediaId": "100",
      "mode": "normal",
+     "title": "Pending source",
    },
  ]


Number of calls: 2

 ✓ ../packages/ui/src/components/Review/__tests__/ViewMediaPage.permalink.test.tsx > ViewMediaPage Stage 1 chat action semantics > does not hand off empty selected detail 38ms
 ✓ ../packages/ui/src/components/Review/__tests__/ViewMediaPage.permalink.test.tsx > ViewMediaPage Stage 1 chat action semantics > does not hand off failure selected detail 39ms
 ✓ ../packages/ui/src/components/Review/__tests__/ViewMediaPage.permalink.test.tsx > ViewMediaPage Stage 1 chat action semantics > ignores late source A after selecting and loading source B 73ms
 ✓ ../packages/ui/src/components/Review/__tests__/ViewMediaPage.permalink.test.tsx > ViewMediaPage Stage 1 chat action semantics > keeps "chat with media" flow on normal mode with discuss-media payload 38ms
 ✓ ../packages/ui/src/components/Review/__tests__/ViewMediaPage.permalink.test.tsx > ViewMediaPage Stage 1 chat action semantics > keeps "chat about media" flow on rag mode with media-scoped payload 39ms

⎯⎯⎯⎯⎯⎯⎯ Failed Tests 1 ⎯⎯⎯⎯⎯⎯⎯

 FAIL  ../packages/ui/src/components/Review/__tests__/ViewMediaPage.permalink.test.tsx > ViewMediaPage Stage 1 chat action semantics > does not hand off partial content while selected detail is pending, then sends the full source
AssertionError: expected "vi.fn()" to be called with arguments: [ Anything, ObjectContaining{…} ]

Received: 

  1st vi.fn() call:

  [
-   Anything,
-   ObjectContaining {
-     "content": "Complete Cedar source. Complete Cedar source. Complete Cedar source. Complete Cedar source. Complete Cedar source. Complete Cedar source. Complete Cedar source. Complete Cedar source. Complete Cedar source. Complete Cedar source. Complete Cedar source. Complete Cedar source. Complete Cedar source. Complete Cedar source. Complete Cedar source. Complete Cedar source. Complete Cedar source. Complete Cedar source. Complete Cedar source. Complete Cedar source. Complete Cedar source. Complete Cedar source. Complete Cedar source. Complete Cedar source. Complete Cedar source. Complete Cedar source. Complete Cedar source. Complete Cedar source. Complete Cedar source. Complete Cedar source. Complete Cedar source. Complete Cedar source. Complete Cedar source. Complete Cedar source. Complete Cedar source. Complete Cedar source. Complete Cedar source. Complete Cedar source. Complete Cedar source. Complete Cedar source. Complete Cedar source. Complete Cedar source. Complete Cedar source. Complete Cedar source. Complete Cedar source. Complete Cedar source. Complete Cedar source. Complete Cedar source. Complete Cedar source. Complete Cedar source. Complete Cedar source. Complete Cedar source. Complete Cedar source. Complete Cedar source. Complete Cedar source. Complete Cedar source. Complete Cedar source. Complete Cedar source. Complete Cedar source. Complete Cedar source. Complete Cedar source. Complete Cedar source. Complete Cedar source. Complete Cedar source. Complete Cedar source. Complete Cedar source. Complete Cedar source. Complete Cedar source. Complete Cedar source. Complete Cedar source. Complete Cedar source. Complete Cedar source. Complete Cedar source. Complete Cedar source. Complete Cedar source. Complete Cedar source. Complete Cedar source. Complete Cedar source. Complete Cedar source. Complete Cedar source. Complete Cedar source. Complete Cedar source. Complete Cedar source. Complete Cedar source. Complete Cedar source. Complete Cedar source. Complete Cedar source. Complete Cedar source. Complete Cedar source. Complete Cedar source. ",
-     "mediaId": "100",
-     "mode": "normal",
+   {
+     "area": "local",
+     "coerce": [Function coerceOptionalString],
+     "defaultValue": undefined,
+     "key": "tldw:lastMediaId",
+     "localStorageKey": "tldw:lastMediaId",
+     "mirrorToLocalStorage": true,
    },
+   "100",
  ]

  2nd vi.fn() call:

  [
-   Anything,
-   ObjectContaining {
-     "content": "Complete Cedar source. Complete Cedar source. Complete Cedar source. Complete Cedar source. Complete Cedar source. Complete Cedar source. Complete Cedar source. Complete Cedar source. Complete Cedar source. Complete Cedar source. Complete Cedar source. Complete Cedar source. Complete Cedar source. Complete Cedar source. Complete Cedar source. Complete Cedar source. Complete Cedar source. Complete Cedar source. Complete Cedar source. Complete Cedar source. Complete Cedar source. Complete Cedar source. Complete Cedar source. Complete Cedar source. Complete Cedar source. Complete Cedar source. Complete Cedar source. Complete Cedar source. Complete Cedar source. Complete Cedar source. Complete Cedar source. Complete Cedar source. Complete Cedar source. Complete Cedar source. Complete Cedar source. Complete Cedar source. Complete Cedar source. Complete Cedar source. Complete Cedar source. Complete Cedar source. Complete Cedar source. Complete Cedar source. Complete Cedar source. Complete Cedar source. Complete Cedar source. Complete Cedar source. Complete Cedar source. Complete Cedar source. Complete Cedar source. Complete Cedar source. Complete Cedar source. Complete Cedar source. Complete Cedar source. Complete Cedar source. Complete Cedar source. Complete Cedar source. Complete Cedar source. Complete Cedar source. Complete Cedar source. Complete Cedar source. Complete Cedar source. Complete Cedar source. Complete Cedar source. Complete Cedar source. Complete Cedar source. Complete Cedar source. Complete Cedar source. Complete Cedar source. Complete Cedar source. Complete Cedar source. Complete Cedar source. Complete Cedar source. Complete Cedar source. Complete Cedar source. Complete Cedar source. Complete Cedar source. Complete Cedar source. Complete Cedar source. Complete Cedar source. Complete Cedar source. Complete Cedar source. Complete Cedar source. Complete Cedar source. Complete Cedar source. Complete Cedar source. Complete Cedar source. Complete Cedar source. Complete Cedar source. Complete Cedar source. Complete Cedar source. ",
+   {
+     "area": "local",
+     "coerce": [Function anonymous],
+     "defaultValue": undefined,
+     "key": "tldw:discussMediaPrompt",
+     "localStorageKey": "tldw:discussMediaPrompt",
+     "mirrorToLocalStorage": true,
+   },
+   {
+     "content": "Complete Cedar source. Complete Cedar source. Complete Cedar source. Complete Cedar source. Complete Cedar source. Complete Cedar source. Complete Cedar source. Complete Cedar source. Complete Cedar source. Complete Cedar source. Complete Cedar source. Complete Cedar source. Complete Cedar source. Complete Cedar source. Complete Cedar source. Complete Cedar source. Complete Cedar source. Complete Cedar source. Complete Cedar source. Complete Cedar source. Complete Cedar source. Complete Cedar source. Complete Cedar source. Complete Cedar source. Complete Cedar source. Complete Cedar source. Complete Cedar source. Complete Cedar source. Complete Cedar source. Complete Cedar source. Complete Cedar source. Complete Cedar source. Complete Cedar source. Complete Cedar source. Complete Cedar source. Complete Cedar source. Complete Cedar source. Complete Cedar source. Complete Cedar source. Complete Cedar source. Complete Cedar source. Complete Cedar source. Complete Cedar source. Complete Cedar source. Complete Cedar source. Complete Cedar source. Complete Cedar source. Complete Cedar source. Complete Cedar source. Complete Cedar source. Complete Cedar source. Complete Cedar source. Complete Cedar source. Complete Cedar source. Complete Cedar source. Complete Cedar source. Complete Cedar source. Complete Cedar source. Complete Cedar source. Complete Cedar source. Complete Cedar source. Complete Cedar source. Complete Cedar source. Complete Cedar source. Complete Cedar source. Complete Cedar source. Complete Cedar source. Complete Cedar source. Complete Cedar source. Complete Cedar source. Complete Cedar source. Complete Cedar source. Complete Cedar source. Complete Cedar source. Complete Cedar source. Complete Cedar source. Complete Cedar source. Complete Cedar source. Complete Cedar source. Complete Cedar source. Complete Cedar source. Complete Cedar source. Complete Cedar source. Complete Cedar source. Complete Cedar source. Complete Cedar source. Complete Cedar source. Complete Cedar source. Complete Cedar source. Complete Cedar source.",
      "mediaId": "100",
      "mode": "normal",
+     "title": "Pending source",
    },
  ]


Number of calls: 2

 ❯ ../packages/ui/src/components/Review/__tests__/ViewMediaPage.permalink.test.tsx:1070:30
    1068|     fireEvent.click(screen.getByRole('button', { name: 'Chat with medi…
    1069|     expect(await screen.findByText('Chat composer')).toBeInTheDocument…
    1070|     expect(mocks.setSetting).toHaveBeenCalledWith(expect.anything(), e…
       |                              ^
    1071|   })
    1072| 

⎯⎯⎯⎯⎯⎯⎯⎯⎯⎯⎯⎯⎯⎯⎯⎯⎯⎯⎯⎯⎯⎯⎯⎯[1/1]⎯


 Test Files  1 failed | 1 passed (2)
      Tests  1 failed | 32 passed (33)
   Start at  11:44:28
   Duration  6.94s (transform 758ms, setup 166ms, import 1.71s, tests 6.44s, environment 390ms)

