
 RUN  v4.0.18 /Users/macbook-dev/Documents/GitHub/tldw_server2/apps/tldw-frontend

(node:91051) ExperimentalWarning: localStorage is not available because --localstorage-file was not provided.
(Use `node --trace-warnings ...` to show where the warning was created)
(node:91049) ExperimentalWarning: localStorage is not available because --localstorage-file was not provided.
(Use `node --trace-warnings ...` to show where the warning was created)
(node:91050) ExperimentalWarning: localStorage is not available because --localstorage-file was not provided.
(Use `node --trace-warnings ...` to show where the warning was created)
(node:91052) ExperimentalWarning: localStorage is not available because --localstorage-file was not provided.
(Use `node --trace-warnings ...` to show where the warning was created)
(node:91048) ExperimentalWarning: localStorage is not available because --localstorage-file was not provided.
(Use `node --trace-warnings ...` to show where the warning was created)
 ✓ ../packages/ui/src/components/Review/hooks/__tests__/useMediaSearch.outage.test.tsx > Media search outage handling > discards late search/type work after unmount (resolve) 66ms
 ✓ ../packages/ui/src/components/Review/hooks/__tests__/useMediaSearch.outage.test.tsx > Media search outage handling > discards late search/type work after unmount (reject) 54ms
 ✓ ../packages/ui/src/components/Review/hooks/__tests__/useMediaSearch.outage.test.tsx > Media search outage handling > cancels callbacks on a synchronous connection authority loss before React unmount 3ms
 ✓ ../packages/ui/src/components/Review/hooks/__tests__/useMediaSearch.outage.test.tsx > Media search outage handling > keeps a transport outage recoverable without reporting a runtime exception 55ms
 ✓ ../packages/ui/src/components/Review/hooks/__tests__/useMediaSearch.outage.test.tsx > Media search outage handling > keeps missing-endpoint guidance distinct from a transport outage 54ms
 ✓ ../packages/ui/src/components/Review/hooks/__tests__/useMediaSearch.outage.test.tsx > Media search outage handling > retains diagnostics for unexpected failures 53ms
 ✓ ../packages/ui/src/components/Common/QuickIngest/__tests__/QuickIngestWizardModal.session.test.tsx > QuickIngestWizardModal session runtime > refreshes the actual catalogue for current wizard completion (before mount=false) 88ms
 ✓ ../packages/ui/src/components/Common/QuickIngest/__tests__/QuickIngestWizardModal.session.test.tsx > QuickIngestWizardModal session runtime > refreshes the actual catalogue for current wizard completion (before mount=true) 114ms
 ✓ ../packages/ui/src/components/Review/__tests__/ViewMediaPage.connection.test.tsx > ViewMediaPage connection states > does not start protected Media reads during initial testing before the credential gate 64ms
 ✓ ../packages/ui/src/components/Review/__tests__/ViewMediaPage.connection.test.tsx > ViewMediaPage connection states > shows credential guidance and opens settings when auth is missing 12ms
 ✓ ../packages/ui/src/components/Review/__tests__/ViewMediaPage.connection.test.tsx > ViewMediaPage connection states > shows setup guidance and routes first-run users to setup 8ms
 ✓ ../packages/ui/src/components/Review/__tests__/ViewMediaPage.connection.test.tsx > ViewMediaPage connection states > shows unreachable guidance with retry and diagnostics actions 11ms
 ✓ ../packages/ui/src/components/Review/__tests__/ViewMediaPage.permalink.test.tsx > ViewMediaPage Stage 3 permalinks > shows a newly ingested deep link even when the cached library is empty 36ms
 ✓ ../packages/ui/src/components/Common/QuickIngest/__tests__/QuickIngestWizardModal.session.test.tsx > QuickIngestWizardModal session runtime > masks Bob's completed result on logout before a replacement account can act 59ms
 ✓ ../packages/ui/src/components/Common/QuickIngest/__tests__/QuickIngestWizardModal.session.test.tsx > QuickIngestWizardModal session runtime > keeps a saved-source Warning navigable through actual direct upload, session state, and results UI 167ms
 ✓ ../packages/ui/src/components/Media/__tests__/ContentViewer.stage15.accessibility.test.tsx > ContentViewer stage 15 content announcements > disables full-content Chat with a visible reason until content is ready 187ms
 ✓ ../packages/ui/src/components/Media/__tests__/ContentViewer.stage15.accessibility.test.tsx > ContentViewer stage 15 content announcements > announces loading and ready status when content state changes 27ms
 ✓ ../packages/ui/src/components/Common/QuickIngest/__tests__/QuickIngestWizardModal.session.test.tsx > QuickIngestWizardModal session runtime > keeps a saved-source Warning navigable through actual reattach, session state, and results UI 85ms
 ✓ ../packages/ui/src/components/Common/QuickIngest/__tests__/QuickIngestWizardModal.session.test.tsx > QuickIngestWizardModal session runtime > keeps a saved-source Warning navigable through actual StrictMode reattach, session state, and results UI 81ms
 ✓ ../packages/ui/src/components/Common/QuickIngest/__tests__/QuickIngestWizardModal.session.test.tsx > QuickIngestWizardModal session runtime > ignores the cancelled StrictMode poll after its replacement accepts terminal results 58ms
 ✓ ../packages/ui/src/components/Media/__tests__/ContentViewer.stage15.accessibility.test.tsx > ContentViewer stage 15 content announcements > updates announcements for pointer, keyboard, and programmatic selection changes 248ms
 ✓ ../packages/ui/src/components/Media/__tests__/ContentViewer.stage15.accessibility.test.tsx > ContentViewer stage 15 content announcements > does not re-announce on unrelated rerenders for the same item state 23ms
 ✓ ../packages/ui/src/components/Common/QuickIngest/__tests__/QuickIngestWizardModal.session.test.tsx > QuickIngestWizardModal session runtime > minimizes the actual processing view through processing button and resumes the same job 103ms
 ✓ ../packages/ui/src/components/Common/QuickIngest/__tests__/QuickIngestWizardModal.session.test.tsx > QuickIngestWizardModal session runtime > minimizes the actual processing view through close confirmation and resumes the same job 95ms
 ✓ ../packages/ui/src/components/Common/QuickIngest/__tests__/QuickIngestWizardModal.session.test.tsx > QuickIngestWizardModal session runtime > leaves pending stages and percentages unchanged as elapsed time passes, then accepts a terminal result 59ms
 ✓ ../packages/ui/src/components/Common/QuickIngest/__tests__/QuickIngestWizardModal.session.test.tsx > QuickIngestWizardModal session runtime > submits the queued wizard batch through the authenticated quick-ingest transport 76ms
 ✓ ../packages/ui/src/components/Common/QuickIngest/__tests__/QuickIngestWizardModal.session.test.tsx > QuickIngestWizardModal session runtime > keeps AntD modal portal props stable while results land 75ms
 ✓ ../packages/ui/src/components/Media/__tests__/ContentViewer.stage15.accessibility.test.tsx > ContentViewer stage 15 content announcements > opens named read-along and annotation actions from keyboard selection events 326ms
 ✓ ../packages/ui/src/components/Media/__tests__/ContentViewer.stage15.accessibility.test.tsx > ContentViewer stage 15 content announcements > uses reduced-motion scrolling for active read-along segment follow mode 20ms
 ✓ ../packages/ui/src/components/Common/QuickIngest/__tests__/QuickIngestWizardModal.session.test.tsx > QuickIngestWizardModal session runtime > starts Ingest More in a new persisted session 89ms
 ✓ ../packages/ui/src/components/Common/QuickIngest/__tests__/QuickIngestWizardModal.session.test.tsx > QuickIngestWizardModal session runtime > processes the configured standard preset with its analysis provider 71ms
 ✓ ../packages/ui/src/components/Common/QuickIngest/__tests__/QuickIngestWizardModal.session.test.tsx > QuickIngestWizardModal session runtime > processes the configured deep preset with its analysis provider 71ms
 ✓ ../packages/ui/src/components/Common/QuickIngest/__tests__/QuickIngestWizardModal.session.test.tsx > QuickIngestWizardModal session runtime > routes the standard preset to Configure when analysis needs a provider 101ms
 ✓ ../packages/ui/src/components/Review/__tests__/ViewMediaPage.permalink.test.tsx > ViewMediaPage Stage 3 permalinks > keeps saved reading position when passive chapter selection resolves after progress restoration (remembered=false) 1165ms
 ✓ ../packages/ui/src/components/Common/QuickIngest/__tests__/QuickIngestWizardModal.session.test.tsx > QuickIngestWizardModal session runtime > routes the deep preset to Configure when analysis needs a provider 99ms
 ✓ ../packages/ui/src/components/Common/QuickIngest/__tests__/QuickIngestWizardModal.session.test.tsx > QuickIngestWizardModal session runtime > does not enter processing when auto-process lacks an analysis provider 62ms
 ✓ ../packages/ui/src/components/Common/QuickIngest/__tests__/QuickIngestWizardModal.session.test.tsx > QuickIngestWizardModal session runtime > routes an auto-process provider warning from persisted step 2 to Configure 61ms
 ✓ ../packages/ui/src/components/Common/QuickIngest/__tests__/QuickIngestWizardModal.session.test.tsx > QuickIngestWizardModal session runtime > routes an auto-process provider warning from persisted step 3 to Configure 62ms
 ✓ ../packages/ui/src/components/Common/QuickIngest/__tests__/QuickIngestWizardModal.session.test.tsx > QuickIngestWizardModal session runtime > retries auto-process after closing and reopening a provider-blocked draft 133ms
 ✓ ../packages/ui/src/components/Common/QuickIngest/__tests__/QuickIngestWizardModal.session.test.tsx > QuickIngestWizardModal session runtime > waits for an in-flight connection check before consuming auto-process 105ms
 ✓ ../packages/ui/src/components/Common/QuickIngest/__tests__/QuickIngestWizardModal.session.test.tsx > QuickIngestWizardModal session runtime > restores a hidden processing session when the late analysis provider guard blocks startRun 62ms
 ✓ ../packages/ui/src/components/Common/QuickIngest/__tests__/QuickIngestWizardModal.session.test.tsx > QuickIngestWizardModal session runtime > preserves first-source open detail while syncing wizard state 68ms
 ✓ ../packages/ui/src/components/Common/QuickIngest/__tests__/QuickIngestWizardModal.session.test.tsx > QuickIngestWizardModal session runtime > syncs cleared first-source add mode from wizard reset 85ms
 ✓ ../packages/ui/src/components/Common/QuickIngest/__tests__/QuickIngestWizardModal.session.test.tsx > QuickIngestWizardModal session runtime > submits conference batch metadata and item overrides through the session payload 69ms
 ✓ ../packages/ui/src/components/Common/QuickIngest/__tests__/QuickIngestWizardModal.session.test.tsx > QuickIngestWizardModal session runtime > does not pre-seed direct tracking item identities before backend submissions are acknowledged 110ms
 ✓ ../packages/ui/src/components/Common/QuickIngest/__tests__/QuickIngestWizardModal.session.test.tsx > QuickIngestWizardModal session runtime > starts persisted direct-job reattach when tracking metadata arrives after the run begins 75ms
 ✓ ../packages/ui/src/components/Common/QuickIngest/__tests__/QuickIngestWizardModal.session.test.tsx > QuickIngestWizardModal session runtime > keeps cancellation terminal when runtime completion arrives in the cancel click 86ms
 ✓ ../packages/ui/src/components/Common/QuickIngest/__tests__/QuickIngestWizardModal.session.test.tsx > QuickIngestWizardModal session runtime > ignores runtime progress emitted in the cancel click 85ms
 ✓ ../packages/ui/src/components/Review/__tests__/ViewMediaPage.permalink.test.tsx > ViewMediaPage Stage 3 permalinks > keeps saved reading position when passive chapter selection resolves after progress restoration (remembered=true) 1161ms
 ✓ ../packages/ui/src/components/Common/QuickIngest/__tests__/QuickIngestWizardModal.session.test.tsx > QuickIngestWizardModal session runtime > cancels an extension session acknowledged after cancellation 138ms
 ✓ ../packages/ui/src/components/Common/QuickIngest/__tests__/QuickIngestWizardModal.session.test.tsx > QuickIngestWizardModal session runtime > does not submit a direct session acknowledged after cancellation 81ms
 ✓ ../packages/ui/src/components/Common/QuickIngest/__tests__/QuickIngestWizardModal.session.test.tsx > QuickIngestWizardModal session runtime > does not start a session when setup resumes after cancellation 84ms
 ✓ ../packages/ui/src/components/Common/QuickIngest/__tests__/QuickIngestWizardModal.session.test.tsx > QuickIngestWizardModal session runtime > keeps cancellation terminal when start acknowledgement rejects 83ms
 ✓ ../packages/ui/src/components/Common/QuickIngest/__tests__/QuickIngestWizardModal.session.test.tsx > QuickIngestWizardModal session runtime > uses runtime completion events for extension-backed sessions instead of calling the broken SSE path 72ms
 ✓ ../packages/ui/src/components/Common/QuickIngest/__tests__/QuickIngestWizardModal.session.test.tsx > QuickIngestWizardModal session runtime > normalizes runtime duplicate results from db_message into skipped items 69ms
 ✓ ../packages/ui/src/components/Common/QuickIngest/__tests__/QuickIngestWizardModal.session.test.tsx > QuickIngestWizardModal session runtime > normalizes runtime ok results with error payloads into failed items 69ms
 ✓ ../packages/ui/src/components/Common/QuickIngest/__tests__/QuickIngestWizardModal.session.test.tsx > QuickIngestWizardModal session runtime > rehydrates a hidden processing session when the modal is reopened 54ms
 ✓ ../packages/ui/src/components/Common/QuickIngest/__tests__/QuickIngestWizardModal.session.test.tsx > QuickIngestWizardModal session runtime > rehydrates a completed session with results after a remount 54ms
 ✓ ../packages/ui/src/components/Common/QuickIngest/__tests__/QuickIngestWizardModal.session.test.tsx > QuickIngestWizardModal session runtime > restores persisted file stubs with a reattach-required warning 60ms
 ✓ ../packages/ui/src/components/Common/QuickIngest/__tests__/QuickIngestWizardModal.session.test.tsx > QuickIngestWizardModal session runtime > reattaches persisted direct-ingest jobs after refresh 57ms
 ✓ ../packages/ui/src/components/Common/QuickIngest/__tests__/QuickIngestWizardModal.session.test.tsx > QuickIngestWizardModal session runtime > maps refreshed file-backed reattach results back to the original queued item id 55ms
 ✓ ../packages/ui/src/components/Common/QuickIngest/__tests__/QuickIngestWizardModal.session.test.tsx > QuickIngestWizardModal session runtime > does not run persisted direct-job reattach for extension runtime sessions 54ms
 ✓ ../packages/ui/src/components/Common/QuickIngest/__tests__/QuickIngestWizardModal.session.test.tsx > QuickIngestWizardModal session runtime > restarts direct processing after refresh when tracking exists without persisted job ids 58ms
 ✓ ../packages/ui/src/components/Common/QuickIngest/__tests__/QuickIngestWizardModal.session.test.tsx > QuickIngestWizardModal session runtime > cancels a refreshed direct session using persisted tracking metadata 71ms
 ✓ ../packages/ui/src/components/Common/QuickIngest/__tests__/QuickIngestWizardModal.session.test.tsx > QuickIngestWizardModal session runtime > ignores late persisted reattach processing after cancellation 63ms
 ✓ ../packages/ui/src/components/Common/QuickIngest/__tests__/QuickIngestWizardModal.session.test.tsx > QuickIngestWizardModal session runtime > ignores late persisted reattach completion after cancellation 68ms
 ✓ ../packages/ui/src/components/Common/QuickIngest/__tests__/QuickIngestWizardModal.session.test.tsx > QuickIngestWizardModal session runtime > reruns persisted direct-session reattach when item mapping metadata arrives later 107ms
 ✓ ../packages/ui/src/components/Common/QuickIngest/__tests__/QuickIngestWizardModal.session.test.tsx > QuickIngestWizardModal session runtime > preserves already completed item results when cancellation finalizes pending items 67ms
 ✓ ../packages/ui/src/components/Common/QuickIngest/__tests__/QuickIngestWizardModal.session.test.tsx > QuickIngestWizardModal session runtime > opens durable conference collections from terminal results 69ms
 ✓ ../packages/ui/src/components/Common/QuickIngest/__tests__/QuickIngestWizardModal.session.test.tsx > QuickIngestWizardModal session runtime > keeps polling persisted direct-job reattach until the resumed session reaches a terminal state 55ms
 ✓ ../packages/ui/src/components/Review/__tests__/ViewMediaPage.permalink.test.tsx > ViewMediaPage Stage 3 permalinks > allows genuine scrolling and an explicit chapter jump to save their current positions 2407ms
 ✓ ../packages/ui/src/components/Review/__tests__/ViewMediaPage.permalink.test.tsx > ViewMediaPage Stage 3 permalinks > clears a deleted deep link without hydrating its cached row again 48ms
 ✓ ../packages/ui/src/components/Review/__tests__/ViewMediaPage.permalink.test.tsx > ViewMediaPage Stage 3 permalinks > retains Trash navigation after deleting the sole item and refreshing to an empty library 58ms
 ✓ ../packages/ui/src/components/Review/__tests__/ViewMediaPage.permalink.test.tsx > ViewMediaPage Stage 3 permalinks > disables Delete before confirmation when the caller lacks media.delete 38ms
 ✓ ../packages/ui/src/components/Review/__tests__/ViewMediaPage.permalink.test.tsx > ViewMediaPage Stage 3 permalinks > opens the Chat composer directly with media context 43ms
 ✓ ../packages/ui/src/components/Review/__tests__/ViewMediaPage.permalink.test.tsx > ViewMediaPage Stage 3 permalinks > hydrates and selects permalink media id even when not in current results 6ms
 ✓ ../packages/ui/src/components/Review/__tests__/ViewMediaPage.permalink.test.tsx > ViewMediaPage Stage 3 permalinks > opens the saved Flashcard media source through its actual permalink consumer 5ms
 ✓ ../packages/ui/src/components/Review/__tests__/ViewMediaPage.permalink.test.tsx > ViewMediaPage Stage 3 permalinks > falls back to LAST_MEDIA_ID_SETTING when URL has no id and clears legacy setting 6ms
 ✓ ../packages/ui/src/components/Review/__tests__/ViewMediaPage.permalink.test.tsx > ViewMediaPage Stage 3 permalinks > keeps permalink id synchronized when navigating previous/next from a deep link 96ms
 ✓ ../packages/ui/src/components/Review/__tests__/ViewMediaPage.permalink.test.tsx > ViewMediaPage Stage 3 permalinks > focuses the media search input when slash shortcut is pressed 16ms
 ✓ ../packages/ui/src/components/Review/__tests__/ViewMediaPage.permalink.test.tsx > ViewMediaPage Stage 3 permalinks > keeps sidebar collapse/expand toggle behavior functional 94ms
 ✓ ../packages/ui/src/components/Review/__tests__/ViewMediaPage.permalink.test.tsx > ViewMediaPage Stage 3 permalinks > preserves j/k keyboard navigation between selected items 11ms
 ✓ ../packages/ui/src/components/Review/__tests__/ViewMediaPage.permalink.test.tsx > ViewMediaPage Stage 3 permalinks > preserves arrow-key pagination behavior 58ms
 ✓ ../packages/ui/src/components/Review/__tests__/ViewMediaPage.permalink.test.tsx > ViewMediaPage Stage 3 permalinks > does not reset pagination after an explicit page change 11ms
 ✓ ../packages/ui/src/components/Review/__tests__/ViewMediaPage.permalink.test.tsx > ViewMediaPage Stage 3 permalinks > toggles keyboard shortcuts overlay with ? key 8ms
 ✓ ../packages/ui/src/components/Review/__tests__/ViewMediaPage.permalink.test.tsx > ViewMediaPage Stage 1 trash undo flow > shows undo notification after soft-delete from /media 52ms
 ✓ ../packages/ui/src/components/Review/__tests__/ViewMediaPage.permalink.test.tsx > ViewMediaPage Stage 1 trash undo flow > restores deleted media when undo action is invoked from toast 46ms
 ✓ ../packages/ui/src/components/Review/__tests__/ViewMediaPage.permalink.test.tsx > ViewMediaPage Stage 1 trash undo flow > does not call restore API unless undo action is triggered 48ms
 ✓ ../packages/ui/src/components/Review/__tests__/ViewMediaPage.permalink.test.tsx > ViewMediaPage Stage 1 chat action semantics > does not hand off partial content while selected detail is pending, then sends the full source 87ms
 ✓ ../packages/ui/src/components/Review/__tests__/ViewMediaPage.permalink.test.tsx > ViewMediaPage Stage 1 chat action semantics > does not hand off empty selected detail 44ms
 ✓ ../packages/ui/src/components/Review/__tests__/ViewMediaPage.permalink.test.tsx > ViewMediaPage Stage 1 chat action semantics > does not hand off failure selected detail 44ms
 ✓ ../packages/ui/src/components/Review/__tests__/ViewMediaPage.permalink.test.tsx > ViewMediaPage Stage 1 chat action semantics > ignores late source A after selecting and loading source B 83ms
 ✓ ../packages/ui/src/components/Review/__tests__/ViewMediaPage.permalink.test.tsx > ViewMediaPage Stage 1 chat action semantics > keeps "chat with media" flow on normal mode with discuss-media payload 44ms
 ✓ ../packages/ui/src/components/Review/__tests__/ViewMediaPage.permalink.test.tsx > ViewMediaPage Stage 1 chat action semantics > keeps "chat about media" flow on rag mode with media-scoped payload 42ms

 Test Files  5 passed (5)
      Tests  94 passed (94)
   Start at  11:48:26
   Duration  7.19s (transform 2.17s, setup 594ms, import 4.04s, tests 11.02s, environment 1.25s)

