
 RUN  v4.0.18 /Users/macbook-dev/Documents/GitHub/tldw_server2/apps/tldw-frontend

stderr | ../packages/ui/src/components/Review/__tests__/ViewMediaPage.stage13.error-handling.test.tsx > ViewMediaPage stage 13 error handling > shows inline fetch failure with retry and recovers on successful retry
Error fetching media details: Error: temporary failure
    at /Users/macbook-dev/Documents/GitHub/tldw_server2/apps/packages/ui/src/components/Review/__tests__/ViewMediaPage.stage13.error-handling.test.tsx:303:30
    at file:///Users/macbook-dev/Documents/GitHub/tldw_server2/apps/node_modules/.bun/@vitest+runner@4.0.18/node_modules/@vitest/runner/dist/index.js:145:11
    at file:///Users/macbook-dev/Documents/GitHub/tldw_server2/apps/node_modules/.bun/@vitest+runner@4.0.18/node_modules/@vitest/runner/dist/index.js:915:26
    at file:///Users/macbook-dev/Documents/GitHub/tldw_server2/apps/node_modules/.bun/@vitest+runner@4.0.18/node_modules/@vitest/runner/dist/index.js:1243:20
    at new Promise (<anonymous>)
    at runWithTimeout (file:///Users/macbook-dev/Documents/GitHub/tldw_server2/apps/node_modules/.bun/@vitest+runner@4.0.18/node_modules/@vitest/runner/dist/index.js:1209:10)
    at file:///Users/macbook-dev/Documents/GitHub/tldw_server2/apps/node_modules/.bun/@vitest+runner@4.0.18/node_modules/@vitest/runner/dist/index.js:1653:37
    at Traces.$ (file:///Users/macbook-dev/Documents/GitHub/tldw_server2/apps/node_modules/.bun/vitest@4.0.18+08ee8852a9d25cb0/node_modules/vitest/dist/chunks/traces.CCmnQaNT.js:142:27)
    at trace (file:///Users/macbook-dev/Documents/GitHub/tldw_server2/apps/node_modules/.bun/vitest@4.0.18+08ee8852a9d25cb0/node_modules/vitest/dist/chunks/test.B8ej_ZHS.js:239:21)
    at runTest (file:///Users/macbook-dev/Documents/GitHub/tldw_server2/apps/node_modules/.bun/@vitest+runner@4.0.18/node_modules/@vitest/runner/dist/index.js:1653:12) {
  status: 500
}

·····································

 Test Files  2 passed (2)
      Tests  37 passed (37)
   Start at  12:10:52
   Duration  7.62s (transform 1.14s, setup 194ms, import 2.33s, tests 6.28s, environment 507ms)

