
 RUN  v4.0.18 /Users/macbook-dev/Documents/GitHub/tldw_server2/apps/tldw-frontend

---------------------xxx------

⎯⎯⎯⎯⎯⎯⎯ Failed Tests 3 ⎯⎯⎯⎯⎯⎯⎯

 FAIL  ../packages/ui/src/components/Review/__tests__/ViewMediaPage.permalink.test.tsx > ViewMediaPage Stage 1 chat action semantics > does not expose a pending Chat with media action handoff after account replacement
AssertionError: expected "vi.fn()" to be called with arguments: [ Anything, ObjectContaining{…} ]

Received: 

  1st vi.fn() call:

  [
-   Anything,
-   ObjectContaining {
-     "ownerScope": "alice-scope",
+   {
+     "area": "local",
+     "coerce": [Function coerceOptionalString],
+     "defaultValue": undefined,
+     "key": "tldw:lastMediaId",
+     "localStorageKey": "tldw:lastMediaId",
+     "mirrorToLocalStorage": true,
    },
+   "100",
  ]

  2nd vi.fn() call:

  [
-   Anything,
-   ObjectContaining {
-     "ownerScope": "alice-scope",
+   {
+     "area": "local",
+     "coerce": [Function anonymous],
+     "defaultValue": undefined,
+     "key": "tldw:discussMediaPrompt",
+     "localStorageKey": "tldw:discussMediaPrompt",
+     "mirrorToLocalStorage": true,
+   },
+   {
+     "content": "Full content for chat handoff",
+     "mediaId": "100",
+     "mode": "normal",
+     "title": "Chat target",
    },
  ]


Number of calls: 2

 ❯ ../packages/ui/src/components/Review/__tests__/ViewMediaPage.permalink.test.tsx:1071:30
    1069|     fireEvent.click(screen.getByRole('button', { name: action }))
    1070|     await waitFor(() => expect(finishWrite).toBeDefined())
    1071|     expect(mocks.setSetting).toHaveBeenCalledWith(expect.anything(), e…
       |                              ^
    1072|     expect(screen.queryByText('Chat composer')).not.toBeInTheDocument()
    1073|     mocks.ownerScope = 'bob-scope'

⎯⎯⎯⎯⎯⎯⎯⎯⎯⎯⎯⎯⎯⎯⎯⎯⎯⎯⎯⎯⎯⎯⎯⎯[1/3]⎯

 FAIL  ../packages/ui/src/components/Review/__tests__/ViewMediaPage.permalink.test.tsx > ViewMediaPage Stage 1 chat action semantics > does not expose a pending Chat about media action handoff after account replacement
AssertionError: expected "vi.fn()" to be called with arguments: [ Anything, ObjectContaining{…} ]

Received: 

  1st vi.fn() call:

  [
-   Anything,
-   ObjectContaining {
-     "ownerScope": "alice-scope",
+   {
+     "area": "local",
+     "coerce": [Function coerceOptionalString],
+     "defaultValue": undefined,
+     "key": "tldw:lastMediaId",
+     "localStorageKey": "tldw:lastMediaId",
+     "mirrorToLocalStorage": true,
    },
+   "100",
  ]

  2nd vi.fn() call:

  [
-   Anything,
-   ObjectContaining {
-     "ownerScope": "alice-scope",
+   {
+     "area": "local",
+     "coerce": [Function anonymous],
+     "defaultValue": undefined,
+     "key": "tldw:discussMediaPrompt",
+     "localStorageKey": "tldw:discussMediaPrompt",
+     "mirrorToLocalStorage": true,
+   },
+   {
+     "mediaId": "100",
+     "mode": "rag_media",
    },
  ]


Number of calls: 2

 ❯ ../packages/ui/src/components/Review/__tests__/ViewMediaPage.permalink.test.tsx:1071:30
    1069|     fireEvent.click(screen.getByRole('button', { name: action }))
    1070|     await waitFor(() => expect(finishWrite).toBeDefined())
    1071|     expect(mocks.setSetting).toHaveBeenCalledWith(expect.anything(), e…
       |                              ^
    1072|     expect(screen.queryByText('Chat composer')).not.toBeInTheDocument()
    1073|     mocks.ownerScope = 'bob-scope'

⎯⎯⎯⎯⎯⎯⎯⎯⎯⎯⎯⎯⎯⎯⎯⎯⎯⎯⎯⎯⎯⎯⎯⎯[2/3]⎯

 FAIL  ../packages/ui/src/components/Review/__tests__/ViewMediaPage.permalink.test.tsx > ViewMediaPage Stage 1 chat action semantics > requires a resolved owner before preparing a source handoff
TestingLibraryElementError: Unable to find an accessible element with the role "button" and name "Chat about media action"

There are no accessible roles. But there might be some inaccessible roles. If you wish to access them, then set the `hidden` option to `true`. Learn more about this here: https://testing-library.com/docs/dom-testing-library/api-queries#byrole

Ignored nodes: comments, script, style
[36m<body>[39m
  [36m<div>[39m
    [36m<div[39m
      [33mdata-testid[39m=[32m"chat-route"[39m
    [36m>[39m
      [0mChat composer[0m
    [36m</div>[39m
  [36m</div>[39m
[36m</body>[39m
 ❯ Object.getElementError ../node_modules/.bun/@testing-library+dom@10.4.1/node_modules/@testing-library/dom/dist/config.js:37:19
 ❯ ../node_modules/.bun/@testing-library+dom@10.4.1/node_modules/@testing-library/dom/dist/query-helpers.js:76:38
 ❯ ../node_modules/.bun/@testing-library+dom@10.4.1/node_modules/@testing-library/dom/dist/query-helpers.js:52:17
 ❯ ../node_modules/.bun/@testing-library+dom@10.4.1/node_modules/@testing-library/dom/dist/query-helpers.js:95:19
 ❯ ../packages/ui/src/components/Review/__tests__/ViewMediaPage.permalink.test.tsx:1088:28
    1086|     await waitFor(() => expect(screen.getByTestId('selected-media-id')…
    1087|     fireEvent.click(screen.getByRole('button', { name: 'Chat with medi…
    1088|     fireEvent.click(screen.getByRole('button', { name: 'Chat about med…
       |                            ^
    1089|     expect(mocks.setSetting).not.toHaveBeenCalled()
    1090|     expect(screen.queryByText('Chat composer')).not.toBeInTheDocument()

⎯⎯⎯⎯⎯⎯⎯⎯⎯⎯⎯⎯⎯⎯⎯⎯⎯⎯⎯⎯⎯⎯⎯⎯[3/3]⎯


 Test Files  1 failed (1)
      Tests  3 failed | 27 skipped (30)
   Start at  11:59:57
   Duration  1.49s (transform 535ms, setup 84ms, import 928ms, tests 221ms, environment 197ms)

