
 RUN  v4.0.18 /Users/macbook-dev/Documents/GitHub/tldw_server2/apps/tldw-frontend

(node:87540) ExperimentalWarning: localStorage is not available because --localstorage-file was not provided.
(Use `node --trace-warnings ...` to show where the warning was created)
 ↓ ../packages/ui/src/components/Review/__tests__/ViewMediaPage.permalink.test.tsx > ViewMediaPage Stage 3 permalinks > shows a newly ingested deep link even when the cached library is empty
 ↓ ../packages/ui/src/components/Review/__tests__/ViewMediaPage.permalink.test.tsx > ViewMediaPage Stage 3 permalinks > keeps saved reading position when passive chapter selection resolves after progress restoration (remembered=false)
 ↓ ../packages/ui/src/components/Review/__tests__/ViewMediaPage.permalink.test.tsx > ViewMediaPage Stage 3 permalinks > keeps saved reading position when passive chapter selection resolves after progress restoration (remembered=true)
 ↓ ../packages/ui/src/components/Review/__tests__/ViewMediaPage.permalink.test.tsx > ViewMediaPage Stage 3 permalinks > allows genuine scrolling and an explicit chapter jump to save their current positions
 ↓ ../packages/ui/src/components/Review/__tests__/ViewMediaPage.permalink.test.tsx > ViewMediaPage Stage 3 permalinks > clears a deleted deep link without hydrating its cached row again
 ↓ ../packages/ui/src/components/Review/__tests__/ViewMediaPage.permalink.test.tsx > ViewMediaPage Stage 3 permalinks > retains Trash navigation after deleting the sole item and refreshing to an empty library
 ↓ ../packages/ui/src/components/Review/__tests__/ViewMediaPage.permalink.test.tsx > ViewMediaPage Stage 3 permalinks > disables Delete before confirmation when the caller lacks media.delete
 ↓ ../packages/ui/src/components/Review/__tests__/ViewMediaPage.permalink.test.tsx > ViewMediaPage Stage 3 permalinks > opens the Chat composer directly with media context
 ↓ ../packages/ui/src/components/Review/__tests__/ViewMediaPage.permalink.test.tsx > ViewMediaPage Stage 3 permalinks > hydrates and selects permalink media id even when not in current results
 ↓ ../packages/ui/src/components/Review/__tests__/ViewMediaPage.permalink.test.tsx > ViewMediaPage Stage 3 permalinks > opens the saved Flashcard media source through its actual permalink consumer
 ↓ ../packages/ui/src/components/Review/__tests__/ViewMediaPage.permalink.test.tsx > ViewMediaPage Stage 3 permalinks > falls back to LAST_MEDIA_ID_SETTING when URL has no id and clears legacy setting
 ↓ ../packages/ui/src/components/Review/__tests__/ViewMediaPage.permalink.test.tsx > ViewMediaPage Stage 3 permalinks > keeps permalink id synchronized when navigating previous/next from a deep link
 ↓ ../packages/ui/src/components/Review/__tests__/ViewMediaPage.permalink.test.tsx > ViewMediaPage Stage 3 permalinks > focuses the media search input when slash shortcut is pressed
 ↓ ../packages/ui/src/components/Review/__tests__/ViewMediaPage.permalink.test.tsx > ViewMediaPage Stage 3 permalinks > keeps sidebar collapse/expand toggle behavior functional
 ↓ ../packages/ui/src/components/Review/__tests__/ViewMediaPage.permalink.test.tsx > ViewMediaPage Stage 3 permalinks > preserves j/k keyboard navigation between selected items
 ↓ ../packages/ui/src/components/Review/__tests__/ViewMediaPage.permalink.test.tsx > ViewMediaPage Stage 3 permalinks > preserves arrow-key pagination behavior
 ↓ ../packages/ui/src/components/Review/__tests__/ViewMediaPage.permalink.test.tsx > ViewMediaPage Stage 3 permalinks > does not reset pagination after an explicit page change
 ↓ ../packages/ui/src/components/Review/__tests__/ViewMediaPage.permalink.test.tsx > ViewMediaPage Stage 3 permalinks > toggles keyboard shortcuts overlay with ? key
 ↓ ../packages/ui/src/components/Review/__tests__/ViewMediaPage.permalink.test.tsx > ViewMediaPage Stage 1 trash undo flow > shows undo notification after soft-delete from /media
 ↓ ../packages/ui/src/components/Review/__tests__/ViewMediaPage.permalink.test.tsx > ViewMediaPage Stage 1 trash undo flow > restores deleted media when undo action is invoked from toast
 ↓ ../packages/ui/src/components/Review/__tests__/ViewMediaPage.permalink.test.tsx > ViewMediaPage Stage 1 trash undo flow > does not call restore API unless undo action is triggered
 × ../packages/ui/src/components/Review/__tests__/ViewMediaPage.permalink.test.tsx > ViewMediaPage Stage 1 chat action semantics > does not hand off partial content while selected detail is pending, then sends the full source 131ms
   → expect(element).not.toBeInTheDocument()

expected document not to contain element, found <div
  data-testid="chat-route"
>
  Chat composer
</div> instead
 × ../packages/ui/src/components/Review/__tests__/ViewMediaPage.permalink.test.tsx > ViewMediaPage Stage 1 chat action semantics > does not hand off empty selected detail 47ms
   → expect(element).not.toBeInTheDocument()

expected document not to contain element, found <div
  data-testid="chat-route"
>
  Chat composer
</div> instead
 × ../packages/ui/src/components/Review/__tests__/ViewMediaPage.permalink.test.tsx > ViewMediaPage Stage 1 chat action semantics > does not hand off failure selected detail 43ms
   → expect(element).not.toBeInTheDocument()

expected document not to contain element, found <div
  data-testid="chat-route"
>
  Chat composer
</div> instead
 ✓ ../packages/ui/src/components/Review/__tests__/ViewMediaPage.permalink.test.tsx > ViewMediaPage Stage 1 chat action semantics > ignores late source A after selecting and loading source B 86ms
 ↓ ../packages/ui/src/components/Review/__tests__/ViewMediaPage.permalink.test.tsx > ViewMediaPage Stage 1 chat action semantics > keeps "chat with media" flow on normal mode with discuss-media payload
 ↓ ../packages/ui/src/components/Review/__tests__/ViewMediaPage.permalink.test.tsx > ViewMediaPage Stage 1 chat action semantics > keeps "chat about media" flow on rag mode with media-scoped payload

⎯⎯⎯⎯⎯⎯⎯ Failed Tests 3 ⎯⎯⎯⎯⎯⎯⎯

 FAIL  ../packages/ui/src/components/Review/__tests__/ViewMediaPage.permalink.test.tsx > ViewMediaPage Stage 1 chat action semantics > does not hand off partial content while selected detail is pending, then sends the full source
Error: expect(element).not.toBeInTheDocument()

expected document not to contain element, found <div
  data-testid="chat-route"
>
  Chat composer
</div> instead
 ❯ ../packages/ui/src/components/Review/__tests__/ViewMediaPage.permalink.test.tsx:1064:53
    1062|     await waitFor(() => expect(resolveDetail).toBeDefined())
    1063|     fireEvent.click(screen.getByRole('button', { name: 'Chat with medi…
    1064|     expect(screen.queryByText('Chat composer')).not.toBeInTheDocument()
       |                                                     ^
    1065|     expect(mocks.setChatMode).not.toHaveBeenCalled()
    1066|     const content = 'Complete Cedar source. '.repeat(90)

⎯⎯⎯⎯⎯⎯⎯⎯⎯⎯⎯⎯⎯⎯⎯⎯⎯⎯⎯⎯⎯⎯⎯⎯[1/3]⎯

 FAIL  ../packages/ui/src/components/Review/__tests__/ViewMediaPage.permalink.test.tsx > ViewMediaPage Stage 1 chat action semantics > does not hand off empty selected detail
 FAIL  ../packages/ui/src/components/Review/__tests__/ViewMediaPage.permalink.test.tsx > ViewMediaPage Stage 1 chat action semantics > does not hand off failure selected detail
Error: expect(element).not.toBeInTheDocument()

expected document not to contain element, found <div
  data-testid="chat-route"
>
  Chat composer
</div> instead
 ❯ ../packages/ui/src/components/Review/__tests__/ViewMediaPage.permalink.test.tsx:1084:53
    1082|     await waitFor(() => expect(screen.getByTestId('selected-media-id')…
    1083|     fireEvent.click(screen.getByRole('button', { name: 'Chat with medi…
    1084|     expect(screen.queryByText('Chat composer')).not.toBeInTheDocument()
       |                                                     ^
    1085|     expect(mocks.setChatMode).not.toHaveBeenCalled()
    1086|   })

⎯⎯⎯⎯⎯⎯⎯⎯⎯⎯⎯⎯⎯⎯⎯⎯⎯⎯⎯⎯⎯⎯⎯⎯[2/3]⎯


 Test Files  1 failed (1)
      Tests  3 failed | 1 passed | 23 skipped (27)
   Start at  11:42:13
   Duration  1.68s (transform 534ms, setup 106ms, import 957ms, tests 307ms, environment 215ms)

