
 RUN  v4.0.18 /Users/macbook-dev/Documents/GitHub/tldw_server2/apps/tldw-frontend

(node:88352) ExperimentalWarning: localStorage is not available because --localstorage-file was not provided.
(Use `node --trace-warnings ...` to show where the warning was created)
 × ../packages/ui/src/components/Media/__tests__/ContentViewer.stage15.accessibility.test.tsx > ContentViewer stage 15 content announcements > disables full-content Chat with a visible reason until content is ready 129ms
   → expect(element).toBeDisabled()

Received element is not disabled:
  <button
  aria-label="Chat with this media"
  class="p-1.5 text-text-muted hover:bg-surface2 rounded"
  title="Chat with this media"
/>
 ↓ ../packages/ui/src/components/Media/__tests__/ContentViewer.stage15.accessibility.test.tsx > ContentViewer stage 15 content announcements > announces loading and ready status when content state changes
 ↓ ../packages/ui/src/components/Media/__tests__/ContentViewer.stage15.accessibility.test.tsx > ContentViewer stage 15 content announcements > updates announcements for pointer, keyboard, and programmatic selection changes
 ↓ ../packages/ui/src/components/Media/__tests__/ContentViewer.stage15.accessibility.test.tsx > ContentViewer stage 15 content announcements > does not re-announce on unrelated rerenders for the same item state
 ↓ ../packages/ui/src/components/Media/__tests__/ContentViewer.stage15.accessibility.test.tsx > ContentViewer stage 15 content announcements > opens named read-along and annotation actions from keyboard selection events
 ↓ ../packages/ui/src/components/Media/__tests__/ContentViewer.stage15.accessibility.test.tsx > ContentViewer stage 15 content announcements > uses reduced-motion scrolling for active read-along segment follow mode

⎯⎯⎯⎯⎯⎯⎯ Failed Tests 1 ⎯⎯⎯⎯⎯⎯⎯

 FAIL  ../packages/ui/src/components/Media/__tests__/ContentViewer.stage15.accessibility.test.tsx > ContentViewer stage 15 content announcements > disables full-content Chat with a visible reason until content is ready
Error: expect(element).toBeDisabled()

Received element is not disabled:
  <button
  aria-label="Chat with this media"
  class="p-1.5 text-text-muted hover:bg-surface2 rounded"
  title="Chat with this media"
/>
 ❯ ../packages/ui/src/components/Media/__tests__/ContentViewer.stage15.accessibility.test.tsx:200:20
    198|       isDetailLoading onChatWithMedia={onChat} />)
    199|     const button = screen.getByRole('button', { name: 'Chat with this …
    200|     expect(button).toBeDisabled()
       |                    ^
    201|     expect(button).toHaveAttribute('title', 'Loading full content…')
    202|     fireEvent.click(button)

⎯⎯⎯⎯⎯⎯⎯⎯⎯⎯⎯⎯⎯⎯⎯⎯⎯⎯⎯⎯⎯⎯⎯⎯[1/1]⎯


 Test Files  1 failed (1)
      Tests  1 failed | 5 skipped (6)
   Start at  11:43:20
   Duration  1.55s (transform 243ms, setup 83ms, import 1.05s, tests 129ms, environment 208ms)

