
 RUN  v4.0.18 /Users/macbook-dev/Documents/GitHub/tldw_server2/apps/tldw-frontend

(node:85704) ExperimentalWarning: localStorage is not available because --localstorage-file was not provided.
(Use `node --trace-warnings ...` to show where the warning was created)
stderr | ../packages/ui/src/components/Review/hooks/__tests__/useMediaSearch.outage.test.tsx > Media search outage handling > cancels callbacks on a synchronous connection authority loss before React unmount
Media search error: Error: Old authority failure
    at /Users/macbook-dev/Documents/GitHub/tldw_server2/apps/packages/ui/src/components/Review/hooks/__tests__/useMediaSearch.outage.test.tsx:74:52
    at /Users/macbook-dev/Documents/GitHub/tldw_server2/apps/node_modules/.bun/@testing-library+react@16.3.2+e79794b3bc7ff534/node_modules/@testing-library/react/dist/act-compat.js:47:24
    at act (/Users/macbook-dev/Documents/GitHub/tldw_server2/apps/node_modules/.bun/react@18.3.1/node_modules/react/cjs/react.development.js:2512:16)
    at Proxy.<anonymous> (/Users/macbook-dev/Documents/GitHub/tldw_server2/apps/node_modules/.bun/@testing-library+react@16.3.2+e79794b3bc7ff534/node_modules/@testing-library/react/dist/act-compat.js:46:25)
    at /Users/macbook-dev/Documents/GitHub/tldw_server2/apps/packages/ui/src/components/Review/hooks/__tests__/useMediaSearch.outage.test.tsx:71:11
    at file:///Users/macbook-dev/Documents/GitHub/tldw_server2/apps/node_modules/.bun/@vitest+runner@4.0.18/node_modules/@vitest/runner/dist/index.js:915:20

 ↓ ../packages/ui/src/components/Review/hooks/__tests__/useMediaSearch.outage.test.tsx > Media search outage handling > discards late search/type work after unmount (resolve)
 ↓ ../packages/ui/src/components/Review/hooks/__tests__/useMediaSearch.outage.test.tsx > Media search outage handling > discards late search/type work after unmount (reject)
 × ../packages/ui/src/components/Review/hooks/__tests__/useMediaSearch.outage.test.tsx > Media search outage handling > cancels callbacks on a synchronous connection authority loss before React unmount 18ms
   → expected [ 'Failed to search media' ] to deeply equal []
 ↓ ../packages/ui/src/components/Review/hooks/__tests__/useMediaSearch.outage.test.tsx > Media search outage handling > keeps a transport outage recoverable without reporting a runtime exception
 ↓ ../packages/ui/src/components/Review/hooks/__tests__/useMediaSearch.outage.test.tsx > Media search outage handling > keeps missing-endpoint guidance distinct from a transport outage
 ↓ ../packages/ui/src/components/Review/hooks/__tests__/useMediaSearch.outage.test.tsx > Media search outage handling > retains diagnostics for unexpected failures

⎯⎯⎯⎯⎯⎯⎯ Failed Tests 1 ⎯⎯⎯⎯⎯⎯⎯

 FAIL  ../packages/ui/src/components/Review/hooks/__tests__/useMediaSearch.outage.test.tsx > Media search outage handling > cancels callbacks on a synchronous connection authority loss before React unmount
AssertionError: expected [ 'Failed to search media' ] to deeply equal []

- Expected
+ Received

- []
+ [
+   "Failed to search media",
+ ]

 ❯ ../packages/ui/src/components/Review/hooks/__tests__/useMediaSearch.outage.test.tsx:76:22
     74|       for (const reject of rejects.slice()) reject(new Error("Old auth…
     75|     })
     76|     expect(feedback).toEqual([])
       |                      ^
     77|   })
     78| 

⎯⎯⎯⎯⎯⎯⎯⎯⎯⎯⎯⎯⎯⎯⎯⎯⎯⎯⎯⎯⎯⎯⎯⎯[1/1]⎯


 Test Files  1 failed (1)
      Tests  1 failed | 5 skipped (6)
   Start at  11:39:41
   Duration  672ms (transform 186ms, setup 95ms, import 199ms, tests 19ms, environment 250ms)

