
 RUN  v4.0.18 /Users/macbook-dev/Documents/GitHub/tldw_server2/apps/tldw-frontend

(node:89687) ExperimentalWarning: localStorage is not available because --localstorage-file was not provided.
(Use `node --trace-warnings ...` to show where the warning was created)
 × ../packages/ui/src/components/Common/QuickIngest/__tests__/QuickIngestWizardModal.session.test.tsx > QuickIngestWizardModal session runtime > refreshes the actual catalogue for current wizard completion (before mount=false) 81ms
   → __vi_import_7__.useQuickIngestSessionStore.getState(...).updateSession is not a function
 × ../packages/ui/src/components/Common/QuickIngest/__tests__/QuickIngestWizardModal.session.test.tsx > QuickIngestWizardModal session runtime > refreshes the actual catalogue for current wizard completion (before mount=true) 54ms
   → __vi_import_7__.useQuickIngestSessionStore.getState(...).updateSession is not a function
 ↓ ../packages/ui/src/components/Common/QuickIngest/__tests__/QuickIngestWizardModal.session.test.tsx > QuickIngestWizardModal session runtime > masks Bob's completed result on logout before a replacement account can act
 ↓ ../packages/ui/src/components/Common/QuickIngest/__tests__/QuickIngestWizardModal.session.test.tsx > QuickIngestWizardModal session runtime > keeps a saved-source Warning navigable through actual direct upload, session state, and results UI
 ↓ ../packages/ui/src/components/Common/QuickIngest/__tests__/QuickIngestWizardModal.session.test.tsx > QuickIngestWizardModal session runtime > keeps a saved-source Warning navigable through actual reattach, session state, and results UI
 ↓ ../packages/ui/src/components/Common/QuickIngest/__tests__/QuickIngestWizardModal.session.test.tsx > QuickIngestWizardModal session runtime > keeps a saved-source Warning navigable through actual StrictMode reattach, session state, and results UI
 ↓ ../packages/ui/src/components/Common/QuickIngest/__tests__/QuickIngestWizardModal.session.test.tsx > QuickIngestWizardModal session runtime > ignores the cancelled StrictMode poll after its replacement accepts terminal results
 ↓ ../packages/ui/src/components/Common/QuickIngest/__tests__/QuickIngestWizardModal.session.test.tsx > QuickIngestWizardModal session runtime > minimizes the actual processing view through processing button and resumes the same job
 ↓ ../packages/ui/src/components/Common/QuickIngest/__tests__/QuickIngestWizardModal.session.test.tsx > QuickIngestWizardModal session runtime > minimizes the actual processing view through close confirmation and resumes the same job
 ↓ ../packages/ui/src/components/Common/QuickIngest/__tests__/QuickIngestWizardModal.session.test.tsx > QuickIngestWizardModal session runtime > leaves pending stages and percentages unchanged as elapsed time passes, then accepts a terminal result
 ↓ ../packages/ui/src/components/Common/QuickIngest/__tests__/QuickIngestWizardModal.session.test.tsx > QuickIngestWizardModal session runtime > submits the queued wizard batch through the authenticated quick-ingest transport
 ↓ ../packages/ui/src/components/Common/QuickIngest/__tests__/QuickIngestWizardModal.session.test.tsx > QuickIngestWizardModal session runtime > keeps AntD modal portal props stable while results land
 ↓ ../packages/ui/src/components/Common/QuickIngest/__tests__/QuickIngestWizardModal.session.test.tsx > QuickIngestWizardModal session runtime > starts Ingest More in a new persisted session
 ↓ ../packages/ui/src/components/Common/QuickIngest/__tests__/QuickIngestWizardModal.session.test.tsx > QuickIngestWizardModal session runtime > processes the configured standard preset with its analysis provider
 ↓ ../packages/ui/src/components/Common/QuickIngest/__tests__/QuickIngestWizardModal.session.test.tsx > QuickIngestWizardModal session runtime > processes the configured deep preset with its analysis provider
 ↓ ../packages/ui/src/components/Common/QuickIngest/__tests__/QuickIngestWizardModal.session.test.tsx > QuickIngestWizardModal session runtime > routes the standard preset to Configure when analysis needs a provider
 ↓ ../packages/ui/src/components/Common/QuickIngest/__tests__/QuickIngestWizardModal.session.test.tsx > QuickIngestWizardModal session runtime > routes the deep preset to Configure when analysis needs a provider
 ↓ ../packages/ui/src/components/Common/QuickIngest/__tests__/QuickIngestWizardModal.session.test.tsx > QuickIngestWizardModal session runtime > does not enter processing when auto-process lacks an analysis provider
 ↓ ../packages/ui/src/components/Common/QuickIngest/__tests__/QuickIngestWizardModal.session.test.tsx > QuickIngestWizardModal session runtime > routes an auto-process provider warning from persisted step 2 to Configure
 ↓ ../packages/ui/src/components/Common/QuickIngest/__tests__/QuickIngestWizardModal.session.test.tsx > QuickIngestWizardModal session runtime > routes an auto-process provider warning from persisted step 3 to Configure
 ↓ ../packages/ui/src/components/Common/QuickIngest/__tests__/QuickIngestWizardModal.session.test.tsx > QuickIngestWizardModal session runtime > retries auto-process after closing and reopening a provider-blocked draft
 ↓ ../packages/ui/src/components/Common/QuickIngest/__tests__/QuickIngestWizardModal.session.test.tsx > QuickIngestWizardModal session runtime > waits for an in-flight connection check before consuming auto-process
 ↓ ../packages/ui/src/components/Common/QuickIngest/__tests__/QuickIngestWizardModal.session.test.tsx > QuickIngestWizardModal session runtime > restores a hidden processing session when the late analysis provider guard blocks startRun
 ↓ ../packages/ui/src/components/Common/QuickIngest/__tests__/QuickIngestWizardModal.session.test.tsx > QuickIngestWizardModal session runtime > preserves first-source open detail while syncing wizard state
 ↓ ../packages/ui/src/components/Common/QuickIngest/__tests__/QuickIngestWizardModal.session.test.tsx > QuickIngestWizardModal session runtime > syncs cleared first-source add mode from wizard reset
 ↓ ../packages/ui/src/components/Common/QuickIngest/__tests__/QuickIngestWizardModal.session.test.tsx > QuickIngestWizardModal session runtime > submits conference batch metadata and item overrides through the session payload
 ↓ ../packages/ui/src/components/Common/QuickIngest/__tests__/QuickIngestWizardModal.session.test.tsx > QuickIngestWizardModal session runtime > does not pre-seed direct tracking item identities before backend submissions are acknowledged
 ↓ ../packages/ui/src/components/Common/QuickIngest/__tests__/QuickIngestWizardModal.session.test.tsx > QuickIngestWizardModal session runtime > starts persisted direct-job reattach when tracking metadata arrives after the run begins
 ↓ ../packages/ui/src/components/Common/QuickIngest/__tests__/QuickIngestWizardModal.session.test.tsx > QuickIngestWizardModal session runtime > keeps cancellation terminal when runtime completion arrives in the cancel click
 ↓ ../packages/ui/src/components/Common/QuickIngest/__tests__/QuickIngestWizardModal.session.test.tsx > QuickIngestWizardModal session runtime > ignores runtime progress emitted in the cancel click
 ↓ ../packages/ui/src/components/Common/QuickIngest/__tests__/QuickIngestWizardModal.session.test.tsx > QuickIngestWizardModal session runtime > cancels an extension session acknowledged after cancellation
 ↓ ../packages/ui/src/components/Common/QuickIngest/__tests__/QuickIngestWizardModal.session.test.tsx > QuickIngestWizardModal session runtime > does not submit a direct session acknowledged after cancellation
 ↓ ../packages/ui/src/components/Common/QuickIngest/__tests__/QuickIngestWizardModal.session.test.tsx > QuickIngestWizardModal session runtime > does not start a session when setup resumes after cancellation
 ↓ ../packages/ui/src/components/Common/QuickIngest/__tests__/QuickIngestWizardModal.session.test.tsx > QuickIngestWizardModal session runtime > keeps cancellation terminal when start acknowledgement rejects
 ↓ ../packages/ui/src/components/Common/QuickIngest/__tests__/QuickIngestWizardModal.session.test.tsx > QuickIngestWizardModal session runtime > uses runtime completion events for extension-backed sessions instead of calling the broken SSE path
 ↓ ../packages/ui/src/components/Common/QuickIngest/__tests__/QuickIngestWizardModal.session.test.tsx > QuickIngestWizardModal session runtime > normalizes runtime duplicate results from db_message into skipped items
 ↓ ../packages/ui/src/components/Common/QuickIngest/__tests__/QuickIngestWizardModal.session.test.tsx > QuickIngestWizardModal session runtime > normalizes runtime ok results with error payloads into failed items
 ↓ ../packages/ui/src/components/Common/QuickIngest/__tests__/QuickIngestWizardModal.session.test.tsx > QuickIngestWizardModal session runtime > rehydrates a hidden processing session when the modal is reopened
 ↓ ../packages/ui/src/components/Common/QuickIngest/__tests__/QuickIngestWizardModal.session.test.tsx > QuickIngestWizardModal session runtime > rehydrates a completed session with results after a remount
 ↓ ../packages/ui/src/components/Common/QuickIngest/__tests__/QuickIngestWizardModal.session.test.tsx > QuickIngestWizardModal session runtime > restores persisted file stubs with a reattach-required warning
 ↓ ../packages/ui/src/components/Common/QuickIngest/__tests__/QuickIngestWizardModal.session.test.tsx > QuickIngestWizardModal session runtime > reattaches persisted direct-ingest jobs after refresh
 ↓ ../packages/ui/src/components/Common/QuickIngest/__tests__/QuickIngestWizardModal.session.test.tsx > QuickIngestWizardModal session runtime > maps refreshed file-backed reattach results back to the original queued item id
 ↓ ../packages/ui/src/components/Common/QuickIngest/__tests__/QuickIngestWizardModal.session.test.tsx > QuickIngestWizardModal session runtime > does not run persisted direct-job reattach for extension runtime sessions
 ↓ ../packages/ui/src/components/Common/QuickIngest/__tests__/QuickIngestWizardModal.session.test.tsx > QuickIngestWizardModal session runtime > restarts direct processing after refresh when tracking exists without persisted job ids
 ↓ ../packages/ui/src/components/Common/QuickIngest/__tests__/QuickIngestWizardModal.session.test.tsx > QuickIngestWizardModal session runtime > cancels a refreshed direct session using persisted tracking metadata
 ↓ ../packages/ui/src/components/Common/QuickIngest/__tests__/QuickIngestWizardModal.session.test.tsx > QuickIngestWizardModal session runtime > ignores late persisted reattach processing after cancellation
 ↓ ../packages/ui/src/components/Common/QuickIngest/__tests__/QuickIngestWizardModal.session.test.tsx > QuickIngestWizardModal session runtime > ignores late persisted reattach completion after cancellation
 ↓ ../packages/ui/src/components/Common/QuickIngest/__tests__/QuickIngestWizardModal.session.test.tsx > QuickIngestWizardModal session runtime > reruns persisted direct-session reattach when item mapping metadata arrives later
 ↓ ../packages/ui/src/components/Common/QuickIngest/__tests__/QuickIngestWizardModal.session.test.tsx > QuickIngestWizardModal session runtime > preserves already completed item results when cancellation finalizes pending items
 ↓ ../packages/ui/src/components/Common/QuickIngest/__tests__/QuickIngestWizardModal.session.test.tsx > QuickIngestWizardModal session runtime > opens durable conference collections from terminal results
 ↓ ../packages/ui/src/components/Common/QuickIngest/__tests__/QuickIngestWizardModal.session.test.tsx > QuickIngestWizardModal session runtime > keeps polling persisted direct-job reattach until the resumed session reaches a terminal state

⎯⎯⎯⎯⎯⎯⎯ Failed Tests 2 ⎯⎯⎯⎯⎯⎯⎯

 FAIL  ../packages/ui/src/components/Common/QuickIngest/__tests__/QuickIngestWizardModal.session.test.tsx > QuickIngestWizardModal session runtime > refreshes the actual catalogue for current wizard completion (before mount=false)
TypeError: __vi_import_7__.useQuickIngestSessionStore.getState(...).updateSession is not a function
 ❯ ../packages/ui/src/components/Common/QuickIngest/__tests__/QuickIngestWizardModal.session.test.tsx:488:45
    486|     await act(async () => {
    487|       saved = true
    488|       useQuickIngestSessionStore.getState().updateSession({ currentSte…
       |                                             ^
    489|         processingState: { status: 'complete', perItemProgress: [], el…
    490|         results: [{ id: 'cedar', status: 'ok', type: 'document', media…
 ❯ ../node_modules/.bun/@testing-library+react@16.3.2+e79794b3bc7ff534/node_modules/@testing-library/react/dist/act-compat.js:47:24
 ❯ act ../node_modules/.bun/react@18.3.1/node_modules/react/cjs/react.development.js:2512:16
 ❯ Proxy.<anonymous> ../node_modules/.bun/@testing-library+react@16.3.2+e79794b3bc7ff534/node_modules/@testing-library/react/dist/act-compat.js:46:25
 ❯ ../packages/ui/src/components/Common/QuickIngest/__tests__/QuickIngestWizardModal.session.test.tsx:486:11

⎯⎯⎯⎯⎯⎯⎯⎯⎯⎯⎯⎯⎯⎯⎯⎯⎯⎯⎯⎯⎯⎯⎯⎯[1/2]⎯

 FAIL  ../packages/ui/src/components/Common/QuickIngest/__tests__/QuickIngestWizardModal.session.test.tsx > QuickIngestWizardModal session runtime > refreshes the actual catalogue for current wizard completion (before mount=true)
TypeError: __vi_import_7__.useQuickIngestSessionStore.getState(...).updateSession is not a function
 ❯ ../packages/ui/src/components/Common/QuickIngest/__tests__/QuickIngestWizardModal.session.test.tsx:488:45
    486|     await act(async () => {
    487|       saved = true
    488|       useQuickIngestSessionStore.getState().updateSession({ currentSte…
       |                                             ^
    489|         processingState: { status: 'complete', perItemProgress: [], el…
    490|         results: [{ id: 'cedar', status: 'ok', type: 'document', media…
 ❯ ../node_modules/.bun/@testing-library+react@16.3.2+e79794b3bc7ff534/node_modules/@testing-library/react/dist/act-compat.js:47:24
 ❯ act ../node_modules/.bun/react@18.3.1/node_modules/react/cjs/react.development.js:2512:16
 ❯ Proxy.<anonymous> ../node_modules/.bun/@testing-library+react@16.3.2+e79794b3bc7ff534/node_modules/@testing-library/react/dist/act-compat.js:46:25
 ❯ ../packages/ui/src/components/Common/QuickIngest/__tests__/QuickIngestWizardModal.session.test.tsx:486:11

⎯⎯⎯⎯⎯⎯⎯⎯⎯⎯⎯⎯⎯⎯⎯⎯⎯⎯⎯⎯⎯⎯⎯⎯[2/2]⎯


 Test Files  1 failed (1)
      Tests  2 failed | 49 skipped (51)
   Start at  11:46:38
   Duration  1.22s (transform 507ms, setup 108ms, import 630ms, tests 136ms, environment 242ms)

