============================= test session starts ==============================
platform darwin -- Python 3.11.13, pytest-8.4.1, pluggy-1.6.0
benchmark: 5.2.3 (defaults: timer=time.perf_counter disable_gc=False min_rounds=5 min_time=0.000005 max_time=1.0 calibration_precision=10 warmup=False warmup_iterations=100000)
Using --randomly-seed=327668309
rootdir: /Users/macbook-dev/Documents/GitHub/tldw_server2
configfile: pyproject.toml
plugins: anyio-4.12.1, benchmark-5.2.3, locust-2.43.3, asyncio-1.1.0, xdist-3.8.0, split-0.11.0, timeout-2.4.0, randomly-4.1.0, hypothesis-6.138.2, cov-6.2.1, mock-3.14.1
asyncio: mode=Mode.AUTO, asyncio_default_fixture_loop_scope=function, asyncio_default_test_loop_scope=function
timeout: 300.0s
timeout method: thread
timeout func_only: False
collected 12 items

tldw_Server_API/tests/DB_Management/test_flashcard_asset_content_backends.py F [  8%]
.F.F.F.FF..                                                              [100%]

=================================== FAILURES ===================================
__ test_named_binary_row_preserves_conversion_and_defensive_null[memoryview] ___
tldw_Server_API/tests/DB_Management/test_flashcard_asset_content_backends.py:110: in test_named_binary_row_preserves_conversion_and_defensive_null
    result = db.get_flashcard_asset_content("row-boundary-control")
             ^^^^^^^^^^^^^^^^^^^^^^^^^^^^^^^^^^^^^^^^^^^^^^^^^^^^^^
tldw_Server_API/app/core/DB_Management/ChaChaNotes_DB.py:37261: in get_flashcard_asset_content
    blob = row[0]
           ^^^^^^
E   KeyError: 0
--------------------------- Captured stderr teardown ---------------------------
2026-09-16 17:23:43.376 | INFO     | tldw_Server_API.app.api.v1.API_Deps.ChaCha_Notes_DB_Deps:close_all_chacha_db_instances:867 - Closing all cached ChaChaNotesDB instances (0)...
2026-09-16 17:23:43.376 | INFO     | tldw_Server_API.app.api.v1.API_Deps.ChaCha_Notes_DB_Deps:close_all_chacha_db_instances:883 - All ChaChaNotesDB instances closed and cache cleared.
2026-09-16 17:23:43.377 | INFO     | tldw_Server_API.app.core.config:_buffered_log:210 - Loading environment variables from: /Users/macbook-dev/Documents/GitHub/tldw_server2/tldw_Server_API/Config_Files/.env
2026-09-16 17:23:43.381 | INFO     | tldw_Server_API.app.core.config:_buffered_log:210 - Loading environment variables from: /Users/macbook-dev/Documents/GitHub/tldw_server2/tldw_Server_API/Config_Files/.ENV
2026-09-16 17:23:43.385 | INFO     | tldw_Server_API.app.core.config:_buffered_log:210 - Attempting to load comprehensive config from: /Users/macbook-dev/Documents/GitHub/tldw_server2/tldw_Server_API/Config_Files/config.txt
2026-09-16 17:23:43.387 | INFO     | tldw_Server_API.app.core.config:_buffered_log:210 - load_comprehensive_config(): Sections found in config: ['Setup', 'UI', 'Server', 'Files', 'Image-Generation', 'ACP', 'WORKSPACES', 'ACP-WORKSPACE', 'ACP-SANDBOX', 'Audit', 'Processing', 'Media-Processing', 'Chat-Dictionaries', 'Chat-Module', 'Chat-Commands', 'Chat-Templating', 'Character-Chat', 'Settings', 'Auto-Save', 'Prompts', 'Database', 'Chunking', 'Visual-RAG', 'AuthNZ', 'Streaming', 'HTTP', 'Egress', 'Embeddings', 'Claims', 'ClaimsMonitoring', 'RAG', 'Search-Agent', 'ResourceGovernor', 'Jobs', 'SlidesStandaloneHtml', 'Diarization', 'API', 'MLX', 'Local-API', 'LlamaCpp', 'STT-Settings', 'external_providers', 'TTS-Settings', 'VibeVoice', 'Audio-Quota', 'API-Routes', 'Search-Engines', 'Web-Scraper', 'Logging', 'Moderation', 'Redis', 'Web-Scraping', 'personalization', 'persona', 'persona.rbac']
2026-09-16 17:23:43.389 | INFO     | tldw_Server_API.app.api.v1.API_Deps.ChaCha_Notes_DB_Deps:close_all_chacha_db_instances:867 - Closing all cached ChaChaNotesDB instances (0)...
2026-09-16 17:23:43.390 | INFO     | tldw_Server_API.app.api.v1.API_Deps.ChaCha_Notes_DB_Deps:close_all_chacha_db_instances:883 - All ChaChaNotesDB instances closed and cache cleared.
_____ test_named_binary_row_preserves_conversion_and_defensive_null[empty] _____
tldw_Server_API/tests/DB_Management/test_flashcard_asset_content_backends.py:110: in test_named_binary_row_preserves_conversion_and_defensive_null
    result = db.get_flashcard_asset_content("row-boundary-control")
             ^^^^^^^^^^^^^^^^^^^^^^^^^^^^^^^^^^^^^^^^^^^^^^^^^^^^^^
tldw_Server_API/app/core/DB_Management/ChaChaNotes_DB.py:37261: in get_flashcard_asset_content
    blob = row[0]
           ^^^^^^
E   KeyError: 0
--------------------------- Captured stderr teardown ---------------------------
2026-09-16 17:23:45.069 | INFO     | tldw_Server_API.app.api.v1.API_Deps.ChaCha_Notes_DB_Deps:close_all_chacha_db_instances:867 - Closing all cached ChaChaNotesDB instances (0)...
2026-09-16 17:23:45.069 | INFO     | tldw_Server_API.app.api.v1.API_Deps.ChaCha_Notes_DB_Deps:close_all_chacha_db_instances:883 - All ChaChaNotesDB instances closed and cache cleared.
2026-09-16 17:23:45.069 | INFO     | tldw_Server_API.app.api.v1.API_Deps.ChaCha_Notes_DB_Deps:close_all_chacha_db_instances:867 - Closing all cached ChaChaNotesDB instances (0)...
2026-09-16 17:23:45.069 | INFO     | tldw_Server_API.app.api.v1.API_Deps.ChaCha_Notes_DB_Deps:close_all_chacha_db_instances:883 - All ChaChaNotesDB instances closed and cache cleared.
_ test_actual_upload_and_repeated_content_http_requests_return_image[postgres] _
tldw_Server_API/tests/DB_Management/test_flashcard_asset_content_backends.py:80: in test_actual_upload_and_repeated_content_http_requests_return_image
    assert content.status_code == 200, content.text
E   AssertionError: Internal Server Error
E   assert 500 == 200
E    +  where 500 = <Response [500 Internal Server Error]>.status_code
---------------------------- Captured stderr setup -----------------------------
2026-09-16 17:23:46.536 | INFO     | tldw_Server_API.app.core.DB_Management.backends.factory:create_backend:392 - Creating postgresql backend
2026-09-16 17:23:46.536 | INFO     | tldw_Server_API.app.core.config:_buffered_log:210 - Determined ACTUAL_PROJECT_ROOT for database paths: /Users/macbook-dev/Documents/GitHub/tldw_server2
2026-09-16 17:23:46.536 | INFO     | tldw_Server_API.app.core.config:_buffered_log:210 - Early loading environment variables from: /Users/macbook-dev/Documents/GitHub/tldw_server2/tldw_Server_API/Config_Files/.env
2026-09-16 17:23:46.541 | INFO     | tldw_Server_API.app.core.config:_buffered_log:210 - Early loading environment variables from: /Users/macbook-dev/Documents/GitHub/tldw_server2/tldw_Server_API/Config_Files/.ENV
2026-09-16 17:23:46.545 | DEBUG    | tldw_Server_API.app.core.config:_buffered_log:210 - load_and_log_configs(): Loading and logging configurations...
2026-09-16 17:23:46.546 | INFO     | tldw_Server_API.app.core.config:_buffered_log:210 - Loading environment variables from: /Users/macbook-dev/Documents/GitHub/tldw_server2/tldw_Server_API/Config_Files/.env
2026-09-16 17:23:46.550 | INFO     | tldw_Server_API.app.core.config:_buffered_log:210 - Loading environment variables from: /Users/macbook-dev/Documents/GitHub/tldw_server2/tldw_Server_API/Config_Files/.ENV
2026-09-16 17:23:46.554 | INFO     | tldw_Server_API.app.core.config:_buffered_log:210 - Attempting to load comprehensive config from: /Users/macbook-dev/Documents/GitHub/tldw_server2/tldw_Server_API/Config_Files/config.txt
2026-09-16 17:23:46.556 | INFO     | tldw_Server_API.app.core.config:_buffered_log:210 - load_comprehensive_config(): Sections found in config: ['Setup', 'UI', 'Server', 'Files', 'Image-Generation', 'ACP', 'WORKSPACES', 'ACP-WORKSPACE', 'ACP-SANDBOX', 'Audit', 'Processing', 'Media-Processing', 'Chat-Dictionaries', 'Chat-Module', 'Chat-Commands', 'Chat-Templating', 'Character-Chat', 'Settings', 'Auto-Save', 'Prompts', 'Database', 'Chunking', 'Visual-RAG', 'AuthNZ', 'Streaming', 'HTTP', 'Egress', 'Embeddings', 'Claims', 'ClaimsMonitoring', 'RAG', 'Search-Agent', 'ResourceGovernor', 'Jobs', 'SlidesStandaloneHtml', 'Diarization', 'API', 'MLX', 'Local-API', 'LlamaCpp', 'STT-Settings', 'external_providers', 'TTS-Settings', 'VibeVoice', 'Audio-Quota', 'API-Routes', 'Search-Engines', 'Web-Scraper', 'Logging', 'Moderation', 'Redis', 'Web-Scraping', 'personalization', 'persona', 'persona.rbac']
2026-09-16 17:23:46.558 | INFO     | tldw_Server_API.app.core.config:_buffered_log:210 - Ensured main SQLite database directory exists: /Users/macbook-dev/Documents/GitHub/tldw_server2/Databases
2026-09-16 17:23:46.558 | INFO     | tldw_Server_API.app.core.config:_buffered_log:210 - Ensured user data base directory exists: Databases/user_databases
2026-09-16 17:23:46.559 | WARNING  | tldw_Server_API.app.core.DB_Management.db_path_utils:resolve_user_db_base_dir:491 - USER_DB_BASE_DIR not configured in tests, using isolated fallback: /private/var/folders/sn/m80n2j152t9gw3w8qwk2nykh0000gn/T/tldw_user_databases_test/default-c9f7eb0f
2026-09-16 17:23:46.559 | INFO     | tldw_Server_API.app.core.DB_Management.ChaChaNotes_DB:__init__:7606 - Initializing CharactersRAGDB for path: /private/var/folders/sn/m80n2j152t9gw3w8qwk2nykh0000gn/T/pytest-of-macbook-dev/pytest-137/test_actual_upload_and_repeate0/asset-content.db [Client ID: 1] (backend=postgresql)
2026-09-16 17:23:48.017 | DEBUG    | tldw_Server_API.app.core.DB_Management.ChaChaNotes_DB:__init__:7613 - CharactersRAGDB initialization completed successfully for /private/var/folders/sn/m80n2j152t9gw3w8qwk2nykh0000gn/T/pytest-of-macbook-dev/pytest-137/test_actual_upload_and_repeate0/asset-content.db
----------------------------- Captured stderr call -----------------------------
2026-09-16 17:23:48.096 | DEBUG    | tldw_Server_API.app.core.DB_Management.ChaChaNotes_DB:_get_thread_connection:7969 - Acquired backend connection (postgresql) for thread 6238269440
2026-09-16 17:23:48.104 | DEBUG    | tldw_Server_API.app.core.DB_Management.ChaChaNotes_DB:_get_thread_connection:7969 - Acquired backend connection (postgresql) for thread 6255095808
2026-09-16 17:23:48.104 | DEBUG    | tldw_Server_API.app.core.DB_Management.ChaChaNotes_DB:execute_query:8213 - Executing SQL (script=False, backend=postgresql):
            SELECT fa.uuid, fa.mime_type, fa.original_filename, fa.byte_size, fa.sha256,
                   fa.width, fa.height, fa.created_at, fa.last_modified, fa.deleted,
                   fa.client_id, fa.version, f.uuid AS card_uuid
              FROM flashcard_assets fa
              LEFT JO... Params: ('65c2b535-8e0a-4ab5-8845-2267fb0b2039',)...
2026-09-16 17:23:48.106 | DEBUG    | tldw_Server_API.app.core.DB_Management.ChaChaNotes_DB:execute_query:8213 - Executing SQL (script=False, backend=postgresql): SELECT image_data FROM flashcard_assets WHERE uuid = ? AND deleted = 0... Params: ('65c2b535-8e0a-4ab5-8845-2267fb0b2039',)...
--------------------------- Captured stderr teardown ---------------------------
2026-09-16 17:23:48.127 | INFO     | tldw_Server_API.app.api.v1.API_Deps.ChaCha_Notes_DB_Deps:close_all_chacha_db_instances:867 - Closing all cached ChaChaNotesDB instances (0)...
2026-09-16 17:23:48.127 | INFO     | tldw_Server_API.app.api.v1.API_Deps.ChaCha_Notes_DB_Deps:close_all_chacha_db_instances:883 - All ChaChaNotesDB instances closed and cache cleared.
2026-09-16 17:23:48.127 | INFO     | tldw_Server_API.app.api.v1.API_Deps.ChaCha_Notes_DB_Deps:close_all_chacha_db_instances:867 - Closing all cached ChaChaNotesDB instances (0)...
2026-09-16 17:23:48.127 | INFO     | tldw_Server_API.app.api.v1.API_Deps.ChaCha_Notes_DB_Deps:close_all_chacha_db_instances:883 - All ChaChaNotesDB instances closed and cache cleared.
_____ test_named_binary_row_preserves_conversion_and_defensive_null[null] ______
tldw_Server_API/tests/DB_Management/test_flashcard_asset_content_backends.py:110: in test_named_binary_row_preserves_conversion_and_defensive_null
    result = db.get_flashcard_asset_content("row-boundary-control")
             ^^^^^^^^^^^^^^^^^^^^^^^^^^^^^^^^^^^^^^^^^^^^^^^^^^^^^^
tldw_Server_API/app/core/DB_Management/ChaChaNotes_DB.py:37261: in get_flashcard_asset_content
    blob = row[0]
           ^^^^^^
E   KeyError: 0
--------------------------- Captured stderr teardown ---------------------------
2026-09-16 17:23:49.063 | INFO     | tldw_Server_API.app.api.v1.API_Deps.ChaCha_Notes_DB_Deps:close_all_chacha_db_instances:867 - Closing all cached ChaChaNotesDB instances (0)...
2026-09-16 17:23:49.063 | INFO     | tldw_Server_API.app.api.v1.API_Deps.ChaCha_Notes_DB_Deps:close_all_chacha_db_instances:883 - All ChaChaNotesDB instances closed and cache cleared.
2026-09-16 17:23:49.064 | INFO     | tldw_Server_API.app.api.v1.API_Deps.ChaCha_Notes_DB_Deps:close_all_chacha_db_instances:867 - Closing all cached ChaChaNotesDB instances (0)...
2026-09-16 17:23:49.064 | INFO     | tldw_Server_API.app.api.v1.API_Deps.ChaCha_Notes_DB_Deps:close_all_chacha_db_instances:883 - All ChaChaNotesDB instances closed and cache cleared.
________ test_populated_asset_content_round_trips_exact_bytes[postgres] ________
tldw_Server_API/tests/DB_Management/test_flashcard_asset_content_backends.py:66: in test_populated_asset_content_round_trips_exact_bytes
    assert asset_db.get_flashcard_asset_content(asset_uuid) == PNG_BYTES
           ^^^^^^^^^^^^^^^^^^^^^^^^^^^^^^^^^^^^^^^^^^^^^^^^
tldw_Server_API/app/core/DB_Management/ChaChaNotes_DB.py:37261: in get_flashcard_asset_content
    blob = row[0]
           ^^^^^^
E   KeyError: 0
---------------------------- Captured stderr setup -----------------------------
2026-09-16 17:23:49.775 | INFO     | tldw_Server_API.app.core.DB_Management.backends.factory:create_backend:392 - Creating postgresql backend
2026-09-16 17:23:49.776 | INFO     | tldw_Server_API.app.core.config:_buffered_log:210 - Determined ACTUAL_PROJECT_ROOT for database paths: /Users/macbook-dev/Documents/GitHub/tldw_server2
2026-09-16 17:23:49.776 | INFO     | tldw_Server_API.app.core.config:_buffered_log:210 - Early loading environment variables from: /Users/macbook-dev/Documents/GitHub/tldw_server2/tldw_Server_API/Config_Files/.env
2026-09-16 17:23:49.780 | INFO     | tldw_Server_API.app.core.config:_buffered_log:210 - Early loading environment variables from: /Users/macbook-dev/Documents/GitHub/tldw_server2/tldw_Server_API/Config_Files/.ENV
2026-09-16 17:23:49.785 | DEBUG    | tldw_Server_API.app.core.config:_buffered_log:210 - load_and_log_configs(): Loading and logging configurations...
2026-09-16 17:23:49.785 | INFO     | tldw_Server_API.app.core.config:_buffered_log:210 - Loading environment variables from: /Users/macbook-dev/Documents/GitHub/tldw_server2/tldw_Server_API/Config_Files/.env
2026-09-16 17:23:49.790 | INFO     | tldw_Server_API.app.core.config:_buffered_log:210 - Loading environment variables from: /Users/macbook-dev/Documents/GitHub/tldw_server2/tldw_Server_API/Config_Files/.ENV
2026-09-16 17:23:49.794 | INFO     | tldw_Server_API.app.core.config:_buffered_log:210 - Attempting to load comprehensive config from: /Users/macbook-dev/Documents/GitHub/tldw_server2/tldw_Server_API/Config_Files/config.txt
2026-09-16 17:23:49.796 | INFO     | tldw_Server_API.app.core.config:_buffered_log:210 - load_comprehensive_config(): Sections found in config: ['Setup', 'UI', 'Server', 'Files', 'Image-Generation', 'ACP', 'WORKSPACES', 'ACP-WORKSPACE', 'ACP-SANDBOX', 'Audit', 'Processing', 'Media-Processing', 'Chat-Dictionaries', 'Chat-Module', 'Chat-Commands', 'Chat-Templating', 'Character-Chat', 'Settings', 'Auto-Save', 'Prompts', 'Database', 'Chunking', 'Visual-RAG', 'AuthNZ', 'Streaming', 'HTTP', 'Egress', 'Embeddings', 'Claims', 'ClaimsMonitoring', 'RAG', 'Search-Agent', 'ResourceGovernor', 'Jobs', 'SlidesStandaloneHtml', 'Diarization', 'API', 'MLX', 'Local-API', 'LlamaCpp', 'STT-Settings', 'external_providers', 'TTS-Settings', 'VibeVoice', 'Audio-Quota', 'API-Routes', 'Search-Engines', 'Web-Scraper', 'Logging', 'Moderation', 'Redis', 'Web-Scraping', 'personalization', 'persona', 'persona.rbac']
2026-09-16 17:23:49.798 | INFO     | tldw_Server_API.app.core.config:_buffered_log:210 - Ensured main SQLite database directory exists: /Users/macbook-dev/Documents/GitHub/tldw_server2/Databases
2026-09-16 17:23:49.798 | INFO     | tldw_Server_API.app.core.config:_buffered_log:210 - Ensured user data base directory exists: Databases/user_databases
2026-09-16 17:23:49.799 | WARNING  | tldw_Server_API.app.core.DB_Management.db_path_utils:resolve_user_db_base_dir:491 - USER_DB_BASE_DIR not configured in tests, using isolated fallback: /private/var/folders/sn/m80n2j152t9gw3w8qwk2nykh0000gn/T/tldw_user_databases_test/default-c9f7eb0f
2026-09-16 17:23:49.799 | INFO     | tldw_Server_API.app.core.DB_Management.ChaChaNotes_DB:__init__:7606 - Initializing CharactersRAGDB for path: /private/var/folders/sn/m80n2j152t9gw3w8qwk2nykh0000gn/T/pytest-of-macbook-dev/pytest-137/test_populated_asset_content_r0/asset-content.db [Client ID: 1] (backend=postgresql)
2026-09-16 17:23:51.209 | DEBUG    | tldw_Server_API.app.core.DB_Management.ChaChaNotes_DB:__init__:7613 - CharactersRAGDB initialization completed successfully for /private/var/folders/sn/m80n2j152t9gw3w8qwk2nykh0000gn/T/pytest-of-macbook-dev/pytest-137/test_populated_asset_content_r0/asset-content.db
----------------------------- Captured stderr call -----------------------------
2026-09-16 17:23:51.211 | DEBUG    | tldw_Server_API.app.core.DB_Management.ChaChaNotes_DB:_get_thread_connection:7969 - Acquired backend connection (postgresql) for thread 8346099072
2026-09-16 17:23:51.211 | DEBUG    | tldw_Server_API.app.core.DB_Management.ChaChaNotes_DB:execute_query:8213 - Executing SQL (script=False, backend=postgresql):
            SELECT fa.uuid, fa.mime_type, fa.original_filename, fa.byte_size, fa.sha256,
                   fa.width, fa.height, fa.created_at, fa.last_modified, fa.deleted,
                   fa.client_id, fa.version, f.uuid AS card_uuid
              FROM flashcard_assets fa
              LEFT JO... Params: ('8ca0b75c-e336-485e-a033-159eebe57e00',)...
2026-09-16 17:23:51.213 | DEBUG    | tldw_Server_API.app.core.DB_Management.ChaChaNotes_DB:execute_query:8213 - Executing SQL (script=False, backend=postgresql): SELECT image_data FROM flashcard_assets WHERE uuid = ? AND deleted = 0... Params: ('8ca0b75c-e336-485e-a033-159eebe57e00',)...2026-09-16 17:23:53.150 | INFO     | tldw_Server_API.app.core.config:_buffered_log:210 - Determined ACTUAL_PROJECT_ROOT for database paths: /Users/macbook-dev/Documents/GitHub/tldw_server2
2026-09-16 17:23:53.151 | INFO     | tldw_Server_API.app.core.config:_buffered_log:210 - Early loading environment variables from: /Users/macbook-dev/Documents/GitHub/tldw_server2/tldw_Server_API/Config_Files/.env
2026-09-16 17:23:53.155 | INFO     | tldw_Server_API.app.core.config:_buffered_log:210 - Early loading environment variables from: /Users/macbook-dev/Documents/GitHub/tldw_server2/tldw_Server_API/Config_Files/.ENV
2026-09-16 17:23:53.160 | DEBUG    | tldw_Server_API.app.core.config:_buffered_log:210 - load_and_log_configs(): Loading and logging configurations...
2026-09-16 17:23:53.160 | INFO     | tldw_Server_API.app.core.config:_buffered_log:210 - Loading environment variables from: /Users/macbook-dev/Documents/GitHub/tldw_server2/tldw_Server_API/Config_Files/.env
2026-09-16 17:23:53.165 | INFO     | tldw_Server_API.app.core.config:_buffered_log:210 - Loading environment variables from: /Users/macbook-dev/Documents/GitHub/tldw_server2/tldw_Server_API/Config_Files/.ENV
2026-09-16 17:23:53.169 | INFO     | tldw_Server_API.app.core.config:_buffered_log:210 - Attempting to load comprehensive config from: /Users/macbook-dev/Documents/GitHub/tldw_server2/tldw_Server_API/Config_Files/config.txt
2026-09-16 17:23:53.171 | INFO     | tldw_Server_API.app.core.config:_buffered_log:210 - load_comprehensive_config(): Sections found in config: ['Setup', 'UI', 'Server', 'Files', 'Image-Generation', 'ACP', 'WORKSPACES', 'ACP-WORKSPACE', 'ACP-SANDBOX', 'Audit', 'Processing', 'Media-Processing', 'Chat-Dictionaries', 'Chat-Module', 'Chat-Commands', 'Chat-Templating', 'Character-Chat', 'Settings', 'Auto-Save', 'Prompts', 'Database', 'Chunking', 'Visual-RAG', 'AuthNZ', 'Streaming', 'HTTP', 'Egress', 'Embeddings', 'Claims', 'ClaimsMonitoring', 'RAG', 'Search-Agent', 'ResourceGovernor', 'Jobs', 'SlidesStandaloneHtml', 'Diarization', 'API', 'MLX', 'Local-API', 'LlamaCpp', 'STT-Settings', 'external_providers', 'TTS-Settings', 'VibeVoice', 'Audio-Quota', 'API-Routes', 'Search-Engines', 'Web-Scraper', 'Logging', 'Moderation', 'Redis', 'Web-Scraping', 'personalization', 'persona', 'persona.rbac']
2026-09-16 17:23:53.174 | INFO     | tldw_Server_API.app.core.config:_buffered_log:210 - Ensured main SQLite database directory exists: /Users/macbook-dev/Documents/GitHub/tldw_server2/Databases
2026-09-16 17:23:53.174 | INFO     | tldw_Server_API.app.core.config:_buffered_log:210 - Ensured user data base directory exists: Databases/user_databases
2026-09-16 17:23:53.174 | INFO     | tldw_Server_API.app.api.v1.API_Deps.Audit_DB_Deps:shutdown_all_audit_services:1034 - Shutting down audit services for 0 instances...
2026-09-16 17:23:53.174 | INFO     | tldw_Server_API.app.api.v1.API_Deps.Audit_DB_Deps:shutdown_all_audit_services:1091 - All audit services shut down successfully.
2026-09-16 17:23:53.186 | DEBUG    | tldw_Server_API.app.core.AuthNZ.settings:_ensure_jwt_secret:899 - Single-user mode - skipping JWT secret initialization
2026-09-16 17:23:53.186 | WARNING  | tldw_Server_API.app.core.AuthNZ.settings:_validate_api_key:1013 - SINGLE_USER_API_KEY uses a legacy format; generate a new server-generated key for improved security.
2026-09-16 17:23:53.186 | INFO     | tldw_Server_API.app.core.AuthNZ.settings:get_settings:1588 - Settings initialized - Auth mode: single_user, profile=local-single-user
2026-09-16 17:23:53.186 | INFO     | tldw_Server_API.app.core.AuthNZ.db_config:_detect_backend:83 - Detected database backend: sqlite
2026-09-16 17:23:53.259 | DEBUG    | tldw_Server_API.app.core.Scheduler.base.registry:decorator:81 - Registered task handler: watchlist_run
2026-09-16 17:23:53.259 | DEBUG    | tldw_Server_API.app.core.Scheduler.base.registry:decorator:81 - Registered task handler: watchlists_enrich_output
2026-09-16 17:23:53.259 | DEBUG    | tldw_Server_API.app.core.Scheduler.base.registry:decorator:81 - Registered task handler: watchlists_deliver_briefing
2026-09-16 17:23:53.259 | DEBUG    | tldw_Server_API.app.core.Scheduler.base.registry:decorator:81 - Registered task handler: acp_run
2026-09-16 17:23:53.260 | DEBUG    | tldw_Server_API.app.core.Scheduler.base.registry:decorator:81 - Registered task handler: workflow_run
2026-09-16 17:23:53.260 | WARNING  | tldw_Server_API.app.core.DB_Management.db_path_utils:resolve_user_db_base_dir:491 - USER_DB_BASE_DIR not configured in tests, using isolated fallback: /private/var/folders/sn/m80n2j152t9gw3w8qwk2nykh0000gn/T/tldw_user_databases_test/default-c9f7eb0f
2026-09-16 17:23:53.260 | DEBUG    | tldw_Server_API.app.core.DB_Management.backends.factory:_get_or_create_shared_sqlite_backend:325 - Creating sqlite backend for /private/var/folders/sn/m80n2j152t9gw3w8qwk2nykh0000gn/T/tldw_user_databases_test/default-c9f7eb0f/1/workflows/workflows_scheduler.db
2026-09-16 17:23:53.262 | INFO     | tldw_Server_API.app.core.DB_Management.Workflows_Scheduler_DB:__init__:210 - WorkflowsSchedulerDB using SQLite path: /private/var/folders/sn/m80n2j152t9gw3w8qwk2nykh0000gn/T/tldw_user_databases_test/default-c9f7eb0f/1/workflows/workflows_scheduler.db
2026-09-16 17:23:53.262 | INFO     | tldw_Server_API.app.services.workflows_scheduler:stop:183 - Workflows recurring scheduler stopped
2026-09-16 17:23:53.262 | INFO     | tldw_Server_API.app.api.v1.API_Deps.ChaCha_Notes_DB_Deps:close_all_chacha_db_instances:867 - Closing all cached ChaChaNotesDB instances (0)...
2026-09-16 17:23:53.262 | INFO     | tldw_Server_API.app.api.v1.API_Deps.ChaCha_Notes_DB_Deps:close_all_chacha_db_instances:883 - All ChaChaNotesDB instances closed and cache cleared.
2026-09-16 17:23:53.263 | INFO     | tldw_Server_API.app.api.v1.API_Deps.DB_Deps:<module>:57 - Using LRUCache for user DB instances (maxsize=100).

--------------------------- Captured stderr teardown ---------------------------
2026-09-16 17:23:51.506 | DEBUG    | tldw_Server_API.app.core.DB_Management.ChaChaNotes_DB:close_connection:8038 - Returned backend connection (postgresql) for thread 8346099072.
2026-09-16 17:23:51.528 | INFO     | tldw_Server_API.app.api.v1.API_Deps.ChaCha_Notes_DB_Deps:close_all_chacha_db_instances:867 - Closing all cached ChaChaNotesDB instances (0)...
2026-09-16 17:23:51.528 | INFO     | tldw_Server_API.app.api.v1.API_Deps.ChaCha_Notes_DB_Deps:close_all_chacha_db_instances:883 - All ChaChaNotesDB instances closed and cache cleared.
2026-09-16 17:23:51.528 | INFO     | tldw_Server_API.app.api.v1.API_Deps.ChaCha_Notes_DB_Deps:close_all_chacha_db_instances:867 - Closing all cached ChaChaNotesDB instances (0)...
2026-09-16 17:23:51.528 | INFO     | tldw_Server_API.app.api.v1.API_Deps.ChaCha_Notes_DB_Deps:close_all_chacha_db_instances:883 - All ChaChaNotesDB instances closed and cache cleared.
_____ test_named_binary_row_preserves_conversion_and_defensive_null[bytes] _____
tldw_Server_API/tests/DB_Management/test_flashcard_asset_content_backends.py:110: in test_named_binary_row_preserves_conversion_and_defensive_null
    result = db.get_flashcard_asset_content("row-boundary-control")
             ^^^^^^^^^^^^^^^^^^^^^^^^^^^^^^^^^^^^^^^^^^^^^^^^^^^^^^
tldw_Server_API/app/core/DB_Management/ChaChaNotes_DB.py:37261: in get_flashcard_asset_content
    blob = row[0]
           ^^^^^^
E   KeyError: 0
--------------------------- Captured stderr teardown ---------------------------
2026-09-16 17:23:51.771 | INFO     | tldw_Server_API.app.api.v1.API_Deps.ChaCha_Notes_DB_Deps:close_all_chacha_db_instances:867 - Closing all cached ChaChaNotesDB instances (0)...
2026-09-16 17:23:51.771 | INFO     | tldw_Server_API.app.api.v1.API_Deps.ChaCha_Notes_DB_Deps:close_all_chacha_db_instances:883 - All ChaChaNotesDB instances closed and cache cleared.
2026-09-16 17:23:51.771 | INFO     | tldw_Server_API.app.api.v1.API_Deps.ChaCha_Notes_DB_Deps:close_all_chacha_db_instances:867 - Closing all cached ChaChaNotesDB instances (0)...
2026-09-16 17:23:51.772 | INFO     | tldw_Server_API.app.api.v1.API_Deps.ChaCha_Notes_DB_Deps:close_all_chacha_db_instances:883 - All ChaChaNotesDB instances closed and cache cleared.
=========================== short test summary info ============================
FAILED tldw_Server_API/tests/DB_Management/test_flashcard_asset_content_backends.py::test_named_binary_row_preserves_conversion_and_defensive_null[memoryview]
FAILED tldw_Server_API/tests/DB_Management/test_flashcard_asset_content_backends.py::test_named_binary_row_preserves_conversion_and_defensive_null[empty]
FAILED tldw_Server_API/tests/DB_Management/test_flashcard_asset_content_backends.py::test_actual_upload_and_repeated_content_http_requests_return_image[postgres]
FAILED tldw_Server_API/tests/DB_Management/test_flashcard_asset_content_backends.py::test_named_binary_row_preserves_conversion_and_defensive_null[null]
FAILED tldw_Server_API/tests/DB_Management/test_flashcard_asset_content_backends.py::test_populated_asset_content_round_trips_exact_bytes[postgres]
FAILED tldw_Server_API/tests/DB_Management/test_flashcard_asset_content_backends.py::test_named_binary_row_preserves_conversion_and_defensive_null[bytes]
=================== 6 failed, 6 passed, 4 warnings in 10.98s ===================
