
 RUN  v4.0.18 /Users/macbook-dev/Documents/GitHub/tldw_server2/apps/packages/ui

(node:68421) ExperimentalWarning: localStorage is not available because --localstorage-file was not provided.
(Use `node --trace-warnings ...` to show where the warning was created)
 ❯ src/components/Common/ChatSidebar/__tests__/FolderChatList.selection.test.tsx (4 tests | 2 failed) 2257ms
   × reports accepted cached folder selection only after target handoff 1065ms
   × reports accepted fetched folder selection only after target handoff 1067ms
   ✓ does not report a failed folder fetch 62ms
   ✓ does not report a failed folder handoff 62ms

⎯⎯⎯⎯⎯⎯⎯ Failed Tests 2 ⎯⎯⎯⎯⎯⎯⎯

 FAIL  src/components/Common/ChatSidebar/__tests__/FolderChatList.selection.test.tsx > reports accepted cached folder selection only after target handoff
 FAIL  src/components/Common/ChatSidebar/__tests__/FolderChatList.selection.test.tsx > reports accepted fetched folder selection only after target handoff
AssertionError: expected "vi.fn()" to be called 1 times, but got 0 times

Ignored nodes: comments, script, style
[36m<html>[39m
  [36m<head />[39m
  [36m<body>[39m
    [36m<div>[39m
      [36m<div[39m
        [33mclass[39m=[32m"flex flex-col"[39m
      [36m>[39m
        [36m<div[39m
          [33mclass[39m=[32m"flex items-center justify-end px-3 py-2"[39m
        [36m>[39m
          [36m<button[39m
            [33mclass[39m=[32m"inline-flex items-center gap-1 rounded-md px-2 py-1 text-xs text-text-subtle hover:bg-surface hover:text-text focus-visible:outline focus-visible:outline-2 focus-visible:outline-offset-2 focus-visible:outline-[color:var(--color-focus)]"[39m
            [33mtype[39m=[32m"button"[39m
          [36m>[39m
            [36m<svg[39m
              [33maria-hidden[39m=[32m"true"[39m
              [33mclass[39m=[32m"lucide lucide-folder-plus size-3.5"[39m
              [33mfill[39m=[32m"none"[39m
              [33mheight[39m=[32m"24"[39m
              [33mstroke[39m=[32m"currentColor"[39m
              [33mstroke-linecap[39m=[32m"round"[39m
              [33mstroke-linejoin[39m=[32m"round"[39m
              [33mstroke-width[39m=[32m"2"[39m
              [33mviewBox[39m=[32m"0 0 24 24"[39m
              [33mwidth[39m=[32m"24"[39m
              [33mxmlns[39m=[32m"http://www.w3.org/2000/svg"[39m
            [36m>[39m
              [36m<path[39m
                [33md[39m=[32m"M12 10v6"[39m
              [36m/>[39m
              [36m<path[39m
                [33md[39m=[32m"M9 13h6"[39m
              [36m/>[39m
              [36m<path[39m
                [33md[39m=[32m"M20 20a2 2 0 0 0 2-2V8a2 2 0 0 0-2-2h-7.9a2 2 0 0 1-1.69-.9L9.6 3.9A2 2 0 0 0 7.93 3H4a2 2 0 0 0-2 2v13a2 2 0 0 0 2 2Z"[39m
              [36m/>[39m
            [36m</svg>[39m
            [36m<span>[39m
              [0mNew Folder[0m
            [36m</span>[39m
          [36m</button>[39m
        [36m</div>[39m
        [36m<button>[39m
          [0mSelect folder conversation[0m
        [36m</button>[39m
      [36m</div>[39m
    [36m</div>[39m
  [36m</body>[39m
[36m</html>[39m
 ❯ src/components/Common/ChatSidebar/__tests__/FolderChatList.selection.test.tsx:48:54
     46|     await act(async () => resolve(chat))
     47|   }
     48|   await waitFor(() => expect(onConversationSelected).toHaveBeenCalledT…
       |                                                      ^
     49|   expect(state.select).toHaveBeenCalledWith(chat)
     50|   expect(state.select.mock.invocationCallOrder[0]).toBeLessThan(onConv…
 ❯ runWithExpensiveErrorDiagnosticsDisabled ../../node_modules/.bun/@testing-library+dom@10.4.1/node_modules/@testing-library/dom/dist/config.js:47:12
 ❯ checkCallback ../../node_modules/.bun/@testing-library+dom@10.4.1/node_modules/@testing-library/dom/dist/wait-for.js:124:77
 ❯ Timeout.checkRealTimersCallback ../../node_modules/.bun/@testing-library+dom@10.4.1/node_modules/@testing-library/dom/dist/wait-for.js:118:16

⎯⎯⎯⎯⎯⎯⎯⎯⎯⎯⎯⎯⎯⎯⎯⎯⎯⎯⎯⎯⎯⎯⎯⎯[1/2]⎯


 Test Files  1 failed (1)
      Tests  2 failed | 2 passed (4)
   Start at  16:51:47
   Duration  2.76s (transform 153ms, setup 64ms, import 178ms, tests 2.26s, environment 187ms)
