
 RUN  v4.0.18 /Users/macbook-dev/Documents/GitHub/tldw_server2/apps/packages/ui

(node:68894) ExperimentalWarning: localStorage is not available because --localstorage-file was not provided.
(Use `node --trace-warnings ...` to show where the warning was created)
Could not parse CSS stylesheet
Could not parse CSS stylesheet
Could not parse CSS stylesheet
Could not parse CSS stylesheet
Could not parse CSS stylesheet
Could not parse CSS stylesheet
Could not parse CSS stylesheet
Could not parse CSS stylesheet
Could not parse CSS stylesheet
Could not parse CSS stylesheet
Could not parse CSS stylesheet
Could not parse CSS stylesheet
Could not parse CSS stylesheet
Could not parse CSS stylesheet
Could not parse CSS stylesheet
Could not parse CSS stylesheet
 ❯ src/components/Option/Settings/__tests__/tldw.timeouts.form.test.tsx (6 tests | 4 failed) 11424ms
   × ordinary Settings save persists generation defaults without opening Advanced, and reload preserves them 1818ms
   × Extended and explicit Reset persist their generation budgets across reload 1508ms
   × preserves explicit stored 10000 ms generation overrides on ordinary save and reload 2185ms
   ✓ preserves explicit stored 237000 ms generation overrides on ordinary save and reload  3214ms
   × the actual request layer accepts a >10second generation using ordinary Settings save output 1340ms
   ✓ the same actual request layer still honors a deliberate10second RAG limit  1357ms

⎯⎯⎯⎯⎯⎯⎯ Failed Tests 4 ⎯⎯⎯⎯⎯⎯⎯

 FAIL  src/components/Option/Settings/__tests__/tldw.timeouts.form.test.tsx > ordinary Settings save persists generation defaults without opening Advanced, and reload preserves them
AssertionError: expected [ 10000, 10000, 10000 ] to deeply equal [ 120000, 120000, 120000 ]

- Expected
+ Received

  [
-   120000,
-   120000,
-   120000,
+   10000,
+   10000,
+   10000,
  ]

 ❯ src/components/Option/Settings/__tests__/tldw.timeouts.form.test.tsx:71:29
     69|   await load()
     70|   const saved = await save()
     71|   expect(generation(saved)).toEqual([120000, 120000, 120000])
       |                             ^
     72|   expect(saved).toMatchObject({ requestTimeoutMs: 10000, streamIdleTim…
     73|   cleanup()

⎯⎯⎯⎯⎯⎯⎯⎯⎯⎯⎯⎯⎯⎯⎯⎯⎯⎯⎯⎯⎯⎯⎯⎯[1/4]⎯

 FAIL  src/components/Option/Settings/__tests__/tldw.timeouts.form.test.tsx > Extended and explicit Reset persist their generation budgets across reload
AssertionError: expected [ 20000, 20000, 20000 ] to deeply equal [ 240000, 240000, 240000 ]

- Expected
+ Received

  [
-   240000,
-   240000,
-   240000,
+   20000,
+   20000,
+   20000,
  ]

 ❯ src/components/Option/Settings/__tests__/tldw.timeouts.form.test.tsx:83:32
     81|   fireEvent.click(screen.getByText("settings:tldw.timeoutPresetExtende…
     82|   const extended = await save()
     83|   expect(generation(extended)).toEqual([240000, 240000, 240000])
       |                                ^
     84|   cleanup()
     85|   await load(extended)

⎯⎯⎯⎯⎯⎯⎯⎯⎯⎯⎯⎯⎯⎯⎯⎯⎯⎯⎯⎯⎯⎯⎯⎯[2/4]⎯

 FAIL  src/components/Option/Settings/__tests__/tldw.timeouts.form.test.tsx > preserves explicit stored 10000 ms generation overrides on ordinary save and reload
TestingLibraryElementError: Unable to find an element with the text: settings:tldw.timeoutPresetCustom. This could be because the text is broken up by multiple elements. In this case, you can provide a function for your text matcher to make your matcher more flexible.

Ignored nodes: comments, script, style
[36m<body>[39m
  [36m<div>[39m
    [36m<div[39m
      [33mclass[39m=[32m"css-dev-only-do-not-override-3uaqrl ant-app css-var-rd"[39m
    [36m>[39m
      [36m<div[39m
        [33mclass[39m=[32m"ant-spin-nested-loading css-dev-only-do-not-override-3uaqrl css-var-rd"[39m
      [36m>[39m
        [36m<div[39m
          [33mclass[39m=[32m"ant-spin-container"[39m
        [36m>[39m
          [36m<div[39m
            [33mclass[39m=[32m"max-w-2xl"[39m
          [36m>[39m
            [36m<div[39m
              [33mclass[39m=[32m"mb-4 rounded-lg bg-surface2 p-4"[39m
            [36m>[39m
              [36m<h3[39m
                [33mclass[39m=[32m"mb-2 font-semibold"[39m
              [36m>[39m
                [0mAbout tldw server integration[0m
              [36m</h3>[39m
              [36m<p[39m
                [33mclass[39m=[32m"text-sm text-text-muted"[39m
              [36m>[39m
                [0mConnect to tldw server for chat, knowledge search, and media.[0m
              [36m</p>[39m
            [36m</div>[39m
            [36m<div[39m
              [33mclass[39m=[32m"mb-4 p-2 rounded border border-transparent bg-transparent flex items-center justify-between transition-colors duration-150 hover:border-border hover:bg-surface2"[39m
            [36m>[39m
              [36m<div[39m
                [33mclass[39m=[32m"text-sm text-text"[39m
              [36m>[39m
                [36m<span[39m
                  [33mclass[39m=[32m"mr-2 font-medium"[39m
                [36m>[39m
                  [0mServer:[0m
                [36m</span>[39m
                [36m<span[39m
                  [33mclass[39m=[32m"text-text-muted break-all"[39m
                [36m>[39m
                  [0mhttps://timeouts.example.test[0m
                [36m</span>[39m
              [36m</div>[39m
              [36m<div[39m
                [33mclass[39m=[32m"ant-space css-dev-only-do-not-override-3uaqrl ant-space-horizontal ant-space-align-center ant-space-gap-row-small ant-space-gap-col-small css-var-rd"[39m
              [36m>[39m
                [36m<div[39m
                  [33mclass[39m=[32m"ant-space-item"[39m
                [36m>[39m
                  [36m<button[39m
                    [33mclass[39m=[32m"ant-btn css-dev-only-do-not-override-3uaqrl css-var-rd ant-btn-default ant-btn-color-default ant-btn-variant-outlined"[39m
                    [33mtype[39m=[32m"button"[39m
                  [36m>[39m
                    [36m<span>[39m
                      [0mHealth[0m
                    [36m</span>[39m
                  [36m</button>[39m
                [36m</div>[39m
                [36m<div[39m
                  [33mclass[39m=[32m"ant-space-item"[39m
                [36m>[39m
                  [36m<button[39m
                    [33mclass[39m=[32m"ant-btn css-dev-only-do-not-override-3uaqrl css-var-rd ant-btn-primary ant-btn-color-primary ant-btn-variant-solid"[39m
                    [33mtype[39m=[32m"button"[39m
                  [36m>[39m
                    [36m<span>[39m
                      [0mRecheck[0m
                    [36m</span>[39m
                  [36m</button>[39m
                [36m</div>[39m
              [36m</div>[39m
            [36m</div>[39m
            [36m<div[39m
              [33mclass[39m=[32m"ant-tabs ant-tabs-top ant-tabs-small sticky top-0 z-20 mb-4 border-b border-border bg-surface/95 px-1 py-2 backdrop-blur supports-[backdrop-filter]:bg-surface/85 css-dev-only-do-not-override-3uaqrl css-var-rd ant-tabs-css-var"[39m
            [36m>[39m
              [36m<div[39m
                [33maria-orientation[39m=[32m"horizontal"[39m
                [33mclass[39m=[32m"ant-tabs-nav"[39m
                [33mrole[39m=[32m"tablist"[39m
              [36m>[39m
                [36m<div[39m
                  [33mclass[39m=[32m"ant-tabs-nav-wrap"[39m
                [36m>[39m
                  [36m<div[39m
                    [33mclass[39m=[32m"ant-tabs-nav-list"[39m
                    [33mstyle[39m=[32m"transform: translate(0px, 0px);"[39m
                  [36m>[39m
                    [36m<div[39m
                      [33mclass[39m=[32m"ant-tabs-tab ant-tabs-tab-active"[39m
                      [33mdata-node-key[39m=[32m"connection"[39m
                    [36m>[39m
                      [36m<div[39m
                        [33maria-controls[39m=[32m"rc-tabs-test-panel-connection"[39m
                        [33maria-selected[39m=[32m"true"[39m
                        [33mclass[39m=[32m"ant-tabs-tab-btn"[39m
                        [33mid[39m=[32m"rc-tabs-test-tab-connection"[39m
                        [33mrole[39m=[32m"tab"[39m
                        [33mtabindex[39m=[32m"0"[39m
                      [36m>[39m
                        [0mConnection[0m
                      [36m</div>[39m
                    [36m</div>[39m
                    [36m<div[39m
                      [33mclass[39m=[32m"ant-tabs-tab"[39m
                      [33mdata-node-key[39m=[32m"timeouts"[39m
                    [36m>[39m
                      [36m<div[39m
                        [33maria-controls[39m=[32m"rc-tabs-test-panel-timeouts"[39m
                        [33maria-selected[39m=[32m"false"[39m
                        [33mclass[39m=[32m"ant-tabs-tab-btn"[39m
                        [33mid[39m=[32m"rc-tabs-test-tab-timeouts"[39m
                        [33mrole[39m=[32m"tab"[39m
                        [33mtabindex[39m=[32m"-1"[39m
                      [36m>[39m
                        [0mTimeouts[0m
                      [36m</div>[39m
                    [36m</div>[39m
                    [36m<div[39m
                      [33mclass[39m=[32m"ant-tabs-ink-bar ant-tabs-ink-bar-animated"[39m
                    [36m/>[39m
                  [36m</div>[39m
                [36m</div>[39m
                [36m<div[39m
                  [33mclass[39m=[32m"ant-tabs-nav-operations ant-tabs-nav-operations-hidden"[39m
                [36m>[39m
                  [36m<button[39m
                    [33maria-controls[39m=[32m"rc-tabs-test-more-popup"[39m
                    [33maria-expanded[39m=[32m"false"[39m
                    [33maria-haspopup[39m=[32m"listbox"[39m
                    [33mclass[39m=[32m"ant-tabs-nav-more"[39m
                    [33mid[39m=[32m"rc-tabs-test-more"[39m
                    [33mstyle[39m=[32m"visibility: hidden; order: 1;"[39m
                    [33mtype[39m=[32m"button"[39m
                  [36m>[39m
                    [36m<span[39m
                      [33maria-label[39m=[32m"ellipsis"[39m
                      [33mclass[39m=[32m"anticon anticon-ellipsis"[39m
             ...
 ❯ Object.getElementError ../../node_modules/.bun/@testing-library+dom@10.4.1/node_modules/@testing-library/dom/dist/config.js:37:19
 ❯ ../../node_modules/.bun/@testing-library+dom@10.4.1/node_modules/@testing-library/dom/dist/query-helpers.js:76:38
 ❯ ../../node_modules/.bun/@testing-library+dom@10.4.1/node_modules/@testing-library/dom/dist/query-helpers.js:52:17
 ❯ ../../node_modules/.bun/@testing-library+dom@10.4.1/node_modules/@testing-library/dom/dist/query-helpers.js:95:19
 ❯ src/components/Option/Settings/__tests__/tldw.timeouts.form.test.tsx:99:17
     97|   await load(saved)
     98|   advanced()
     99|   expect(screen.getByText("settings:tldw.timeoutPresetCustom")).toBeIn…
       |                 ^
    100|   expect(generation(await save())).toEqual([timeout, timeout, timeout])
    101| })

⎯⎯⎯⎯⎯⎯⎯⎯⎯⎯⎯⎯⎯⎯⎯⎯⎯⎯⎯⎯⎯⎯⎯⎯[3/4]⎯

 FAIL  src/components/Option/Settings/__tests__/tldw.timeouts.form.test.tsx > the actual request layer accepts a >10second generation using ordinary Settings save output
AssertionError: expected true to be false // Object.is equality

- Expected
+ Received

- false
+ true

 ❯ src/components/Option/Settings/__tests__/tldw.timeouts.form.test.tsx:124:42
    122|   await load()
    123|   const outcome = await runDelayedGeneration(await save())
    124|   expect(outcome.abortedAtElevenSeconds).toBe(false)
       |                                          ^
    125|   expect(outcome.response).toMatchObject({ ok: true, data: { answer: "…
    126|   expect(outcome.calls).toBe(1)

⎯⎯⎯⎯⎯⎯⎯⎯⎯⎯⎯⎯⎯⎯⎯⎯⎯⎯⎯⎯⎯⎯⎯⎯[4/4]⎯


 Test Files  1 failed (1)
      Tests  4 failed | 2 passed (6)
   Start at  10:40:44
   Duration  13.48s (transform 640ms, setup 121ms, import 1.48s, tests 11.42s, environment 359ms)
