============================= test session starts ==============================
platform darwin -- Python 3.11.13, pytest-8.4.1, pluggy-1.6.0
benchmark: 5.2.3 (defaults: timer=time.perf_counter disable_gc=False min_rounds=5 min_time=0.000005 max_time=1.0 calibration_precision=10 warmup=False warmup_iterations=100000)
Using --randomly-seed=1779879585
rootdir: /Users/macbook-dev/Documents/GitHub/tldw_server2
configfile: pyproject.toml
plugins: anyio-4.12.1, benchmark-5.2.3, locust-2.43.3, asyncio-1.1.0, xdist-3.8.0, split-0.11.0, timeout-2.4.0, randomly-4.1.0, hypothesis-6.138.2, cov-6.2.1, mock-3.14.1
asyncio: mode=Mode.AUTO, asyncio_default_fixture_loop_scope=function, asyncio_default_test_loop_scope=function
timeout: 300.0s
timeout method: thread
timeout func_only: False
collected 21 items

.tmp/uat-next-matrix-20260916/test_pg_role_adapter.py .......F....FFF..F [ 85%]
...                                                                      [100%]

=================================== FAILURES ===================================
_____ test_qualification_rejects_foreign_fixture_before_role_change[user] ______
.tmp/uat-next-matrix-20260916/test_pg_role_adapter.py:91: in test_qualification_rejects_foreign_fixture_before_role_change
    m.qualify_runtime(server, auth, content)
.tmp/uat-next-matrix-20260916/pg_role_adapter.py:81: in qualify_runtime
    with connect(server["_matrix_provisioner"]) as connection:
         ^^^^^^^^^^^^^^^^^^^^^^^^^^^^^^^^^^^^^^
.tmp/uat-next-matrix-20260916/test_pg_role_adapter.py:89: in <lambda>
    monkeypatch.setattr(m, "connect", lambda *_: pytest.fail("No connection expected"))
                                                 ^^^^^^^^^^^^^^^^^^^^^^^^^^^^^^^^^^^^^
E   Failed: No connection expected
_____ test_qualification_rejects_foreign_fixture_before_role_change[host] ______
.tmp/uat-next-matrix-20260916/test_pg_role_adapter.py:91: in test_qualification_rejects_foreign_fixture_before_role_change
    m.qualify_runtime(server, auth, content)
.tmp/uat-next-matrix-20260916/pg_role_adapter.py:81: in qualify_runtime
    with connect(server["_matrix_provisioner"]) as connection:
         ^^^^^^^^^^^^^^^^^^^^^^^^^^^^^^^^^^^^^^
.tmp/uat-next-matrix-20260916/test_pg_role_adapter.py:89: in <lambda>
    monkeypatch.setattr(m, "connect", lambda *_: pytest.fail("No connection expected"))
                                                 ^^^^^^^^^^^^^^^^^^^^^^^^^^^^^^^^^^^^^
E   Failed: No connection expected
___ test_qualification_rejects_foreign_fixture_before_role_change[database] ____
.tmp/uat-next-matrix-20260916/test_pg_role_adapter.py:91: in test_qualification_rejects_foreign_fixture_before_role_change
    m.qualify_runtime(server, auth, content)
.tmp/uat-next-matrix-20260916/pg_role_adapter.py:81: in qualify_runtime
    with connect(server["_matrix_provisioner"]) as connection:
         ^^^^^^^^^^^^^^^^^^^^^^^^^^^^^^^^^^^^^^
.tmp/uat-next-matrix-20260916/test_pg_role_adapter.py:89: in <lambda>
    monkeypatch.setattr(m, "connect", lambda *_: pytest.fail("No connection expected"))
                                                 ^^^^^^^^^^^^^^^^^^^^^^^^^^^^^^^^^^^^^
E   Failed: No connection expected
___ test_qualification_rejects_foreign_fixture_before_role_change[password] ____
.tmp/uat-next-matrix-20260916/test_pg_role_adapter.py:91: in test_qualification_rejects_foreign_fixture_before_role_change
    m.qualify_runtime(server, auth, content)
.tmp/uat-next-matrix-20260916/pg_role_adapter.py:81: in qualify_runtime
    with connect(server["_matrix_provisioner"]) as connection:
         ^^^^^^^^^^^^^^^^^^^^^^^^^^^^^^^^^^^^^^
.tmp/uat-next-matrix-20260916/test_pg_role_adapter.py:89: in <lambda>
    monkeypatch.setattr(m, "connect", lambda *_: pytest.fail("No connection expected"))
                                                 ^^^^^^^^^^^^^^^^^^^^^^^^^^^^^^^^^^^^^
E   Failed: No connection expected
_____ test_qualification_rejects_foreign_fixture_before_role_change[port] ______
.tmp/uat-next-matrix-20260916/test_pg_role_adapter.py:91: in test_qualification_rejects_foreign_fixture_before_role_change
    m.qualify_runtime(server, auth, content)
.tmp/uat-next-matrix-20260916/pg_role_adapter.py:81: in qualify_runtime
    with connect(server["_matrix_provisioner"]) as connection:
         ^^^^^^^^^^^^^^^^^^^^^^^^^^^^^^^^^^^^^^
.tmp/uat-next-matrix-20260916/test_pg_role_adapter.py:89: in <lambda>
    monkeypatch.setattr(m, "connect", lambda *_: pytest.fail("No connection expected"))
                                                 ^^^^^^^^^^^^^^^^^^^^^^^^^^^^^^^^^^^^^
E   Failed: No connection expected
=========================== short test summary info ============================
FAILED .tmp/uat-next-matrix-20260916/test_pg_role_adapter.py::test_qualification_rejects_foreign_fixture_before_role_change[user]
FAILED .tmp/uat-next-matrix-20260916/test_pg_role_adapter.py::test_qualification_rejects_foreign_fixture_before_role_change[host]
FAILED .tmp/uat-next-matrix-20260916/test_pg_role_adapter.py::test_qualification_rejects_foreign_fixture_before_role_change[database]
FAILED .tmp/uat-next-matrix-20260916/test_pg_role_adapter.py::test_qualification_rejects_foreign_fixture_before_role_change[password]
FAILED .tmp/uat-next-matrix-20260916/test_pg_role_adapter.py::test_qualification_rejects_foreign_fixture_before_role_change[port]
=================== 5 failed, 16 passed, 1 warning in 0.14s ====================
