(node:9560) ExperimentalWarning: VM Modules is an experimental feature and might change at any time
(Use `node --trace-warnings ...` to show where the warning was created)
✔ zero exit without normal-return proof cannot mark initialization complete (5.011625ms)
✔ forwarded cancellation cannot mark initialization complete even with exit zero (2.504875ms)
✔ initialization rejects stale attempt proof (2.3405ms)
✔ initialization rejects other preparation proof (2.178625ms)
✔ initialization rejects incomplete proof (2.399ms)
✔ nonzero child exit rejects an otherwise matching completion proof (2.191125ms)
✔ matching normal completion records identity and allows restart without resetting (3.082ms)
✔ failed initialization remains retryable and an old attempt cannot satisfy retry (2.640791ms)
✔ backend rejects missing initialization before port or spawn (1.97025ms)
✔ backend rejects wrong-preparation initialization before port or spawn (1.831625ms)
✔ backend rejects legacy-exit-only initialization before port or spawn (1.731375ms)
✔ frontend rejects missing initialization before port or spawn (1.5175ms)
✔ frontend rejects wrong-preparation initialization before port or spawn (2.300958ms)
✔ frontend rejects legacy-exit-only initialization before port or spawn (1.733542ms)
✔ incomplete preparation cannot initialize or start (1.913416ms)
✔ another run/cell cannot reuse a bound source root (sqlite-single) (1.912333ms)
✔ another run/cell cannot reuse a bound source root (pg-single) (2.13825ms)
✔ preparation reserves a new source before a helper can fail (2.469542ms)
✔ successful new preparation writes a completed matching record (4.016375ms)
✔ existing profile mode ownership refusal remains before spawn (1.966667ms)
✔ a failed child never creates a success marker (2.13575ms)
✔ existing profile preparation is never overwritten (1.671584ms)
✔ official PG receipt validates exact local ownership without connecting (2.95ms)
✔ matrix runtime role accepts separated checked provisioning and runtime identities (2.015208ms)
✔ matrix runtime role rejects elevated superuser receipt (1.946334ms)
✔ matrix runtime role rejects elevated bypassrls receipt (1.905583ms)
✔ matrix runtime role rejects elevated inherit receipt (1.792125ms)
✔ matrix runtime role rejects elevated createdb receipt (2.133167ms)
✔ matrix runtime role rejects elevated createrole receipt (2.180166ms)
✔ matrix runtime role rejects elevated replication receipt (1.972042ms)
✔ matrix runtime role rejects legacy administrator receipt (1.996542ms)
✔ matrix runtime role rejects administrator membership and reused provisioning identity (2.138709ms)
✔ matrix runtime role checks live privileges before launching initializer (2.694875ms)
✔ matrix runtime role live probe uses explicit copied python and no passwords in argv (2.554375ms)
✔ matrix runtime live role failure blocks backend before port or process (2.196834ms)
✔ matrix runtime live role failure blocks frontend before port or process (2.180375ms)
ℹ tests 36
ℹ suites 0
ℹ pass 36
ℹ fail 0
ℹ cancelled 0
ℹ skipped 0
ℹ todo 0
ℹ duration_ms 122.623917
