(node:2821) ExperimentalWarning: VM Modules is an experimental feature and might change at any time
(Use `node --trace-warnings ...` to show where the warning was created)
✔ zero exit without normal-return proof cannot mark initialization complete (6.434792ms)
✔ forwarded cancellation cannot mark initialization complete even with exit zero (3.34025ms)
✔ initialization rejects stale attempt proof (3.046209ms)
✔ initialization rejects other preparation proof (3.809667ms)
✔ initialization rejects incomplete proof (3.663708ms)
✔ nonzero child exit rejects an otherwise matching completion proof (3.664625ms)
✔ matching normal completion records identity and allows restart without resetting (4.471542ms)
✔ failed initialization remains retryable and an old attempt cannot satisfy retry (4.411416ms)
✔ backend rejects missing initialization before port or spawn (2.48425ms)
✔ backend rejects wrong-preparation initialization before port or spawn (2.180333ms)
✔ backend rejects legacy-exit-only initialization before port or spawn (2.585459ms)
✔ frontend rejects missing initialization before port or spawn (2.329625ms)
✔ frontend rejects wrong-preparation initialization before port or spawn (2.96175ms)
✔ frontend rejects legacy-exit-only initialization before port or spawn (2.785375ms)
✔ incomplete preparation cannot initialize or start (2.164708ms)
✔ another run/cell cannot reuse a bound source root (sqlite-single) (2.171917ms)
✔ another run/cell cannot reuse a bound source root (pg-single) (2.357166ms)
✔ preparation reserves a new source before a helper can fail (2.999458ms)
✔ successful new preparation writes a completed matching record (4.233208ms)
✔ existing profile mode ownership refusal remains before spawn (2.835083ms)
✔ a failed child never creates a success marker (2.490917ms)
✔ existing profile preparation is never overwritten (2.370458ms)
✔ official PG receipt validates exact local ownership without connecting (4.393042ms)
✔ matrix runtime role accepts separated checked provisioning and runtime identities (2.854083ms)
✖ matrix runtime role rejects elevated superuser receipt (3.115208ms)
✖ matrix runtime role rejects elevated bypassrls receipt (3.391375ms)
✖ matrix runtime role rejects elevated inherit receipt (3.12675ms)
✖ matrix runtime role rejects elevated createdb receipt (3.213875ms)
✖ matrix runtime role rejects elevated createrole receipt (2.700459ms)
✖ matrix runtime role rejects elevated replication receipt (2.280292ms)
✖ matrix runtime role rejects legacy administrator receipt (2.440083ms)
✖ matrix runtime role rejects administrator membership and reused provisioning identity (2.047875ms)
✖ matrix runtime role checks live privileges before launching initializer (3.071125ms)
✖ matrix runtime role live probe uses explicit copied python and no passwords in argv (2.870666ms)
ℹ tests 34
ℹ suites 0
ℹ pass 24
ℹ fail 10
ℹ cancelled 0
ℹ skipped 0
ℹ todo 0
ℹ duration_ms 155.645083

✖ failing tests:

test at .tmp/uat-next-matrix-20260916/matrix-launcher.test.mjs:200:3
✖ matrix runtime role rejects elevated superuser receipt (3.115208ms)
  AssertionError [ERR_ASSERTION]: Missing expected exception.
      at TestContext.<anonymous> (file:///Users/macbook-dev/Documents/GitHub/tldw_server2/.tmp/uat-next-matrix-20260916/matrix-launcher.test.mjs:202:12)
      at async Test.run (node:internal/test_runner/test:1088:7)
      at async Test.processPendingSubtests (node:internal/test_runner/test:763:7) {
    generatedMessage: false,
    code: 'ERR_ASSERTION',
    actual: undefined,
    expected: /role/i,
    operator: 'throws',
    diff: 'simple'
  }

test at .tmp/uat-next-matrix-20260916/matrix-launcher.test.mjs:200:3
✖ matrix runtime role rejects elevated bypassrls receipt (3.391375ms)
  AssertionError [ERR_ASSERTION]: Missing expected exception.
      at TestContext.<anonymous> (file:///Users/macbook-dev/Documents/GitHub/tldw_server2/.tmp/uat-next-matrix-20260916/matrix-launcher.test.mjs:202:12)
      at async Test.run (node:internal/test_runner/test:1088:7)
      at async Test.processPendingSubtests (node:internal/test_runner/test:763:7) {
    generatedMessage: false,
    code: 'ERR_ASSERTION',
    actual: undefined,
    expected: /role/i,
    operator: 'throws',
    diff: 'simple'
  }

test at .tmp/uat-next-matrix-20260916/matrix-launcher.test.mjs:200:3
✖ matrix runtime role rejects elevated inherit receipt (3.12675ms)
  AssertionError [ERR_ASSERTION]: Missing expected exception.
      at TestContext.<anonymous> (file:///Users/macbook-dev/Documents/GitHub/tldw_server2/.tmp/uat-next-matrix-20260916/matrix-launcher.test.mjs:202:12)
      at async Test.run (node:internal/test_runner/test:1088:7)
      at async Test.processPendingSubtests (node:internal/test_runner/test:763:7) {
    generatedMessage: false,
    code: 'ERR_ASSERTION',
    actual: undefined,
    expected: /role/i,
    operator: 'throws',
    diff: 'simple'
  }

test at .tmp/uat-next-matrix-20260916/matrix-launcher.test.mjs:200:3
✖ matrix runtime role rejects elevated createdb receipt (3.213875ms)
  AssertionError [ERR_ASSERTION]: Missing expected exception.
      at TestContext.<anonymous> (file:///Users/macbook-dev/Documents/GitHub/tldw_server2/.tmp/uat-next-matrix-20260916/matrix-launcher.test.mjs:202:12)
      at async Test.run (node:internal/test_runner/test:1088:7)
      at async Test.processPendingSubtests (node:internal/test_runner/test:763:7) {
    generatedMessage: false,
    code: 'ERR_ASSERTION',
    actual: undefined,
    expected: /role/i,
    operator: 'throws',
    diff: 'simple'
  }

test at .tmp/uat-next-matrix-20260916/matrix-launcher.test.mjs:200:3
✖ matrix runtime role rejects elevated createrole receipt (2.700459ms)
  AssertionError [ERR_ASSERTION]: Missing expected exception.
      at TestContext.<anonymous> (file:///Users/macbook-dev/Documents/GitHub/tldw_server2/.tmp/uat-next-matrix-20260916/matrix-launcher.test.mjs:202:12)
      at async Test.run (node:internal/test_runner/test:1088:7)
      at async Test.processPendingSubtests (node:internal/test_runner/test:763:7) {
    generatedMessage: false,
    code: 'ERR_ASSERTION',
    actual: undefined,
    expected: /role/i,
    operator: 'throws',
    diff: 'simple'
  }

test at .tmp/uat-next-matrix-20260916/matrix-launcher.test.mjs:200:3
✖ matrix runtime role rejects elevated replication receipt (2.280292ms)
  AssertionError [ERR_ASSERTION]: Missing expected exception.
      at TestContext.<anonymous> (file:///Users/macbook-dev/Documents/GitHub/tldw_server2/.tmp/uat-next-matrix-20260916/matrix-launcher.test.mjs:202:12)
      at async Test.run (node:internal/test_runner/test:1088:7)
      at async Test.processPendingSubtests (node:internal/test_runner/test:763:7) {
    generatedMessage: false,
    code: 'ERR_ASSERTION',
    actual: undefined,
    expected: /role/i,
    operator: 'throws',
    diff: 'simple'
  }

test at .tmp/uat-next-matrix-20260916/matrix-launcher.test.mjs:206:1
✖ matrix runtime role rejects legacy administrator receipt (2.440083ms)
  AssertionError [ERR_ASSERTION]: Missing expected exception.
      at TestContext.<anonymous> (file:///Users/macbook-dev/Documents/GitHub/tldw_server2/.tmp/uat-next-matrix-20260916/matrix-launcher.test.mjs:208:10)
      at async Test.run (node:internal/test_runner/test:1088:7)
      at async Test.processPendingSubtests (node:internal/test_runner/test:763:7) {
    generatedMessage: false,
    code: 'ERR_ASSERTION',
    actual: undefined,
    expected: /role|provision/i,
    operator: 'throws',
    diff: 'simple'
  }

test at .tmp/uat-next-matrix-20260916/matrix-launcher.test.mjs:211:1
✖ matrix runtime role rejects administrator membership and reused provisioning identity (2.047875ms)
  AssertionError [ERR_ASSERTION]: Missing expected exception.
      at TestContext.<anonymous> (file:///Users/macbook-dev/Documents/GitHub/tldw_server2/.tmp/uat-next-matrix-20260916/matrix-launcher.test.mjs:213:10)
      at async Test.run (node:internal/test_runner/test:1088:7)
      at async Test.processPendingSubtests (node:internal/test_runner/test:763:7) {
    generatedMessage: false,
    code: 'ERR_ASSERTION',
    actual: undefined,
    expected: /role/i,
    operator: 'throws',
    diff: 'simple'
  }

test at .tmp/uat-next-matrix-20260916/matrix-launcher.test.mjs:218:1
✖ matrix runtime role checks live privileges before launching initializer (3.071125ms)
  AssertionError [ERR_ASSERTION]: Missing expected rejection.
      at async TestContext.<anonymous> (file:///Users/macbook-dev/Documents/GitHub/tldw_server2/.tmp/uat-next-matrix-20260916/matrix-launcher.test.mjs:221:3)
      at async Test.run (node:internal/test_runner/test:1088:7)
      at async Test.processPendingSubtests (node:internal/test_runner/test:763:7) {
    generatedMessage: false,
    code: 'ERR_ASSERTION',
    actual: undefined,
    expected: /role/i,
    operator: 'rejects',
    diff: 'simple'
  }

test at .tmp/uat-next-matrix-20260916/matrix-launcher.test.mjs:226:1
✖ matrix runtime role live probe uses explicit copied python and no passwords in argv (2.870666ms)
  AssertionError [ERR_ASSERTION]: Expected values to be strictly equal:

  0 !== 1

      at TestContext.<anonymous> (file:///Users/macbook-dev/Documents/GitHub/tldw_server2/.tmp/uat-next-matrix-20260916/matrix-launcher.test.mjs:230:10)
      at async Test.run (node:internal/test_runner/test:1088:7)
      at async Test.processPendingSubtests (node:internal/test_runner/test:763:7) {
    generatedMessage: true,
    code: 'ERR_ASSERTION',
    actual: 0,
    expected: 1,
    operator: 'strictEqual',
    diff: 'simple'
  }
