.F                                                                       [100%]
=================================== FAILURES ===================================
_ test_official_databases_restricted_role_cold_initializer_and_authenticated_request[multi_user] _
.tmp/uat-next-matrix-20260916/test_pg_role_cold_runtime.py:60: in test_official_databases_restricted_role_cold_initializer_and_authenticated_request
    + "\nsystem_log_file_path = "
             ^^^^^^^^^^^^^^^^^^^^^
../../../.local/share/uv/python/cpython-3.11.13-macos-aarch64-none/lib/python3.11/subprocess.py:550: in run
    stdout, stderr = process.communicate(input, timeout=timeout)
                     ^^^^^^^^^^^^^^^^^^^^^^^^^^^^^^^^^^^^^^^^^^^
../../../.local/share/uv/python/cpython-3.11.13-macos-aarch64-none/lib/python3.11/subprocess.py:1209: in communicate
    stdout, stderr = self._communicate(input, endtime, timeout)
                     ^^^^^^^^^^^^^^^^^^^^^^^^^^^^^^^^^^^^^^^^^^
../../../.local/share/uv/python/cpython-3.11.13-macos-aarch64-none/lib/python3.11/subprocess.py:2141: in _communicate
    self.wait(timeout=self._remaining_time(endtime))
../../../.local/share/uv/python/cpython-3.11.13-macos-aarch64-none/lib/python3.11/subprocess.py:1264: in wait
    return self._wait(timeout=timeout)
           ^^^^^^^^^^^^^^^^^^^^^^^^^^^
../../../.local/share/uv/python/cpython-3.11.13-macos-aarch64-none/lib/python3.11/subprocess.py:2045: in _wait
    raise TimeoutExpired(self.args, timeout)
E   subprocess.TimeoutExpired: Command '['/Users/macbook-dev/Documents/GitHub/tldw_server2/.venv/bin/python', '/Users/macbook-dev/Documents/GitHub/tldw_server2/.tmp/uat-next-matrix-20260916/role125/cold_runtime_control.py']' timed out after 149.99994529200194 seconds
=========================== short test summary info ============================
FAILED .tmp/uat-next-matrix-20260916/test_pg_role_cold_runtime.py::test_official_databases_restricted_role_cold_initializer_and_authenticated_request[multi_user]
1 failed, 1 passed in 154.71s (0:02:34)
