
 RUN  v4.0.18 /Users/macbook-dev/Documents/GitHub/tldw_server2/apps/tldw-frontend

(node:46536) ExperimentalWarning: localStorage is not available because --localstorage-file was not provided.
(Use `node --trace-warnings ...` to show where the warning was created)
 ❯ ../packages/ui/src/components/Flashcards/components/__tests__/StudyPackCreateDrawer.pending-job.test.tsx (12 tests | 2 failed | 10 skipped) 2398ms
     ↓ keeps an accepted request pending before the first status response
     ↓ blocks duplicate submission while queued between polls
     ↓ blocks duplicate submission while running between polls
     ↓ keeps the same job pending across queued, active fetch and running gaps
     ↓ keeps the accepted job locked on a poll error and recovers on the same query
     ↓ allows deliberate retry after failed with the same inputs
     ↓ allows deliberate retry after cancelled with the same inputs
     ↓ navigates once to the returned deck on successful completion
     × releases an unusable completed result (missing-pack) for deliberate retry 1287ms
     × releases an unusable completed result (missing-deck) for deliberate retry 1110ms
     ↓ allows retry of a rejected creation request without losing sources
     ↓ does not attach a late old-account acceptance to a freshly keyed drawer

⎯⎯⎯⎯⎯⎯⎯ Failed Tests 2 ⎯⎯⎯⎯⎯⎯⎯

 FAIL  ../packages/ui/src/components/Flashcards/components/__tests__/StudyPackCreateDrawer.pending-job.test.tsx > StudyPackCreateDrawer accepted job lifecycle > releases an unusable completed result (missing-pack) for deliberate retry
 FAIL  ../packages/ui/src/components/Flashcards/components/__tests__/StudyPackCreateDrawer.pending-job.test.tsx > StudyPackCreateDrawer accepted job lifecycle > releases an unusable completed result (missing-deck) for deliberate retry
Error: expect(element).toBeEnabled()

Received element is not enabled:
  <button
  class="ant-btn css-dev-only-do-not-override-3uaqrl css-var-root ant-btn-primary ant-btn-color-primary ant-btn-variant-solid ant-btn-loading"
  disabled=""
  type="button"
/>

Ignored nodes: comments, script, style
[36m<html>[39m
  [36m<head />[39m
  [36m<body>[39m
    [36m<div />[39m
    [36m<div>[39m
      [36m<div[39m
        [33mclass[39m=[32m"ant-drawer ant-drawer-right css-dev-only-do-not-override-3uaqrl css-var-root ant-drawer-open"[39m
        [33mtabindex[39m=[32m"-1"[39m
      [36m>[39m
        [36m<div[39m
          [33mclass[39m=[32m"ant-drawer-mask ant-drawer-mask-blur"[39m
        [36m/>[39m
        [36m<div[39m
          [33mclass[39m=[32m"ant-drawer-content-wrapper"[39m
          [33mstyle[39m=[32m"width: 736px;"[39m
        [36m>[39m
          [36m<div[39m
            [33maria-labelledby[39m=[32m"test-id"[39m
            [33maria-modal[39m=[32m"true"[39m
            [33mclass[39m=[32m"ant-drawer-section"[39m
            [33mrole[39m=[32m"dialog"[39m
          [36m>[39m
            [36m<div[39m
              [33mclass[39m=[32m"ant-drawer-header"[39m
            [36m>[39m
              [36m<div[39m
                [33mclass[39m=[32m"ant-drawer-header-title"[39m
              [36m>[39m
                [36m<button[39m
                  [33maria-label[39m=[32m"Close"[39m
                  [33mclass[39m=[32m"ant-drawer-close"[39m
                  [33mtype[39m=[32m"button"[39m
                [36m>[39m
                  [36m<span[39m
                    [33maria-label[39m=[32m"close"[39m
                    [33mclass[39m=[32m"anticon anticon-close"[39m
                    [33mrole[39m=[32m"img"[39m
                  [36m>[39m
                    [36m<svg[39m
                      [33maria-hidden[39m=[32m"true"[39m
                      [33mdata-icon[39m=[32m"close"[39m
                      [33mfill[39m=[32m"currentColor"[39m
                      [33mfill-rule[39m=[32m"evenodd"[39m
                      [33mfocusable[39m=[32m"false"[39m
                      [33mheight[39m=[32m"1em"[39m
                      [33mviewBox[39m=[32m"64 64 896 896"[39m
                      [33mwidth[39m=[32m"1em"[39m
                    [36m>[39m
                      [36m<path[39m
                        [33md[39m=[32m"M799.86 166.31c.02 0 .04.02.08.06l57.69 57.7c.04.03.05.05.06.08a.12.12 0 010 .06c0 .03-.02.05-.06.09L569.93 512l287.7 287.7c.04.04.05.06.06.09a.12.12 0 010 .07c0 .02-.02.04-.06.08l-57.7 57.69c-.03.04-.05.05-.07.06a.12.12 0 01-.07 0c-.03 0-.05-.02-.09-.06L512 569.93l-287.7 287.7c-.04.04-.06.05-.09.06a.12.12 0 01-.07 0c-.02 0-.04-.02-.08-.06l-57.69-57.7c-.04-.03-.05-.05-.06-.07a.12.12 0 010-.07c0-.03.02-.05.06-.09L454.07 512l-287.7-287.7c-.04-.04-.05-.06-.06-.09a.12.12 0 010-.07c0-.02.02-.04.06-.08l57.7-57.69c.03-.04.05-.05.07-.06a.12.12 0 01.07 0c.03 0 .05.02.09.06L512 454.07l287.7-287.7c.04-.04.06-.05.09-.06a.12.12 0 01.07 0z"[39m
                      [36m/>[39m
                    [36m</svg>[39m
                  [36m</span>[39m
                [36m</button>[39m
                [36m<div[39m
                  [33mclass[39m=[32m"ant-drawer-title"[39m
                  [33mid[39m=[32m"test-id"[39m
                [36m>[39m
                  [0mCreate study pack[0m
                [36m</div>[39m
              [36m</div>[39m
            [36m</div>[39m
            [36m<div[39m
              [33mclass[39m=[32m"ant-drawer-body"[39m
            [36m>[39m
              [36m<div[39m
                [33mclass[39m=[32m"space-y-4"[39m
              [36m>[39m
                [36m<span[39m
                  [33maria-atomic[39m=[32m"true"[39m
                  [33maria-live[39m=[32m"polite"[39m
                  [33mclass[39m=[32m"ant-typography block css-dev-only-do-not-override-3uaqrl css-var-root"[39m
                  [33mrole[39m=[32m"status"[39m
                [36m>[39m
                  [0mStudy pack request accepted. Waiting for a status update.[0m
                [36m</span>[39m
                [36m<div[39m
                  [33mclass[39m=[32m"space-y-1"[39m
                [36m>[39m
                  [36m<span[39m
                    [33mclass[39m=[32m"ant-typography css-dev-only-do-not-override-3uaqrl css-var-root"[39m
                  [36m>[39m
                    [36m<strong>[39m
                      [0mTitle[0m
                    [36m</strong>[39m
                  [36m</span>[39m
                  [36m<input[39m
                    [33maria-label[39m=[32m"Title"[39m
                    [33mclass[39m=[32m"ant-input css-dev-only-do-not-override-3uaqrl ant-input-outlined css-var-root ant-input-css-var"[39m
                    [33mplaceholder[39m=[32m"Study pack title"[39m
                    [33mtype[39m=[32m"text"[39m
                    [33mvalue[39m=[32m"Citrine study pack"[39m
                  [36m/>[39m
                [36m</div>[39m
                [36m<div[39m
                  [33mclass[39m=[32m"rounded border border-border bg-surface p-3"[39m
                [36m>[39m
                  [36m<div[39m
                    [33mclass[39m=[32m"mb-3 flex items-center justify-between gap-2"[39m
                  [36m>[39m
                    [36m<span[39m
                      [33mclass[39m=[32m"ant-typography css-dev-only-do-not-override-3uaqrl css-var-root"[39m
                    [36m>[39m
                      [36m<strong>[39m
                        [0mSources[0m
                      [36m</strong>[39m
                    [36m</span>[39m
                    [36m<span[39m
                      [33mclass[39m=[32m"ant-typography ant-typography-secondary css-dev-only-do-not-override-3uaqrl css-var-root"[39m
                    [36m>[39m
                      [0m1 selected[0m
                    [36m</span>[39m
                  [36m</div>[39m
                  [36m<div[39m
                    [33mclass[39m=[32m"ant-space-compact css-dev-only-do-not-override-3uaqrl w-full"[39m
                  [36m>[39m
                    [36m<div[39m
                      [33mclass[39m=[32m"ant-select ant-select-outlined ant-select-compact-item ant-select-compact-first-item min-w-[120px] css-var-root ant-select-css-var css-dev-only-do-not-override-3uaqrl ant-select-single ant-select-show-arrow"[39m
                    [36m>[39m
                      [36m<div[39m
                        [33mclass[39m=[32m"ant-select-content"[39m
                      [36m>[39m
                        [36m<div[39m
                          [33mclass[39m=[32m"ant-select-content-value"[39m
                          [33mstyle[39m=[32m"visibility: visible;"[39m
                          [33mtitle[39m=[32m"Media"[39m
                        [36m>[39m
                          [0mMedia[0m
                        [36m</div>[39m
                        [36m<input[39m
                          [33maria-autocomplete[39m=[32m"list"[39m
                  ...
 ❯ ../packages/ui/src/components/Flashcards/components/__tests__/StudyPackCreateDrawer.pending-job.test.tsx:329:44
    327|         await client.refetchQueries({ queryKey: jobKey });
    328|       });
    329|       await waitFor(() => expect(button()).toBeEnabled());
       |                                            ^
    330|       expect(message.error).toHaveBeenCalledWith(
    331|         "Study pack completed, but its review deck is unavailable.",
 ❯ runWithExpensiveErrorDiagnosticsDisabled ../node_modules/.bun/@testing-library+dom@10.4.1/node_modules/@testing-library/dom/dist/config.js:47:12
 ❯ checkCallback ../node_modules/.bun/@testing-library+dom@10.4.1/node_modules/@testing-library/dom/dist/wait-for.js:124:77
 ❯ Timeout.checkRealTimersCallback ../node_modules/.bun/@testing-library+dom@10.4.1/node_modules/@testing-library/dom/dist/wait-for.js:118:16

⎯⎯⎯⎯⎯⎯⎯⎯⎯⎯⎯⎯⎯⎯⎯⎯⎯⎯⎯⎯⎯⎯⎯⎯[1/2]⎯


 Test Files  1 failed (1)
      Tests  2 failed | 10 skipped (12)
   Start at  23:14:34
   Duration  3.25s (transform 132ms, setup 76ms, import 492ms, tests 2.40s, environment 196ms)
