
 RUN  v4.0.18 /Users/macbook-dev/Documents/GitHub/tldw_server2/apps/tldw-frontend

 ❯ ../packages/ui/src/components/Flashcards/components/__tests__/StudyPackCreateDrawer.pending-job.test.tsx (11 tests | 1 failed | 10 skipped) 369ms
     ↓ keeps an accepted request pending before the first status response
     ↓ blocks duplicate submission while queued between polls
     ↓ blocks duplicate submission while running between polls
     ↓ keeps the same job pending across queued, active fetch and running gaps
     ↓ keeps the accepted job locked on a poll error and recovers on the same query
     ↓ allows deliberate retry after failed with the same inputs
     ↓ allows deliberate retry after cancelled with the same inputs
     ↓ navigates once to the returned deck on successful completion
     ↓ allows retry of a rejected creation request without losing sources
     ↓ does not attach a late old-account acceptance to a freshly keyed drawer
     × releases terminal completion when its result is no longer available 368ms

⎯⎯⎯⎯⎯⎯⎯ Failed Tests 1 ⎯⎯⎯⎯⎯⎯⎯

 FAIL  ../packages/ui/src/components/Flashcards/components/__tests__/StudyPackCreateDrawer.pending-job.test.tsx > StudyPackCreateDrawer accepted job lifecycle > releases terminal completion when its result is no longer available
Error: expect(element).toBeEnabled()

Received element is not enabled:
  <button
  class="ant-btn css-dev-only-do-not-override-3uaqrl css-var-root ant-btn-primary ant-btn-color-primary ant-btn-variant-solid ant-btn-loading"
  disabled=""
  type="button"
/>
 ❯ ../packages/ui/src/components/Flashcards/components/__tests__/StudyPackCreateDrawer.pending-job.test.tsx:366:22
    356|     expect(navigate).not.toHaveBeenCalled();
    357|   });
    358| });
       |    ^
    359|

⎯⎯⎯⎯⎯⎯⎯⎯⎯⎯⎯⎯⎯⎯⎯⎯⎯⎯⎯⎯⎯⎯⎯⎯[1/1]⎯


 Test Files  1 failed (1)
      Tests  1 failed | 10 skipped (11)
   Start at  23:13:23
   Duration  1.19s (transform 132ms, setup 79ms, import 487ms, tests 369ms, environment 202ms)
