
 RUN  v4.0.18 /Users/macbook-dev/Documents/GitHub/tldw_server2/apps/tldw-frontend

(node:48707) ExperimentalWarning: localStorage is not available because --localstorage-file was not provided.
(Use `node --trace-warnings ...` to show where the warning was created)
(node:48705) ExperimentalWarning: localStorage is not available because --localstorage-file was not provided.
(Use `node --trace-warnings ...` to show where the warning was created)
(node:48703) ExperimentalWarning: localStorage is not available because --localstorage-file was not provided.
(Use `node --trace-warnings ...` to show where the warning was created)
(node:48706) ExperimentalWarning: localStorage is not available because --localstorage-file was not provided.
(Use `node --trace-warnings ...` to show where the warning was created)
 ✓ ../packages/ui/src/components/Flashcards/hooks/__tests__/useStudyPackQueries.test.tsx (5 tests) 121ms
 ✓ ../packages/ui/src/components/Flashcards/tabs/__tests__/ImportExportTab.decomposition.test.tsx (13 tests) 473ms
 ✓ ../packages/ui/src/components/Flashcards/components/__tests__/StudyPackCreateDrawer.test.tsx (4 tests) 963ms
     ✓ requires a title and at least one source before enabling submit  567ms
 ✓ ../packages/ui/src/components/Flashcards/components/__tests__/StudyPackCreateDrawer.pending-job.test.tsx (12 tests) 3567ms
     ✓ keeps an accepted request pending before the first status response  440ms
     ✓ keeps the same job pending across queued, active fetch and running gaps  354ms
     ✓ releases an unusable completed result (missing-pack) for deliberate retry  528ms
     ✓ releases an unusable completed result (missing-deck) for deliberate retry  479ms

 Test Files  4 passed (4)
      Tests  34 passed (34)
   Start at  23:19:50
   Duration  4.63s (transform 843ms, setup 388ms, import 2.27s, tests 5.12s, environment 1.01s)
