
 RUN  v4.0.18 /Users/macbook-dev/Documents/GitHub/tldw_server2/apps/tldw-frontend

(node:46741) ExperimentalWarning: localStorage is not available because --localstorage-file was not provided.
(Use `node --trace-warnings ...` to show where the warning was created)
(node:46739) ExperimentalWarning: localStorage is not available because --localstorage-file was not provided.
(Use `node --trace-warnings ...` to show where the warning was created)
(node:46740) ExperimentalWarning: localStorage is not available because --localstorage-file was not provided.
(Use `node --trace-warnings ...` to show where the warning was created)
(node:46742) ExperimentalWarning: localStorage is not available because --localstorage-file was not provided.
(Use `node --trace-warnings ...` to show where the warning was created)
 ✓ ../packages/ui/src/components/Flashcards/hooks/__tests__/useStudyPackQueries.test.tsx (5 tests) 121ms
 ✓ ../packages/ui/src/components/Flashcards/tabs/__tests__/ImportExportTab.decomposition.test.tsx (13 tests) 467ms
 ✓ ../packages/ui/src/components/Flashcards/components/__tests__/StudyPackCreateDrawer.test.tsx (4 tests) 850ms
     ✓ requires a title and at least one source before enabling submit  505ms
 ✓ ../packages/ui/src/components/Flashcards/components/__tests__/StudyPackCreateDrawer.pending-job.test.tsx (12 tests) 3277ms
     ✓ keeps an accepted request pending before the first status response  441ms
     ✓ releases an unusable completed result (missing-pack) for deliberate retry  453ms
     ✓ releases an unusable completed result (missing-deck) for deliberate retry  484ms

 Test Files  4 passed (4)
      Tests  34 passed (34)
   Start at  23:15:24
   Duration  4.48s (transform 875ms, setup 482ms, import 2.41s, tests 4.71s, environment 1.23s)
