✔ forwards ordinary request body and authorization through the real rewrite (908.26775ms)
✔ preserves upstream error status and body (2.947042ms)
✔ client cancellation closes the upstream connection (2.371625ms)
✔ delivers a generation response after the former 30-second cutoff (31504.286667ms)
✔ preserves established SSE after an early role frame and 30 seconds of silence (31504.987916ms)
ℹ {"headersAfterMs":3,"elapsedMs":31505,"upstream":{"kind":"sse-timing","contentAfterMs":31502,"closedAfterMs":31502}}
✔ first SSE body delivery with terminal held: canonical-gzip (3.037375ms)
ℹ {"case":"canonical-gzip","contentEncoding":null,"headersAfterMs":3,"readObservedAfterMs":3,"firstRead":true,"terminalReleased":false}
✔ first SSE body delivery with terminal held: identity (2.930625ms)
ℹ {"case":"identity","contentEncoding":null,"headersAfterMs":3,"readObservedAfterMs":3,"firstRead":true,"terminalReleased":false}
✔ first SSE body delivery with terminal held: legacy-gzip-adverse (304.052667ms)
ℹ {"case":"legacy-gzip-adverse","contentEncoding":"gzip","headersAfterMs":2,"readObservedAfterMs":303,"firstRead":false,"terminalReleased":false}
ℹ tests 8
ℹ suites 0
ℹ pass 8
ℹ fail 0
ℹ cancelled 0
ℹ skipped 0
ℹ todo 0
ℹ duration_ms 65966.450709
