
 RUN  v4.0.18 /Users/macbook-dev/Documents/GitHub/tldw_server2/apps/packages/ui

(node:77267) ExperimentalWarning: localStorage is not available because --localstorage-file was not provided.
(Use `node --trace-warnings ...` to show where the warning was created)
 ❯ src/hooks/__tests__/useLoadLocalConversation.test.tsx (13 tests | 2 failed) 457ms
     ✓ restores the complete current local selection 6ms
     ✓ stops publication after unmount during the messages read 3ms
     ✓ stops publication after unmount during the model read 53ms
     ✓ stops publication after unmount during the prompt read 52ms
     ✓ stops publication after unmount during the files read 53ms
     ✓ keeps a replacement local selection when the older read finishes last 2ms
     ✓ honors the existing cancellation revision after another saved chat is selected 2ms
     ✓ suppresses an obsolete read error after route teardown 2ms
     ✓ cancels held results across the explicit principal A-to-B-to-A boundary 1ms
     ✓ preserves a current local load across a same-owner rotation notification 0ms
     ✓ reports only an accepted LocalChatList selection: current 183ms
     × reports only an accepted LocalChatList selection: unmounted 53ms
     × reports only an accepted LocalChatList selection: failed 45ms

⎯⎯⎯⎯⎯⎯⎯ Failed Tests 2 ⎯⎯⎯⎯⎯⎯⎯

 FAIL  src/hooks/__tests__/useLoadLocalConversation.test.tsx > local conversation load ownership > reports only an accepted LocalChatList selection: unmounted
 FAIL  src/hooks/__tests__/useLoadLocalConversation.test.tsx > local conversation load ownership > reports only an accepted LocalChatList selection: failed
AssertionError: expected "vi.fn()" to not be called at all, but actually been called 1 times

Received:

  1st vi.fn() call:

    Array [
      "owned",
    ]


Number of calls: 1

 ❯ src/hooks/__tests__/useLoadLocalConversation.test.tsx:183:32
    181|       expect(state.prompt).toBe("Saved prompt")
    182|     } else {
    183|       expect(onSelectChat).not.toHaveBeenCalled()
       |                                ^
    184|       expect(state.historyId).toBe("before")
    185|       if (outcome === "failed") expect(io.notifyError).toHaveBeenCalle…

⎯⎯⎯⎯⎯⎯⎯⎯⎯⎯⎯⎯⎯⎯⎯⎯⎯⎯⎯⎯⎯⎯⎯⎯[1/2]⎯


 Test Files  1 failed (1)
      Tests  2 failed | 11 passed (13)
   Start at  14:17:34
   Duration  1.74s (transform 113ms, setup 114ms, import 717ms, tests 457ms, environment 351ms)
