
 RUN  v4.0.18 /Users/macbook-dev/Documents/GitHub/tldw_server2/apps/packages/ui

(node:67445) ExperimentalWarning: localStorage is not available because --localstorage-file was not provided.
(Use `node --trace-warnings ...` to show where the warning was created)
 ❯ src/components/Option/Playground/__tests__/Playground.coordinator.integration.test.tsx (15 tests | 1 failed | 14 skipped) 90ms
     ↓ registers the webui chat route context on mount
     ↓ waits for session scope readiness before consuming the one-time restore pass
     ↓ falls back to recent chat only when restore reports nothing restored
     ↓ stops recent-chat initialization when restore reports cancellation
     ↓ does not overwrite a server chat selected while session scope initializes
     ↓ applies explicit character chat route ids before persisted session restore
     ↓ applies character route ids before persisted session restore
     ↓ applies a settings-return server chat before persisted session restore
     ↓ selects the saved Flashcard source conversation through the actual neutral Chat route consumer
     ↓ applies a sidepanel handoff before persisted session restore
     ↓ starts a fresh character route chat over an active server chat
     ↓ settles canonical saved entry with the real session subscription and local loader (StrictMode=false)
     ↓ settles canonical saved entry with the real session subscription and local loader (StrictMode=true)
     ↓ cancels pending generic restoration before applying an explicit settings target
     × independent: does not publish a held local settings return after its route unmounts 89ms

⎯⎯⎯⎯⎯⎯⎯ Failed Tests 1 ⎯⎯⎯⎯⎯⎯⎯

 FAIL  src/components/Option/Playground/__tests__/Playground.coordinator.integration.test.tsx > Playground coordinator integration > independent: does not publish a held local settings return after its route unmounts
AssertionError: expected "vi.fn()" to not be called at all, but actually been called 1 times

Received:

  1st vi.fn() call:

    Array [
      undefined,
    ]


Number of calls: 1

 ❯ src/components/Option/Playground/__tests__/Playground.coordinator.integration.test.tsx:614:54
    596|     view.unmount()
    597|   })
    598| })
       |   ^
    599|

⎯⎯⎯⎯⎯⎯⎯⎯⎯⎯⎯⎯⎯⎯⎯⎯⎯⎯⎯⎯⎯⎯⎯⎯[1/1]⎯


 Test Files  1 failed (1)
      Tests  1 failed | 14 skipped (15)
   Start at  14:08:41
   Duration  3.48s (transform 1.36s, setup 139ms, import 2.60s, tests 90ms, environment 528ms)
