
 RUN  v4.0.18 /Users/macbook-dev/Documents/GitHub/tldw_server2/apps/packages/ui

(node:72941) ExperimentalWarning: localStorage is not available because --localstorage-file was not provided.
(Use `node --trace-warnings ...` to show where the warning was created)
 ❯ src/hooks/__tests__/useLoadLocalConversation.test.tsx (8 tests | 7 failed) 185ms
     ✓ restores the complete current local selection 9ms
     × stops publication after unmount during the messages read 6ms
     × stops publication after unmount during the model read 55ms
     × stops publication after unmount during the prompt read 55ms
     × stops publication after unmount during the files read 54ms
     × keeps a replacement local selection when the older read finishes last 2ms
     × honors the existing cancellation revision after another saved chat is selected 2ms
     × suppresses an obsolete read error after route teardown 2ms

⎯⎯⎯⎯⎯⎯⎯ Failed Tests 7 ⎯⎯⎯⎯⎯⎯⎯

 FAIL  src/hooks/__tests__/useLoadLocalConversation.test.tsx > local conversation load ownership > stops publication after unmount during the messages read
AssertionError: expected { serverId: null, …(7) } to deeply equal { serverId: 'server-before', …(7) }

- Expected
+ Received

  {
-   "files": [],
+   "files": [
+     {
+       "id": "saved-file",
+     },
+   ],
    "history": [],
-   "historyId": "before",
+   "historyId": "owned",
    "messages": [],
-   "model": "before",
-   "prompt": "before",
-   "promptId": "before",
-   "serverId": "server-before",
+   "model": "saved-model",
+   "prompt": "Saved prompt",
+   "promptId": "saved-prompt",
+   "serverId": null,
  }

 ❯ src/hooks/__tests__/useLoadLocalConversation.test.tsx:80:19
     78|     const atUnmount = JSON.parse(JSON.stringify(state))
     79|     await act(async () => { pending.resolve(boundary === "model" ? tru…
     80|     expect(state).toEqual(atUnmount)
       |                   ^
     81|     expect(document.title).toBe("Current page")
     82|   })

⎯⎯⎯⎯⎯⎯⎯⎯⎯⎯⎯⎯⎯⎯⎯⎯⎯⎯⎯⎯⎯⎯⎯⎯[1/7]⎯

 FAIL  src/hooks/__tests__/useLoadLocalConversation.test.tsx > local conversation load ownership > stops publication after unmount during the model read
AssertionError: expected { serverId: null, …(7) } to deeply equal { serverId: null, …(7) }

- Expected
+ Received

@@ -1,7 +1,11 @@
  {
-   "files": [],
+   "files": [
+     {
+       "id": "saved-file",
+     },
+   ],
    "history": [
      {
        "content": "Message owned",
        "id": "owned",
      },
@@ -11,10 +15,10 @@
      {
        "content": "Message owned",
        "id": "owned",
      },
    ],
-   "model": "before",
-   "prompt": "before",
-   "promptId": "before",
+   "model": "saved-model",
+   "prompt": "Saved prompt",
+   "promptId": "saved-prompt",
    "serverId": null,
  }

 ❯ src/hooks/__tests__/useLoadLocalConversation.test.tsx:80:19
     78|     const atUnmount = JSON.parse(JSON.stringify(state))
     79|     await act(async () => { pending.resolve(boundary === "model" ? tru…
     80|     expect(state).toEqual(atUnmount)
       |                   ^
     81|     expect(document.title).toBe("Current page")
     82|   })

⎯⎯⎯⎯⎯⎯⎯⎯⎯⎯⎯⎯⎯⎯⎯⎯⎯⎯⎯⎯⎯⎯⎯⎯[2/7]⎯

 FAIL  src/hooks/__tests__/useLoadLocalConversation.test.tsx > local conversation load ownership > stops publication after unmount during the prompt read
AssertionError: expected { serverId: null, …(7) } to deeply equal { serverId: null, …(7) }

- Expected
+ Received

@@ -1,7 +1,11 @@
  {
-   "files": [],
+   "files": [
+     {
+       "id": "saved-file",
+     },
+   ],
    "history": [
      {
        "content": "Message owned",
        "id": "owned",
      },
@@ -12,9 +16,9 @@
        "content": "Message owned",
        "id": "owned",
      },
    ],
    "model": "saved-model",
-   "prompt": "before",
-   "promptId": "before",
+   "prompt": "Saved prompt",
+   "promptId": "saved-prompt",
    "serverId": null,
  }

 ❯ src/hooks/__tests__/useLoadLocalConversation.test.tsx:80:19
     78|     const atUnmount = JSON.parse(JSON.stringify(state))
     79|     await act(async () => { pending.resolve(boundary === "model" ? tru…
     80|     expect(state).toEqual(atUnmount)
       |                   ^
     81|     expect(document.title).toBe("Current page")
     82|   })

⎯⎯⎯⎯⎯⎯⎯⎯⎯⎯⎯⎯⎯⎯⎯⎯⎯⎯⎯⎯⎯⎯⎯⎯[3/7]⎯

 FAIL  src/hooks/__tests__/useLoadLocalConversation.test.tsx > local conversation load ownership > stops publication after unmount during the files read
AssertionError: expected 'Title owned' to be 'Current page' // Object.is equality

Expected: "Current page"
Received: "Title owned"

 ❯ src/hooks/__tests__/useLoadLocalConversation.test.tsx:81:28
     79|     await act(async () => { pending.resolve(boundary === "model" ? tru…
     80|     expect(state).toEqual(atUnmount)
     81|     expect(document.title).toBe("Current page")
       |                            ^
     82|   })
     83|

⎯⎯⎯⎯⎯⎯⎯⎯⎯⎯⎯⎯⎯⎯⎯⎯⎯⎯⎯⎯⎯⎯⎯⎯[4/7]⎯

 FAIL  src/hooks/__tests__/useLoadLocalConversation.test.tsx > local conversation load ownership > keeps a replacement local selection when the older read finishes last
AssertionError: expected 'old' to be 'replacement' // Object.is equality

Expected: "replacement"
Received: "old"

 ❯ src/hooks/__tests__/useLoadLocalConversation.test.tsx:92:29
     90|     await act(async () => { await result.current("replacement") })
     91|     await act(async () => { pending.resolve([{ content: "Late old mess…
     92|     expect(state.historyId).toBe("replacement")
       |                             ^
     93|     expect(state.messages).toEqual([{ id: "replacement", content: "Mes…
     94|     expect(document.title).toBe("Title replacement")

⎯⎯⎯⎯⎯⎯⎯⎯⎯⎯⎯⎯⎯⎯⎯⎯⎯⎯⎯⎯⎯⎯⎯⎯[5/7]⎯

 FAIL  src/hooks/__tests__/useLoadLocalConversation.test.tsx > local conversation load ownership > honors the existing cancellation revision after another saved chat is selected
AssertionError: expected 'old' to be 'before' // Object.is equality

Expected: "before"
Received: "old"

 ❯ src/hooks/__tests__/useLoadLocalConversation.test.tsx:106:29
    104|     usePlaygroundSessionStore.getState().cancelPendingRestore()
    105|     await act(async () => { pending.resolve([{ content: "Late old mess…
    106|     expect(state.historyId).toBe("before")
       |                             ^
    107|     expect(document.title).toBe("Current page")
    108|     unmount()

⎯⎯⎯⎯⎯⎯⎯⎯⎯⎯⎯⎯⎯⎯⎯⎯⎯⎯⎯⎯⎯⎯⎯⎯[6/7]⎯

 FAIL  src/hooks/__tests__/useLoadLocalConversation.test.tsx > local conversation load ownership > suppresses an obsolete read error after route teardown
AssertionError: expected "vi.fn()" to not be called at all, but actually been called 1 times

Received:

  1st vi.fn() call:

    Array [
      "common:error.friendlyLocalHistorySummary",
    ]


Number of calls: 1

 ❯ src/hooks/__tests__/useLoadLocalConversation.test.tsx:120:32
    118|     unmount()
    119|     await act(async () => { pending.reject(new Error("Synthetic late r…
    120|     expect(io.notifyError).not.toHaveBeenCalled()
       |                                ^
    121|     expect(error).not.toHaveBeenCalled()
    122|   })

⎯⎯⎯⎯⎯⎯⎯⎯⎯⎯⎯⎯⎯⎯⎯⎯⎯⎯⎯⎯⎯⎯⎯⎯[7/7]⎯


 Test Files  1 failed (1)
      Tests  7 failed | 1 passed (8)
   Start at  14:13:37
   Duration  858ms (transform 71ms, setup 120ms, import 65ms, tests 185ms, environment 378ms)
