
 RUN  v4.0.18 /Users/macbook-dev/Documents/GitHub/tldw_server2/apps/packages/ui

(node:66446) ExperimentalWarning: localStorage is not available because --localstorage-file was not provided.
(Use `node --trace-warnings ...` to show where the warning was created)
Error: Maximum update depth exceeded. This can happen when a component repeatedly calls setState inside componentWillUpdate or componentDidUpdate. React limits the number of nested updates to prevent infinite loops.
    at checkForNestedUpdates (/Users/macbook-dev/Documents/GitHub/tldw_server2/apps/node_modules/.bun/react-dom@18.3.1+f4eacebf2041cd4f/node_modules/react-dom/cjs/react-dom.development.js:27331:11)
    at scheduleUpdateOnFiber (/Users/macbook-dev/Documents/GitHub/tldw_server2/apps/node_modules/.bun/react-dom@18.3.1+f4eacebf2041cd4f/node_modules/react-dom/cjs/react-dom.development.js:25514:3)
    at forceStoreRerender (/Users/macbook-dev/Documents/GitHub/tldw_server2/apps/node_modules/.bun/react-dom@18.3.1+f4eacebf2041cd4f/node_modules/react-dom/cjs/react-dom.development.js:16158:5)
    at handleStoreChange (/Users/macbook-dev/Documents/GitHub/tldw_server2/apps/node_modules/.bun/react-dom@18.3.1+f4eacebf2041cd4f/node_modules/react-dom/cjs/react-dom.development.js:16134:7)
    at file:///Users/macbook-dev/Documents/GitHub/tldw_server2/apps/node_modules/.bun/zustand@5.0.10+324ccb968d86c5f8/node_modules/zustand/esm/vanilla.mjs:9:39
    at Set.forEach (<anonymous>)
    at setState (file:///Users/macbook-dev/Documents/GitHub/tldw_server2/apps/node_modules/.bun/zustand@5.0.10+324ccb968d86c5f8/node_modules/zustand/esm/vanilla.mjs:9:17)
    at file:///Users/macbook-dev/Documents/GitHub/tldw_server2/apps/node_modules/.bun/zustand@5.0.10+324ccb968d86c5f8/node_modules/zustand/esm/middleware.mjs:369:7
    at Object.cancelPendingRestore (/Users/macbook-dev/Documents/GitHub/tldw_server2/apps/packages/ui/src/store/playground-session.tsx:101:9)
    at /Users/macbook-dev/Documents/GitHub/tldw_server2/apps/packages/ui/src/components/Option/Playground/Playground.tsx:1858:42
Error: Maximum update depth exceeded. This can happen when a component repeatedly calls setState inside componentWillUpdate or componentDidUpdate. React limits the number of nested updates to prevent infinite loops.
    at checkForNestedUpdates (/Users/macbook-dev/Documents/GitHub/tldw_server2/apps/node_modules/.bun/react-dom@18.3.1+f4eacebf2041cd4f/node_modules/react-dom/cjs/react-dom.development.js:27331:11)
    at scheduleUpdateOnFiber (/Users/macbook-dev/Documents/GitHub/tldw_server2/apps/node_modules/.bun/react-dom@18.3.1+f4eacebf2041cd4f/node_modules/react-dom/cjs/react-dom.development.js:25514:3)
    at forceStoreRerender (/Users/macbook-dev/Documents/GitHub/tldw_server2/apps/node_modules/.bun/react-dom@18.3.1+f4eacebf2041cd4f/node_modules/react-dom/cjs/react-dom.development.js:16158:5)
    at handleStoreChange (/Users/macbook-dev/Documents/GitHub/tldw_server2/apps/node_modules/.bun/react-dom@18.3.1+f4eacebf2041cd4f/node_modules/react-dom/cjs/react-dom.development.js:16134:7)
    at file:///Users/macbook-dev/Documents/GitHub/tldw_server2/apps/node_modules/.bun/zustand@5.0.10+324ccb968d86c5f8/node_modules/zustand/esm/vanilla.mjs:9:39
    at Set.forEach (<anonymous>)
    at setState (file:///Users/macbook-dev/Documents/GitHub/tldw_server2/apps/node_modules/.bun/zustand@5.0.10+324ccb968d86c5f8/node_modules/zustand/esm/vanilla.mjs:9:17)
    at file:///Users/macbook-dev/Documents/GitHub/tldw_server2/apps/node_modules/.bun/zustand@5.0.10+324ccb968d86c5f8/node_modules/zustand/esm/middleware.mjs:369:7
    at Object.cancelPendingRestore (/Users/macbook-dev/Documents/GitHub/tldw_server2/apps/packages/ui/src/store/playground-session.tsx:101:9)
    at /Users/macbook-dev/Documents/GitHub/tldw_server2/apps/packages/ui/src/components/Option/Playground/Playground.tsx:1858:42
 ❯ src/components/Option/Playground/__tests__/Playground.coordinator.integration.test.tsx (14 tests | 2 failed | 12 skipped) 239ms
     ↓ registers the webui chat route context on mount
     ↓ waits for session scope readiness before consuming the one-time restore pass
     ↓ falls back to recent chat only when restore reports nothing restored
     ↓ stops recent-chat initialization when restore reports cancellation
     ↓ does not overwrite a server chat selected while session scope initializes
     ↓ applies explicit character chat route ids before persisted session restore
     ↓ applies character route ids before persisted session restore
     ↓ applies a settings-return server chat before persisted session restore
     ↓ selects the saved Flashcard source conversation through the actual neutral Chat route consumer
     ↓ applies a sidepanel handoff before persisted session restore
     ↓ starts a fresh character route chat over an active server chat
     × settles canonical saved entry with the real session subscription and local loader (StrictMode=false) 147ms
     × settles canonical saved entry with the real session subscription and local loader (StrictMode=true) 92ms
     ↓ cancels pending generic restoration before applying an explicit settings target

⎯⎯⎯⎯⎯⎯⎯ Failed Tests 2 ⎯⎯⎯⎯⎯⎯⎯

 FAIL  src/components/Option/Playground/__tests__/Playground.coordinator.integration.test.tsx > Playground coordinator integration > settles canonical saved entry with the real session subscription and local loader (StrictMode=false)
 FAIL  src/components/Option/Playground/__tests__/Playground.coordinator.integration.test.tsx > Playground coordinator integration > settles canonical saved entry with the real session subscription and local loader (StrictMode=true)
Error: expect(element).not.toBeInTheDocument()

expected document not to contain element, found <p
  role="alert"
>
  Chat route crashed
</p> instead
 ❯ src/components/Option/Playground/__tests__/Playground.coordinator.integration.test.tsx:567:45
    565|     const view = render(<RouteTestBoundary>{element}</RouteTestBoundar…
    566|     await act(async () => { await Promise.resolve() })
    567|     expect(screen.queryByRole("alert")).not.toBeInTheDocument()
       |                                             ^
    568|     expect(usePlaygroundSessionStore.getState().restoreRevision).toBeL…
    569|     await waitFor(() => expect(window.location.search).toBe(""))

⎯⎯⎯⎯⎯⎯⎯⎯⎯⎯⎯⎯⎯⎯⎯⎯⎯⎯⎯⎯⎯⎯⎯⎯[1/2]⎯


 Test Files  1 failed (1)
      Tests  2 failed | 12 skipped (14)
   Start at  14:07:37
   Duration  2.53s (transform 1.03s, setup 67ms, import 1.92s, tests 239ms, environment 206ms)
