✔ uses recorded session/archive and privately preserves raw command evidence (48.674208ms)
✔ redacts raw, JSON-escaped, URL-encoded, account and JWT values (23.607334ms)
✔ redacts matching PostgreSQL runtime password (25.541875ms)
✔ redacts operator-supplied provider credentials registered before UI entry (24.403125ms)
✔ replaces raw snapshot references with confined redacted text copies (24.217541ms)
✔ does not follow a snapshot symlink outside the owned archive (24.922875ms)
✔ preserves command failure exit code and sanitized diagnostics (22.889083ms)
✔ rejects owner mismatch before subprocess execution (23.062958ms)
✔ rejects session mismatch before subprocess execution (23.460625ms)
✔ rejects source mismatch before subprocess execution (23.672875ms)
✔ rejects credentials mismatch before subprocess execution (23.526ms)
✔ rejects initialization mismatch before subprocess execution (23.311417ms)
✔ rejects mode mismatch before subprocess execution (22.838792ms)
✔ rejects session overrides and invalid run/cell values (22.188ms)
✔ safe setup errors never print malformed credential contents (21.789166ms)
✔ subprocess infrastructure errors suppress partial output (1.57375ms)
✔ rejects command or browser override: kill-all (1.0965ms)
✔ rejects command or browser override: close-all (0.965291ms)
✔ rejects command or browser override: attach http://synthetic.invalid (1.016167ms)
✔ rejects command or browser override: open --profile=/synthetic/foreign (1.139875ms)
✔ rejects command or browser override: open --config=/synthetic/foreign (1.37275ms)
✔ rejects command or browser override: open --persistent (1.331083ms)
✔ child environment removes host browser/config/storage and Node overrides (1.44625ms)
✔ rejects implicit local config before subprocess creation (1.587125ms)
✔ rejects implicit global config before subprocess creation (1.654375ms)
✔ supports reviewed interaction and evidence options in the owned session (102.694334ms)
✔ rejects malformed short options while allowing numeric interaction arguments (21.278625ms)
✔ installed config resolver sees an isolated browser with the exact child environment (100.435792ms)
(node:61822) ExperimentalWarning: VM Modules is an experimental feature and might change at any time
(Use `node --trace-warnings ...` to show where the warning was created)
✔ zero exit without normal-return proof cannot mark initialization complete (5.151625ms)
✔ forwarded cancellation cannot mark initialization complete even with exit zero (3.246917ms)
✔ initialization rejects stale attempt proof (3.01175ms)
✔ initialization rejects other preparation proof (3.446166ms)
✔ initialization rejects incomplete proof (3.048166ms)
✔ nonzero child exit rejects an otherwise matching completion proof (3.470916ms)
✔ matching normal completion records identity and allows restart without resetting (3.920791ms)
✔ failed initialization remains retryable and an old attempt cannot satisfy retry (4.27275ms)
✔ backend rejects missing initialization before port or spawn (2.09875ms)
✔ backend rejects wrong-preparation initialization before port or spawn (1.991709ms)
✔ backend rejects legacy-exit-only initialization before port or spawn (2.320583ms)
✔ frontend rejects missing initialization before port or spawn (2.003875ms)
✔ frontend rejects wrong-preparation initialization before port or spawn (2.433ms)
✔ frontend rejects legacy-exit-only initialization before port or spawn (1.831459ms)
✔ incomplete preparation cannot initialize or start (2.039167ms)
✔ another run/cell cannot reuse a bound source root (sqlite-single) (1.908ms)
✔ another run/cell cannot reuse a bound source root (pg-single) (1.924792ms)
✔ preparation reserves a new source before a helper can fail (2.331125ms)
✔ successful new preparation writes a completed matching record (4.638ms)
✔ existing profile mode ownership refusal remains before spawn (2.33675ms)
✔ a failed child never creates a success marker (2.944792ms)
✔ existing profile preparation is never overwritten (2.137792ms)
✔ official PG receipt validates exact local ownership without connecting (2.828833ms)
✔ matrix runtime role accepts separated checked provisioning and runtime identities (2.519834ms)
✔ matrix runtime role rejects elevated superuser receipt (2.977291ms)
✔ matrix runtime role rejects elevated bypassrls receipt (2.702041ms)
✔ matrix runtime role rejects elevated inherit receipt (2.771459ms)
✔ matrix runtime role rejects elevated createdb receipt (2.807333ms)
✔ matrix runtime role rejects elevated createrole receipt (2.4645ms)
✔ matrix runtime role rejects elevated replication receipt (2.700416ms)
✔ matrix runtime role rejects legacy administrator receipt (2.8335ms)
✔ matrix runtime role rejects administrator membership and reused provisioning identity (2.88675ms)
✔ matrix runtime role checks live privileges before launching initializer (2.912166ms)
✔ matrix runtime role live probe uses explicit copied python and no passwords in argv (3.62ms)
✔ matrix runtime live role failure blocks backend before port or process (3.53025ms)
✔ matrix runtime live role failure blocks frontend before port or process (2.54825ms)
✔ bootstrap-admin sqlite uses existing private launch identity and scoped environment (3.722459ms)
✔ bootstrap-admin postgresql uses existing private launch identity and scoped environment (3.162167ms)
✔ bootstrap-admin rejects missing-proof completion (3.242209ms)
✔ bootstrap-admin rejects nonzero completion (2.963709ms)
✔ bootstrap-admin rejects signal completion (4.096916ms)
✔ bootstrap-admin rejects forwarded-interrupt completion (3.381875ms)
✔ bootstrap-admin rejects stale-token completion (3.414083ms)
✔ bootstrap-admin rejects wrong-preparation completion (2.869292ms)
✔ bootstrap-admin rejects wrong-action completion (3.152833ms)
✔ bootstrap-admin rejects incomplete completion (3.606833ms)
✔ bootstrap-admin refuses sqlite single-user cells without spawn (2.8355ms)
✔ bootstrap-admin refuses postgresql single-user cells without spawn (2.942625ms)
✔ bootstrap-admin preserves missing-initialization preflight refusal (2.657042ms)
✔ bootstrap-admin preserves stale-initialization preflight refusal (3.619625ms)
✔ bootstrap-admin preserves changed-source preflight refusal (2.415375ms)
✔ bootstrap-admin preserves preparing preflight refusal (3.667417ms)
✔ bootstrap-admin PG live role refusal occurs before spawn (4.351542ms)
✔ failed bootstrap can retry but its old proof cannot satisfy a new attempt (4.177041ms)
(node:61823) ExperimentalWarning: VM Modules is an experimental feature and might change at any time
(Use `node --trace-warnings ...` to show where the warning was created)
✔ original launcher exposes exactly the reusable initialization/environment operations (8.085375ms)
✔ backend upgrades code with original auth/data/ports and untouched origin proofs (10.9925ms)
✔ frontend uses new Next code and owned build but retains the original API/browser origin (10.377708ms)
✔ frontend build name is accepted by the actual Next configuration (30.9085ms)
✔ multi-user upgrade retains original JWT identity and its existing auth/content databases (9.244292ms)
✔ refuses incomplete original preparation before launching or writing upgrade state (7.571709ms)
✔ refuses wrong original profile cell before launching or writing upgrade state (7.040417ms)
✔ refuses missing old initialization before launching or writing upgrade state (6.283375ms)
✔ refuses mismatched old initialization before launching or writing upgrade state (7.472166ms)
✔ refuses old source fingerprint change before launching or writing upgrade state (7.931208ms)
✔ refuses released holder before launching or writing upgrade state (6.406708ms)
✔ refuses foreign holder source before launching or writing upgrade state (7.01575ms)
✔ refuses privileged holder role before launching or writing upgrade state (7.177209ms)
✔ refuses live role probe denial before launching or writing upgrade state (7.275375ms)
✔ refuses missing explicit upgrade policy before launching or writing upgrade state (7.124709ms)
✔ refuses gate belongs to another original profile before launching or writing upgrade state (7.852209ms)
✔ refuses unreleased source before launching or writing upgrade state (6.931417ms)
✔ refuses wrong source manifest cell before launching or writing upgrade state (7.030167ms)
✔ refuses changed new tracked source before launching or writing upgrade state (6.286917ms)
✔ refuses tracked source traversal before launching or writing upgrade state (6.688459ms)
✔ refuses new source symlink escape before launching or writing upgrade state (6.733458ms)
✔ refuses changed archive bytes before launching or writing upgrade state (6.238292ms)
✔ refuses origin inspection failure before launching or writing upgrade state (5.199625ms)
✔ refuses archive already bound to a profile before launching or writing upgrade state (6.663791ms)
✔ refuses occupied API port before launching or writing upgrade state (6.38975ms)
✔ existing archive data blocks relocation: Databases/system_ops.json (5.814625ms)
✔ existing archive data blocks relocation: Databases/document_upload_drafts.db (6.525792ms)
✔ existing archive data blocks relocation: Databases/document_upload_drafts.db-wal (5.279542ms)
✔ existing archive data blocks relocation: Databases/document_upload_drafts.db-shm (5.432875ms)
✔ existing archive data blocks relocation: Databases/webscraper (5.137792ms)
✔ existing archive data blocks relocation: Databases/downloads/audio (5.88125ms)
✔ a dangling root-state symlink and nonempty lock are not treated as absent (6.291083ms)
✔ unowned Next build is rejected without adopting or deleting its contents (8.790625ms)
✔ backend and frontend share one immutable upgrade binding with separate attempts (9.275916ms)
✔ changed original proof cannot rebind an existing upgrade (7.958541ms)
✔ upgrade binding retains the exact controller/helper byte identity (7.54875ms)
✔ child failure retains its truthful failure receipt and leaves original initialization alone (7.07075ms)
✔ cancellation forwards only to the owned child and records no readiness claim (7.420541ms)
✔ a child exiting zero after requested cancellation still records the interruption (7.302333ms)
✔ archive-local data through a symlinked parent cannot appear absent (5.424042ms)
✔ asynchronous spawn errors settle once and remove only owned signal listeners (7.681458ms)
✔ spawn error preserves a failed attempt without overwriting the old profile (7.2485ms)
✔ action and run inputs reject reset, same-run and traversal before boundaries (5.788417ms)
ℹ tests 125
ℹ suites 0
ℹ pass 125
ℹ fail 0
ℹ cancelled 0
ℹ skipped 0
ℹ todo 0
ℹ duration_ms 658.555792
