
 RUN  v4.0.18 /Users/macbook-dev/Documents/GitHub/tldw_server2/apps/tldw-frontend

stderr | ../packages/ui/src/hooks/chat/__tests__/useChatActions.character.integration.test.tsx > useChatActions character integration > forwards the confirmed assistant ID from fallback success to local persistence
Failed to persist assistant message via completions/persist: Error: Persist endpoint unavailable
    at /Users/macbook-dev/Documents/GitHub/tldw_server2/apps/packages/ui/src/hooks/chat/__tests__/useChatActions.character.integration.test.tsx:843:9
    at file:///Users/macbook-dev/Documents/GitHub/tldw_server2/apps/node_modules/.bun/@vitest+runner@4.0.18/node_modules/@vitest/runner/dist/index.js:1026:60
    at file:///Users/macbook-dev/Documents/GitHub/tldw_server2/apps/node_modules/.bun/@vitest+runner@4.0.18/node_modules/@vitest/runner/dist/index.js:145:11
    at file:///Users/macbook-dev/Documents/GitHub/tldw_server2/apps/node_modules/.bun/@vitest+runner@4.0.18/node_modules/@vitest/runner/dist/index.js:915:26
    at file:///Users/macbook-dev/Documents/GitHub/tldw_server2/apps/node_modules/.bun/@vitest+runner@4.0.18/node_modules/@vitest/runner/dist/index.js:1243:20
    at new Promise (<anonymous>)
    at runWithTimeout (file:///Users/macbook-dev/Documents/GitHub/tldw_server2/apps/node_modules/.bun/@vitest+runner@4.0.18/node_modules/@vitest/runner/dist/index.js:1209:10)
    at file:///Users/macbook-dev/Documents/GitHub/tldw_server2/apps/node_modules/.bun/@vitest+runner@4.0.18/node_modules/@vitest/runner/dist/index.js:1653:37
    at Traces.$ (file:///Users/macbook-dev/Documents/GitHub/tldw_server2/apps/node_modules/.bun/vitest@4.0.18+08ee8852a9d25cb0/node_modules/vitest/dist/chunks/traces.CCmnQaNT.js:142:27)
    at trace (file:///Users/macbook-dev/Documents/GitHub/tldw_server2/apps/node_modules/.bun/vitest@4.0.18+08ee8852a9d25cb0/node_modules/vitest/dist/chunks/test.B8ej_ZHS.js:239:21)

stderr | ../packages/ui/src/hooks/chat/__tests__/useChatActions.character.integration.test.tsx > useChatActions character integration > forwards the confirmed assistant ID from degraded success to local persistence
Failed to persist assistant message via completions/persist: Error: Saved with validation warning
    at /Users/macbook-dev/Documents/GitHub/tldw_server2/apps/packages/ui/src/hooks/chat/__tests__/useChatActions.character.integration.test.tsx:844:23
    at file:///Users/macbook-dev/Documents/GitHub/tldw_server2/apps/node_modules/.bun/@vitest+runner@4.0.18/node_modules/@vitest/runner/dist/index.js:1026:60
    at file:///Users/macbook-dev/Documents/GitHub/tldw_server2/apps/node_modules/.bun/@vitest+runner@4.0.18/node_modules/@vitest/runner/dist/index.js:145:11
    at file:///Users/macbook-dev/Documents/GitHub/tldw_server2/apps/node_modules/.bun/@vitest+runner@4.0.18/node_modules/@vitest/runner/dist/index.js:915:26
    at file:///Users/macbook-dev/Documents/GitHub/tldw_server2/apps/node_modules/.bun/@vitest+runner@4.0.18/node_modules/@vitest/runner/dist/index.js:1243:20
    at new Promise (<anonymous>)
    at runWithTimeout (file:///Users/macbook-dev/Documents/GitHub/tldw_server2/apps/node_modules/.bun/@vitest+runner@4.0.18/node_modules/@vitest/runner/dist/index.js:1209:10)
    at file:///Users/macbook-dev/Documents/GitHub/tldw_server2/apps/node_modules/.bun/@vitest+runner@4.0.18/node_modules/@vitest/runner/dist/index.js:1653:37
    at Traces.$ (file:///Users/macbook-dev/Documents/GitHub/tldw_server2/apps/node_modules/.bun/vitest@4.0.18+08ee8852a9d25cb0/node_modules/vitest/dist/chunks/traces.CCmnQaNT.js:142:27)
    at trace (file:///Users/macbook-dev/Documents/GitHub/tldw_server2/apps/node_modules/.bun/vitest@4.0.18+08ee8852a9d25cb0/node_modules/vitest/dist/chunks/test.B8ej_ZHS.js:239:21) {
  status: 503,
  detail: {
    code: 'persist_validation_degraded',
    saved: true,
    assistant_message_id: 'fallback-assistant'
  }
}

 ✓ ../packages/ui/src/hooks/chat/__tests__/useChatActions.character.integration.test.tsx (47 tests) 153ms
 ✓ ../packages/ui/src/services/tldw/__tests__/TldwApiClient.request-scope.test.ts (35 tests) 7ms
 ✓ ../packages/ui/src/services/tldw/__tests__/service-prompt-scope-error.test.ts (57 tests) 4ms

 Test Files  3 passed (3)
      Tests  139 passed (139)
   Start at  12:36:51
   Duration  2.11s (transform 632ms, setup 185ms, import 1.06s, tests 165ms, environment 546ms)

