
 RUN  v4.0.18 /Users/macbook-dev/Documents/GitHub/tldw_server2/apps/tldw-frontend

 ❯ ../packages/ui/src/hooks/chat/__tests__/useChatActions.character.integration.test.tsx (44 tests | 10 failed | 34 skipped) 90ms
     × binds actual auth lease through Character transport: late-success 73ms
     × binds actual auth lease through Character transport: late-failure 2ms
     × binds actual auth lease through Character transport: partial-logout 2ms
     × binds actual auth lease through Character transport: caller-stop 2ms
     × binds actual auth lease through Character transport: same-owner 2ms
     × rejects late Character side effects after actual logout at prerequisite 2ms
     × rejects late Character side effects after actual logout at user-ack 1ms
     × rejects late Character side effects after actual logout at visual-identity 1ms
     × rejects late Character side effects after actual logout at persist-success 2ms
     × rejects late Character side effects after actual logout at persist-failure 2ms
     ↓ qualifies real Character stream lifetime without changing timeout policy: idle
     ↓ qualifies real Character stream lifetime without changing timeout policy: explicit-budget
     ↓ qualifies real Character stream lifetime without changing timeout policy: raw-progress
     ↓ qualifies real Character stream lifetime without changing timeout policy: caller-abort
     ↓ qualifies real Character stream lifetime without changing timeout policy: authority-abort
     ↓ maps an actual HTTP model-not-available failure and retries the same Character turn through real streaming transport
     ↓ retries failed complete-v2 in its original conversation with the greeting and user receipts intact
     ↓ UAT103 keeps a local source diagnostic Retry in the original character conversation
     ↓ retains server branching when regenerating actual assistant content: Complete reply
     ↓ retains server branching when regenerating actual assistant content: Partial reply after interruption
     ↓ retains server branching when regenerating actual assistant content: __tldw_error__:malformed
     ↓ forwards scoped current-chat controls through the real Character transport (sampling=0)
     ↓ forwards scoped current-chat controls through the real Character transport (sampling=0.5)
     ↓ omits unset controls from the real Character request after switching to an unconfigured model scope
     ↓ retains captured model controls while a pending Character user save outlives a settings-scope change
     ↓ does not publish recovered IDs or save an old owner's partial after the lease invalidates
     ↓ preserves closed reasoning as a recoverable tracked completion with acknowledged IDs
     ↓ preserves unclosed reasoning as a recoverable tracked completion with acknowledged IDs
     ↓ preserves structured reasoning as a recoverable tracked completion with acknowledged IDs
     ↓ forwards the confirmed assistant ID from fallback success to local persistence
     ↓ forwards the confirmed assistant ID from degraded success to local persistence
     ↓ keeps tracked character routing anchored to current chat metadata when global character state is stale
     ↓ rebinds a greeting to the newly created conversation after a failed session
     ↓ handles emote commands without sending chat
     ↓ uses manual visual identity override when resolving assistant message metadata
     ↓ does not let stale overlay assistant state override the active character chat
     ↓ honors an explicit tracked character switch over the current chat metadata
     ↓ reuses the latest store character chat when greeting persistence updates before the send closure
     ↓ uses the latest store character id when the hook prop still points at another character
     ↓ passes workspace scope through when creating a character-backed chat
     ↓ strips explicit streaming emote directives and persists emote events
     ↓ preserves explicit emote metadata when recovering a failed stream
     ↓ does not duplicate recovery persistence when saved-degraded includes emote metadata
     ↓ sends emote metadata when normal persist falls back to addChatMessage

⎯⎯⎯⎯⎯⎯ Failed Tests 10 ⎯⎯⎯⎯⎯⎯⎯

 FAIL  ../packages/ui/src/hooks/chat/__tests__/useChatActions.character.integration.test.tsx > useChatActions character integration > binds actual auth lease through Character transport: late-success
 FAIL  ../packages/ui/src/hooks/chat/__tests__/useChatActions.character.integration.test.tsx > useChatActions character integration > binds actual auth lease through Character transport: late-failure
 FAIL  ../packages/ui/src/hooks/chat/__tests__/useChatActions.character.integration.test.tsx > useChatActions character integration > binds actual auth lease through Character transport: partial-logout
 FAIL  ../packages/ui/src/hooks/chat/__tests__/useChatActions.character.integration.test.tsx > useChatActions character integration > binds actual auth lease through Character transport: caller-stop
 FAIL  ../packages/ui/src/hooks/chat/__tests__/useChatActions.character.integration.test.tsx > useChatActions character integration > binds actual auth lease through Character transport: same-owner
Error: Turn settled before opening: {"status":"failed","errorMessage":"__vite_ssr_import_3__.tldwClient.ensureConfigForRequest is not a function"}
 ❯ ../packages/ui/src/hooks/chat/__tests__/useChatActions.character.integration.test.tsx:397:198

 ❯ ../packages/ui/src/hooks/chat/__tests__/useChatActions.character.integration.test.tsx:397:139

⎯⎯⎯⎯⎯⎯⎯⎯⎯⎯⎯⎯⎯⎯⎯⎯⎯⎯⎯⎯⎯⎯⎯[1/10]⎯

 FAIL  ../packages/ui/src/hooks/chat/__tests__/useChatActions.character.integration.test.tsx > useChatActions character integration > rejects late Character side effects after actual logout at prerequisite
 FAIL  ../packages/ui/src/hooks/chat/__tests__/useChatActions.character.integration.test.tsx > useChatActions character integration > rejects late Character side effects after actual logout at user-ack
 FAIL  ../packages/ui/src/hooks/chat/__tests__/useChatActions.character.integration.test.tsx > useChatActions character integration > rejects late Character side effects after actual logout at visual-identity
 FAIL  ../packages/ui/src/hooks/chat/__tests__/useChatActions.character.integration.test.tsx > useChatActions character integration > rejects late Character side effects after actual logout at persist-success
 FAIL  ../packages/ui/src/hooks/chat/__tests__/useChatActions.character.integration.test.tsx > useChatActions character integration > rejects late Character side effects after actual logout at persist-failure
TypeError: Cannot read properties of null (reading 'scopeInvalidatedSignal')
 ❯ ../packages/ui/src/hooks/chat/__tests__/useChatActions.character.integration.test.tsx:467:40
    465|       let outcome: unknown
    466|       await act(async () => { outcome = await result.current.onSubmit(…
    467|       expect(actualAuthority.snapshot!.scopeInvalidatedSignal.aborted)…
       |                                        ^
    468|       expect(result.current.messages).toEqual([{ id: "bob-draft", isBo…
    469|       expect(saveLocalSuccessMock).not.toHaveBeenCalled()

⎯⎯⎯⎯⎯⎯⎯⎯⎯⎯⎯⎯⎯⎯⎯⎯⎯⎯⎯⎯⎯⎯⎯[2/10]⎯


 Test Files  1 failed (1)
      Tests  10 failed | 34 skipped (44)
   Start at  12:25:01
   Duration  1.62s (transform 669ms, setup 93ms, import 1.16s, tests 90ms, environment 212ms)

