
 RUN  v4.0.18 /Users/macbook-dev/Documents/GitHub/tldw_server2/apps/tldw-frontend

 ❯ ../packages/ui/src/hooks/chat/__tests__/useChatActions.character.integration.test.tsx (34 tests | 1 failed | 33 skipped) 92ms
     ↓ qualifies real Character stream lifetime without changing timeout policy: idle
     ↓ qualifies real Character stream lifetime without changing timeout policy: explicit-budget
     ↓ qualifies real Character stream lifetime without changing timeout policy: raw-progress
     ↓ qualifies real Character stream lifetime without changing timeout policy: caller-abort
     × qualifies real Character stream lifetime without changing timeout policy: authority-abort 91ms
     ↓ maps an actual HTTP model-not-available failure and retries the same Character turn through real streaming transport
     ↓ retries failed complete-v2 in its original conversation with the greeting and user receipts intact
     ↓ UAT103 keeps a local source diagnostic Retry in the original character conversation
     ↓ retains server branching when regenerating actual assistant content: Complete reply
     ↓ retains server branching when regenerating actual assistant content: Partial reply after interruption
     ↓ retains server branching when regenerating actual assistant content: __tldw_error__:malformed
     ↓ forwards scoped current-chat controls through the real Character transport (sampling=0)
     ↓ forwards scoped current-chat controls through the real Character transport (sampling=0.5)
     ↓ omits unset controls from the real Character request after switching to an unconfigured model scope
     ↓ retains captured model controls while a pending Character user save outlives a settings-scope change
     ↓ does not publish recovered IDs or save an old owner's partial after the lease invalidates
     ↓ preserves closed reasoning as a recoverable tracked completion with acknowledged IDs
     ↓ preserves unclosed reasoning as a recoverable tracked completion with acknowledged IDs
     ↓ preserves structured reasoning as a recoverable tracked completion with acknowledged IDs
     ↓ forwards the confirmed assistant ID from fallback success to local persistence
     ↓ forwards the confirmed assistant ID from degraded success to local persistence
     ↓ keeps tracked character routing anchored to current chat metadata when global character state is stale
     ↓ rebinds a greeting to the newly created conversation after a failed session
     ↓ handles emote commands without sending chat
     ↓ uses manual visual identity override when resolving assistant message metadata
     ↓ does not let stale overlay assistant state override the active character chat
     ↓ honors an explicit tracked character switch over the current chat metadata
     ↓ reuses the latest store character chat when greeting persistence updates before the send closure
     ↓ uses the latest store character id when the hook prop still points at another character
     ↓ passes workspace scope through when creating a character-backed chat
     ↓ strips explicit streaming emote directives and persists emote events
     ↓ preserves explicit emote metadata when recovering a failed stream
     ↓ does not duplicate recovery persistence when saved-degraded includes emote metadata
     ↓ sends emote metadata when normal persist falls back to addChatMessage

⎯⎯⎯⎯⎯⎯⎯ Failed Tests 1 ⎯⎯⎯⎯⎯⎯⎯

 FAIL  ../packages/ui/src/hooks/chat/__tests__/useChatActions.character.integration.test.tsx > useChatActions character integration > qualifies real Character stream lifetime without changing timeout policy: authority-abort
AssertionError: expected "vi.fn()" to not be called at all, but actually been called 1 times

Received: 

  1st vi.fn() call:

    Array [
      "tracked-chat-1",
      Object {
        "assistant_content": "Late Alice answer",
        "assistant_message_id": "lifetime-1",
        "mood_confidence": 0.2,
        "mood_label": "neutral",
        "mood_topic": "reply",
        "user_message_id": "user-server-1",
      },
      undefined,
    ]


Number of calls: 1

 ❯ ../packages/ui/src/hooks/chat/__tests__/useChatActions.character.integration.test.tsx:407:52
    405|         expect(persistCharacterCompletionMock).not.toHaveBeenCalled()
    406|       } else {
    407|         const budget = mode === "explicit-budget" ? 12_000 : 45_000
       |                                                    ^
    408|         await act(async () => { await vi.advanceTimersByTimeAsync(budg…
    409|         expect(aborted).not.toHaveBeenCalled()

⎯⎯⎯⎯⎯⎯⎯⎯⎯⎯⎯⎯⎯⎯⎯⎯⎯⎯⎯⎯⎯⎯⎯⎯[1/1]⎯


 Test Files  1 failed (1)
      Tests  1 failed | 33 skipped (34)
   Start at  12:14:00
   Duration  1.67s (transform 709ms, setup 101ms, import 1.19s, tests 92ms, environment 225ms)

