
 RUN  v4.0.18 /Users/macbook-dev/Documents/GitHub/tldw_server2/apps/tldw-frontend

(node:80293) ExperimentalWarning: localStorage is not available because --localstorage-file was not provided.
(Use `node --trace-warnings ...` to show where the warning was created)
(node:80295) ExperimentalWarning: localStorage is not available because --localstorage-file was not provided.
(Use `node --trace-warnings ...` to show where the warning was created)
(node:80294) ExperimentalWarning: localStorage is not available because --localstorage-file was not provided.
(Use `node --trace-warnings ...` to show where the warning was created)
(node:80292) ExperimentalWarning: localStorage is not available because --localstorage-file was not provided.
(Use `node --trace-warnings ...` to show where the warning was created)
 ✓ ../packages/ui/src/services/__tests__/flashcards.test.ts (10 tests) 4ms
 ✓ ../packages/ui/src/components/Flashcards/hooks/__tests__/useFlashcardQueries.cram-queue.test.tsx (3 tests) 170ms
Browserslist: browsers data (caniuse-lite) is 8 months old. Please run:
  npx update-browserslist-db@latest
  Why you should do it regularly: https://github.com/browserslist/update-db#readme
 ✓ ../packages/ui/src/components/Flashcards/tabs/__tests__/ReviewTab.cram-previews.test.tsx (6 tests) 947ms
     ✓ requests and displays the real scheduler label for rating +0  349ms
 ✓ ../packages/ui/src/components/Flashcards/tabs/__tests__/ReviewTab.cram-mode.test.tsx (20 tests) 1763ms

 Test Files  4 passed (4)
      Tests  39 passed (39)
   Start at  19:34:54
   Duration  3.05s (transform 1.12s, setup 348ms, import 2.02s, tests 2.88s, environment 911ms)
