✖ first SSE body delivery with terminal held: canonical-gzip (2766.620625ms)
ℹ {"case":"canonical-gzip","contentEncoding":"gzip","headersAfterMs":3,"readObservedAfterMs":2004,"firstRead":false,"terminalReleased":false}
✔ first SSE body delivery with terminal held: identity (4.127916ms)
ℹ {"case":"identity","contentEncoding":null,"headersAfterMs":3,"readObservedAfterMs":4,"firstRead":true,"terminalReleased":false}
✔ first SSE body delivery with terminal held: legacy-gzip-adverse (303.50775ms)
ℹ {"case":"legacy-gzip-adverse","contentEncoding":"gzip","headersAfterMs":2,"readObservedAfterMs":302,"firstRead":false,"terminalReleased":false}
ℹ tests 3
ℹ suites 0
ℹ pass 2
ℹ fail 1
ℹ cancelled 0
ℹ skipped 0
ℹ todo 0
ℹ duration_ms 4814.592209

✖ failing tests:

test at apps/tldw-frontend/scripts/__tests__/quickstart-proxy-timeout.test.mjs:209:3
✖ first SSE body delivery with terminal held: canonical-gzip (2766.620625ms)
  AssertionError [ERR_ASSERTION]: early SSE role bytes must arrive before upstream completion
      at TestContext.<anonymous> (file:///Users/macbook-dev/Documents/GitHub/tldw_server2/apps/tldw-frontend/scripts/__tests__/quickstart-proxy-timeout.test.mjs:228:16)
      at async Test.run (node:internal/test_runner/test:1088:7)
      at async startSubtestAfterBootstrap (node:internal/test_runner/harness:332:3) {
    generatedMessage: false,
    code: 'ERR_ASSERTION',
    actual: null,
    expected: true,
    operator: '==',
    diff: 'simple'
  }
