
 RUN  v4.0.18 /Users/macbook-dev/Documents/GitHub/tldw_server2/apps/tldw-frontend

(node:2082) ExperimentalWarning: localStorage is not available because --localstorage-file was not provided.
(Use `node --trace-warnings ...` to show where the warning was created)
(node:2080) ExperimentalWarning: localStorage is not available because --localstorage-file was not provided.
(Use `node --trace-warnings ...` to show where the warning was created)
(node:2083) ExperimentalWarning: localStorage is not available because --localstorage-file was not provided.
(Use `node --trace-warnings ...` to show where the warning was created)
(node:2081) ExperimentalWarning: localStorage is not available because --localstorage-file was not provided.
(Use `node --trace-warnings ...` to show where the warning was created)
(node:2079) ExperimentalWarning: localStorage is not available because --localstorage-file was not provided.
(Use `node --trace-warnings ...` to show where the warning was created)
(node:2084) ExperimentalWarning: localStorage is not available because --localstorage-file was not provided.
(Use `node --trace-warnings ...` to show where the warning was created)
 ✓ ../packages/ui/src/components/Flashcards/hooks/__tests__/useCreateDeckMutation.test.tsx (1 test) 8ms
 ✓ ../packages/ui/src/services/__tests__/flashcards.private-scope.test.ts (42 tests) 13ms
 ✓ ../packages/ui/src/components/Flashcards/hooks/__tests__/useFlashcardQueries.deck-reference.test.tsx (12 tests) 235ms
stderr | __tests__/flashcards-generated-save-errors.test.tsx > generation and saves through the real request and Next Pages error paths > keeps a generation claim-verification 422 inline, retains options, and allows another generation
[tldw:request] POST /api/v1/flashcards/generate 422 {"code":"claim_verification_failed","claimVerification":{"verdict":"failed","report":{"numerical_error_count":1,"claims":[{"claim_id":"flashcard:1:back:c1","claim_text":"The trial response rate was 90%.","status":"numerical_error","confidence":0.85}]},"unitResults":[{"unit_id":"flashcard:1:back","verdict":"failed","statuses":["numerical_error"]}]}}

stderr | __tests__/flashcards-generated-save-errors.test.tsx > generation and saves through the real request and Next Pages error paths > keeps a generation claim-verification 422 inline, retains options, and allows another generation
Failed to generate flashcards: Error: {"code":"claim_verification_failed","claimVerification":{"verdict":"failed","report":{"numerical_error_count":1,"claims":[{"claim_id":"flashcard:1:back:c1","claim_text":"The trial response rate was 90%.","status":"numerical_error","confidence":0.85}]},"unitResults":[{"unit_id":"flashcard:1:back","verdict":"failed","statuses":["numerical_error"]}]}} (POST /api/v1/flashcards/generate)
    at buildRequestError (/Users/macbook-dev/Documents/GitHub/tldw_server2/apps/packages/ui/src/services/background-proxy.ts:1054:19)
    at handleFailedResponse (/Users/macbook-dev/Documents/GitHub/tldw_server2/apps/packages/ui/src/services/background-proxy.ts:1200:28)
    at runNextTicks (node:internal/process/task_queues:65:5)
    at processTimers (node:internal/timers:538:9)
    at bgRequestImpl (/Users/macbook-dev/Documents/GitHub/tldw_server2/apps/packages/ui/src/services/background-proxy.ts:1445:21)
    at generateFlashcards (/Users/macbook-dev/Documents/GitHub/tldw_server2/apps/packages/ui/src/services/flashcards.ts:1003:10) {
  status: 422,
  details: {
    detail: { code: 'claim_verification_failed', claimVerification: [Object] }
  },
  headers: { 'content-type': 'application/json' },
  retryAfterMs: null
}

stderr | __tests__/flashcards-generated-save-errors.test.tsx > generation and saves through the real request and Next Pages error paths > keeps a deck HTTP 409 save failure inline and retries the edited draft
[tldw:request] POST /api/v1/flashcards/decks 409 Failed to create deck

stderr | __tests__/flashcards-generated-save-errors.test.tsx > generation and saves through the real request and Next Pages error paths > keeps a deck HTTP 409 save failure inline and retries the edited draft
Failed to create deck: Error: Failed to create deck (POST /api/v1/flashcards/decks)
    at buildRequestError (/Users/macbook-dev/Documents/GitHub/tldw_server2/apps/packages/ui/src/services/background-proxy.ts:1054:19)
    at handleFailedResponse (/Users/macbook-dev/Documents/GitHub/tldw_server2/apps/packages/ui/src/services/background-proxy.ts:1200:28)
    at bgRequestImpl (/Users/macbook-dev/Documents/GitHub/tldw_server2/apps/packages/ui/src/services/background-proxy.ts:1445:21) {
  status: 409,
  details: { detail: 'Failed to create deck' },
  headers: { 'content-type': 'application/json' },
  retryAfterMs: null
}

 ✓ ../packages/ui/src/components/Flashcards/tabs/__tests__/GeneratePanel.deck-recovery.test.tsx (11 tests) 1506ms
     ✓ recovers via visible Retry and saves the edited draft with its original account and source  408ms
stderr | __tests__/flashcards-generated-save-errors.test.tsx > generation and saves through the real request and Next Pages error paths > keeps a deck HTTP 500 save failure inline and retries the edited draft
[tldw:request] POST /api/v1/flashcards/decks 500 Failed to create deck

stderr | __tests__/flashcards-generated-save-errors.test.tsx > generation and saves through the real request and Next Pages error paths > keeps a deck HTTP 500 save failure inline and retries the edited draft
Failed to create deck: Error: Failed to create deck (POST /api/v1/flashcards/decks)
    at buildRequestError (/Users/macbook-dev/Documents/GitHub/tldw_server2/apps/packages/ui/src/services/background-proxy.ts:1054:19)
    at handleFailedResponse (/Users/macbook-dev/Documents/GitHub/tldw_server2/apps/packages/ui/src/services/background-proxy.ts:1200:28)
    at bgRequestImpl (/Users/macbook-dev/Documents/GitHub/tldw_server2/apps/packages/ui/src/services/background-proxy.ts:1445:21) {
  status: 500,
  details: { detail: 'Failed to create deck' },
  headers: { 'content-type': 'application/json' },
  retryAfterMs: null
}

stderr | __tests__/flashcards-generated-save-errors.test.tsx > generation and saves through the real request and Next Pages error paths > keeps a card HTTP 422 save failure inline and retries the edited draft
[tldw:request] POST /api/v1/flashcards 422 Failed to create flashcard

stderr | __tests__/flashcards-generated-save-errors.test.tsx > generation and saves through the real request and Next Pages error paths > keeps a card HTTP 422 save failure inline and retries the edited draft
Failed to create flashcard: Error: Failed to create flashcard (POST /api/v1/flashcards)
    at buildRequestError (/Users/macbook-dev/Documents/GitHub/tldw_server2/apps/packages/ui/src/services/background-proxy.ts:1054:19)
    at handleFailedResponse (/Users/macbook-dev/Documents/GitHub/tldw_server2/apps/packages/ui/src/services/background-proxy.ts:1200:28)
    at bgRequestImpl (/Users/macbook-dev/Documents/GitHub/tldw_server2/apps/packages/ui/src/services/background-proxy.ts:1445:21) {
  status: 422,
  details: { detail: 'Failed to create flashcard' },
  headers: { 'content-type': 'application/json' },
  retryAfterMs: null
}

stderr | __tests__/flashcards-generated-save-errors.test.tsx > generation and saves through the real request and Next Pages error paths > keeps a card HTTP 500 save failure inline and retries the edited draft
[tldw:request] POST /api/v1/flashcards 500 Failed to create flashcard

stderr | __tests__/flashcards-generated-save-errors.test.tsx > generation and saves through the real request and Next Pages error paths > keeps a card HTTP 500 save failure inline and retries the edited draft
Failed to create flashcard: Error: Failed to create flashcard (POST /api/v1/flashcards)
    at buildRequestError (/Users/macbook-dev/Documents/GitHub/tldw_server2/apps/packages/ui/src/services/background-proxy.ts:1054:19)
    at handleFailedResponse (/Users/macbook-dev/Documents/GitHub/tldw_server2/apps/packages/ui/src/services/background-proxy.ts:1200:28)
    at bgRequestImpl (/Users/macbook-dev/Documents/GitHub/tldw_server2/apps/packages/ui/src/services/background-proxy.ts:1445:21) {
  status: 500,
  details: { detail: 'Failed to create flashcard' },
  headers: { 'content-type': 'application/json' },
  retryAfterMs: null
}

 ✓ ../packages/ui/src/components/Flashcards/tabs/__tests__/ImportExportTab.deck-creation.test.tsx (5 tests) 2004ms
     ✓ creates a new structured-import deck with scheduler settings from the selector flow  1195ms
     ✓ creates a new generated-cards deck with scheduler settings from the selector flow  536ms
stderr | __tests__/flashcards-generated-save-errors.test.tsx > generation and saves through the real request and Next Pages error paths > preserves the deck programming error rejection and Next diagnostic
Failed to create deck: TypeError: Cannot read properties of null (reading 'trim')
    at Object.mutationFn (/Users/macbook-dev/Documents/GitHub/tldw_server2/apps/packages/ui/src/components/Flashcards/hooks/useFlashcardQueries.ts:762:27)
    at Object.fn (file:///Users/macbook-dev/Documents/GitHub/tldw_server2/apps/node_modules/.bun/@tanstack+query-core@5.90.20/node_modules/@tanstack/query-core/build/modern/mutation.js:74:29)
    at run (file:///Users/macbook-dev/Documents/GitHub/tldw_server2/apps/node_modules/.bun/@tanstack+query-core@5.90.20/node_modules/@tanstack/query-core/build/modern/retryer.js:77:49)
    at Object.start (file:///Users/macbook-dev/Documents/GitHub/tldw_server2/apps/node_modules/.bun/@tanstack+query-core@5.90.20/node_modules/@tanstack/query-core/build/modern/retryer.js:119:9)
    at Mutation.execute (file:///Users/macbook-dev/Documents/GitHub/tldw_server2/apps/node_modules/.bun/@tanstack+query-core@5.90.20/node_modules/@tanstack/query-core/build/modern/mutation.js:115:40)
    at /Users/macbook-dev/Documents/GitHub/tldw_server2/apps/tldw-frontend/__tests__/flashcards-generated-save-errors.test.tsx:238:33

stderr | __tests__/flashcards-generated-save-errors.test.tsx > generation and saves through the real request and Next Pages error paths > preserves the card programming error rejection and Next diagnostic
Failed to create flashcard: TypeError: Invalid draft getter
    at Object.get front [as front] (/Users/macbook-dev/Documents/GitHub/tldw_server2/apps/tldw-frontend/__tests__/flashcards-generated-save-errors.test.tsx:240:84)
    at Object.mutationFn (/Users/macbook-dev/Documents/GitHub/tldw_server2/apps/packages/ui/src/components/Flashcards/hooks/useFlashcardQueries.ts:714:39)
    at Object.fn (file:///Users/macbook-dev/Documents/GitHub/tldw_server2/apps/node_modules/.bun/@tanstack+query-core@5.90.20/node_modules/@tanstack/query-core/build/modern/mutation.js:74:29)
    at run (file:///Users/macbook-dev/Documents/GitHub/tldw_server2/apps/node_modules/.bun/@tanstack+query-core@5.90.20/node_modules/@tanstack/query-core/build/modern/retryer.js:77:49)
    at Object.start (file:///Users/macbook-dev/Documents/GitHub/tldw_server2/apps/node_modules/.bun/@tanstack+query-core@5.90.20/node_modules/@tanstack/query-core/build/modern/retryer.js:119:9)
    at Mutation.execute (file:///Users/macbook-dev/Documents/GitHub/tldw_server2/apps/node_modules/.bun/@tanstack+query-core@5.90.20/node_modules/@tanstack/query-core/build/modern/mutation.js:115:40)
    at /Users/macbook-dev/Documents/GitHub/tldw_server2/apps/tldw-frontend/__tests__/flashcards-generated-save-errors.test.tsx:240:16

stderr | __tests__/flashcards-generated-save-errors.test.tsx > generation and saves through the real request and Next Pages error paths > preserves the generation programming error rejection and Next diagnostic
Failed to generate flashcards: TypeError: Invalid source getter
    at Object.get text [as text] (/Users/macbook-dev/Documents/GitHub/tldw_server2/apps/tldw-frontend/__tests__/flashcards-generated-save-errors.test.tsx:239:117)
    at Object.mutationFn (/Users/macbook-dev/Documents/GitHub/tldw_server2/apps/packages/ui/src/components/Flashcards/hooks/useFlashcardQueries.ts:1058:22)
    at Object.fn (file:///Users/macbook-dev/Documents/GitHub/tldw_server2/apps/node_modules/.bun/@tanstack+query-core@5.90.20/node_modules/@tanstack/query-core/build/modern/mutation.js:74:29)
    at run (file:///Users/macbook-dev/Documents/GitHub/tldw_server2/apps/node_modules/.bun/@tanstack+query-core@5.90.20/node_modules/@tanstack/query-core/build/modern/retryer.js:77:49)
    at Object.start (file:///Users/macbook-dev/Documents/GitHub/tldw_server2/apps/node_modules/.bun/@tanstack+query-core@5.90.20/node_modules/@tanstack/query-core/build/modern/retryer.js:119:9)
    at Mutation.execute (file:///Users/macbook-dev/Documents/GitHub/tldw_server2/apps/node_modules/.bun/@tanstack+query-core@5.90.20/node_modules/@tanstack/query-core/build/modern/mutation.js:115:40)
    at /Users/macbook-dev/Documents/GitHub/tldw_server2/apps/tldw-frontend/__tests__/flashcards-generated-save-errors.test.tsx:239:44

 ✓ __tests__/flashcards-generated-save-errors.test.tsx (8 tests) 2782ms
     ✓ keeps a generation claim-verification 422 inline, retains options, and allows another generation  848ms
     ✓ keeps a deck HTTP 409 save failure inline and retries the edited draft  505ms
     ✓ keeps a deck HTTP 500 save failure inline and retries the edited draft  486ms
     ✓ keeps a card HTTP 422 save failure inline and retries the edited draft  467ms
     ✓ keeps a card HTTP 500 save failure inline and retries the edited draft  470ms

 Test Files  6 passed (6)
      Tests  79 passed (79)
   Start at  16:54:21
   Duration  3.80s (transform 1.29s, setup 658ms, import 2.89s, tests 6.55s, environment 1.40s)
