
 RUN  v4.0.18 /Users/macbook-dev/Documents/GitHub/tldw_server2/apps/tldw-frontend

(node:63417) ExperimentalWarning: localStorage is not available because --localstorage-file was not provided.
(Use `node --trace-warnings ...` to show where the warning was created)
stdout | ../packages/ui/src/components/Option/Playground/__tests__/PlaygroundForm.openui-mode.test.tsx > Home source handoff through the real Chat and RAG send boundary > restores source activation through cold persistence and Send (prior retrieval failure=false)
Using ragMode

stdout | ../packages/ui/src/components/Option/Playground/__tests__/PlaygroundForm.openui-mode.test.tsx > Home source handoff through the real Chat and RAG send boundary > restores source activation through cold persistence and Send (prior retrieval failure=true)
Using ragMode

stdout | ../packages/ui/src/components/Option/Playground/__tests__/PlaygroundForm.openui-mode.test.tsx > Home source handoff through the real Chat and RAG send boundary > restores source activation through cold persistence and Send (prior retrieval failure=true)
Using ragMode

stdout | ../packages/ui/src/components/Option/Playground/__tests__/PlaygroundForm.openui-mode.test.tsx > Home source handoff through the real Chat and RAG send boundary > keeps explicit-false retrieval disabled after cold rehydrate
Using normalChatMode

stdout | ../packages/ui/src/components/Option/Playground/__tests__/PlaygroundForm.openui-mode.test.tsx > Home source handoff through the real Chat and RAG send boundary > keeps legacy-missing retrieval disabled after cold rehydrate
Using normalChatMode

 ✓ ../packages/ui/src/components/Option/Playground/__tests__/PlaygroundForm.openui-mode.test.tsx (35 tests | 29 skipped) 1512ms
     ✓ restores source activation through cold persistence and Send (prior retrieval failure=false)  401ms
     ✓ restores source activation through cold persistence and Send (prior retrieval failure=true)  301ms

 Test Files  1 passed (1)
      Tests  6 passed | 29 skipped (35)
   Start at  14:47:02
   Duration  3.12s (transform 934ms, setup 103ms, import 1.15s, tests 1.51s, environment 256ms)
