
 RUN  v4.0.18 /Users/macbook-dev/Documents/GitHub/tldw_server2/apps/tldw-frontend

(node:63748) ExperimentalWarning: localStorage is not available because --localstorage-file was not provided.
(Use `node --trace-warnings ...` to show where the warning was created)
(node:63747) ExperimentalWarning: localStorage is not available because --localstorage-file was not provided.
(Use `node --trace-warnings ...` to show where the warning was created)
(node:63746) ExperimentalWarning: localStorage is not available because --localstorage-file was not provided.
(Use `node --trace-warnings ...` to show where the warning was created)
(node:63749) ExperimentalWarning: localStorage is not available because --localstorage-file was not provided.
(Use `node --trace-warnings ...` to show where the warning was created)
 ✓ ../packages/ui/src/hooks/__tests__/playground-session-restore.test.ts (6 tests) 2ms
 ✓ ../packages/ui/src/store/__tests__/playground-session-store.test.ts (4 tests) 3ms
stdout | ../packages/ui/src/components/Option/Playground/__tests__/PlaygroundForm.openui-mode.test.tsx > Home source handoff through the real Chat and RAG send boundary > restores source activation through cold persistence and Send (prior retrieval failure=false)
Using ragMode

stdout | ../packages/ui/src/components/Option/Playground/__tests__/PlaygroundForm.openui-mode.test.tsx > Home source handoff through the real Chat and RAG send boundary > restores source activation through cold persistence and Send (prior retrieval failure=true)
Using ragMode

stdout | ../packages/ui/src/components/Option/Playground/__tests__/PlaygroundForm.openui-mode.test.tsx > Home source handoff through the real Chat and RAG send boundary > restores source activation through cold persistence and Send (prior retrieval failure=true)
Using ragMode

 ✓ ../packages/ui/src/hooks/__tests__/usePlaygroundSessionPersistence.test.tsx (10 tests) 870ms
stdout | ../packages/ui/src/components/Option/Playground/__tests__/PlaygroundForm.openui-mode.test.tsx > Home source handoff through the real Chat and RAG send boundary > keeps explicit-false retrieval disabled after cold rehydrate
Using normalChatMode

stdout | ../packages/ui/src/components/Option/Playground/__tests__/PlaygroundForm.openui-mode.test.tsx > Home source handoff through the real Chat and RAG send boundary > keeps legacy-missing retrieval disabled after cold rehydrate
Using normalChatMode

stdout | ../packages/ui/src/components/Option/Playground/__tests__/PlaygroundForm.openui-mode.test.tsx > Home source handoff through the real Chat and RAG send boundary > preserves a newer explicit retrieval toggle off before-restore
Using normalChatMode

stdout | ../packages/ui/src/components/Option/Playground/__tests__/PlaygroundForm.openui-mode.test.tsx > Home source handoff through the real Chat and RAG send boundary > preserves a newer explicit retrieval toggle off during-restore
Using normalChatMode

stdout | ../packages/ui/src/components/Option/Playground/__tests__/PlaygroundForm.openui-mode.test.tsx > Home source handoff through the real Chat and RAG send boundary > retrieves Rowan before generation with old Cedar history ('restore-first', prior source=false)
Using ragMode

stdout | ../packages/ui/src/components/Option/Playground/__tests__/PlaygroundForm.openui-mode.test.tsx > Home source handoff through the real Chat and RAG send boundary > retrieves Rowan before generation with old Cedar history ('handoff-first', prior source=false)
Using ragMode

stdout | ../packages/ui/src/components/Option/Playground/__tests__/PlaygroundForm.openui-mode.test.tsx > Home source handoff through the real Chat and RAG send boundary > retrieves Rowan before generation with old Cedar history ('restore-first', prior source=true)
Using ragMode

stdout | ../packages/ui/src/components/Option/Playground/__tests__/PlaygroundForm.openui-mode.test.tsx > Home source handoff through the real Chat and RAG send boundary > retrieves Rowan before generation with old Cedar history ('handoff-first', prior source=true)
Using ragMode

stdout | ../packages/ui/src/components/Option/Playground/__tests__/PlaygroundForm.openui-mode.test.tsx > Home source handoff through the real Chat and RAG send boundary > retrieves Rowan before generation with old Cedar history ('handoff-before-restore', prior source=true)
Using ragMode

stdout | ../packages/ui/src/components/Option/Playground/__tests__/PlaygroundForm.openui-mode.test.tsx > Home source handoff through the real Chat and RAG send boundary > does not generate from the old conversation after empty selected-source retrieval
Using ragMode

stdout | ../packages/ui/src/components/Option/Playground/__tests__/PlaygroundForm.openui-mode.test.tsx > Home source handoff through the real Chat and RAG send boundary > does not generate from the old conversation after error selected-source retrieval
Using ragMode

stdout | ../packages/ui/src/components/Option/Playground/__tests__/PlaygroundForm.openui-mode.test.tsx > Home source handoff through the real Chat and RAG send boundary > keeps a full-content ordinary handoff on the ordinary path
Using normalChatMode

stdout | ../packages/ui/src/components/Option/Playground/__tests__/PlaygroundForm.openui-mode.test.tsx > Home source handoff through the real Chat and RAG send boundary > does not publish a late source answer after the captured request authority is invalidated
Using ragMode

stdout | ../packages/ui/src/components/Option/Playground/__tests__/PlaygroundForm.openui-mode.test.tsx > Home source handoff through the real Chat and RAG send boundary > preserves an accepted same-value Rowan handoff before-restore
Using ragMode

stdout | ../packages/ui/src/components/Option/Playground/__tests__/PlaygroundForm.openui-mode.test.tsx > Home source handoff through the real Chat and RAG send boundary > preserves an accepted same-value Rowan handoff during-restore
Using ragMode

stdout | ../packages/ui/src/components/Option/Playground/__tests__/PlaygroundForm.openui-mode.test.tsx > Home source handoff through the real Chat and RAG send boundary > preserves an accepted same-value ordinary handoff before-restore
Using normalChatMode

stdout | ../packages/ui/src/components/Option/Playground/__tests__/PlaygroundForm.openui-mode.test.tsx > Home source handoff through the real Chat and RAG send boundary > preserves an accepted same-value ordinary handoff during-restore
Using normalChatMode

stdout | ../packages/ui/src/components/Option/Playground/__tests__/PlaygroundForm.openui-mode.test.tsx > Home source handoff through the real Chat and RAG send boundary > preserves accepted source intent through Rowan to Cedar to Rowan while restore is pending
Using ragMode

stdout | ../packages/ui/src/components/Option/Playground/__tests__/PlaygroundForm.openui-mode.test.tsx > Home source handoff through the real Chat and RAG send boundary > hydrates the real localStorage session synchronously before the handoff owner mounts
Using ragMode

 ✓ ../packages/ui/src/components/Option/Playground/__tests__/PlaygroundForm.openui-mode.test.tsx (37 tests) 4163ms
     ✓ restores source activation through cold persistence and Send (prior retrieval failure=false)  393ms
     ✓ restores source activation through cold persistence and Send (prior retrieval failure=true)  326ms
     ✓ preserves a newer explicit retrieval toggle off during-restore  309ms

 Test Files  4 passed (4)
      Tests  57 passed (57)
   Start at  14:48:21
   Duration  5.73s (transform 1.51s, setup 412ms, import 2.50s, tests 5.04s, environment 979ms)
