
 RUN  v4.0.18 /Users/macbook-dev/Documents/GitHub/tldw_server2/apps/packages/ui

(node:91919) ExperimentalWarning: localStorage is not available because --localstorage-file was not provided.
(Use `node --trace-warnings ...` to show where the warning was created)
 ❯ src/models/__tests__/ChatTldw.image-input.test.ts (15 tests | 8 failed) 10ms
     × blocks image send and Retry before either transport when capability is false 4ms
     × blocks image send and Retry before either transport when capability is undefined 1ms
     × keeps image-only formatter input and blocks an unsupported model: ordinary 1ms
     × keeps image-only formatter input and blocks an unsupported model: custom_model-abcd-abcd-abc-abcd 0ms
     ✓ preserves supported image/png payload exactly in stream and invoke 0ms
     ✓ preserves supported image/jpeg payload exactly in stream and invoke 0ms
     ✓ preserves supported image/webp payload exactly in stream and invoke 0ms
     ✓ preserves supported image-only input through the real custom formatter 0ms
     × blocks images in restored history even when the new question is text-only 1ms
     ✓ allows an explicit OCR conversion without enabling image support or mutating original input 0ms
     ✓ keeps ordinary text-only input available with unknown capabilities 0ms
     × uses the actual model factory to block unconfirmed vision: no-vision 1ms
     × uses the actual model factory to block unconfirmed vision: missing-model 0ms
     × uses the actual model factory to block unconfirmed vision: catalog-failure 0ms
     ✓ uses catalog-confirmed vision through the actual model factory 0ms
(node:91930) ExperimentalWarning: localStorage is not available because --localstorage-file was not provided.
(Use `node --trace-warnings ...` to show where the warning was created)
 ❯ src/utils/__tests__/chat-error-message.test.ts (3 tests | 1 failed) 4ms
     × offers model selection for unconfirmed image support without blaming the server 3ms
     ✓ routes unavailable-model errors to the compact model selector 0ms
     ✓ routes empty model responses to the compact model selector 0ms

⎯⎯⎯⎯⎯⎯⎯ Failed Tests 9 ⎯⎯⎯⎯⎯⎯⎯

 FAIL  src/models/__tests__/ChatTldw.image-input.test.ts > image input at the real formatter and model boundary > blocks image send and Retry before either transport when capability is false
 FAIL  src/models/__tests__/ChatTldw.image-input.test.ts > image input at the real formatter and model boundary > blocks image send and Retry before either transport when capability is undefined
AssertionError: promise resolved "AsyncGenerator{}" instead of rejecting

- Expected
+ Received

- Error {
-   "message": "rejected promise",
- }
+ {}

 ❯ src/models/__tests__/ChatTldw.image-input.test.ts:52:41
     50|     const original = structuredClone(message.content)
     51|     const model = new ChatTldw({ model: "unconfirmed", supportsMultimo…
     52|     await expect(model.stream([message])).rejects.toThrow(/image suppo…
       |                                         ^
     53|     await expect(model.invoke([message])).rejects.toThrow(/image suppo…
     54|     expect(mocks.streamMessage).not.toHaveBeenCalled()

⎯⎯⎯⎯⎯⎯⎯⎯⎯⎯⎯⎯⎯⎯⎯⎯⎯⎯⎯⎯⎯⎯⎯⎯[1/9]⎯

 FAIL  src/models/__tests__/ChatTldw.image-input.test.ts > image input at the real formatter and model boundary > keeps image-only formatter input and blocks an unsupported model: ordinary
 FAIL  src/models/__tests__/ChatTldw.image-input.test.ts > image input at the real formatter and model boundary > keeps image-only formatter input and blocks an unsupported model: custom_model-abcd-abcd-abc-abcd
AssertionError: promise resolved "AsyncGenerator{}" instead of rejecting

- Expected
+ Received

- Error {
-   "message": "rejected promise",
- }
+ {}

 ❯ src/models/__tests__/ChatTldw.image-input.test.ts:62:68
     60|     const message = await format("", modelId)
     61|     expect(message.content).toEqual([{ type: "text", text: "" }, { typ…
     62|     await expect(new ChatTldw({ model: modelId }).stream([message])).r…
       |                                                                    ^
     63|     expect(mocks.streamMessage).not.toHaveBeenCalled()
     64|   })

⎯⎯⎯⎯⎯⎯⎯⎯⎯⎯⎯⎯⎯⎯⎯⎯⎯⎯⎯⎯⎯⎯⎯⎯[2/9]⎯

 FAIL  src/models/__tests__/ChatTldw.image-input.test.ts > image input at the real formatter and model boundary > blocks images in restored history even when the new question is text-only
AssertionError: promise resolved "{ content: 'Answer' }" instead of rejecting

- Expected
+ Received

- Error {
-   "message": "rejected promise",
+ {
+   "content": "Answer",
  }

 ❯ src/models/__tests__/ChatTldw.image-input.test.ts:86:81
     84|     const history = generateHistory([{ role: "user", content: "Earlier…
     85|     const text = await humanMessageFormatter({ content: "Follow-up", m…
     86|     await expect(new ChatTldw({ model: "text-only" }).invoke([...histo…
       |                                                                                 ^
     87|     expect(mocks.sendMessage).not.toHaveBeenCalled()
     88|   })

⎯⎯⎯⎯⎯⎯⎯⎯⎯⎯⎯⎯⎯⎯⎯⎯⎯⎯⎯⎯⎯⎯⎯⎯[3/9]⎯

 FAIL  src/models/__tests__/ChatTldw.image-input.test.ts > image input at the real formatter and model boundary > uses the actual model factory to block unconfirmed vision: no-vision
 FAIL  src/models/__tests__/ChatTldw.image-input.test.ts > image input at the real formatter and model boundary > uses the actual model factory to block unconfirmed vision: missing-model
 FAIL  src/models/__tests__/ChatTldw.image-input.test.ts > image input at the real formatter and model boundary > uses the actual model factory to block unconfirmed vision: catalog-failure
AssertionError: promise resolved "{ content: 'Answer' }" instead of rejecting

- Expected
+ Received

- Error {
-   "message": "rejected promise",
+ {
+   "content": "Answer",
  }

 ❯ src/models/__tests__/ChatTldw.image-input.test.ts:107:48
    105|     if (state === "catalog-failure") mocks.getModel.mockRejectedValue(…
    106|     const model = await pageAssistModel({ model: "local", saveToDb: fa…
    107|     await expect(model.invoke([await format()])).rejects.toThrow(/imag…
       |                                                ^
    108|     expect(mocks.sendMessage).not.toHaveBeenCalled()
    109|   })

⎯⎯⎯⎯⎯⎯⎯⎯⎯⎯⎯⎯⎯⎯⎯⎯⎯⎯⎯⎯⎯⎯⎯⎯[4/9]⎯

 FAIL  src/utils/__tests__/chat-error-message.test.ts > chat error message recovery actions > offers model selection for unconfirmed image support without blaming the server
AssertionError: expected null to match object { …(4) }

- Expected: 
{
  "hint": "Choose a model that supports images, or remove the image before sending.",
  "recoveryAction": "open-model-selector",
  "recoveryLabel": "Choose another model",
  "summary": "Image support is not confirmed for this model.",
}

+ Received: 
null

 ❯ src/utils/__tests__/chat-error-message.test.ts:11:70
      9|   it("offers model selection for unconfirmed image support without bla…
     10|     const error = new Error("image_support_unconfirmed: Image support …
     11|     expect(decodeChatErrorPayload(buildFriendlyErrorMessage(error))).t…
       |                                                                      ^
     12|       summary: "Image support is not confirmed for this model.",
     13|       hint: "Choose a model that supports images, or remove the image …

⎯⎯⎯⎯⎯⎯⎯⎯⎯⎯⎯⎯⎯⎯⎯⎯⎯⎯⎯⎯⎯⎯⎯⎯[5/9]⎯


 Test Files  2 failed (2)
      Tests  9 failed | 9 passed (18)
   Start at  00:05:42
   Duration  1.45s (transform 288ms, setup 189ms, import 345ms, tests 14ms, environment 685ms)

