
 RUN  v4.0.18 /Users/macbook-dev/Documents/GitHub/tldw_server2/apps/tldw-frontend

(node:12882) ExperimentalWarning: localStorage is not available because --localstorage-file was not provided.
(Use `node --trace-warnings ...` to show where the warning was created)
 ❯ ../packages/ui/src/components/Option/Settings/__tests__/tldw.cookie-logout.test.tsx (31 tests | 2 failed | 24 skipped) 143ms
     ↓ restores a clean manual single-user form after cookie-only logout
     ↓ tests an unverified authenticated session without profile permissions and defaults to password login
     ↓ does not load or render billing when the server does not advertise it
     ↓ does not send a saved login to an edited foreign server URL
     ↓ loads billing only after all billing read routes are advertised
       × skips unsupported same-origin quickstart discovery with suffix '' 85ms
       × skips unsupported same-origin quickstart discovery with suffix '/' 19ms
       ✓ keeps same-origin advanced-mode discovery when the backend advertises Billing 9ms
       ✓ treats a direct-backend 404 as absent optional Billing without repeated probes 5ms
       ✓ aborts a pending capability request on logout and ignores its late advertised result 17ms
       ✓ aborts a pending capability request when Settings unmounts 3ms
       ✓ aborts an unresponsive capability request after five seconds 4ms
     ↓ describes rejected multi-user sessions without calling them invalid API keys
       ↓ tracks ordinary same-tab login and logout without replacing unsaved fields
       ↓ tracks ordinary cross-tab login and logout without replacing unsaved fields
       ↓ tracks ordinary config-event login and logout without replacing unsaved fields
       ↓ uses actual storage rather than a stale cached signed-in client config
       ↓ recovers after exact-pair same-tab rotation while the raw pair stays invalidated
       ↓ recovers after exact-pair cross-tab rotation while the raw pair stays invalidated
       ↓ observes same-tab exact-pair invalidation
       ↓ observes cross-tab exact-pair invalidation
       ↓ observes storage-only exact-pair invalidation
       ↓ does not treat a foreign server login as authentication for the displayed server
       ↓ keeps valid offline authentication
       ↓ ignores a delayed signed-in read across A-to-B-to-A account changes
       ↓ ignores a delayed signed-in read across A-to-B-to-A server changes
       ↓ revalidates an edited target and ignores an earlier pending auth read
       ↓ revalidates cookie ownership without reloading the form
       ↓ cleans up storage and window subscriptions under StrictMode
       ↓ does not let an older initial load replace fields edited after StrictMode setup
       ↓ supports extension-style boolean watch results and removes obsolete marker subscriptions

⎯⎯⎯⎯⎯⎯⎯ Failed Tests 2 ⎯⎯⎯⎯⎯⎯⎯

 FAIL  ../packages/ui/src/components/Option/Settings/__tests__/tldw.cookie-logout.test.tsx > TldwSettings cookie logout > billing OpenAPI discovery routing > skips unsupported same-origin quickstart discovery with suffix ''
 FAIL  ../packages/ui/src/components/Option/Settings/__tests__/tldw.cookie-logout.test.tsx > TldwSettings cookie logout > billing OpenAPI discovery routing > skips unsupported same-origin quickstart discovery with suffix '/'
AssertionError: expected "vi.fn()" to not be called at all, but actually been called 1 times

Received:

  1st vi.fn() call:

    Array [
      "http://localhost:3000/openapi.json",
      Object {
        "signal": AbortSignal {
          Symbol(kEvents): Map {},
          Symbol(events.maxEventTargetListeners): 0,
          Symbol(events.maxEventTargetListenersWarned): false,
          Symbol(kHandlers): Map {},
          Symbol(kAborted): false,
          Symbol(kReason): undefined,
          Symbol(kComposite): false,
        },
      },
    ]


Number of calls: 1

 ❯ ../packages/ui/src/components/Option/Settings/__tests__/tldw.cookie-logout.test.tsx:316:25
    314|       fireEvent.click(screen.getByRole("button", { name: "Test connect…
    315|       await waitFor(() => expect(screen.getByTestId("connection-status…
    316|       expect(probe).not.toHaveBeenCalled()
       |                         ^
    317|       noBilling()
    318|     })

⎯⎯⎯⎯⎯⎯⎯⎯⎯⎯⎯⎯⎯⎯⎯⎯⎯⎯⎯⎯⎯⎯⎯⎯[1/2]⎯


 Test Files  1 failed (1)
      Tests  2 failed | 5 passed | 24 skipped (31)
   Start at  04:52:26
   Duration  1.13s (transform 445ms, setup 99ms, import 523ms, tests 143ms, environment 264ms)
