============================= test session starts ==============================
platform darwin -- Python 3.11.13, pytest-8.4.1, pluggy-1.6.0
benchmark: 5.2.3 (defaults: timer=time.perf_counter disable_gc=False min_rounds=5 min_time=0.000005 max_time=1.0 calibration_precision=10 warmup=False warmup_iterations=100000)
Using --randomly-seed=2709978534
rootdir: /Users/macbook-dev/Documents/GitHub/tldw_server2
configfile: pyproject.toml
plugins: anyio-4.12.1, benchmark-5.2.3, locust-2.43.3, asyncio-1.1.0, xdist-3.8.0, split-0.11.0, timeout-2.4.0, randomly-4.1.0, hypothesis-6.138.2, cov-6.2.1, mock-3.14.1
asyncio: mode=Mode.AUTO, asyncio_default_fixture_loop_scope=function, asyncio_default_test_loop_scope=function
timeout: 300.0s
timeout method: thread
timeout func_only: False
collected 1 item

tldw_Server_API/tests/DB_Management/test_media_postgres_support.py F     [100%]

=================================== FAILURES ===================================
____ test_fresh_postgres_schema_enforces_transcript_run_history_uniqueness _____
tldw_Server_API/tests/DB_Management/test_media_postgres_support.py:303: in test_fresh_postgres_schema_enforces_transcript_run_history_uniqueness
    backend.execute(
tldw_Server_API/app/core/DB_Management/backends/postgresql_backend.py:1095: in execute
    raise DatabaseError("PostgreSQL query execution failed")
E   tldw_Server_API.app.core.DB_Management.backends.base.DatabaseError: PostgreSQL query execution failed

During handling of the above exception, another exception occurred:
tldw_Server_API/tests/DB_Management/test_media_postgres_support.py:301: in test_fresh_postgres_schema_enforces_transcript_run_history_uniqueness
    with pytest.raises(BackendDatabaseError, match="unique|duplicate key"):
E   AssertionError: Regex pattern did not match.
E    Regex: 'unique|duplicate key'
E    Input: 'PostgreSQL query execution failed'
---------------------------- Captured stderr setup -----------------------------
2026-09-16 06:45:00.661 | WARNING  | tldw_Server_API.app.core.DB_Management.db_path_utils:resolve_user_db_base_dir:491 - USER_DB_BASE_DIR not configured in tests, using isolated fallback: /private/var/folders/sn/m80n2j152t9gw3w8qwk2nykh0000gn/T/tldw_user_databases_test/default-4de3bc4c
2026-09-16 06:45:00.662 | DEBUG    | tldw_Server_API.app.core.DB_Management.db_path_utils:get_user_base_directory:534 - Created user directory: /private/var/folders/sn/m80n2j152t9gw3w8qwk2nykh0000gn/T/tldw_user_databases_test/default-4de3bc4c/1
2026-09-16 06:45:00.663 | WARNING  | tldw_Server_API.app.core.DB_Management.db_path_utils:resolve_user_db_base_dir:491 - USER_DB_BASE_DIR not configured in tests, using isolated fallback: /private/var/folders/sn/m80n2j152t9gw3w8qwk2nykh0000gn/T/tldw_user_databases_test/default-4de3bc4c
2026-09-16 06:45:00.663 | WARNING  | tldw_Server_API.app.core.DB_Management.db_path_utils:resolve_user_db_base_dir:491 - USER_DB_BASE_DIR not configured in tests, using isolated fallback: /private/var/folders/sn/m80n2j152t9gw3w8qwk2nykh0000gn/T/tldw_user_databases_test/default-4de3bc4c
2026-09-16 06:45:00.663 | WARNING  | tldw_Server_API.app.core.DB_Management.db_path_utils:resolve_user_db_base_dir:491 - USER_DB_BASE_DIR not configured in tests, using isolated fallback: /private/var/folders/sn/m80n2j152t9gw3w8qwk2nykh0000gn/T/tldw_user_databases_test/default-4de3bc4c
2026-09-16 06:45:00.747 | DEBUG    | tldw_Server_API.app.core.AuthNZ.settings:_ensure_jwt_secret:899 - Single-user mode - skipping JWT secret initialization
2026-09-16 06:45:00.747 | INFO     | tldw_Server_API.app.core.AuthNZ.settings:get_settings:1588 - Settings initialized - Auth mode: single_user, profile=local-single-user
----------------------------- Captured stderr call -----------------------------
2026-09-16 06:45:01.843 | INFO     | tldw_Server_API.app.core.DB_Management.backends.factory:create_backend:392 - Creating postgresql backend
2026-09-16 06:45:01.843 | INFO     | tldw_Server_API.app.core.DB_Management.media_db.runtime.bootstrap_lifecycle_ops:initialize_media_database:79 - Initializing Database object for path: :memory: [Client ID: pg-bootstrap-v23]
2026-09-16 06:45:01.863 | DEBUG    | tldw_Server_API.app.core.DB_Management.media_db.schema.features.core_media:apply_postgres_core_media_schema:357 - Applying Postgres base table DDL: CREATE TABLE IF NOT EXISTS schema_version ( version BIGINT PRIMARY KEY NOT NULL );...
2026-09-16 06:45:01.865 | DEBUG    | tldw_Server_API.app.core.DB_Management.media_db.schema.features.core_media:apply_postgres_core_media_schema:357 - Applying Postgres base table DDL: CREATE TABLE IF NOT EXISTS Media ( id BIGSERIAL PRIMARY KEY, url TEXT UNIQUE, title TEXT NOT NULL, type TEXT NOT NULL, c...
2026-09-16 06:45:01.868 | DEBUG    | tldw_Server_API.app.core.DB_Management.media_db.schema.features.core_media:apply_postgres_core_media_schema:357 - Applying Postgres base table DDL: CREATE TABLE IF NOT EXISTS Keywords ( id BIGSERIAL PRIMARY KEY, keyword TEXT NOT NULL UNIQUE , uuid TEXT UNIQUE NOT NULL...
2026-09-16 06:45:01.870 | DEBUG    | tldw_Server_API.app.core.DB_Management.media_db.schema.features.core_media:apply_postgres_core_media_schema:357 - Applying Postgres base table DDL: CREATE TABLE IF NOT EXISTS MediaKeywords ( id BIGSERIAL PRIMARY KEY, media_id INTEGER NOT NULL, keyword_id INTEGER NOT N...
2026-09-16 06:45:01.871 | DEBUG    | tldw_Server_API.app.core.DB_Management.media_db.schema.features.core_media:apply_postgres_core_media_schema:357 - Applying Postgres base table DDL: CREATE TABLE IF NOT EXISTS OperationOwnedCloneKeywords ( media_id INTEGER NOT NULL, keyword TEXT NOT NULL CHECK ( length...
2026-09-16 06:45:01.873 | DEBUG    | tldw_Server_API.app.core.DB_Management.media_db.schema.features.core_media:apply_postgres_core_media_schema:357 - Applying Postgres base table DDL: CREATE TABLE IF NOT EXISTS Transcripts ( id BIGSERIAL PRIMARY KEY, media_id INTEGER NOT NULL, whisper_model TEXT, transc...
2026-09-16 06:45:01.875 | DEBUG    | tldw_Server_API.app.core.DB_Management.media_db.schema.features.core_media:apply_postgres_core_media_schema:357 - Applying Postgres base table DDL: CREATE TABLE IF NOT EXISTS MediaChunks ( id BIGSERIAL PRIMARY KEY, media_id INTEGER NOT NULL, chunk_text TEXT NOT NULL, ...
2026-09-16 06:45:01.876 | DEBUG    | tldw_Server_API.app.core.DB_Management.media_db.schema.features.core_media:apply_postgres_core_media_schema:357 - Applying Postgres base table DDL: CREATE TABLE IF NOT EXISTS UnvectorizedMediaChunks ( id BIGSERIAL PRIMARY KEY, media_id INTEGER NOT NULL, chunk_text TEX...
2026-09-16 06:45:01.878 | DEBUG    | tldw_Server_API.app.core.DB_Management.media_db.schema.features.core_media:apply_postgres_core_media_schema:357 - Applying Postgres base table DDL: CREATE TABLE IF NOT EXISTS VisualDocuments ( id BIGSERIAL PRIMARY KEY, media_id INTEGER NOT NULL, location TEXT, page_nu...
2026-09-16 06:45:01.879 | DEBUG    | tldw_Server_API.app.core.DB_Management.media_db.schema.features.core_media:apply_postgres_core_media_schema:357 - Applying Postgres base table DDL: CREATE TABLE IF NOT EXISTS DocumentVersions ( id BIGSERIAL PRIMARY KEY, media_id INTEGER NOT NULL, version_number INTEGE...
2026-09-16 06:45:01.881 | DEBUG    | tldw_Server_API.app.core.DB_Management.media_db.schema.features.core_media:apply_postgres_core_media_schema:357 - Applying Postgres base table DDL: CREATE TABLE IF NOT EXISTS DocumentVersionIdentifiers ( dv_id BIGINT PRIMARY KEY, doi TEXT, pmid TEXT, pmcid TEXT, arxiv...
2026-09-16 06:45:01.882 | DEBUG    | tldw_Server_API.app.core.DB_Management.media_db.schema.features.core_media:apply_postgres_core_media_schema:357 - Applying Postgres base table DDL: CREATE TABLE IF NOT EXISTS DocumentStructureIndex ( id BIGSERIAL PRIMARY KEY, media_id INTEGER NOT NULL, parent_id INTEG...
2026-09-16 06:45:01.884 | DEBUG    | tldw_Server_API.app.core.DB_Management.media_db.schema.features.core_media:apply_postgres_core_media_schema:357 - Applying Postgres base table DDL: CREATE TABLE IF NOT EXISTS sync_log ( change_id BIGSERIAL PRIMARY KEY, entity TEXT NOT NULL, entity_uuid TEXT NOT NULL, ...
2026-09-16 06:45:01.885 | DEBUG    | tldw_Server_API.app.core.DB_Management.media_db.schema.features.core_media:apply_postgres_core_media_schema:357 - Applying Postgres base table DDL: CREATE TABLE IF NOT EXISTS ChunkingTemplates ( id BIGSERIAL PRIMARY KEY, uuid TEXT UNIQUE NOT NULL, name TEXT NOT NULL, ...
2026-09-16 06:45:01.887 | DEBUG    | tldw_Server_API.app.core.DB_Management.media_db.schema.features.core_media:apply_postgres_core_media_schema:357 - Applying Postgres base table DDL: CREATE TABLE IF NOT EXISTS Claims ( id BIGSERIAL PRIMARY KEY, media_id INTEGER NOT NULL, chunk_index INTEGER NOT NULL, s...
2026-09-16 06:45:01.889 | DEBUG    | tldw_Server_API.app.core.DB_Management.media_db.schema.features.core_media:apply_postgres_core_media_schema:357 - Applying Postgres base table DDL: CREATE TABLE IF NOT EXISTS claims_review_log ( id BIGSERIAL PRIMARY KEY, claim_id INTEGER NOT NULL, old_status TEXT, new...
2026-09-16 06:45:01.890 | DEBUG    | tldw_Server_API.app.core.DB_Management.media_db.schema.features.core_media:apply_postgres_core_media_schema:357 - Applying Postgres base table DDL: CREATE TABLE IF NOT EXISTS claims_review_extractor_metrics_daily ( id BIGSERIAL PRIMARY KEY, user_id TEXT NOT NULL, repo...
2026-09-16 06:45:01.892 | DEBUG    | tldw_Server_API.app.core.DB_Management.media_db.schema.features.core_media:apply_postgres_core_media_schema:357 - Applying Postgres base table DDL: CREATE TABLE IF NOT EXISTS claims_review_rules ( id BIGSERIAL PRIMARY KEY, user_id TEXT NOT NULL, priority INTEGER NOT N...
2026-09-16 06:45:01.894 | DEBUG    | tldw_Server_API.app.core.DB_Management.media_db.schema.features.core_media:apply_postgres_core_media_schema:357 - Applying Postgres base table DDL: CREATE TABLE IF NOT EXISTS claims_monitoring_events ( id BIGSERIAL PRIMARY KEY, user_id TEXT NOT NULL, event_type TEXT N...
2026-09-16 06:45:01.895 | DEBUG    | tldw_Server_API.app.core.DB_Management.media_db.schema.features.core_media:apply_postgres_core_media_schema:357 - Applying Postgres base table DDL: CREATE TABLE IF NOT EXISTS claims_monitoring_settings ( id BIGSERIAL PRIMARY KEY, user_id TEXT NOT NULL, threshold_ratio...
2026-09-16 06:45:01.896 | DEBUG    | tldw_Server_API.app.core.DB_Management.media_db.schema.features.core_media:apply_postgres_core_media_schema:357 - Applying Postgres base table DDL: CREATE TABLE IF NOT EXISTS claims_monitoring_alerts ( id BIGSERIAL PRIMARY KEY, user_id TEXT NOT NULL, name TEXT NOT NUL...
2026-09-16 06:45:01.898 | DEBUG    | tldw_Server_API.app.core.DB_Management.media_db.schema.features.core_media:apply_postgres_core_media_schema:357 - Applying Postgres base table DDL: CREATE TABLE IF NOT EXISTS claims_monitoring_config ( id BIGSERIAL PRIMARY KEY, user_id TEXT NOT NULL, threshold_ratio D...
2026-09-16 06:45:01.899 | DEBUG    | tldw_Server_API.app.core.DB_Management.media_db.schema.features.core_media:apply_postgres_core_media_schema:357 - Applying Postgres base table DDL: CREATE TABLE IF NOT EXISTS claims_monitoring_health ( id BIGSERIAL PRIMARY KEY, user_id TEXT NOT NULL, queue_size INTEGE...
2026-09-16 06:45:01.900 | DEBUG    | tldw_Server_API.app.core.DB_Management.media_db.schema.features.core_media:apply_postgres_core_media_schema:357 - Applying Postgres base table DDL: CREATE TABLE IF NOT EXISTS claims_analytics_exports ( export_id TEXT PRIMARY KEY, user_id TEXT NOT NULL, format TEXT NOT...
2026-09-16 06:45:01.901 | DEBUG    | tldw_Server_API.app.core.DB_Management.media_db.schema.features.core_media:apply_postgres_core_media_schema:357 - Applying Postgres base table DDL: CREATE TABLE IF NOT EXISTS claims_notifications ( id BIGSERIAL PRIMARY KEY, user_id TEXT NOT NULL, kind TEXT NOT NULL, t...
2026-09-16 06:45:01.902 | DEBUG    | tldw_Server_API.app.core.DB_Management.media_db.schema.features.core_media:apply_postgres_core_media_schema:357 - Applying Postgres base table DDL: CREATE TABLE IF NOT EXISTS claim_clusters ( id BIGSERIAL PRIMARY KEY, user_id TEXT NOT NULL, canonical_claim_text TEXT, ...
2026-09-16 06:45:01.904 | DEBUG    | tldw_Server_API.app.core.DB_Management.media_db.schema.features.core_media:apply_postgres_core_media_schema:357 - Applying Postgres base table DDL: CREATE TABLE IF NOT EXISTS claim_cluster_membership ( cluster_id INTEGER NOT NULL, claim_id INTEGER NOT NULL, similarity...
2026-09-16 06:45:01.905 | DEBUG    | tldw_Server_API.app.core.DB_Management.media_db.schema.features.core_media:apply_postgres_core_media_schema:357 - Applying Postgres base table DDL: CREATE TABLE IF NOT EXISTS claim_cluster_links ( parent_cluster_id INTEGER NOT NULL, child_cluster_id INTEGER NOT NULL, ...
2026-09-16 06:45:01.905 | DEBUG    | tldw_Server_API.app.core.DB_Management.media_db.schema.features.core_media:apply_postgres_core_media_schema:357 - Applying Postgres base table DDL: CREATE TABLE IF NOT EXISTS MediaFiles ( id BIGSERIAL PRIMARY KEY, media_id INTEGER NOT NULL, file_type TEXT NOT NULL DEF...
2026-09-16 06:45:01.907 | DEBUG    | tldw_Server_API.app.core.DB_Management.media_db.schema.features.core_media:apply_postgres_core_media_schema:357 - Applying Postgres base table DDL: CREATE TABLE IF NOT EXISTS tts_history ( id BIGSERIAL PRIMARY KEY, user_id TEXT NOT NULL, created_at TEXT NOT NULL, text...
2026-09-16 06:45:01.908 | DEBUG    | tldw_Server_API.app.core.DB_Management.media_db.schema.features.core_media:apply_postgres_core_media_schema:357 - Applying Postgres base table DDL: CREATE TABLE IF NOT EXISTS audio_presets ( id TEXT PRIMARY KEY, user_id TEXT NOT NULL, kind TEXT NOT NULL, name TEXT NOT...
2026-09-16 06:45:01.909 | DEBUG    | tldw_Server_API.app.core.DB_Management.media_db.schema.features.core_media:apply_postgres_core_media_schema:357 - Applying Postgres base table DDL: CREATE TABLE IF NOT EXISTS data_tables ( id BIGSERIAL PRIMARY KEY, uuid TEXT UNIQUE NOT NULL, name TEXT NOT NULL, descri...
2026-09-16 06:45:01.910 | DEBUG    | tldw_Server_API.app.core.DB_Management.media_db.schema.features.core_media:apply_postgres_core_media_schema:357 - Applying Postgres base table DDL: CREATE TABLE IF NOT EXISTS data_table_columns ( id BIGSERIAL PRIMARY KEY, table_id INTEGER NOT NULL, column_id TEXT NOT ...
2026-09-16 06:45:01.911 | DEBUG    | tldw_Server_API.app.core.DB_Management.media_db.schema.features.core_media:apply_postgres_core_media_schema:357 - Applying Postgres base table DDL: CREATE TABLE IF NOT EXISTS data_table_rows ( id BIGSERIAL PRIMARY KEY, table_id INTEGER NOT NULL, row_id TEXT NOT NULL, ...
2026-09-16 06:45:01.913 | DEBUG    | tldw_Server_API.app.core.DB_Management.media_db.schema.features.core_media:apply_postgres_core_media_schema:357 - Applying Postgres base table DDL: CREATE TABLE IF NOT EXISTS data_table_sources ( id BIGSERIAL PRIMARY KEY, table_id INTEGER NOT NULL, source_type TEXT NO...
2026-09-16 06:45:01.914 | DEBUG    | tldw_Server_API.app.core.DB_Management.media_db.schema.features.core_media:apply_postgres_core_media_schema:361 - Applying Postgres base initializer DDL: INSERT INTO schema_version (version) VALUES (0) ON CONFLICT DO NOTHING;...
2026-09-16 06:45:01.915 | DEBUG    | tldw_Server_API.app.core.DB_Management.media_db.schema.features.core_media:apply_postgres_core_media_schema:361 - Applying Postgres base initializer DDL: CREATE INDEX IF NOT EXISTS idx_claims_media_id ON Claims(media_id);...
2026-09-16 06:45:01.915 | DEBUG    | tldw_Server_API.app.core.DB_Management.media_db.schema.features.core_media:apply_postgres_core_media_schema:361 - Applying Postgres base initializer DDL: CREATE INDEX IF NOT EXISTS idx_claims_media_chunk ON Claims(media_id, chunk_index);...
2026-09-16 06:45:01.916 | DEBUG    | tldw_Server_API.app.core.DB_Management.media_db.schema.features.core_media:apply_postgres_core_media_schema:361 - Applying Postgres base initializer DDL: CREATE UNIQUE INDEX IF NOT EXISTS idx_claims_uuid ON Claims(uuid);...
2026-09-16 06:45:01.916 | DEBUG    | tldw_Server_API.app.core.DB_Management.media_db.schema.features.core_media:apply_postgres_core_media_schema:361 - Applying Postgres base initializer DDL: CREATE INDEX IF NOT EXISTS idx_claims_deleted ON Claims(deleted);...
2026-09-16 06:45:01.917 | DEBUG    | tldw_Server_API.app.core.DB_Management.media_db.schema.features.core_media:apply_postgres_core_media_schema:361 - Applying Postgres base initializer DDL: CREATE INDEX IF NOT EXISTS idx_claims_review_status ON Claims(review_status);...
2026-09-16 06:45:01.918 | DEBUG    | tldw_Server_API.app.core.DB_Management.media_db.schema.features.core_media:apply_postgres_core_media_schema:361 - Applying Postgres base initializer DDL: CREATE INDEX IF NOT EXISTS idx_claims_reviewer_id ON Claims(reviewer_id);...
2026-09-16 06:45:01.918 | DEBUG    | tldw_Server_API.app.core.DB_Management.media_db.schema.features.core_media:apply_postgres_core_media_schema:361 - Applying Postgres base initializer DDL: CREATE INDEX IF NOT EXISTS idx_claims_review_group ON Claims(review_group);...
2026-09-16 06:45:01.919 | DEBUG    | tldw_Server_API.app.core.DB_Management.media_db.schema.features.core_media:apply_postgres_core_media_schema:361 - Applying Postgres base initializer DDL: CREATE INDEX IF NOT EXISTS idx_claims_cluster_id ON Claims(claim_cluster_id);...
2026-09-16 06:45:01.920 | DEBUG    | tldw_Server_API.app.core.DB_Management.media_db.schema.features.core_media:apply_postgres_core_media_schema:361 - Applying Postgres base initializer DDL: CREATE INDEX IF NOT EXISTS idx_claims_review_log_claim ON claims_review_log(claim_id);...
2026-09-16 06:45:01.920 | DEBUG    | tldw_Server_API.app.core.DB_Management.media_db.schema.features.core_media:apply_postgres_core_media_schema:361 - Applying Postgres base initializer DDL: CREATE INDEX IF NOT EXISTS idx_claims_review_log_reviewer ON claims_review_log(reviewer_id);...
2026-09-16 06:45:01.920 | DEBUG    | tldw_Server_API.app.core.DB_Management.media_db.schema.features.core_media:apply_postgres_core_media_schema:361 - Applying Postgres base initializer DDL: CREATE INDEX IF NOT EXISTS idx_claims_review_log_created ON claims_review_log(created_at);...
2026-09-16 06:45:01.921 | DEBUG    | tldw_Server_API.app.core.DB_Management.media_db.schema.features.core_media:apply_postgres_core_media_schema:361 - Applying Postgres base initializer DDL: CREATE INDEX IF NOT EXISTS idx_claims_review_metrics_user ON claims_review_extractor_metrics_daily(user_id);...
2026-09-16 06:45:01.921 | DEBUG    | tldw_Server_API.app.core.DB_Management.media_db.schema.features.core_media:apply_postgres_core_media_schema:361 - Applying Postgres base initializer DDL: CREATE INDEX IF NOT EXISTS idx_claims_review_metrics_date ON claims_review_extractor_metrics_daily(report_date);...
2026-09-16 06:45:01.922 | DEBUG    | tldw_Server_API.app.core.DB_Management.media_db.schema.features.core_media:apply_postgres_core_media_schema:361 - Applying Postgres base initializer DDL: CREATE INDEX IF NOT EXISTS idx_claims_review_metrics_extractor ON claims_review_extractor_metrics_daily(extractor);...
2026-09-16 06:45:01.922 | DEBUG    | tldw_Server_API.app.core.DB_Management.media_db.schema.features.core_media:apply_postgres_core_media_schema:361 - Applying Postgres base initializer DDL: CREATE INDEX IF NOT EXISTS idx_claims_review_rules_user ON claims_review_rules(user_id);...
2026-09-16 06:45:01.923 | DEBUG    | tldw_Server_API.app.core.DB_Management.media_db.schema.features.core_media:apply_postgres_core_media_schema:361 - Applying Postgres base initializer DDL: CREATE INDEX IF NOT EXISTS idx_claims_review_rules_active ON claims_review_rules(active);...
2026-09-16 06:45:01.923 | DEBUG    | tldw_Server_API.app.core.DB_Management.media_db.schema.features.core_media:apply_postgres_core_media_schema:361 - Applying Postgres base initializer DDL: CREATE INDEX IF NOT EXISTS idx_claims_monitoring_events_user ON claims_monitoring_events(user_id);...
2026-09-16 06:45:01.923 | DEBUG    | tldw_Server_API.app.core.DB_Management.media_db.schema.features.core_media:apply_postgres_core_media_schema:361 - Applying Postgres base initializer DDL: CREATE INDEX IF NOT EXISTS idx_claims_monitoring_events_user_created_id ON claims_monitoring_events(user_id, created_at,...
2026-09-16 06:45:01.924 | DEBUG    | tldw_Server_API.app.core.DB_Management.media_db.schema.features.core_media:apply_postgres_core_media_schema:361 - Applying Postgres base initializer DDL: CREATE INDEX IF NOT EXISTS idx_claims_monitoring_events_user_id ON claims_monitoring_events(user_id, id);...
2026-09-16 06:45:01.924 | DEBUG    | tldw_Server_API.app.core.DB_Management.media_db.schema.features.core_media:apply_postgres_core_media_schema:361 - Applying Postgres base initializer DDL: CREATE INDEX IF NOT EXISTS idx_claims_monitoring_events_type ON claims_monitoring_events(event_type);...
2026-09-16 06:45:01.925 | DEBUG    | tldw_Server_API.app.core.DB_Management.media_db.schema.features.core_media:apply_postgres_core_media_schema:361 - Applying Postgres base initializer DDL: CREATE INDEX IF NOT EXISTS idx_claims_monitoring_events_delivered ON claims_monitoring_events(delivered_at);...
2026-09-16 06:45:01.925 | DEBUG    | tldw_Server_API.app.core.DB_Management.media_db.schema.features.core_media:apply_postgres_core_media_schema:361 - Applying Postgres base initializer DDL: CREATE UNIQUE INDEX IF NOT EXISTS idx_claims_monitoring_settings_user ON claims_monitoring_settings(user_id);...
2026-09-16 06:45:01.925 | DEBUG    | tldw_Server_API.app.core.DB_Management.media_db.schema.features.core_media:apply_postgres_core_media_schema:361 - Applying Postgres base initializer DDL: CREATE INDEX IF NOT EXISTS idx_claims_monitoring_alerts_user ON claims_monitoring_alerts(user_id);...
2026-09-16 06:45:01.926 | DEBUG    | tldw_Server_API.app.core.DB_Management.media_db.schema.features.core_media:apply_postgres_core_media_schema:361 - Applying Postgres base initializer DDL: CREATE INDEX IF NOT EXISTS idx_claims_monitoring_user ON claims_monitoring_config(user_id);...
2026-09-16 06:45:01.926 | DEBUG    | tldw_Server_API.app.core.DB_Management.media_db.schema.features.core_media:apply_postgres_core_media_schema:361 - Applying Postgres base initializer DDL: CREATE UNIQUE INDEX IF NOT EXISTS idx_claims_monitoring_health_user ON claims_monitoring_health(user_id);...
2026-09-16 06:45:01.927 | DEBUG    | tldw_Server_API.app.core.DB_Management.media_db.schema.features.core_media:apply_postgres_core_media_schema:361 - Applying Postgres base initializer DDL: CREATE INDEX IF NOT EXISTS idx_claims_analytics_exports_user ON claims_analytics_exports(user_id);...
2026-09-16 06:45:01.927 | DEBUG    | tldw_Server_API.app.core.DB_Management.media_db.schema.features.core_media:apply_postgres_core_media_schema:361 - Applying Postgres base initializer DDL: CREATE INDEX IF NOT EXISTS idx_claims_analytics_exports_job_id ON claims_analytics_exports(job_id);...
2026-09-16 06:45:01.928 | DEBUG    | tldw_Server_API.app.core.DB_Management.media_db.schema.features.core_media:apply_postgres_core_media_schema:361 - Applying Postgres base initializer DDL: CREATE INDEX IF NOT EXISTS idx_claims_analytics_exports_user_status_export_id ON claims_analytics_exports(user_id, statu...
2026-09-16 06:45:01.929 | DEBUG    | tldw_Server_API.app.core.DB_Management.media_db.schema.features.core_media:apply_postgres_core_media_schema:361 - Applying Postgres base initializer DDL: CREATE INDEX IF NOT EXISTS idx_claims_analytics_exports_user_status_updated_export_id ON claims_analytics_exports(user_i...
2026-09-16 06:45:01.929 | DEBUG    | tldw_Server_API.app.core.DB_Management.media_db.schema.features.core_media:apply_postgres_core_media_schema:361 - Applying Postgres base initializer DDL: CREATE INDEX IF NOT EXISTS idx_claims_notifications_user ON claims_notifications(user_id);...
2026-09-16 06:45:01.930 | DEBUG    | tldw_Server_API.app.core.DB_Management.media_db.schema.features.core_media:apply_postgres_core_media_schema:361 - Applying Postgres base initializer DDL: CREATE INDEX IF NOT EXISTS idx_claims_notifications_kind ON claims_notifications(kind);...
2026-09-16 06:45:01.930 | DEBUG    | tldw_Server_API.app.core.DB_Management.media_db.schema.features.core_media:apply_postgres_core_media_schema:361 - Applying Postgres base initializer DDL: CREATE INDEX IF NOT EXISTS idx_claims_notifications_target_user ON claims_notifications(target_user_id);...
2026-09-16 06:45:01.930 | DEBUG    | tldw_Server_API.app.core.DB_Management.media_db.schema.features.core_media:apply_postgres_core_media_schema:361 - Applying Postgres base initializer DDL: CREATE INDEX IF NOT EXISTS idx_claims_notifications_review_group ON claims_notifications(target_review_group);...
2026-09-16 06:45:01.931 | DEBUG    | tldw_Server_API.app.core.DB_Management.media_db.schema.features.core_media:apply_postgres_core_media_schema:361 - Applying Postgres base initializer DDL: CREATE INDEX IF NOT EXISTS idx_claims_notifications_resource ON claims_notifications(resource_type, resource_id);...
2026-09-16 06:45:01.931 | DEBUG    | tldw_Server_API.app.core.DB_Management.media_db.schema.features.core_media:apply_postgres_core_media_schema:361 - Applying Postgres base initializer DDL: CREATE INDEX IF NOT EXISTS idx_claims_notifications_delivered ON claims_notifications(delivered_at);...
2026-09-16 06:45:01.931 | DEBUG    | tldw_Server_API.app.core.DB_Management.media_db.schema.features.core_media:apply_postgres_core_media_schema:361 - Applying Postgres base initializer DDL: CREATE INDEX IF NOT EXISTS idx_claim_clusters_user ON claim_clusters(user_id);...
2026-09-16 06:45:01.932 | DEBUG    | tldw_Server_API.app.core.DB_Management.media_db.schema.features.core_media:apply_postgres_core_media_schema:361 - Applying Postgres base initializer DDL: CREATE INDEX IF NOT EXISTS idx_claim_clusters_updated ON claim_clusters(updated_at);...
2026-09-16 06:45:01.932 | DEBUG    | tldw_Server_API.app.core.DB_Management.media_db.schema.features.core_media:apply_postgres_core_media_schema:361 - Applying Postgres base initializer DDL: CREATE INDEX IF NOT EXISTS idx_claim_cluster_membership_claim ON claim_cluster_membership(claim_id);...
2026-09-16 06:45:01.933 | DEBUG    | tldw_Server_API.app.core.DB_Management.media_db.schema.features.core_media:apply_postgres_core_media_schema:361 - Applying Postgres base initializer DDL: CREATE INDEX IF NOT EXISTS idx_media_files_media_id ON MediaFiles(media_id);...
2026-09-16 06:45:01.933 | DEBUG    | tldw_Server_API.app.core.DB_Management.media_db.schema.features.core_media:apply_postgres_core_media_schema:361 - Applying Postgres base initializer DDL: CREATE INDEX IF NOT EXISTS idx_media_files_type ON MediaFiles(file_type);...
2026-09-16 06:45:01.933 | DEBUG    | tldw_Server_API.app.core.DB_Management.media_db.schema.features.core_media:apply_postgres_core_media_schema:361 - Applying Postgres base initializer DDL: CREATE UNIQUE INDEX IF NOT EXISTS idx_media_files_uuid ON MediaFiles(uuid);...
2026-09-16 06:45:01.934 | DEBUG    | tldw_Server_API.app.core.DB_Management.media_db.schema.features.core_media:apply_postgres_core_media_schema:361 - Applying Postgres base initializer DDL: CREATE INDEX IF NOT EXISTS idx_media_files_deleted ON MediaFiles(deleted);...
2026-09-16 06:45:01.934 | DEBUG    | tldw_Server_API.app.core.DB_Management.media_db.schema.features.core_media:apply_postgres_core_media_schema:361 - Applying Postgres base initializer DDL: CREATE INDEX IF NOT EXISTS idx_tts_history_user_created ON tts_history(user_id, created_at DESC);...
2026-09-16 06:45:01.935 | DEBUG    | tldw_Server_API.app.core.DB_Management.media_db.schema.features.core_media:apply_postgres_core_media_schema:361 - Applying Postgres base initializer DDL: CREATE INDEX IF NOT EXISTS idx_tts_history_user_favorite ON tts_history(user_id, favorite);...
2026-09-16 06:45:01.936 | DEBUG    | tldw_Server_API.app.core.DB_Management.media_db.schema.features.core_media:apply_postgres_core_media_schema:361 - Applying Postgres base initializer DDL: CREATE INDEX IF NOT EXISTS idx_tts_history_user_provider ON tts_history(user_id, provider);...
2026-09-16 06:45:01.936 | DEBUG    | tldw_Server_API.app.core.DB_Management.media_db.schema.features.core_media:apply_postgres_core_media_schema:361 - Applying Postgres base initializer DDL: CREATE INDEX IF NOT EXISTS idx_tts_history_user_model ON tts_history(user_id, model);...
2026-09-16 06:45:01.937 | DEBUG    | tldw_Server_API.app.core.DB_Management.media_db.schema.features.core_media:apply_postgres_core_media_schema:361 - Applying Postgres base initializer DDL: CREATE INDEX IF NOT EXISTS idx_tts_history_user_voice_id ON tts_history(user_id, voice_id);...
2026-09-16 06:45:01.937 | DEBUG    | tldw_Server_API.app.core.DB_Management.media_db.schema.features.core_media:apply_postgres_core_media_schema:361 - Applying Postgres base initializer DDL: CREATE INDEX IF NOT EXISTS idx_tts_history_user_text_hash ON tts_history(user_id, text_hash);...
2026-09-16 06:45:01.938 | DEBUG    | tldw_Server_API.app.core.DB_Management.media_db.schema.features.core_media:apply_postgres_core_media_schema:361 - Applying Postgres base initializer DDL: CREATE INDEX IF NOT EXISTS idx_audio_presets_user_kind_updated ON audio_presets(user_id, kind, deleted, updated_at DESC)...
2026-09-16 06:45:01.938 | DEBUG    | tldw_Server_API.app.core.DB_Management.media_db.schema.features.core_media:apply_postgres_core_media_schema:361 - Applying Postgres base initializer DDL: CREATE INDEX IF NOT EXISTS idx_audio_presets_user_kind_favorite ON audio_presets(user_id, kind, favorite, deleted);...
2026-09-16 06:45:01.939 | DEBUG    | tldw_Server_API.app.core.DB_Management.media_db.schema.features.core_media:apply_postgres_core_media_schema:361 - Applying Postgres base initializer DDL: CREATE INDEX IF NOT EXISTS idx_audio_presets_user_kind_default ON audio_presets(user_id, kind, is_default, deleted);...
2026-09-16 06:45:01.939 | DEBUG    | tldw_Server_API.app.core.DB_Management.media_db.schema.features.core_media:apply_postgres_core_media_schema:361 - Applying Postgres base initializer DDL: CREATE UNIQUE INDEX IF NOT EXISTS ux_audio_presets_user_kind_name_active ON audio_presets(user_id, kind, LOWER(name)) WH...
2026-09-16 06:45:01.939 | DEBUG    | tldw_Server_API.app.core.DB_Management.media_db.schema.features.core_media:apply_postgres_core_media_schema:361 - Applying Postgres base initializer DDL: CREATE UNIQUE INDEX IF NOT EXISTS ux_audio_presets_user_kind_default_active ON audio_presets(user_id, kind) WHERE is_def...
2026-09-16 06:45:01.940 | DEBUG    | tldw_Server_API.app.core.DB_Management.media_db.schema.features.core_media:apply_postgres_core_media_schema:361 - Applying Postgres base initializer DDL: CREATE INDEX IF NOT EXISTS idx_data_tables_status ON data_tables(status);...
2026-09-16 06:45:01.940 | DEBUG    | tldw_Server_API.app.core.DB_Management.media_db.schema.features.core_media:apply_postgres_core_media_schema:361 - Applying Postgres base initializer DDL: CREATE INDEX IF NOT EXISTS idx_data_tables_updated ON data_tables(updated_at DESC);...
2026-09-16 06:45:01.940 | DEBUG    | tldw_Server_API.app.core.DB_Management.media_db.schema.features.core_media:apply_postgres_core_media_schema:361 - Applying Postgres base initializer DDL: CREATE INDEX IF NOT EXISTS idx_data_tables_deleted ON data_tables(deleted);...
2026-09-16 06:45:01.941 | DEBUG    | tldw_Server_API.app.core.DB_Management.media_db.schema.features.core_media:apply_postgres_core_media_schema:361 - Applying Postgres base initializer DDL: CREATE INDEX IF NOT EXISTS idx_data_tables_workspace_tag ON data_tables(workspace_tag);...
2026-09-16 06:45:01.941 | DEBUG    | tldw_Server_API.app.core.DB_Management.media_db.schema.features.core_media:apply_postgres_core_media_schema:361 - Applying Postgres base initializer DDL: CREATE UNIQUE INDEX IF NOT EXISTS ux_data_table_columns_table_column ON data_table_columns(table_id, column_id);...
2026-09-16 06:45:01.941 | DEBUG    | tldw_Server_API.app.core.DB_Management.media_db.schema.features.core_media:apply_postgres_core_media_schema:361 - Applying Postgres base initializer DDL: CREATE INDEX IF NOT EXISTS idx_data_table_columns_table_position ON data_table_columns(table_id, position);...
2026-09-16 06:45:01.942 | DEBUG    | tldw_Server_API.app.core.DB_Management.media_db.schema.features.core_media:apply_postgres_core_media_schema:361 - Applying Postgres base initializer DDL: CREATE UNIQUE INDEX IF NOT EXISTS ux_data_table_columns_table_position_active ON data_table_columns(table_id, position, ...
2026-09-16 06:45:01.943 | DEBUG    | tldw_Server_API.app.core.DB_Management.media_db.schema.features.core_media:apply_postgres_core_media_schema:361 - Applying Postgres base initializer DDL: CREATE UNIQUE INDEX IF NOT EXISTS ux_data_table_rows_table_row ON data_table_rows(table_id, row_id);...
2026-09-16 06:45:01.943 | DEBUG    | tldw_Server_API.app.core.DB_Management.media_db.schema.features.core_media:apply_postgres_core_media_schema:361 - Applying Postgres base initializer DDL: CREATE INDEX IF NOT EXISTS idx_data_table_rows_table_index ON data_table_rows(table_id, row_index);...
2026-09-16 06:45:01.943 | DEBUG    | tldw_Server_API.app.core.DB_Management.media_db.schema.features.core_media:apply_postgres_core_media_schema:361 - Applying Postgres base initializer DDL: CREATE UNIQUE INDEX IF NOT EXISTS ux_data_table_rows_table_index_active ON data_table_rows(table_id, row_index, deleted)...
2026-09-16 06:45:01.944 | DEBUG    | tldw_Server_API.app.core.DB_Management.media_db.schema.features.core_media:apply_postgres_core_media_schema:361 - Applying Postgres base initializer DDL: CREATE INDEX IF NOT EXISTS idx_data_table_sources_table ON data_table_sources(table_id);...
2026-09-16 06:45:01.950 | DEBUG    | tldw_Server_API.app.core.DB_Management.media_db.schema.features.core_media:apply_postgres_core_media_schema:370 - Applying Postgres index DDL: CREATE INDEX IF NOT EXISTS idx_media_title ON Media(title);...
2026-09-16 06:45:01.950 | DEBUG    | tldw_Server_API.app.core.DB_Management.media_db.schema.features.core_media:apply_postgres_core_media_schema:370 - Applying Postgres index DDL: CREATE INDEX IF NOT EXISTS idx_media_type ON Media(type);...
2026-09-16 06:45:01.951 | DEBUG    | tldw_Server_API.app.core.DB_Management.media_db.schema.features.core_media:apply_postgres_core_media_schema:370 - Applying Postgres index DDL: CREATE INDEX IF NOT EXISTS idx_media_author ON Media(author);...
2026-09-16 06:45:01.951 | DEBUG    | tldw_Server_API.app.core.DB_Management.media_db.schema.features.core_media:apply_postgres_core_media_schema:370 - Applying Postgres index DDL: CREATE INDEX IF NOT EXISTS idx_media_ingestion_date ON Media(ingestion_date);...
2026-09-16 06:45:01.952 | DEBUG    | tldw_Server_API.app.core.DB_Management.media_db.schema.features.core_media:apply_postgres_core_media_schema:370 - Applying Postgres index DDL: CREATE INDEX IF NOT EXISTS idx_media_chunking_status ON Media(chunking_status);...
2026-09-16 06:45:01.952 | DEBUG    | tldw_Server_API.app.core.DB_Management.media_db.schema.features.core_media:apply_postgres_core_media_schema:370 - Applying Postgres index DDL: CREATE INDEX IF NOT EXISTS idx_media_vector_processing ON Media(vector_processing);...
2026-09-16 06:45:01.953 | DEBUG    | tldw_Server_API.app.core.DB_Management.media_db.schema.features.core_media:apply_postgres_core_media_schema:370 - Applying Postgres index DDL: CREATE INDEX IF NOT EXISTS idx_media_is_trash ON Media(is_trash);...
2026-09-16 06:45:01.953 | DEBUG    | tldw_Server_API.app.core.DB_Management.media_db.schema.features.core_media:apply_postgres_core_media_schema:370 - Applying Postgres index DDL: CREATE INDEX IF NOT EXISTS idx_media_content_hash ON Media(content_hash);...
2026-09-16 06:45:01.954 | DEBUG    | tldw_Server_API.app.core.DB_Management.media_db.schema.features.core_media:apply_postgres_core_media_schema:370 - Applying Postgres index DDL: CREATE INDEX IF NOT EXISTS idx_media_source_hash ON Media(source_hash);...
2026-09-16 06:45:01.954 | DEBUG    | tldw_Server_API.app.core.DB_Management.media_db.schema.features.core_media:apply_postgres_core_media_schema:370 - Applying Postgres index DDL: CREATE UNIQUE INDEX IF NOT EXISTS idx_media_uuid ON Media(uuid);...
2026-09-16 06:45:01.955 | DEBUG    | tldw_Server_API.app.core.DB_Management.media_db.schema.features.core_media:apply_postgres_core_media_schema:370 - Applying Postgres index DDL: CREATE INDEX IF NOT EXISTS idx_media_last_modified ON Media(last_modified);...
2026-09-16 06:45:01.955 | DEBUG    | tldw_Server_API.app.core.DB_Management.media_db.schema.features.core_media:apply_postgres_core_media_schema:370 - Applying Postgres index DDL: CREATE INDEX IF NOT EXISTS idx_media_deleted ON Media(deleted);...
2026-09-16 06:45:01.956 | DEBUG    | tldw_Server_API.app.core.DB_Management.media_db.schema.features.core_media:apply_postgres_core_media_schema:370 - Applying Postgres index DDL: CREATE INDEX IF NOT EXISTS idx_media_prev_version ON Media(prev_version);...
2026-09-16 06:45:01.956 | DEBUG    | tldw_Server_API.app.core.DB_Management.media_db.schema.features.core_media:apply_postgres_core_media_schema:370 - Applying Postgres index DDL: CREATE INDEX IF NOT EXISTS idx_media_merge_parent_uuid ON Media(merge_parent_uuid);...
2026-09-16 06:45:01.956 | DEBUG    | tldw_Server_API.app.core.DB_Management.media_db.schema.features.core_media:apply_postgres_core_media_schema:370 - Applying Postgres index DDL: CREATE INDEX IF NOT EXISTS idx_media_org_id ON Media(org_id);...
2026-09-16 06:45:01.957 | DEBUG    | tldw_Server_API.app.core.DB_Management.media_db.schema.features.core_media:apply_postgres_core_media_schema:370 - Applying Postgres index DDL: CREATE INDEX IF NOT EXISTS idx_media_team_id ON Media(team_id);...
2026-09-16 06:45:01.957 | DEBUG    | tldw_Server_API.app.core.DB_Management.media_db.schema.features.core_media:apply_postgres_core_media_schema:370 - Applying Postgres index DDL: CREATE INDEX IF NOT EXISTS idx_media_visibility ON Media(visibility);...
2026-09-16 06:45:01.957 | DEBUG    | tldw_Server_API.app.core.DB_Management.media_db.schema.features.core_media:apply_postgres_core_media_schema:370 - Applying Postgres index DDL: CREATE INDEX IF NOT EXISTS idx_media_owner_user_id ON Media(owner_user_id);...
2026-09-16 06:45:01.958 | DEBUG    | tldw_Server_API.app.core.DB_Management.media_db.schema.features.core_media:apply_postgres_core_media_schema:370 - Applying Postgres index DDL: CREATE INDEX IF NOT EXISTS idx_media_latest_transcription_run_id ON Media(latest_transcription_run_id);...
2026-09-16 06:45:01.958 | DEBUG    | tldw_Server_API.app.core.DB_Management.media_db.schema.features.core_media:apply_postgres_core_media_schema:370 - Applying Postgres index DDL: CREATE INDEX IF NOT EXISTS idx_media_next_transcription_run_id ON Media(next_transcription_run_id);...
2026-09-16 06:45:01.958 | DEBUG    | tldw_Server_API.app.core.DB_Management.media_db.schema.features.core_media:apply_postgres_core_media_schema:370 - Applying Postgres index DDL: CREATE UNIQUE INDEX IF NOT EXISTS ux_media_system_operation_source ON Media(system_operation_kind, system_operation_id, ...
2026-09-16 06:45:01.959 | DEBUG    | tldw_Server_API.app.core.DB_Management.media_db.schema.features.core_media:apply_postgres_core_media_schema:370 - Applying Postgres index DDL: CREATE UNIQUE INDEX IF NOT EXISTS idx_keywords_uuid ON Keywords(uuid);...
2026-09-16 06:45:01.959 | DEBUG    | tldw_Server_API.app.core.DB_Management.media_db.schema.features.core_media:apply_postgres_core_media_schema:370 - Applying Postgres index DDL: CREATE INDEX IF NOT EXISTS idx_keywords_last_modified ON Keywords(last_modified);...
2026-09-16 06:45:01.959 | DEBUG    | tldw_Server_API.app.core.DB_Management.media_db.schema.features.core_media:apply_postgres_core_media_schema:370 - Applying Postgres index DDL: CREATE INDEX IF NOT EXISTS idx_keywords_deleted ON Keywords(deleted);...
2026-09-16 06:45:01.960 | DEBUG    | tldw_Server_API.app.core.DB_Management.media_db.schema.features.core_media:apply_postgres_core_media_schema:370 - Applying Postgres index DDL: CREATE INDEX IF NOT EXISTS idx_keywords_prev_version ON Keywords(prev_version);...
2026-09-16 06:45:01.960 | DEBUG    | tldw_Server_API.app.core.DB_Management.media_db.schema.features.core_media:apply_postgres_core_media_schema:370 - Applying Postgres index DDL: CREATE INDEX IF NOT EXISTS idx_keywords_merge_parent_uuid ON Keywords(merge_parent_uuid);...
2026-09-16 06:45:01.960 | DEBUG    | tldw_Server_API.app.core.DB_Management.media_db.schema.features.core_media:apply_postgres_core_media_schema:370 - Applying Postgres index DDL: CREATE INDEX IF NOT EXISTS idx_mediakeywords_media_id ON MediaKeywords(media_id);...
2026-09-16 06:45:01.961 | DEBUG    | tldw_Server_API.app.core.DB_Management.media_db.schema.features.core_media:apply_postgres_core_media_schema:370 - Applying Postgres index DDL: CREATE INDEX IF NOT EXISTS idx_mediakeywords_keyword_id ON MediaKeywords(keyword_id);...
2026-09-16 06:45:01.961 | DEBUG    | tldw_Server_API.app.core.DB_Management.media_db.schema.features.core_media:apply_postgres_core_media_schema:370 - Applying Postgres index DDL: CREATE INDEX IF NOT EXISTS idx_owned_clone_keywords_keyword ON OperationOwnedCloneKeywords(keyword);...
2026-09-16 06:45:01.961 | DEBUG    | tldw_Server_API.app.core.DB_Management.media_db.schema.features.core_media:apply_postgres_core_media_schema:370 - Applying Postgres index DDL: CREATE INDEX IF NOT EXISTS idx_owned_clone_keywords_operation ON OperationOwnedCloneKeywords(operation_id, source_identi...
2026-09-16 06:45:01.962 | DEBUG    | tldw_Server_API.app.core.DB_Management.media_db.schema.features.core_media:apply_postgres_core_media_schema:370 - Applying Postgres index DDL: CREATE INDEX IF NOT EXISTS idx_transcripts_media_id ON Transcripts(media_id);...
2026-09-16 06:45:01.962 | DEBUG    | tldw_Server_API.app.core.DB_Management.media_db.schema.features.core_media:apply_postgres_core_media_schema:370 - Applying Postgres index DDL: CREATE UNIQUE INDEX IF NOT EXISTS idx_transcripts_uuid ON Transcripts(uuid);...
2026-09-16 06:45:01.963 | DEBUG    | tldw_Server_API.app.core.DB_Management.media_db.schema.features.core_media:apply_postgres_core_media_schema:370 - Applying Postgres index DDL: CREATE INDEX IF NOT EXISTS idx_transcripts_last_modified ON Transcripts(last_modified);...
2026-09-16 06:45:01.963 | DEBUG    | tldw_Server_API.app.core.DB_Management.media_db.schema.features.core_media:apply_postgres_core_media_schema:370 - Applying Postgres index DDL: CREATE INDEX IF NOT EXISTS idx_transcripts_deleted ON Transcripts(deleted);...
2026-09-16 06:45:01.963 | DEBUG    | tldw_Server_API.app.core.DB_Management.media_db.schema.features.core_media:apply_postgres_core_media_schema:370 - Applying Postgres index DDL: CREATE INDEX IF NOT EXISTS idx_transcripts_prev_version ON Transcripts(prev_version);...
2026-09-16 06:45:01.963 | DEBUG    | tldw_Server_API.app.core.DB_Management.media_db.schema.features.core_media:apply_postgres_core_media_schema:370 - Applying Postgres index DDL: CREATE INDEX IF NOT EXISTS idx_transcripts_merge_parent_uuid ON Transcripts(merge_parent_uuid);...
2026-09-16 06:45:01.964 | DEBUG    | tldw_Server_API.app.core.DB_Management.media_db.schema.features.core_media:apply_postgres_core_media_schema:370 - Applying Postgres index DDL: CREATE UNIQUE INDEX IF NOT EXISTS idx_transcripts_media_run_id ON Transcripts(media_id, transcription_run_id DESC) WHERE...
2026-09-16 06:45:01.964 | DEBUG    | tldw_Server_API.app.core.DB_Management.media_db.schema.features.core_media:apply_postgres_core_media_schema:370 - Applying Postgres index DDL: CREATE INDEX IF NOT EXISTS idx_transcripts_supersedes_run_id ON Transcripts(supersedes_run_id);...
2026-09-16 06:45:01.964 | DEBUG    | tldw_Server_API.app.core.DB_Management.media_db.schema.features.core_media:apply_postgres_core_media_schema:370 - Applying Postgres index DDL: CREATE UNIQUE INDEX IF NOT EXISTS idx_transcripts_media_idempotency_key ON Transcripts(media_id, idempotency_key) WHERE ...
2026-09-16 06:45:01.965 | DEBUG    | tldw_Server_API.app.core.DB_Management.media_db.schema.features.core_media:apply_postgres_core_media_schema:370 - Applying Postgres index DDL: CREATE INDEX IF NOT EXISTS idx_mediachunks_media_id ON MediaChunks(media_id);...
2026-09-16 06:45:01.965 | DEBUG    | tldw_Server_API.app.core.DB_Management.media_db.schema.features.core_media:apply_postgres_core_media_schema:370 - Applying Postgres index DDL: CREATE UNIQUE INDEX IF NOT EXISTS idx_mediachunks_uuid ON MediaChunks(uuid);...
2026-09-16 06:45:01.965 | DEBUG    | tldw_Server_API.app.core.DB_Management.media_db.schema.features.core_media:apply_postgres_core_media_schema:370 - Applying Postgres index DDL: CREATE INDEX IF NOT EXISTS idx_mediachunks_last_modified ON MediaChunks(last_modified);...
2026-09-16 06:45:01.966 | DEBUG    | tldw_Server_API.app.core.DB_Management.media_db.schema.features.core_media:apply_postgres_core_media_schema:370 - Applying Postgres index DDL: CREATE INDEX IF NOT EXISTS idx_mediachunks_deleted ON MediaChunks(deleted);...
2026-09-16 06:45:01.966 | DEBUG    | tldw_Server_API.app.core.DB_Management.media_db.schema.features.core_media:apply_postgres_core_media_schema:370 - Applying Postgres index DDL: CREATE INDEX IF NOT EXISTS idx_mediachunks_prev_version ON MediaChunks(prev_version);...
2026-09-16 06:45:01.967 | DEBUG    | tldw_Server_API.app.core.DB_Management.media_db.schema.features.core_media:apply_postgres_core_media_schema:370 - Applying Postgres index DDL: CREATE INDEX IF NOT EXISTS idx_mediachunks_merge_parent_uuid ON MediaChunks(merge_parent_uuid);...
2026-09-16 06:45:01.967 | DEBUG    | tldw_Server_API.app.core.DB_Management.media_db.schema.features.core_media:apply_postgres_core_media_schema:370 - Applying Postgres index DDL: CREATE INDEX IF NOT EXISTS idx_unvectorized_media_chunks_media_id ON UnvectorizedMediaChunks(media_id);...
2026-09-16 06:45:01.967 | DEBUG    | tldw_Server_API.app.core.DB_Management.media_db.schema.features.core_media:apply_postgres_core_media_schema:370 - Applying Postgres index DDL: CREATE INDEX IF NOT EXISTS idx_unvectorized_media_chunks_is_processed ON UnvectorizedMediaChunks(is_processed);...
2026-09-16 06:45:01.968 | DEBUG    | tldw_Server_API.app.core.DB_Management.media_db.schema.features.core_media:apply_postgres_core_media_schema:370 - Applying Postgres index DDL: CREATE INDEX IF NOT EXISTS idx_unvectorized_media_chunks_chunk_type ON UnvectorizedMediaChunks(chunk_type);...
2026-09-16 06:45:01.969 | DEBUG    | tldw_Server_API.app.core.DB_Management.media_db.schema.features.core_media:apply_postgres_core_media_schema:370 - Applying Postgres index DDL: CREATE UNIQUE INDEX IF NOT EXISTS idx_unvectorizedmediachunks_uuid ON UnvectorizedMediaChunks(uuid);...
2026-09-16 06:45:01.969 | DEBUG    | tldw_Server_API.app.core.DB_Management.media_db.schema.features.core_media:apply_postgres_core_media_schema:370 - Applying Postgres index DDL: CREATE INDEX IF NOT EXISTS idx_unvectorizedmediachunks_last_modified ON UnvectorizedMediaChunks(last_modified);...
2026-09-16 06:45:01.970 | DEBUG    | tldw_Server_API.app.core.DB_Management.media_db.schema.features.core_media:apply_postgres_core_media_schema:370 - Applying Postgres index DDL: CREATE INDEX IF NOT EXISTS idx_unvectorizedmediachunks_deleted ON UnvectorizedMediaChunks(deleted);...
2026-09-16 06:45:01.970 | DEBUG    | tldw_Server_API.app.core.DB_Management.media_db.schema.features.core_media:apply_postgres_core_media_schema:370 - Applying Postgres index DDL: CREATE INDEX IF NOT EXISTS idx_unvectorizedmediachunks_prev_version ON UnvectorizedMediaChunks(prev_version);...
2026-09-16 06:45:01.970 | DEBUG    | tldw_Server_API.app.core.DB_Management.media_db.schema.features.core_media:apply_postgres_core_media_schema:370 - Applying Postgres index DDL: CREATE INDEX IF NOT EXISTS idx_unvectorizedmediachunks_merge_parent_uuid ON UnvectorizedMediaChunks(merge_parent_uuid);...
2026-09-16 06:45:01.971 | DEBUG    | tldw_Server_API.app.core.DB_Management.media_db.schema.features.core_media:apply_postgres_core_media_schema:370 - Applying Postgres index DDL: CREATE INDEX IF NOT EXISTS idx_visualdocs_media_id ON VisualDocuments(media_id);...
2026-09-16 06:45:01.971 | DEBUG    | tldw_Server_API.app.core.DB_Management.media_db.schema.features.core_media:apply_postgres_core_media_schema:370 - Applying Postgres index DDL: CREATE UNIQUE INDEX IF NOT EXISTS idx_visualdocs_uuid ON VisualDocuments(uuid);...
2026-09-16 06:45:01.972 | DEBUG    | tldw_Server_API.app.core.DB_Management.media_db.schema.features.core_media:apply_postgres_core_media_schema:370 - Applying Postgres index DDL: CREATE INDEX IF NOT EXISTS idx_visualdocs_last_modified ON VisualDocuments(last_modified);...
2026-09-16 06:45:01.972 | DEBUG    | tldw_Server_API.app.core.DB_Management.media_db.schema.features.core_media:apply_postgres_core_media_schema:370 - Applying Postgres index DDL: CREATE INDEX IF NOT EXISTS idx_visualdocs_deleted ON VisualDocuments(deleted);...
2026-09-16 06:45:01.973 | DEBUG    | tldw_Server_API.app.core.DB_Management.media_db.schema.features.core_media:apply_postgres_core_media_schema:370 - Applying Postgres index DDL: CREATE INDEX IF NOT EXISTS idx_visualdocs_prev_version ON VisualDocuments(prev_version);...
2026-09-16 06:45:01.974 | DEBUG    | tldw_Server_API.app.core.DB_Management.media_db.schema.features.core_media:apply_postgres_core_media_schema:370 - Applying Postgres index DDL: CREATE INDEX IF NOT EXISTS idx_visualdocs_merge_parent_uuid ON VisualDocuments(merge_parent_uuid);...
2026-09-16 06:45:01.974 | DEBUG    | tldw_Server_API.app.core.DB_Management.media_db.schema.features.core_media:apply_postgres_core_media_schema:370 - Applying Postgres index DDL: CREATE INDEX IF NOT EXISTS idx_visualdocs_page_frame ON VisualDocuments(media_id, page_number, frame_index);...
2026-09-16 06:45:01.975 | DEBUG    | tldw_Server_API.app.core.DB_Management.media_db.schema.features.core_media:apply_postgres_core_media_schema:370 - Applying Postgres index DDL: CREATE INDEX IF NOT EXISTS idx_visualdocs_caption ON VisualDocuments(caption);...
2026-09-16 06:45:01.975 | DEBUG    | tldw_Server_API.app.core.DB_Management.media_db.schema.features.core_media:apply_postgres_core_media_schema:370 - Applying Postgres index DDL: CREATE INDEX IF NOT EXISTS idx_visualdocs_tags ON VisualDocuments(tags);...
2026-09-16 06:45:01.975 | DEBUG    | tldw_Server_API.app.core.DB_Management.media_db.schema.features.core_media:apply_postgres_core_media_schema:370 - Applying Postgres index DDL: CREATE INDEX IF NOT EXISTS idx_document_versions_media_id ON DocumentVersions(media_id);...
2026-09-16 06:45:01.976 | DEBUG    | tldw_Server_API.app.core.DB_Management.media_db.schema.features.core_media:apply_postgres_core_media_schema:370 - Applying Postgres index DDL: CREATE INDEX IF NOT EXISTS idx_document_versions_version_number ON DocumentVersions(version_number);...
2026-09-16 06:45:01.976 | DEBUG    | tldw_Server_API.app.core.DB_Management.media_db.schema.features.core_media:apply_postgres_core_media_schema:370 - Applying Postgres index DDL: CREATE UNIQUE INDEX IF NOT EXISTS idx_documentversions_uuid ON DocumentVersions(uuid);...
2026-09-16 06:45:01.976 | DEBUG    | tldw_Server_API.app.core.DB_Management.media_db.schema.features.core_media:apply_postgres_core_media_schema:370 - Applying Postgres index DDL: CREATE INDEX IF NOT EXISTS idx_documentversions_last_modified ON DocumentVersions(last_modified);...
2026-09-16 06:45:01.977 | DEBUG    | tldw_Server_API.app.core.DB_Management.media_db.schema.features.core_media:apply_postgres_core_media_schema:370 - Applying Postgres index DDL: CREATE INDEX IF NOT EXISTS idx_documentversions_deleted ON DocumentVersions(deleted);...
2026-09-16 06:45:01.977 | DEBUG    | tldw_Server_API.app.core.DB_Management.media_db.schema.features.core_media:apply_postgres_core_media_schema:370 - Applying Postgres index DDL: CREATE INDEX IF NOT EXISTS idx_documentversions_prev_version ON DocumentVersions(prev_version);...
2026-09-16 06:45:01.978 | DEBUG    | tldw_Server_API.app.core.DB_Management.media_db.schema.features.core_media:apply_postgres_core_media_schema:370 - Applying Postgres index DDL: CREATE INDEX IF NOT EXISTS idx_documentversions_merge_parent_uuid ON DocumentVersions(merge_parent_uuid);...
2026-09-16 06:45:01.978 | DEBUG    | tldw_Server_API.app.core.DB_Management.media_db.schema.features.core_media:apply_postgres_core_media_schema:370 - Applying Postgres index DDL: CREATE INDEX IF NOT EXISTS idx_dvi_doi ON DocumentVersionIdentifiers(doi);...
2026-09-16 06:45:01.979 | DEBUG    | tldw_Server_API.app.core.DB_Management.media_db.schema.features.core_media:apply_postgres_core_media_schema:370 - Applying Postgres index DDL: CREATE INDEX IF NOT EXISTS idx_dvi_pmid ON DocumentVersionIdentifiers(pmid);...
2026-09-16 06:45:01.979 | DEBUG    | tldw_Server_API.app.core.DB_Management.media_db.schema.features.core_media:apply_postgres_core_media_schema:370 - Applying Postgres index DDL: CREATE INDEX IF NOT EXISTS idx_dvi_pmcid ON DocumentVersionIdentifiers(pmcid);...
2026-09-16 06:45:01.979 | DEBUG    | tldw_Server_API.app.core.DB_Management.media_db.schema.features.core_media:apply_postgres_core_media_schema:370 - Applying Postgres index DDL: CREATE INDEX IF NOT EXISTS idx_dvi_arxiv ON DocumentVersionIdentifiers(arxiv_id);...
2026-09-16 06:45:01.980 | DEBUG    | tldw_Server_API.app.core.DB_Management.media_db.schema.features.core_media:apply_postgres_core_media_schema:370 - Applying Postgres index DDL: CREATE INDEX IF NOT EXISTS idx_dvi_s2 ON DocumentVersionIdentifiers(s2_paper_id);...
2026-09-16 06:45:01.980 | DEBUG    | tldw_Server_API.app.core.DB_Management.media_db.schema.features.core_media:apply_postgres_core_media_schema:370 - Applying Postgres index DDL: CREATE INDEX IF NOT EXISTS idx_dsi_media_kind ON DocumentStructureIndex(media_id, kind);...
2026-09-16 06:45:01.980 | DEBUG    | tldw_Server_API.app.core.DB_Management.media_db.schema.features.core_media:apply_postgres_core_media_schema:370 - Applying Postgres index DDL: CREATE INDEX IF NOT EXISTS idx_dsi_media_start ON DocumentStructureIndex(media_id, start_char);...
2026-09-16 06:45:01.981 | DEBUG    | tldw_Server_API.app.core.DB_Management.media_db.schema.features.core_media:apply_postgres_core_media_schema:370 - Applying Postgres index DDL: CREATE INDEX IF NOT EXISTS idx_dsi_media_parent ON DocumentStructureIndex(parent_id);...
2026-09-16 06:45:01.981 | DEBUG    | tldw_Server_API.app.core.DB_Management.media_db.schema.features.core_media:apply_postgres_core_media_schema:370 - Applying Postgres index DDL: CREATE INDEX IF NOT EXISTS idx_dsi_media_path ON DocumentStructureIndex(media_id, path);...
2026-09-16 06:45:01.981 | DEBUG    | tldw_Server_API.app.core.DB_Management.media_db.schema.features.core_media:apply_postgres_core_media_schema:370 - Applying Postgres index DDL: CREATE INDEX IF NOT EXISTS idx_sync_log_ts ON sync_log(timestamp);...
2026-09-16 06:45:01.981 | DEBUG    | tldw_Server_API.app.core.DB_Management.media_db.schema.features.core_media:apply_postgres_core_media_schema:370 - Applying Postgres index DDL: CREATE INDEX IF NOT EXISTS idx_sync_log_entity_uuid ON sync_log(entity_uuid);...
2026-09-16 06:45:01.982 | DEBUG    | tldw_Server_API.app.core.DB_Management.media_db.schema.features.core_media:apply_postgres_core_media_schema:370 - Applying Postgres index DDL: CREATE INDEX IF NOT EXISTS idx_sync_log_client_id ON sync_log(client_id);...
2026-09-16 06:45:01.982 | DEBUG    | tldw_Server_API.app.core.DB_Management.media_db.schema.features.core_media:apply_postgres_core_media_schema:370 - Applying Postgres index DDL: CREATE INDEX IF NOT EXISTS idx_sync_log_org_id ON sync_log(org_id);...
2026-09-16 06:45:01.982 | DEBUG    | tldw_Server_API.app.core.DB_Management.media_db.schema.features.core_media:apply_postgres_core_media_schema:370 - Applying Postgres index DDL: CREATE INDEX IF NOT EXISTS idx_sync_log_team_id ON sync_log(team_id);...
2026-09-16 06:45:01.983 | DEBUG    | tldw_Server_API.app.core.DB_Management.media_db.schema.features.core_media:apply_postgres_core_media_schema:370 - Applying Postgres index DDL: CREATE UNIQUE INDEX IF NOT EXISTS idx_unique_template_name ON ChunkingTemplates(name) WHERE deleted = FALSE;...
2026-09-16 06:45:01.983 | DEBUG    | tldw_Server_API.app.core.DB_Management.media_db.schema.features.core_media:apply_postgres_core_media_schema:370 - Applying Postgres index DDL: CREATE INDEX IF NOT EXISTS idx_template_is_builtin ON ChunkingTemplates(is_builtin);...
2026-09-16 06:45:01.983 | DEBUG    | tldw_Server_API.app.core.DB_Management.media_db.schema.features.core_media:apply_postgres_core_media_schema:370 - Applying Postgres index DDL: CREATE INDEX IF NOT EXISTS idx_template_deleted ON ChunkingTemplates(deleted);...
2026-09-16 06:45:01.984 | DEBUG    | tldw_Server_API.app.core.DB_Management.media_db.schema.features.core_media:apply_postgres_core_media_schema:370 - Applying Postgres index DDL: CREATE INDEX IF NOT EXISTS idx_template_tags ON ChunkingTemplates(tags);...
2026-09-16 06:45:02.101 | DEBUG    | tldw_Server_API.app.core.DB_Management.media_db.runtime.bootstrap_lifecycle_ops:initialize_media_database:138 - Database initialization completed successfully for :memory:
2026-09-16 06:45:02.112 | ERROR    | tldw_Server_API.app.core.DB_Management.backends.postgresql_backend:execute:1086 - PostgreSQL query execution failed2026-09-16 06:45:02.291 | INFO     | tldw_Server_API.app.api.v1.API_Deps.Audit_DB_Deps:<module>:532 - Using cachetools.LRUCache for audit service instances (maxsize=20).
2026-09-16 06:45:02.292 | INFO     | tldw_Server_API.app.api.v1.API_Deps.Audit_DB_Deps:shutdown_all_audit_services:1034 - Shutting down audit services for 0 instances...
2026-09-16 06:45:02.292 | INFO     | tldw_Server_API.app.api.v1.API_Deps.Audit_DB_Deps:shutdown_all_audit_services:1091 - All audit services shut down successfully.
2026-09-16 06:45:02.305 | DEBUG    | tldw_Server_API.app.core.AuthNZ.settings:_ensure_jwt_secret:899 - Single-user mode - skipping JWT secret initialization
2026-09-16 06:45:02.305 | WARNING  | tldw_Server_API.app.core.AuthNZ.settings:_validate_api_key:1013 - SINGLE_USER_API_KEY uses a legacy format; generate a new server-generated key for improved security.
2026-09-16 06:45:02.305 | INFO     | tldw_Server_API.app.core.AuthNZ.settings:get_settings:1588 - Settings initialized - Auth mode: single_user, profile=local-single-user
2026-09-16 06:45:02.305 | INFO     | tldw_Server_API.app.core.AuthNZ.db_config:_detect_backend:83 - Detected database backend: sqlite
2026-09-16 06:45:02.466 | DEBUG    | tldw_Server_API.app.core.config:_buffered_log:210 - load_and_log_configs(): Loading and logging configurations...
2026-09-16 06:45:02.508 | DEBUG    | tldw_Server_API.app.core.config:_buffered_log:210 - load_and_log_configs(): Loading and logging configurations...
2026-09-16 06:45:02.613 | INFO     | tldw_Server_API.app.core.Chat.prompt_template_manager:<module>:201 - Prompt templates directory: /Users/macbook-dev/Documents/GitHub/tldw_server2/tldw_Server_API/app/core/Chat/prompt_templates
2026-09-16 06:45:02.613 | INFO     | tldw_Server_API.app.core.Chat.prompt_template_manager:<module>:202 - Available templates found: []
2026-09-16 06:45:02.730 | DEBUG    | tldw_Server_API.app.core.Scheduler.base.registry:decorator:81 - Registered task handler: watchlist_run
2026-09-16 06:45:02.730 | DEBUG    | tldw_Server_API.app.core.Scheduler.base.registry:decorator:81 - Registered task handler: watchlists_enrich_output
2026-09-16 06:45:02.730 | DEBUG    | tldw_Server_API.app.core.Scheduler.base.registry:decorator:81 - Registered task handler: watchlists_deliver_briefing
2026-09-16 06:45:02.731 | DEBUG    | tldw_Server_API.app.core.Scheduler.base.registry:decorator:81 - Registered task handler: acp_run
2026-09-16 06:45:02.732 | DEBUG    | tldw_Server_API.app.core.Scheduler.base.registry:decorator:81 - Registered task handler: workflow_run
2026-09-16 06:45:02.732 | WARNING  | tldw_Server_API.app.core.DB_Management.db_path_utils:resolve_user_db_base_dir:491 - USER_DB_BASE_DIR not configured in tests, using isolated fallback: /private/var/folders/sn/m80n2j152t9gw3w8qwk2nykh0000gn/T/tldw_user_databases_test/default-4de3bc4c
2026-09-16 06:45:02.733 | DEBUG    | tldw_Server_API.app.core.DB_Management.backends.factory:_get_or_create_shared_sqlite_backend:325 - Creating sqlite backend for /private/var/folders/sn/m80n2j152t9gw3w8qwk2nykh0000gn/T/tldw_user_databases_test/default-4de3bc4c/1/workflows/workflows_scheduler.db
2026-09-16 06:45:02.734 | INFO     | tldw_Server_API.app.core.DB_Management.Workflows_Scheduler_DB:__init__:210 - WorkflowsSchedulerDB using SQLite path: /private/var/folders/sn/m80n2j152t9gw3w8qwk2nykh0000gn/T/tldw_user_databases_test/default-4de3bc4c/1/workflows/workflows_scheduler.db
2026-09-16 06:45:02.734 | INFO     | tldw_Server_API.app.services.workflows_scheduler:stop:183 - Workflows recurring scheduler stopped
2026-09-16 06:45:02.735 | INFO     | tldw_Server_API.app.api.v1.API_Deps.ChaCha_Notes_DB_Deps:close_all_chacha_db_instances:862 - Closing all cached ChaChaNotesDB instances (0)...
2026-09-16 06:45:02.735 | INFO     | tldw_Server_API.app.api.v1.API_Deps.ChaCha_Notes_DB_Deps:close_all_chacha_db_instances:878 - All ChaChaNotesDB instances closed and cache cleared.
2026-09-16 06:45:02.743 | INFO     | tldw_Server_API.app.api.v1.API_Deps.DB_Deps:<module>:57 - Using LRUCache for user DB instances (maxsize=100).
2026-09-16 06:45:02.975 | DEBUG    | tldw_Server_API.app.core.Metrics.metrics_manager:register_metric:1885 - Registered metric: chunker_cache_get_total
2026-09-16 06:45:02.975 | DEBUG    | tldw_Server_API.app.core.Metrics.metrics_manager:register_metric:1885 - Registered metric: chunker_cache_put_total
2026-09-16 06:45:02.975 | DEBUG    | tldw_Server_API.app.core.Metrics.metrics_manager:register_metric:1885 - Registered metric: chunker_process_total
2026-09-16 06:45:02.975 | DEBUG    | tldw_Server_API.app.core.Metrics.metrics_manager:register_metric:1885 - Registered metric: chunker_frontmatter_duration_seconds
2026-09-16 06:45:02.975 | DEBUG    | tldw_Server_API.app.core.Metrics.metrics_manager:register_metric:1885 - Registered metric: chunker_header_extract_seconds
2026-09-16 06:45:02.976 | DEBUG    | tldw_Server_API.app.core.Metrics.metrics_manager:register_metric:1885 - Registered metric: chunker_chunking_duration_seconds
2026-09-16 06:45:02.976 | DEBUG    | tldw_Server_API.app.core.Metrics.metrics_manager:register_metric:1885 - Registered metric: chunker_normalization_seconds
2026-09-16 06:45:02.976 | DEBUG    | tldw_Server_API.app.core.Metrics.metrics_manager:register_metric:1885 - Registered metric: chunker_last_chunk_count
2026-09-16 06:45:02.976 | DEBUG    | tldw_Server_API.app.core.Metrics.metrics_manager:register_metric:1885 - Registered metric: chunker_output_bytes
2026-09-16 06:45:02.976 | DEBUG    | tldw_Server_API.app.core.Metrics.metrics_manager:register_metric:1885 - Registered metric: chunker_input_bytes
2026-09-16 06:45:02.976 | DEBUG    | tldw_Server_API.app.core.Metrics.metrics_manager:register_metric:1885 - Registered metric: chunker_process_total_seconds
2026-09-16 06:45:02.976 | DEBUG    | tldw_Server_API.app.core.config:_buffered_log:210 - load_and_log_configs(): Loading and logging configurations...
2026-09-16 06:45:02.978 | DEBUG    | tldw_Server_API.app.core.config:_buffered_log:210 - load_and_log_configs(): Loading and logging configurations...

--------------------------- Captured stderr teardown ---------------------------
2026-09-16 06:45:02.217 | INFO     | tldw_Server_API.app.core.config:_buffered_log:210 - Determined ACTUAL_PROJECT_ROOT for database paths: /Users/macbook-dev/Documents/GitHub/tldw_server2
2026-09-16 06:45:02.218 | INFO     | tldw_Server_API.app.core.config:_buffered_log:210 - Early loading environment variables from: /Users/macbook-dev/Documents/GitHub/tldw_server2/tldw_Server_API/Config_Files/.env
2026-09-16 06:45:02.222 | INFO     | tldw_Server_API.app.core.config:_buffered_log:210 - Early loading environment variables from: /Users/macbook-dev/Documents/GitHub/tldw_server2/tldw_Server_API/Config_Files/.ENV
2026-09-16 06:45:02.227 | DEBUG    | tldw_Server_API.app.core.config:_buffered_log:210 - load_and_log_configs(): Loading and logging configurations...
2026-09-16 06:45:02.227 | INFO     | tldw_Server_API.app.core.config:_buffered_log:210 - Loading environment variables from: /Users/macbook-dev/Documents/GitHub/tldw_server2/tldw_Server_API/Config_Files/.env
2026-09-16 06:45:02.232 | INFO     | tldw_Server_API.app.core.config:_buffered_log:210 - Loading environment variables from: /Users/macbook-dev/Documents/GitHub/tldw_server2/tldw_Server_API/Config_Files/.ENV
2026-09-16 06:45:02.236 | INFO     | tldw_Server_API.app.core.config:_buffered_log:210 - Attempting to load comprehensive config from: /Users/macbook-dev/Documents/GitHub/tldw_server2/tldw_Server_API/Config_Files/config.txt
2026-09-16 06:45:02.238 | INFO     | tldw_Server_API.app.core.config:_buffered_log:210 - load_comprehensive_config(): Sections found in config: ['Setup', 'UI', 'Server', 'Files', 'Image-Generation', 'ACP', 'WORKSPACES', 'ACP-WORKSPACE', 'ACP-SANDBOX', 'Audit', 'Processing', 'Media-Processing', 'Chat-Dictionaries', 'Chat-Module', 'Chat-Commands', 'Chat-Templating', 'Character-Chat', 'Settings', 'Auto-Save', 'Prompts', 'Database', 'Chunking', 'Visual-RAG', 'AuthNZ', 'Streaming', 'HTTP', 'Egress', 'Embeddings', 'Claims', 'ClaimsMonitoring', 'RAG', 'Search-Agent', 'ResourceGovernor', 'Jobs', 'SlidesStandaloneHtml', 'Diarization', 'API', 'MLX', 'Local-API', 'LlamaCpp', 'STT-Settings', 'external_providers', 'TTS-Settings', 'VibeVoice', 'Audio-Quota', 'API-Routes', 'Search-Engines', 'Web-Scraper', 'Logging', 'Moderation', 'Redis', 'Web-Scraping', 'personalization', 'persona', 'persona.rbac']
2026-09-16 06:45:02.241 | INFO     | tldw_Server_API.app.core.config:_buffered_log:210 - Ensured main SQLite database directory exists: /Users/macbook-dev/Documents/GitHub/tldw_server2/Databases
2026-09-16 06:45:02.241 | INFO     | tldw_Server_API.app.core.config:_buffered_log:210 - Ensured user data base directory exists: Databases/user_databases
2026-09-16 06:45:02.241 | INFO     | tldw_Server_API.app.api.v1.API_Deps.ChaCha_Notes_DB_Deps:<module>:354 - Using LRUCache for ChaChaNotes DB instances (maxsize=20).
2026-09-16 06:45:02.241 | INFO     | tldw_Server_API.app.api.v1.API_Deps.ChaCha_Notes_DB_Deps:close_all_chacha_db_instances:862 - Closing all cached ChaChaNotesDB instances (0)...
2026-09-16 06:45:02.241 | INFO     | tldw_Server_API.app.api.v1.API_Deps.ChaCha_Notes_DB_Deps:close_all_chacha_db_instances:878 - All ChaChaNotesDB instances closed and cache cleared.
2026-09-16 06:45:02.258 | INFO     | tldw_Server_API.app.api.v1.API_Deps.ChaCha_Notes_DB_Deps:close_all_chacha_db_instances:862 - Closing all cached ChaChaNotesDB instances (0)...
2026-09-16 06:45:02.259 | INFO     | tldw_Server_API.app.api.v1.API_Deps.ChaCha_Notes_DB_Deps:close_all_chacha_db_instances:878 - All ChaChaNotesDB instances closed and cache cleared.
======================== 1 failed, 4 warnings in 3.70s =========================
