
 RUN  v4.0.18 /Users/macbook-dev/Documents/GitHub/tldw_server2/apps/packages/ui

(node:19574) ExperimentalWarning: localStorage is not available because --localstorage-file was not provided.
(Use `node --trace-warnings ...` to show where the warning was created)
 ✓ src/db/dexie/__tests__/server-chat-chronology.test.ts > saved Chat canonical chronology > keeps an acknowledged raw RAG question before its answer across repeated mirror reloads 2ms
 ✓ src/db/dexie/__tests__/server-chat-chronology.test.ts > saved Chat canonical chronology > keeps the unchanged ordinary turn in canonical order 0ms
 ✓ src/db/dexie/__tests__/server-chat-chronology.test.ts > saved Chat canonical chronology > preserves protected content and images with local version undefined without preserving its late timestamp 0ms
 ✓ src/db/dexie/__tests__/server-chat-chronology.test.ts > saved Chat canonical chronology > preserves protected content and images with local version 1 without preserving its late timestamp 0ms
 ✓ src/db/dexie/__tests__/server-chat-chronology.test.ts > saved Chat canonical chronology > preserves protected content and images with local version 3 without preserving its late timestamp 0ms
 ✓ src/db/dexie/__tests__/server-chat-chronology.test.ts > saved Chat canonical chronology > preserves content edited during the snapshot await with canonical chronology 0ms
 ✓ src/db/dexie/__tests__/server-chat-chronology.test.ts > saved Chat canonical chronology > retains local chronology when canonical createdAt is undefined 0ms
 ✓ src/db/dexie/__tests__/server-chat-chronology.test.ts > saved Chat canonical chronology > retains local chronology when canonical createdAt is null 0ms
 ✓ src/db/dexie/__tests__/server-chat-chronology.test.ts > saved Chat canonical chronology > retains local chronology when canonical createdAt is NaN 0ms
 ✓ src/db/dexie/__tests__/server-chat-chronology.test.ts > saved Chat canonical chronology > retains local chronology when canonical createdAt is Infinity 0ms
 ✓ src/db/dexie/__tests__/server-chat-chronology.test.ts > saved Chat canonical chronology > retains local chronology when canonical createdAt is -Infinity 0ms
 ✓ src/db/dexie/__tests__/server-chat-chronology.test.ts > saved Chat canonical chronology > retains local chronology when canonical createdAt is invalid 0ms
 ✓ src/db/dexie/__tests__/server-chat-chronology.test.ts > saved Chat canonical chronology > accepts epoch zero as a valid canonical timestamp 0ms
 ✓ src/db/dexie/__tests__/server-chat-chronology.test.ts > saved Chat canonical chronology > retains distinct repeated drafts and an older local retrieval failure without claiming promotion receipts 0ms
 ✓ src/db/dexie/__tests__/server-chat-chronology.test.ts > saved Chat canonical chronology > does not adopt chronology across a changed owner 1ms
 ✓ src/db/dexie/__tests__/server-chat-chronology.test.ts > saved Chat canonical chronology > does not adopt chronology across a changed conversation 0ms
 ✓ src/db/dexie/__tests__/server-chat-chronology.test.ts > saved Chat canonical chronology > does not adopt chronology across a changed history 0ms
 ✓ src/db/dexie/__tests__/server-chat-chronology.test.ts > independent timestamp boundary probes > rejects a nonnumeric timestamp without coercing local epoch zero: 1000 0ms
 ✓ src/db/dexie/__tests__/server-chat-chronology.test.ts > independent timestamp boundary probes > rejects a nonnumeric timestamp without coercing local epoch zero:  0ms
 ✓ src/db/dexie/__tests__/server-chat-chronology.test.ts > independent timestamp boundary probes > rejects a nonnumeric timestamp without coercing local epoch zero: true 0ms
 ✓ src/db/dexie/__tests__/server-chat-chronology.test.ts > independent timestamp boundary probes > rejects a nonnumeric timestamp without coercing local epoch zero: false 0ms
 ✓ src/db/dexie/__tests__/server-chat-chronology.test.ts > independent timestamp boundary probes > rejects a nonnumeric timestamp without coercing local epoch zero: {} 0ms
 ✓ src/db/dexie/__tests__/server-chat-chronology.test.ts > independent timestamp boundary probes > rejects a nonnumeric timestamp without coercing local epoch zero:  0ms
 ✓ src/db/dexie/__tests__/server-chat-chronology.test.ts > independent timestamp boundary probes > rejects a nonnumeric timestamp without coercing local epoch zero: Wed Dec 31 1969 16:00:01 GMT-0800 (Pacific Standard Time) 0ms
 ✓ src/db/dexie/__tests__/server-chat-chronology.test.ts > independent timestamp boundary probes > rejects a nonnumeric timestamp without coercing local epoch zero: 1000 0ms
 ✓ src/db/dexie/__tests__/server-chat-chronology.test.ts > independent timestamp boundary probes > rejects a nonnumeric timestamp without coercing local epoch zero: 1000n 0ms
 × src/db/dexie/__tests__/server-chat-chronology.test.ts > independent timestamp boundary probes > gives new invalid-dated rows a stable persisted fallback that reaches memory 2ms
   → expected NaN to be 9000 // Object.is equality
 ✓ src/db/dexie/__tests__/server-chat-chronology.test.ts > independent timestamp boundary probes > uses the captured local fallback when no durable row exists 0ms
 ✓ src/db/dexie/__tests__/server-chat-chronology.test.ts > independent timestamp boundary probes > accepts canonical time 500 even for a newer protected edit 0ms
 ✓ src/db/dexie/__tests__/server-chat-chronology.test.ts > independent timestamp boundary probes > accepts canonical time 6000 even for a newer protected edit 0ms
 ✓ src/db/dexie/__tests__/server-chat-chronology.test.ts > independent timestamp boundary probes > keeps a timestamp-only local mutation from replacing canonical chronology 0ms
 ✓ src/db/dexie/__tests__/server-chat-chronology.test.ts > independent real loader fallback shape > assigns a stable new-row fallback after invalid Date.parse maps to undefined 0ms

⎯⎯⎯⎯⎯⎯⎯ Failed Tests 1 ⎯⎯⎯⎯⎯⎯⎯

 FAIL  src/db/dexie/__tests__/server-chat-chronology.test.ts > independent timestamp boundary probes > gives new invalid-dated rows a stable persisted fallback that reaches memory
AssertionError: expected NaN to be 9000 // Object.is equality

- Expected
+ Received

- 9000
+ NaN

 ❯ src/db/dexie/__tests__/server-chat-chronology.test.ts:192:38
    167|     expect(state.messages.get("local-user")).toMatchObject({ createdAt…
    168|   })
    169| })
       |   ^
    170|

⎯⎯⎯⎯⎯⎯⎯⎯⎯⎯⎯⎯⎯⎯⎯⎯⎯⎯⎯⎯⎯⎯⎯⎯[1/1]⎯


 Test Files  1 failed (1)
      Tests  1 failed | 31 passed (32)
   Start at  12:29:24
   Duration  442ms (transform 89ms, setup 70ms, import 83ms, tests 8ms, environment 199ms)
