$ vitest run src/hooks/chat/__tests__/useChatActions.saved-normal.integration.test.tsx -t "UAT131"

 RUN  v4.0.18 /Users/macbook-dev/Documents/GitHub/tldw_server2/apps/packages/ui

stdout | src/hooks/chat/__tests__/useChatActions.saved-normal.integration.test.tsx > saved normal Chat pipeline with autosave > UAT131 promotes exact greeting identity through loader, send and reload: immediate
Using normalChatMode

stdout | src/hooks/chat/__tests__/useChatActions.saved-normal.integration.test.tsx > saved normal Chat pipeline with autosave > UAT131 promotes exact greeting identity through loader, send and reload: delayed ACK
Using normalChatMode

stdout | src/hooks/chat/__tests__/useChatActions.saved-normal.integration.test.tsx > saved normal Chat pipeline with autosave > UAT131 promotes exact greeting identity through loader, send and reload: ambiguous ACK
Using normalChatMode

 ❯ src/hooks/chat/__tests__/useChatActions.saved-normal.integration.test.tsx (69 tests | 3 failed | 66 skipped) 1346ms
     ↓ deletes a qualified mirror row and clears its local reply target using the canonical request ID
     ↓ deletes a qualified mirror row and clears its server reply target using the canonical request ID
     × UAT131 promotes exact greeting identity through loader, send and reload: immediate 447ms
     × UAT131 promotes exact greeting identity through loader, send and reload: delayed ACK 448ms
     × UAT131 promotes exact greeting identity through loader, send and reload: ambiguous ACK 450ms
     ↓ retains incomplete promotion across same-authority reconnect after 0 copies
     ↓ retains incomplete promotion across same-authority reconnect after 1 copies
     ↓ pauses rather than completes when readiness is lost during create
     ↓ pauses rather than completes when readiness is lost during first copy
     ↓ blocks changed server history after a readiness pause during create
     ↓ blocks changed server history after a readiness pause during acknowledged copy
     ↓ reconciles literal placeholder text using raw listing content
     ↓ keeps unsupported image work through blocked Retry, actual vision-model selection and canonical remount: '' / prior false
     ↓ keeps unsupported image work through blocked Retry, actual vision-model selection and canonical remount: '  Keep this image  ' / prior false
     ↓ keeps unsupported image work through blocked Retry, actual vision-model selection and canonical remount: '' / prior true
     ↓ keeps unsupported image work through blocked Retry, actual vision-model selection and canonical remount: '  Keep this image  ' / prior true
     ↓ retains server Retry after an ambiguous transport failure and a later capability refusal: initial refusal false
     ↓ retains server Retry after an ambiguous transport failure and a later capability refusal: initial refusal true
     ↓ allows explicit current-image OCR but refuses unconverted prior images on the next text-only turn
     ↓ does not publish delayed image capability errors after A to B to B
     ↓ does not publish delayed image capability errors after A to B to A
     ↓ hydrates a failed saved turn before Retry without duplicating the canonical user
     ↓ rejects a multi-attachment user before changing the active draft or local mirror
     ↓ recovers actual image transport through the domain adapter, mounted mirror, Retry and remount: 'Image question' / prior false
     ↓ recovers actual image transport through the domain adapter, mounted mirror, Retry and remount: '' / prior false
     ↓ recovers actual image transport through the domain adapter, mounted mirror, Retry and remount: 'Image question' / prior true
     ↓ recovers actual image transport through the domain adapter, mounted mirror, Retry and remount: '' / prior true
     ↓ does not apply delayed failed-user correlation after A to B to B
     ↓ does not apply delayed failed-user correlation after A to B to A
     ↓ successful regeneration does not re-ACK the already acknowledged user
     ↓ real failed-turn regeneration sends the intended user once without its display error
     ↓ persists a real acknowledged reasoning-only stream as one recoverable saved pair
     ↓ acknowledges both saved turns before backlink eligibility and reload without consuming an identical unsent draft
     ↓ does not apply late stream acknowledgements after switching A to B to B
     ↓ does not apply late stream acknowledgements after switching A to B to A
     ↓ establishes one neutral conversation and local history before inference, including a queued second turn
     ↓ cannot autosave a second conversation while the completed first pair is waiting for local persistence
     ↓ keeps temporary inference unsaved and promotes its existing pair only once
     ↓ returns a recoverable creation failure and retries without a duplicate pair
     ↓ waits for the entire local promotion during create before a follow-up and queued turn
     ↓ waits for the entire local promotion during message before a follow-up and queued turn
     ↓ rechecks the current conversation after promotion finishes during send initialization
     ↓ cancels a waiting follow-up without cancelling the owning promotion
     ↓ cleans up a failed promotion so retry saves the original pair before the next turn
     ↓ retries incomplete promotion through the visible notification after 0 acknowledged copies
     ↓ retries incomplete promotion through the visible notification after 1 acknowledged copies
     ↓ retries incomplete promotion through the visible notification after ambiguous commit acknowledged copies
     ↓ keeps incomplete promotion blocked when reconciliation finds changed identity
     ↓ keeps incomplete promotion blocked when reconciliation finds additional row
     ↓ keeps incomplete promotion blocked when reconciliation finds reordered rows
     ↓ keeps incomplete promotion blocked when reconciliation finds deleted acknowledgement
     ↓ keeps incomplete promotion blocked when reconciliation finds read failure
     ↓ releases incomplete promotion and removes its retry action on new history
     ↓ releases incomplete promotion and removes its retry action on A to B to A
     ↓ releases incomplete promotion and removes its retry action on unmount
     ↓ discards a delayed retry read after an A to B to A boundary
     ↓ does not join or publish an older promotion after new history on the same surface
     ↓ does not join or publish an older promotion after A to B to A on the same surface
     ↓ does not publish a cancelled creation response or invoke inference
     ↓ does not attach a pending first-turn creation to a different local history
     ↓ rejects an A to B to A response during initialize before inference
     ↓ rejects an A to B to A response during create before inference
     ↓ rejects an A to B to A response during link before inference
     ↓ rechecks an autosave after initialization when the send path has established a conversation
     ↓ keeps the new account's state when an old stream completes
     ↓ keeps the new account's state when an old local persistence completes
     ↓ stops old autosave writes after A to B to A during initialize
     ↓ stops old autosave writes after A to B to A during create
     ↓ stops old autosave writes after A to B to A during message

⎯⎯⎯⎯⎯⎯⎯ Failed Tests 3 ⎯⎯⎯⎯⎯⎯⎯

 FAIL  src/hooks/chat/__tests__/useChatActions.saved-normal.integration.test.tsx > saved normal Chat pipeline with autosave > UAT131 promotes exact greeting identity through loader, send and reload: immediate
AssertionError: expected [ …(5) ] to deeply equal [ …(3) ]

- Expected
+ Received

  [
    "cf62193f-c3e4-4194-8046-c8ce078f4deb",
+   undefined,
+   undefined,
    "next-user",
    "next-reply",
  ]

 ❯ src/hooks/chat/__tests__/useChatActions.saved-normal.integration.test.tsx:487:80
    485|     await waitFor(() => expect(view.result.current.state.serverChatLoa…
    486|     expect(view.result.current.state.messages.filter(row => row.server…
    487|     expect(view.result.current.state.messages.map(row => row.serverMes…
       |                                                                                ^
    488|     expect(mocks.addChatMessage).toHaveBeenCalledTimes(1)
    489|     view.unmount()

⎯⎯⎯⎯⎯⎯⎯⎯⎯⎯⎯⎯⎯⎯⎯⎯⎯⎯⎯⎯⎯⎯⎯⎯[1/3]⎯

 FAIL  src/hooks/chat/__tests__/useChatActions.saved-normal.integration.test.tsx > saved normal Chat pipeline with autosave > UAT131 promotes exact greeting identity through loader, send and reload: delayed ACK
AssertionError: expected [ …(5) ] to deeply equal [ …(3) ]

- Expected
+ Received

  [
    "2501c332-9463-4738-9c97-41b5c8743e02",
+   undefined,
+   undefined,
    "next-user",
    "next-reply",
  ]

 ❯ src/hooks/chat/__tests__/useChatActions.saved-normal.integration.test.tsx:487:80
    485|     await waitFor(() => expect(view.result.current.state.serverChatLoa…
    486|     expect(view.result.current.state.messages.filter(row => row.server…
    487|     expect(view.result.current.state.messages.map(row => row.serverMes…
       |                                                                                ^
    488|     expect(mocks.addChatMessage).toHaveBeenCalledTimes(1)
    489|     view.unmount()

⎯⎯⎯⎯⎯⎯⎯⎯⎯⎯⎯⎯⎯⎯⎯⎯⎯⎯⎯⎯⎯⎯⎯⎯[2/3]⎯

 FAIL  src/hooks/chat/__tests__/useChatActions.saved-normal.integration.test.tsx > saved normal Chat pipeline with autosave > UAT131 promotes exact greeting identity through loader, send and reload: ambiguous ACK
AssertionError: expected [ …(5) ] to deeply equal [ …(3) ]

- Expected
+ Received

  [
    "450fa1b1-b23a-48ff-be44-9a12acc02645",
+   undefined,
+   undefined,
    "next-user",
    "next-reply",
  ]

 ❯ src/hooks/chat/__tests__/useChatActions.saved-normal.integration.test.tsx:487:80
    485|     await waitFor(() => expect(view.result.current.state.serverChatLoa…
    486|     expect(view.result.current.state.messages.filter(row => row.server…
    487|     expect(view.result.current.state.messages.map(row => row.serverMes…
       |                                                                                ^
    488|     expect(mocks.addChatMessage).toHaveBeenCalledTimes(1)
    489|     view.unmount()

⎯⎯⎯⎯⎯⎯⎯⎯⎯⎯⎯⎯⎯⎯⎯⎯⎯⎯⎯⎯⎯⎯⎯⎯[3/3]⎯


 Test Files  1 failed (1)
      Tests  3 failed | 66 skipped (69)
   Start at  06:36:09
   Duration  3.39s (transform 751ms, setup 75ms, import 1.62s, tests 1.35s, environment 277ms)

error: script "test" exited with code 1
