$ vitest run src/hooks/chat/__tests__/useChatActions.saved-normal.integration.test.tsx src/db/dexie/__tests__/server-chat-mirror.test.ts src/components/Option/Playground/hooks/__tests__/usePlaygroundPersistence.test.tsx src/hooks/__tests__/useServerChatLoader.mirror.integration.test.tsx src/hooks/__tests__/useServerChatLoader.scope.test.tsx src/hooks/__tests__/useServerChatLoader.test.ts

 RUN  v4.0.18 /Users/macbook-dev/Documents/GitHub/tldw_server2/apps/packages/ui

stdout | src/hooks/chat/__tests__/useChatActions.saved-normal.integration.test.tsx > saved normal Chat pipeline with autosave > UAT131 promotes exact greeting identity through loader, send and reload: delayed ACK
Using normalChatMode

stdout | src/hooks/chat/__tests__/useChatActions.saved-normal.integration.test.tsx > saved normal Chat pipeline with autosave > UAT131 promotes exact greeting identity through loader, send and reload: ambiguous ACK
Using normalChatMode

 ✓ src/hooks/__tests__/useServerChatLoader.mirror.integration.test.tsx (10 tests) 2910ms
     ✓ recovers an old partial mirror and survives repeated reload (greeting true)  643ms
     ✓ recovers an old partial mirror and survives repeated reload (greeting false)  616ms
 ✓ src/components/Option/Playground/hooks/__tests__/usePlaygroundPersistence.test.tsx (9 tests) 335ms
stdout | src/hooks/chat/__tests__/useChatActions.saved-normal.integration.test.tsx > saved normal Chat pipeline with autosave > retains incomplete promotion across same-authority reconnect after 0 copies
Using normalChatMode

stdout | src/hooks/chat/__tests__/useChatActions.saved-normal.integration.test.tsx > saved normal Chat pipeline with autosave > retains incomplete promotion across same-authority reconnect after 1 copies
Using normalChatMode

 ✓ src/hooks/__tests__/useServerChatLoader.scope.test.tsx (12 tests) 20ms
stdout | src/hooks/chat/__tests__/useChatActions.saved-normal.integration.test.tsx > saved normal Chat pipeline with autosave > keeps unsupported image work through blocked Retry, actual vision-model selection and canonical remount: '' / prior false
Using normalChatMode

 ✓ src/hooks/__tests__/useServerChatLoader.test.ts (30 tests) 7ms
stdout | src/hooks/chat/__tests__/useChatActions.saved-normal.integration.test.tsx > saved normal Chat pipeline with autosave > keeps unsupported image work through blocked Retry, actual vision-model selection and canonical remount: '' / prior false
Using normalChatMode

stdout | src/hooks/chat/__tests__/useChatActions.saved-normal.integration.test.tsx > saved normal Chat pipeline with autosave > keeps unsupported image work through blocked Retry, actual vision-model selection and canonical remount: '' / prior false
Using normalChatMode

stdout | src/hooks/chat/__tests__/useChatActions.saved-normal.integration.test.tsx > saved normal Chat pipeline with autosave > keeps unsupported image work through blocked Retry, actual vision-model selection and canonical remount: '  Keep this image  ' / prior false
Using normalChatMode

 ✓ src/db/dexie/__tests__/server-chat-mirror.test.ts (43 tests) 9ms
stdout | src/hooks/chat/__tests__/useChatActions.saved-normal.integration.test.tsx > saved normal Chat pipeline with autosave > keeps unsupported image work through blocked Retry, actual vision-model selection and canonical remount: '  Keep this image  ' / prior false
Using normalChatMode

stdout | src/hooks/chat/__tests__/useChatActions.saved-normal.integration.test.tsx > saved normal Chat pipeline with autosave > keeps unsupported image work through blocked Retry, actual vision-model selection and canonical remount: '  Keep this image  ' / prior false
Using normalChatMode

stdout | src/hooks/chat/__tests__/useChatActions.saved-normal.integration.test.tsx > saved normal Chat pipeline with autosave > keeps unsupported image work through blocked Retry, actual vision-model selection and canonical remount: '' / prior true
Using normalChatMode

stdout | src/hooks/chat/__tests__/useChatActions.saved-normal.integration.test.tsx > saved normal Chat pipeline with autosave > keeps unsupported image work through blocked Retry, actual vision-model selection and canonical remount: '' / prior true
Using normalChatMode

stdout | src/hooks/chat/__tests__/useChatActions.saved-normal.integration.test.tsx > saved normal Chat pipeline with autosave > keeps unsupported image work through blocked Retry, actual vision-model selection and canonical remount: '' / prior true
Using normalChatMode

stdout | src/hooks/chat/__tests__/useChatActions.saved-normal.integration.test.tsx > saved normal Chat pipeline with autosave > keeps unsupported image work through blocked Retry, actual vision-model selection and canonical remount: '' / prior true
Using normalChatMode

stdout | src/hooks/chat/__tests__/useChatActions.saved-normal.integration.test.tsx > saved normal Chat pipeline with autosave > keeps unsupported image work through blocked Retry, actual vision-model selection and canonical remount: '  Keep this image  ' / prior true
Using normalChatMode

stdout | src/hooks/chat/__tests__/useChatActions.saved-normal.integration.test.tsx > saved normal Chat pipeline with autosave > keeps unsupported image work through blocked Retry, actual vision-model selection and canonical remount: '  Keep this image  ' / prior true
Using normalChatMode

stdout | src/hooks/chat/__tests__/useChatActions.saved-normal.integration.test.tsx > saved normal Chat pipeline with autosave > keeps unsupported image work through blocked Retry, actual vision-model selection and canonical remount: '  Keep this image  ' / prior true
Using normalChatMode

stdout | src/hooks/chat/__tests__/useChatActions.saved-normal.integration.test.tsx > saved normal Chat pipeline with autosave > keeps unsupported image work through blocked Retry, actual vision-model selection and canonical remount: '  Keep this image  ' / prior true
Using normalChatMode

stdout | src/hooks/chat/__tests__/useChatActions.saved-normal.integration.test.tsx > saved normal Chat pipeline with autosave > retains server Retry after an ambiguous transport failure and a later capability refusal: initial refusal false
Using normalChatMode

stdout | src/hooks/chat/__tests__/useChatActions.saved-normal.integration.test.tsx > saved normal Chat pipeline with autosave > retains server Retry after an ambiguous transport failure and a later capability refusal: initial refusal false
Using normalChatMode

stdout | src/hooks/chat/__tests__/useChatActions.saved-normal.integration.test.tsx > saved normal Chat pipeline with autosave > retains server Retry after an ambiguous transport failure and a later capability refusal: initial refusal false
Using normalChatMode

stdout | src/hooks/chat/__tests__/useChatActions.saved-normal.integration.test.tsx > saved normal Chat pipeline with autosave > retains server Retry after an ambiguous transport failure and a later capability refusal: initial refusal true
Using normalChatMode

stdout | src/hooks/chat/__tests__/useChatActions.saved-normal.integration.test.tsx > saved normal Chat pipeline with autosave > retains server Retry after an ambiguous transport failure and a later capability refusal: initial refusal true
Using normalChatMode

stdout | src/hooks/chat/__tests__/useChatActions.saved-normal.integration.test.tsx > saved normal Chat pipeline with autosave > retains server Retry after an ambiguous transport failure and a later capability refusal: initial refusal true
Using normalChatMode

stdout | src/hooks/chat/__tests__/useChatActions.saved-normal.integration.test.tsx > saved normal Chat pipeline with autosave > retains server Retry after an ambiguous transport failure and a later capability refusal: initial refusal true
Using normalChatMode

stdout | src/hooks/chat/__tests__/useChatActions.saved-normal.integration.test.tsx > saved normal Chat pipeline with autosave > allows explicit current-image OCR but refuses unconverted prior images on the next text-only turn
Using normalChatMode

stdout | src/hooks/chat/__tests__/useChatActions.saved-normal.integration.test.tsx > saved normal Chat pipeline with autosave > allows explicit current-image OCR but refuses unconverted prior images on the next text-only turn
Using normalChatMode

stdout | src/hooks/chat/__tests__/useChatActions.saved-normal.integration.test.tsx > saved normal Chat pipeline with autosave > does not publish delayed image capability errors after A to B to B
Using normalChatMode

stdout | src/hooks/chat/__tests__/useChatActions.saved-normal.integration.test.tsx > saved normal Chat pipeline with autosave > does not publish delayed image capability errors after A to B to A
Using normalChatMode

stdout | src/hooks/chat/__tests__/useChatActions.saved-normal.integration.test.tsx > saved normal Chat pipeline with autosave > hydrates a failed saved turn before Retry without duplicating the canonical user
Using normalChatMode

stdout | src/hooks/chat/__tests__/useChatActions.saved-normal.integration.test.tsx > saved normal Chat pipeline with autosave > hydrates a failed saved turn before Retry without duplicating the canonical user
Using normalChatMode

stdout | src/hooks/chat/__tests__/useChatActions.saved-normal.integration.test.tsx > saved normal Chat pipeline with autosave > recovers actual image transport through the domain adapter, mounted mirror, Retry and remount: 'Image question' / prior false
Using normalChatMode

stdout | src/hooks/chat/__tests__/useChatActions.saved-normal.integration.test.tsx > saved normal Chat pipeline with autosave > recovers actual image transport through the domain adapter, mounted mirror, Retry and remount: 'Image question' / prior false
Using normalChatMode

stdout | src/hooks/chat/__tests__/useChatActions.saved-normal.integration.test.tsx > saved normal Chat pipeline with autosave > recovers actual image transport through the domain adapter, mounted mirror, Retry and remount: '' / prior false
Using normalChatMode

stdout | src/hooks/chat/__tests__/useChatActions.saved-normal.integration.test.tsx > saved normal Chat pipeline with autosave > recovers actual image transport through the domain adapter, mounted mirror, Retry and remount: '' / prior false
Using normalChatMode

stdout | src/hooks/chat/__tests__/useChatActions.saved-normal.integration.test.tsx > saved normal Chat pipeline with autosave > recovers actual image transport through the domain adapter, mounted mirror, Retry and remount: 'Image question' / prior true
Using normalChatMode

stdout | src/hooks/chat/__tests__/useChatActions.saved-normal.integration.test.tsx > saved normal Chat pipeline with autosave > recovers actual image transport through the domain adapter, mounted mirror, Retry and remount: 'Image question' / prior true
Using normalChatMode

stdout | src/hooks/chat/__tests__/useChatActions.saved-normal.integration.test.tsx > saved normal Chat pipeline with autosave > recovers actual image transport through the domain adapter, mounted mirror, Retry and remount: 'Image question' / prior true
Using normalChatMode

stdout | src/hooks/chat/__tests__/useChatActions.saved-normal.integration.test.tsx > saved normal Chat pipeline with autosave > recovers actual image transport through the domain adapter, mounted mirror, Retry and remount: '' / prior true
Using normalChatMode

stdout | src/hooks/chat/__tests__/useChatActions.saved-normal.integration.test.tsx > saved normal Chat pipeline with autosave > recovers actual image transport through the domain adapter, mounted mirror, Retry and remount: '' / prior true
Using normalChatMode

stdout | src/hooks/chat/__tests__/useChatActions.saved-normal.integration.test.tsx > saved normal Chat pipeline with autosave > recovers actual image transport through the domain adapter, mounted mirror, Retry and remount: '' / prior true
Using normalChatMode

stdout | src/hooks/chat/__tests__/useChatActions.saved-normal.integration.test.tsx > saved normal Chat pipeline with autosave > does not apply delayed failed-user correlation after A to B to B
Using normalChatMode

stdout | src/hooks/chat/__tests__/useChatActions.saved-normal.integration.test.tsx > saved normal Chat pipeline with autosave > does not apply delayed failed-user correlation after A to B to A
Using normalChatMode

stdout | src/hooks/chat/__tests__/useChatActions.saved-normal.integration.test.tsx > saved normal Chat pipeline with autosave > successful regeneration does not re-ACK the already acknowledged user
Using normalChatMode

stdout | src/hooks/chat/__tests__/useChatActions.saved-normal.integration.test.tsx > saved normal Chat pipeline with autosave > successful regeneration does not re-ACK the already acknowledged user
Using normalChatMode

stdout | src/hooks/chat/__tests__/useChatActions.saved-normal.integration.test.tsx > saved normal Chat pipeline with autosave > real failed-turn regeneration sends the intended user once without its display error
Using normalChatMode

stdout | src/hooks/chat/__tests__/useChatActions.saved-normal.integration.test.tsx > saved normal Chat pipeline with autosave > real failed-turn regeneration sends the intended user once without its display error
Using normalChatMode

stdout | src/hooks/chat/__tests__/useChatActions.saved-normal.integration.test.tsx > saved normal Chat pipeline with autosave > persists a real acknowledged reasoning-only stream as one recoverable saved pair
Using normalChatMode

stdout | src/hooks/chat/__tests__/useChatActions.saved-normal.integration.test.tsx > saved normal Chat pipeline with autosave > acknowledges both saved turns before backlink eligibility and reload without consuming an identical unsent draft
Using normalChatMode

stdout | src/hooks/chat/__tests__/useChatActions.saved-normal.integration.test.tsx > saved normal Chat pipeline with autosave > acknowledges both saved turns before backlink eligibility and reload without consuming an identical unsent draft
Using normalChatMode

stdout | src/hooks/chat/__tests__/useChatActions.saved-normal.integration.test.tsx > saved normal Chat pipeline with autosave > does not apply late stream acknowledgements after switching A to B to B
Using normalChatMode

stdout | src/hooks/chat/__tests__/useChatActions.saved-normal.integration.test.tsx > saved normal Chat pipeline with autosave > does not apply late stream acknowledgements after switching A to B to A
Using normalChatMode

stdout | src/hooks/chat/__tests__/useChatActions.saved-normal.integration.test.tsx > saved normal Chat pipeline with autosave > establishes one neutral conversation and local history before inference, including a queued second turn
Using normalChatMode

stdout | src/hooks/chat/__tests__/useChatActions.saved-normal.integration.test.tsx > saved normal Chat pipeline with autosave > establishes one neutral conversation and local history before inference, including a queued second turn
Using normalChatMode

stdout | src/hooks/chat/__tests__/useChatActions.saved-normal.integration.test.tsx > saved normal Chat pipeline with autosave > cannot autosave a second conversation while the completed first pair is waiting for local persistence
Using normalChatMode

stdout | src/hooks/chat/__tests__/useChatActions.saved-normal.integration.test.tsx > saved normal Chat pipeline with autosave > keeps temporary inference unsaved and promotes its existing pair only once
Using normalChatMode

stdout | src/hooks/chat/__tests__/useChatActions.saved-normal.integration.test.tsx > saved normal Chat pipeline with autosave > returns a recoverable creation failure and retries without a duplicate pair
Using normalChatMode

stdout | src/hooks/chat/__tests__/useChatActions.saved-normal.integration.test.tsx > saved normal Chat pipeline with autosave > waits for the entire local promotion during create before a follow-up and queued turn
Using normalChatMode

stdout | src/hooks/chat/__tests__/useChatActions.saved-normal.integration.test.tsx > saved normal Chat pipeline with autosave > waits for the entire local promotion during create before a follow-up and queued turn
Using normalChatMode

stdout | src/hooks/chat/__tests__/useChatActions.saved-normal.integration.test.tsx > saved normal Chat pipeline with autosave > waits for the entire local promotion during message before a follow-up and queued turn
Using normalChatMode

stdout | src/hooks/chat/__tests__/useChatActions.saved-normal.integration.test.tsx > saved normal Chat pipeline with autosave > waits for the entire local promotion during message before a follow-up and queued turn
Using normalChatMode

stdout | src/hooks/chat/__tests__/useChatActions.saved-normal.integration.test.tsx > saved normal Chat pipeline with autosave > rechecks the current conversation after promotion finishes during send initialization
Using normalChatMode

stdout | src/hooks/chat/__tests__/useChatActions.saved-normal.integration.test.tsx > saved normal Chat pipeline with autosave > cancels a waiting follow-up without cancelling the owning promotion
Using normalChatMode

stdout | src/hooks/chat/__tests__/useChatActions.saved-normal.integration.test.tsx > saved normal Chat pipeline with autosave > cleans up a failed promotion so retry saves the original pair before the next turn
Using normalChatMode

stdout | src/hooks/chat/__tests__/useChatActions.saved-normal.integration.test.tsx > saved normal Chat pipeline with autosave > retries incomplete promotion through the visible notification after 0 acknowledged copies
Using normalChatMode

stdout | src/hooks/chat/__tests__/useChatActions.saved-normal.integration.test.tsx > saved normal Chat pipeline with autosave > retries incomplete promotion through the visible notification after 1 acknowledged copies
Using normalChatMode

stdout | src/hooks/chat/__tests__/useChatActions.saved-normal.integration.test.tsx > saved normal Chat pipeline with autosave > retries incomplete promotion through the visible notification after ambiguous commit acknowledged copies
Using normalChatMode

stdout | src/hooks/chat/__tests__/useChatActions.saved-normal.integration.test.tsx > saved normal Chat pipeline with autosave > does not join or publish an older promotion after new history on the same surface
Using normalChatMode

stdout | src/hooks/chat/__tests__/useChatActions.saved-normal.integration.test.tsx > saved normal Chat pipeline with autosave > does not join or publish an older promotion after A to B to A on the same surface
Using normalChatMode

stdout | src/hooks/chat/__tests__/useChatActions.saved-normal.integration.test.tsx > saved normal Chat pipeline with autosave > keeps the new account's state when an old stream completes
Using normalChatMode

stdout | src/hooks/chat/__tests__/useChatActions.saved-normal.integration.test.tsx > saved normal Chat pipeline with autosave > keeps the new account's state when an old local persistence completes
Using normalChatMode

 ❯ src/hooks/chat/__tests__/useChatActions.saved-normal.integration.test.tsx (73 tests | 5 failed) 13279ms
     ✓ deletes a qualified mirror row and clears its local reply target using the canonical request ID 17ms
     ✓ deletes a qualified mirror row and clears its server reply target using the canonical request ID 4ms
     × UAT131 promotes exact greeting identity through loader, send and reload: immediate 1012ms
     × UAT131 promotes exact greeting identity through loader, send and reload: delayed ACK 580ms
     × UAT131 promotes exact greeting identity through loader, send and reload: ambiguous ACK 570ms
     ✓ UAT131 preserves captured source identity across late edit  361ms
     ✓ UAT131 preserves captured source identity across equal rows  365ms
     ✓ UAT131 preserves captured source identity across authority  361ms
     ✓ UAT131 preserves captured source identity across new history  359ms
     ✓ retains incomplete promotion across same-authority reconnect after 0 copies 174ms
     ✓ retains incomplete promotion across same-authority reconnect after 1 copies 45ms
     ✓ pauses rather than completes when readiness is lost during create 93ms
     ✓ pauses rather than completes when readiness is lost during first copy 93ms
     ✓ blocks changed server history after a readiness pause during create 124ms
     ✓ blocks changed server history after a readiness pause during acknowledged copy 111ms
     ✓ reconciles literal placeholder text using raw listing content 39ms
     ✓ keeps unsupported image work through blocked Retry, actual vision-model selection and canonical remount: '' / prior false  638ms
     ✓ keeps unsupported image work through blocked Retry, actual vision-model selection and canonical remount: '  Keep this image  ' / prior false  627ms
     ✓ keeps unsupported image work through blocked Retry, actual vision-model selection and canonical remount: '' / prior true  632ms
     ✓ keeps unsupported image work through blocked Retry, actual vision-model selection and canonical remount: '  Keep this image  ' / prior true  634ms
     ✓ retains server Retry after an ambiguous transport failure and a later capability refusal: initial refusal false 18ms
     ✓ retains server Retry after an ambiguous transport failure and a later capability refusal: initial refusal true 20ms
     ✓ allows explicit current-image OCR but refuses unconverted prior images on the next text-only turn 19ms
     ✓ does not publish delayed image capability errors after A to B to B 80ms
     ✓ does not publish delayed image capability errors after A to B to A 66ms
     ✓ hydrates a failed saved turn before Retry without duplicating the canonical user  423ms
     ✓ rejects a multi-attachment user before changing the active draft or local mirror 217ms
     ✓ recovers actual image transport through the domain adapter, mounted mirror, Retry and remount: 'Image question' / prior false  426ms
     ✓ recovers actual image transport through the domain adapter, mounted mirror, Retry and remount: '' / prior false  427ms
     ✓ recovers actual image transport through the domain adapter, mounted mirror, Retry and remount: 'Image question' / prior true  634ms
     ✓ recovers actual image transport through the domain adapter, mounted mirror, Retry and remount: '' / prior true  640ms
     × does not apply delayed failed-user correlation after A to B to B 232ms
     × does not apply delayed failed-user correlation after A to B to A 227ms
     ✓ successful regeneration does not re-ACK the already acknowledged user 29ms
     ✓ real failed-turn regeneration sends the intended user once without its display error 55ms
     ✓ persists a real acknowledged reasoning-only stream as one recoverable saved pair 22ms
     ✓ acknowledges both saved turns before backlink eligibility and reload without consuming an identical unsent draft 24ms
     ✓ does not apply late stream acknowledgements after switching A to B to B 78ms
     ✓ does not apply late stream acknowledgements after switching A to B to A 78ms
     ✓ establishes one neutral conversation and local history before inference, including a queued second turn 83ms
     ✓ cannot autosave a second conversation while the completed first pair is waiting for local persistence 80ms
     ✓ keeps temporary inference unsaved and promotes its existing pair only once 140ms
     ✓ returns a recoverable creation failure and retries without a duplicate pair 26ms
     ✓ waits for the entire local promotion during create before a follow-up and queued turn 83ms
     ✓ waits for the entire local promotion during message before a follow-up and queued turn 85ms
     ✓ rechecks the current conversation after promotion finishes during send initialization 92ms
     ✓ cancels a waiting follow-up without cancelling the owning promotion 86ms
     ✓ cleans up a failed promotion so retry saves the original pair before the next turn 86ms
     ✓ retries incomplete promotion through the visible notification after 0 acknowledged copies 152ms
     ✓ retries incomplete promotion through the visible notification after 1 acknowledged copies 122ms
     ✓ retries incomplete promotion through the visible notification after ambiguous commit acknowledged copies 116ms
     ✓ keeps incomplete promotion blocked when reconciliation finds changed identity 78ms
     ✓ keeps incomplete promotion blocked when reconciliation finds additional row 81ms
     ✓ keeps incomplete promotion blocked when reconciliation finds reordered rows 78ms
     ✓ keeps incomplete promotion blocked when reconciliation finds deleted acknowledgement 79ms
     ✓ keeps incomplete promotion blocked when reconciliation finds read failure 81ms
     ✓ releases incomplete promotion and removes its retry action on new history 61ms
     ✓ releases incomplete promotion and removes its retry action on A to B to A 57ms
     ✓ releases incomplete promotion and removes its retry action on unmount 62ms
     ✓ discards a delayed retry read after an A to B to A boundary 129ms
     ✓ does not join or publish an older promotion after new history on the same surface 79ms
     ✓ does not join or publish an older promotion after A to B to A on the same surface 79ms
     ✓ does not publish a cancelled creation response or invoke inference 77ms
     ✓ does not attach a pending first-turn creation to a different local history 77ms
     ✓ rejects an A to B to A response during initialize before inference 26ms
     ✓ rejects an A to B to A response during create before inference 77ms
     ✓ rejects an A to B to A response during link before inference 78ms
     ✓ rechecks an autosave after initialization when the send path has established a conversation 28ms
     ✓ keeps the new account's state when an old stream completes 77ms
     ✓ keeps the new account's state when an old local persistence completes 78ms
     ✓ stops old autosave writes after A to B to A during initialize 29ms
     ✓ stops old autosave writes after A to B to A during create 80ms
     ✓ stops old autosave writes after A to B to A during message 81ms

⎯⎯⎯⎯⎯⎯⎯ Failed Tests 5 ⎯⎯⎯⎯⎯⎯⎯

 FAIL  src/hooks/chat/__tests__/useChatActions.saved-normal.integration.test.tsx > saved normal Chat pipeline with autosave > UAT131 promotes exact greeting identity through loader, send and reload: immediate
AssertionError: expected "vi.fn()" to be called 1 times, but got 2 times

Ignored nodes: comments, script, style
[36m<html>[39m
  [36m<head />[39m
  [36m<body>[39m
    [36m<div />[39m
  [36m</body>[39m
[36m</html>[39m
 ❯ src/hooks/chat/__tests__/useChatActions.saved-normal.integration.test.tsx:453:54
    451|     })
    452|     let view = renderWorkspace(false, true)
    453|     await waitFor(() => expect(mocks.addChatMessage).toHaveBeenCalledT…
       |                                                      ^
    454|     if (boundary !== "immediate") {
    455|       await act(async () => { await new Promise(resolve => setTimeout(…
 ❯ runWithExpensiveErrorDiagnosticsDisabled ../../node_modules/.bun/@testing-library+dom@10.4.1/node_modules/@testing-library/dom/dist/config.js:47:12
 ❯ checkCallback ../../node_modules/.bun/@testing-library+dom@10.4.1/node_modules/@testing-library/dom/dist/wait-for.js:124:77
 ❯ Timeout.checkRealTimersCallback ../../node_modules/.bun/@testing-library+dom@10.4.1/node_modules/@testing-library/dom/dist/wait-for.js:118:16

⎯⎯⎯⎯⎯⎯⎯⎯⎯⎯⎯⎯⎯⎯⎯⎯⎯⎯⎯⎯⎯⎯⎯⎯[1/5]⎯

 FAIL  src/hooks/chat/__tests__/useChatActions.saved-normal.integration.test.tsx > saved normal Chat pipeline with autosave > UAT131 promotes exact greeting identity through loader, send and reload: delayed ACK
AssertionError: expected [ …(4) ] to deeply equal [ …(3) ]

- Expected
+ Received

  [
+   "d95d97e9-5455-415d-80d5-46d3f81b57c1",
    "5120a329-5fee-4703-8787-ba12cb6eb312",
    "next-user",
    "next-reply",
  ]

 ❯ src/hooks/chat/__tests__/useChatActions.saved-normal.integration.test.tsx:488:80
    486|     await waitFor(() => expect(view.result.current.state.serverChatLoa…
    487|     expect(view.result.current.state.messages.filter(row => row.server…
    488|     expect(view.result.current.state.messages.map(row => row.serverMes…
       |                                                                                ^
    489|     expect(mocks.addChatMessage).toHaveBeenCalledTimes(2)
    490|     view.unmount()

⎯⎯⎯⎯⎯⎯⎯⎯⎯⎯⎯⎯⎯⎯⎯⎯⎯⎯⎯⎯⎯⎯⎯⎯[2/5]⎯

 FAIL  src/hooks/chat/__tests__/useChatActions.saved-normal.integration.test.tsx > saved normal Chat pipeline with autosave > UAT131 promotes exact greeting identity through loader, send and reload: ambiguous ACK
AssertionError: expected [ …(4) ] to deeply equal [ …(3) ]

- Expected
+ Received

  [
+   "c0990d39-5a74-4191-92b8-fb8207b40846",
    "e8d1188f-19f4-4b27-97fc-30a5d6bcab77",
    "next-user",
    "next-reply",
  ]

 ❯ src/hooks/chat/__tests__/useChatActions.saved-normal.integration.test.tsx:488:80
    486|     await waitFor(() => expect(view.result.current.state.serverChatLoa…
    487|     expect(view.result.current.state.messages.filter(row => row.server…
    488|     expect(view.result.current.state.messages.map(row => row.serverMes…
       |                                                                                ^
    489|     expect(mocks.addChatMessage).toHaveBeenCalledTimes(2)
    490|     view.unmount()

⎯⎯⎯⎯⎯⎯⎯⎯⎯⎯⎯⎯⎯⎯⎯⎯⎯⎯⎯⎯⎯⎯⎯⎯[3/5]⎯

 FAIL  src/hooks/chat/__tests__/useChatActions.saved-normal.integration.test.tsx > saved normal Chat pipeline with autosave > does not apply delayed failed-user correlation after A to B to B
AssertionError: expected [ { id: 'new-owner-draft', …(6) } ] to deeply equal [ { id: 'new-owner-draft', …(4) } ]

- Expected
+ Received

@@ -2,8 +2,10 @@
    {
      "id": "new-owner-draft",
      "isBot": false,
      "message": "New owner work",
      "name": "You",
+     "serverMessageId": "91c16368-4e7b-432d-8bf0-bbf864eb9e40",
+     "serverMessageVersion": 1,
      "sources": [],
    },
  ]

 ❯ src/hooks/chat/__tests__/useChatActions.saved-normal.integration.test.tsx:1103:48
    1101|       await response.promise
    1102|     })
    1103|     expect(view.result.current.state.messages).toEqual([draft])
       |                                                ^
    1104|     expect(mocks.rows.find(row => row.id === original.id)?.serverMessa…
    1105|     view.unmount()

⎯⎯⎯⎯⎯⎯⎯⎯⎯⎯⎯⎯⎯⎯⎯⎯⎯⎯⎯⎯⎯⎯⎯⎯[4/5]⎯

 FAIL  src/hooks/chat/__tests__/useChatActions.saved-normal.integration.test.tsx > saved normal Chat pipeline with autosave > does not apply delayed failed-user correlation after A to B to A
AssertionError: expected [ { id: 'new-owner-draft', …(6) } ] to deeply equal [ { id: 'new-owner-draft', …(4) } ]

- Expected
+ Received

@@ -2,8 +2,10 @@
    {
      "id": "new-owner-draft",
      "isBot": false,
      "message": "New owner work",
      "name": "You",
+     "serverMessageId": "e8d9ab3d-03b5-41ce-a223-3ddb39078bab",
+     "serverMessageVersion": 1,
      "sources": [],
    },
  ]

 ❯ src/hooks/chat/__tests__/useChatActions.saved-normal.integration.test.tsx:1103:48
    1101|       await response.promise
    1102|     })
    1103|     expect(view.result.current.state.messages).toEqual([draft])
       |                                                ^
    1104|     expect(mocks.rows.find(row => row.id === original.id)?.serverMessa…
    1105|     view.unmount()

⎯⎯⎯⎯⎯⎯⎯⎯⎯⎯⎯⎯⎯⎯⎯⎯⎯⎯⎯⎯⎯⎯⎯⎯[5/5]⎯


 Test Files  1 failed | 5 passed (6)
      Tests  5 failed | 172 passed (177)
   Start at  06:39:55
   Duration  15.69s (transform 1.52s, setup 615ms, import 3.58s, tests 16.56s, environment 1.89s)

error: script "test" exited with code 1
