$ vitest run src/services/__tests__/pending-chat-promotion.test.ts

 RUN  v4.0.18 /Users/macbook-dev/Documents/GitHub/tldw_server2/apps/packages/ui

 ❯ src/services/__tests__/pending-chat-promotion.test.ts (5 tests | 3 failed) 6ms
     × rejects a loader wait when its owning lease resolves already aborted 3ms
     × retires the previous loader waiter before replacing the owner with history-A 1ms
     × retires the previous loader waiter before replacing the owner with history-B 0ms
     ✓ keeps an incomplete save recoverable while send rejects and loader awaits explicit Retry 1ms
     ✓ cancels the loader without cancelling its owner and releases a later loader on clear 0ms

⎯⎯⎯⎯⎯⎯⎯ Failed Tests 3 ⎯⎯⎯⎯⎯⎯⎯

 FAIL  src/services/__tests__/pending-chat-promotion.test.ts > saved loader promotion wait lifecycle > rejects a loader wait when its owning lease resolves already aborted
AssertionError: expected 'pending' to be 'rejected' // Object.is equality

Expected: "rejected"
Received: "pending"

 ❯ src/services/__tests__/pending-chat-promotion.test.ts:36:21
     34|     await flush()
     35|     expect(loaderLease.scopeSignal.aborted).toBe(false)
     36|     expect(outcome).toBe("rejected")
       |                     ^
     37|     await waiting
     38|     expect(promote).not.toHaveBeenCalled()

⎯⎯⎯⎯⎯⎯⎯⎯⎯⎯⎯⎯⎯⎯⎯⎯⎯⎯⎯⎯⎯⎯⎯⎯[1/3]⎯

 FAIL  src/services/__tests__/pending-chat-promotion.test.ts > saved loader promotion wait lifecycle > retires the previous loader waiter before replacing the owner with history-A
 FAIL  src/services/__tests__/pending-chat-promotion.test.ts > saved loader promotion wait lifecycle > retires the previous loader waiter before replacing the owner with history-B
AssertionError: expected 'pending' to be 'rejected' // Object.is equality

Expected: "rejected"
Received: "pending"

 ❯ src/services/__tests__/pending-chat-promotion.test.ts:55:23
     53|     await flush()
     54|     try {
     55|       expect(outcome).toBe("rejected")
       |                       ^
     56|       expect(controller.signal.aborted).toBe(true)
     57|       await waiting

⎯⎯⎯⎯⎯⎯⎯⎯⎯⎯⎯⎯⎯⎯⎯⎯⎯⎯⎯⎯⎯⎯⎯⎯[2/3]⎯


 Test Files  1 failed (1)
      Tests  3 failed | 2 passed (5)
   Start at  06:48:51
   Duration  518ms (transform 28ms, setup 120ms, import 12ms, tests 6ms, environment 320ms)

error: script "test" exited with code 1
