============================= test session starts ==============================
platform darwin -- Python 3.11.13, pytest-8.4.1, pluggy-1.6.0
benchmark: 5.2.3 (defaults: timer=time.perf_counter disable_gc=False min_rounds=5 min_time=0.000005 max_time=1.0 calibration_precision=10 warmup=False warmup_iterations=100000)
Using --randomly-seed=3687721482
rootdir: /Users/macbook-dev/Documents/GitHub/tldw_server2
configfile: pyproject.toml
plugins: anyio-4.12.1, benchmark-5.2.3, locust-2.43.3, asyncio-1.1.0, xdist-3.8.0, split-0.11.0, timeout-2.4.0, randomly-4.1.0, hypothesis-6.138.2, cov-6.2.1, mock-3.14.1
asyncio: mode=Mode.AUTO, asyncio_default_fixture_loop_scope=function, asyncio_default_test_loop_scope=function
timeout: 300.0s
timeout method: thread
timeout func_only: False
collected 28 items

tldw_Server_API/tests/Flashcards/test_study_response_timestamp_contract.py . [  3%]
.FFFF.F...F..F.F.F.FF.FFF..                                              [100%]

=================================== FAILURES ===================================
_ test_study_timestamp_conversion_preserves_values_and_non_time_fields[thread-offset] _
tldw_Server_API/tests/Flashcards/test_study_response_timestamp_contract.py:143: in test_study_timestamp_conversion_preserves_values_and_non_time_fields
    result = model.model_validate(payload).model_dump(mode="json")
             ^^^^^^^^^^^^^^^^^^^^^^^^^^^^^
E   pydantic_core._pydantic_core.ValidationError: 3 validation errors for StudyAssistantThreadSummary
E   last_message_at
E     Input should be a valid string [type=string_type, input_value=datetime.datetime(2026, 9...medelta(seconds=20700))), input_type=datetime]
E       For further information visit https://errors.pydantic.dev/2.11/v/string_type
E   created_at
E     Input should be a valid string [type=string_type, input_value=datetime.datetime(2026, 9...medelta(seconds=20700))), input_type=datetime]
E       For further information visit https://errors.pydantic.dev/2.11/v/string_type
E   last_modified
E     Input should be a valid string [type=string_type, input_value=datetime.datetime(2026, 9...medelta(seconds=20700))), input_type=datetime]
E       For further information visit https://errors.pydantic.dev/2.11/v/string_type
--------------------------- Captured stderr teardown ---------------------------
2026-09-16 16:39:34.088 | INFO     | tldw_Server_API.app.api.v1.API_Deps.ChaCha_Notes_DB_Deps:close_all_chacha_db_instances:867 - Closing all cached ChaChaNotesDB instances (0)...
2026-09-16 16:39:34.088 | INFO     | tldw_Server_API.app.api.v1.API_Deps.ChaCha_Notes_DB_Deps:close_all_chacha_db_instances:883 - All ChaChaNotesDB instances closed and cache cleared.
2026-09-16 16:39:34.088 | INFO     | tldw_Server_API.app.api.v1.API_Deps.ChaCha_Notes_DB_Deps:close_all_chacha_db_instances:867 - Closing all cached ChaChaNotesDB instances (0)...
2026-09-16 16:39:34.088 | INFO     | tldw_Server_API.app.api.v1.API_Deps.ChaCha_Notes_DB_Deps:close_all_chacha_db_instances:883 - All ChaChaNotesDB instances closed and cache cleared.
_ test_study_timestamp_conversion_preserves_values_and_non_time_fields[thread-naive] _
tldw_Server_API/tests/Flashcards/test_study_response_timestamp_contract.py:143: in test_study_timestamp_conversion_preserves_values_and_non_time_fields
    result = model.model_validate(payload).model_dump(mode="json")
             ^^^^^^^^^^^^^^^^^^^^^^^^^^^^^
E   pydantic_core._pydantic_core.ValidationError: 3 validation errors for StudyAssistantThreadSummary
E   last_message_at
E     Input should be a valid string [type=string_type, input_value=datetime.datetime(2026, 9, 16, 23, 19), input_type=datetime]
E       For further information visit https://errors.pydantic.dev/2.11/v/string_type
E   created_at
E     Input should be a valid string [type=string_type, input_value=datetime.datetime(2026, 9, 16, 23, 19), input_type=datetime]
E       For further information visit https://errors.pydantic.dev/2.11/v/string_type
E   last_modified
E     Input should be a valid string [type=string_type, input_value=datetime.datetime(2026, 9, 16, 23, 19), input_type=datetime]
E       For further information visit https://errors.pydantic.dev/2.11/v/string_type
--------------------------- Captured stderr teardown ---------------------------
2026-09-16 16:39:34.090 | INFO     | tldw_Server_API.app.api.v1.API_Deps.ChaCha_Notes_DB_Deps:close_all_chacha_db_instances:867 - Closing all cached ChaChaNotesDB instances (0)...
2026-09-16 16:39:34.091 | INFO     | tldw_Server_API.app.api.v1.API_Deps.ChaCha_Notes_DB_Deps:close_all_chacha_db_instances:883 - All ChaChaNotesDB instances closed and cache cleared.
2026-09-16 16:39:34.091 | INFO     | tldw_Server_API.app.api.v1.API_Deps.ChaCha_Notes_DB_Deps:close_all_chacha_db_instances:867 - Closing all cached ChaChaNotesDB instances (0)...
2026-09-16 16:39:34.091 | INFO     | tldw_Server_API.app.api.v1.API_Deps.ChaCha_Notes_DB_Deps:close_all_chacha_db_instances:883 - All ChaChaNotesDB instances closed and cache cleared.
_ test_study_timestamp_conversion_preserves_values_and_non_time_fields[session-naive] _
tldw_Server_API/tests/Flashcards/test_study_response_timestamp_contract.py:143: in test_study_timestamp_conversion_preserves_values_and_non_time_fields
    result = model.model_validate(payload).model_dump(mode="json")
             ^^^^^^^^^^^^^^^^^^^^^^^^^^^^^
E   pydantic_core._pydantic_core.ValidationError: 3 validation errors for FlashcardReviewSessionSummary
E   started_at
E     Input should be a valid string [type=string_type, input_value=datetime.datetime(2026, 9, 16, 23, 19), input_type=datetime]
E       For further information visit https://errors.pydantic.dev/2.11/v/string_type
E   last_activity_at
E     Input should be a valid string [type=string_type, input_value=datetime.datetime(2026, 9, 16, 23, 19), input_type=datetime]
E       For further information visit https://errors.pydantic.dev/2.11/v/string_type
E   completed_at
E     Input should be a valid string [type=string_type, input_value=datetime.datetime(2026, 9, 16, 23, 19), input_type=datetime]
E       For further information visit https://errors.pydantic.dev/2.11/v/string_type
--------------------------- Captured stderr teardown ---------------------------
2026-09-16 16:39:34.093 | INFO     | tldw_Server_API.app.api.v1.API_Deps.ChaCha_Notes_DB_Deps:close_all_chacha_db_instances:867 - Closing all cached ChaChaNotesDB instances (0)...
2026-09-16 16:39:34.093 | INFO     | tldw_Server_API.app.api.v1.API_Deps.ChaCha_Notes_DB_Deps:close_all_chacha_db_instances:883 - All ChaChaNotesDB instances closed and cache cleared.
2026-09-16 16:39:34.093 | INFO     | tldw_Server_API.app.api.v1.API_Deps.ChaCha_Notes_DB_Deps:close_all_chacha_db_instances:867 - Closing all cached ChaChaNotesDB instances (0)...
2026-09-16 16:39:34.093 | INFO     | tldw_Server_API.app.api.v1.API_Deps.ChaCha_Notes_DB_Deps:close_all_chacha_db_instances:883 - All ChaChaNotesDB instances closed and cache cleared.
_ test_study_timestamp_conversion_preserves_values_and_non_time_fields[message-offset] _
tldw_Server_API/tests/Flashcards/test_study_response_timestamp_contract.py:143: in test_study_timestamp_conversion_preserves_values_and_non_time_fields
    result = model.model_validate(payload).model_dump(mode="json")
             ^^^^^^^^^^^^^^^^^^^^^^^^^^^^^
E   pydantic_core._pydantic_core.ValidationError: 1 validation error for StudyAssistantMessage
E   created_at
E     Input should be a valid string [type=string_type, input_value=datetime.datetime(2026, 9...medelta(seconds=20700))), input_type=datetime]
E       For further information visit https://errors.pydantic.dev/2.11/v/string_type
--------------------------- Captured stderr teardown ---------------------------
2026-09-16 16:39:34.096 | INFO     | tldw_Server_API.app.api.v1.API_Deps.ChaCha_Notes_DB_Deps:close_all_chacha_db_instances:867 - Closing all cached ChaChaNotesDB instances (0)...
2026-09-16 16:39:34.096 | INFO     | tldw_Server_API.app.api.v1.API_Deps.ChaCha_Notes_DB_Deps:close_all_chacha_db_instances:883 - All ChaChaNotesDB instances closed and cache cleared.
2026-09-16 16:39:34.096 | INFO     | tldw_Server_API.app.api.v1.API_Deps.ChaCha_Notes_DB_Deps:close_all_chacha_db_instances:867 - Closing all cached ChaChaNotesDB instances (0)...
2026-09-16 16:39:34.096 | INFO     | tldw_Server_API.app.api.v1.API_Deps.ChaCha_Notes_DB_Deps:close_all_chacha_db_instances:883 - All ChaChaNotesDB instances closed and cache cleared.
_ test_assistant_context_http_preserves_thread_and_message_timestamps[postgres-empty-thread] _
tldw_Server_API/tests/Flashcards/test_study_response_timestamp_contract.py:91: in test_assistant_context_http_preserves_thread_and_message_timestamps
    response = study_client.get(f"/api/v1/flashcards/{card}/assistant")
               ^^^^^^^^^^^^^^^^^^^^^^^^^^^^^^^^^^^^^^^^^^^^^^^^^^^^^^^^
.venv/lib/python3.11/site-packages/starlette/testclient.py:487: in get
    return super().get(
.venv/lib/python3.11/site-packages/httpx/_client.py:1053: in get
    return self.request(
.venv/lib/python3.11/site-packages/starlette/testclient.py:459: in request
    return super().request(
.venv/lib/python3.11/site-packages/httpx/_client.py:825: in request
    return self.send(request, auth=auth, follow_redirects=follow_redirects)
           ^^^^^^^^^^^^^^^^^^^^^^^^^^^^^^^^^^^^^^^^^^^^^^^^^^^^^^^^^^^^^^^^
.venv/lib/python3.11/site-packages/httpx/_client.py:914: in send
    response = self._send_handling_auth(
.venv/lib/python3.11/site-packages/httpx/_client.py:942: in _send_handling_auth
    response = self._send_handling_redirects(
.venv/lib/python3.11/site-packages/httpx/_client.py:979: in _send_handling_redirects
    response = self._send_single_request(request)
               ^^^^^^^^^^^^^^^^^^^^^^^^^^^^^^^^^^
.venv/lib/python3.11/site-packages/httpx/_client.py:1014: in _send_single_request
    response = transport.handle_request(request)
               ^^^^^^^^^^^^^^^^^^^^^^^^^^^^^^^^^
.venv/lib/python3.11/site-packages/starlette/testclient.py:362: in handle_request
    raise exc
.venv/lib/python3.11/site-packages/starlette/testclient.py:359: in handle_request
    portal.call(self.app, scope, receive, send)
.venv/lib/python3.11/site-packages/anyio/from_thread.py:334: in call
    return cast(T_Retval, self.start_task_soon(func, *args).result())
                          ^^^^^^^^^^^^^^^^^^^^^^^^^^^^^^^^^^^^^^^^^^
../../../.local/share/uv/python/cpython-3.11.13-macos-aarch64-none/lib/python3.11/concurrent/futures/_base.py:456: in result
    return self.__get_result()
           ^^^^^^^^^^^^^^^^^^^
../../../.local/share/uv/python/cpython-3.11.13-macos-aarch64-none/lib/python3.11/concurrent/futures/_base.py:401: in __get_result
    raise self._exception
.venv/lib/python3.11/site-packages/anyio/from_thread.py:259: in _call_func
    retval = await retval_or_awaitable
             ^^^^^^^^^^^^^^^^^^^^^^^^^
.venv/lib/python3.11/site-packages/fastapi/applications.py:1159: in __call__
    await super().__call__(scope, receive, send)
.venv/lib/python3.11/site-packages/starlette/applications.py:90: in __call__
    await self.middleware_stack(scope, receive, send)
.venv/lib/python3.11/site-packages/starlette/middleware/errors.py:186: in __call__
    raise exc
.venv/lib/python3.11/site-packages/starlette/middleware/errors.py:164: in __call__
    await self.app(scope, receive, _send)
.venv/lib/python3.11/site-packages/starlette/middleware/exceptions.py:63: in __call__
    await wrap_app_handling_exceptions(self.app, conn)(scope, receive, send)
.venv/lib/python3.11/site-packages/starlette/_exception_handler.py:53: in wrapped_app
    raise exc
.venv/lib/python3.11/site-packages/starlette/_exception_handler.py:42: in wrapped_app
    await app(scope, receive, sender)
.venv/lib/python3.11/site-packages/fastapi/middleware/asyncexitstack.py:18: in __call__
    await self.app(scope, receive, send)
.venv/lib/python3.11/site-packages/starlette/routing.py:660: in __call__
    await self.middleware_stack(scope, receive, send)
.venv/lib/python3.11/site-packages/starlette/routing.py:680: in app
    await route.handle(scope, receive, send)
.venv/lib/python3.11/site-packages/starlette/routing.py:276: in handle
    await self.app(scope, receive, send)
.venv/lib/python3.11/site-packages/fastapi/routing.py:134: in app
    await wrap_app_handling_exceptions(app, request)(scope, receive, send)
.venv/lib/python3.11/site-packages/starlette/_exception_handler.py:53: in wrapped_app
    raise exc
.venv/lib/python3.11/site-packages/starlette/_exception_handler.py:42: in wrapped_app
    await app(scope, receive, sender)
.venv/lib/python3.11/site-packages/fastapi/routing.py:120: in app
    response = await f(request)
               ^^^^^^^^^^^^^^^^
.venv/lib/python3.11/site-packages/fastapi/routing.py:695: in app
    content = await serialize_response(
.venv/lib/python3.11/site-packages/fastapi/routing.py:300: in serialize_response
    raise ResponseValidationError(
E   fastapi.exceptions.ResponseValidationError: 2 validation errors:
E     {'type': 'string_type', 'loc': ('response', 'thread', 'created_at'), 'msg': 'Input should be a valid string', 'input': datetime.datetime(2026, 9, 16, 23, 39, 35, 628000, tzinfo=zoneinfo.ZoneInfo(key='Etc/UTC'))}
E     {'type': 'string_type', 'loc': ('response', 'thread', 'last_modified'), 'msg': 'Input should be a valid string', 'input': datetime.datetime(2026, 9, 16, 23, 39, 35, 628000, tzinfo=zoneinfo.ZoneInfo(key='Etc/UTC'))}
E
E     File "/Users/macbook-dev/Documents/GitHub/tldw_server2/tldw_Server_API/app/api/v1/endpoints/flashcards.py", line 2457, in get_flashcard_assistant
E       GET /api/v1/flashcards/{card_uuid}/assistant
---------------------------- Captured stderr setup -----------------------------
2026-09-16 16:39:34.122 | INFO     | tldw_Server_API.app.core.DB_Management.backends.factory:create_backend:392 - Creating postgresql backend
2026-09-16 16:39:34.123 | INFO     | tldw_Server_API.app.core.config:_buffered_log:210 - Determined ACTUAL_PROJECT_ROOT for database paths: /Users/macbook-dev/Documents/GitHub/tldw_server2
2026-09-16 16:39:34.123 | INFO     | tldw_Server_API.app.core.config:_buffered_log:210 - Early loading environment variables from: /Users/macbook-dev/Documents/GitHub/tldw_server2/tldw_Server_API/Config_Files/.env
2026-09-16 16:39:34.127 | INFO     | tldw_Server_API.app.core.config:_buffered_log:210 - Early loading environment variables from: /Users/macbook-dev/Documents/GitHub/tldw_server2/tldw_Server_API/Config_Files/.ENV
2026-09-16 16:39:34.132 | DEBUG    | tldw_Server_API.app.core.config:_buffered_log:210 - load_and_log_configs(): Loading and logging configurations...
2026-09-16 16:39:34.132 | INFO     | tldw_Server_API.app.core.config:_buffered_log:210 - Loading environment variables from: /Users/macbook-dev/Documents/GitHub/tldw_server2/tldw_Server_API/Config_Files/.env
2026-09-16 16:39:34.136 | INFO     | tldw_Server_API.app.core.config:_buffered_log:210 - Loading environment variables from: /Users/macbook-dev/Documents/GitHub/tldw_server2/tldw_Server_API/Config_Files/.ENV
2026-09-16 16:39:34.141 | INFO     | tldw_Server_API.app.core.config:_buffered_log:210 - Attempting to load comprehensive config from: /Users/macbook-dev/Documents/GitHub/tldw_server2/tldw_Server_API/Config_Files/config.txt
2026-09-16 16:39:34.143 | INFO     | tldw_Server_API.app.core.config:_buffered_log:210 - load_comprehensive_config(): Sections found in config: ['Setup', 'UI', 'Server', 'Files', 'Image-Generation', 'ACP', 'WORKSPACES', 'ACP-WORKSPACE', 'ACP-SANDBOX', 'Audit', 'Processing', 'Media-Processing', 'Chat-Dictionaries', 'Chat-Module', 'Chat-Commands', 'Chat-Templating', 'Character-Chat', 'Settings', 'Auto-Save', 'Prompts', 'Database', 'Chunking', 'Visual-RAG', 'AuthNZ', 'Streaming', 'HTTP', 'Egress', 'Embeddings', 'Claims', 'ClaimsMonitoring', 'RAG', 'Search-Agent', 'ResourceGovernor', 'Jobs', 'SlidesStandaloneHtml', 'Diarization', 'API', 'MLX', 'Local-API', 'LlamaCpp', 'STT-Settings', 'external_providers', 'TTS-Settings', 'VibeVoice', 'Audio-Quota', 'API-Routes', 'Search-Engines', 'Web-Scraper', 'Logging', 'Moderation', 'Redis', 'Web-Scraping', 'personalization', 'persona', 'persona.rbac']
2026-09-16 16:39:34.145 | INFO     | tldw_Server_API.app.core.config:_buffered_log:210 - Ensured main SQLite database directory exists: /Users/macbook-dev/Documents/GitHub/tldw_server2/Databases
2026-09-16 16:39:34.145 | INFO     | tldw_Server_API.app.core.config:_buffered_log:210 - Ensured user data base directory exists: Databases/user_databases
2026-09-16 16:39:34.145 | WARNING  | tldw_Server_API.app.core.DB_Management.db_path_utils:resolve_user_db_base_dir:491 - USER_DB_BASE_DIR not configured in tests, using isolated fallback: /private/var/folders/sn/m80n2j152t9gw3w8qwk2nykh0000gn/T/tldw_user_databases_test/default-aa3d2acb
2026-09-16 16:39:34.160 | INFO     | tldw_Server_API.app.core.DB_Management.ChaChaNotes_DB:__init__:7606 - Initializing CharactersRAGDB for path: /private/var/folders/sn/m80n2j152t9gw3w8qwk2nykh0000gn/T/pytest-of-macbook-dev/pytest-122/test_assistant_context_http_pr0/study.db [Client ID: 1] (backend=postgresql)
2026-09-16 16:39:35.542 | DEBUG    | tldw_Server_API.app.core.DB_Management.ChaChaNotes_DB:__init__:7613 - CharactersRAGDB initialization completed successfully for /private/var/folders/sn/m80n2j152t9gw3w8qwk2nykh0000gn/T/pytest-of-macbook-dev/pytest-122/test_assistant_context_http_pr0/study.db
----------------------------- Captured stderr call -----------------------------
2026-09-16 16:39:35.626 | DEBUG    | tldw_Server_API.app.core.DB_Management.ChaChaNotes_DB:_get_thread_connection:7969 - Acquired backend connection (postgresql) for thread 8346099072
2026-09-16 16:39:35.628 | DEBUG    | tldw_Server_API.app.core.DB_Management.ChaChaNotes_DB:execute_query:8213 - Executing SQL (script=False, backend=postgresql): SELECT id, context_type, flashcard_uuid, quiz_attempt_id, question_id, last_message_at, message_count, created_at, last_modified, deleted, client_id, version FROM study_assistant_threads WHERE context_type = ? AND flashcard_uuid = ? AND deleted = 0... Params: ('flashcard', '521ad78b-840a-446e-b099-a74d0e5d037a')...
2026-09-16 16:39:35.629 | DEBUG    | tldw_Server_API.app.core.DB_Management.ChaChaNotes_DB:execute_query:8213 - Executing SQL (script=False, backend=postgresql): SELECT id, context_type, flashcard_uuid, quiz_attempt_id, question_id, last_message_at, message_count, created_at, last_modified, deleted, client_id, version FROM study_assistant_threads WHERE context_type = ? AND flashcard_uuid = ? AND deleted = 0... Params: ('flashcard', '521ad78b-840a-446e-b099-a74d0e5d037a')...
2026-09-16 16:39:35.636 | DEBUG    | tldw_Server_API.app.core.DB_Management.ChaChaNotes_DB:_get_thread_connection:7969 - Acquired backend connection (postgresql) for thread 6252605440
2026-09-16 16:39:35.636 | DEBUG    | tldw_Server_API.app.core.DB_Management.ChaChaNotes_DB:execute_query:8213 - Executing SQL (script=False, backend=postgresql):
            SELECT f.uuid, f.deck_id, d.name AS deck_name, d.workspace_id AS workspace_id, f.front, f.back, f.notes, f.extra, f.is_cloze, f.tags_json,
                   f.source_ref_type, f.source_ref_id, f.conversation_id, f.message_id,
                   f.ef, f.interval_days, f.repetitions, f.l... Params: ('521ad78b-840a-446e-b099-a74d0e5d037a',)...
2026-09-16 16:39:35.638 | DEBUG    | tldw_Server_API.app.core.DB_Management.ChaChaNotes_DB:execute_query:8213 - Executing SQL (script=False, backend=postgresql):
            SELECT f.uuid, f.deck_id, d.name AS deck_name, d.workspace_id AS workspace_id, f.front, f.back, f.notes, f.extra, f.is_cloze, f.tags_json,
                   f.source_ref_type, f.source_ref_id, f.conversation_id, f.message_id,
                   f.ef, f.interval_days, f.repetitions, f.l... Params: ('521ad78b-840a-446e-b099-a74d0e5d037a',)...
2026-09-16 16:39:35.639 | DEBUG    | tldw_Server_API.app.core.DB_Management.ChaChaNotes_DB:execute_query:8213 - Executing SQL (script=False, backend=postgresql): SELECT id, context_type, flashcard_uuid, quiz_attempt_id, question_id, last_message_at, message_count, created_at, last_modified, deleted, client_id, version FROM study_assistant_threads WHERE context_type = ? AND flashcard_uuid = ? AND deleted = 0... Params: ('flashcard', '521ad78b-840a-446e-b099-a74d0e5d037a')...
2026-09-16 16:39:35.640 | DEBUG    | tldw_Server_API.app.core.DB_Management.ChaChaNotes_DB:execute_query:8213 - Executing SQL (script=False, backend=postgresql): SELECT id, thread_id, role, action_type, input_modality, content, structured_payload_json, context_snapshot_json, provider, model, created_at, client_id FROM study_assistant_messages WHERE thread_id = ? ORDER BY id ASC LIMIT ? OFFSET ?... Params: (1, 100, 0)...
2026-09-16 16:39:35.640 | DEBUG    | tldw_Server_API.app.core.DB_Management.ChaChaNotes_DB:execute_query:8213 - Executing SQL (script=False, backend=postgresql):
            SELECT id, flashcard_uuid, source_type, source_id, citation_text, locator, ordinal,
                   created_at, last_modified, deleted, client_id, version
              FROM flashcard_citations
             WHERE flashcard_uuid = ? AND deleted = 0
             ORDER BY ordinal, id
  ... Params: ('521ad78b-840a-446e-b099-a74d0e5d037a',)...
2026-09-16 16:39:35.641 | DEBUG    | tldw_Server_API.app.core.DB_Management.ChaChaNotes_DB:execute_query:8213 - Executing SQL (script=False, backend=postgresql):
            SELECT sp.id, sp.workspace_id, sp.title, sp.deck_id, sp.source_bundle_json, sp.generation_options_json,
                   sp.status, sp.superseded_by_pack_id, sp.created_at, sp.last_modified, sp.deleted, sp.client_id, sp.version
              FROM study_pack_cards spc
              JOI... Params: ('521ad78b-840a-446e-b099-a74d0e5d037a',)...
--------------------------- Captured stderr teardown ---------------------------
2026-09-16 16:39:35.714 | DEBUG    | tldw_Server_API.app.core.DB_Management.ChaChaNotes_DB:close_connection:8038 - Returned backend connection (postgresql) for thread 8346099072.
2026-09-16 16:39:35.734 | INFO     | tldw_Server_API.app.api.v1.API_Deps.ChaCha_Notes_DB_Deps:close_all_chacha_db_instances:867 - Closing all cached ChaChaNotesDB instances (0)...
2026-09-16 16:39:35.734 | INFO     | tldw_Server_API.app.api.v1.API_Deps.ChaCha_Notes_DB_Deps:close_all_chacha_db_instances:883 - All ChaChaNotesDB instances closed and cache cleared.
2026-09-16 16:39:35.734 | INFO     | tldw_Server_API.app.api.v1.API_Deps.ChaCha_Notes_DB_Deps:close_all_chacha_db_instances:867 - Closing all cached ChaChaNotesDB instances (0)...
2026-09-16 16:39:35.734 | INFO     | tldw_Server_API.app.api.v1.API_Deps.ChaCha_Notes_DB_Deps:close_all_chacha_db_instances:883 - All ChaChaNotesDB instances closed and cache cleared.
_ test_review_session_http_lifecycle_preserves_timestamp_contract[postgres-active] _
tldw_Server_API/tests/Flashcards/test_study_response_timestamp_contract.py:65: in test_review_session_http_lifecycle_preserves_timestamp_contract
    response = study_client.get("/api/v1/flashcards/review-sessions", params={"status": operation, "deck_id": deck})
               ^^^^^^^^^^^^^^^^^^^^^^^^^^^^^^^^^^^^^^^^^^^^^^^^^^^^^^^^^^^^^^^^^^^^^^^^^^^^^^^^^^^^^^^^^^^^^^^^^^^^^
.venv/lib/python3.11/site-packages/starlette/testclient.py:487: in get
    return super().get(
.venv/lib/python3.11/site-packages/httpx/_client.py:1053: in get
    return self.request(
.venv/lib/python3.11/site-packages/starlette/testclient.py:459: in request
    return super().request(
.venv/lib/python3.11/site-packages/httpx/_client.py:825: in request
    return self.send(request, auth=auth, follow_redirects=follow_redirects)
           ^^^^^^^^^^^^^^^^^^^^^^^^^^^^^^^^^^^^^^^^^^^^^^^^^^^^^^^^^^^^^^^^
.venv/lib/python3.11/site-packages/httpx/_client.py:914: in send
    response = self._send_handling_auth(
.venv/lib/python3.11/site-packages/httpx/_client.py:942: in _send_handling_auth
    response = self._send_handling_redirects(
.venv/lib/python3.11/site-packages/httpx/_client.py:979: in _send_handling_redirects
    response = self._send_single_request(request)
               ^^^^^^^^^^^^^^^^^^^^^^^^^^^^^^^^^^
.venv/lib/python3.11/site-packages/httpx/_client.py:1014: in _send_single_request
    response = transport.handle_request(request)
               ^^^^^^^^^^^^^^^^^^^^^^^^^^^^^^^^^
.venv/lib/python3.11/site-packages/starlette/testclient.py:362: in handle_request
    raise exc
.venv/lib/python3.11/site-packages/starlette/testclient.py:359: in handle_request
    portal.call(self.app, scope, receive, send)
.venv/lib/python3.11/site-packages/anyio/from_thread.py:334: in call
    return cast(T_Retval, self.start_task_soon(func, *args).result())
                          ^^^^^^^^^^^^^^^^^^^^^^^^^^^^^^^^^^^^^^^^^^
../../../.local/share/uv/python/cpython-3.11.13-macos-aarch64-none/lib/python3.11/concurrent/futures/_base.py:456: in result
    return self.__get_result()
           ^^^^^^^^^^^^^^^^^^^
../../../.local/share/uv/python/cpython-3.11.13-macos-aarch64-none/lib/python3.11/concurrent/futures/_base.py:401: in __get_result
    raise self._exception
.venv/lib/python3.11/site-packages/anyio/from_thread.py:259: in _call_func
    retval = await retval_or_awaitable
             ^^^^^^^^^^^^^^^^^^^^^^^^^
.venv/lib/python3.11/site-packages/fastapi/applications.py:1159: in __call__
    await super().__call__(scope, receive, send)
.venv/lib/python3.11/site-packages/starlette/applications.py:90: in __call__
    await self.middleware_stack(scope, receive, send)
.venv/lib/python3.11/site-packages/starlette/middleware/errors.py:186: in __call__
    raise exc
.venv/lib/python3.11/site-packages/starlette/middleware/errors.py:164: in __call__
    await self.app(scope, receive, _send)
.venv/lib/python3.11/site-packages/starlette/middleware/exceptions.py:63: in __call__
    await wrap_app_handling_exceptions(self.app, conn)(scope, receive, send)
.venv/lib/python3.11/site-packages/starlette/_exception_handler.py:53: in wrapped_app
    raise exc
.venv/lib/python3.11/site-packages/starlette/_exception_handler.py:42: in wrapped_app
    await app(scope, receive, sender)
.venv/lib/python3.11/site-packages/fastapi/middleware/asyncexitstack.py:18: in __call__
    await self.app(scope, receive, send)
.venv/lib/python3.11/site-packages/starlette/routing.py:660: in __call__
    await self.middleware_stack(scope, receive, send)
.venv/lib/python3.11/site-packages/starlette/routing.py:680: in app
    await route.handle(scope, receive, send)
.venv/lib/python3.11/site-packages/starlette/routing.py:276: in handle
    await self.app(scope, receive, send)
.venv/lib/python3.11/site-packages/fastapi/routing.py:134: in app
    await wrap_app_handling_exceptions(app, request)(scope, receive, send)
.venv/lib/python3.11/site-packages/starlette/_exception_handler.py:53: in wrapped_app
    raise exc
.venv/lib/python3.11/site-packages/starlette/_exception_handler.py:42: in wrapped_app
    await app(scope, receive, sender)
.venv/lib/python3.11/site-packages/fastapi/routing.py:120: in app
    response = await f(request)
               ^^^^^^^^^^^^^^^^
.venv/lib/python3.11/site-packages/fastapi/routing.py:695: in app
    content = await serialize_response(
.venv/lib/python3.11/site-packages/fastapi/routing.py:300: in serialize_response
    raise ResponseValidationError(
E   fastapi.exceptions.ResponseValidationError: 2 validation errors:
E     {'type': 'string_type', 'loc': ('response', 0, 'started_at'), 'msg': 'Input should be a valid string', 'input': datetime.datetime(2026, 9, 16, 23, 39, 38, 536000, tzinfo=zoneinfo.ZoneInfo(key='Etc/UTC'))}
E     {'type': 'string_type', 'loc': ('response', 0, 'last_activity_at'), 'msg': 'Input should be a valid string', 'input': datetime.datetime(2026, 9, 16, 23, 39, 38, 536000, tzinfo=zoneinfo.ZoneInfo(key='Etc/UTC'))}
E
E     File "/Users/macbook-dev/Documents/GitHub/tldw_server2/tldw_Server_API/app/api/v1/endpoints/flashcards.py", line 2043, in list_review_sessions
E       GET /api/v1/flashcards/review-sessions
---------------------------- Captured stderr setup -----------------------------
2026-09-16 16:39:37.162 | INFO     | tldw_Server_API.app.core.DB_Management.backends.factory:create_backend:392 - Creating postgresql backend
2026-09-16 16:39:37.162 | INFO     | tldw_Server_API.app.core.config:_buffered_log:210 - Determined ACTUAL_PROJECT_ROOT for database paths: /Users/macbook-dev/Documents/GitHub/tldw_server2
2026-09-16 16:39:37.163 | INFO     | tldw_Server_API.app.core.config:_buffered_log:210 - Early loading environment variables from: /Users/macbook-dev/Documents/GitHub/tldw_server2/tldw_Server_API/Config_Files/.env
2026-09-16 16:39:37.168 | INFO     | tldw_Server_API.app.core.config:_buffered_log:210 - Early loading environment variables from: /Users/macbook-dev/Documents/GitHub/tldw_server2/tldw_Server_API/Config_Files/.ENV
2026-09-16 16:39:37.172 | DEBUG    | tldw_Server_API.app.core.config:_buffered_log:210 - load_and_log_configs(): Loading and logging configurations...
2026-09-16 16:39:37.172 | INFO     | tldw_Server_API.app.core.config:_buffered_log:210 - Loading environment variables from: /Users/macbook-dev/Documents/GitHub/tldw_server2/tldw_Server_API/Config_Files/.env
2026-09-16 16:39:37.177 | INFO     | tldw_Server_API.app.core.config:_buffered_log:210 - Loading environment variables from: /Users/macbook-dev/Documents/GitHub/tldw_server2/tldw_Server_API/Config_Files/.ENV
2026-09-16 16:39:37.181 | INFO     | tldw_Server_API.app.core.config:_buffered_log:210 - Attempting to load comprehensive config from: /Users/macbook-dev/Documents/GitHub/tldw_server2/tldw_Server_API/Config_Files/config.txt
2026-09-16 16:39:37.184 | INFO     | tldw_Server_API.app.core.config:_buffered_log:210 - load_comprehensive_config(): Sections found in config: ['Setup', 'UI', 'Server', 'Files', 'Image-Generation', 'ACP', 'WORKSPACES', 'ACP-WORKSPACE', 'ACP-SANDBOX', 'Audit', 'Processing', 'Media-Processing', 'Chat-Dictionaries', 'Chat-Module', 'Chat-Commands', 'Chat-Templating', 'Character-Chat', 'Settings', 'Auto-Save', 'Prompts', 'Database', 'Chunking', 'Visual-RAG', 'AuthNZ', 'Streaming', 'HTTP', 'Egress', 'Embeddings', 'Claims', 'ClaimsMonitoring', 'RAG', 'Search-Agent', 'ResourceGovernor', 'Jobs', 'SlidesStandaloneHtml', 'Diarization', 'API', 'MLX', 'Local-API', 'LlamaCpp', 'STT-Settings', 'external_providers', 'TTS-Settings', 'VibeVoice', 'Audio-Quota', 'API-Routes', 'Search-Engines', 'Web-Scraper', 'Logging', 'Moderation', 'Redis', 'Web-Scraping', 'personalization', 'persona', 'persona.rbac']
2026-09-16 16:39:37.186 | INFO     | tldw_Server_API.app.core.config:_buffered_log:210 - Ensured main SQLite database directory exists: /Users/macbook-dev/Documents/GitHub/tldw_server2/Databases
2026-09-16 16:39:37.186 | INFO     | tldw_Server_API.app.core.config:_buffered_log:210 - Ensured user data base directory exists: Databases/user_databases
2026-09-16 16:39:37.186 | WARNING  | tldw_Server_API.app.core.DB_Management.db_path_utils:resolve_user_db_base_dir:491 - USER_DB_BASE_DIR not configured in tests, using isolated fallback: /private/var/folders/sn/m80n2j152t9gw3w8qwk2nykh0000gn/T/tldw_user_databases_test/default-aa3d2acb
2026-09-16 16:39:37.186 | INFO     | tldw_Server_API.app.core.DB_Management.ChaChaNotes_DB:__init__:7606 - Initializing CharactersRAGDB for path: /private/var/folders/sn/m80n2j152t9gw3w8qwk2nykh0000gn/T/pytest-of-macbook-dev/pytest-122/test_review_session_http_lifec2/study.db [Client ID: 1] (backend=postgresql)
2026-09-16 16:39:38.499 | DEBUG    | tldw_Server_API.app.core.DB_Management.ChaChaNotes_DB:__init__:7613 - CharactersRAGDB initialization completed successfully for /private/var/folders/sn/m80n2j152t9gw3w8qwk2nykh0000gn/T/pytest-of-macbook-dev/pytest-122/test_review_session_http_lifec2/study.db
----------------------------- Captured stderr call -----------------------------
2026-09-16 16:39:38.533 | DEBUG    | tldw_Server_API.app.core.DB_Management.ChaChaNotes_DB:_get_thread_connection:7969 - Acquired backend connection (postgresql) for thread 8346099072
2026-09-16 16:39:38.549 | DEBUG    | tldw_Server_API.app.core.DB_Management.ChaChaNotes_DB:_get_thread_connection:7969 - Acquired backend connection (postgresql) for thread 6252605440
2026-09-16 16:39:38.550 | DEBUG    | tldw_Server_API.app.core.DB_Management.ChaChaNotes_DB:execute_query:8213 - Executing SQL (script=False, backend=postgresql):
            SELECT id, deck_id, deck_name_snapshot, review_mode, tag_filter, scope_key, status,
                   started_at, last_activity_at, completed_at, client_id,
                   cards_reviewed, correct_count, source_bundle_json, study_pack_id
              FROM flashcard_review_sessions
... Params: (1, 'active', 20)...
--------------------------- Captured stderr teardown ---------------------------
2026-09-16 16:39:38.672 | DEBUG    | tldw_Server_API.app.core.DB_Management.ChaChaNotes_DB:close_connection:8038 - Returned backend connection (postgresql) for thread 8346099072.
2026-09-16 16:39:38.688 | INFO     | tldw_Server_API.app.api.v1.API_Deps.ChaCha_Notes_DB_Deps:close_all_chacha_db_instances:867 - Closing all cached ChaChaNotesDB instances (0)...
2026-09-16 16:39:38.688 | INFO     | tldw_Server_API.app.api.v1.API_Deps.ChaCha_Notes_DB_Deps:close_all_chacha_db_instances:883 - All ChaChaNotesDB instances closed and cache cleared.
2026-09-16 16:39:38.688 | INFO     | tldw_Server_API.app.api.v1.API_Deps.ChaCha_Notes_DB_Deps:close_all_chacha_db_instances:867 - Closing all cached ChaChaNotesDB instances (0)...
2026-09-16 16:39:38.688 | INFO     | tldw_Server_API.app.api.v1.API_Deps.ChaCha_Notes_DB_Deps:close_all_chacha_db_instances:883 - All ChaChaNotesDB instances closed and cache cleared.
_ test_study_timestamp_conversion_preserves_values_and_non_time_fields[thread-utc] _
tldw_Server_API/tests/Flashcards/test_study_response_timestamp_contract.py:143: in test_study_timestamp_conversion_preserves_values_and_non_time_fields
    result = model.model_validate(payload).model_dump(mode="json")
             ^^^^^^^^^^^^^^^^^^^^^^^^^^^^^
E   pydantic_core._pydantic_core.ValidationError: 3 validation errors for StudyAssistantThreadSummary
E   last_message_at
E     Input should be a valid string [type=string_type, input_value=datetime.datetime(2026, 9...o=datetime.timezone.utc), input_type=datetime]
E       For further information visit https://errors.pydantic.dev/2.11/v/string_type
E   created_at
E     Input should be a valid string [type=string_type, input_value=datetime.datetime(2026, 9...o=datetime.timezone.utc), input_type=datetime]
E       For further information visit https://errors.pydantic.dev/2.11/v/string_type
E   last_modified
E     Input should be a valid string [type=string_type, input_value=datetime.datetime(2026, 9...o=datetime.timezone.utc), input_type=datetime]
E       For further information visit https://errors.pydantic.dev/2.11/v/string_type
--------------------------- Captured stderr teardown ---------------------------
2026-09-16 16:39:40.015 | INFO     | tldw_Server_API.app.api.v1.API_Deps.ChaCha_Notes_DB_Deps:close_all_chacha_db_instances:867 - Closing all cached ChaChaNotesDB instances (0)...
2026-09-16 16:39:40.015 | INFO     | tldw_Server_API.app.api.v1.API_Deps.ChaCha_Notes_DB_Deps:close_all_chacha_db_instances:883 - All ChaChaNotesDB instances closed and cache cleared.
2026-09-16 16:39:40.016 | INFO     | tldw_Server_API.app.api.v1.API_Deps.ChaCha_Notes_DB_Deps:close_all_chacha_db_instances:867 - Closing all cached ChaChaNotesDB instances (0)...
2026-09-16 16:39:40.016 | INFO     | tldw_Server_API.app.api.v1.API_Deps.ChaCha_Notes_DB_Deps:close_all_chacha_db_instances:883 - All ChaChaNotesDB instances closed and cache cleared.
_ test_study_timestamp_conversion_preserves_values_and_non_time_fields[message-naive] _
tldw_Server_API/tests/Flashcards/test_study_response_timestamp_contract.py:143: in test_study_timestamp_conversion_preserves_values_and_non_time_fields
    result = model.model_validate(payload).model_dump(mode="json")
             ^^^^^^^^^^^^^^^^^^^^^^^^^^^^^
E   pydantic_core._pydantic_core.ValidationError: 1 validation error for StudyAssistantMessage
E   created_at
E     Input should be a valid string [type=string_type, input_value=datetime.datetime(2026, 9, 16, 23, 19), input_type=datetime]
E       For further information visit https://errors.pydantic.dev/2.11/v/string_type
--------------------------- Captured stderr teardown ---------------------------
2026-09-16 16:39:40.019 | INFO     | tldw_Server_API.app.api.v1.API_Deps.ChaCha_Notes_DB_Deps:close_all_chacha_db_instances:867 - Closing all cached ChaChaNotesDB instances (0)...
2026-09-16 16:39:40.019 | INFO     | tldw_Server_API.app.api.v1.API_Deps.ChaCha_Notes_DB_Deps:close_all_chacha_db_instances:883 - All ChaChaNotesDB instances closed and cache cleared.
2026-09-16 16:39:40.020 | INFO     | tldw_Server_API.app.api.v1.API_Deps.ChaCha_Notes_DB_Deps:close_all_chacha_db_instances:867 - Closing all cached ChaChaNotesDB instances (0)...
2026-09-16 16:39:40.020 | INFO     | tldw_Server_API.app.api.v1.API_Deps.ChaCha_Notes_DB_Deps:close_all_chacha_db_instances:883 - All ChaChaNotesDB instances closed and cache cleared.
_ test_review_session_http_lifecycle_preserves_timestamp_contract[postgres-completed] _
tldw_Server_API/tests/Flashcards/test_study_response_timestamp_contract.py:65: in test_review_session_http_lifecycle_preserves_timestamp_contract
    response = study_client.get("/api/v1/flashcards/review-sessions", params={"status": operation, "deck_id": deck})
               ^^^^^^^^^^^^^^^^^^^^^^^^^^^^^^^^^^^^^^^^^^^^^^^^^^^^^^^^^^^^^^^^^^^^^^^^^^^^^^^^^^^^^^^^^^^^^^^^^^^^^
.venv/lib/python3.11/site-packages/starlette/testclient.py:487: in get
    return super().get(
.venv/lib/python3.11/site-packages/httpx/_client.py:1053: in get
    return self.request(
.venv/lib/python3.11/site-packages/starlette/testclient.py:459: in request
    return super().request(
.venv/lib/python3.11/site-packages/httpx/_client.py:825: in request
    return self.send(request, auth=auth, follow_redirects=follow_redirects)
           ^^^^^^^^^^^^^^^^^^^^^^^^^^^^^^^^^^^^^^^^^^^^^^^^^^^^^^^^^^^^^^^^
.venv/lib/python3.11/site-packages/httpx/_client.py:914: in send
    response = self._send_handling_auth(
.venv/lib/python3.11/site-packages/httpx/_client.py:942: in _send_handling_auth
    response = self._send_handling_redirects(
.venv/lib/python3.11/site-packages/httpx/_client.py:979: in _send_handling_redirects
    response = self._send_single_request(request)
               ^^^^^^^^^^^^^^^^^^^^^^^^^^^^^^^^^^
.venv/lib/python3.11/site-packages/httpx/_client.py:1014: in _send_single_request
    response = transport.handle_request(request)
               ^^^^^^^^^^^^^^^^^^^^^^^^^^^^^^^^^
.venv/lib/python3.11/site-packages/starlette/testclient.py:362: in handle_request
    raise exc
.venv/lib/python3.11/site-packages/starlette/testclient.py:359: in handle_request
    portal.call(self.app, scope, receive, send)
.venv/lib/python3.11/site-packages/anyio/from_thread.py:334: in call
    return cast(T_Retval, self.start_task_soon(func, *args).result())
                          ^^^^^^^^^^^^^^^^^^^^^^^^^^^^^^^^^^^^^^^^^^
../../../.local/share/uv/python/cpython-3.11.13-macos-aarch64-none/lib/python3.11/concurrent/futures/_base.py:456: in result
    return self.__get_result()
           ^^^^^^^^^^^^^^^^^^^
../../../.local/share/uv/python/cpython-3.11.13-macos-aarch64-none/lib/python3.11/concurrent/futures/_base.py:401: in __get_result
    raise self._exception
.venv/lib/python3.11/site-packages/anyio/from_thread.py:259: in _call_func
    retval = await retval_or_awaitable
             ^^^^^^^^^^^^^^^^^^^^^^^^^
.venv/lib/python3.11/site-packages/fastapi/applications.py:1159: in __call__
    await super().__call__(scope, receive, send)
.venv/lib/python3.11/site-packages/starlette/applications.py:90: in __call__
    await self.middleware_stack(scope, receive, send)
.venv/lib/python3.11/site-packages/starlette/middleware/errors.py:186: in __call__
    raise exc
.venv/lib/python3.11/site-packages/starlette/middleware/errors.py:164: in __call__
    await self.app(scope, receive, _send)
.venv/lib/python3.11/site-packages/starlette/middleware/exceptions.py:63: in __call__
    await wrap_app_handling_exceptions(self.app, conn)(scope, receive, send)
.venv/lib/python3.11/site-packages/starlette/_exception_handler.py:53: in wrapped_app
    raise exc
.venv/lib/python3.11/site-packages/starlette/_exception_handler.py:42: in wrapped_app
    await app(scope, receive, sender)
.venv/lib/python3.11/site-packages/fastapi/middleware/asyncexitstack.py:18: in __call__
    await self.app(scope, receive, send)
.venv/lib/python3.11/site-packages/starlette/routing.py:660: in __call__
    await self.middleware_stack(scope, receive, send)
.venv/lib/python3.11/site-packages/starlette/routing.py:680: in app
    await route.handle(scope, receive, send)
.venv/lib/python3.11/site-packages/starlette/routing.py:276: in handle
    await self.app(scope, receive, send)
.venv/lib/python3.11/site-packages/fastapi/routing.py:134: in app
    await wrap_app_handling_exceptions(app, request)(scope, receive, send)
.venv/lib/python3.11/site-packages/starlette/_exception_handler.py:53: in wrapped_app
    raise exc
.venv/lib/python3.11/site-packages/starlette/_exception_handler.py:42: in wrapped_app
    await app(scope, receive, sender)
.venv/lib/python3.11/site-packages/fastapi/routing.py:120: in app
    response = await f(request)
               ^^^^^^^^^^^^^^^^
.venv/lib/python3.11/site-packages/fastapi/routing.py:695: in app
    content = await serialize_response(
.venv/lib/python3.11/site-packages/fastapi/routing.py:300: in serialize_response
    raise ResponseValidationError(
E   fastapi.exceptions.ResponseValidationError: 3 validation errors:
E     {'type': 'string_type', 'loc': ('response', 0, 'started_at'), 'msg': 'Input should be a valid string', 'input': datetime.datetime(2026, 9, 16, 23, 39, 41, 452000, tzinfo=zoneinfo.ZoneInfo(key='Etc/UTC'))}
E     {'type': 'string_type', 'loc': ('response', 0, 'last_activity_at'), 'msg': 'Input should be a valid string', 'input': datetime.datetime(2026, 9, 16, 23, 39, 41, 453000, tzinfo=zoneinfo.ZoneInfo(key='Etc/UTC'))}
E     {'type': 'string_type', 'loc': ('response', 0, 'completed_at'), 'msg': 'Input should be a valid string', 'input': datetime.datetime(2026, 9, 16, 23, 39, 41, 453000, tzinfo=zoneinfo.ZoneInfo(key='Etc/UTC'))}
E
E     File "/Users/macbook-dev/Documents/GitHub/tldw_server2/tldw_Server_API/app/api/v1/endpoints/flashcards.py", line 2043, in list_review_sessions
E       GET /api/v1/flashcards/review-sessions
---------------------------- Captured stderr setup -----------------------------
2026-09-16 16:39:40.038 | INFO     | tldw_Server_API.app.core.DB_Management.backends.factory:create_backend:392 - Creating postgresql backend
2026-09-16 16:39:40.039 | INFO     | tldw_Server_API.app.core.config:_buffered_log:210 - Determined ACTUAL_PROJECT_ROOT for database paths: /Users/macbook-dev/Documents/GitHub/tldw_server2
2026-09-16 16:39:40.039 | INFO     | tldw_Server_API.app.core.config:_buffered_log:210 - Early loading environment variables from: /Users/macbook-dev/Documents/GitHub/tldw_server2/tldw_Server_API/Config_Files/.env
2026-09-16 16:39:40.043 | INFO     | tldw_Server_API.app.core.config:_buffered_log:210 - Early loading environment variables from: /Users/macbook-dev/Documents/GitHub/tldw_server2/tldw_Server_API/Config_Files/.ENV
2026-09-16 16:39:40.047 | DEBUG    | tldw_Server_API.app.core.config:_buffered_log:210 - load_and_log_configs(): Loading and logging configurations...
2026-09-16 16:39:40.048 | INFO     | tldw_Server_API.app.core.config:_buffered_log:210 - Loading environment variables from: /Users/macbook-dev/Documents/GitHub/tldw_server2/tldw_Server_API/Config_Files/.env
2026-09-16 16:39:40.052 | INFO     | tldw_Server_API.app.core.config:_buffered_log:210 - Loading environment variables from: /Users/macbook-dev/Documents/GitHub/tldw_server2/tldw_Server_API/Config_Files/.ENV
2026-09-16 16:39:40.057 | INFO     | tldw_Server_API.app.core.config:_buffered_log:210 - Attempting to load comprehensive config from: /Users/macbook-dev/Documents/GitHub/tldw_server2/tldw_Server_API/Config_Files/config.txt
2026-09-16 16:39:40.058 | INFO     | tldw_Server_API.app.core.config:_buffered_log:210 - load_comprehensive_config(): Sections found in config: ['Setup', 'UI', 'Server', 'Files', 'Image-Generation', 'ACP', 'WORKSPACES', 'ACP-WORKSPACE', 'ACP-SANDBOX', 'Audit', 'Processing', 'Media-Processing', 'Chat-Dictionaries', 'Chat-Module', 'Chat-Commands', 'Chat-Templating', 'Character-Chat', 'Settings', 'Auto-Save', 'Prompts', 'Database', 'Chunking', 'Visual-RAG', 'AuthNZ', 'Streaming', 'HTTP', 'Egress', 'Embeddings', 'Claims', 'ClaimsMonitoring', 'RAG', 'Search-Agent', 'ResourceGovernor', 'Jobs', 'SlidesStandaloneHtml', 'Diarization', 'API', 'MLX', 'Local-API', 'LlamaCpp', 'STT-Settings', 'external_providers', 'TTS-Settings', 'VibeVoice', 'Audio-Quota', 'API-Routes', 'Search-Engines', 'Web-Scraper', 'Logging', 'Moderation', 'Redis', 'Web-Scraping', 'personalization', 'persona', 'persona.rbac']
2026-09-16 16:39:40.061 | INFO     | tldw_Server_API.app.core.config:_buffered_log:210 - Ensured main SQLite database directory exists: /Users/macbook-dev/Documents/GitHub/tldw_server2/Databases
2026-09-16 16:39:40.061 | INFO     | tldw_Server_API.app.core.config:_buffered_log:210 - Ensured user data base directory exists: Databases/user_databases
2026-09-16 16:39:40.061 | WARNING  | tldw_Server_API.app.core.DB_Management.db_path_utils:resolve_user_db_base_dir:491 - USER_DB_BASE_DIR not configured in tests, using isolated fallback: /private/var/folders/sn/m80n2j152t9gw3w8qwk2nykh0000gn/T/tldw_user_databases_test/default-aa3d2acb
2026-09-16 16:39:40.061 | INFO     | tldw_Server_API.app.core.DB_Management.ChaChaNotes_DB:__init__:7606 - Initializing CharactersRAGDB for path: /private/var/folders/sn/m80n2j152t9gw3w8qwk2nykh0000gn/T/pytest-of-macbook-dev/pytest-122/test_review_session_http_lifec4/study.db [Client ID: 1] (backend=postgresql)
2026-09-16 16:39:41.414 | DEBUG    | tldw_Server_API.app.core.DB_Management.ChaChaNotes_DB:__init__:7613 - CharactersRAGDB initialization completed successfully for /private/var/folders/sn/m80n2j152t9gw3w8qwk2nykh0000gn/T/pytest-of-macbook-dev/pytest-122/test_review_session_http_lifec4/study.db
----------------------------- Captured stderr call -----------------------------
2026-09-16 16:39:41.449 | DEBUG    | tldw_Server_API.app.core.DB_Management.ChaChaNotes_DB:_get_thread_connection:7969 - Acquired backend connection (postgresql) for thread 8346099072
2026-09-16 16:39:41.453 | DEBUG    | tldw_Server_API.app.core.DB_Management.ChaChaNotes_DB:execute_query:8213 - Executing SQL (script=False, backend=postgresql):
                UPDATE flashcard_review_sessions
                   SET status = 'completed',
                       last_activity_at = ?,
                       completed_at = ?
                 WHERE id = ?
                ... Params: ('2026-09-16T23:39:41.453Z', '2026-09-16T23:39:41.453Z', 1)...
2026-09-16 16:39:41.454 | DEBUG    | tldw_Server_API.app.core.DB_Management.ChaChaNotes_DB:execute_query:8213 - Executing SQL (script=False, backend=postgresql):
                SELECT id, deck_id, deck_name_snapshot, review_mode, tag_filter, scope_key, status,
                       started_at, last_activity_at, completed_at, client_id,
                       cards_reviewed, correct_count, source_bundle_json, study_pack_id
                  FROM flashcard_... Params: (1,)...
2026-09-16 16:39:41.461 | DEBUG    | tldw_Server_API.app.core.DB_Management.ChaChaNotes_DB:_get_thread_connection:7969 - Acquired backend connection (postgresql) for thread 6252605440
2026-09-16 16:39:41.462 | DEBUG    | tldw_Server_API.app.core.DB_Management.ChaChaNotes_DB:execute_query:8213 - Executing SQL (script=False, backend=postgresql):
            SELECT id, deck_id, deck_name_snapshot, review_mode, tag_filter, scope_key, status,
                   started_at, last_activity_at, completed_at, client_id,
                   cards_reviewed, correct_count, source_bundle_json, study_pack_id
              FROM flashcard_review_sessions
... Params: (1, 'completed', 20)...
--------------------------- Captured stderr teardown ---------------------------
2026-09-16 16:39:41.590 | DEBUG    | tldw_Server_API.app.core.DB_Management.ChaChaNotes_DB:close_connection:8038 - Returned backend connection (postgresql) for thread 8346099072.
2026-09-16 16:39:41.608 | INFO     | tldw_Server_API.app.api.v1.API_Deps.ChaCha_Notes_DB_Deps:close_all_chacha_db_instances:867 - Closing all cached ChaChaNotesDB instances (0)...
2026-09-16 16:39:41.608 | INFO     | tldw_Server_API.app.api.v1.API_Deps.ChaCha_Notes_DB_Deps:close_all_chacha_db_instances:883 - All ChaChaNotesDB instances closed and cache cleared.
2026-09-16 16:39:41.608 | INFO     | tldw_Server_API.app.api.v1.API_Deps.ChaCha_Notes_DB_Deps:close_all_chacha_db_instances:867 - Closing all cached ChaChaNotesDB instances (0)...
2026-09-16 16:39:41.608 | INFO     | tldw_Server_API.app.api.v1.API_Deps.ChaCha_Notes_DB_Deps:close_all_chacha_db_instances:883 - All ChaChaNotesDB instances closed and cache cleared.
_ test_study_timestamp_conversion_preserves_values_and_non_time_fields[session-offset] _
tldw_Server_API/tests/Flashcards/test_study_response_timestamp_contract.py:143: in test_study_timestamp_conversion_preserves_values_and_non_time_fields
    result = model.model_validate(payload).model_dump(mode="json")
             ^^^^^^^^^^^^^^^^^^^^^^^^^^^^^
E   pydantic_core._pydantic_core.ValidationError: 3 validation errors for FlashcardReviewSessionSummary
E   started_at
E     Input should be a valid string [type=string_type, input_value=datetime.datetime(2026, 9...medelta(seconds=20700))), input_type=datetime]
E       For further information visit https://errors.pydantic.dev/2.11/v/string_type
E   last_activity_at
E     Input should be a valid string [type=string_type, input_value=datetime.datetime(2026, 9...medelta(seconds=20700))), input_type=datetime]
E       For further information visit https://errors.pydantic.dev/2.11/v/string_type
E   completed_at
E     Input should be a valid string [type=string_type, input_value=datetime.datetime(2026, 9...medelta(seconds=20700))), input_type=datetime]
E       For further information visit https://errors.pydantic.dev/2.11/v/string_type
--------------------------- Captured stderr teardown ---------------------------
2026-09-16 16:39:42.303 | INFO     | tldw_Server_API.app.api.v1.API_Deps.ChaCha_Notes_DB_Deps:close_all_chacha_db_instances:867 - Closing all cached ChaChaNotesDB instances (0)...
2026-09-16 16:39:42.303 | INFO     | tldw_Server_API.app.api.v1.API_Deps.ChaCha_Notes_DB_Deps:close_all_chacha_db_instances:883 - All ChaChaNotesDB instances closed and cache cleared.
2026-09-16 16:39:42.303 | INFO     | tldw_Server_API.app.api.v1.API_Deps.ChaCha_Notes_DB_Deps:close_all_chacha_db_instances:867 - Closing all cached ChaChaNotesDB instances (0)...
2026-09-16 16:39:42.303 | INFO     | tldw_Server_API.app.api.v1.API_Deps.ChaCha_Notes_DB_Deps:close_all_chacha_db_instances:883 - All ChaChaNotesDB instances closed and cache cleared.
_ test_study_timestamp_conversion_preserves_values_and_non_time_fields[session-utc] _
tldw_Server_API/tests/Flashcards/test_study_response_timestamp_contract.py:143: in test_study_timestamp_conversion_preserves_values_and_non_time_fields
    result = model.model_validate(payload).model_dump(mode="json")
             ^^^^^^^^^^^^^^^^^^^^^^^^^^^^^
E   pydantic_core._pydantic_core.ValidationError: 3 validation errors for FlashcardReviewSessionSummary
E   started_at
E     Input should be a valid string [type=string_type, input_value=datetime.datetime(2026, 9...o=datetime.timezone.utc), input_type=datetime]
E       For further information visit https://errors.pydantic.dev/2.11/v/string_type
E   last_activity_at
E     Input should be a valid string [type=string_type, input_value=datetime.datetime(2026, 9...o=datetime.timezone.utc), input_type=datetime]
E       For further information visit https://errors.pydantic.dev/2.11/v/string_type
E   completed_at
E     Input should be a valid string [type=string_type, input_value=datetime.datetime(2026, 9...o=datetime.timezone.utc), input_type=datetime]
E       For further information visit https://errors.pydantic.dev/2.11/v/string_type
--------------------------- Captured stderr teardown ---------------------------
2026-09-16 16:39:42.305 | INFO     | tldw_Server_API.app.api.v1.API_Deps.ChaCha_Notes_DB_Deps:close_all_chacha_db_instances:867 - Closing all cached ChaChaNotesDB instances (0)...
2026-09-16 16:39:42.306 | INFO     | tldw_Server_API.app.api.v1.API_Deps.ChaCha_Notes_DB_Deps:close_all_chacha_db_instances:883 - All ChaChaNotesDB instances closed and cache cleared.
2026-09-16 16:39:42.306 | INFO     | tldw_Server_API.app.api.v1.API_Deps.ChaCha_Notes_DB_Deps:close_all_chacha_db_instances:867 - Closing all cached ChaChaNotesDB instances (0)...
2026-09-16 16:39:42.306 | INFO     | tldw_Server_API.app.api.v1.API_Deps.ChaCha_Notes_DB_Deps:close_all_chacha_db_instances:883 - All ChaChaNotesDB instances closed and cache cleared.
_ test_assistant_context_http_preserves_thread_and_message_timestamps[postgres-populated-thread] _
tldw_Server_API/tests/Flashcards/test_study_response_timestamp_contract.py:91: in test_assistant_context_http_preserves_thread_and_message_timestamps
    response = study_client.get(f"/api/v1/flashcards/{card}/assistant")
               ^^^^^^^^^^^^^^^^^^^^^^^^^^^^^^^^^^^^^^^^^^^^^^^^^^^^^^^^
.venv/lib/python3.11/site-packages/starlette/testclient.py:487: in get
    return super().get(
.venv/lib/python3.11/site-packages/httpx/_client.py:1053: in get
    return self.request(
.venv/lib/python3.11/site-packages/starlette/testclient.py:459: in request
    return super().request(
.venv/lib/python3.11/site-packages/httpx/_client.py:825: in request
    return self.send(request, auth=auth, follow_redirects=follow_redirects)
           ^^^^^^^^^^^^^^^^^^^^^^^^^^^^^^^^^^^^^^^^^^^^^^^^^^^^^^^^^^^^^^^^
.venv/lib/python3.11/site-packages/httpx/_client.py:914: in send
    response = self._send_handling_auth(
.venv/lib/python3.11/site-packages/httpx/_client.py:942: in _send_handling_auth
    response = self._send_handling_redirects(
.venv/lib/python3.11/site-packages/httpx/_client.py:979: in _send_handling_redirects
    response = self._send_single_request(request)
               ^^^^^^^^^^^^^^^^^^^^^^^^^^^^^^^^^^
.venv/lib/python3.11/site-packages/httpx/_client.py:1014: in _send_single_request
    response = transport.handle_request(request)
               ^^^^^^^^^^^^^^^^^^^^^^^^^^^^^^^^^
.venv/lib/python3.11/site-packages/starlette/testclient.py:362: in handle_request
    raise exc
.venv/lib/python3.11/site-packages/starlette/testclient.py:359: in handle_request
    portal.call(self.app, scope, receive, send)
.venv/lib/python3.11/site-packages/anyio/from_thread.py:334: in call
    return cast(T_Retval, self.start_task_soon(func, *args).result())
                          ^^^^^^^^^^^^^^^^^^^^^^^^^^^^^^^^^^^^^^^^^^
../../../.local/share/uv/python/cpython-3.11.13-macos-aarch64-none/lib/python3.11/concurrent/futures/_base.py:456: in result
    return self.__get_result()
           ^^^^^^^^^^^^^^^^^^^
../../../.local/share/uv/python/cpython-3.11.13-macos-aarch64-none/lib/python3.11/concurrent/futures/_base.py:401: in __get_result
    raise self._exception
.venv/lib/python3.11/site-packages/anyio/from_thread.py:259: in _call_func
    retval = await retval_or_awaitable
             ^^^^^^^^^^^^^^^^^^^^^^^^^
.venv/lib/python3.11/site-packages/fastapi/applications.py:1159: in __call__
    await super().__call__(scope, receive, send)
.venv/lib/python3.11/site-packages/starlette/applications.py:90: in __call__
    await self.middleware_stack(scope, receive, send)
.venv/lib/python3.11/site-packages/starlette/middleware/errors.py:186: in __call__
    raise exc
.venv/lib/python3.11/site-packages/starlette/middleware/errors.py:164: in __call__
    await self.app(scope, receive, _send)
.venv/lib/python3.11/site-packages/starlette/middleware/exceptions.py:63: in __call__
    await wrap_app_handling_exceptions(self.app, conn)(scope, receive, send)
.venv/lib/python3.11/site-packages/starlette/_exception_handler.py:53: in wrapped_app
    raise exc
.venv/lib/python3.11/site-packages/starlette/_exception_handler.py:42: in wrapped_app
    await app(scope, receive, sender)
.venv/lib/python3.11/site-packages/fastapi/middleware/asyncexitstack.py:18: in __call__
    await self.app(scope, receive, send)
.venv/lib/python3.11/site-packages/starlette/routing.py:660: in __call__
    await self.middleware_stack(scope, receive, send)
.venv/lib/python3.11/site-packages/starlette/routing.py:680: in app
    await route.handle(scope, receive, send)
.venv/lib/python3.11/site-packages/starlette/routing.py:276: in handle
    await self.app(scope, receive, send)
.venv/lib/python3.11/site-packages/fastapi/routing.py:134: in app
    await wrap_app_handling_exceptions(app, request)(scope, receive, send)
.venv/lib/python3.11/site-packages/starlette/_exception_handler.py:53: in wrapped_app
    raise exc
.venv/lib/python3.11/site-packages/starlette/_exception_handler.py:42: in wrapped_app
    await app(scope, receive, sender)
.venv/lib/python3.11/site-packages/fastapi/routing.py:120: in app
    response = await f(request)
               ^^^^^^^^^^^^^^^^
.venv/lib/python3.11/site-packages/fastapi/routing.py:695: in app
    content = await serialize_response(
.venv/lib/python3.11/site-packages/fastapi/routing.py:300: in serialize_response
    raise ResponseValidationError(
E   fastapi.exceptions.ResponseValidationError: 4 validation errors:
E     {'type': 'string_type', 'loc': ('response', 'thread', 'last_message_at'), 'msg': 'Input should be a valid string', 'input': datetime.datetime(2026, 9, 16, 23, 39, 43, 780000, tzinfo=zoneinfo.ZoneInfo(key='Etc/UTC'))}
E     {'type': 'string_type', 'loc': ('response', 'thread', 'created_at'), 'msg': 'Input should be a valid string', 'input': datetime.datetime(2026, 9, 16, 23, 39, 43, 778000, tzinfo=zoneinfo.ZoneInfo(key='Etc/UTC'))}
E     {'type': 'string_type', 'loc': ('response', 'thread', 'last_modified'), 'msg': 'Input should be a valid string', 'input': datetime.datetime(2026, 9, 16, 23, 39, 43, 780000, tzinfo=zoneinfo.ZoneInfo(key='Etc/UTC'))}
E     {'type': 'string_type', 'loc': ('response', 'messages', 0, 'created_at'), 'msg': 'Input should be a valid string', 'input': datetime.datetime(2026, 9, 16, 23, 39, 43, 780000, tzinfo=zoneinfo.ZoneInfo(key='Etc/UTC'))}
E
E     File "/Users/macbook-dev/Documents/GitHub/tldw_server2/tldw_Server_API/app/api/v1/endpoints/flashcards.py", line 2457, in get_flashcard_assistant
E       GET /api/v1/flashcards/{card_uuid}/assistant
---------------------------- Captured stderr setup -----------------------------
2026-09-16 16:39:42.328 | INFO     | tldw_Server_API.app.core.DB_Management.backends.factory:create_backend:392 - Creating postgresql backend
2026-09-16 16:39:42.328 | INFO     | tldw_Server_API.app.core.config:_buffered_log:210 - Determined ACTUAL_PROJECT_ROOT for database paths: /Users/macbook-dev/Documents/GitHub/tldw_server2
2026-09-16 16:39:42.328 | INFO     | tldw_Server_API.app.core.config:_buffered_log:210 - Early loading environment variables from: /Users/macbook-dev/Documents/GitHub/tldw_server2/tldw_Server_API/Config_Files/.env
2026-09-16 16:39:42.333 | INFO     | tldw_Server_API.app.core.config:_buffered_log:210 - Early loading environment variables from: /Users/macbook-dev/Documents/GitHub/tldw_server2/tldw_Server_API/Config_Files/.ENV
2026-09-16 16:39:42.337 | DEBUG    | tldw_Server_API.app.core.config:_buffered_log:210 - load_and_log_configs(): Loading and logging configurations...
2026-09-16 16:39:42.337 | INFO     | tldw_Server_API.app.core.config:_buffered_log:210 - Loading environment variables from: /Users/macbook-dev/Documents/GitHub/tldw_server2/tldw_Server_API/Config_Files/.env
2026-09-16 16:39:42.341 | INFO     | tldw_Server_API.app.core.config:_buffered_log:210 - Loading environment variables from: /Users/macbook-dev/Documents/GitHub/tldw_server2/tldw_Server_API/Config_Files/.ENV
2026-09-16 16:39:42.346 | INFO     | tldw_Server_API.app.core.config:_buffered_log:210 - Attempting to load comprehensive config from: /Users/macbook-dev/Documents/GitHub/tldw_server2/tldw_Server_API/Config_Files/config.txt
2026-09-16 16:39:42.348 | INFO     | tldw_Server_API.app.core.config:_buffered_log:210 - load_comprehensive_config(): Sections found in config: ['Setup', 'UI', 'Server', 'Files', 'Image-Generation', 'ACP', 'WORKSPACES', 'ACP-WORKSPACE', 'ACP-SANDBOX', 'Audit', 'Processing', 'Media-Processing', 'Chat-Dictionaries', 'Chat-Module', 'Chat-Commands', 'Chat-Templating', 'Character-Chat', 'Settings', 'Auto-Save', 'Prompts', 'Database', 'Chunking', 'Visual-RAG', 'AuthNZ', 'Streaming', 'HTTP', 'Egress', 'Embeddings', 'Claims', 'ClaimsMonitoring', 'RAG', 'Search-Agent', 'ResourceGovernor', 'Jobs', 'SlidesStandaloneHtml', 'Diarization', 'API', 'MLX', 'Local-API', 'LlamaCpp', 'STT-Settings', 'external_providers', 'TTS-Settings', 'VibeVoice', 'Audio-Quota', 'API-Routes', 'Search-Engines', 'Web-Scraper', 'Logging', 'Moderation', 'Redis', 'Web-Scraping', 'personalization', 'persona', 'persona.rbac']
2026-09-16 16:39:42.350 | INFO     | tldw_Server_API.app.core.config:_buffered_log:210 - Ensured main SQLite database directory exists: /Users/macbook-dev/Documents/GitHub/tldw_server2/Databases
2026-09-16 16:39:42.350 | INFO     | tldw_Server_API.app.core.config:_buffered_log:210 - Ensured user data base directory exists: Databases/user_databases
2026-09-16 16:39:42.350 | WARNING  | tldw_Server_API.app.core.DB_Management.db_path_utils:resolve_user_db_base_dir:491 - USER_DB_BASE_DIR not configured in tests, using isolated fallback: /private/var/folders/sn/m80n2j152t9gw3w8qwk2nykh0000gn/T/tldw_user_databases_test/default-aa3d2acb
2026-09-16 16:39:42.350 | INFO     | tldw_Server_API.app.core.DB_Management.ChaChaNotes_DB:__init__:7606 - Initializing CharactersRAGDB for path: /private/var/folders/sn/m80n2j152t9gw3w8qwk2nykh0000gn/T/pytest-of-macbook-dev/pytest-122/test_assistant_context_http_pr3/study.db [Client ID: 1] (backend=postgresql)
2026-09-16 16:39:43.740 | DEBUG    | tldw_Server_API.app.core.DB_Management.ChaChaNotes_DB:__init__:7613 - CharactersRAGDB initialization completed successfully for /private/var/folders/sn/m80n2j152t9gw3w8qwk2nykh0000gn/T/pytest-of-macbook-dev/pytest-122/test_assistant_context_http_pr3/study.db
----------------------------- Captured stderr call -----------------------------
2026-09-16 16:39:43.776 | DEBUG    | tldw_Server_API.app.core.DB_Management.ChaChaNotes_DB:_get_thread_connection:7969 - Acquired backend connection (postgresql) for thread 8346099072
2026-09-16 16:39:43.778 | DEBUG    | tldw_Server_API.app.core.DB_Management.ChaChaNotes_DB:execute_query:8213 - Executing SQL (script=False, backend=postgresql): SELECT id, context_type, flashcard_uuid, quiz_attempt_id, question_id, last_message_at, message_count, created_at, last_modified, deleted, client_id, version FROM study_assistant_threads WHERE context_type = ? AND flashcard_uuid = ? AND deleted = 0... Params: ('flashcard', 'd5281bf8-9f42-4127-92a9-99fd9a6fba90')...
2026-09-16 16:39:43.779 | DEBUG    | tldw_Server_API.app.core.DB_Management.ChaChaNotes_DB:execute_query:8213 - Executing SQL (script=False, backend=postgresql): SELECT id, context_type, flashcard_uuid, quiz_attempt_id, question_id, last_message_at, message_count, created_at, last_modified, deleted, client_id, version FROM study_assistant_threads WHERE context_type = ? AND flashcard_uuid = ? AND deleted = 0... Params: ('flashcard', 'd5281bf8-9f42-4127-92a9-99fd9a6fba90')...
2026-09-16 16:39:43.788 | DEBUG    | tldw_Server_API.app.core.DB_Management.ChaChaNotes_DB:_get_thread_connection:7969 - Acquired backend connection (postgresql) for thread 6252605440
2026-09-16 16:39:43.788 | DEBUG    | tldw_Server_API.app.core.DB_Management.ChaChaNotes_DB:execute_query:8213 - Executing SQL (script=False, backend=postgresql):
            SELECT f.uuid, f.deck_id, d.name AS deck_name, d.workspace_id AS workspace_id, f.front, f.back, f.notes, f.extra, f.is_cloze, f.tags_json,
                   f.source_ref_type, f.source_ref_id, f.conversation_id, f.message_id,
                   f.ef, f.interval_days, f.repetitions, f.l... Params: ('d5281bf8-9f42-4127-92a9-99fd9a6fba90',)...
2026-09-16 16:39:43.789 | DEBUG    | tldw_Server_API.app.core.DB_Management.ChaChaNotes_DB:execute_query:8213 - Executing SQL (script=False, backend=postgresql):
            SELECT f.uuid, f.deck_id, d.name AS deck_name, d.workspace_id AS workspace_id, f.front, f.back, f.notes, f.extra, f.is_cloze, f.tags_json,
                   f.source_ref_type, f.source_ref_id, f.conversation_id, f.message_id,
                   f.ef, f.interval_days, f.repetitions, f.l... Params: ('d5281bf8-9f42-4127-92a9-99fd9a6fba90',)...
2026-09-16 16:39:43.790 | DEBUG    | tldw_Server_API.app.core.DB_Management.ChaChaNotes_DB:execute_query:8213 - Executing SQL (script=False, backend=postgresql): SELECT id, context_type, flashcard_uuid, quiz_attempt_id, question_id, last_message_at, message_count, created_at, last_modified, deleted, client_id, version FROM study_assistant_threads WHERE context_type = ? AND flashcard_uuid = ? AND deleted = 0... Params: ('flashcard', 'd5281bf8-9f42-4127-92a9-99fd9a6fba90')...
2026-09-16 16:39:43.790 | DEBUG    | tldw_Server_API.app.core.DB_Management.ChaChaNotes_DB:execute_query:8213 - Executing SQL (script=False, backend=postgresql): SELECT id, thread_id, role, action_type, input_modality, content, structured_payload_json, context_snapshot_json, provider, model, created_at, client_id FROM study_assistant_messages WHERE thread_id = ? ORDER BY id ASC LIMIT ? OFFSET ?... Params: (1, 100, 0)...
2026-09-16 16:39:43.791 | DEBUG    | tldw_Server_API.app.core.DB_Management.ChaChaNotes_DB:execute_query:8213 - Executing SQL (script=False, backend=postgresql):
            SELECT id, flashcard_uuid, source_type, source_id, citation_text, locator, ordinal,
                   created_at, last_modified, deleted, client_id, version
              FROM flashcard_citations
             WHERE flashcard_uuid = ? AND deleted = 0
             ORDER BY ordinal, id
  ... Params: ('d5281bf8-9f42-4127-92a9-99fd9a6fba90',)...
2026-09-16 16:39:43.791 | DEBUG    | tldw_Server_API.app.core.DB_Management.ChaChaNotes_DB:execute_query:8213 - Executing SQL (script=False, backend=postgresql):
            SELECT sp.id, sp.workspace_id, sp.title, sp.deck_id, sp.source_bundle_json, sp.generation_options_json,
                   sp.status, sp.superseded_by_pack_id, sp.created_at, sp.last_modified, sp.deleted, sp.client_id, sp.version
              FROM study_pack_cards spc
              JOI... Params: ('d5281bf8-9f42-4127-92a9-99fd9a6fba90',)...
--------------------------- Captured stderr teardown ---------------------------
2026-09-16 16:39:43.916 | DEBUG    | tldw_Server_API.app.core.DB_Management.ChaChaNotes_DB:close_connection:8038 - Returned backend connection (postgresql) for thread 8346099072.
2026-09-16 16:39:43.934 | INFO     | tldw_Server_API.app.api.v1.API_Deps.ChaCha_Notes_DB_Deps:close_all_chacha_db_instances:867 - Closing all cached ChaChaNotesDB instances (0)...
2026-09-16 16:39:43.934 | INFO     | tldw_Server_API.app.api.v1.API_Deps.ChaCha_Notes_DB_Deps:close_all_chacha_db_instances:883 - All ChaChaNotesDB instances closed and cache cleared.
2026-09-16 16:39:43.934 | INFO     | tldw_Server_API.app.api.v1.API_Deps.ChaCha_Notes_DB_Deps:close_all_chacha_db_instances:867 - Closing all cached ChaChaNotesDB instances (0)...
2026-09-16 16:39:43.934 | INFO     | tldw_Server_API.app.api.v1.API_Deps.ChaCha_Notes_DB_Deps:close_all_chacha_db_instances:883 - All ChaChaNotesDB instances closed and cache cleared.
_ test_review_session_http_lifecycle_preserves_timestamp_contract[postgres-end] _
tldw_Server_API/tests/Flashcards/test_study_response_timestamp_contract.py:63: in test_review_session_http_lifecycle_preserves_timestamp_contract
    response = study_client.post("/api/v1/flashcards/review-sessions/end", json={"review_session_id": session["id"]})
               ^^^^^^^^^^^^^^^^^^^^^^^^^^^^^^^^^^^^^^^^^^^^^^^^^^^^^^^^^^^^^^^^^^^^^^^^^^^^^^^^^^^^^^^^^^^^^^^^^^^^^^
.venv/lib/python3.11/site-packages/starlette/testclient.py:560: in post
    return super().post(
.venv/lib/python3.11/site-packages/httpx/_client.py:1144: in post
    return self.request(
.venv/lib/python3.11/site-packages/starlette/testclient.py:459: in request
    return super().request(
.venv/lib/python3.11/site-packages/httpx/_client.py:825: in request
    return self.send(request, auth=auth, follow_redirects=follow_redirects)
           ^^^^^^^^^^^^^^^^^^^^^^^^^^^^^^^^^^^^^^^^^^^^^^^^^^^^^^^^^^^^^^^^
.venv/lib/python3.11/site-packages/httpx/_client.py:914: in send
    response = self._send_handling_auth(
.venv/lib/python3.11/site-packages/httpx/_client.py:942: in _send_handling_auth
    response = self._send_handling_redirects(
.venv/lib/python3.11/site-packages/httpx/_client.py:979: in _send_handling_redirects
    response = self._send_single_request(request)
               ^^^^^^^^^^^^^^^^^^^^^^^^^^^^^^^^^^
.venv/lib/python3.11/site-packages/httpx/_client.py:1014: in _send_single_request
    response = transport.handle_request(request)
               ^^^^^^^^^^^^^^^^^^^^^^^^^^^^^^^^^
.venv/lib/python3.11/site-packages/starlette/testclient.py:362: in handle_request
    raise exc
.venv/lib/python3.11/site-packages/starlette/testclient.py:359: in handle_request
    portal.call(self.app, scope, receive, send)
.venv/lib/python3.11/site-packages/anyio/from_thread.py:334: in call
    return cast(T_Retval, self.start_task_soon(func, *args).result())
                          ^^^^^^^^^^^^^^^^^^^^^^^^^^^^^^^^^^^^^^^^^^
../../../.local/share/uv/python/cpython-3.11.13-macos-aarch64-none/lib/python3.11/concurrent/futures/_base.py:456: in result
    return self.__get_result()
           ^^^^^^^^^^^^^^^^^^^
../../../.local/share/uv/python/cpython-3.11.13-macos-aarch64-none/lib/python3.11/concurrent/futures/_base.py:401: in __get_result
    raise self._exception
.venv/lib/python3.11/site-packages/anyio/from_thread.py:259: in _call_func
    retval = await retval_or_awaitable
             ^^^^^^^^^^^^^^^^^^^^^^^^^
.venv/lib/python3.11/site-packages/fastapi/applications.py:1159: in __call__
    await super().__call__(scope, receive, send)
.venv/lib/python3.11/site-packages/starlette/applications.py:90: in __call__
    await self.middleware_stack(scope, receive, send)
.venv/lib/python3.11/site-packages/starlette/middleware/errors.py:186: in __call__
    raise exc
.venv/lib/python3.11/site-packages/starlette/middleware/errors.py:164: in __call__
    await self.app(scope, receive, _send)
.venv/lib/python3.11/site-packages/starlette/middleware/exceptions.py:63: in __call__
    await wrap_app_handling_exceptions(self.app, conn)(scope, receive, send)
.venv/lib/python3.11/site-packages/starlette/_exception_handler.py:53: in wrapped_app
    raise exc
.venv/lib/python3.11/site-packages/starlette/_exception_handler.py:42: in wrapped_app
    await app(scope, receive, sender)
.venv/lib/python3.11/site-packages/fastapi/middleware/asyncexitstack.py:18: in __call__
    await self.app(scope, receive, send)
.venv/lib/python3.11/site-packages/starlette/routing.py:660: in __call__
    await self.middleware_stack(scope, receive, send)
.venv/lib/python3.11/site-packages/starlette/routing.py:680: in app
    await route.handle(scope, receive, send)
.venv/lib/python3.11/site-packages/starlette/routing.py:276: in handle
    await self.app(scope, receive, send)
.venv/lib/python3.11/site-packages/fastapi/routing.py:134: in app
    await wrap_app_handling_exceptions(app, request)(scope, receive, send)
.venv/lib/python3.11/site-packages/starlette/_exception_handler.py:53: in wrapped_app
    raise exc
.venv/lib/python3.11/site-packages/starlette/_exception_handler.py:42: in wrapped_app
    await app(scope, receive, sender)
.venv/lib/python3.11/site-packages/fastapi/routing.py:120: in app
    response = await f(request)
               ^^^^^^^^^^^^^^^^
.venv/lib/python3.11/site-packages/fastapi/routing.py:695: in app
    content = await serialize_response(
.venv/lib/python3.11/site-packages/fastapi/routing.py:300: in serialize_response
    raise ResponseValidationError(
E   fastapi.exceptions.ResponseValidationError: 3 validation errors:
E     {'type': 'string_type', 'loc': ('response', 'started_at'), 'msg': 'Input should be a valid string', 'input': datetime.datetime(2026, 9, 16, 23, 39, 45, 325000, tzinfo=zoneinfo.ZoneInfo(key='Etc/UTC'))}
E     {'type': 'string_type', 'loc': ('response', 'last_activity_at'), 'msg': 'Input should be a valid string', 'input': datetime.datetime(2026, 9, 16, 23, 39, 45, 328000, tzinfo=zoneinfo.ZoneInfo(key='Etc/UTC'))}
E     {'type': 'string_type', 'loc': ('response', 'completed_at'), 'msg': 'Input should be a valid string', 'input': datetime.datetime(2026, 9, 16, 23, 39, 45, 328000, tzinfo=zoneinfo.ZoneInfo(key='Etc/UTC'))}
E
E     File "/Users/macbook-dev/Documents/GitHub/tldw_server2/tldw_Server_API/app/api/v1/endpoints/flashcards.py", line 2062, in end_review_session
E       POST /api/v1/flashcards/review-sessions/end
---------------------------- Captured stderr setup -----------------------------
2026-09-16 16:39:43.952 | INFO     | tldw_Server_API.app.core.DB_Management.backends.factory:create_backend:392 - Creating postgresql backend
2026-09-16 16:39:43.952 | INFO     | tldw_Server_API.app.core.config:_buffered_log:210 - Determined ACTUAL_PROJECT_ROOT for database paths: /Users/macbook-dev/Documents/GitHub/tldw_server2
2026-09-16 16:39:43.952 | INFO     | tldw_Server_API.app.core.config:_buffered_log:210 - Early loading environment variables from: /Users/macbook-dev/Documents/GitHub/tldw_server2/tldw_Server_API/Config_Files/.env
2026-09-16 16:39:43.957 | INFO     | tldw_Server_API.app.core.config:_buffered_log:210 - Early loading environment variables from: /Users/macbook-dev/Documents/GitHub/tldw_server2/tldw_Server_API/Config_Files/.ENV
2026-09-16 16:39:43.961 | DEBUG    | tldw_Server_API.app.core.config:_buffered_log:210 - load_and_log_configs(): Loading and logging configurations...
2026-09-16 16:39:43.962 | INFO     | tldw_Server_API.app.core.config:_buffered_log:210 - Loading environment variables from: /Users/macbook-dev/Documents/GitHub/tldw_server2/tldw_Server_API/Config_Files/.env
2026-09-16 16:39:43.966 | INFO     | tldw_Server_API.app.core.config:_buffered_log:210 - Loading environment variables from: /Users/macbook-dev/Documents/GitHub/tldw_server2/tldw_Server_API/Config_Files/.ENV
2026-09-16 16:39:43.970 | INFO     | tldw_Server_API.app.core.config:_buffered_log:210 - Attempting to load comprehensive config from: /Users/macbook-dev/Documents/GitHub/tldw_server2/tldw_Server_API/Config_Files/config.txt
2026-09-16 16:39:43.972 | INFO     | tldw_Server_API.app.core.config:_buffered_log:210 - load_comprehensive_config(): Sections found in config: ['Setup', 'UI', 'Server', 'Files', 'Image-Generation', 'ACP', 'WORKSPACES', 'ACP-WORKSPACE', 'ACP-SANDBOX', 'Audit', 'Processing', 'Media-Processing', 'Chat-Dictionaries', 'Chat-Module', 'Chat-Commands', 'Chat-Templating', 'Character-Chat', 'Settings', 'Auto-Save', 'Prompts', 'Database', 'Chunking', 'Visual-RAG', 'AuthNZ', 'Streaming', 'HTTP', 'Egress', 'Embeddings', 'Claims', 'ClaimsMonitoring', 'RAG', 'Search-Agent', 'ResourceGovernor', 'Jobs', 'SlidesStandaloneHtml', 'Diarization', 'API', 'MLX', 'Local-API', 'LlamaCpp', 'STT-Settings', 'external_providers', 'TTS-Settings', 'VibeVoice', 'Audio-Quota', 'API-Routes', 'Search-Engines', 'Web-Scraper', 'Logging', 'Moderation', 'Redis', 'Web-Scraping', 'personalization', 'persona', 'persona.rbac']
2026-09-16 16:39:43.974 | INFO     | tldw_Server_API.app.core.config:_buffered_log:210 - Ensured main SQLite database directory exists: /Users/macbook-dev/Documents/GitHub/tldw_server2/Databases
2026-09-16 16:39:43.974 | INFO     | tldw_Server_API.app.core.config:_buffered_log:210 - Ensured user data base directory exists: Databases/user_databases
2026-09-16 16:39:43.975 | WARNING  | tldw_Server_API.app.core.DB_Management.db_path_utils:resolve_user_db_base_dir:491 - USER_DB_BASE_DIR not configured in tests, using isolated fallback: /private/var/folders/sn/m80n2j152t9gw3w8qwk2nykh0000gn/T/tldw_user_databases_test/default-aa3d2acb
2026-09-16 16:39:43.975 | INFO     | tldw_Server_API.app.core.DB_Management.ChaChaNotes_DB:__init__:7606 - Initializing CharactersRAGDB for path: /private/var/folders/sn/m80n2j152t9gw3w8qwk2nykh0000gn/T/pytest-of-macbook-dev/pytest-122/test_review_session_http_lifec5/study.db [Client ID: 1] (backend=postgresql)
2026-09-16 16:39:45.288 | DEBUG    | tldw_Server_API.app.core.DB_Management.ChaChaNotes_DB:__init__:7613 - CharactersRAGDB initialization completed successfully for /private/var/folders/sn/m80n2j152t9gw3w8qwk2nykh0000gn/T/pytest-of-macbook-dev/pytest-122/test_review_session_http_lifec5/study.db2026-09-16 16:39:45.455 | INFO     | tldw_Server_API.app.core.config:_buffered_log:210 - Determined ACTUAL_PROJECT_ROOT for database paths: /Users/macbook-dev/Documents/GitHub/tldw_server2
2026-09-16 16:39:45.455 | INFO     | tldw_Server_API.app.core.config:_buffered_log:210 - Early loading environment variables from: /Users/macbook-dev/Documents/GitHub/tldw_server2/tldw_Server_API/Config_Files/.env
2026-09-16 16:39:45.459 | INFO     | tldw_Server_API.app.core.config:_buffered_log:210 - Early loading environment variables from: /Users/macbook-dev/Documents/GitHub/tldw_server2/tldw_Server_API/Config_Files/.ENV
2026-09-16 16:39:45.466 | DEBUG    | tldw_Server_API.app.core.config:_buffered_log:210 - load_and_log_configs(): Loading and logging configurations...
2026-09-16 16:39:45.467 | INFO     | tldw_Server_API.app.core.config:_buffered_log:210 - Loading environment variables from: /Users/macbook-dev/Documents/GitHub/tldw_server2/tldw_Server_API/Config_Files/.env
2026-09-16 16:39:45.473 | INFO     | tldw_Server_API.app.core.config:_buffered_log:210 - Loading environment variables from: /Users/macbook-dev/Documents/GitHub/tldw_server2/tldw_Server_API/Config_Files/.ENV
2026-09-16 16:39:45.480 | INFO     | tldw_Server_API.app.core.config:_buffered_log:210 - Attempting to load comprehensive config from: /Users/macbook-dev/Documents/GitHub/tldw_server2/tldw_Server_API/Config_Files/config.txt
2026-09-16 16:39:45.483 | INFO     | tldw_Server_API.app.core.config:_buffered_log:210 - load_comprehensive_config(): Sections found in config: ['Setup', 'UI', 'Server', 'Files', 'Image-Generation', 'ACP', 'WORKSPACES', 'ACP-WORKSPACE', 'ACP-SANDBOX', 'Audit', 'Processing', 'Media-Processing', 'Chat-Dictionaries', 'Chat-Module', 'Chat-Commands', 'Chat-Templating', 'Character-Chat', 'Settings', 'Auto-Save', 'Prompts', 'Database', 'Chunking', 'Visual-RAG', 'AuthNZ', 'Streaming', 'HTTP', 'Egress', 'Embeddings', 'Claims', 'ClaimsMonitoring', 'RAG', 'Search-Agent', 'ResourceGovernor', 'Jobs', 'SlidesStandaloneHtml', 'Diarization', 'API', 'MLX', 'Local-API', 'LlamaCpp', 'STT-Settings', 'external_providers', 'TTS-Settings', 'VibeVoice', 'Audio-Quota', 'API-Routes', 'Search-Engines', 'Web-Scraper', 'Logging', 'Moderation', 'Redis', 'Web-Scraping', 'personalization', 'persona', 'persona.rbac']
2026-09-16 16:39:45.485 | INFO     | tldw_Server_API.app.core.config:_buffered_log:210 - Ensured main SQLite database directory exists: /Users/macbook-dev/Documents/GitHub/tldw_server2/Databases
2026-09-16 16:39:45.485 | INFO     | tldw_Server_API.app.core.config:_buffered_log:210 - Ensured user data base directory exists: Databases/user_databases
2026-09-16 16:39:45.485 | INFO     | tldw_Server_API.app.api.v1.API_Deps.Audit_DB_Deps:shutdown_all_audit_services:1034 - Shutting down audit services for 0 instances...
2026-09-16 16:39:45.485 | INFO     | tldw_Server_API.app.api.v1.API_Deps.Audit_DB_Deps:shutdown_all_audit_services:1091 - All audit services shut down successfully.
2026-09-16 16:39:45.497 | DEBUG    | tldw_Server_API.app.core.AuthNZ.settings:_ensure_jwt_secret:899 - Single-user mode - skipping JWT secret initialization
2026-09-16 16:39:45.497 | WARNING  | tldw_Server_API.app.core.AuthNZ.settings:_validate_api_key:1013 - SINGLE_USER_API_KEY uses a legacy format; generate a new server-generated key for improved security.
2026-09-16 16:39:45.497 | INFO     | tldw_Server_API.app.core.AuthNZ.settings:get_settings:1588 - Settings initialized - Auth mode: single_user, profile=local-single-user
2026-09-16 16:39:45.497 | INFO     | tldw_Server_API.app.core.AuthNZ.db_config:_detect_backend:83 - Detected database backend: sqlite
2026-09-16 16:39:45.612 | DEBUG    | tldw_Server_API.app.core.Scheduler.base.registry:decorator:81 - Registered task handler: watchlist_run
2026-09-16 16:39:45.612 | DEBUG    | tldw_Server_API.app.core.Scheduler.base.registry:decorator:81 - Registered task handler: watchlists_enrich_output
2026-09-16 16:39:45.612 | DEBUG    | tldw_Server_API.app.core.Scheduler.base.registry:decorator:81 - Registered task handler: watchlists_deliver_briefing
2026-09-16 16:39:45.612 | DEBUG    | tldw_Server_API.app.core.Scheduler.base.registry:decorator:81 - Registered task handler: acp_run
2026-09-16 16:39:45.612 | DEBUG    | tldw_Server_API.app.core.Scheduler.base.registry:decorator:81 - Registered task handler: workflow_run
2026-09-16 16:39:45.613 | WARNING  | tldw_Server_API.app.core.DB_Management.db_path_utils:resolve_user_db_base_dir:491 - USER_DB_BASE_DIR not configured in tests, using isolated fallback: /private/var/folders/sn/m80n2j152t9gw3w8qwk2nykh0000gn/T/tldw_user_databases_test/default-aa3d2acb
2026-09-16 16:39:45.613 | DEBUG    | tldw_Server_API.app.core.DB_Management.backends.factory:_get_or_create_shared_sqlite_backend:325 - Creating sqlite backend for /private/var/folders/sn/m80n2j152t9gw3w8qwk2nykh0000gn/T/tldw_user_databases_test/default-aa3d2acb/1/workflows/workflows_scheduler.db
2026-09-16 16:39:45.614 | INFO     | tldw_Server_API.app.core.DB_Management.Workflows_Scheduler_DB:__init__:210 - WorkflowsSchedulerDB using SQLite path: /private/var/folders/sn/m80n2j152t9gw3w8qwk2nykh0000gn/T/tldw_user_databases_test/default-aa3d2acb/1/workflows/workflows_scheduler.db
2026-09-16 16:39:45.615 | INFO     | tldw_Server_API.app.services.workflows_scheduler:stop:183 - Workflows recurring scheduler stopped
2026-09-16 16:39:45.615 | INFO     | tldw_Server_API.app.api.v1.API_Deps.ChaCha_Notes_DB_Deps:close_all_chacha_db_instances:867 - Closing all cached ChaChaNotesDB instances (0)...
2026-09-16 16:39:45.615 | INFO     | tldw_Server_API.app.api.v1.API_Deps.ChaCha_Notes_DB_Deps:close_all_chacha_db_instances:883 - All ChaChaNotesDB instances closed and cache cleared.
2026-09-16 16:39:45.615 | INFO     | tldw_Server_API.app.api.v1.API_Deps.DB_Deps:<module>:57 - Using LRUCache for user DB instances (maxsize=100).

----------------------------- Captured stderr call -----------------------------
2026-09-16 16:39:45.323 | DEBUG    | tldw_Server_API.app.core.DB_Management.ChaChaNotes_DB:_get_thread_connection:7969 - Acquired backend connection (postgresql) for thread 8346099072
2026-09-16 16:39:45.333 | DEBUG    | tldw_Server_API.app.core.DB_Management.ChaChaNotes_DB:_get_thread_connection:7969 - Acquired backend connection (postgresql) for thread 6252605440
2026-09-16 16:39:45.333 | DEBUG    | tldw_Server_API.app.core.DB_Management.ChaChaNotes_DB:execute_query:8213 - Executing SQL (script=False, backend=postgresql):
                UPDATE flashcard_review_sessions
                   SET status = 'completed',
                       last_activity_at = ?,
                       completed_at = ?
                 WHERE id = ?
                ... Params: ('2026-09-16T23:39:45.328Z', '2026-09-16T23:39:45.328Z', 1)...
2026-09-16 16:39:45.334 | DEBUG    | tldw_Server_API.app.core.DB_Management.ChaChaNotes_DB:execute_query:8213 - Executing SQL (script=False, backend=postgresql):
                SELECT id, deck_id, deck_name_snapshot, review_mode, tag_filter, scope_key, status,
                       started_at, last_activity_at, completed_at, client_id,
                       cards_reviewed, correct_count, source_bundle_json, study_pack_id
                  FROM flashcard_... Params: (1,)...
--------------------------- Captured stderr teardown ---------------------------
2026-09-16 16:39:45.403 | DEBUG    | tldw_Server_API.app.core.DB_Management.ChaChaNotes_DB:close_connection:8038 - Returned backend connection (postgresql) for thread 8346099072.
2026-09-16 16:39:45.421 | INFO     | tldw_Server_API.app.api.v1.API_Deps.ChaCha_Notes_DB_Deps:close_all_chacha_db_instances:867 - Closing all cached ChaChaNotesDB instances (0)...
2026-09-16 16:39:45.421 | INFO     | tldw_Server_API.app.api.v1.API_Deps.ChaCha_Notes_DB_Deps:close_all_chacha_db_instances:883 - All ChaChaNotesDB instances closed and cache cleared.
2026-09-16 16:39:45.421 | INFO     | tldw_Server_API.app.api.v1.API_Deps.ChaCha_Notes_DB_Deps:close_all_chacha_db_instances:867 - Closing all cached ChaChaNotesDB instances (0)...
2026-09-16 16:39:45.422 | INFO     | tldw_Server_API.app.api.v1.API_Deps.ChaCha_Notes_DB_Deps:close_all_chacha_db_instances:883 - All ChaChaNotesDB instances closed and cache cleared.
_ test_study_timestamp_conversion_preserves_values_and_non_time_fields[message-utc] _
tldw_Server_API/tests/Flashcards/test_study_response_timestamp_contract.py:143: in test_study_timestamp_conversion_preserves_values_and_non_time_fields
    result = model.model_validate(payload).model_dump(mode="json")
             ^^^^^^^^^^^^^^^^^^^^^^^^^^^^^
E   pydantic_core._pydantic_core.ValidationError: 1 validation error for StudyAssistantMessage
E   created_at
E     Input should be a valid string [type=string_type, input_value=datetime.datetime(2026, 9...o=datetime.timezone.utc), input_type=datetime]
E       For further information visit https://errors.pydantic.dev/2.11/v/string_type
--------------------------- Captured stderr teardown ---------------------------
2026-09-16 16:39:45.424 | INFO     | tldw_Server_API.app.api.v1.API_Deps.ChaCha_Notes_DB_Deps:close_all_chacha_db_instances:867 - Closing all cached ChaChaNotesDB instances (0)...
2026-09-16 16:39:45.424 | INFO     | tldw_Server_API.app.api.v1.API_Deps.ChaCha_Notes_DB_Deps:close_all_chacha_db_instances:883 - All ChaChaNotesDB instances closed and cache cleared.
2026-09-16 16:39:45.425 | INFO     | tldw_Server_API.app.api.v1.API_Deps.ChaCha_Notes_DB_Deps:close_all_chacha_db_instances:867 - Closing all cached ChaChaNotesDB instances (0)...
2026-09-16 16:39:45.425 | INFO     | tldw_Server_API.app.api.v1.API_Deps.ChaCha_Notes_DB_Deps:close_all_chacha_db_instances:883 - All ChaChaNotesDB instances closed and cache cleared.
=========================== short test summary info ============================
FAILED tldw_Server_API/tests/Flashcards/test_study_response_timestamp_contract.py::test_study_timestamp_conversion_preserves_values_and_non_time_fields[thread-offset]
FAILED tldw_Server_API/tests/Flashcards/test_study_response_timestamp_contract.py::test_study_timestamp_conversion_preserves_values_and_non_time_fields[thread-naive]
FAILED tldw_Server_API/tests/Flashcards/test_study_response_timestamp_contract.py::test_study_timestamp_conversion_preserves_values_and_non_time_fields[session-naive]
FAILED tldw_Server_API/tests/Flashcards/test_study_response_timestamp_contract.py::test_study_timestamp_conversion_preserves_values_and_non_time_fields[message-offset]
FAILED tldw_Server_API/tests/Flashcards/test_study_response_timestamp_contract.py::test_assistant_context_http_preserves_thread_and_message_timestamps[postgres-empty-thread]
FAILED tldw_Server_API/tests/Flashcards/test_study_response_timestamp_contract.py::test_review_session_http_lifecycle_preserves_timestamp_contract[postgres-active]
FAILED tldw_Server_API/tests/Flashcards/test_study_response_timestamp_contract.py::test_study_timestamp_conversion_preserves_values_and_non_time_fields[thread-utc]
FAILED tldw_Server_API/tests/Flashcards/test_study_response_timestamp_contract.py::test_study_timestamp_conversion_preserves_values_and_non_time_fields[message-naive]
FAILED tldw_Server_API/tests/Flashcards/test_study_response_timestamp_contract.py::test_review_session_http_lifecycle_preserves_timestamp_contract[postgres-completed]
FAILED tldw_Server_API/tests/Flashcards/test_study_response_timestamp_contract.py::test_study_timestamp_conversion_preserves_values_and_non_time_fields[session-offset]
FAILED tldw_Server_API/tests/Flashcards/test_study_response_timestamp_contract.py::test_study_timestamp_conversion_preserves_values_and_non_time_fields[session-utc]
FAILED tldw_Server_API/tests/Flashcards/test_study_response_timestamp_contract.py::test_assistant_context_http_preserves_thread_and_message_timestamps[postgres-populated-thread]
FAILED tldw_Server_API/tests/Flashcards/test_study_response_timestamp_contract.py::test_review_session_http_lifecycle_preserves_timestamp_contract[postgres-end]
FAILED tldw_Server_API/tests/Flashcards/test_study_response_timestamp_contract.py::test_study_timestamp_conversion_preserves_values_and_non_time_fields[message-utc]
================== 14 failed, 14 passed, 4 warnings in 12.35s ==================
