
 RUN  v4.0.18 /Users/macbook-dev/Documents/GitHub/tldw_server2/apps/tldw-frontend

(node:62345) ExperimentalWarning: localStorage is not available because --localstorage-file was not provided.
(Use `node --trace-warnings ...` to show where the warning was created)
(node:62348) ExperimentalWarning: localStorage is not available because --localstorage-file was not provided.
(Use `node --trace-warnings ...` to show where the warning was created)
(node:62347) ExperimentalWarning: localStorage is not available because --localstorage-file was not provided.
(Use `node --trace-warnings ...` to show where the warning was created)
(node:62346) ExperimentalWarning: localStorage is not available because --localstorage-file was not provided.
(Use `node --trace-warnings ...` to show where the warning was created)
 ✓ ../packages/ui/src/components/Flashcards/utils/__tests__/review-gap.test.ts (58 tests) 22ms
Browserslist: browsers data (caniuse-lite) is 8 months old. Please run:
  npx update-browserslist-db@latest
  Why you should do it regularly: https://github.com/browserslist/update-db#readme
 ✓ ../packages/ui/src/components/Flashcards/tabs/__tests__/ReviewTab.cram-previews.test.tsx (10 tests) 1571ms
     ✓ saved-gap toast 'learning' reports the saved gap  314ms
 ❯ ../packages/ui/src/components/Flashcards/components/__tests__/FlashcardEditDrawer.reset-scheduling.test.tsx (8 tests | 1 failed) 2880ms
     ✓ Drawer 'learning' confirmation=false reports the saved ten-minute gap  302ms
     ✓ Drawer 'learning' confirmation=true reports the saved ten-minute gap  789ms
     ✓ Drawer 'relearning' confirmation=false reports the saved ten-minute gap 63ms
     ✓ Drawer 'relearning' confirmation=true reports the saved ten-minute gap  745ms
     ✓ Drawer 'review' confirmation=false reports the saved ten-minute gap 63ms
     ✓ Drawer 'review' confirmation=true reports the saved ten-minute gap  761ms
     ✓ updates the saved gap in the same mounted editor without saving 79ms
     × confirms and invokes reset scheduling callback 76ms
 ✓ ../packages/ui/src/components/Flashcards/tabs/__tests__/ManageTab.scheduling-metadata.test.tsx (20 tests) 7879ms
     ✓ Manage 'learning' expanded=false reports the saved ten-minute gap  448ms
     ✓ preserves the pending-delete countdown and Undo without deprecated List warnings  1717ms
     ✓ supports multi-tag filter chips with suggestions  1590ms
     ✓ hides workspace decks by default and reveals them when the toggle is enabled  617ms
     ✓ filters decks and card queries to a selected workspace  333ms
     ✓ resets workspace filters for a non-workspace create handoff  596ms
     ✓ moves deck scope by patching workspace_id in the update payload  1207ms

⎯⎯⎯⎯⎯⎯⎯ Failed Tests 1 ⎯⎯⎯⎯⎯⎯⎯

 FAIL  ../packages/ui/src/components/Flashcards/components/__tests__/FlashcardEditDrawer.reset-scheduling.test.tsx > FlashcardEditDrawer reset scheduling action > confirms and invokes reset scheduling callback
TestingLibraryElementError: Unable to find an element with the text: Message #m-12. This could be because the text is broken up by multiple elements. In this case, you can provide a function for your text matcher to make your matcher more flexible.

Ignored nodes: comments, script, style
[36m<body>[39m
  [36m<div />[39m
  [36m<div>[39m
    [36m<div[39m
      [33mclass[39m=[32m"ant-drawer ant-drawer-right css-dev-only-do-not-override-3uaqrl css-var-root ant-drawer-open"[39m
      [33mtabindex[39m=[32m"-1"[39m
    [36m>[39m
      [36m<div[39m
        [33mclass[39m=[32m"ant-drawer-mask ant-drawer-mask-motion-appear ant-drawer-mask-motion-appear-start ant-drawer-mask-motion ant-drawer-mask-blur"[39m
      [36m/>[39m
      [36m<div[39m
        [33mclass[39m=[32m"ant-drawer-content-wrapper ant-drawer-panel-motion-right-appear ant-drawer-panel-motion-right-appear-start ant-drawer-panel-motion-right"[39m
        [33mstyle[39m=[32m"width: 520px;"[39m
      [36m>[39m
        [36m<div[39m
          [33maria-labelledby[39m=[32m"test-id"[39m
          [33maria-modal[39m=[32m"true"[39m
          [33mclass[39m=[32m"ant-drawer-section"[39m
          [33mrole[39m=[32m"dialog"[39m
        [36m>[39m
          [36m<div[39m
            [33mclass[39m=[32m"ant-drawer-header"[39m
          [36m>[39m
            [36m<div[39m
              [33mclass[39m=[32m"ant-drawer-header-title"[39m
            [36m>[39m
              [36m<button[39m
                [33maria-label[39m=[32m"Close"[39m
                [33mclass[39m=[32m"ant-drawer-close"[39m
                [33mtype[39m=[32m"button"[39m
              [36m>[39m
                [36m<span[39m
                  [33maria-label[39m=[32m"close"[39m
                  [33mclass[39m=[32m"anticon anticon-close"[39m
                  [33mrole[39m=[32m"img"[39m
                [36m>[39m
                  [36m<svg[39m
                    [33maria-hidden[39m=[32m"true"[39m
                    [33mdata-icon[39m=[32m"close"[39m
                    [33mfill[39m=[32m"currentColor"[39m
                    [33mfill-rule[39m=[32m"evenodd"[39m
                    [33mfocusable[39m=[32m"false"[39m
                    [33mheight[39m=[32m"1em"[39m
                    [33mviewBox[39m=[32m"64 64 896 896"[39m
                    [33mwidth[39m=[32m"1em"[39m
                  [36m>[39m
                    [36m<path[39m
                      [33md[39m=[32m"M799.86 166.31c.02 0 .04.02.08.06l57.69 57.7c.04.03.05.05.06.08a.12.12 0 010 .06c0 .03-.02.05-.06.09L569.93 512l287.7 287.7c.04.04.05.06.06.09a.12.12 0 010 .07c0 .02-.02.04-.06.08l-57.7 57.69c-.03.04-.05.05-.07.06a.12.12 0 01-.07 0c-.03 0-.05-.02-.09-.06L512 569.93l-287.7 287.7c-.04.04-.06.05-.09.06a.12.12 0 01-.07 0c-.02 0-.04-.02-.08-.06l-57.69-57.7c-.04-.03-.05-.05-.06-.07a.12.12 0 010-.07c0-.03.02-.05.06-.09L454.07 512l-287.7-287.7c-.04-.04-.05-.06-.06-.09a.12.12 0 010-.07c0-.02.02-.04.06-.08l57.7-57.69c.03-.04.05-.05.07-.06a.12.12 0 01.07 0c.03 0 .05.02.09.06L512 454.07l287.7-287.7c.04-.04.06-.05.09-.06a.12.12 0 01.07 0z"[39m
                    [36m/>[39m
                  [36m</svg>[39m
                [36m</span>[39m
              [36m</button>[39m
              [36m<div[39m
                [33mclass[39m=[32m"ant-drawer-title"[39m
                [33mid[39m=[32m"test-id"[39m
              [36m>[39m
                [0mEdit Flashcard[0m
              [36m</div>[39m
            [36m</div>[39m
          [36m</div>[39m
          [36m<div[39m
            [33mclass[39m=[32m"ant-drawer-body"[39m
          [36m>[39m
            [36m<form[39m
              [33mclass[39m=[32m"ant-form ant-form-vertical css-var-root ant-form-css-var css-dev-only-do-not-override-3uaqrl"[39m
            [36m>[39m
              [36m<div[39m
                [33mclass[39m=[32m"mb-6"[39m
              [36m>[39m
                [36m<h3[39m
                  [33mclass[39m=[32m"text-sm font-medium text-text-muted mb-3"[39m
                [36m>[39m
                  [0mOrganization[0m
                [36m</h3>[39m
                [36m<div[39m
                  [33mclass[39m=[32m"ant-form-item css-var-root ant-form-css-var css-dev-only-do-not-override-3uaqrl ant-form-item-vertical"[39m
                [36m>[39m
                  [36m<div[39m
                    [33mclass[39m=[32m"ant-row ant-form-item-row css-dev-only-do-not-override-3uaqrl css-var-root"[39m
                  [36m>[39m
                    [36m<div[39m
                      [33mclass[39m=[32m"ant-col ant-form-item-label css-dev-only-do-not-override-3uaqrl css-var-root"[39m
                    [36m>[39m
                      [36m<label[39m
                        [33mclass[39m=[32m""[39m
                        [33mfor[39m=[32m"deck_id"[39m
                        [33mtitle[39m=[32m"Deck"[39m
                      [36m>[39m
                        [0mDeck[0m
                      [36m</label>[39m
                    [36m</div>[39m
                    [36m<div[39m
                      [33mclass[39m=[32m"ant-col ant-form-item-control css-dev-only-do-not-override-3uaqrl css-var-root"[39m
                    [36m>[39m
                      [36m<div[39m
                        [33mclass[39m=[32m"ant-form-item-control-input"[39m
                      [36m>[39m
                        [36m<div[39m
                          [33mclass[39m=[32m"ant-form-item-control-input-content"[39m
                        [36m>[39m
                          [36m<div[39m
                            [33mclass[39m=[32m"ant-select ant-select-outlined ant-select-in-form-item css-var-root ant-select-css-var css-dev-only-do-not-override-3uaqrl ant-select-single ant-select-allow-clear ant-select-show-arrow"[39m
                          [36m>[39m
                            [36m<div[39m
                              [33mclass[39m=[32m"ant-select-content"[39m
                            [36m>[39m
                              [36m<div[39m
                                [33mclass[39m=[32m"ant-select-content-value"[39m
                                [33mstyle[39m=[32m"visibility: visible;"[39m
                                [33mtitle[39m=[32m"Deck 1"[39m
                              [36m>[39m
                                [0mDeck 1[0m
                              [36m</div>[39m
                              [36m<input[39m
                                [33maria-autocomplete[39m=[32m"list"[39m
                                [33maria-expanded[39m=[32m"false"[39m
                                [33maria-haspopup[39m=[32m"listbox"[39m
                                [33mautocomplete[39m=[32m"off"[39m
                                [33mclass[39m=[32m"ant-select-input"[39m
                                [33mid[39m=[32m"deck_id"[39m
                                [33mreadonly[39m=[32m""[39m
                                [33mrole[39m=[32m"combobox"[39m
                                [33mtype[39m=[32m"search"[39m
                                [3...
 ❯ Object.getElementError ../node_modules/.bun/@testing-library+dom@10.4.1/node_modules/@testing-library/dom/dist/config.js:37:19
 ❯ ../node_modules/.bun/@testing-library+dom@10.4.1/node_modules/@testing-library/dom/dist/query-helpers.js:76:38
 ❯ ../node_modules/.bun/@testing-library+dom@10.4.1/node_modules/@testing-library/dom/dist/query-helpers.js:52:17
 ❯ ../node_modules/.bun/@testing-library+dom@10.4.1/node_modules/@testing-library/dom/dist/query-helpers.js:95:19
 ❯ ../packages/ui/src/components/Flashcards/components/__tests__/FlashcardEditDrawer.reset-scheduling.test.tsx:146:19
    144|     )
    145|
    146|     expect(screen.getByText("Message #m-12")).toBeInTheDocument()
       |                   ^
    147|     fireEvent.click(screen.getByRole("button", { name: "Reset scheduli…
    148|     expect(

⎯⎯⎯⎯⎯⎯⎯⎯⎯⎯⎯⎯⎯⎯⎯⎯⎯⎯⎯⎯⎯⎯⎯⎯[1/1]⎯


 Test Files  1 failed | 3 passed (4)
      Tests  1 failed | 95 passed (96)
   Start at  23:58:50
   Duration  9.35s (transform 1.74s, setup 473ms, import 3.65s, tests 12.35s, environment 1.25s)
