
 RUN  v4.0.18 /Users/macbook-dev/Documents/GitHub/tldw_server2/apps/tldw-frontend

Browserslist: browsers data (caniuse-lite) is 8 months old. Please run:
  npx update-browserslist-db@latest
  Why you should do it regularly: https://github.com/browserslist/update-db#readme

warn - The `content` option in your Tailwind CSS configuration is missing or empty.
warn - Configure your content sources or your generated CSS will be missing styles.
warn - https://tailwindcss.com/docs/content-configuration
 ❯ ../packages/ui/src/components/Flashcards/tabs/__tests__/ReviewTab.cram-previews.test.tsx (10 tests | 3 failed) 1647ms
     × saved-gap toast 'learning' reports the saved gap 344ms
     × saved-gap toast 'relearning' reports the saved gap 173ms
     × saved-gap toast 'review' reports the saved gap 113ms
     ✓ saved-gap toast 'review' reports the saved gap 103ms
     ✓ requests and displays the real scheduler label for rating +0 220ms
     ✓ requests and displays the real scheduler label for rating 2 196ms
     ✓ requests and displays the real scheduler label for rating 3 157ms
     ✓ requests and displays the real scheduler label for rating 5 142ms
     ✓ already prefers a supplied scheduler preview over the legacy SM-2 fallback 110ms
     ✓ keeps practice-only Good free of rating and session-end mutations 88ms
 ❯ ../packages/ui/src/components/Flashcards/components/__tests__/FlashcardEditDrawer.reset-scheduling.test.tsx (8 tests | 7 failed) 3462ms
     × Drawer 'learning' confirmation=false reports the saved ten-minute gap 310ms
     × Drawer 'learning' confirmation=true reports the saved ten-minute gap 841ms
     × Drawer 'relearning' confirmation=false reports the saved ten-minute gap 83ms
     × Drawer 'relearning' confirmation=true reports the saved ten-minute gap 754ms
     ✓ Drawer 'review' confirmation=false reports the saved ten-minute gap 55ms
     × Drawer 'review' confirmation=true reports the saved ten-minute gap 707ms
     × updates the saved gap in the same mounted editor without saving 68ms
     × confirms and invokes reset scheduling callback 642ms
 ❯ ../packages/ui/src/components/Flashcards/tabs/__tests__/ManageTab.scheduling-metadata.test.tsx (20 tests | 5 failed) 6721ms
     × Manage 'learning' expanded=false reports the saved ten-minute gap 261ms
     × Manage 'learning' expanded=true reports the saved ten-minute gap 96ms
     × Manage 'relearning' expanded=false reports the saved ten-minute gap 64ms
     × Manage 'relearning' expanded=true reports the saved ten-minute gap 77ms
     × updates the saved gap in the same mounted Manage view 76ms
     ✓ keeps compact and expanded card controls without deprecated List warnings 80ms
     ✓ preserves the pending-delete countdown and Undo without deprecated List warnings  1794ms
     ✓ shows scheduling metadata in compact list rows 57ms
     ✓ prioritizes first-run actions and hides expert card filters when no cards exist 38ms
     ✓ uses the markdown renderer for compact flashcard snippets 52ms
     ✓ shows scheduling metadata in expanded list rows 62ms
     ✓ uses lightweight snippets in expanded rows and the full renderer for the answer preview 69ms
     ✓ does not render source badges for manual cards 51ms
     ✓ cycles shortcut hint density and persists the choice 67ms
     ✓ supports multi-tag filter chips with suggestions  1361ms
     ✓ hides workspace decks by default and reveals them when the toggle is enabled  533ms
     ✓ filters decks and card queries to a selected workspace  305ms
     ✓ resets workspace filters for a non-workspace create handoff  556ms
     ✓ preselects the active Manage deck when opening the create drawer 45ms
     ✓ moves deck scope by patching workspace_id in the update payload  1074ms

⎯⎯⎯⎯⎯⎯ Failed Tests 15 ⎯⎯⎯⎯⎯⎯⎯

 FAIL  ../packages/ui/src/components/Flashcards/components/__tests__/FlashcardEditDrawer.reset-scheduling.test.tsx > FlashcardEditDrawer reset scheduling action > Drawer 'learning' confirmation=false reports the saved ten-minute gap
 FAIL  ../packages/ui/src/components/Flashcards/components/__tests__/FlashcardEditDrawer.reset-scheduling.test.tsx > FlashcardEditDrawer reset scheduling action > Drawer 'relearning' confirmation=false reports the saved ten-minute gap
TestingLibraryElementError: Unable to find an element with the text: 10 min. This could be because the text is broken up by multiple elements. In this case, you can provide a function for your text matcher to make your matcher more flexible.

Ignored nodes: comments, script, style
[36m<body>[39m
  [36m<div />[39m
  [36m<div>[39m
    [36m<div[39m
      [33mclass[39m=[32m"ant-drawer ant-drawer-right css-dev-only-do-not-override-3uaqrl css-var-root ant-drawer-open"[39m
      [33mtabindex[39m=[32m"-1"[39m
    [36m>[39m
      [36m<div[39m
        [33mclass[39m=[32m"ant-drawer-mask ant-drawer-mask-motion-appear ant-drawer-mask-motion-appear-start ant-drawer-mask-motion ant-drawer-mask-blur"[39m
      [36m/>[39m
      [36m<div[39m
        [33mclass[39m=[32m"ant-drawer-content-wrapper ant-drawer-panel-motion-right-appear ant-drawer-panel-motion-right-appear-start ant-drawer-panel-motion-right"[39m
        [33mstyle[39m=[32m"width: 520px;"[39m
      [36m>[39m
        [36m<div[39m
          [33maria-labelledby[39m=[32m"test-id"[39m
          [33maria-modal[39m=[32m"true"[39m
          [33mclass[39m=[32m"ant-drawer-section"[39m
          [33mrole[39m=[32m"dialog"[39m
        [36m>[39m
          [36m<div[39m
            [33mclass[39m=[32m"ant-drawer-header"[39m
          [36m>[39m
            [36m<div[39m
              [33mclass[39m=[32m"ant-drawer-header-title"[39m
            [36m>[39m
              [36m<button[39m
                [33maria-label[39m=[32m"Close"[39m
                [33mclass[39m=[32m"ant-drawer-close"[39m
                [33mtype[39m=[32m"button"[39m
              [36m>[39m
                [36m<span[39m
                  [33maria-label[39m=[32m"close"[39m
                  [33mclass[39m=[32m"anticon anticon-close"[39m
                  [33mrole[39m=[32m"img"[39m
                [36m>[39m
                  [36m<svg[39m
                    [33maria-hidden[39m=[32m"true"[39m
                    [33mdata-icon[39m=[32m"close"[39m
                    [33mfill[39m=[32m"currentColor"[39m
                    [33mfill-rule[39m=[32m"evenodd"[39m
                    [33mfocusable[39m=[32m"false"[39m
                    [33mheight[39m=[32m"1em"[39m
                    [33mviewBox[39m=[32m"64 64 896 896"[39m
                    [33mwidth[39m=[32m"1em"[39m
                  [36m>[39m
                    [36m<path[39m
                      [33md[39m=[32m"M799.86 166.31c.02 0 .04.02.08.06l57.69 57.7c.04.03.05.05.06.08a.12.12 0 010 .06c0 .03-.02.05-.06.09L569.93 512l287.7 287.7c.04.04.05.06.06.09a.12.12 0 010 .07c0 .02-.02.04-.06.08l-57.7 57.69c-.03.04-.05.05-.07.06a.12.12 0 01-.07 0c-.03 0-.05-.02-.09-.06L512 569.93l-287.7 287.7c-.04.04-.06.05-.09.06a.12.12 0 01-.07 0c-.02 0-.04-.02-.08-.06l-57.69-57.7c-.04-.03-.05-.05-.06-.07a.12.12 0 010-.07c0-.03.02-.05.06-.09L454.07 512l-287.7-287.7c-.04-.04-.05-.06-.06-.09a.12.12 0 010-.07c0-.02.02-.04.06-.08l57.7-57.69c.03-.04.05-.05.07-.06a.12.12 0 01.07 0c.03 0 .05.02.09.06L512 454.07l287.7-287.7c.04-.04.06-.05.09-.06a.12.12 0 01.07 0z"[39m
                    [36m/>[39m
                  [36m</svg>[39m
                [36m</span>[39m
              [36m</button>[39m
              [36m<div[39m
                [33mclass[39m=[32m"ant-drawer-title"[39m
                [33mid[39m=[32m"test-id"[39m
              [36m>[39m
                [0mEdit Flashcard[0m
              [36m</div>[39m
            [36m</div>[39m
          [36m</div>[39m
          [36m<div[39m
            [33mclass[39m=[32m"ant-drawer-body"[39m
          [36m>[39m
            [36m<form[39m
              [33mclass[39m=[32m"ant-form ant-form-vertical css-var-root ant-form-css-var css-dev-only-do-not-override-3uaqrl"[39m
            [36m>[39m
              [36m<div[39m
                [33mclass[39m=[32m"mb-6"[39m
              [36m>[39m
                [36m<h3[39m
                  [33mclass[39m=[32m"text-sm font-medium text-text-muted mb-3"[39m
                [36m>[39m
                  [0mOrganization[0m
                [36m</h3>[39m
                [36m<div[39m
                  [33mclass[39m=[32m"ant-form-item css-var-root ant-form-css-var css-dev-only-do-not-override-3uaqrl ant-form-item-vertical"[39m
                [36m>[39m
                  [36m<div[39m
                    [33mclass[39m=[32m"ant-row ant-form-item-row css-dev-only-do-not-override-3uaqrl css-var-root"[39m
                  [36m>[39m
                    [36m<div[39m
                      [33mclass[39m=[32m"ant-col ant-form-item-label css-dev-only-do-not-override-3uaqrl css-var-root"[39m
                    [36m>[39m
                      [36m<label[39m
                        [33mclass[39m=[32m""[39m
                        [33mfor[39m=[32m"deck_id"[39m
                        [33mtitle[39m=[32m"Deck"[39m
                      [36m>[39m
                        [0mDeck[0m
                      [36m</label>[39m
                    [36m</div>[39m
                    [36m<div[39m
                      [33mclass[39m=[32m"ant-col ant-form-item-control css-dev-only-do-not-override-3uaqrl css-var-root"[39m
                    [36m>[39m
                      [36m<div[39m
                        [33mclass[39m=[32m"ant-form-item-control-input"[39m
                      [36m>[39m
                        [36m<div[39m
                          [33mclass[39m=[32m"ant-form-item-control-input-content"[39m
                        [36m>[39m
                          [36m<div[39m
                            [33mclass[39m=[32m"ant-select ant-select-outlined ant-select-in-form-item css-var-root ant-select-css-var css-dev-only-do-not-override-3uaqrl ant-select-single ant-select-allow-clear ant-select-show-arrow"[39m
                          [36m>[39m
                            [36m<div[39m
                              [33mclass[39m=[32m"ant-select-content"[39m
                            [36m>[39m
                              [36m<div[39m
                                [33mclass[39m=[32m"ant-select-content-value"[39m
                                [33mstyle[39m=[32m"visibility: visible;"[39m
                                [33mtitle[39m=[32m"1"[39m
                              [36m>[39m
                                [0m1[0m
                              [36m</div>[39m
                              [36m<input[39m
                                [33maria-autocomplete[39m=[32m"list"[39m
                                [33maria-expanded[39m=[32m"false"[39m
                                [33maria-haspopup[39m=[32m"listbox"[39m
                                [33mautocomplete[39m=[32m"off"[39m
                                [33mclass[39m=[32m"ant-select-input"[39m
                                [33mid[39m=[32m"deck_id"[39m
                                [33mreadonly[39m=[32m""[39m
                                [33mrole[39m=[32m"combobox"[39m
                                [33mtype[39m=[32m"search"[39m
                                [33mvalue[3...
 ❯ Object.getElementError ../node_modules/.bun/@testing-library+dom@10.4.1/node_modules/@testing-library/dom/dist/config.js:37:19
 ❯ ../node_modules/.bun/@testing-library+dom@10.4.1/node_modules/@testing-library/dom/dist/query-helpers.js:76:38
 ❯ ../node_modules/.bun/@testing-library+dom@10.4.1/node_modules/@testing-library/dom/dist/query-helpers.js:52:17
 ❯ ../node_modules/.bun/@testing-library+dom@10.4.1/node_modules/@testing-library/dom/dist/query-helpers.js:95:19
 ❯ ../packages/ui/src/components/Flashcards/components/__tests__/FlashcardEditDrawer.reset-scheduling.test.tsx:104:19
    102|     }
    103|     const expected = queue === "review" ? (confirmation ? "Next review…
    104|     expect(screen.getByText(expected)).toBeInTheDocument()
       |                   ^
    105|     expect(onReset).not.toHaveBeenCalled()
    106|   })

⎯⎯⎯⎯⎯⎯⎯⎯⎯⎯⎯⎯⎯⎯⎯⎯⎯⎯⎯⎯⎯⎯⎯[1/15]⎯

 FAIL  ../packages/ui/src/components/Flashcards/components/__tests__/FlashcardEditDrawer.reset-scheduling.test.tsx > FlashcardEditDrawer reset scheduling action > Drawer 'learning' confirmation=true reports the saved ten-minute gap
 FAIL  ../packages/ui/src/components/Flashcards/components/__tests__/FlashcardEditDrawer.reset-scheduling.test.tsx > FlashcardEditDrawer reset scheduling action > Drawer 'relearning' confirmation=true reports the saved ten-minute gap
TestingLibraryElementError: Unable to find an element with the text: Next review gap: 10 minutes. This could be because the text is broken up by multiple elements. In this case, you can provide a function for your text matcher to make your matcher more flexible.

Ignored nodes: comments, script, style
[36m<body>[39m
  [36m<div />[39m
  [36m<div>[39m
    [36m<div[39m
      [33mclass[39m=[32m"ant-drawer ant-drawer-right css-dev-only-do-not-override-3uaqrl css-var-root ant-drawer-open"[39m
      [33mtabindex[39m=[32m"-1"[39m
    [36m>[39m
      [36m<div[39m
        [33mclass[39m=[32m"ant-drawer-mask ant-drawer-mask-motion-appear ant-drawer-mask-motion-appear-start ant-drawer-mask-motion ant-drawer-mask-blur"[39m
      [36m/>[39m
      [36m<div[39m
        [33mclass[39m=[32m"ant-drawer-content-wrapper ant-drawer-panel-motion-right-appear ant-drawer-panel-motion-right-appear-start ant-drawer-panel-motion-right"[39m
        [33mstyle[39m=[32m"width: 520px;"[39m
      [36m>[39m
        [36m<div[39m
          [33maria-labelledby[39m=[32m"test-id"[39m
          [33maria-modal[39m=[32m"true"[39m
          [33mclass[39m=[32m"ant-drawer-section"[39m
          [33mrole[39m=[32m"dialog"[39m
        [36m>[39m
          [36m<div[39m
            [33mclass[39m=[32m"ant-drawer-header"[39m
          [36m>[39m
            [36m<div[39m
              [33mclass[39m=[32m"ant-drawer-header-title"[39m
            [36m>[39m
              [36m<button[39m
                [33maria-label[39m=[32m"Close"[39m
                [33mclass[39m=[32m"ant-drawer-close"[39m
                [33mtype[39m=[32m"button"[39m
              [36m>[39m
                [36m<span[39m
                  [33maria-label[39m=[32m"close"[39m
                  [33mclass[39m=[32m"anticon anticon-close"[39m
                  [33mrole[39m=[32m"img"[39m
                [36m>[39m
                  [36m<svg[39m
                    [33maria-hidden[39m=[32m"true"[39m
                    [33mdata-icon[39m=[32m"close"[39m
                    [33mfill[39m=[32m"currentColor"[39m
                    [33mfill-rule[39m=[32m"evenodd"[39m
                    [33mfocusable[39m=[32m"false"[39m
                    [33mheight[39m=[32m"1em"[39m
                    [33mviewBox[39m=[32m"64 64 896 896"[39m
                    [33mwidth[39m=[32m"1em"[39m
                  [36m>[39m
                    [36m<path[39m
                      [33md[39m=[32m"M799.86 166.31c.02 0 .04.02.08.06l57.69 57.7c.04.03.05.05.06.08a.12.12 0 010 .06c0 .03-.02.05-.06.09L569.93 512l287.7 287.7c.04.04.05.06.06.09a.12.12 0 010 .07c0 .02-.02.04-.06.08l-57.7 57.69c-.03.04-.05.05-.07.06a.12.12 0 01-.07 0c-.03 0-.05-.02-.09-.06L512 569.93l-287.7 287.7c-.04.04-.06.05-.09.06a.12.12 0 01-.07 0c-.02 0-.04-.02-.08-.06l-57.69-57.7c-.04-.03-.05-.05-.06-.07a.12.12 0 010-.07c0-.03.02-.05.06-.09L454.07 512l-287.7-287.7c-.04-.04-.05-.06-.06-.09a.12.12 0 010-.07c0-.02.02-.04.06-.08l57.7-57.69c.03-.04.05-.05.07-.06a.12.12 0 01.07 0c.03 0 .05.02.09.06L512 454.07l287.7-287.7c.04-.04.06-.05.09-.06a.12.12 0 01.07 0z"[39m
                    [36m/>[39m
                  [36m</svg>[39m
                [36m</span>[39m
              [36m</button>[39m
              [36m<div[39m
                [33mclass[39m=[32m"ant-drawer-title"[39m
                [33mid[39m=[32m"test-id"[39m
              [36m>[39m
                [0mEdit Flashcard[0m
              [36m</div>[39m
            [36m</div>[39m
          [36m</div>[39m
          [36m<div[39m
            [33mclass[39m=[32m"ant-drawer-body"[39m
          [36m>[39m
            [36m<form[39m
              [33mclass[39m=[32m"ant-form ant-form-vertical css-var-root ant-form-css-var css-dev-only-do-not-override-3uaqrl"[39m
            [36m>[39m
              [36m<div[39m
                [33mclass[39m=[32m"mb-6"[39m
              [36m>[39m
                [36m<h3[39m
                  [33mclass[39m=[32m"text-sm font-medium text-text-muted mb-3"[39m
                [36m>[39m
                  [0mOrganization[0m
                [36m</h3>[39m
                [36m<div[39m
                  [33mclass[39m=[32m"ant-form-item css-var-root ant-form-css-var css-dev-only-do-not-override-3uaqrl ant-form-item-vertical"[39m
                [36m>[39m
                  [36m<div[39m
                    [33mclass[39m=[32m"ant-row ant-form-item-row css-dev-only-do-not-override-3uaqrl css-var-root"[39m
                  [36m>[39m
                    [36m<div[39m
                      [33mclass[39m=[32m"ant-col ant-form-item-label css-dev-only-do-not-override-3uaqrl css-var-root"[39m
                    [36m>[39m
                      [36m<label[39m
                        [33mclass[39m=[32m""[39m
                        [33mfor[39m=[32m"deck_id"[39m
                        [33mtitle[39m=[32m"Deck"[39m
                      [36m>[39m
                        [0mDeck[0m
                      [36m</label>[39m
                    [36m</div>[39m
                    [36m<div[39m
                      [33mclass[39m=[32m"ant-col ant-form-item-control css-dev-only-do-not-override-3uaqrl css-var-root"[39m
                    [36m>[39m
                      [36m<div[39m
                        [33mclass[39m=[32m"ant-form-item-control-input"[39m
                      [36m>[39m
                        [36m<div[39m
                          [33mclass[39m=[32m"ant-form-item-control-input-content"[39m
                        [36m>[39m
                          [36m<div[39m
                            [33mclass[39m=[32m"ant-select ant-select-outlined ant-select-in-form-item css-var-root ant-select-css-var css-dev-only-do-not-override-3uaqrl ant-select-single ant-select-allow-clear ant-select-show-arrow"[39m
                          [36m>[39m
                            [36m<div[39m
                              [33mclass[39m=[32m"ant-select-content"[39m
                            [36m>[39m
                              [36m<div[39m
                                [33mclass[39m=[32m"ant-select-content-value"[39m
                                [33mstyle[39m=[32m"visibility: visible;"[39m
                                [33mtitle[39m=[32m"1"[39m
                              [36m>[39m
                                [0m1[0m
                              [36m</div>[39m
                              [36m<input[39m
                                [33maria-autocomplete[39m=[32m"list"[39m
                                [33maria-expanded[39m=[32m"false"[39m
                                [33maria-haspopup[39m=[32m"listbox"[39m
                                [33mautocomplete[39m=[32m"off"[39m
                                [33mclass[39m=[32m"ant-select-input"[39m
                                [33mid[39m=[32m"deck_id"[39m
                                [33mreadonly[39m=[32m""[39m
                                [33mrole[39m=[32m"combobox"[39m
                                [33mtype[39m=[32m"search"[39m
                                [33mvalue[3...
 ❯ Object.getElementError ../node_modules/.bun/@testing-library+dom@10.4.1/node_modules/@testing-library/dom/dist/config.js:37:19
 ❯ ../node_modules/.bun/@testing-library+dom@10.4.1/node_modules/@testing-library/dom/dist/query-helpers.js:76:38
 ❯ ../node_modules/.bun/@testing-library+dom@10.4.1/node_modules/@testing-library/dom/dist/query-helpers.js:52:17
 ❯ ../node_modules/.bun/@testing-library+dom@10.4.1/node_modules/@testing-library/dom/dist/query-helpers.js:95:19
 ❯ ../packages/ui/src/components/Flashcards/components/__tests__/FlashcardEditDrawer.reset-scheduling.test.tsx:104:19
    102|     }
    103|     const expected = queue === "review" ? (confirmation ? "Next review…
    104|     expect(screen.getByText(expected)).toBeInTheDocument()
       |                   ^
    105|     expect(onReset).not.toHaveBeenCalled()
    106|   })

⎯⎯⎯⎯⎯⎯⎯⎯⎯⎯⎯⎯⎯⎯⎯⎯⎯⎯⎯⎯⎯⎯⎯[2/15]⎯

 FAIL  ../packages/ui/src/components/Flashcards/components/__tests__/FlashcardEditDrawer.reset-scheduling.test.tsx > FlashcardEditDrawer reset scheduling action > Drawer 'review' confirmation=true reports the saved ten-minute gap
TestingLibraryElementError: Unable to find an element with the text: Next review gap: 17 days. This could be because the text is broken up by multiple elements. In this case, you can provide a function for your text matcher to make your matcher more flexible.

Ignored nodes: comments, script, style
[36m<body>[39m
  [36m<div />[39m
  [36m<div>[39m
    [36m<div[39m
      [33mclass[39m=[32m"ant-drawer ant-drawer-right css-dev-only-do-not-override-3uaqrl css-var-root ant-drawer-open"[39m
      [33mtabindex[39m=[32m"-1"[39m
    [36m>[39m
      [36m<div[39m
        [33mclass[39m=[32m"ant-drawer-mask ant-drawer-mask-motion-appear ant-drawer-mask-motion-appear-start ant-drawer-mask-motion ant-drawer-mask-blur"[39m
      [36m/>[39m
      [36m<div[39m
        [33mclass[39m=[32m"ant-drawer-content-wrapper ant-drawer-panel-motion-right-appear ant-drawer-panel-motion-right-appear-start ant-drawer-panel-motion-right"[39m
        [33mstyle[39m=[32m"width: 520px;"[39m
      [36m>[39m
        [36m<div[39m
          [33maria-labelledby[39m=[32m"test-id"[39m
          [33maria-modal[39m=[32m"true"[39m
          [33mclass[39m=[32m"ant-drawer-section"[39m
          [33mrole[39m=[32m"dialog"[39m
        [36m>[39m
          [36m<div[39m
            [33mclass[39m=[32m"ant-drawer-header"[39m
          [36m>[39m
            [36m<div[39m
              [33mclass[39m=[32m"ant-drawer-header-title"[39m
            [36m>[39m
              [36m<button[39m
                [33maria-label[39m=[32m"Close"[39m
                [33mclass[39m=[32m"ant-drawer-close"[39m
                [33mtype[39m=[32m"button"[39m
              [36m>[39m
                [36m<span[39m
                  [33maria-label[39m=[32m"close"[39m
                  [33mclass[39m=[32m"anticon anticon-close"[39m
                  [33mrole[39m=[32m"img"[39m
                [36m>[39m
                  [36m<svg[39m
                    [33maria-hidden[39m=[32m"true"[39m
                    [33mdata-icon[39m=[32m"close"[39m
                    [33mfill[39m=[32m"currentColor"[39m
                    [33mfill-rule[39m=[32m"evenodd"[39m
                    [33mfocusable[39m=[32m"false"[39m
                    [33mheight[39m=[32m"1em"[39m
                    [33mviewBox[39m=[32m"64 64 896 896"[39m
                    [33mwidth[39m=[32m"1em"[39m
                  [36m>[39m
                    [36m<path[39m
                      [33md[39m=[32m"M799.86 166.31c.02 0 .04.02.08.06l57.69 57.7c.04.03.05.05.06.08a.12.12 0 010 .06c0 .03-.02.05-.06.09L569.93 512l287.7 287.7c.04.04.05.06.06.09a.12.12 0 010 .07c0 .02-.02.04-.06.08l-57.7 57.69c-.03.04-.05.05-.07.06a.12.12 0 01-.07 0c-.03 0-.05-.02-.09-.06L512 569.93l-287.7 287.7c-.04.04-.06.05-.09.06a.12.12 0 01-.07 0c-.02 0-.04-.02-.08-.06l-57.69-57.7c-.04-.03-.05-.05-.06-.07a.12.12 0 010-.07c0-.03.02-.05.06-.09L454.07 512l-287.7-287.7c-.04-.04-.05-.06-.06-.09a.12.12 0 010-.07c0-.02.02-.04.06-.08l57.7-57.69c.03-.04.05-.05.07-.06a.12.12 0 01.07 0c.03 0 .05.02.09.06L512 454.07l287.7-287.7c.04-.04.06-.05.09-.06a.12.12 0 01.07 0z"[39m
                    [36m/>[39m
                  [36m</svg>[39m
                [36m</span>[39m
              [36m</button>[39m
              [36m<div[39m
                [33mclass[39m=[32m"ant-drawer-title"[39m
                [33mid[39m=[32m"test-id"[39m
              [36m>[39m
                [0mEdit Flashcard[0m
              [36m</div>[39m
            [36m</div>[39m
          [36m</div>[39m
          [36m<div[39m
            [33mclass[39m=[32m"ant-drawer-body"[39m
          [36m>[39m
            [36m<form[39m
              [33mclass[39m=[32m"ant-form ant-form-vertical css-var-root ant-form-css-var css-dev-only-do-not-override-3uaqrl"[39m
            [36m>[39m
              [36m<div[39m
                [33mclass[39m=[32m"mb-6"[39m
              [36m>[39m
                [36m<h3[39m
                  [33mclass[39m=[32m"text-sm font-medium text-text-muted mb-3"[39m
                [36m>[39m
                  [0mOrganization[0m
                [36m</h3>[39m
                [36m<div[39m
                  [33mclass[39m=[32m"ant-form-item css-var-root ant-form-css-var css-dev-only-do-not-override-3uaqrl ant-form-item-vertical"[39m
                [36m>[39m
                  [36m<div[39m
                    [33mclass[39m=[32m"ant-row ant-form-item-row css-dev-only-do-not-override-3uaqrl css-var-root"[39m
                  [36m>[39m
                    [36m<div[39m
                      [33mclass[39m=[32m"ant-col ant-form-item-label css-dev-only-do-not-override-3uaqrl css-var-root"[39m
                    [36m>[39m
                      [36m<label[39m
                        [33mclass[39m=[32m""[39m
                        [33mfor[39m=[32m"deck_id"[39m
                        [33mtitle[39m=[32m"Deck"[39m
                      [36m>[39m
                        [0mDeck[0m
                      [36m</label>[39m
                    [36m</div>[39m
                    [36m<div[39m
                      [33mclass[39m=[32m"ant-col ant-form-item-control css-dev-only-do-not-override-3uaqrl css-var-root"[39m
                    [36m>[39m
                      [36m<div[39m
                        [33mclass[39m=[32m"ant-form-item-control-input"[39m
                      [36m>[39m
                        [36m<div[39m
                          [33mclass[39m=[32m"ant-form-item-control-input-content"[39m
                        [36m>[39m
                          [36m<div[39m
                            [33mclass[39m=[32m"ant-select ant-select-outlined ant-select-in-form-item css-var-root ant-select-css-var css-dev-only-do-not-override-3uaqrl ant-select-single ant-select-allow-clear ant-select-show-arrow"[39m
                          [36m>[39m
                            [36m<div[39m
                              [33mclass[39m=[32m"ant-select-content"[39m
                            [36m>[39m
                              [36m<div[39m
                                [33mclass[39m=[32m"ant-select-content-value"[39m
                                [33mstyle[39m=[32m"visibility: visible;"[39m
                                [33mtitle[39m=[32m"1"[39m
                              [36m>[39m
                                [0m1[0m
                              [36m</div>[39m
                              [36m<input[39m
                                [33maria-autocomplete[39m=[32m"list"[39m
                                [33maria-expanded[39m=[32m"false"[39m
                                [33maria-haspopup[39m=[32m"listbox"[39m
                                [33mautocomplete[39m=[32m"off"[39m
                                [33mclass[39m=[32m"ant-select-input"[39m
                                [33mid[39m=[32m"deck_id"[39m
                                [33mreadonly[39m=[32m""[39m
                                [33mrole[39m=[32m"combobox"[39m
                                [33mtype[39m=[32m"search"[39m
                                [33mvalue[3...
 ❯ Object.getElementError ../node_modules/.bun/@testing-library+dom@10.4.1/node_modules/@testing-library/dom/dist/config.js:37:19
 ❯ ../node_modules/.bun/@testing-library+dom@10.4.1/node_modules/@testing-library/dom/dist/query-helpers.js:76:38
 ❯ ../node_modules/.bun/@testing-library+dom@10.4.1/node_modules/@testing-library/dom/dist/query-helpers.js:52:17
 ❯ ../node_modules/.bun/@testing-library+dom@10.4.1/node_modules/@testing-library/dom/dist/query-helpers.js:95:19
 ❯ ../packages/ui/src/components/Flashcards/components/__tests__/FlashcardEditDrawer.reset-scheduling.test.tsx:104:19
    102|     }
    103|     const expected = queue === "review" ? (confirmation ? "Next review…
    104|     expect(screen.getByText(expected)).toBeInTheDocument()
       |                   ^
    105|     expect(onReset).not.toHaveBeenCalled()
    106|   })

⎯⎯⎯⎯⎯⎯⎯⎯⎯⎯⎯⎯⎯⎯⎯⎯⎯⎯⎯⎯⎯⎯⎯[3/15]⎯

 FAIL  ../packages/ui/src/components/Flashcards/components/__tests__/FlashcardEditDrawer.reset-scheduling.test.tsx > FlashcardEditDrawer reset scheduling action > updates the saved gap in the same mounted editor without saving
TestingLibraryElementError: Unable to find an element with the text: 10 min. This could be because the text is broken up by multiple elements. In this case, you can provide a function for your text matcher to make your matcher more flexible.

Ignored nodes: comments, script, style
[36m<body>[39m
  [36m<div />[39m
  [36m<div>[39m
    [36m<div[39m
      [33mclass[39m=[32m"ant-drawer ant-drawer-right css-dev-only-do-not-override-3uaqrl css-var-root ant-drawer-open"[39m
      [33mtabindex[39m=[32m"-1"[39m
    [36m>[39m
      [36m<div[39m
        [33mclass[39m=[32m"ant-drawer-mask ant-drawer-mask-motion-appear ant-drawer-mask-motion-appear-start ant-drawer-mask-motion ant-drawer-mask-blur"[39m
      [36m/>[39m
      [36m<div[39m
        [33mclass[39m=[32m"ant-drawer-content-wrapper ant-drawer-panel-motion-right-appear ant-drawer-panel-motion-right-appear-start ant-drawer-panel-motion-right"[39m
        [33mstyle[39m=[32m"width: 520px;"[39m
      [36m>[39m
        [36m<div[39m
          [33maria-labelledby[39m=[32m"test-id"[39m
          [33maria-modal[39m=[32m"true"[39m
          [33mclass[39m=[32m"ant-drawer-section"[39m
          [33mrole[39m=[32m"dialog"[39m
        [36m>[39m
          [36m<div[39m
            [33mclass[39m=[32m"ant-drawer-header"[39m
          [36m>[39m
            [36m<div[39m
              [33mclass[39m=[32m"ant-drawer-header-title"[39m
            [36m>[39m
              [36m<button[39m
                [33maria-label[39m=[32m"Close"[39m
                [33mclass[39m=[32m"ant-drawer-close"[39m
                [33mtype[39m=[32m"button"[39m
              [36m>[39m
                [36m<span[39m
                  [33maria-label[39m=[32m"close"[39m
                  [33mclass[39m=[32m"anticon anticon-close"[39m
                  [33mrole[39m=[32m"img"[39m
                [36m>[39m
                  [36m<svg[39m
                    [33maria-hidden[39m=[32m"true"[39m
                    [33mdata-icon[39m=[32m"close"[39m
                    [33mfill[39m=[32m"currentColor"[39m
                    [33mfill-rule[39m=[32m"evenodd"[39m
                    [33mfocusable[39m=[32m"false"[39m
                    [33mheight[39m=[32m"1em"[39m
                    [33mviewBox[39m=[32m"64 64 896 896"[39m
                    [33mwidth[39m=[32m"1em"[39m
                  [36m>[39m
                    [36m<path[39m
                      [33md[39m=[32m"M799.86 166.31c.02 0 .04.02.08.06l57.69 57.7c.04.03.05.05.06.08a.12.12 0 010 .06c0 .03-.02.05-.06.09L569.93 512l287.7 287.7c.04.04.05.06.06.09a.12.12 0 010 .07c0 .02-.02.04-.06.08l-57.7 57.69c-.03.04-.05.05-.07.06a.12.12 0 01-.07 0c-.03 0-.05-.02-.09-.06L512 569.93l-287.7 287.7c-.04.04-.06.05-.09.06a.12.12 0 01-.07 0c-.02 0-.04-.02-.08-.06l-57.69-57.7c-.04-.03-.05-.05-.06-.07a.12.12 0 010-.07c0-.03.02-.05.06-.09L454.07 512l-287.7-287.7c-.04-.04-.05-.06-.06-.09a.12.12 0 010-.07c0-.02.02-.04.06-.08l57.7-57.69c.03-.04.05-.05.07-.06a.12.12 0 01.07 0c.03 0 .05.02.09.06L512 454.07l287.7-287.7c.04-.04.06-.05.09-.06a.12.12 0 01.07 0z"[39m
                    [36m/>[39m
                  [36m</svg>[39m
                [36m</span>[39m
              [36m</button>[39m
              [36m<div[39m
                [33mclass[39m=[32m"ant-drawer-title"[39m
                [33mid[39m=[32m"test-id"[39m
              [36m>[39m
                [0mEdit Flashcard[0m
              [36m</div>[39m
            [36m</div>[39m
          [36m</div>[39m
          [36m<div[39m
            [33mclass[39m=[32m"ant-drawer-body"[39m
          [36m>[39m
            [36m<form[39m
              [33mclass[39m=[32m"ant-form ant-form-vertical css-var-root ant-form-css-var css-dev-only-do-not-override-3uaqrl"[39m
            [36m>[39m
              [36m<div[39m
                [33mclass[39m=[32m"mb-6"[39m
              [36m>[39m
                [36m<h3[39m
                  [33mclass[39m=[32m"text-sm font-medium text-text-muted mb-3"[39m
                [36m>[39m
                  [0mOrganization[0m
                [36m</h3>[39m
                [36m<div[39m
                  [33mclass[39m=[32m"ant-form-item css-var-root ant-form-css-var css-dev-only-do-not-override-3uaqrl ant-form-item-vertical"[39m
                [36m>[39m
                  [36m<div[39m
                    [33mclass[39m=[32m"ant-row ant-form-item-row css-dev-only-do-not-override-3uaqrl css-var-root"[39m
                  [36m>[39m
                    [36m<div[39m
                      [33mclass[39m=[32m"ant-col ant-form-item-label css-dev-only-do-not-override-3uaqrl css-var-root"[39m
                    [36m>[39m
                      [36m<label[39m
                        [33mclass[39m=[32m""[39m
                        [33mfor[39m=[32m"deck_id"[39m
                        [33mtitle[39m=[32m"Deck"[39m
                      [36m>[39m
                        [0mDeck[0m
                      [36m</label>[39m
                    [36m</div>[39m
                    [36m<div[39m
                      [33mclass[39m=[32m"ant-col ant-form-item-control css-dev-only-do-not-override-3uaqrl css-var-root"[39m
                    [36m>[39m
                      [36m<div[39m
                        [33mclass[39m=[32m"ant-form-item-control-input"[39m
                      [36m>[39m
                        [36m<div[39m
                          [33mclass[39m=[32m"ant-form-item-control-input-content"[39m
                        [36m>[39m
                          [36m<div[39m
                            [33mclass[39m=[32m"ant-select ant-select-outlined ant-select-in-form-item css-var-root ant-select-css-var css-dev-only-do-not-override-3uaqrl ant-select-single ant-select-allow-clear ant-select-show-arrow"[39m
                          [36m>[39m
                            [36m<div[39m
                              [33mclass[39m=[32m"ant-select-content"[39m
                            [36m>[39m
                              [36m<div[39m
                                [33mclass[39m=[32m"ant-select-content-value"[39m
                                [33mstyle[39m=[32m"visibility: visible;"[39m
                                [33mtitle[39m=[32m"1"[39m
                              [36m>[39m
                                [0m1[0m
                              [36m</div>[39m
                              [36m<input[39m
                                [33maria-autocomplete[39m=[32m"list"[39m
                                [33maria-expanded[39m=[32m"false"[39m
                                [33maria-haspopup[39m=[32m"listbox"[39m
                                [33mautocomplete[39m=[32m"off"[39m
                                [33mclass[39m=[32m"ant-select-input"[39m
                                [33mid[39m=[32m"deck_id"[39m
                                [33mreadonly[39m=[32m""[39m
                                [33mrole[39m=[32m"combobox"[39m
                                [33mtype[39m=[32m"search"[39m
                                [33mvalue[3...
 ❯ Object.getElementError ../node_modules/.bun/@testing-library+dom@10.4.1/node_modules/@testing-library/dom/dist/config.js:37:19
 ❯ ../node_modules/.bun/@testing-library+dom@10.4.1/node_modules/@testing-library/dom/dist/query-helpers.js:76:38
 ❯ ../node_modules/.bun/@testing-library+dom@10.4.1/node_modules/@testing-library/dom/dist/query-helpers.js:52:17
 ❯ ../node_modules/.bun/@testing-library+dom@10.4.1/node_modules/@testing-library/dom/dist/query-helpers.js:95:19
 ❯ ../packages/ui/src/components/Flashcards/components/__tests__/FlashcardEditDrawer.reset-scheduling.test.tsx:115:19
    113|       queue_state: "relearning", last_reviewed_at: "2026-09-17T06:26:3…
    114|       due_at: "2026-09-17T06:36:35.074Z" }} />)
    115|     expect(screen.getByText("10 min")).toBeInTheDocument()
       |                   ^
    116|     expect(props.onSave).not.toHaveBeenCalled()
    117|   })

⎯⎯⎯⎯⎯⎯⎯⎯⎯⎯⎯⎯⎯⎯⎯⎯⎯⎯⎯⎯⎯⎯⎯[4/15]⎯

 FAIL  ../packages/ui/src/components/Flashcards/components/__tests__/FlashcardEditDrawer.reset-scheduling.test.tsx > FlashcardEditDrawer reset scheduling action > confirms and invokes reset scheduling callback
TestingLibraryElementError: Unable to find an element with the text: Next review gap: 17 days. This could be because the text is broken up by multiple elements. In this case, you can provide a function for your text matcher to make your matcher more flexible.

Ignored nodes: comments, script, style
[36m<body>[39m
  [36m<div />[39m
  [36m<div>[39m
    [36m<div[39m
      [33mclass[39m=[32m"ant-drawer ant-drawer-right css-dev-only-do-not-override-3uaqrl css-var-root ant-drawer-open"[39m
      [33mtabindex[39m=[32m"-1"[39m
    [36m>[39m
      [36m<div[39m
        [33mclass[39m=[32m"ant-drawer-mask ant-drawer-mask-motion-appear ant-drawer-mask-motion-appear-start ant-drawer-mask-motion ant-drawer-mask-blur"[39m
      [36m/>[39m
      [36m<div[39m
        [33mclass[39m=[32m"ant-drawer-content-wrapper ant-drawer-panel-motion-right-appear ant-drawer-panel-motion-right-appear-start ant-drawer-panel-motion-right"[39m
        [33mstyle[39m=[32m"width: 520px;"[39m
      [36m>[39m
        [36m<div[39m
          [33maria-labelledby[39m=[32m"test-id"[39m
          [33maria-modal[39m=[32m"true"[39m
          [33mclass[39m=[32m"ant-drawer-section"[39m
          [33mrole[39m=[32m"dialog"[39m
        [36m>[39m
          [36m<div[39m
            [33mclass[39m=[32m"ant-drawer-header"[39m
          [36m>[39m
            [36m<div[39m
              [33mclass[39m=[32m"ant-drawer-header-title"[39m
            [36m>[39m
              [36m<button[39m
                [33maria-label[39m=[32m"Close"[39m
                [33mclass[39m=[32m"ant-drawer-close"[39m
                [33mtype[39m=[32m"button"[39m
              [36m>[39m
                [36m<span[39m
                  [33maria-label[39m=[32m"close"[39m
                  [33mclass[39m=[32m"anticon anticon-close"[39m
                  [33mrole[39m=[32m"img"[39m
                [36m>[39m
                  [36m<svg[39m
                    [33maria-hidden[39m=[32m"true"[39m
                    [33mdata-icon[39m=[32m"close"[39m
                    [33mfill[39m=[32m"currentColor"[39m
                    [33mfill-rule[39m=[32m"evenodd"[39m
                    [33mfocusable[39m=[32m"false"[39m
                    [33mheight[39m=[32m"1em"[39m
                    [33mviewBox[39m=[32m"64 64 896 896"[39m
                    [33mwidth[39m=[32m"1em"[39m
                  [36m>[39m
                    [36m<path[39m
                      [33md[39m=[32m"M799.86 166.31c.02 0 .04.02.08.06l57.69 57.7c.04.03.05.05.06.08a.12.12 0 010 .06c0 .03-.02.05-.06.09L569.93 512l287.7 287.7c.04.04.05.06.06.09a.12.12 0 010 .07c0 .02-.02.04-.06.08l-57.7 57.69c-.03.04-.05.05-.07.06a.12.12 0 01-.07 0c-.03 0-.05-.02-.09-.06L512 569.93l-287.7 287.7c-.04.04-.06.05-.09.06a.12.12 0 01-.07 0c-.02 0-.04-.02-.08-.06l-57.69-57.7c-.04-.03-.05-.05-.06-.07a.12.12 0 010-.07c0-.03.02-.05.06-.09L454.07 512l-287.7-287.7c-.04-.04-.05-.06-.06-.09a.12.12 0 010-.07c0-.02.02-.04.06-.08l57.7-57.69c.03-.04.05-.05.07-.06a.12.12 0 01.07 0c.03 0 .05.02.09.06L512 454.07l287.7-287.7c.04-.04.06-.05.09-.06a.12.12 0 01.07 0z"[39m
                    [36m/>[39m
                  [36m</svg>[39m
                [36m</span>[39m
              [36m</button>[39m
              [36m<div[39m
                [33mclass[39m=[32m"ant-drawer-title"[39m
                [33mid[39m=[32m"test-id"[39m
              [36m>[39m
                [0mEdit Flashcard[0m
              [36m</div>[39m
            [36m</div>[39m
          [36m</div>[39m
          [36m<div[39m
            [33mclass[39m=[32m"ant-drawer-body"[39m
          [36m>[39m
            [36m<form[39m
              [33mclass[39m=[32m"ant-form ant-form-vertical css-var-root ant-form-css-var css-dev-only-do-not-override-3uaqrl"[39m
            [36m>[39m
              [36m<div[39m
                [33mclass[39m=[32m"mb-6"[39m
              [36m>[39m
                [36m<h3[39m
                  [33mclass[39m=[32m"text-sm font-medium text-text-muted mb-3"[39m
                [36m>[39m
                  [0mOrganization[0m
                [36m</h3>[39m
                [36m<div[39m
                  [33mclass[39m=[32m"ant-form-item css-var-root ant-form-css-var css-dev-only-do-not-override-3uaqrl ant-form-item-vertical"[39m
                [36m>[39m
                  [36m<div[39m
                    [33mclass[39m=[32m"ant-row ant-form-item-row css-dev-only-do-not-override-3uaqrl css-var-root"[39m
                  [36m>[39m
                    [36m<div[39m
                      [33mclass[39m=[32m"ant-col ant-form-item-label css-dev-only-do-not-override-3uaqrl css-var-root"[39m
                    [36m>[39m
                      [36m<label[39m
                        [33mclass[39m=[32m""[39m
                        [33mfor[39m=[32m"deck_id"[39m
                        [33mtitle[39m=[32m"Deck"[39m
                      [36m>[39m
                        [0mDeck[0m
                      [36m</label>[39m
                    [36m</div>[39m
                    [36m<div[39m
                      [33mclass[39m=[32m"ant-col ant-form-item-control css-dev-only-do-not-override-3uaqrl css-var-root"[39m
                    [36m>[39m
                      [36m<div[39m
                        [33mclass[39m=[32m"ant-form-item-control-input"[39m
                      [36m>[39m
                        [36m<div[39m
                          [33mclass[39m=[32m"ant-form-item-control-input-content"[39m
                        [36m>[39m
                          [36m<div[39m
                            [33mclass[39m=[32m"ant-select ant-select-outlined ant-select-in-form-item css-var-root ant-select-css-var css-dev-only-do-not-override-3uaqrl ant-select-single ant-select-allow-clear ant-select-show-arrow"[39m
                          [36m>[39m
                            [36m<div[39m
                              [33mclass[39m=[32m"ant-select-content"[39m
                            [36m>[39m
                              [36m<div[39m
                                [33mclass[39m=[32m"ant-select-content-value"[39m
                                [33mstyle[39m=[32m"visibility: visible;"[39m
                                [33mtitle[39m=[32m"Deck 1"[39m
                              [36m>[39m
                                [0mDeck 1[0m
                              [36m</div>[39m
                              [36m<input[39m
                                [33maria-autocomplete[39m=[32m"list"[39m
                                [33maria-expanded[39m=[32m"false"[39m
                                [33maria-haspopup[39m=[32m"listbox"[39m
                                [33mautocomplete[39m=[32m"off"[39m
                                [33mclass[39m=[32m"ant-select-input"[39m
                                [33mid[39m=[32m"deck_id"[39m
                                [33mreadonly[39m=[32m""[39m
                                [33mrole[39m=[32m"combobox"[39m
                                [33mtype[39m=[32m"search"[39m
                                [3...
 ❯ Object.getElementError ../node_modules/.bun/@testing-library+dom@10.4.1/node_modules/@testing-library/dom/dist/config.js:37:19
 ❯ ../node_modules/.bun/@testing-library+dom@10.4.1/node_modules/@testing-library/dom/dist/query-helpers.js:76:38
 ❯ ../node_modules/.bun/@testing-library+dom@10.4.1/node_modules/@testing-library/dom/dist/query-helpers.js:52:17
 ❯ ../node_modules/.bun/@testing-library+dom@10.4.1/node_modules/@testing-library/dom/dist/query-helpers.js:95:19
 ❯ ../packages/ui/src/components/Flashcards/components/__tests__/FlashcardEditDrawer.reset-scheduling.test.tsx:153:19
    151|     expect(screen.getByText("Current scheduling state:")).toBeInTheDoc…
    152|     expect(screen.getByText("Memory strength: 1.80")).toBeInTheDocumen…
    153|     expect(screen.getByText("Next review gap: 17 days")).toBeInTheDocu…
       |                   ^
    154|     expect(screen.getByText("Recall runs: 6")).toBeInTheDocument()
    155|     expect(screen.getByText("Relearns: 4")).toBeInTheDocument()

⎯⎯⎯⎯⎯⎯⎯⎯⎯⎯⎯⎯⎯⎯⎯⎯⎯⎯⎯⎯⎯⎯⎯[5/15]⎯

 FAIL  ../packages/ui/src/components/Flashcards/tabs/__tests__/ManageTab.scheduling-metadata.test.tsx > ManageTab scheduling metadata visibility > Manage 'learning' expanded=false reports the saved ten-minute gap
 FAIL  ../packages/ui/src/components/Flashcards/tabs/__tests__/ManageTab.scheduling-metadata.test.tsx > ManageTab scheduling metadata visibility > Manage 'relearning' expanded=false reports the saved ten-minute gap
TestingLibraryElementError: Unable to find an element with the text: Next gap 10 min. This could be because the text is broken up by multiple elements. In this case, you can provide a function for your text matcher to make your matcher more flexible.

Ignored nodes: comments, script, style
[36m<body>[39m
  [36m<div>[39m
    [36m<div>[39m
      [36m<div[39m
        [33mclass[39m=[32m"mb-3 flex items-center justify-between gap-2"[39m
        [33mdata-testid[39m=[32m"flashcards-manage-topbar"[39m
      [36m>[39m
        [36m<div[39m
          [33mclass[39m=[32m"flex items-center gap-3"[39m
        [36m>[39m
          [36m<div[39m
            [33maria-label[39m=[32m"segmented control"[39m
            [33maria-orientation[39m=[32m"horizontal"[39m
            [33mclass[39m=[32m"ant-segmented css-dev-only-do-not-override-3uaqrl css-var-root"[39m
            [33mrole[39m=[32m"radiogroup"[39m
            [33mtabindex[39m=[32m"0"[39m
          [36m>[39m
            [36m<div[39m
              [33mclass[39m=[32m"ant-segmented-group"[39m
            [36m>[39m
              [36m<label[39m
                [33mclass[39m=[32m"ant-segmented-item ant-segmented-item-selected"[39m
              [36m>[39m
                [36m<input[39m
                  [33mchecked[39m=[32m""[39m
                  [33mclass[39m=[32m"ant-segmented-item-input"[39m
                  [33mname[39m=[32m"test-id"[39m
                  [33mtype[39m=[32m"radio"[39m
                [36m/>[39m
                [36m<div[39m
                  [33mclass[39m=[32m"ant-segmented-item-label"[39m
                  [33mtitle[39m=[32m"Cards"[39m
                [36m>[39m
                  [0mCards[0m
                [36m</div>[39m
              [36m</label>[39m
              [36m<label[39m
                [33mclass[39m=[32m"ant-segmented-item"[39m
              [36m>[39m
                [36m<input[39m
                  [33mclass[39m=[32m"ant-segmented-item-input"[39m
                  [33mname[39m=[32m"test-id"[39m
                  [33mtype[39m=[32m"radio"[39m
                [36m/>[39m
                [36m<div[39m
                  [33mclass[39m=[32m"ant-segmented-item-label"[39m
                [36m>[39m
                  [36m<span[39m
                    [33mclass[39m=[32m"inline-flex items-center gap-2"[39m
                  [36m>[39m
                    [0mTrash[0m
                  [36m</span>[39m
                [36m</div>[39m
              [36m</label>[39m
            [36m</div>[39m
          [36m</div>[39m
          [36m<div[39m
            [33mclass[39m=[32m"hidden md:flex items-center gap-1.5"[39m
            [33mdata-testid[39m=[32m"flashcards-manage-shortcut-chips"[39m
          [36m>[39m
            [36m<span[39m
              [33mclass[39m=[32m"inline-flex items-center gap-1 text-xs text-text-muted cursor-help"[39m
            [36m>[39m
              [36m<svg[39m
                [33maria-hidden[39m=[32m"true"[39m
                [33mclass[39m=[32m"lucide lucide-keyboard size-3.5"[39m
                [33mfill[39m=[32m"none"[39m
                [33mheight[39m=[32m"24"[39m
                [33mstroke[39m=[32m"currentColor"[39m
                [33mstroke-linecap[39m=[32m"round"[39m
                [33mstroke-linejoin[39m=[32m"round"[39m
                [33mstroke-width[39m=[32m"2"[39m
                [33mviewBox[39m=[32m"0 0 24 24"[39m
                [33mwidth[39m=[32m"24"[39m
                [33mxmlns[39m=[32m"http://www.w3.org/2000/svg"[39m
              [36m>[39m
                [36m<path[39m
                  [33md[39m=[32m"M10 8h.01"[39m
                [36m/>[39m
                [36m<path[39m
                  [33md[39m=[32m"M12 12h.01"[39m
                [36m/>[39m
                [36m<path[39m
                  [33md[39m=[32m"M14 8h.01"[39m
                [36m/>[39m
                [36m<path[39m
                  [33md[39m=[32m"M16 12h.01"[39m
                [36m/>[39m
                [36m<path[39m
                  [33md[39m=[32m"M18 8h.01"[39m
                [36m/>[39m
                [36m<path[39m
                  [33md[39m=[32m"M6 8h.01"[39m
                [36m/>[39m
                [36m<path[39m
                  [33md[39m=[32m"M7 16h10"[39m
                [36m/>[39m
                [36m<path[39m
                  [33md[39m=[32m"M8 12h.01"[39m
                [36m/>[39m
                [36m<rect[39m
                  [33mheight[39m=[32m"16"[39m
                  [33mrx[39m=[32m"2"[39m
                  [33mwidth[39m=[32m"20"[39m
                  [33mx[39m=[32m"2"[39m
                  [33my[39m=[32m"4"[39m
                [36m/>[39m
              [36m</svg>[39m
              [36m<span>[39m
                [0m?[0m
              [36m</span>[39m
            [36m</span>[39m
            [36m<span[39m
              [33mclass[39m=[32m"ant-tag ant-tag-filled !m-0 text-[11px] css-dev-only-do-not-override-3uaqrl css-var-root"[39m
            [36m>[39m
              [0mJ/K Navigate[0m
            [36m</span>[39m
            [36m<span[39m
              [33mclass[39m=[32m"ant-tag ant-tag-filled !m-0 text-[11px] css-dev-only-do-not-override-3uaqrl css-var-root"[39m
            [36m>[39m
              [0mEnter Edit[0m
            [36m</span>[39m
            [36m<span[39m
              [33mclass[39m=[32m"ant-tag ant-tag-filled !m-0 text-[11px] css-dev-only-do-not-override-3uaqrl css-var-root"[39m
            [36m>[39m
              [0mSpace Select[0m
            [36m</span>[39m
            [36m<span[39m
              [33mclass[39m=[32m"ant-tag ant-tag-filled !m-0 text-[11px] css-dev-only-do-not-override-3uaqrl css-var-root"[39m
            [36m>[39m
              [0mDelete Remove[0m
            [36m</span>[39m
            [36m<button[39m
              [33mclass[39m=[32m"ant-btn css-dev-only-do-not-override-3uaqrl css-var-root ant-btn-link ant-btn-color-link ant-btn-variant-link ant-btn-sm !h-auto !px-0 text-xs"[39m
              [33mdata-testid[39m=[32m"flashcards-manage-shortcut-hints-toggle"[39m
              [33mtype[39m=[32m"button"[39m
            [36m>[39m
              [36m<span>[39m
                [0mCompact hints[0m
              [36m</span>[39m
            [36m</button>[39m
          [36m</div>[39m
        [36m</div>[39m
      [36m</div>[39m
      [36m<div[39m
        [33mclass[39m=[32m"mb-3 space-y-3"[39m
      [36m>[39m
        [36m<div[39m
          [33mclass[39m=[32m"flex items-center gap-2 flex-wrap"[39m
        [36m>[39m
          [36m<div[39m
            [33mclass[39m=[32m"ant-space-compact css-dev-only-do-not-override-3uaqrl ant-input-search css-var-root max-w-64 css-dev-only-do-not-override-3uaqrl"[39m
            [33mdata-testid[39m=[32m"flashcards-manage-search"[39m
          [36m>[39m
            [36m<span[39m
              [33mclass[39m=[32m"ant-input-affix-wrapper css-dev-only-do-not-override-3uaqrl ant-input-outlined css-var-root ant-input-css-va...
 ❯ Object.getElementError ../node_modules/.bun/@testing-library+dom@10.4.1/node_modules/@testing-library/dom/dist/config.js:37:19
 ❯ ../node_modules/.bun/@testing-library+dom@10.4.1/node_modules/@testing-library/dom/dist/query-helpers.js:76:38
 ❯ ../node_modules/.bun/@testing-library+dom@10.4.1/node_modules/@testing-library/dom/dist/query-helpers.js:52:17
 ❯ ../node_modules/.bun/@testing-library+dom@10.4.1/node_modules/@testing-library/dom/dist/query-helpers.js:95:19
 ❯ ../packages/ui/src/components/Flashcards/tabs/__tests__/ManageTab.scheduling-metadata.test.tsx:292:19
    290|     render(<ManageTab onNavigateToImport={() => {}} onReviewCard={() =…
    291|     if (expanded) fireEvent.click(screen.getByTestId("flashcards-densi…
    292|     expect(screen.getByText(expanded ? "Next review gap 10 min" : "Nex…
       |                   ^
    293|   })
    294|

⎯⎯⎯⎯⎯⎯⎯⎯⎯⎯⎯⎯⎯⎯⎯⎯⎯⎯⎯⎯⎯⎯⎯[6/15]⎯

 FAIL  ../packages/ui/src/components/Flashcards/tabs/__tests__/ManageTab.scheduling-metadata.test.tsx > ManageTab scheduling metadata visibility > Manage 'learning' expanded=true reports the saved ten-minute gap
 FAIL  ../packages/ui/src/components/Flashcards/tabs/__tests__/ManageTab.scheduling-metadata.test.tsx > ManageTab scheduling metadata visibility > Manage 'relearning' expanded=true reports the saved ten-minute gap
TestingLibraryElementError: Unable to find an element with the text: Next review gap 10 min. This could be because the text is broken up by multiple elements. In this case, you can provide a function for your text matcher to make your matcher more flexible.

Ignored nodes: comments, script, style
[36m<body>[39m
  [36m<div>[39m
    [36m<div>[39m
      [36m<div[39m
        [33mclass[39m=[32m"mb-3 flex items-center justify-between gap-2"[39m
        [33mdata-testid[39m=[32m"flashcards-manage-topbar"[39m
      [36m>[39m
        [36m<div[39m
          [33mclass[39m=[32m"flex items-center gap-3"[39m
        [36m>[39m
          [36m<div[39m
            [33maria-label[39m=[32m"segmented control"[39m
            [33maria-orientation[39m=[32m"horizontal"[39m
            [33mclass[39m=[32m"ant-segmented css-dev-only-do-not-override-3uaqrl css-var-root"[39m
            [33mrole[39m=[32m"radiogroup"[39m
            [33mtabindex[39m=[32m"0"[39m
          [36m>[39m
            [36m<div[39m
              [33mclass[39m=[32m"ant-segmented-group"[39m
            [36m>[39m
              [36m<label[39m
                [33mclass[39m=[32m"ant-segmented-item ant-segmented-item-selected"[39m
              [36m>[39m
                [36m<input[39m
                  [33mchecked[39m=[32m""[39m
                  [33mclass[39m=[32m"ant-segmented-item-input"[39m
                  [33mname[39m=[32m"test-id"[39m
                  [33mtype[39m=[32m"radio"[39m
                [36m/>[39m
                [36m<div[39m
                  [33mclass[39m=[32m"ant-segmented-item-label"[39m
                  [33mtitle[39m=[32m"Cards"[39m
                [36m>[39m
                  [0mCards[0m
                [36m</div>[39m
              [36m</label>[39m
              [36m<label[39m
                [33mclass[39m=[32m"ant-segmented-item"[39m
              [36m>[39m
                [36m<input[39m
                  [33mclass[39m=[32m"ant-segmented-item-input"[39m
                  [33mname[39m=[32m"test-id"[39m
                  [33mtype[39m=[32m"radio"[39m
                [36m/>[39m
                [36m<div[39m
                  [33mclass[39m=[32m"ant-segmented-item-label"[39m
                [36m>[39m
                  [36m<span[39m
                    [33mclass[39m=[32m"inline-flex items-center gap-2"[39m
                  [36m>[39m
                    [0mTrash[0m
                  [36m</span>[39m
                [36m</div>[39m
              [36m</label>[39m
            [36m</div>[39m
          [36m</div>[39m
          [36m<div[39m
            [33mclass[39m=[32m"hidden md:flex items-center gap-1.5"[39m
            [33mdata-testid[39m=[32m"flashcards-manage-shortcut-chips"[39m
          [36m>[39m
            [36m<span[39m
              [33mclass[39m=[32m"inline-flex items-center gap-1 text-xs text-text-muted cursor-help"[39m
            [36m>[39m
              [36m<svg[39m
                [33maria-hidden[39m=[32m"true"[39m
                [33mclass[39m=[32m"lucide lucide-keyboard size-3.5"[39m
                [33mfill[39m=[32m"none"[39m
                [33mheight[39m=[32m"24"[39m
                [33mstroke[39m=[32m"currentColor"[39m
                [33mstroke-linecap[39m=[32m"round"[39m
                [33mstroke-linejoin[39m=[32m"round"[39m
                [33mstroke-width[39m=[32m"2"[39m
                [33mviewBox[39m=[32m"0 0 24 24"[39m
                [33mwidth[39m=[32m"24"[39m
                [33mxmlns[39m=[32m"http://www.w3.org/2000/svg"[39m
              [36m>[39m
                [36m<path[39m
                  [33md[39m=[32m"M10 8h.01"[39m
                [36m/>[39m
                [36m<path[39m
                  [33md[39m=[32m"M12 12h.01"[39m
                [36m/>[39m
                [36m<path[39m
                  [33md[39m=[32m"M14 8h.01"[39m
                [36m/>[39m
                [36m<path[39m
                  [33md[39m=[32m"M16 12h.01"[39m
                [36m/>[39m
                [36m<path[39m
                  [33md[39m=[32m"M18 8h.01"[39m
                [36m/>[39m
                [36m<path[39m
                  [33md[39m=[32m"M6 8h.01"[39m
                [36m/>[39m
                [36m<path[39m
                  [33md[39m=[32m"M7 16h10"[39m
                [36m/>[39m
                [36m<path[39m
                  [33md[39m=[32m"M8 12h.01"[39m
                [36m/>[39m
                [36m<rect[39m
                  [33mheight[39m=[32m"16"[39m
                  [33mrx[39m=[32m"2"[39m
                  [33mwidth[39m=[32m"20"[39m
                  [33mx[39m=[32m"2"[39m
                  [33my[39m=[32m"4"[39m
                [36m/>[39m
              [36m</svg>[39m
              [36m<span>[39m
                [0m?[0m
              [36m</span>[39m
            [36m</span>[39m
            [36m<span[39m
              [33mclass[39m=[32m"ant-tag ant-tag-filled !m-0 text-[11px] css-dev-only-do-not-override-3uaqrl css-var-root"[39m
            [36m>[39m
              [0mJ/K Navigate[0m
            [36m</span>[39m
            [36m<span[39m
              [33mclass[39m=[32m"ant-tag ant-tag-filled !m-0 text-[11px] css-dev-only-do-not-override-3uaqrl css-var-root"[39m
            [36m>[39m
              [0mEnter Edit[0m
            [36m</span>[39m
            [36m<span[39m
              [33mclass[39m=[32m"ant-tag ant-tag-filled !m-0 text-[11px] css-dev-only-do-not-override-3uaqrl css-var-root"[39m
            [36m>[39m
              [0mSpace Select[0m
            [36m</span>[39m
            [36m<span[39m
              [33mclass[39m=[32m"ant-tag ant-tag-filled !m-0 text-[11px] css-dev-only-do-not-override-3uaqrl css-var-root"[39m
            [36m>[39m
              [0mDelete Remove[0m
            [36m</span>[39m
            [36m<button[39m
              [33mclass[39m=[32m"ant-btn css-dev-only-do-not-override-3uaqrl css-var-root ant-btn-link ant-btn-color-link ant-btn-variant-link ant-btn-sm !h-auto !px-0 text-xs"[39m
              [33mdata-testid[39m=[32m"flashcards-manage-shortcut-hints-toggle"[39m
              [33mtype[39m=[32m"button"[39m
            [36m>[39m
              [36m<span>[39m
                [0mCompact hints[0m
              [36m</span>[39m
            [36m</button>[39m
          [36m</div>[39m
        [36m</div>[39m
      [36m</div>[39m
      [36m<div[39m
        [33mclass[39m=[32m"mb-3 space-y-3"[39m
      [36m>[39m
        [36m<div[39m
          [33mclass[39m=[32m"flex items-center gap-2 flex-wrap"[39m
        [36m>[39m
          [36m<div[39m
            [33mclass[39m=[32m"ant-space-compact css-dev-only-do-not-override-3uaqrl ant-input-search css-var-root max-w-64 css-dev-only-do-not-override-3uaqrl"[39m
            [33mdata-testid[39m=[32m"flashcards-manage-search"[39m
          [36m>[39m
            [36m<span[39m
              [33mclass[39m=[32m"ant-input-affix-wrapper css-dev-only-do-not-override-3uaqrl ant-input-outlined css-var-root ant-input-css-va...
 ❯ Object.getElementError ../node_modules/.bun/@testing-library+dom@10.4.1/node_modules/@testing-library/dom/dist/config.js:37:19
 ❯ ../node_modules/.bun/@testing-library+dom@10.4.1/node_modules/@testing-library/dom/dist/query-helpers.js:76:38
 ❯ ../node_modules/.bun/@testing-library+dom@10.4.1/node_modules/@testing-library/dom/dist/query-helpers.js:52:17
 ❯ ../node_modules/.bun/@testing-library+dom@10.4.1/node_modules/@testing-library/dom/dist/query-helpers.js:95:19
 ❯ ../packages/ui/src/components/Flashcards/tabs/__tests__/ManageTab.scheduling-metadata.test.tsx:292:19
    290|     render(<ManageTab onNavigateToImport={() => {}} onReviewCard={() =…
    291|     if (expanded) fireEvent.click(screen.getByTestId("flashcards-densi…
    292|     expect(screen.getByText(expanded ? "Next review gap 10 min" : "Nex…
       |                   ^
    293|   })
    294|

⎯⎯⎯⎯⎯⎯⎯⎯⎯⎯⎯⎯⎯⎯⎯⎯⎯⎯⎯⎯⎯⎯⎯[7/15]⎯

 FAIL  ../packages/ui/src/components/Flashcards/tabs/__tests__/ManageTab.scheduling-metadata.test.tsx > ManageTab scheduling metadata visibility > updates the saved gap in the same mounted Manage view
TestingLibraryElementError: Unable to find an element with the text: Next gap 10 min. This could be because the text is broken up by multiple elements. In this case, you can provide a function for your text matcher to make your matcher more flexible.

Ignored nodes: comments, script, style
[36m<body>[39m
  [36m<div>[39m
    [36m<div>[39m
      [36m<div[39m
        [33mclass[39m=[32m"mb-3 flex items-center justify-between gap-2"[39m
        [33mdata-testid[39m=[32m"flashcards-manage-topbar"[39m
      [36m>[39m
        [36m<div[39m
          [33mclass[39m=[32m"flex items-center gap-3"[39m
        [36m>[39m
          [36m<div[39m
            [33maria-label[39m=[32m"segmented control"[39m
            [33maria-orientation[39m=[32m"horizontal"[39m
            [33mclass[39m=[32m"ant-segmented css-dev-only-do-not-override-3uaqrl css-var-root"[39m
            [33mrole[39m=[32m"radiogroup"[39m
            [33mtabindex[39m=[32m"0"[39m
          [36m>[39m
            [36m<div[39m
              [33mclass[39m=[32m"ant-segmented-group"[39m
            [36m>[39m
              [36m<label[39m
                [33mclass[39m=[32m"ant-segmented-item ant-segmented-item-selected"[39m
              [36m>[39m
                [36m<input[39m
                  [33mchecked[39m=[32m""[39m
                  [33mclass[39m=[32m"ant-segmented-item-input"[39m
                  [33mname[39m=[32m"test-id"[39m
                  [33mtype[39m=[32m"radio"[39m
                [36m/>[39m
                [36m<div[39m
                  [33mclass[39m=[32m"ant-segmented-item-label"[39m
                  [33mtitle[39m=[32m"Cards"[39m
                [36m>[39m
                  [0mCards[0m
                [36m</div>[39m
              [36m</label>[39m
              [36m<label[39m
                [33mclass[39m=[32m"ant-segmented-item"[39m
              [36m>[39m
                [36m<input[39m
                  [33mclass[39m=[32m"ant-segmented-item-input"[39m
                  [33mname[39m=[32m"test-id"[39m
                  [33mtype[39m=[32m"radio"[39m
                [36m/>[39m
                [36m<div[39m
                  [33mclass[39m=[32m"ant-segmented-item-label"[39m
                [36m>[39m
                  [36m<span[39m
                    [33mclass[39m=[32m"inline-flex items-center gap-2"[39m
                  [36m>[39m
                    [0mTrash[0m
                  [36m</span>[39m
                [36m</div>[39m
              [36m</label>[39m
            [36m</div>[39m
          [36m</div>[39m
          [36m<div[39m
            [33mclass[39m=[32m"hidden md:flex items-center gap-1.5"[39m
            [33mdata-testid[39m=[32m"flashcards-manage-shortcut-chips"[39m
          [36m>[39m
            [36m<span[39m
              [33mclass[39m=[32m"inline-flex items-center gap-1 text-xs text-text-muted cursor-help"[39m
            [36m>[39m
              [36m<svg[39m
                [33maria-hidden[39m=[32m"true"[39m
                [33mclass[39m=[32m"lucide lucide-keyboard size-3.5"[39m
                [33mfill[39m=[32m"none"[39m
                [33mheight[39m=[32m"24"[39m
                [33mstroke[39m=[32m"currentColor"[39m
                [33mstroke-linecap[39m=[32m"round"[39m
                [33mstroke-linejoin[39m=[32m"round"[39m
                [33mstroke-width[39m=[32m"2"[39m
                [33mviewBox[39m=[32m"0 0 24 24"[39m
                [33mwidth[39m=[32m"24"[39m
                [33mxmlns[39m=[32m"http://www.w3.org/2000/svg"[39m
              [36m>[39m
                [36m<path[39m
                  [33md[39m=[32m"M10 8h.01"[39m
                [36m/>[39m
                [36m<path[39m
                  [33md[39m=[32m"M12 12h.01"[39m
                [36m/>[39m
                [36m<path[39m
                  [33md[39m=[32m"M14 8h.01"[39m
                [36m/>[39m
                [36m<path[39m
                  [33md[39m=[32m"M16 12h.01"[39m
                [36m/>[39m
                [36m<path[39m
                  [33md[39m=[32m"M18 8h.01"[39m
                [36m/>[39m
                [36m<path[39m
                  [33md[39m=[32m"M6 8h.01"[39m
                [36m/>[39m
                [36m<path[39m
                  [33md[39m=[32m"M7 16h10"[39m
                [36m/>[39m
                [36m<path[39m
                  [33md[39m=[32m"M8 12h.01"[39m
                [36m/>[39m
                [36m<rect[39m
                  [33mheight[39m=[32m"16"[39m
                  [33mrx[39m=[32m"2"[39m
                  [33mwidth[39m=[32m"20"[39m
                  [33mx[39m=[32m"2"[39m
                  [33my[39m=[32m"4"[39m
                [36m/>[39m
              [36m</svg>[39m
              [36m<span>[39m
                [0m?[0m
              [36m</span>[39m
            [36m</span>[39m
            [36m<span[39m
              [33mclass[39m=[32m"ant-tag ant-tag-filled !m-0 text-[11px] css-dev-only-do-not-override-3uaqrl css-var-root"[39m
            [36m>[39m
              [0mJ/K Navigate[0m
            [36m</span>[39m
            [36m<span[39m
              [33mclass[39m=[32m"ant-tag ant-tag-filled !m-0 text-[11px] css-dev-only-do-not-override-3uaqrl css-var-root"[39m
            [36m>[39m
              [0mEnter Edit[0m
            [36m</span>[39m
            [36m<span[39m
              [33mclass[39m=[32m"ant-tag ant-tag-filled !m-0 text-[11px] css-dev-only-do-not-override-3uaqrl css-var-root"[39m
            [36m>[39m
              [0mSpace Select[0m
            [36m</span>[39m
            [36m<span[39m
              [33mclass[39m=[32m"ant-tag ant-tag-filled !m-0 text-[11px] css-dev-only-do-not-override-3uaqrl css-var-root"[39m
            [36m>[39m
              [0mDelete Remove[0m
            [36m</span>[39m
            [36m<button[39m
              [33mclass[39m=[32m"ant-btn css-dev-only-do-not-override-3uaqrl css-var-root ant-btn-link ant-btn-color-link ant-btn-variant-link ant-btn-sm !h-auto !px-0 text-xs"[39m
              [33mdata-testid[39m=[32m"flashcards-manage-shortcut-hints-toggle"[39m
              [33mtype[39m=[32m"button"[39m
            [36m>[39m
              [36m<span>[39m
                [0mCompact hints[0m
              [36m</span>[39m
            [36m</button>[39m
          [36m</div>[39m
        [36m</div>[39m
      [36m</div>[39m
      [36m<div[39m
        [33mclass[39m=[32m"mb-3 space-y-3"[39m
      [36m>[39m
        [36m<div[39m
          [33mclass[39m=[32m"flex items-center gap-2 flex-wrap"[39m
        [36m>[39m
          [36m<div[39m
            [33mclass[39m=[32m"ant-space-compact css-dev-only-do-not-override-3uaqrl ant-input-search css-var-root max-w-64 css-dev-only-do-not-override-3uaqrl"[39m
            [33mdata-testid[39m=[32m"flashcards-manage-search"[39m
          [36m>[39m
            [36m<span[39m
              [33mclass[39m=[32m"ant-input-affix-wrapper css-dev-only-do-not-override-3uaqrl ant-input-outlined css-var-root ant-input-css-va...
 ❯ Object.getElementError ../node_modules/.bun/@testing-library+dom@10.4.1/node_modules/@testing-library/dom/dist/config.js:37:19
 ❯ ../node_modules/.bun/@testing-library+dom@10.4.1/node_modules/@testing-library/dom/dist/query-helpers.js:76:38
 ❯ ../node_modules/.bun/@testing-library+dom@10.4.1/node_modules/@testing-library/dom/dist/query-helpers.js:52:17
 ❯ ../node_modules/.bun/@testing-library+dom@10.4.1/node_modules/@testing-library/dom/dist/query-helpers.js:95:19
 ❯ ../packages/ui/src/components/Flashcards/tabs/__tests__/ManageTab.scheduling-metadata.test.tsx:306:19
    304|       last_reviewed_at: "2026-09-17T06:26:35.074Z", due_at: "2026-09-1…
    305|     view.rerender(<ManageTab {...props} />)
    306|     expect(screen.getByText("Next gap 10 min")).toBeInTheDocument()
       |                   ^
    307|   })
    308|

⎯⎯⎯⎯⎯⎯⎯⎯⎯⎯⎯⎯⎯⎯⎯⎯⎯⎯⎯⎯⎯⎯⎯[8/15]⎯

 FAIL  ../packages/ui/src/components/Flashcards/tabs/__tests__/ReviewTab.cram-previews.test.tsx > Cram authoritative scheduler previews > saved-gap toast 'learning' reports the saved gap
 FAIL  ../packages/ui/src/components/Flashcards/tabs/__tests__/ReviewTab.cram-previews.test.tsx > Cram authoritative scheduler previews > saved-gap toast 'review' reports the saved gap
AssertionError: expected 'Saved. Next review 29 minutes ago (ne…' to contain 'next review gap: 10 minutes'

Expected: "next review gap: 10 minutes"
Received: "Saved. Next review 29 minutes ago (next review gap: 0 days)."

 ❯ ../packages/ui/src/components/Flashcards/tabs/__tests__/ReviewTab.cram-previews.test.tsx:123:19
    121|     await waitFor(() => expect(state.toast).toHaveBeenCalledWith(expec…
    122|     const saved = state.toast.mock.calls.map(([text]) => String(text))…
    123|     expect(saved).toContain(`next review gap: ${gap}`)
       |                   ^
    124|     expect(state.review.mock.calls[0][0]).toMatchObject({ cardUuid: ca…
    125|   })

⎯⎯⎯⎯⎯⎯⎯⎯⎯⎯⎯⎯⎯⎯⎯⎯⎯⎯⎯⎯⎯⎯⎯[9/15]⎯

 FAIL  ../packages/ui/src/components/Flashcards/tabs/__tests__/ReviewTab.cram-previews.test.tsx > Cram authoritative scheduler previews > saved-gap toast 'relearning' reports the saved gap
AssertionError: expected 'Saved. Next review 29 minutes ago (ne…' to contain 'next review gap: 10 minutes'

Expected: "next review gap: 10 minutes"
Received: "Saved. Next review 29 minutes ago (next review gap: 7 days)."

 ❯ ../packages/ui/src/components/Flashcards/tabs/__tests__/ReviewTab.cram-previews.test.tsx:123:19
    121|     await waitFor(() => expect(state.toast).toHaveBeenCalledWith(expec…
    122|     const saved = state.toast.mock.calls.map(([text]) => String(text))…
    123|     expect(saved).toContain(`next review gap: ${gap}`)
       |                   ^
    124|     expect(state.review.mock.calls[0][0]).toMatchObject({ cardUuid: ca…
    125|   })

⎯⎯⎯⎯⎯⎯⎯⎯⎯⎯⎯⎯⎯⎯⎯⎯⎯⎯⎯⎯⎯⎯[10/15]⎯


 Test Files  3 failed (3)
      Tests  15 failed | 23 passed (38)
   Start at  00:05:56
   Duration  8.11s (transform 1.68s, setup 369ms, import 3.62s, tests 11.83s, environment 841ms)
