
 RUN  v4.0.18 /Users/macbook-dev/Documents/GitHub/tldw_server2/apps/tldw-frontend

(node:66450) ExperimentalWarning: localStorage is not available because --localstorage-file was not provided.
(Use `node --trace-warnings ...` to show where the warning was created)
(node:66448) ExperimentalWarning: localStorage is not available because --localstorage-file was not provided.
(Use `node --trace-warnings ...` to show where the warning was created)
(node:66451) ExperimentalWarning: localStorage is not available because --localstorage-file was not provided.
(Use `node --trace-warnings ...` to show where the warning was created)
(node:66449) ExperimentalWarning: localStorage is not available because --localstorage-file was not provided.
(Use `node --trace-warnings ...` to show where the warning was created)
 ✓ ../packages/ui/src/components/Flashcards/utils/__tests__/review-gap.test.ts (58 tests) 22ms
Browserslist: browsers data (caniuse-lite) is 8 months old. Please run:
  npx update-browserslist-db@latest
  Why you should do it regularly: https://github.com/browserslist/update-db#readme
 ✓ ../packages/ui/src/components/Flashcards/tabs/__tests__/ReviewTab.cram-previews.test.tsx (10 tests) 1784ms
     ✓ saved-gap toast 'learning' reports the saved gap  361ms
 ✓ ../packages/ui/src/components/Flashcards/components/__tests__/FlashcardEditDrawer.reset-scheduling.test.tsx (8 tests) 4531ms
     ✓ Drawer 'learning' confirmation=false reports the saved ten-minute gap  365ms
     ✓ Drawer 'learning' confirmation=true reports the saved ten-minute gap  887ms
     ✓ Drawer 'relearning' confirmation=true reports the saved ten-minute gap  825ms
     ✓ Drawer 'review' confirmation=true reports the saved ten-minute gap  731ms
     ✓ confirms and invokes reset scheduling callback  1511ms
 ✓ ../packages/ui/src/components/Flashcards/tabs/__tests__/ManageTab.scheduling-metadata.test.tsx (20 tests) 8140ms
     ✓ Manage 'learning' expanded=false reports the saved ten-minute gap  515ms
     ✓ preserves the pending-delete countdown and Undo without deprecated List warnings  1739ms
     ✓ supports multi-tag filter chips with suggestions  1573ms
     ✓ hides workspace decks by default and reveals them when the toggle is enabled  619ms
     ✓ filters decks and card queries to a selected workspace  354ms
     ✓ resets workspace filters for a non-workspace create handoff  650ms
     ✓ moves deck scope by patching workspace_id in the update payload  1255ms

 Test Files  4 passed (4)
      Tests  96 passed (96)
   Start at  00:11:48
   Duration  9.73s (transform 1.73s, setup 514ms, import 4.03s, tests 14.48s, environment 1.35s)
