
 RUN  v4.0.18 /Users/macbook-dev/Documents/GitHub/tldw_server2/apps/packages/ui

(node:80502) ExperimentalWarning: localStorage is not available because --localstorage-file was not provided.
(Use `node --trace-warnings ...` to show where the warning was created)
 ❯ src/components/Common/Settings/tabs/__tests__/ConversationTab.input-number.test.tsx (5 tests | 4 failed) 15888ms
     ✓ opens all six numeric controls without the addonBefore deprecation  988ms
     × labels each numeric control and preserves its initial value and bounds 3850ms
     × persists edits only on blur and restores all six values after reopening 3882ms
     × keeps generation and summary numeric controls disabled when their modes are off 3407ms
     × keeps the summary window below an edited threshold on blur 3760ms
(node:80936) ExperimentalWarning: localStorage is not available because --localstorage-file was not provided.
(Use `node --trace-warnings ...` to show where the warning was created)
 ✓ src/components/Common/__tests__/ConversationTab.generationOverride.test.tsx (5 tests) 178ms
(node:80951) ExperimentalWarning: localStorage is not available because --localstorage-file was not provided.
(Use `node --trace-warnings ...` to show where the warning was created)
 ✓ src/components/Common/Settings/tabs/__tests__/ConversationTab.persona-memory-mode.test.tsx (2 tests) 84ms

⎯⎯⎯⎯⎯⎯⎯ Failed Tests 4 ⎯⎯⎯⎯⎯⎯⎯

 FAIL  src/components/Common/Settings/tabs/__tests__/ConversationTab.input-number.test.tsx > ConversationTab real AntD numeric controls > labels each numeric control and preserves its initial value and bounds
TestingLibraryElementError: Unable to find an accessible element with the role "spinbutton" and name "Depth"

Here are the accessible roles:

  textbox:

  Name "":
  [36m<textarea[39m
    [33mclass[39m=[32m"ant-input css-dev-only-do-not-override-3uaqrl ant-input-outlined css-var-root ant-input-css-var"[39m
    [33mplaceholder[39m=[32m"Enter System Prompt"[39m
    [33mrows[39m=[32m"6"[39m
  [36m/>[39m

  Name "":
  [36m<input[39m
    [33mclass[39m=[32m"ant-input css-dev-only-do-not-override-3uaqrl ant-input-outlined css-var-root ant-input-css-var"[39m
    [33mplaceholder[39m=[32m"Conversation tag (optional)"[39m
    [33mtype[39m=[32m"text"[39m
    [33mvalue[39m=[32m""[39m
  [36m/>[39m

  Name "":
  [36m<textarea[39m
    [33mclass[39m=[32m"ant-input css-dev-only-do-not-override-3uaqrl"[39m
    [33mmaxlength[39m=[32m"1200"[39m
    [33mplaceholder[39m=[32m"E.g., Keep responses grounded, avoid repetition, and progress the scene."[39m
    [33mrows[39m=[32m"3"[39m
  [36m/>[39m

  Name "":
  [36m<textarea[39m
    [33mclass[39m=[32m"ant-input css-dev-only-do-not-override-3uaqrl ant-input-outlined css-var-root ant-input-css-var"[39m
    [33mplaceholder[39m=[32m"Stop sequences, one per line"[39m
    [33mrows[39m=[32m"2"[39m
  [36m/>[39m

  --------------------------------------------------
  button:

  Name "Reset to default":
  [36m<button[39m
    [33mclass[39m=[32m"ant-btn css-dev-only-do-not-override-3uaqrl css-var-root ant-btn-link ant-btn-color-link ant-btn-variant-link ant-btn-sm px-0"[39m
    [33mtype[39m=[32m"button"[39m
  [36m/>[39m

  Name "Increase Value":
  [36m<span[39m
    [33maria-disabled[39m=[32m"false"[39m
    [33maria-label[39m=[32m"Increase Value"[39m
    [33mclass[39m=[32m"ant-input-number-action ant-input-number-action-up"[39m
    [33mrole[39m=[32m"button"[39m
    [33munselectable[39m=[32m"on"[39m
  [36m/>[39m

  Name "Decrease Value":
  [36m<span[39m
    [33maria-disabled[39m=[32m"false"[39m
    [33maria-label[39m=[32m"Decrease Value"[39m
    [33mclass[39m=[32m"ant-input-number-action ant-input-number-action-down"[39m
    [33mrole[39m=[32m"button"[39m
    [33munselectable[39m=[32m"on"[39m
  [36m/>[39m

  Name "Increase Value":
  [36m<span[39m
    [33maria-disabled[39m=[32m"false"[39m
    [33maria-label[39m=[32m"Increase Value"[39m
    [33mclass[39m=[32m"ant-input-number-action ant-input-number-action-up"[39m
    [33mrole[39m=[32m"button"[39m
    [33munselectable[39m=[32m"on"[39m
  [36m/>[39m

  Name "Decrease Value":
  [36m<span[39m
    [33maria-disabled[39m=[32m"false"[39m
    [33maria-label[39m=[32m"Decrease Value"[39m
    [33mclass[39m=[32m"ant-input-number-action ant-input-number-action-down"[39m
    [33mrole[39m=[32m"button"[39m
    [33munselectable[39m=[32m"on"[39m
  [36m/>[39m

  Name "Increase Value":
  [36m<span[39m
    [33maria-disabled[39m=[32m"false"[39m
    [33maria-label[39m=[32m"Increase Value"[39m
    [33mclass[39m=[32m"ant-input-number-action ant-input-number-action-up"[39m
    [33mrole[39m=[32m"button"[39m
    [33munselectable[39m=[32m"on"[39m
  [36m/>[39m

  Name "Decrease Value":
  [36m<span[39m
    [33maria-disabled[39m=[32m"false"[39m
    [33maria-label[39m=[32m"Decrease Value"[39m
    [33mclass[39m=[32m"ant-input-number-action ant-input-number-action-down"[39m
    [33mrole[39m=[32m"button"[39m
    [33munselectable[39m=[32m"on"[39m
  [36m/>[39m

  Name "Increase Value":
  [36m<span[39m
    [33maria-disabled[39m=[32m"false"[39m
    [33maria-label[39m=[32m"Increase Value"[39m
    [33mclass[39m=[32m"ant-input-number-action ant-input-number-action-up"[39m
    [33mrole[39m=[32m"button"[39m
    [33munselectable[39m=[32m"on"[39m
  [36m/>[39m

  Name "Decrease Value":
  [36m<span[39m
    [33maria-disabled[39m=[32m"false"[39m
    [33maria-label[39m=[32m"Decrease Value"[39m
    [33mclass[39m=[32m"ant-input-number-action ant-input-number-action-down"[39m
    [33mrole[39m=[32m"button"[39m
    [33munselectable[39m=[32m"on"[39m
  [36m/>[39m

  Name "Increase Value":
  [36m<span[39m
    [33maria-disabled[39m=[32m"false"[39m
    [33maria-label[39m=[32m"Increase Value"[39m
    [33mclass[39m=[32m"ant-input-number-action ant-input-number-action-up"[39m
    [33mrole[39m=[32m"button"[39m
    [33munselectable[39m=[32m"on"[39m
  [36m/>[39m

  Name "Decrease Value":
  [36m<span[39m
    [33maria-disabled[39m=[32m"false"[39m
    [33maria-label[39m=[32m"Decrease Value"[39m
    [33mclass[39m=[32m"ant-input-number-action ant-input-number-action-down"[39m
    [33mrole[39m=[32m"button"[39m
    [33munselectable[39m=[32m"on"[39m
  [36m/>[39m

  Name "Increase Value":
  [36m<span[39m
    [33maria-disabled[39m=[32m"false"[39m
    [33maria-label[39m=[32m"Increase Value"[39m
    [33mclass[39m=[32m"ant-input-number-action ant-input-number-action-up"[39m
    [33mrole[39m=[32m"button"[39m
    [33munselectable[39m=[32m"on"[39m
  [36m/>[39m

  Name "Decrease Value":
  [36m<span[39m
    [33maria-disabled[39m=[32m"false"[39m
    [33maria-label[39m=[32m"Decrease Value"[39m
    [33mclass[39m=[32m"ant-input-number-action ant-input-number-action-down"[39m
    [33mrole[39m=[32m"button"[39m
    [33munselectable[39m=[32m"on"[39m
  [36m/>[39m

  --------------------------------------------------
  combobox:

  Name "":
  [36m<input[39m
    [33maria-autocomplete[39m=[32m"list"[39m
    [33maria-expanded[39m=[32m"false"[39m
    [33maria-haspopup[39m=[32m"listbox"[39m
    [33mautocomplete[39m=[32m"off"[39m
    [33mclass[39m=[32m"ant-select-input"[39m
    [33mid[39m=[32m"test-id"[39m
    [33mreadonly[39m=[32m""[39m
    [33mrole[39m=[32m"combobox"[39m
    [33mtype[39m=[32m"search"[39m
    [33mvalue[39m=[32m""[39m
  [36m/>[39m

  Name "":
  [36m<input[39m
    [33maria-autocomplete[39m=[32m"list"[39m
    [33maria-expanded[39m=[32m"false"[39m
    [33maria-haspopup[39m=[32m"listbox"[39m
    [33mautocomplete[39m=[32m"off"[39m
    [33mclass[39m=[32m"ant-select-input"[39m
    [33mid[39m=[32m"test-id"[39m
    [33mreadonly[39m=[32m""[39m
    [33mrole[39m=[32m"combobox"[39m
    [33mtype[39m=[32m"search"[39m
    [33mvalue[39m=[32m""[39m
  [36m/>[39m

  Name "":
  [36m<input[39m
    [33maria-autocomplete[39m=[32m"list"[39m
    [33maria-expanded[39m=[32m"false"[39m
    [33maria-haspopup[39m=[32m"listbox"[39m
    [33mautocomplete[39m=[32m"off"[39m
    [33mclass[39m=[32m"ant-select-input"[39m
    [33mid[39m=[32m"test-id"[39m
    [33mreadonly[39m=[32m""[39m
    [33mrole[39m=[32m"combobox"[39m
    [33mtype[39m=[32m"search"[39m
    [33mvalue[39m=[32m""[39m
  [36m/>[39m

  Name "":
  [36m<input[39m
    [33maria-autocomplete[39m=[32m"list"[39m
    [33maria-expanded[39m=[32m"false"[39m
    [33maria-haspopup[39m=[32m"listbox"[39m
    [33mautocomplete[39m=[32m"off"[39m
    [33mclass[39m=[32m"ant-select-input"[39m
    [33mid[39m=[32m"test-id"[39m
    [33mreadonly[39m=[32m""[39m
    [33mrole[39m=[32m"combobox"[39m
    [33mtype[39m=[32m"search"[39m
    [33mvalue[39m=[32m""[39m
  [36m/>[39m

  Name "":
  [36m<input[39m
    [33maria-autocomplete[39m=[32m"list"[39m
    [33maria-expanded[39m=[32m"false"[39m
    [33maria-haspopup[39m=[32m"listbox"[39m
    [33mautocomplete[39m=[32m"off"[39m
    [33mclass[39m=[32m"ant-select-input"[39m
    [33mid[39m=[32m"test-id"[39m
    [33mreadonly[39m=[32m""[39m
    [33mrole[39m=[32m"combobox"[39m
    [33mtype[39m=[32m"search"[39m
    [33mvalue[39m=[32m""[39m
  [36m/>[39m

  Name "":
  [36m<input[39m
    [33maria-autocomplete[39m=[32m"list"[39m
    [33maria-expanded[39m=[32m"false"[39m
    [33maria-haspopup[39m=[32m"listbox"[39m
    [33mautocomplete[39m=[32m"off"[39m
    [33mclass[39m=[32m"ant-select-input"[39m
    [33mid[39m=[32m"test-id"[39m
    [33mreadonly[39m=[32m""[39m
    [33mrole[39m=[32m"combobox"[39m
    [33mtype[39m=[32m"search"[39m
    [33mvalue[39m=[32m""[39m
  [36m/>[39m

  Name "":
  [36m<input[39m
    [33maria-autocomplete[39m=[32m"list"[39m
    [33maria-expanded[39m=[32m"false"[39m
    [33maria-haspopup[39m=[32m"listbox"[39m
    [33mautocomplete[39m=[32m"off"[39m
    [33mclass[39m=[32m"ant-select-input"[39m
    [33mid[39m=[32m"test-id"[39m
    [33mreadonly[39m=[32m""[39m
    [33mrole[39m=[32m"combobox"[39m
    [33mtype[39m=[32m"search"[39m
    [33mvalue[39m=[32m""[39m
  [36m/>[39m

  Name "":
  [36m<input[39m
    [33maria-autocomplete[39m=[32m"list"[39m
    [33maria-expanded[39m=[32m"false"[39m
    [33maria-haspopup[39m=[32m"listbox"[39m
    [33mautocomplete[39m=[32m"off"[39m
    [33mclass[39m=[32m"ant-select-input"[39m
    [33mid[39m=[32m"test-id"[39m
    [33mrole[39m=[32m"combobox"[39m
    [33mstyle[39m=[32m"--select-input-width: 0;"[39m
    [33mtype[39m=[32m"search"[39m
    [33mvalue[39m=[32m""[39m
  [36m/>[39m

  Name "":
  [36m<input[39m
    [33maria-autocomplete[39m=[32m"list"[39m
    [33maria-expanded[39m=[32m"false"[39m
    [33maria-haspopup[39m=[32m"listbox"[39m
    [33mautocomplete[39m=[32m"off"[39m
    [33mclass[39m=[32m"ant-select-input"[39m
    [33mid[39m=[32m"test-id"[39m
    [33mrole[39m=[32m"combobox"[39m
    [33mtype[39m=[32m"search"[39m
    [33mvalue[39m=[32m""[39m
  [36m/>[39m

  Name "":
  [36m<input[39m
    [33maria-autocomplete[39m=[32m"list"[39m
    [33maria-expanded[39m=[32m"false"[39m
    [33maria-haspopup[39m=[32m"listbox"[39m
    [33mautocomplete[39m=[32m"off"[39m
    [33mclass[39m=[32m"ant-select-input"[39m
    [33mid[39m=[32m"test-id"[39m
    [33mreadonly[39m=[32m""[39m
    [33mrole[39m=[32m"combobox"[39m
    [33mtype[39m=[32m"search"[39m
    [33mvalue[39m=[32m""[39m
  [36m/>[39m

  --------------------------------------------------
  img:

  Name "down":
  [36m<span[39m
    [33maria-label[39m=[32m"down"[39m
    [33mclass[39m=[32m"anticon anticon-down"[39m
    [33mrole[39m=[32m"img"[39m
  [36m/>[39m

  Name "down":
  [36m<span[39m
    [33maria-label[39m=[32m"down"[39m
    [33mclass[39m=[32m"anticon anticon-down"[39m
    [33mrole[39m=[32m"img"[39m
  [36m/>[39m

  Name "up":
  [36m<span[39m
    [33maria-label[39m=[32m"up"[39m
    [33mclass[39m=[32m"anticon anticon-up"[39m
    [33mrole[39m=[32m"img"[39m
  [36m/>[39m

  Name "down":
  [36m<span[39m
    [33maria-label[39m=[32m"down"[39m
    [33mclass[39m=[32m"anticon anticon-down"[39m
    [33mrole[39m=[32m"img"[39m
  [36m/>[39m

  Name "down":
  [36m<span[39m
    [33maria-label[39m=[32m"down"[39m
    [33mclass[39m=[32m"anticon anticon-down"[39m
    [33mrole[39m=[32m"img"[39m
  [36m/>[39m

  Name "down":
  [36m<span[39m
    [33maria-label[39m=[32m"down"[39m
    [33mclass[39m=[32m"anticon anticon-down"[39m
    [33mrole[39m=[32m"img"[39m
  [36m/>[39m

  Name "down":
  [36m<span[39m
    [33maria-label[39m=[32m"down"[39m
    [33mclass[39m=[32m"anticon anticon-down"[39m
    [33mrole[39m=[32m"img"[39m
  [36m/>[39m

  Name "up":
  [36m<span[39m
    [33maria-label[39m=[32m"up"[39m
    [33mclass[39m=[32m"anticon anticon-up"[39m
    [33mrole[39m=[32m"img"[39m
  [36m/>[39m

  Name "down":
  [36m<span[39m
    [33maria-label[39m=[32m"down"[39m
    [33mclass[39m=[32m"anticon anticon-down"[39m
    [33mrole[39m=[32m"img"[39m
  [36m/>[39m

  Name "up":
  [36m<span[39m
    [33maria-label[39m=[32m"up"[39m
    [33mclass[39m=[32m"anticon anticon-up"[39m
    [33mrole[39m=[32m"img"[39m
  [36m/>[39m

  Name "down":
  [36m<span[39m
    [33maria-label[39m=[32m"down"[39m
    [33mclass[39m=[32m"anticon anticon-down"[39m
    [33mrole[39m=[32m"img"[39m
  [36m/>[39m

  Name "up":
  [36m<span[39m
    [33maria-label[39m=[32m"up"[39m
    [33mclass[39m=[32m"anticon anticon-up"[39m
    [33mrole[39m=[32m"img"[39m
  [36m/>[39m

  Name "down":
  [36m<span[39m
    [33maria-label[39m=[32m"down"[39m
    [33mclass[39m=[32m"anticon anticon-down"[39m
    [33mrole[39m=[32m"img"[39m
  [36m/>[39m

  Name "down":
  [36m<span[39m
    [33maria-label[39m=[32m"down"[39m
    [33mclass[39m=[32m"anticon anticon-down"[39m
    [33mrole[39m=[32m"img"[39m
  [36m/>[39m

  Name "down":
  [36m<span[39m
    [33maria-label[39m=[32m"down"[39m
    [33mclass[39m=[32m"anticon anticon-down"[39m
    [33mrole[39m=[32m"img"[39m
  [36m/>[39m

  Name "down":
  [36m<span[39m
    [33maria-label[39m=[32m"down"[39m
    [33mclass[39m=[32m"anticon anticon-down"[39m
    [33mrole[39m=[32m"img"[39m
  [36m/>[39m

  Name "down":
  [36m<span[39m
    [33maria-label[39m=[32m"down"[39m
    [33mclass[39m=[32m"anticon anticon-down"[39m
    [33mrole[39m=[32m"img"[39m
  [36m/>[39m

  Name "down":
  [36m<span[39m
    [33maria-label[39m=[32m"down"[39m
    [33mclass[39m=[32m"anticon anticon-down"[39m
    [33mrole[39m=[32m"img"[39m
  [36m/>[39m

  Name "up":
  [36m<span[39m
    [33maria-label[39m=[32m"up"[39m
    [33mclass[39m=[32m"anticon anticon-up"[39m
    [33mrole[39m=[32m"img"[39m
  [36m/>[39m

  Name "down":
  [36m<span[39m
    [33maria-label[39m=[32m"down"[39m
    [33mclass[39m=[32m"anticon anticon-down"[39m
    [33mrole[39m=[32m"img"[39m
  [36m/>[39m

  Name "up":
  [36m<span[39m
    [33maria-label[39m=[32m"up"[39m
    [33mclass[39m=[32m"anticon anticon-up"[39m
    [33mrole[39m=[32m"img"[39m
  [36m/>[39m

  Name "down":
  [36m<span[39m
    [33maria-label[39m=[32m"down"[39m
    [33mclass[39m=[32m"anticon anticon-down"[39m
    [33mrole[39m=[32m"img"[39m
  [36m/>[39m

  --------------------------------------------------
  spinbutton:

  Name "Depth up down":
  [36m<input[39m
    [33maria-valuemin[39m=[32m"0"[39m
    [33maria-valuenow[39m=[32m"2"[39m
    [33mautocomplete[39m=[32m"off"[39m
    [33mclass[39m=[32m"ant-input-number-input"[39m
    [33mrole[39m=[32m"spinbutton"[39m
    [33mstep[39m=[32m"1"[39m
    [33mvalue[39m=[32m"2"[39m
  [36m/>[39m

  Name "Temp up down":
  [36m<input[39m
    [33maria-valuemax[39m=[32m"2"[39m
    [33maria-valuemin[39m=[32m"0"[39m
    [33maria-valuenow[39m=[32m"0.7"[39m
    [33mautocomplete[39m=[32m"off"[39m
    [33mclass[39m=[32m"ant-input-number-input"[39m
    [33mrole[39m=[32m"spinbutton"[39m
    [33mstep[39m=[32m"0.01"[39m
    [33mvalue[39m=[32m"0.70"[39m
  [36m/>[39m

  Name "Top-p up down":
  [36m<input[39m
    [33maria-valuemax[39m=[32m"1"[39m
    [33maria-valuemin[39m=[32m"0"[39m
    [33maria-valuenow[39m=[32m"0.9"[39m
    [33mautocomplete[39m=[32m"off"[39m
    [33mclass[39m=[32m"ant-input-number-input"[39m
    [33mrole[39m=[32m"spinbutton"[39m
    [33mstep[39m=[32m"0.01"[39m
    [33mvalue[39m=[32m"0.90"[39m
  [36m/>[39m

  Name "Rep pen up down":
  [36m<input[39m
    [33maria-valuemax[39m=[32m"3"[39m
    [33maria-valuemin[39m=[32m"0"[39m
    [33maria-valuenow[39m=[32m"1.2"[39m
    [33mautocomplete[39m=[32m"off"[39m
    [33mclass[39m=[32m"ant-input-number-input"[39m
    [33mrole[39m=[32m"spinbutton"[39m
    [33mstep[39m=[32m"0.01"[39m
    [33mvalue[39m=[32m"1.20"[39m
  [36m/>[39m

  Name "Threshold up down":
  [36m<input[39m
    [33maria-valuemax[39m=[32m"5000"[39m
    [33maria-valuemin[39m=[32m"2"[39m
    [33maria-valuenow[39m=[32m"40"[39m
    [33mautocomplete[39m=[32m"off"[39m
    [33mclass[39m=[32m"ant-input-number-input"[39m
    [33mrole[39m=[32m"spinbutton"[39m
    [33mstep[39m=[32m"1"[39m
    [33mvalue[39m=[32m"40"[39m
  [36m/>[39m

  Name "Recent window up down":
  [36m<input[39m
    [33maria-valuemax[39m=[32m"39"[39m
    [33maria-valuemin[39m=[32m"1"[39m
    [33maria-valuenow[39m=[32m"12"[39m
    [33mautocomplete[39m=[32m"off"[39m
    [33mclass[39m=[32m"ant-input-number-input"[39m
    [33mrole[39m=[32m"spinbutton"[39m
    [33mstep[39m=[32m"1"[39m
    [33mvalue[39m=[32m"12"[39m
  [36m/>[39m

  --------------------------------------------------

Ignored nodes: comments, script, style
[36m<body>[39m
  [36m<div>[39m
    [36m<div[39m
      [33mclass[39m=[32m"space-y-4"[39m
    [36m>[39m
      [36m<div[39m
        [33mclass[39m=[32m"ant-form-item css-var-root ant-form-css-var css-dev-only-do-not-override-3uaqrl ant-form-item-with-help ant-form-item-horizontal"[39m
      [36m>[39m
        [36m<div[39m
          [33mclass[39m=[32m"ant-row ant-form-item-row css-dev-only-do-not-override-3uaqrl css-var-root"[39m
        [36m>[39m
          [36m<div[39m
            [33mclass[39m=[32m"ant-col ant-form-item-label css-dev-only-do-not-override-3uaqrl css-var-root"[39m
          [36m>[39m
            [36m<label[39m
              [33mclass[39m=[32m""[39m
              [33mfor[39m=[32m"systemPrompt"[39m
              [33mtitle[39m=[32m"Conversation System Prompt"[39m
            [36m>[39m
              [0mConversation System Prompt[0m
            [36m</label>[39m
          [36m</div>[39m
          [36m<div[39m
            [33mclass[39m=[32m"ant-col ant-form-item-control css-dev-only-do-not-override-3uaqrl css-var-root"[39m
          [36m>[39m
            [36m<div[39m
              [33mclass[39m=[32m"ant-form-item-control-input"[39m
            [36m>[39m
              [36m<div[39m
                [33mclass[39m=[32m"ant-form-item-control-input-content"[39m
              [36m>[39m
                [36m<div[39m
                  [33maria-describedby[39m=[32m"systemPrompt_help"[39m
                  [33mclass[39m=[32m"space-y-1"[39m
                  [33mid[39m=[32m"systemPrompt"[39m
                [36m>[39m
                  [36m<textarea[39m
                    [33mclass[39m=[32m"ant-input css-dev-only-do-not-override-3uaqrl ant-input-outlined css-var-root ant-input-css-var"[39m
                    [33mplaceholder[39m=[32m"Enter System Prompt"[39m
                    [33mrows[39m=[32m"6"[39m
                  [36m/>[39m
                  [36m<div[39m
                    [33mclass[39m=[32m"flex items-center justify-end"[39m
                  [36m>[39m
                    [36m<button[39m
                      [33mclass[39m=[32m"ant-btn css-dev-only-do-not-override-3uaqrl css-var-root ant-btn-link ant-btn-color-link ant-btn-variant-link ant-btn-sm px-0"[39m
                      [33mtype[39m=[32m"button"[39m
                    [36m>[39m
                      [36m<span>[39m
                        [0mReset to default[0m
                      [36m</span>[39m
                    [36m</button>[39m
                  [36m</div>[39m
                [36m</div>[39m
              [36m</div>[39m
            [36m</div>[39m
            [36m<div[39m
              [33mclass[39m=[32m"ant-form-item-additional"[39m
            [36m>[39m
              [36m<div[39m
                [33mclass[39m=[32m"ant-form-item-explain ant-form-show-help-appear ant-form-show-help-appear-start ant-form-show-help css-var-root ant-form-css-var ant-form-item-explain-connected css-dev-only-do-not-override-3uaqrl"[39m
                [33mid[39m=[32m"systemPrompt_help"[39m
              [36m>[39m
                [36m<div[39m
                  [33mclass[39m=[32m"ant-form-show-help-item-appear ant-form-show-help-item-appear-start ant-form-show-help-item"[39m
                  [33mstyle[39m=[32m"height: 0px; opacity: 0;"[39m
                [36m>[39m
                  [0mApplies persistently to this conversation and overrides the selected system prompt template until you reset it.[0m
                [36m</div>[39m
              [36m</div>[39m
            [36m</div>[39m
          [36m</div>[39m
        [36m</div>[39m
      [36m</div>[39m
      [36m<div[39m
        [33mclass[39m=[32m"ant-form-item css-var-root ant-form-css-var css-dev-only-do-not-override-3uaqrl ant-form-item-with-help ant-form-item-horizontal"[39m
      [36m>[39m
        [36m<div[39m
          [33mclass[39m=[32m"ant-row ant-form-item-row css-dev-only-do-not-override-3uaqrl css-var-root"[39m
        [36m>[39m
          [36m<div[39m
            [33mclass[39m=[32m"ant-col ant-form-item-label css-dev-only-do-not-override-3uaqrl css-var-root"[39m
          [36m>[39m
            [36m<label[39m
              [33mclass[39m=[32m""[39m
              [33mtitle[39m=[32m"Conversation state"[39m
            [36m>[39m
              [0mConversation state[0m
            [36m</label>[39m
          [36m</div>[39m
          [36m<div[39m
            [33mclass[39m=[32m"ant-col ant-form-item-control css-dev-only-do-not-override-3uaqrl css-var-root"[39m
          [36m>[39m
            [36m<div[39m
              [33mclass[39m=[32m"ant-form-item-control-input"[39m
            [36m>[39m
              [36m<div[39m
                [33mclass[39m=[32m"ant-form-item-control-input-content"[39m
              [36m>[39m
                [36m<div[39m
                  [33mclass[39m=[32m"ant-select ant-select-outlined ant-select-in-form-item css-var-root ant-select-css-var css-dev-only-do-not-override-3uaqrl ant-select-single ant-select-show-arrow"[39m
                  [33mdata-testid[39m=[32m"conversation-state-select"[39m
                [36m>[39m
                  [36m<div[39m
                    [33mclass[39m=[32m"ant-select-content"[39m
                  [36m>[39m
                    [36m<div[39m
                      [33mclass[39m=[32m"ant-select-content-value"[39m
                      [33mstyle[39m=[32m"visibility: visible;"[39m
                      [33mtitle[39m=[32m"in-progress"[39m
                    [36m>[39m
                      [0min-progress[0m
                    [36m</div>[39m
                    [36m<input[39m
                      [33maria-autocomplete[39m=[32m"list"[39m
                      [33maria-expanded[39m=[32m"false"[39m
                      [33maria-haspopup[39m=[32m"listbox"[39m
                      [33mautocomplete[39m=[32m"off"[39m
                      [33mclass[39m=[32m"ant-select-input"[39m
                      [33mid[39m=[32m"test-id"[39m
                      [33mreadonly[39m=[32m""[39m
                      [33mrole[39m=[32m"combobox"[39m
                      [33mtype[39m=[32m"search"[39m
                      [33mvalue[39m=[32m""[39m
                    [36m/>[39m
                  [36m</div>[39m
                  [36m<div[39m
                    [33mclass[39m=[32m"ant-select-suffix"[39m
                  [36m>[39m
                    [36m<span[39m
                      [33maria-label[39m=[32m"down"[39m
                      [33mclass[39m=[32m"anticon anticon-down"[39m
                      [33mrole[39m=[32m"img"[39m
                    [36m>[39m
                      [36m<svg[39m
                        [33maria-hidden[39m=[32m"true"[39m
                        [33md...
 ❯ Object.getElementError ../../node_modules/.bun/@testing-library+dom@10.4.1/node_modules/@testing-library/dom/dist/config.js:37:19
 ❯ ../../node_modules/.bun/@testing-library+dom@10.4.1/node_modules/@testing-library/dom/dist/query-helpers.js:76:38
 ❯ ../../node_modules/.bun/@testing-library+dom@10.4.1/node_modules/@testing-library/dom/dist/query-helpers.js:52:17
 ❯ ../../node_modules/.bun/@testing-library+dom@10.4.1/node_modules/@testing-library/dom/dist/query-helpers.js:95:19
 ❯ src/components/Common/Settings/tabs/__tests__/ConversationTab.input-number.test.tsx:122:28
    120|       ["Recent window", "12", "1", "39"]
    121|     ] as const) {
    122|       const input = screen.getByRole("spinbutton", { name })
       |                            ^
    123|       expect(input).toHaveValue(value)
    124|       expect(input).toHaveAttribute("aria-valuemin", min)

⎯⎯⎯⎯⎯⎯⎯⎯⎯⎯⎯⎯⎯⎯⎯⎯⎯⎯⎯⎯⎯⎯⎯⎯[1/4]⎯

 FAIL  src/components/Common/Settings/tabs/__tests__/ConversationTab.input-number.test.tsx > ConversationTab real AntD numeric controls > persists edits only on blur and restores all six values after reopening
TestingLibraryElementError: Unable to find an accessible element with the role "spinbutton" and name "Depth"

Here are the accessible roles:

  textbox:

  Name "":
  [36m<textarea[39m
    [33mclass[39m=[32m"ant-input css-dev-only-do-not-override-3uaqrl ant-input-outlined css-var-root ant-input-css-var"[39m
    [33mplaceholder[39m=[32m"Enter System Prompt"[39m
    [33mrows[39m=[32m"6"[39m
  [36m/>[39m

  Name "":
  [36m<input[39m
    [33mclass[39m=[32m"ant-input css-dev-only-do-not-override-3uaqrl ant-input-outlined css-var-root ant-input-css-var"[39m
    [33mplaceholder[39m=[32m"Conversation tag (optional)"[39m
    [33mtype[39m=[32m"text"[39m
    [33mvalue[39m=[32m""[39m
  [36m/>[39m

  Name "":
  [36m<textarea[39m
    [33mclass[39m=[32m"ant-input css-dev-only-do-not-override-3uaqrl"[39m
    [33mmaxlength[39m=[32m"1200"[39m
    [33mplaceholder[39m=[32m"E.g., Keep responses grounded, avoid repetition, and progress the scene."[39m
    [33mrows[39m=[32m"3"[39m
  [36m/>[39m

  Name "":
  [36m<textarea[39m
    [33mclass[39m=[32m"ant-input css-dev-only-do-not-override-3uaqrl ant-input-outlined css-var-root ant-input-css-var"[39m
    [33mplaceholder[39m=[32m"Stop sequences, one per line"[39m
    [33mrows[39m=[32m"2"[39m
  [36m/>[39m

  --------------------------------------------------
  button:

  Name "Reset to default":
  [36m<button[39m
    [33mclass[39m=[32m"ant-btn css-dev-only-do-not-override-3uaqrl css-var-root ant-btn-link ant-btn-color-link ant-btn-variant-link ant-btn-sm px-0"[39m
    [33mtype[39m=[32m"button"[39m
  [36m/>[39m

  Name "Increase Value":
  [36m<span[39m
    [33maria-disabled[39m=[32m"false"[39m
    [33maria-label[39m=[32m"Increase Value"[39m
    [33mclass[39m=[32m"ant-input-number-action ant-input-number-action-up"[39m
    [33mrole[39m=[32m"button"[39m
    [33munselectable[39m=[32m"on"[39m
  [36m/>[39m

  Name "Decrease Value":
  [36m<span[39m
    [33maria-disabled[39m=[32m"false"[39m
    [33maria-label[39m=[32m"Decrease Value"[39m
    [33mclass[39m=[32m"ant-input-number-action ant-input-number-action-down"[39m
    [33mrole[39m=[32m"button"[39m
    [33munselectable[39m=[32m"on"[39m
  [36m/>[39m

  Name "Increase Value":
  [36m<span[39m
    [33maria-disabled[39m=[32m"false"[39m
    [33maria-label[39m=[32m"Increase Value"[39m
    [33mclass[39m=[32m"ant-input-number-action ant-input-number-action-up"[39m
    [33mrole[39m=[32m"button"[39m
    [33munselectable[39m=[32m"on"[39m
  [36m/>[39m

  Name "Decrease Value":
  [36m<span[39m
    [33maria-disabled[39m=[32m"false"[39m
    [33maria-label[39m=[32m"Decrease Value"[39m
    [33mclass[39m=[32m"ant-input-number-action ant-input-number-action-down"[39m
    [33mrole[39m=[32m"button"[39m
    [33munselectable[39m=[32m"on"[39m
  [36m/>[39m

  Name "Increase Value":
  [36m<span[39m
    [33maria-disabled[39m=[32m"false"[39m
    [33maria-label[39m=[32m"Increase Value"[39m
    [33mclass[39m=[32m"ant-input-number-action ant-input-number-action-up"[39m
    [33mrole[39m=[32m"button"[39m
    [33munselectable[39m=[32m"on"[39m
  [36m/>[39m

  Name "Decrease Value":
  [36m<span[39m
    [33maria-disabled[39m=[32m"false"[39m
    [33maria-label[39m=[32m"Decrease Value"[39m
    [33mclass[39m=[32m"ant-input-number-action ant-input-number-action-down"[39m
    [33mrole[39m=[32m"button"[39m
    [33munselectable[39m=[32m"on"[39m
  [36m/>[39m

  Name "Increase Value":
  [36m<span[39m
    [33maria-disabled[39m=[32m"false"[39m
    [33maria-label[39m=[32m"Increase Value"[39m
    [33mclass[39m=[32m"ant-input-number-action ant-input-number-action-up"[39m
    [33mrole[39m=[32m"button"[39m
    [33munselectable[39m=[32m"on"[39m
  [36m/>[39m

  Name "Decrease Value":
  [36m<span[39m
    [33maria-disabled[39m=[32m"false"[39m
    [33maria-label[39m=[32m"Decrease Value"[39m
    [33mclass[39m=[32m"ant-input-number-action ant-input-number-action-down"[39m
    [33mrole[39m=[32m"button"[39m
    [33munselectable[39m=[32m"on"[39m
  [36m/>[39m

  Name "Increase Value":
  [36m<span[39m
    [33maria-disabled[39m=[32m"false"[39m
    [33maria-label[39m=[32m"Increase Value"[39m
    [33mclass[39m=[32m"ant-input-number-action ant-input-number-action-up"[39m
    [33mrole[39m=[32m"button"[39m
    [33munselectable[39m=[32m"on"[39m
  [36m/>[39m

  Name "Decrease Value":
  [36m<span[39m
    [33maria-disabled[39m=[32m"false"[39m
    [33maria-label[39m=[32m"Decrease Value"[39m
    [33mclass[39m=[32m"ant-input-number-action ant-input-number-action-down"[39m
    [33mrole[39m=[32m"button"[39m
    [33munselectable[39m=[32m"on"[39m
  [36m/>[39m

  Name "Increase Value":
  [36m<span[39m
    [33maria-disabled[39m=[32m"false"[39m
    [33maria-label[39m=[32m"Increase Value"[39m
    [33mclass[39m=[32m"ant-input-number-action ant-input-number-action-up"[39m
    [33mrole[39m=[32m"button"[39m
    [33munselectable[39m=[32m"on"[39m
  [36m/>[39m

  Name "Decrease Value":
  [36m<span[39m
    [33maria-disabled[39m=[32m"false"[39m
    [33maria-label[39m=[32m"Decrease Value"[39m
    [33mclass[39m=[32m"ant-input-number-action ant-input-number-action-down"[39m
    [33mrole[39m=[32m"button"[39m
    [33munselectable[39m=[32m"on"[39m
  [36m/>[39m

  --------------------------------------------------
  combobox:

  Name "":
  [36m<input[39m
    [33maria-autocomplete[39m=[32m"list"[39m
    [33maria-expanded[39m=[32m"false"[39m
    [33maria-haspopup[39m=[32m"listbox"[39m
    [33mautocomplete[39m=[32m"off"[39m
    [33mclass[39m=[32m"ant-select-input"[39m
    [33mid[39m=[32m"test-id"[39m
    [33mreadonly[39m=[32m""[39m
    [33mrole[39m=[32m"combobox"[39m
    [33mtype[39m=[32m"search"[39m
    [33mvalue[39m=[32m""[39m
  [36m/>[39m

  Name "":
  [36m<input[39m
    [33maria-autocomplete[39m=[32m"list"[39m
    [33maria-expanded[39m=[32m"false"[39m
    [33maria-haspopup[39m=[32m"listbox"[39m
    [33mautocomplete[39m=[32m"off"[39m
    [33mclass[39m=[32m"ant-select-input"[39m
    [33mid[39m=[32m"test-id"[39m
    [33mreadonly[39m=[32m""[39m
    [33mrole[39m=[32m"combobox"[39m
    [33mtype[39m=[32m"search"[39m
    [33mvalue[39m=[32m""[39m
  [36m/>[39m

  Name "":
  [36m<input[39m
    [33maria-autocomplete[39m=[32m"list"[39m
    [33maria-expanded[39m=[32m"false"[39m
    [33maria-haspopup[39m=[32m"listbox"[39m
    [33mautocomplete[39m=[32m"off"[39m
    [33mclass[39m=[32m"ant-select-input"[39m
    [33mid[39m=[32m"test-id"[39m
    [33mreadonly[39m=[32m""[39m
    [33mrole[39m=[32m"combobox"[39m
    [33mtype[39m=[32m"search"[39m
    [33mvalue[39m=[32m""[39m
  [36m/>[39m

  Name "":
  [36m<input[39m
    [33maria-autocomplete[39m=[32m"list"[39m
    [33maria-expanded[39m=[32m"false"[39m
    [33maria-haspopup[39m=[32m"listbox"[39m
    [33mautocomplete[39m=[32m"off"[39m
    [33mclass[39m=[32m"ant-select-input"[39m
    [33mid[39m=[32m"test-id"[39m
    [33mreadonly[39m=[32m""[39m
    [33mrole[39m=[32m"combobox"[39m
    [33mtype[39m=[32m"search"[39m
    [33mvalue[39m=[32m""[39m
  [36m/>[39m

  Name "":
  [36m<input[39m
    [33maria-autocomplete[39m=[32m"list"[39m
    [33maria-expanded[39m=[32m"false"[39m
    [33maria-haspopup[39m=[32m"listbox"[39m
    [33mautocomplete[39m=[32m"off"[39m
    [33mclass[39m=[32m"ant-select-input"[39m
    [33mid[39m=[32m"test-id"[39m
    [33mreadonly[39m=[32m""[39m
    [33mrole[39m=[32m"combobox"[39m
    [33mtype[39m=[32m"search"[39m
    [33mvalue[39m=[32m""[39m
  [36m/>[39m

  Name "":
  [36m<input[39m
    [33maria-autocomplete[39m=[32m"list"[39m
    [33maria-expanded[39m=[32m"false"[39m
    [33maria-haspopup[39m=[32m"listbox"[39m
    [33mautocomplete[39m=[32m"off"[39m
    [33mclass[39m=[32m"ant-select-input"[39m
    [33mid[39m=[32m"test-id"[39m
    [33mreadonly[39m=[32m""[39m
    [33mrole[39m=[32m"combobox"[39m
    [33mtype[39m=[32m"search"[39m
    [33mvalue[39m=[32m""[39m
  [36m/>[39m

  Name "":
  [36m<input[39m
    [33maria-autocomplete[39m=[32m"list"[39m
    [33maria-expanded[39m=[32m"false"[39m
    [33maria-haspopup[39m=[32m"listbox"[39m
    [33mautocomplete[39m=[32m"off"[39m
    [33mclass[39m=[32m"ant-select-input"[39m
    [33mid[39m=[32m"test-id"[39m
    [33mreadonly[39m=[32m""[39m
    [33mrole[39m=[32m"combobox"[39m
    [33mtype[39m=[32m"search"[39m
    [33mvalue[39m=[32m""[39m
  [36m/>[39m

  Name "":
  [36m<input[39m
    [33maria-autocomplete[39m=[32m"list"[39m
    [33maria-expanded[39m=[32m"false"[39m
    [33maria-haspopup[39m=[32m"listbox"[39m
    [33mautocomplete[39m=[32m"off"[39m
    [33mclass[39m=[32m"ant-select-input"[39m
    [33mid[39m=[32m"test-id"[39m
    [33mrole[39m=[32m"combobox"[39m
    [33mstyle[39m=[32m"--select-input-width: 0;"[39m
    [33mtype[39m=[32m"search"[39m
    [33mvalue[39m=[32m""[39m
  [36m/>[39m

  Name "":
  [36m<input[39m
    [33maria-autocomplete[39m=[32m"list"[39m
    [33maria-expanded[39m=[32m"false"[39m
    [33maria-haspopup[39m=[32m"listbox"[39m
    [33mautocomplete[39m=[32m"off"[39m
    [33mclass[39m=[32m"ant-select-input"[39m
    [33mid[39m=[32m"test-id"[39m
    [33mrole[39m=[32m"combobox"[39m
    [33mtype[39m=[32m"search"[39m
    [33mvalue[39m=[32m""[39m
  [36m/>[39m

  Name "":
  [36m<input[39m
    [33maria-autocomplete[39m=[32m"list"[39m
    [33maria-expanded[39m=[32m"false"[39m
    [33maria-haspopup[39m=[32m"listbox"[39m
    [33mautocomplete[39m=[32m"off"[39m
    [33mclass[39m=[32m"ant-select-input"[39m
    [33mid[39m=[32m"test-id"[39m
    [33mreadonly[39m=[32m""[39m
    [33mrole[39m=[32m"combobox"[39m
    [33mtype[39m=[32m"search"[39m
    [33mvalue[39m=[32m""[39m
  [36m/>[39m

  --------------------------------------------------
  img:

  Name "down":
  [36m<span[39m
    [33maria-label[39m=[32m"down"[39m
    [33mclass[39m=[32m"anticon anticon-down"[39m
    [33mrole[39m=[32m"img"[39m
  [36m/>[39m

  Name "down":
  [36m<span[39m
    [33maria-label[39m=[32m"down"[39m
    [33mclass[39m=[32m"anticon anticon-down"[39m
    [33mrole[39m=[32m"img"[39m
  [36m/>[39m

  Name "up":
  [36m<span[39m
    [33maria-label[39m=[32m"up"[39m
    [33mclass[39m=[32m"anticon anticon-up"[39m
    [33mrole[39m=[32m"img"[39m
  [36m/>[39m

  Name "down":
  [36m<span[39m
    [33maria-label[39m=[32m"down"[39m
    [33mclass[39m=[32m"anticon anticon-down"[39m
    [33mrole[39m=[32m"img"[39m
  [36m/>[39m

  Name "down":
  [36m<span[39m
    [33maria-label[39m=[32m"down"[39m
    [33mclass[39m=[32m"anticon anticon-down"[39m
    [33mrole[39m=[32m"img"[39m
  [36m/>[39m

  Name "down":
  [36m<span[39m
    [33maria-label[39m=[32m"down"[39m
    [33mclass[39m=[32m"anticon anticon-down"[39m
    [33mrole[39m=[32m"img"[39m
  [36m/>[39m

  Name "down":
  [36m<span[39m
    [33maria-label[39m=[32m"down"[39m
    [33mclass[39m=[32m"anticon anticon-down"[39m
    [33mrole[39m=[32m"img"[39m
  [36m/>[39m

  Name "up":
  [36m<span[39m
    [33maria-label[39m=[32m"up"[39m
    [33mclass[39m=[32m"anticon anticon-up"[39m
    [33mrole[39m=[32m"img"[39m
  [36m/>[39m

  Name "down":
  [36m<span[39m
    [33maria-label[39m=[32m"down"[39m
    [33mclass[39m=[32m"anticon anticon-down"[39m
    [33mrole[39m=[32m"img"[39m
  [36m/>[39m

  Name "up":
  [36m<span[39m
    [33maria-label[39m=[32m"up"[39m
    [33mclass[39m=[32m"anticon anticon-up"[39m
    [33mrole[39m=[32m"img"[39m
  [36m/>[39m

  Name "down":
  [36m<span[39m
    [33maria-label[39m=[32m"down"[39m
    [33mclass[39m=[32m"anticon anticon-down"[39m
    [33mrole[39m=[32m"img"[39m
  [36m/>[39m

  Name "up":
  [36m<span[39m
    [33maria-label[39m=[32m"up"[39m
    [33mclass[39m=[32m"anticon anticon-up"[39m
    [33mrole[39m=[32m"img"[39m
  [36m/>[39m

  Name "down":
  [36m<span[39m
    [33maria-label[39m=[32m"down"[39m
    [33mclass[39m=[32m"anticon anticon-down"[39m
    [33mrole[39m=[32m"img"[39m
  [36m/>[39m

  Name "down":
  [36m<span[39m
    [33maria-label[39m=[32m"down"[39m
    [33mclass[39m=[32m"anticon anticon-down"[39m
    [33mrole[39m=[32m"img"[39m
  [36m/>[39m

  Name "down":
  [36m<span[39m
    [33maria-label[39m=[32m"down"[39m
    [33mclass[39m=[32m"anticon anticon-down"[39m
    [33mrole[39m=[32m"img"[39m
  [36m/>[39m

  Name "down":
  [36m<span[39m
    [33maria-label[39m=[32m"down"[39m
    [33mclass[39m=[32m"anticon anticon-down"[39m
    [33mrole[39m=[32m"img"[39m
  [36m/>[39m

  Name "down":
  [36m<span[39m
    [33maria-label[39m=[32m"down"[39m
    [33mclass[39m=[32m"anticon anticon-down"[39m
    [33mrole[39m=[32m"img"[39m
  [36m/>[39m

  Name "down":
  [36m<span[39m
    [33maria-label[39m=[32m"down"[39m
    [33mclass[39m=[32m"anticon anticon-down"[39m
    [33mrole[39m=[32m"img"[39m
  [36m/>[39m

  Name "up":
  [36m<span[39m
    [33maria-label[39m=[32m"up"[39m
    [33mclass[39m=[32m"anticon anticon-up"[39m
    [33mrole[39m=[32m"img"[39m
  [36m/>[39m

  Name "down":
  [36m<span[39m
    [33maria-label[39m=[32m"down"[39m
    [33mclass[39m=[32m"anticon anticon-down"[39m
    [33mrole[39m=[32m"img"[39m
  [36m/>[39m

  Name "up":
  [36m<span[39m
    [33maria-label[39m=[32m"up"[39m
    [33mclass[39m=[32m"anticon anticon-up"[39m
    [33mrole[39m=[32m"img"[39m
  [36m/>[39m

  Name "down":
  [36m<span[39m
    [33maria-label[39m=[32m"down"[39m
    [33mclass[39m=[32m"anticon anticon-down"[39m
    [33mrole[39m=[32m"img"[39m
  [36m/>[39m

  --------------------------------------------------
  spinbutton:

  Name "Depth up down":
  [36m<input[39m
    [33maria-valuemin[39m=[32m"0"[39m
    [33maria-valuenow[39m=[32m"2"[39m
    [33mautocomplete[39m=[32m"off"[39m
    [33mclass[39m=[32m"ant-input-number-input"[39m
    [33mrole[39m=[32m"spinbutton"[39m
    [33mstep[39m=[32m"1"[39m
    [33mvalue[39m=[32m"2"[39m
  [36m/>[39m

  Name "Temp up down":
  [36m<input[39m
    [33maria-valuemax[39m=[32m"2"[39m
    [33maria-valuemin[39m=[32m"0"[39m
    [33maria-valuenow[39m=[32m"0.7"[39m
    [33mautocomplete[39m=[32m"off"[39m
    [33mclass[39m=[32m"ant-input-number-input"[39m
    [33mrole[39m=[32m"spinbutton"[39m
    [33mstep[39m=[32m"0.01"[39m
    [33mvalue[39m=[32m"0.70"[39m
  [36m/>[39m

  Name "Top-p up down":
  [36m<input[39m
    [33maria-valuemax[39m=[32m"1"[39m
    [33maria-valuemin[39m=[32m"0"[39m
    [33maria-valuenow[39m=[32m"0.9"[39m
    [33mautocomplete[39m=[32m"off"[39m
    [33mclass[39m=[32m"ant-input-number-input"[39m
    [33mrole[39m=[32m"spinbutton"[39m
    [33mstep[39m=[32m"0.01"[39m
    [33mvalue[39m=[32m"0.90"[39m
  [36m/>[39m

  Name "Rep pen up down":
  [36m<input[39m
    [33maria-valuemax[39m=[32m"3"[39m
    [33maria-valuemin[39m=[32m"0"[39m
    [33maria-valuenow[39m=[32m"1.2"[39m
    [33mautocomplete[39m=[32m"off"[39m
    [33mclass[39m=[32m"ant-input-number-input"[39m
    [33mrole[39m=[32m"spinbutton"[39m
    [33mstep[39m=[32m"0.01"[39m
    [33mvalue[39m=[32m"1.20"[39m
  [36m/>[39m

  Name "Threshold up down":
  [36m<input[39m
    [33maria-valuemax[39m=[32m"5000"[39m
    [33maria-valuemin[39m=[32m"2"[39m
    [33maria-valuenow[39m=[32m"40"[39m
    [33mautocomplete[39m=[32m"off"[39m
    [33mclass[39m=[32m"ant-input-number-input"[39m
    [33mrole[39m=[32m"spinbutton"[39m
    [33mstep[39m=[32m"1"[39m
    [33mvalue[39m=[32m"40"[39m
  [36m/>[39m

  Name "Recent window up down":
  [36m<input[39m
    [33maria-valuemax[39m=[32m"39"[39m
    [33maria-valuemin[39m=[32m"1"[39m
    [33maria-valuenow[39m=[32m"12"[39m
    [33mautocomplete[39m=[32m"off"[39m
    [33mclass[39m=[32m"ant-input-number-input"[39m
    [33mrole[39m=[32m"spinbutton"[39m
    [33mstep[39m=[32m"1"[39m
    [33mvalue[39m=[32m"12"[39m
  [36m/>[39m

  --------------------------------------------------

Ignored nodes: comments, script, style
[36m<body>[39m
  [36m<div>[39m
    [36m<div[39m
      [33mclass[39m=[32m"space-y-4"[39m
    [36m>[39m
      [36m<div[39m
        [33mclass[39m=[32m"ant-form-item css-var-root ant-form-css-var css-dev-only-do-not-override-3uaqrl ant-form-item-with-help ant-form-item-horizontal"[39m
      [36m>[39m
        [36m<div[39m
          [33mclass[39m=[32m"ant-row ant-form-item-row css-dev-only-do-not-override-3uaqrl css-var-root"[39m
        [36m>[39m
          [36m<div[39m
            [33mclass[39m=[32m"ant-col ant-form-item-label css-dev-only-do-not-override-3uaqrl css-var-root"[39m
          [36m>[39m
            [36m<label[39m
              [33mclass[39m=[32m""[39m
              [33mfor[39m=[32m"systemPrompt"[39m
              [33mtitle[39m=[32m"Conversation System Prompt"[39m
            [36m>[39m
              [0mConversation System Prompt[0m
            [36m</label>[39m
          [36m</div>[39m
          [36m<div[39m
            [33mclass[39m=[32m"ant-col ant-form-item-control css-dev-only-do-not-override-3uaqrl css-var-root"[39m
          [36m>[39m
            [36m<div[39m
              [33mclass[39m=[32m"ant-form-item-control-input"[39m
            [36m>[39m
              [36m<div[39m
                [33mclass[39m=[32m"ant-form-item-control-input-content"[39m
              [36m>[39m
                [36m<div[39m
                  [33maria-describedby[39m=[32m"systemPrompt_help"[39m
                  [33mclass[39m=[32m"space-y-1"[39m
                  [33mid[39m=[32m"systemPrompt"[39m
                [36m>[39m
                  [36m<textarea[39m
                    [33mclass[39m=[32m"ant-input css-dev-only-do-not-override-3uaqrl ant-input-outlined css-var-root ant-input-css-var"[39m
                    [33mplaceholder[39m=[32m"Enter System Prompt"[39m
                    [33mrows[39m=[32m"6"[39m
                  [36m/>[39m
                  [36m<div[39m
                    [33mclass[39m=[32m"flex items-center justify-end"[39m
                  [36m>[39m
                    [36m<button[39m
                      [33mclass[39m=[32m"ant-btn css-dev-only-do-not-override-3uaqrl css-var-root ant-btn-link ant-btn-color-link ant-btn-variant-link ant-btn-sm px-0"[39m
                      [33mtype[39m=[32m"button"[39m
                    [36m>[39m
                      [36m<span>[39m
                        [0mReset to default[0m
                      [36m</span>[39m
                    [36m</button>[39m
                  [36m</div>[39m
                [36m</div>[39m
              [36m</div>[39m
            [36m</div>[39m
            [36m<div[39m
              [33mclass[39m=[32m"ant-form-item-additional"[39m
            [36m>[39m
              [36m<div[39m
                [33mclass[39m=[32m"ant-form-item-explain ant-form-show-help-appear ant-form-show-help-appear-start ant-form-show-help css-var-root ant-form-css-var ant-form-item-explain-connected css-dev-only-do-not-override-3uaqrl"[39m
                [33mid[39m=[32m"systemPrompt_help"[39m
              [36m>[39m
                [36m<div[39m
                  [33mclass[39m=[32m"ant-form-show-help-item-appear ant-form-show-help-item-appear-start ant-form-show-help-item"[39m
                  [33mstyle[39m=[32m"height: 0px; opacity: 0;"[39m
                [36m>[39m
                  [0mApplies persistently to this conversation and overrides the selected system prompt template until you reset it.[0m
                [36m</div>[39m
              [36m</div>[39m
            [36m</div>[39m
          [36m</div>[39m
        [36m</div>[39m
      [36m</div>[39m
      [36m<div[39m
        [33mclass[39m=[32m"ant-form-item css-var-root ant-form-css-var css-dev-only-do-not-override-3uaqrl ant-form-item-with-help ant-form-item-horizontal"[39m
      [36m>[39m
        [36m<div[39m
          [33mclass[39m=[32m"ant-row ant-form-item-row css-dev-only-do-not-override-3uaqrl css-var-root"[39m
        [36m>[39m
          [36m<div[39m
            [33mclass[39m=[32m"ant-col ant-form-item-label css-dev-only-do-not-override-3uaqrl css-var-root"[39m
          [36m>[39m
            [36m<label[39m
              [33mclass[39m=[32m""[39m
              [33mtitle[39m=[32m"Conversation state"[39m
            [36m>[39m
              [0mConversation state[0m
            [36m</label>[39m
          [36m</div>[39m
          [36m<div[39m
            [33mclass[39m=[32m"ant-col ant-form-item-control css-dev-only-do-not-override-3uaqrl css-var-root"[39m
          [36m>[39m
            [36m<div[39m
              [33mclass[39m=[32m"ant-form-item-control-input"[39m
            [36m>[39m
              [36m<div[39m
                [33mclass[39m=[32m"ant-form-item-control-input-content"[39m
              [36m>[39m
                [36m<div[39m
                  [33mclass[39m=[32m"ant-select ant-select-outlined ant-select-in-form-item css-var-root ant-select-css-var css-dev-only-do-not-override-3uaqrl ant-select-single ant-select-show-arrow"[39m
                  [33mdata-testid[39m=[32m"conversation-state-select"[39m
                [36m>[39m
                  [36m<div[39m
                    [33mclass[39m=[32m"ant-select-content"[39m
                  [36m>[39m
                    [36m<div[39m
                      [33mclass[39m=[32m"ant-select-content-value"[39m
                      [33mstyle[39m=[32m"visibility: visible;"[39m
                      [33mtitle[39m=[32m"in-progress"[39m
                    [36m>[39m
                      [0min-progress[0m
                    [36m</div>[39m
                    [36m<input[39m
                      [33maria-autocomplete[39m=[32m"list"[39m
                      [33maria-expanded[39m=[32m"false"[39m
                      [33maria-haspopup[39m=[32m"listbox"[39m
                      [33mautocomplete[39m=[32m"off"[39m
                      [33mclass[39m=[32m"ant-select-input"[39m
                      [33mid[39m=[32m"test-id"[39m
                      [33mreadonly[39m=[32m""[39m
                      [33mrole[39m=[32m"combobox"[39m
                      [33mtype[39m=[32m"search"[39m
                      [33mvalue[39m=[32m""[39m
                    [36m/>[39m
                  [36m</div>[39m
                  [36m<div[39m
                    [33mclass[39m=[32m"ant-select-suffix"[39m
                  [36m>[39m
                    [36m<span[39m
                      [33maria-label[39m=[32m"down"[39m
                      [33mclass[39m=[32m"anticon anticon-down"[39m
                      [33mrole[39m=[32m"img"[39m
                    [36m>[39m
                      [36m<svg[39m
                        [33maria-hidden[39m=[32m"true"[39m
                        [33md...
 ❯ Object.getElementError ../../node_modules/.bun/@testing-library+dom@10.4.1/node_modules/@testing-library/dom/dist/config.js:37:19
 ❯ ../../node_modules/.bun/@testing-library+dom@10.4.1/node_modules/@testing-library/dom/dist/query-helpers.js:76:38
 ❯ ../../node_modules/.bun/@testing-library+dom@10.4.1/node_modules/@testing-library/dom/dist/query-helpers.js:52:17
 ❯ ../../node_modules/.bun/@testing-library+dom@10.4.1/node_modules/@testing-library/dom/dist/query-helpers.js:95:19
 ❯ src/components/Common/Settings/tabs/__tests__/ConversationTab.input-number.test.tsx:141:28
    139|       ["Recent window", "8", { autoSummaryWindowMessages: 8 }]
    140|     ] as const) {
    141|       const input = screen.getByRole("spinbutton", { name })
       |                            ^
    142|       const beforeEdit = await getChatSettingsForKey("server:chat-1")
    143|       fireEvent.change(input, { target: { value } })

⎯⎯⎯⎯⎯⎯⎯⎯⎯⎯⎯⎯⎯⎯⎯⎯⎯⎯⎯⎯⎯⎯⎯⎯[2/4]⎯

 FAIL  src/components/Common/Settings/tabs/__tests__/ConversationTab.input-number.test.tsx > ConversationTab real AntD numeric controls > keeps generation and summary numeric controls disabled when their modes are off
TestingLibraryElementError: Unable to find an accessible element with the role "spinbutton" and name "Depth"

Here are the accessible roles:

  textbox:

  Name "":
  [36m<textarea[39m
    [33mclass[39m=[32m"ant-input css-dev-only-do-not-override-3uaqrl ant-input-outlined css-var-root ant-input-css-var"[39m
    [33mplaceholder[39m=[32m"Enter System Prompt"[39m
    [33mrows[39m=[32m"6"[39m
  [36m/>[39m

  Name "":
  [36m<input[39m
    [33mclass[39m=[32m"ant-input css-dev-only-do-not-override-3uaqrl ant-input-outlined css-var-root ant-input-css-var"[39m
    [33mplaceholder[39m=[32m"Conversation tag (optional)"[39m
    [33mtype[39m=[32m"text"[39m
    [33mvalue[39m=[32m""[39m
  [36m/>[39m

  Name "":
  [36m<textarea[39m
    [33mclass[39m=[32m"ant-input css-dev-only-do-not-override-3uaqrl"[39m
    [33mmaxlength[39m=[32m"1200"[39m
    [33mplaceholder[39m=[32m"E.g., Keep responses grounded, avoid repetition, and progress the scene."[39m
    [33mrows[39m=[32m"3"[39m
  [36m/>[39m

  Name "":
  [36m<textarea[39m
    [33mclass[39m=[32m"ant-input css-dev-only-do-not-override-3uaqrl ant-input-outlined css-var-root ant-input-css-var ant-input-disabled"[39m
    [33mdisabled[39m=[32m""[39m
    [33mplaceholder[39m=[32m"Stop sequences, one per line"[39m
    [33mrows[39m=[32m"2"[39m
  [36m/>[39m

  --------------------------------------------------
  button:

  Name "Reset to default":
  [36m<button[39m
    [33mclass[39m=[32m"ant-btn css-dev-only-do-not-override-3uaqrl css-var-root ant-btn-link ant-btn-color-link ant-btn-variant-link ant-btn-sm px-0"[39m
    [33mtype[39m=[32m"button"[39m
  [36m/>[39m

  Name "Increase Value":
  [36m<span[39m
    [33maria-disabled[39m=[32m"false"[39m
    [33maria-label[39m=[32m"Increase Value"[39m
    [33mclass[39m=[32m"ant-input-number-action ant-input-number-action-up"[39m
    [33mrole[39m=[32m"button"[39m
    [33munselectable[39m=[32m"on"[39m
  [36m/>[39m

  Name "Decrease Value":
  [36m<span[39m
    [33maria-disabled[39m=[32m"false"[39m
    [33maria-label[39m=[32m"Decrease Value"[39m
    [33mclass[39m=[32m"ant-input-number-action ant-input-number-action-down"[39m
    [33mrole[39m=[32m"button"[39m
    [33munselectable[39m=[32m"on"[39m
  [36m/>[39m

  --------------------------------------------------
  combobox:

  Name "":
  [36m<input[39m
    [33maria-autocomplete[39m=[32m"list"[39m
    [33maria-expanded[39m=[32m"false"[39m
    [33maria-haspopup[39m=[32m"listbox"[39m
    [33mautocomplete[39m=[32m"off"[39m
    [33mclass[39m=[32m"ant-select-input"[39m
    [33mid[39m=[32m"test-id"[39m
    [33mreadonly[39m=[32m""[39m
    [33mrole[39m=[32m"combobox"[39m
    [33mtype[39m=[32m"search"[39m
    [33mvalue[39m=[32m""[39m
  [36m/>[39m

  Name "":
  [36m<input[39m
    [33maria-autocomplete[39m=[32m"list"[39m
    [33maria-expanded[39m=[32m"false"[39m
    [33maria-haspopup[39m=[32m"listbox"[39m
    [33mautocomplete[39m=[32m"off"[39m
    [33mclass[39m=[32m"ant-select-input"[39m
    [33mid[39m=[32m"test-id"[39m
    [33mreadonly[39m=[32m""[39m
    [33mrole[39m=[32m"combobox"[39m
    [33mtype[39m=[32m"search"[39m
    [33mvalue[39m=[32m""[39m
  [36m/>[39m

  Name "":
  [36m<input[39m
    [33maria-autocomplete[39m=[32m"list"[39m
    [33maria-expanded[39m=[32m"false"[39m
    [33maria-haspopup[39m=[32m"listbox"[39m
    [33mautocomplete[39m=[32m"off"[39m
    [33mclass[39m=[32m"ant-select-input"[39m
    [33mid[39m=[32m"test-id"[39m
    [33mreadonly[39m=[32m""[39m
    [33mrole[39m=[32m"combobox"[39m
    [33mtype[39m=[32m"search"[39m
    [33mvalue[39m=[32m""[39m
  [36m/>[39m

  Name "":
  [36m<input[39m
    [33maria-autocomplete[39m=[32m"list"[39m
    [33maria-expanded[39m=[32m"false"[39m
    [33maria-haspopup[39m=[32m"listbox"[39m
    [33mautocomplete[39m=[32m"off"[39m
    [33mclass[39m=[32m"ant-select-input"[39m
    [33mid[39m=[32m"test-id"[39m
    [33mreadonly[39m=[32m""[39m
    [33mrole[39m=[32m"combobox"[39m
    [33mtype[39m=[32m"search"[39m
    [33mvalue[39m=[32m""[39m
  [36m/>[39m

  Name "":
  [36m<input[39m
    [33maria-autocomplete[39m=[32m"list"[39m
    [33maria-expanded[39m=[32m"false"[39m
    [33maria-haspopup[39m=[32m"listbox"[39m
    [33mautocomplete[39m=[32m"off"[39m
    [33mclass[39m=[32m"ant-select-input"[39m
    [33mid[39m=[32m"test-id"[39m
    [33mreadonly[39m=[32m""[39m
    [33mrole[39m=[32m"combobox"[39m
    [33mtype[39m=[32m"search"[39m
    [33mvalue[39m=[32m""[39m
  [36m/>[39m

  Name "":
  [36m<input[39m
    [33maria-autocomplete[39m=[32m"list"[39m
    [33maria-expanded[39m=[32m"false"[39m
    [33maria-haspopup[39m=[32m"listbox"[39m
    [33mautocomplete[39m=[32m"off"[39m
    [33mclass[39m=[32m"ant-select-input"[39m
    [33mid[39m=[32m"test-id"[39m
    [33mreadonly[39m=[32m""[39m
    [33mrole[39m=[32m"combobox"[39m
    [33mtype[39m=[32m"search"[39m
    [33mvalue[39m=[32m""[39m
  [36m/>[39m

  Name "":
  [36m<input[39m
    [33maria-autocomplete[39m=[32m"list"[39m
    [33maria-expanded[39m=[32m"false"[39m
    [33maria-haspopup[39m=[32m"listbox"[39m
    [33mautocomplete[39m=[32m"off"[39m
    [33mclass[39m=[32m"ant-select-input"[39m
    [33mid[39m=[32m"test-id"[39m
    [33mreadonly[39m=[32m""[39m
    [33mrole[39m=[32m"combobox"[39m
    [33mtype[39m=[32m"search"[39m
    [33mvalue[39m=[32m""[39m
  [36m/>[39m

  Name "":
  [36m<input[39m
    [33maria-autocomplete[39m=[32m"list"[39m
    [33maria-expanded[39m=[32m"false"[39m
    [33maria-haspopup[39m=[32m"listbox"[39m
    [33mautocomplete[39m=[32m"off"[39m
    [33mclass[39m=[32m"ant-select-input"[39m
    [33mid[39m=[32m"test-id"[39m
    [33mrole[39m=[32m"combobox"[39m
    [33mstyle[39m=[32m"--select-input-width: 0;"[39m
    [33mtype[39m=[32m"search"[39m
    [33mvalue[39m=[32m""[39m
  [36m/>[39m

  Name "":
  [36m<input[39m
    [33maria-autocomplete[39m=[32m"list"[39m
    [33maria-expanded[39m=[32m"false"[39m
    [33maria-haspopup[39m=[32m"listbox"[39m
    [33mautocomplete[39m=[32m"off"[39m
    [33mclass[39m=[32m"ant-select-input"[39m
    [33mid[39m=[32m"test-id"[39m
    [33mrole[39m=[32m"combobox"[39m
    [33mtype[39m=[32m"search"[39m
    [33mvalue[39m=[32m""[39m
  [36m/>[39m

  Name "":
  [36m<input[39m
    [33maria-autocomplete[39m=[32m"list"[39m
    [33maria-expanded[39m=[32m"false"[39m
    [33maria-haspopup[39m=[32m"listbox"[39m
    [33mautocomplete[39m=[32m"off"[39m
    [33mclass[39m=[32m"ant-select-input"[39m
    [33mid[39m=[32m"test-id"[39m
    [33mreadonly[39m=[32m""[39m
    [33mrole[39m=[32m"combobox"[39m
    [33mtype[39m=[32m"search"[39m
    [33mvalue[39m=[32m""[39m
  [36m/>[39m

  --------------------------------------------------
  img:

  Name "down":
  [36m<span[39m
    [33maria-label[39m=[32m"down"[39m
    [33mclass[39m=[32m"anticon anticon-down"[39m
    [33mrole[39m=[32m"img"[39m
  [36m/>[39m

  Name "down":
  [36m<span[39m
    [33maria-label[39m=[32m"down"[39m
    [33mclass[39m=[32m"anticon anticon-down"[39m
    [33mrole[39m=[32m"img"[39m
  [36m/>[39m

  Name "up":
  [36m<span[39m
    [33maria-label[39m=[32m"up"[39m
    [33mclass[39m=[32m"anticon anticon-up"[39m
    [33mrole[39m=[32m"img"[39m
  [36m/>[39m

  Name "down":
  [36m<span[39m
    [33maria-label[39m=[32m"down"[39m
    [33mclass[39m=[32m"anticon anticon-down"[39m
    [33mrole[39m=[32m"img"[39m
  [36m/>[39m

  Name "down":
  [36m<span[39m
    [33maria-label[39m=[32m"down"[39m
    [33mclass[39m=[32m"anticon anticon-down"[39m
    [33mrole[39m=[32m"img"[39m
  [36m/>[39m

  Name "down":
  [36m<span[39m
    [33maria-label[39m=[32m"down"[39m
    [33mclass[39m=[32m"anticon anticon-down"[39m
    [33mrole[39m=[32m"img"[39m
  [36m/>[39m

  Name "down":
  [36m<span[39m
    [33maria-label[39m=[32m"down"[39m
    [33mclass[39m=[32m"anticon anticon-down"[39m
    [33mrole[39m=[32m"img"[39m
  [36m/>[39m

  Name "down":
  [36m<span[39m
    [33maria-label[39m=[32m"down"[39m
    [33mclass[39m=[32m"anticon anticon-down"[39m
    [33mrole[39m=[32m"img"[39m
  [36m/>[39m

  Name "down":
  [36m<span[39m
    [33maria-label[39m=[32m"down"[39m
    [33mclass[39m=[32m"anticon anticon-down"[39m
    [33mrole[39m=[32m"img"[39m
  [36m/>[39m

  Name "down":
  [36m<span[39m
    [33maria-label[39m=[32m"down"[39m
    [33mclass[39m=[32m"anticon anticon-down"[39m
    [33mrole[39m=[32m"img"[39m
  [36m/>[39m

  Name "down":
  [36m<span[39m
    [33maria-label[39m=[32m"down"[39m
    [33mclass[39m=[32m"anticon anticon-down"[39m
    [33mrole[39m=[32m"img"[39m
  [36m/>[39m

  Name "down":
  [36m<span[39m
    [33maria-label[39m=[32m"down"[39m
    [33mclass[39m=[32m"anticon anticon-down"[39m
    [33mrole[39m=[32m"img"[39m
  [36m/>[39m

  --------------------------------------------------
  spinbutton:

  Name "Depth up down":
  [36m<input[39m
    [33maria-valuemin[39m=[32m"0"[39m
    [33maria-valuenow[39m=[32m"2"[39m
    [33mautocomplete[39m=[32m"off"[39m
    [33mclass[39m=[32m"ant-input-number-input"[39m
    [33mrole[39m=[32m"spinbutton"[39m
    [33mstep[39m=[32m"1"[39m
    [33mvalue[39m=[32m"2"[39m
  [36m/>[39m

  Name "Temp":
  [36m<input[39m
    [33maria-valuemax[39m=[32m"2"[39m
    [33maria-valuemin[39m=[32m"0"[39m
    [33maria-valuenow[39m=[32m"0.7"[39m
    [33mautocomplete[39m=[32m"off"[39m
    [33mclass[39m=[32m"ant-input-number-input"[39m
    [33mdisabled[39m=[32m""[39m
    [33mrole[39m=[32m"spinbutton"[39m
    [33mstep[39m=[32m"0.01"[39m
    [33mvalue[39m=[32m"0.70"[39m
  [36m/>[39m

  Name "Top-p":
  [36m<input[39m
    [33maria-valuemax[39m=[32m"1"[39m
    [33maria-valuemin[39m=[32m"0"[39m
    [33maria-valuenow[39m=[32m"0.9"[39m
    [33mautocomplete[39m=[32m"off"[39m
    [33mclass[39m=[32m"ant-input-number-input"[39m
    [33mdisabled[39m=[32m""[39m
    [33mrole[39m=[32m"spinbutton"[39m
    [33mstep[39m=[32m"0.01"[39m
    [33mvalue[39m=[32m"0.90"[39m
  [36m/>[39m

  Name "Rep pen":
  [36m<input[39m
    [33maria-valuemax[39m=[32m"3"[39m
    [33maria-valuemin[39m=[32m"0"[39m
    [33maria-valuenow[39m=[32m"1.2"[39m
    [33mautocomplete[39m=[32m"off"[39m
    [33mclass[39m=[32m"ant-input-number-input"[39m
    [33mdisabled[39m=[32m""[39m
    [33mrole[39m=[32m"spinbutton"[39m
    [33mstep[39m=[32m"0.01"[39m
    [33mvalue[39m=[32m"1.20"[39m
  [36m/>[39m

  Name "Threshold":
  [36m<input[39m
    [33maria-valuemax[39m=[32m"5000"[39m
    [33maria-valuemin[39m=[32m"2"[39m
    [33maria-valuenow[39m=[32m"40"[39m
    [33mautocomplete[39m=[32m"off"[39m
    [33mclass[39m=[32m"ant-input-number-input"[39m
    [33mdisabled[39m=[32m""[39m
    [33mrole[39m=[32m"spinbutton"[39m
    [33mstep[39m=[32m"1"[39m
    [33mvalue[39m=[32m"40"[39m
  [36m/>[39m

  Name "Recent window":
  [36m<input[39m
    [33maria-valuemax[39m=[32m"39"[39m
    [33maria-valuemin[39m=[32m"1"[39m
    [33maria-valuenow[39m=[32m"12"[39m
    [33mautocomplete[39m=[32m"off"[39m
    [33mclass[39m=[32m"ant-input-number-input"[39m
    [33mdisabled[39m=[32m""[39m
    [33mrole[39m=[32m"spinbutton"[39m
    [33mstep[39m=[32m"1"[39m
    [33mvalue[39m=[32m"12"[39m
  [36m/>[39m

  --------------------------------------------------

Ignored nodes: comments, script, style
[36m<body>[39m
  [36m<div>[39m
    [36m<div[39m
      [33mclass[39m=[32m"space-y-4"[39m
    [36m>[39m
      [36m<div[39m
        [33mclass[39m=[32m"ant-form-item css-var-root ant-form-css-var css-dev-only-do-not-override-3uaqrl ant-form-item-with-help ant-form-item-horizontal"[39m
      [36m>[39m
        [36m<div[39m
          [33mclass[39m=[32m"ant-row ant-form-item-row css-dev-only-do-not-override-3uaqrl css-var-root"[39m
        [36m>[39m
          [36m<div[39m
            [33mclass[39m=[32m"ant-col ant-form-item-label css-dev-only-do-not-override-3uaqrl css-var-root"[39m
          [36m>[39m
            [36m<label[39m
              [33mclass[39m=[32m""[39m
              [33mfor[39m=[32m"systemPrompt"[39m
              [33mtitle[39m=[32m"Conversation System Prompt"[39m
            [36m>[39m
              [0mConversation System Prompt[0m
            [36m</label>[39m
          [36m</div>[39m
          [36m<div[39m
            [33mclass[39m=[32m"ant-col ant-form-item-control css-dev-only-do-not-override-3uaqrl css-var-root"[39m
          [36m>[39m
            [36m<div[39m
              [33mclass[39m=[32m"ant-form-item-control-input"[39m
            [36m>[39m
              [36m<div[39m
                [33mclass[39m=[32m"ant-form-item-control-input-content"[39m
              [36m>[39m
                [36m<div[39m
                  [33maria-describedby[39m=[32m"systemPrompt_help"[39m
                  [33mclass[39m=[32m"space-y-1"[39m
                  [33mid[39m=[32m"systemPrompt"[39m
                [36m>[39m
                  [36m<textarea[39m
                    [33mclass[39m=[32m"ant-input css-dev-only-do-not-override-3uaqrl ant-input-outlined css-var-root ant-input-css-var"[39m
                    [33mplaceholder[39m=[32m"Enter System Prompt"[39m
                    [33mrows[39m=[32m"6"[39m
                  [36m/>[39m
                  [36m<div[39m
                    [33mclass[39m=[32m"flex items-center justify-end"[39m
                  [36m>[39m
                    [36m<button[39m
                      [33mclass[39m=[32m"ant-btn css-dev-only-do-not-override-3uaqrl css-var-root ant-btn-link ant-btn-color-link ant-btn-variant-link ant-btn-sm px-0"[39m
                      [33mtype[39m=[32m"button"[39m
                    [36m>[39m
                      [36m<span>[39m
                        [0mReset to default[0m
                      [36m</span>[39m
                    [36m</button>[39m
                  [36m</div>[39m
                [36m</div>[39m
              [36m</div>[39m
            [36m</div>[39m
            [36m<div[39m
              [33mclass[39m=[32m"ant-form-item-additional"[39m
            [36m>[39m
              [36m<div[39m
                [33mclass[39m=[32m"ant-form-item-explain ant-form-show-help-appear ant-form-show-help-appear-start ant-form-show-help css-var-root ant-form-css-var ant-form-item-explain-connected css-dev-only-do-not-override-3uaqrl"[39m
                [33mid[39m=[32m"systemPrompt_help"[39m
              [36m>[39m
                [36m<div[39m
                  [33mclass[39m=[32m"ant-form-show-help-item-appear ant-form-show-help-item-appear-start ant-form-show-help-item"[39m
                  [33mstyle[39m=[32m"height: 0px; opacity: 0;"[39m
                [36m>[39m
                  [0mApplies persistently to this conversation and overrides the selected system prompt template until you reset it.[0m
                [36m</div>[39m
              [36m</div>[39m
            [36m</div>[39m
          [36m</div>[39m
        [36m</div>[39m
      [36m</div>[39m
      [36m<div[39m
        [33mclass[39m=[32m"ant-form-item css-var-root ant-form-css-var css-dev-only-do-not-override-3uaqrl ant-form-item-with-help ant-form-item-horizontal"[39m
      [36m>[39m
        [36m<div[39m
          [33mclass[39m=[32m"ant-row ant-form-item-row css-dev-only-do-not-override-3uaqrl css-var-root"[39m
        [36m>[39m
          [36m<div[39m
            [33mclass[39m=[32m"ant-col ant-form-item-label css-dev-only-do-not-override-3uaqrl css-var-root"[39m
          [36m>[39m
            [36m<label[39m
              [33mclass[39m=[32m""[39m
              [33mtitle[39m=[32m"Conversation state"[39m
            [36m>[39m
              [0mConversation state[0m
            [36m</label>[39m
          [36m</div>[39m
          [36m<div[39m
            [33mclass[39m=[32m"ant-col ant-form-item-control css-dev-only-do-not-override-3uaqrl css-var-root"[39m
          [36m>[39m
            [36m<div[39m
              [33mclass[39m=[32m"ant-form-item-control-input"[39m
            [36m>[39m
              [36m<div[39m
                [33mclass[39m=[32m"ant-form-item-control-input-content"[39m
              [36m>[39m
                [36m<div[39m
                  [33mclass[39m=[32m"ant-select ant-select-outlined ant-select-in-form-item css-var-root ant-select-css-var css-dev-only-do-not-override-3uaqrl ant-select-single ant-select-show-arrow"[39m
                  [33mdata-testid[39m=[32m"conversation-state-select"[39m
                [36m>[39m
                  [36m<div[39m
                    [33mclass[39m=[32m"ant-select-content"[39m
                  [36m>[39m
                    [36m<div[39m
                      [33mclass[39m=[32m"ant-select-content-value"[39m
                      [33mstyle[39m=[32m"visibility: visible;"[39m
                      [33mtitle[39m=[32m"in-progress"[39m
                    [36m>[39m
                      [0min-progress[0m
                    [36m</div>[39m
                    [36m<input[39m
                      [33maria-autocomplete[39m=[32m"list"[39m
                      [33maria-expanded[39m=[32m"false"[39m
                      [33maria-haspopup[39m=[32m"listbox"[39m
                      [33mautocomplete[39m=[32m"off"[39m
                      [33mclass[39m=[32m"ant-select-input"[39m
                      [33mid[39m=[32m"test-id"[39m
                      [33mreadonly[39m=[32m""[39m
                      [33mrole[39m=[32m"combobox"[39m
                      [33mtype[39m=[32m"search"[39m
                      [33mvalue[39m=[32m""[39m
                    [36m/>[39m
                  [36m</div>[39m
                  [36m<div[39m
                    [33mclass[39m=[32m"ant-select-suffix"[39m
                  [36m>[39m
                    [36m<span[39m
                      [33maria-label[39m=[32m"down"[39m
                      [33mclass[39m=[32m"anticon anticon-down"[39m
                      [33mrole[39m=[32m"img"[39m
                    [36m>[39m
                      [36m<svg[39m
                        [33maria-hidden[39m=[32m"true"[39m
                        [33md...
 ❯ Object.getElementError ../../node_modules/.bun/@testing-library+dom@10.4.1/node_modules/@testing-library/dom/dist/config.js:37:19
 ❯ ../../node_modules/.bun/@testing-library+dom@10.4.1/node_modules/@testing-library/dom/dist/query-helpers.js:76:38
 ❯ ../../node_modules/.bun/@testing-library+dom@10.4.1/node_modules/@testing-library/dom/dist/query-helpers.js:52:17
 ❯ ../../node_modules/.bun/@testing-library+dom@10.4.1/node_modules/@testing-library/dom/dist/query-helpers.js:95:19
 ❯ src/components/Common/Settings/tabs/__tests__/ConversationTab.input-number.test.tsx:175:19
    173|       expect(screen.getByRole("spinbutton", { name })).toBeDisabled()
    174|     }
    175|     expect(screen.getByRole("spinbutton", { name: "Depth" })).toBeEnab…
       |                   ^
    176|   })
    177|

⎯⎯⎯⎯⎯⎯⎯⎯⎯⎯⎯⎯⎯⎯⎯⎯⎯⎯⎯⎯⎯⎯⎯⎯[3/4]⎯

 FAIL  src/components/Common/Settings/tabs/__tests__/ConversationTab.input-number.test.tsx > ConversationTab real AntD numeric controls > keeps the summary window below an edited threshold on blur
TestingLibraryElementError: Unable to find an accessible element with the role "spinbutton" and name "Threshold"

Here are the accessible roles:

  textbox:

  Name "":
  [36m<textarea[39m
    [33mclass[39m=[32m"ant-input css-dev-only-do-not-override-3uaqrl ant-input-outlined css-var-root ant-input-css-var"[39m
    [33mplaceholder[39m=[32m"Enter System Prompt"[39m
    [33mrows[39m=[32m"6"[39m
  [36m/>[39m

  Name "":
  [36m<input[39m
    [33mclass[39m=[32m"ant-input css-dev-only-do-not-override-3uaqrl ant-input-outlined css-var-root ant-input-css-var"[39m
    [33mplaceholder[39m=[32m"Conversation tag (optional)"[39m
    [33mtype[39m=[32m"text"[39m
    [33mvalue[39m=[32m""[39m
  [36m/>[39m

  Name "":
  [36m<textarea[39m
    [33mclass[39m=[32m"ant-input css-dev-only-do-not-override-3uaqrl"[39m
    [33mmaxlength[39m=[32m"1200"[39m
    [33mplaceholder[39m=[32m"E.g., Keep responses grounded, avoid repetition, and progress the scene."[39m
    [33mrows[39m=[32m"3"[39m
  [36m/>[39m

  Name "":
  [36m<textarea[39m
    [33mclass[39m=[32m"ant-input css-dev-only-do-not-override-3uaqrl ant-input-outlined css-var-root ant-input-css-var"[39m
    [33mplaceholder[39m=[32m"Stop sequences, one per line"[39m
    [33mrows[39m=[32m"2"[39m
  [36m/>[39m

  --------------------------------------------------
  button:

  Name "Reset to default":
  [36m<button[39m
    [33mclass[39m=[32m"ant-btn css-dev-only-do-not-override-3uaqrl css-var-root ant-btn-link ant-btn-color-link ant-btn-variant-link ant-btn-sm px-0"[39m
    [33mtype[39m=[32m"button"[39m
  [36m/>[39m

  Name "Increase Value":
  [36m<span[39m
    [33maria-disabled[39m=[32m"false"[39m
    [33maria-label[39m=[32m"Increase Value"[39m
    [33mclass[39m=[32m"ant-input-number-action ant-input-number-action-up"[39m
    [33mrole[39m=[32m"button"[39m
    [33munselectable[39m=[32m"on"[39m
  [36m/>[39m

  Name "Decrease Value":
  [36m<span[39m
    [33maria-disabled[39m=[32m"false"[39m
    [33maria-label[39m=[32m"Decrease Value"[39m
    [33mclass[39m=[32m"ant-input-number-action ant-input-number-action-down"[39m
    [33mrole[39m=[32m"button"[39m
    [33munselectable[39m=[32m"on"[39m
  [36m/>[39m

  Name "Increase Value":
  [36m<span[39m
    [33maria-disabled[39m=[32m"false"[39m
    [33maria-label[39m=[32m"Increase Value"[39m
    [33mclass[39m=[32m"ant-input-number-action ant-input-number-action-up"[39m
    [33mrole[39m=[32m"button"[39m
    [33munselectable[39m=[32m"on"[39m
  [36m/>[39m

  Name "Decrease Value":
  [36m<span[39m
    [33maria-disabled[39m=[32m"false"[39m
    [33maria-label[39m=[32m"Decrease Value"[39m
    [33mclass[39m=[32m"ant-input-number-action ant-input-number-action-down"[39m
    [33mrole[39m=[32m"button"[39m
    [33munselectable[39m=[32m"on"[39m
  [36m/>[39m

  Name "Increase Value":
  [36m<span[39m
    [33maria-disabled[39m=[32m"false"[39m
    [33maria-label[39m=[32m"Increase Value"[39m
    [33mclass[39m=[32m"ant-input-number-action ant-input-number-action-up"[39m
    [33mrole[39m=[32m"button"[39m
    [33munselectable[39m=[32m"on"[39m
  [36m/>[39m

  Name "Decrease Value":
  [36m<span[39m
    [33maria-disabled[39m=[32m"false"[39m
    [33maria-label[39m=[32m"Decrease Value"[39m
    [33mclass[39m=[32m"ant-input-number-action ant-input-number-action-down"[39m
    [33mrole[39m=[32m"button"[39m
    [33munselectable[39m=[32m"on"[39m
  [36m/>[39m

  Name "Increase Value":
  [36m<span[39m
    [33maria-disabled[39m=[32m"false"[39m
    [33maria-label[39m=[32m"Increase Value"[39m
    [33mclass[39m=[32m"ant-input-number-action ant-input-number-action-up"[39m
    [33mrole[39m=[32m"button"[39m
    [33munselectable[39m=[32m"on"[39m
  [36m/>[39m

  Name "Decrease Value":
  [36m<span[39m
    [33maria-disabled[39m=[32m"false"[39m
    [33maria-label[39m=[32m"Decrease Value"[39m
    [33mclass[39m=[32m"ant-input-number-action ant-input-number-action-down"[39m
    [33mrole[39m=[32m"button"[39m
    [33munselectable[39m=[32m"on"[39m
  [36m/>[39m

  Name "Increase Value":
  [36m<span[39m
    [33maria-disabled[39m=[32m"false"[39m
    [33maria-label[39m=[32m"Increase Value"[39m
    [33mclass[39m=[32m"ant-input-number-action ant-input-number-action-up"[39m
    [33mrole[39m=[32m"button"[39m
    [33munselectable[39m=[32m"on"[39m
  [36m/>[39m

  Name "Decrease Value":
  [36m<span[39m
    [33maria-disabled[39m=[32m"false"[39m
    [33maria-label[39m=[32m"Decrease Value"[39m
    [33mclass[39m=[32m"ant-input-number-action ant-input-number-action-down"[39m
    [33mrole[39m=[32m"button"[39m
    [33munselectable[39m=[32m"on"[39m
  [36m/>[39m

  Name "Increase Value":
  [36m<span[39m
    [33maria-disabled[39m=[32m"false"[39m
    [33maria-label[39m=[32m"Increase Value"[39m
    [33mclass[39m=[32m"ant-input-number-action ant-input-number-action-up"[39m
    [33mrole[39m=[32m"button"[39m
    [33munselectable[39m=[32m"on"[39m
  [36m/>[39m

  Name "Decrease Value":
  [36m<span[39m
    [33maria-disabled[39m=[32m"false"[39m
    [33maria-label[39m=[32m"Decrease Value"[39m
    [33mclass[39m=[32m"ant-input-number-action ant-input-number-action-down"[39m
    [33mrole[39m=[32m"button"[39m
    [33munselectable[39m=[32m"on"[39m
  [36m/>[39m

  --------------------------------------------------
  combobox:

  Name "":
  [36m<input[39m
    [33maria-autocomplete[39m=[32m"list"[39m
    [33maria-expanded[39m=[32m"false"[39m
    [33maria-haspopup[39m=[32m"listbox"[39m
    [33mautocomplete[39m=[32m"off"[39m
    [33mclass[39m=[32m"ant-select-input"[39m
    [33mid[39m=[32m"test-id"[39m
    [33mreadonly[39m=[32m""[39m
    [33mrole[39m=[32m"combobox"[39m
    [33mtype[39m=[32m"search"[39m
    [33mvalue[39m=[32m""[39m
  [36m/>[39m

  Name "":
  [36m<input[39m
    [33maria-autocomplete[39m=[32m"list"[39m
    [33maria-expanded[39m=[32m"false"[39m
    [33maria-haspopup[39m=[32m"listbox"[39m
    [33mautocomplete[39m=[32m"off"[39m
    [33mclass[39m=[32m"ant-select-input"[39m
    [33mid[39m=[32m"test-id"[39m
    [33mreadonly[39m=[32m""[39m
    [33mrole[39m=[32m"combobox"[39m
    [33mtype[39m=[32m"search"[39m
    [33mvalue[39m=[32m""[39m
  [36m/>[39m

  Name "":
  [36m<input[39m
    [33maria-autocomplete[39m=[32m"list"[39m
    [33maria-expanded[39m=[32m"false"[39m
    [33maria-haspopup[39m=[32m"listbox"[39m
    [33mautocomplete[39m=[32m"off"[39m
    [33mclass[39m=[32m"ant-select-input"[39m
    [33mid[39m=[32m"test-id"[39m
    [33mreadonly[39m=[32m""[39m
    [33mrole[39m=[32m"combobox"[39m
    [33mtype[39m=[32m"search"[39m
    [33mvalue[39m=[32m""[39m
  [36m/>[39m

  Name "":
  [36m<input[39m
    [33maria-autocomplete[39m=[32m"list"[39m
    [33maria-expanded[39m=[32m"false"[39m
    [33maria-haspopup[39m=[32m"listbox"[39m
    [33mautocomplete[39m=[32m"off"[39m
    [33mclass[39m=[32m"ant-select-input"[39m
    [33mid[39m=[32m"test-id"[39m
    [33mreadonly[39m=[32m""[39m
    [33mrole[39m=[32m"combobox"[39m
    [33mtype[39m=[32m"search"[39m
    [33mvalue[39m=[32m""[39m
  [36m/>[39m

  Name "":
  [36m<input[39m
    [33maria-autocomplete[39m=[32m"list"[39m
    [33maria-expanded[39m=[32m"false"[39m
    [33maria-haspopup[39m=[32m"listbox"[39m
    [33mautocomplete[39m=[32m"off"[39m
    [33mclass[39m=[32m"ant-select-input"[39m
    [33mid[39m=[32m"test-id"[39m
    [33mreadonly[39m=[32m""[39m
    [33mrole[39m=[32m"combobox"[39m
    [33mtype[39m=[32m"search"[39m
    [33mvalue[39m=[32m""[39m
  [36m/>[39m

  Name "":
  [36m<input[39m
    [33maria-autocomplete[39m=[32m"list"[39m
    [33maria-expanded[39m=[32m"false"[39m
    [33maria-haspopup[39m=[32m"listbox"[39m
    [33mautocomplete[39m=[32m"off"[39m
    [33mclass[39m=[32m"ant-select-input"[39m
    [33mid[39m=[32m"test-id"[39m
    [33mreadonly[39m=[32m""[39m
    [33mrole[39m=[32m"combobox"[39m
    [33mtype[39m=[32m"search"[39m
    [33mvalue[39m=[32m""[39m
  [36m/>[39m

  Name "":
  [36m<input[39m
    [33maria-autocomplete[39m=[32m"list"[39m
    [33maria-expanded[39m=[32m"false"[39m
    [33maria-haspopup[39m=[32m"listbox"[39m
    [33mautocomplete[39m=[32m"off"[39m
    [33mclass[39m=[32m"ant-select-input"[39m
    [33mid[39m=[32m"test-id"[39m
    [33mreadonly[39m=[32m""[39m
    [33mrole[39m=[32m"combobox"[39m
    [33mtype[39m=[32m"search"[39m
    [33mvalue[39m=[32m""[39m
  [36m/>[39m

  Name "":
  [36m<input[39m
    [33maria-autocomplete[39m=[32m"list"[39m
    [33maria-expanded[39m=[32m"false"[39m
    [33maria-haspopup[39m=[32m"listbox"[39m
    [33mautocomplete[39m=[32m"off"[39m
    [33mclass[39m=[32m"ant-select-input"[39m
    [33mid[39m=[32m"test-id"[39m
    [33mrole[39m=[32m"combobox"[39m
    [33mstyle[39m=[32m"--select-input-width: 0;"[39m
    [33mtype[39m=[32m"search"[39m
    [33mvalue[39m=[32m""[39m
  [36m/>[39m

  Name "":
  [36m<input[39m
    [33maria-autocomplete[39m=[32m"list"[39m
    [33maria-expanded[39m=[32m"false"[39m
    [33maria-haspopup[39m=[32m"listbox"[39m
    [33mautocomplete[39m=[32m"off"[39m
    [33mclass[39m=[32m"ant-select-input"[39m
    [33mid[39m=[32m"test-id"[39m
    [33mrole[39m=[32m"combobox"[39m
    [33mtype[39m=[32m"search"[39m
    [33mvalue[39m=[32m""[39m
  [36m/>[39m

  Name "":
  [36m<input[39m
    [33maria-autocomplete[39m=[32m"list"[39m
    [33maria-expanded[39m=[32m"false"[39m
    [33maria-haspopup[39m=[32m"listbox"[39m
    [33mautocomplete[39m=[32m"off"[39m
    [33mclass[39m=[32m"ant-select-input"[39m
    [33mid[39m=[32m"test-id"[39m
    [33mreadonly[39m=[32m""[39m
    [33mrole[39m=[32m"combobox"[39m
    [33mtype[39m=[32m"search"[39m
    [33mvalue[39m=[32m""[39m
  [36m/>[39m

  --------------------------------------------------
  img:

  Name "down":
  [36m<span[39m
    [33maria-label[39m=[32m"down"[39m
    [33mclass[39m=[32m"anticon anticon-down"[39m
    [33mrole[39m=[32m"img"[39m
  [36m/>[39m

  Name "down":
  [36m<span[39m
    [33maria-label[39m=[32m"down"[39m
    [33mclass[39m=[32m"anticon anticon-down"[39m
    [33mrole[39m=[32m"img"[39m
  [36m/>[39m

  Name "up":
  [36m<span[39m
    [33maria-label[39m=[32m"up"[39m
    [33mclass[39m=[32m"anticon anticon-up"[39m
    [33mrole[39m=[32m"img"[39m
  [36m/>[39m

  Name "down":
  [36m<span[39m
    [33maria-label[39m=[32m"down"[39m
    [33mclass[39m=[32m"anticon anticon-down"[39m
    [33mrole[39m=[32m"img"[39m
  [36m/>[39m

  Name "down":
  [36m<span[39m
    [33maria-label[39m=[32m"down"[39m
    [33mclass[39m=[32m"anticon anticon-down"[39m
    [33mrole[39m=[32m"img"[39m
  [36m/>[39m

  Name "down":
  [36m<span[39m
    [33maria-label[39m=[32m"down"[39m
    [33mclass[39m=[32m"anticon anticon-down"[39m
    [33mrole[39m=[32m"img"[39m
  [36m/>[39m

  Name "down":
  [36m<span[39m
    [33maria-label[39m=[32m"down"[39m
    [33mclass[39m=[32m"anticon anticon-down"[39m
    [33mrole[39m=[32m"img"[39m
  [36m/>[39m

  Name "up":
  [36m<span[39m
    [33maria-label[39m=[32m"up"[39m
    [33mclass[39m=[32m"anticon anticon-up"[39m
    [33mrole[39m=[32m"img"[39m
  [36m/>[39m

  Name "down":
  [36m<span[39m
    [33maria-label[39m=[32m"down"[39m
    [33mclass[39m=[32m"anticon anticon-down"[39m
    [33mrole[39m=[32m"img"[39m
  [36m/>[39m

  Name "up":
  [36m<span[39m
    [33maria-label[39m=[32m"up"[39m
    [33mclass[39m=[32m"anticon anticon-up"[39m
    [33mrole[39m=[32m"img"[39m
  [36m/>[39m

  Name "down":
  [36m<span[39m
    [33maria-label[39m=[32m"down"[39m
    [33mclass[39m=[32m"anticon anticon-down"[39m
    [33mrole[39m=[32m"img"[39m
  [36m/>[39m

  Name "up":
  [36m<span[39m
    [33maria-label[39m=[32m"up"[39m
    [33mclass[39m=[32m"anticon anticon-up"[39m
    [33mrole[39m=[32m"img"[39m
  [36m/>[39m

  Name "down":
  [36m<span[39m
    [33maria-label[39m=[32m"down"[39m
    [33mclass[39m=[32m"anticon anticon-down"[39m
    [33mrole[39m=[32m"img"[39m
  [36m/>[39m

  Name "down":
  [36m<span[39m
    [33maria-label[39m=[32m"down"[39m
    [33mclass[39m=[32m"anticon anticon-down"[39m
    [33mrole[39m=[32m"img"[39m
  [36m/>[39m

  Name "down":
  [36m<span[39m
    [33maria-label[39m=[32m"down"[39m
    [33mclass[39m=[32m"anticon anticon-down"[39m
    [33mrole[39m=[32m"img"[39m
  [36m/>[39m

  Name "down":
  [36m<span[39m
    [33maria-label[39m=[32m"down"[39m
    [33mclass[39m=[32m"anticon anticon-down"[39m
    [33mrole[39m=[32m"img"[39m
  [36m/>[39m

  Name "down":
  [36m<span[39m
    [33maria-label[39m=[32m"down"[39m
    [33mclass[39m=[32m"anticon anticon-down"[39m
    [33mrole[39m=[32m"img"[39m
  [36m/>[39m

  Name "down":
  [36m<span[39m
    [33maria-label[39m=[32m"down"[39m
    [33mclass[39m=[32m"anticon anticon-down"[39m
    [33mrole[39m=[32m"img"[39m
  [36m/>[39m

  Name "up":
  [36m<span[39m
    [33maria-label[39m=[32m"up"[39m
    [33mclass[39m=[32m"anticon anticon-up"[39m
    [33mrole[39m=[32m"img"[39m
  [36m/>[39m

  Name "down":
  [36m<span[39m
    [33maria-label[39m=[32m"down"[39m
    [33mclass[39m=[32m"anticon anticon-down"[39m
    [33mrole[39m=[32m"img"[39m
  [36m/>[39m

  Name "up":
  [36m<span[39m
    [33maria-label[39m=[32m"up"[39m
    [33mclass[39m=[32m"anticon anticon-up"[39m
    [33mrole[39m=[32m"img"[39m
  [36m/>[39m

  Name "down":
  [36m<span[39m
    [33maria-label[39m=[32m"down"[39m
    [33mclass[39m=[32m"anticon anticon-down"[39m
    [33mrole[39m=[32m"img"[39m
  [36m/>[39m

  --------------------------------------------------
  spinbutton:

  Name "Depth up down":
  [36m<input[39m
    [33maria-valuemin[39m=[32m"0"[39m
    [33maria-valuenow[39m=[32m"2"[39m
    [33mautocomplete[39m=[32m"off"[39m
    [33mclass[39m=[32m"ant-input-number-input"[39m
    [33mrole[39m=[32m"spinbutton"[39m
    [33mstep[39m=[32m"1"[39m
    [33mvalue[39m=[32m"2"[39m
  [36m/>[39m

  Name "Temp up down":
  [36m<input[39m
    [33maria-valuemax[39m=[32m"2"[39m
    [33maria-valuemin[39m=[32m"0"[39m
    [33maria-valuenow[39m=[32m"0.7"[39m
    [33mautocomplete[39m=[32m"off"[39m
    [33mclass[39m=[32m"ant-input-number-input"[39m
    [33mrole[39m=[32m"spinbutton"[39m
    [33mstep[39m=[32m"0.01"[39m
    [33mvalue[39m=[32m"0.70"[39m
  [36m/>[39m

  Name "Top-p up down":
  [36m<input[39m
    [33maria-valuemax[39m=[32m"1"[39m
    [33maria-valuemin[39m=[32m"0"[39m
    [33maria-valuenow[39m=[32m"0.9"[39m
    [33mautocomplete[39m=[32m"off"[39m
    [33mclass[39m=[32m"ant-input-number-input"[39m
    [33mrole[39m=[32m"spinbutton"[39m
    [33mstep[39m=[32m"0.01"[39m
    [33mvalue[39m=[32m"0.90"[39m
  [36m/>[39m

  Name "Rep pen up down":
  [36m<input[39m
    [33maria-valuemax[39m=[32m"3"[39m
    [33maria-valuemin[39m=[32m"0"[39m
    [33maria-valuenow[39m=[32m"1.2"[39m
    [33mautocomplete[39m=[32m"off"[39m
    [33mclass[39m=[32m"ant-input-number-input"[39m
    [33mrole[39m=[32m"spinbutton"[39m
    [33mstep[39m=[32m"0.01"[39m
    [33mvalue[39m=[32m"1.20"[39m
  [36m/>[39m

  Name "Threshold up down":
  [36m<input[39m
    [33maria-valuemax[39m=[32m"5000"[39m
    [33maria-valuemin[39m=[32m"2"[39m
    [33maria-valuenow[39m=[32m"40"[39m
    [33mautocomplete[39m=[32m"off"[39m
    [33mclass[39m=[32m"ant-input-number-input"[39m
    [33mrole[39m=[32m"spinbutton"[39m
    [33mstep[39m=[32m"1"[39m
    [33mvalue[39m=[32m"40"[39m
  [36m/>[39m

  Name "Recent window up down":
  [36m<input[39m
    [33maria-valuemax[39m=[32m"39"[39m
    [33maria-valuemin[39m=[32m"1"[39m
    [33maria-valuenow[39m=[32m"12"[39m
    [33mautocomplete[39m=[32m"off"[39m
    [33mclass[39m=[32m"ant-input-number-input"[39m
    [33mrole[39m=[32m"spinbutton"[39m
    [33mstep[39m=[32m"1"[39m
    [33mvalue[39m=[32m"12"[39m
  [36m/>[39m

  --------------------------------------------------

Ignored nodes: comments, script, style
[36m<body>[39m
  [36m<div>[39m
    [36m<div[39m
      [33mclass[39m=[32m"space-y-4"[39m
    [36m>[39m
      [36m<div[39m
        [33mclass[39m=[32m"ant-form-item css-var-root ant-form-css-var css-dev-only-do-not-override-3uaqrl ant-form-item-with-help ant-form-item-horizontal"[39m
      [36m>[39m
        [36m<div[39m
          [33mclass[39m=[32m"ant-row ant-form-item-row css-dev-only-do-not-override-3uaqrl css-var-root"[39m
        [36m>[39m
          [36m<div[39m
            [33mclass[39m=[32m"ant-col ant-form-item-label css-dev-only-do-not-override-3uaqrl css-var-root"[39m
          [36m>[39m
            [36m<label[39m
              [33mclass[39m=[32m""[39m
              [33mfor[39m=[32m"systemPrompt"[39m
              [33mtitle[39m=[32m"Conversation System Prompt"[39m
            [36m>[39m
              [0mConversation System Prompt[0m
            [36m</label>[39m
          [36m</div>[39m
          [36m<div[39m
            [33mclass[39m=[32m"ant-col ant-form-item-control css-dev-only-do-not-override-3uaqrl css-var-root"[39m
          [36m>[39m
            [36m<div[39m
              [33mclass[39m=[32m"ant-form-item-control-input"[39m
            [36m>[39m
              [36m<div[39m
                [33mclass[39m=[32m"ant-form-item-control-input-content"[39m
              [36m>[39m
                [36m<div[39m
                  [33maria-describedby[39m=[32m"systemPrompt_help"[39m
                  [33mclass[39m=[32m"space-y-1"[39m
                  [33mid[39m=[32m"systemPrompt"[39m
                [36m>[39m
                  [36m<textarea[39m
                    [33mclass[39m=[32m"ant-input css-dev-only-do-not-override-3uaqrl ant-input-outlined css-var-root ant-input-css-var"[39m
                    [33mplaceholder[39m=[32m"Enter System Prompt"[39m
                    [33mrows[39m=[32m"6"[39m
                  [36m/>[39m
                  [36m<div[39m
                    [33mclass[39m=[32m"flex items-center justify-end"[39m
                  [36m>[39m
                    [36m<button[39m
                      [33mclass[39m=[32m"ant-btn css-dev-only-do-not-override-3uaqrl css-var-root ant-btn-link ant-btn-color-link ant-btn-variant-link ant-btn-sm px-0"[39m
                      [33mtype[39m=[32m"button"[39m
                    [36m>[39m
                      [36m<span>[39m
                        [0mReset to default[0m
                      [36m</span>[39m
                    [36m</button>[39m
                  [36m</div>[39m
                [36m</div>[39m
              [36m</div>[39m
            [36m</div>[39m
            [36m<div[39m
              [33mclass[39m=[32m"ant-form-item-additional"[39m
            [36m>[39m
              [36m<div[39m
                [33mclass[39m=[32m"ant-form-item-explain ant-form-show-help-appear ant-form-show-help-appear-start ant-form-show-help css-var-root ant-form-css-var ant-form-item-explain-connected css-dev-only-do-not-override-3uaqrl"[39m
                [33mid[39m=[32m"systemPrompt_help"[39m
              [36m>[39m
                [36m<div[39m
                  [33mclass[39m=[32m"ant-form-show-help-item-appear ant-form-show-help-item-appear-start ant-form-show-help-item"[39m
                  [33mstyle[39m=[32m"height: 0px; opacity: 0;"[39m
                [36m>[39m
                  [0mApplies persistently to this conversation and overrides the selected system prompt template until you reset it.[0m
                [36m</div>[39m
              [36m</div>[39m
            [36m</div>[39m
          [36m</div>[39m
        [36m</div>[39m
      [36m</div>[39m
      [36m<div[39m
        [33mclass[39m=[32m"ant-form-item css-var-root ant-form-css-var css-dev-only-do-not-override-3uaqrl ant-form-item-with-help ant-form-item-horizontal"[39m
      [36m>[39m
        [36m<div[39m
          [33mclass[39m=[32m"ant-row ant-form-item-row css-dev-only-do-not-override-3uaqrl css-var-root"[39m
        [36m>[39m
          [36m<div[39m
            [33mclass[39m=[32m"ant-col ant-form-item-label css-dev-only-do-not-override-3uaqrl css-var-root"[39m
          [36m>[39m
            [36m<label[39m
              [33mclass[39m=[32m""[39m
              [33mtitle[39m=[32m"Conversation state"[39m
            [36m>[39m
              [0mConversation state[0m
            [36m</label>[39m
          [36m</div>[39m
          [36m<div[39m
            [33mclass[39m=[32m"ant-col ant-form-item-control css-dev-only-do-not-override-3uaqrl css-var-root"[39m
          [36m>[39m
            [36m<div[39m
              [33mclass[39m=[32m"ant-form-item-control-input"[39m
            [36m>[39m
              [36m<div[39m
                [33mclass[39m=[32m"ant-form-item-control-input-content"[39m
              [36m>[39m
                [36m<div[39m
                  [33mclass[39m=[32m"ant-select ant-select-outlined ant-select-in-form-item css-var-root ant-select-css-var css-dev-only-do-not-override-3uaqrl ant-select-single ant-select-show-arrow"[39m
                  [33mdata-testid[39m=[32m"conversation-state-select"[39m
                [36m>[39m
                  [36m<div[39m
                    [33mclass[39m=[32m"ant-select-content"[39m
                  [36m>[39m
                    [36m<div[39m
                      [33mclass[39m=[32m"ant-select-content-value"[39m
                      [33mstyle[39m=[32m"visibility: visible;"[39m
                      [33mtitle[39m=[32m"in-progress"[39m
                    [36m>[39m
                      [0min-progress[0m
                    [36m</div>[39m
                    [36m<input[39m
                      [33maria-autocomplete[39m=[32m"list"[39m
                      [33maria-expanded[39m=[32m"false"[39m
                      [33maria-haspopup[39m=[32m"listbox"[39m
                      [33mautocomplete[39m=[32m"off"[39m
                      [33mclass[39m=[32m"ant-select-input"[39m
                      [33mid[39m=[32m"test-id"[39m
                      [33mreadonly[39m=[32m""[39m
                      [33mrole[39m=[32m"combobox"[39m
                      [33mtype[39m=[32m"search"[39m
                      [33mvalue[39m=[32m""[39m
                    [36m/>[39m
                  [36m</div>[39m
                  [36m<div[39m
                    [33mclass[39m=[32m"ant-select-suffix"[39m
                  [36m>[39m
                    [36m<span[39m
                      [33maria-label[39m=[32m"down"[39m
                      [33mclass[39m=[32m"anticon anticon-down"[39m
                      [33mrole[39m=[32m"img"[39m
                    [36m>[39m
                      [36m<svg[39m
                        [33maria-hidden[39m=[32m"true"[39m
                        [33md...
 ❯ Object.getElementError ../../node_modules/.bun/@testing-library+dom@10.4.1/node_modules/@testing-library/dom/dist/config.js:37:19
 ❯ ../../node_modules/.bun/@testing-library+dom@10.4.1/node_modules/@testing-library/dom/dist/query-helpers.js:76:38
 ❯ ../../node_modules/.bun/@testing-library+dom@10.4.1/node_modules/@testing-library/dom/dist/query-helpers.js:52:17
 ❯ ../../node_modules/.bun/@testing-library+dom@10.4.1/node_modules/@testing-library/dom/dist/query-helpers.js:95:19
 ❯ src/components/Common/Settings/tabs/__tests__/ConversationTab.input-number.test.tsx:180:30
    178|   it("keeps the summary window below an edited threshold on blur", asy…
    179|     mountConversation()
    180|     const threshold = screen.getByRole("spinbutton", { name: "Threshol…
       |                              ^
    181|     fireEvent.change(threshold, { target: { value: "5" } })
    182|     fireEvent.blur(threshold)

⎯⎯⎯⎯⎯⎯⎯⎯⎯⎯⎯⎯⎯⎯⎯⎯⎯⎯⎯⎯⎯⎯⎯⎯[4/4]⎯


 Test Files  1 failed | 2 passed (3)
      Tests  4 failed | 8 passed (12)
   Start at  08:16:32
   Duration  18.62s (transform 240ms, setup 258ms, import 964ms, tests 16.15s, environment 944ms)
