
 RUN  v4.0.18 /Users/macbook-dev/Documents/GitHub/tldw_server2/apps/packages/ui

(node:86151) ExperimentalWarning: localStorage is not available because --localstorage-file was not provided.
(Use `node --trace-warnings ...` to show where the warning was created)
 ✓ src/components/Common/Settings/tabs/__tests__/ConversationTab.input-number.test.tsx (5 tests) 7606ms
     ✓ opens all six numeric controls without the addonBefore deprecation  974ms
     ✓ labels each numeric control and preserves its initial value and bounds  716ms
     ✓ persists edits only on blur and restores all six values after reopening  4019ms
     ✓ keeps generation and summary numeric controls disabled when their modes are off  689ms
     ✓ keeps the summary window below an edited threshold on blur  1208ms
(node:86221) ExperimentalWarning: localStorage is not available because --localstorage-file was not provided.
(Use `node --trace-warnings ...` to show where the warning was created)
 ✓ src/components/Common/__tests__/ConversationTab.generationOverride.test.tsx (5 tests) 160ms
(node:86224) ExperimentalWarning: localStorage is not available because --localstorage-file was not provided.
(Use `node --trace-warnings ...` to show where the warning was created)
 ✓ src/components/Common/Settings/tabs/__tests__/ConversationTab.persona-memory-mode.test.tsx (2 tests) 85ms
(node:86226) ExperimentalWarning: localStorage is not available because --localstorage-file was not provided.
(Use `node --trace-warnings ...` to show where the warning was created)
 ✓ src/services/__tests__/chat-settings.sync.test.ts (8 tests) 9ms

 Test Files  4 passed (4)
      Tests  20 passed (20)
   Start at  08:24:19
   Duration  9.95s (transform 200ms, setup 222ms, import 679ms, tests 7.86s, environment 827ms)
