
 RUN  v4.0.18 /Users/macbook-dev/Documents/GitHub/tldw_server2/apps/packages/ui

(node:80099) ExperimentalWarning: localStorage is not available because --localstorage-file was not provided.
(Use `node --trace-warnings ...` to show where the warning was created)
 ❯ src/components/Common/Settings/tabs/__tests__/ConversationTab.input-number.test.tsx (5 tests | 1 failed | 4 skipped) 1125ms
     × opens all six numeric controls without the addonBefore deprecation 1124ms
     ↓ labels each numeric control and preserves its initial value and bounds
     ↓ persists edits only on blur and restores all six values after reopening
     ↓ keeps generation and summary numeric controls disabled when their modes are off
     ↓ keeps the summary window below an edited threshold on blur

⎯⎯⎯⎯⎯⎯⎯ Failed Tests 1 ⎯⎯⎯⎯⎯⎯⎯

 FAIL  src/components/Common/Settings/tabs/__tests__/ConversationTab.input-number.test.tsx > ConversationTab real AntD numeric controls > opens all six numeric controls without the addonBefore deprecation
AssertionError: expected [ …(11) ] to deeply equal []

- Expected
+ Received

- []
+ [
+   "Warning: [antd: InputNumber] `addonBefore` is deprecated. Please use `Space.Compact` instead.",
+   "Warning: [antd: InputNumber] `addonBefore` is deprecated. Please use `Space.Compact` instead.",
+   "Warning: [antd: InputNumber] `addonBefore` is deprecated. Please use `Space.Compact` instead.",
+   "Warning: [antd: InputNumber] `addonBefore` is deprecated. Please use `Space.Compact` instead.",
+   "Warning: [antd: InputNumber] `addonBefore` is deprecated. Please use `Space.Compact` instead.",
+   "Warning: [antd: InputNumber] `addonBefore` is deprecated. Please use `Space.Compact` instead.",
+   "Warning: [antd: InputNumber] `addonBefore` is deprecated. Please use `Space.Compact` instead.",
+   "Warning: [antd: InputNumber] `addonBefore` is deprecated. Please use `Space.Compact` instead.",
+   "Warning: [antd: InputNumber] `addonBefore` is deprecated. Please use `Space.Compact` instead.",
+   "Warning: [antd: InputNumber] `addonBefore` is deprecated. Please use `Space.Compact` instead.",
+   "Warning: [antd: InputNumber] `addonBefore` is deprecated. Please use `Space.Compact` instead.",
+ ]

 ❯ src/components/Common/Settings/tabs/__tests__/ConversationTab.input-number.test.tsx:109:26
    107|       .map((args) => args.map(String).join(" "))
    108|       .filter((message) => /InputNumber.*addonBefore.*deprecated/.test…
    109|     expect(deprecations).toEqual([])
       |                          ^
    110|   })
    111| 

⎯⎯⎯⎯⎯⎯⎯⎯⎯⎯⎯⎯⎯⎯⎯⎯⎯⎯⎯⎯⎯⎯⎯⎯[1/1]⎯


 Test Files  1 failed (1)
      Tests  1 failed | 4 skipped (5)
   Start at  08:16:00
   Duration  2.39s (transform 203ms, setup 73ms, import 871ms, tests 1.13s, environment 224ms)

