
 RUN  v4.0.18 /Users/macbook-dev/Documents/GitHub/tldw_server2/apps/packages/ui

(node:78587) ExperimentalWarning: localStorage is not available because --localstorage-file was not provided.
(Use `node --trace-warnings ...` to show where the warning was created)
stderr | src/components/Review/hooks/__tests__/useMediaSearch.outage.test.tsx > Media search outage handling > keeps missing-endpoint guidance distinct from a transport outage
Media search error: Error: Not found
    at /Users/macbook-dev/Documents/GitHub/tldw_server2/apps/packages/ui/src/components/Review/hooks/__tests__/useMediaSearch.outage.test.tsx:66:58
    at file:///Users/macbook-dev/Documents/GitHub/tldw_server2/apps/node_modules/.bun/@vitest+runner@4.0.18/node_modules/@vitest/runner/dist/index.js:145:11
    at file:///Users/macbook-dev/Documents/GitHub/tldw_server2/apps/node_modules/.bun/@vitest+runner@4.0.18/node_modules/@vitest/runner/dist/index.js:915:26
    at file:///Users/macbook-dev/Documents/GitHub/tldw_server2/apps/node_modules/.bun/@vitest+runner@4.0.18/node_modules/@vitest/runner/dist/index.js:1243:20
    at new Promise (<anonymous>)
    at runWithTimeout (file:///Users/macbook-dev/Documents/GitHub/tldw_server2/apps/node_modules/.bun/@vitest+runner@4.0.18/node_modules/@vitest/runner/dist/index.js:1209:10)
    at file:///Users/macbook-dev/Documents/GitHub/tldw_server2/apps/node_modules/.bun/@vitest+runner@4.0.18/node_modules/@vitest/runner/dist/index.js:1653:37
    at Traces.$ (file:///Users/macbook-dev/Documents/GitHub/tldw_server2/apps/node_modules/.bun/vitest@4.0.18+08ee8852a9d25cb0/node_modules/vitest/dist/chunks/traces.CCmnQaNT.js:142:27)
    at trace (file:///Users/macbook-dev/Documents/GitHub/tldw_server2/apps/node_modules/.bun/vitest@4.0.18+08ee8852a9d25cb0/node_modules/vitest/dist/chunks/test.B8ej_ZHS.js:239:21)
    at runTest (file:///Users/macbook-dev/Documents/GitHub/tldw_server2/apps/node_modules/.bun/@vitest+runner@4.0.18/node_modules/@vitest/runner/dist/index.js:1653:12) {
  status: 404
}

stderr | src/components/Review/hooks/__tests__/useMediaSearch.outage.test.tsx > Media search outage handling > keeps missing-endpoint guidance distinct from a transport outage
Media search error: Error: Not found
    at /Users/macbook-dev/Documents/GitHub/tldw_server2/apps/packages/ui/src/components/Review/hooks/__tests__/useMediaSearch.outage.test.tsx:66:58
    at file:///Users/macbook-dev/Documents/GitHub/tldw_server2/apps/node_modules/.bun/@vitest+runner@4.0.18/node_modules/@vitest/runner/dist/index.js:145:11
    at file:///Users/macbook-dev/Documents/GitHub/tldw_server2/apps/node_modules/.bun/@vitest+runner@4.0.18/node_modules/@vitest/runner/dist/index.js:915:26
    at file:///Users/macbook-dev/Documents/GitHub/tldw_server2/apps/node_modules/.bun/@vitest+runner@4.0.18/node_modules/@vitest/runner/dist/index.js:1243:20
    at new Promise (<anonymous>)
    at runWithTimeout (file:///Users/macbook-dev/Documents/GitHub/tldw_server2/apps/node_modules/.bun/@vitest+runner@4.0.18/node_modules/@vitest/runner/dist/index.js:1209:10)
    at file:///Users/macbook-dev/Documents/GitHub/tldw_server2/apps/node_modules/.bun/@vitest+runner@4.0.18/node_modules/@vitest/runner/dist/index.js:1653:37
    at Traces.$ (file:///Users/macbook-dev/Documents/GitHub/tldw_server2/apps/node_modules/.bun/vitest@4.0.18+08ee8852a9d25cb0/node_modules/vitest/dist/chunks/traces.CCmnQaNT.js:142:27)
    at trace (file:///Users/macbook-dev/Documents/GitHub/tldw_server2/apps/node_modules/.bun/vitest@4.0.18+08ee8852a9d25cb0/node_modules/vitest/dist/chunks/test.B8ej_ZHS.js:239:21)
    at runTest (file:///Users/macbook-dev/Documents/GitHub/tldw_server2/apps/node_modules/.bun/@vitest+runner@4.0.18/node_modules/@vitest/runner/dist/index.js:1653:12) {
  status: 404
}

 ❯ src/components/Review/hooks/__tests__/useMediaSearch.outage.test.tsx (3 tests | 2 failed) 1125ms
     × keeps a transport outage recoverable without reporting a runtime exception 64ms
     × keeps missing-endpoint guidance distinct from a transport outage 1007ms
     ✓ retains diagnostics for unexpected failures 53ms

⎯⎯⎯⎯⎯⎯⎯ Failed Tests 2 ⎯⎯⎯⎯⎯⎯⎯

 FAIL  src/components/Review/hooks/__tests__/useMediaSearch.outage.test.tsx > Media search outage handling > keeps a transport outage recoverable without reporting a runtime exception
AssertionError: expected "Mock" to not be called at all, but actually been called 2 times

Received: 

  1st Mock call:

    Array [
      "Media search error:",
      [Error: Failed to fetch (GET /api/v1/media)],
    ]

  2nd Mock call:

    Array [
      "Media search error:",
      [Error: Failed to fetch (GET /api/v1/media)],
    ]


Number of calls: 2

 ❯ src/components/Review/hooks/__tests__/useMediaSearch.outage.test.tsx:55:31
     53|     await waitFor(() => expect(feedback).toContain("Failed to search m…
     54|     expect(result.current.mediaApiUnavailable).toBe(false)
     55|     expect(runtimeErrors).not.toHaveBeenCalled()
       |                               ^
     56| 
     57|     vi.mocked(bgRequest).mockResolvedValue({

⎯⎯⎯⎯⎯⎯⎯⎯⎯⎯⎯⎯⎯⎯⎯⎯⎯⎯⎯⎯⎯⎯⎯⎯[1/2]⎯

 FAIL  src/components/Review/hooks/__tests__/useMediaSearch.outage.test.tsx > Media search outage handling > keeps missing-endpoint guidance distinct from a transport outage
AssertionError: expected false to be true // Object.is equality

Ignored nodes: comments, script, style
[36m<html>[39m
  [36m<head />[39m
  [36m<body>[39m
    [36m<div />[39m
  [36m</body>[39m
[36m</html>[39m

- Expected
+ Received

- true
+ false

 ❯ src/components/Review/hooks/__tests__/useMediaSearch.outage.test.tsx:68:68
     66|     vi.mocked(bgRequest).mockRejectedValue(Object.assign(new Error("No…
     67|     const { result } = mountSearch()
     68|     await waitFor(() => expect(result.current.mediaApiUnavailable).toB…
       |                                                                    ^
     69|   })
     70| 
 ❯ runWithExpensiveErrorDiagnosticsDisabled ../../node_modules/.bun/@testing-library+dom@10.4.1/node_modules/@testing-library/dom/dist/config.js:47:12
 ❯ checkCallback ../../node_modules/.bun/@testing-library+dom@10.4.1/node_modules/@testing-library/dom/dist/wait-for.js:124:77
 ❯ Timeout.checkRealTimersCallback ../../node_modules/.bun/@testing-library+dom@10.4.1/node_modules/@testing-library/dom/dist/wait-for.js:118:16

⎯⎯⎯⎯⎯⎯⎯⎯⎯⎯⎯⎯⎯⎯⎯⎯⎯⎯⎯⎯⎯⎯⎯⎯[2/2]⎯


 Test Files  1 failed (1)
      Tests  2 failed | 1 passed (3)
   Start at  08:12:49
   Duration  1.78s (transform 81ms, setup 113ms, import 88ms, tests 1.13s, environment 357ms)

