Pages directory cannot be found at /Users/macbook-dev/Documents/GitHub/tldw_server2/apps/packages/ui/pages or /Users/macbook-dev/Documents/GitHub/tldw_server2/apps/packages/ui/src/pages. If using a custom path, please configure with the `no-html-link-for-pages` rule in your eslint config file.

/Users/macbook-dev/Documents/GitHub/tldw_server2/apps/packages/ui/src/components/Review/hooks/useMediaSearch.ts
   43:36   warning  Unexpected any. Specify a different type                                                                                            @typescript-eslint/no-explicit-any
   46:12   warning  Unexpected any. Specify a different type                                                                                            @typescript-eslint/no-explicit-any
  116:30   warning  Unexpected any. Specify a different type                                                                                            @typescript-eslint/no-explicit-any
  172:45   warning  Unexpected any. Specify a different type                                                                                            @typescript-eslint/no-explicit-any
  184:18   warning  Unexpected any. Specify a different type                                                                                            @typescript-eslint/no-explicit-any
  225:42   warning  Unexpected any. Specify a different type                                                                                            @typescript-eslint/no-explicit-any
  282:53   warning  Unexpected any. Specify a different type                                                                                            @typescript-eslint/no-explicit-any
  341:50   warning  Unexpected any. Specify a different type                                                                                            @typescript-eslint/no-explicit-any
  342:29   warning  Unexpected any. Specify a different type                                                                                            @typescript-eslint/no-explicit-any
  343:32   warning  Unexpected any. Specify a different type                                                                                            @typescript-eslint/no-explicit-any
  405:43   warning  Unexpected any. Specify a different type                                                                                            @typescript-eslint/no-explicit-any
  406:103  warning  Unexpected any. Specify a different type                                                                                            @typescript-eslint/no-explicit-any
  407:30   warning  Unexpected any. Specify a different type                                                                                            @typescript-eslint/no-explicit-any
  447:45   warning  Unexpected any. Specify a different type                                                                                            @typescript-eslint/no-explicit-any
  448:109  warning  Unexpected any. Specify a different type                                                                                            @typescript-eslint/no-explicit-any
  449:31   warning  Unexpected any. Specify a different type                                                                                            @typescript-eslint/no-explicit-any
  506:44   warning  Unexpected any. Specify a different type                                                                                            @typescript-eslint/no-explicit-any
  515:26   warning  Unexpected any. Specify a different type                                                                                            @typescript-eslint/no-explicit-any
  529:26   warning  Unexpected any. Specify a different type                                                                                            @typescript-eslint/no-explicit-any
  533:25   warning  Unexpected any. Specify a different type                                                                                            @typescript-eslint/no-explicit-any
  538:41   warning  Unexpected any. Specify a different type                                                                                            @typescript-eslint/no-explicit-any
  539:112  warning  Unexpected any. Specify a different type                                                                                            @typescript-eslint/no-explicit-any
  540:33   warning  Unexpected any. Specify a different type                                                                                            @typescript-eslint/no-explicit-any
  546:41   warning  Unexpected any. Specify a different type                                                                                            @typescript-eslint/no-explicit-any
  549:86   warning  Unexpected any. Specify a different type                                                                                            @typescript-eslint/no-explicit-any
  550:32   warning  Unexpected any. Specify a different type                                                                                            @typescript-eslint/no-explicit-any
  559:46   warning  Unexpected any. Specify a different type                                                                                            @typescript-eslint/no-explicit-any
  593:45   warning  Unexpected any. Specify a different type                                                                                            @typescript-eslint/no-explicit-any
  594:81   warning  Unexpected any. Specify a different type                                                                                            @typescript-eslint/no-explicit-any
  595:30   warning  Unexpected any. Specify a different type                                                                                            @typescript-eslint/no-explicit-any
  629:6    warning  React Hook useCallback has missing dependencies: 'boostFields' and 'dateRange'. Either include them or remove the dependency array  react-hooks/exhaustive-deps
  848:83   warning  Unexpected any. Specify a different type                                                                                            @typescript-eslint/no-explicit-any
  860:39   warning  Unexpected any. Specify a different type                                                                                            @typescript-eslint/no-explicit-any
  861:64   warning  Unexpected any. Specify a different type                                                                                            @typescript-eslint/no-explicit-any
  862:28   warning  Unexpected any. Specify a different type                                                                                            @typescript-eslint/no-explicit-any
  873:27   warning  Unexpected any. Specify a different type                                                                                            @typescript-eslint/no-explicit-any
  874:75   warning  Unexpected any. Specify a different type                                                                                            @typescript-eslint/no-explicit-any
  875:36   warning  Unexpected any. Specify a different type                                                                                            @typescript-eslint/no-explicit-any
  913:39   warning  Unexpected any. Specify a different type                                                                                            @typescript-eslint/no-explicit-any
  995:47   warning  Unexpected any. Specify a different type                                                                                            @typescript-eslint/no-explicit-any
  996:35   warning  Unexpected any. Specify a different type                                                                                            @typescript-eslint/no-explicit-any
  997:30   warning  Unexpected any. Specify a different type                                                                                            @typescript-eslint/no-explicit-any

✖ 42 problems (0 errors, 42 warnings)

