
 RUN  v4.0.18 /Users/macbook-dev/Documents/GitHub/tldw_server2/apps/packages/ui

(node:78862) ExperimentalWarning: localStorage is not available because --localstorage-file was not provided.
(Use `node --trace-warnings ...` to show where the warning was created)
 ✓ src/components/Review/hooks/__tests__/useMediaSearch.outage.test.tsx (3 tests) 169ms
(node:78865) ExperimentalWarning: localStorage is not available because --localstorage-file was not provided.
(Use `node --trace-warnings ...` to show where the warning was created)
stderr | src/components/Review/__tests__/MediaReviewPage.stage3.search-filter-sort.test.tsx > MediaReviewPage stage3 search/filter/sort > renders sort control and date range group in filter controls
Warning: You provided a `value` prop to a form field without an `onChange` handler. This will render a read-only field. If the field should be mutable use `defaultValue`. Otherwise, set either `onChange` or `readOnly`.
    at input
    at /Users/macbook-dev/Documents/GitHub/tldw_server2/apps/packages/ui/src/components/Review/__tests__/MediaReviewPage.stage3.search-filter-sort.test.tsx:141:8
    at div
    at div
    at MediaReviewResultsList (/Users/macbook-dev/Documents/GitHub/tldw_server2/apps/packages/ui/src/components/Review/MediaReviewResultsList.tsx:16:35)
    at div
    at div
    at div
    at div
    at ResizablePanels (/Users/macbook-dev/Documents/GitHub/tldw_server2/apps/packages/ui/src/components/Review/ResizablePanels.tsx:7:3)
    at div
    at div
    at MediaReviewPage (/Users/macbook-dev/Documents/GitHub/tldw_server2/apps/packages/ui/src/components/Review/MediaReviewPage.tsx:30:54)

stderr | src/components/Review/__tests__/MediaReviewPage.stage3.search-filter-sort.test.tsx > MediaReviewPage stage3 search/filter/sort > sends selected sort/date filters in search payload
Warning: You provided a `value` prop to a form field without an `onChange` handler. This will render a read-only field. If the field should be mutable use `defaultValue`. Otherwise, set either `onChange` or `readOnly`.
    at input
    at /Users/macbook-dev/Documents/GitHub/tldw_server2/apps/packages/ui/src/components/Review/__tests__/MediaReviewPage.stage3.search-filter-sort.test.tsx:141:8
    at div
    at div
    at MediaReviewResultsList (/Users/macbook-dev/Documents/GitHub/tldw_server2/apps/packages/ui/src/components/Review/MediaReviewResultsList.tsx:16:35)
    at div
    at div
    at div
    at div
    at ResizablePanels (/Users/macbook-dev/Documents/GitHub/tldw_server2/apps/packages/ui/src/components/Review/ResizablePanels.tsx:7:3)
    at div
    at div
    at MediaReviewPage (/Users/macbook-dev/Documents/GitHub/tldw_server2/apps/packages/ui/src/components/Review/MediaReviewPage.tsx:30:54)

stderr | src/components/Review/__tests__/MediaReviewPage.stage3.search-filter-sort.test.tsx > MediaReviewPage stage3 search/filter/sort > shows full-content search scope copy and progress feedback
Warning: You provided a `value` prop to a form field without an `onChange` handler. This will render a read-only field. If the field should be mutable use `defaultValue`. Otherwise, set either `onChange` or `readOnly`.
    at input
    at /Users/macbook-dev/Documents/GitHub/tldw_server2/apps/packages/ui/src/components/Review/__tests__/MediaReviewPage.stage3.search-filter-sort.test.tsx:141:8
    at div
    at div
    at MediaReviewResultsList (/Users/macbook-dev/Documents/GitHub/tldw_server2/apps/packages/ui/src/components/Review/MediaReviewResultsList.tsx:16:35)
    at div
    at div
    at div
    at div
    at ResizablePanels (/Users/macbook-dev/Documents/GitHub/tldw_server2/apps/packages/ui/src/components/Review/ResizablePanels.tsx:7:3)
    at div
    at div
    at MediaReviewPage (/Users/macbook-dev/Documents/GitHub/tldw_server2/apps/packages/ui/src/components/Review/MediaReviewPage.tsx:30:54)

stderr | src/components/Review/__tests__/MediaReviewPage.stage3.search-filter-sort.test.tsx > MediaReviewPage stage3 search/filter/sort > shows removable filter chips and removes chip actions
Warning: You provided a `value` prop to a form field without an `onChange` handler. This will render a read-only field. If the field should be mutable use `defaultValue`. Otherwise, set either `onChange` or `readOnly`.
    at input
    at /Users/macbook-dev/Documents/GitHub/tldw_server2/apps/packages/ui/src/components/Review/__tests__/MediaReviewPage.stage3.search-filter-sort.test.tsx:141:8
    at div
    at div
    at MediaReviewResultsList (/Users/macbook-dev/Documents/GitHub/tldw_server2/apps/packages/ui/src/components/Review/MediaReviewResultsList.tsx:16:35)
    at div
    at div
    at div
    at div
    at ResizablePanels (/Users/macbook-dev/Documents/GitHub/tldw_server2/apps/packages/ui/src/components/Review/ResizablePanels.tsx:7:3)
    at div
    at div
    at MediaReviewPage (/Users/macbook-dev/Documents/GitHub/tldw_server2/apps/packages/ui/src/components/Review/MediaReviewPage.tsx:30:54)

 ✓ src/components/Review/__tests__/MediaReviewPage.stage3.search-filter-sort.test.tsx (4 tests) 579ms

 Test Files  2 passed (2)
      Tests  7 passed (7)
   Start at  08:13:45
   Duration  2.95s (transform 626ms, setup 159ms, import 1.30s, tests 749ms, environment 557ms)

