
 RUN  v4.0.18 /Users/macbook-dev/Documents/GitHub/tldw_server2/apps/packages/ui

(node:8009) ExperimentalWarning: localStorage is not available because --localstorage-file was not provided.
(Use `node --trace-warnings ...` to show where the warning was created)
 ❯ src/services/__tests__/background-proxy.test.ts (123 tests | 2 failed | 121 skipped) 628ms
       ↓ redacts genuine direct non-2xx errors before rejection, warnings and stored diagnostics
       ↓ redacts genuine extension non-2xx errors before rejection, warnings and stored diagnostics
       ↓ sanitizes direct returnResponse details while preserving actionable validation and retry metadata
       ↓ sanitizes extension returnResponse details while preserving actionable validation and retry metadata
       ↓ preserves successful direct assistant content including paths, code and error-like text
       ↓ preserves successful extension assistant content including paths, code and error-like text
       ↓ preserves direct cancellation identity without logging or retrying
       ↓ preserves extension cancellation identity without logging or retrying
       ↓ preserves failure codes and retry metadata in extension returnResponse
       × retains direct text-only cancellation classification before shortening error text 616ms
       × retains extension text-only cancellation classification before shortening error text 11ms
       ↓ retains existing error behavior for 'GET' '/api/v1/chat/completions'
       ↓ retains existing error behavior for 'POST' '/api/v1/chat/completions/other'
       ↓ retains existing error behavior for 'POST' '/api/v1/chats/'
     ↓ does not fall back to direct request when background returns non-2xx
     ↓ does not replay a scoped POST when the response port closes ambiguously
     ↓ does not directly dispatch a captured refresh after 'target' drift
     ↓ does not directly dispatch a captured refresh after 'refresh lineage' drift
     ↓ does not directly dispatch after a same-target single-user API-key change
     ↓ directly dispatches with the same captured single-user API-key scope
     ↓ does not warn for expected response statuses
     ↓ sanitizes RAG provider diagnostics at the 'extension direct detail' transport boundary
     ↓ sanitizes RAG provider diagnostics at the 'direct fallback nested detail' transport boundary
     ↓ sanitizes RAG provider diagnostics at the 'extension malformed detail' transport boundary
     ↓ keeps concurrent RAG provider failures isolated at the transport boundary
     ↓ preserves Service Prompt reset metadata while redacting proxy errors
     ↓ preserves a scoped RAG rejection while redacting provider diagnostics
     ↓ keeps auth enabled for same-origin absolute URLs in background requests
     ↓ skips auth for cross-origin absolute URLs in background requests
     ↓ normalizes legacy media listing paths before forwarding request
     ↓ emits backend-unreachable event when API request fails with network status 0
     ↓ keeps workspace migration chunk network failures scoped out of the global backend-unreachable modal
     ↓ keeps workspace source refresh network failures scoped out of the global backend-unreachable modal
     ↓ keeps workspace upsert reconciliation failures scoped out of the global backend-unreachable modal
     ↓ keeps Research Workspace chat command bootstrap failures scoped out of the global backend-unreachable modal
     ↓ keeps optional audio voice bootstrap failures scoped out of the global backend-unreachable modal
     ↓ keeps optional ingestion-source capability bootstrap failures scoped out of the global backend-unreachable modal
     ↓ keeps caller-handled best-effort failures scoped out of the global backend-unreachable modal
     ↓ classifies aborted direct fallback requests as AbortError
     ↓ preserves code-only cancellation identity without diagnostics or outage events
     ↓ falls back to direct request on GET extension timeout
     ↓ bypasses extension messaging for direct-preferred requests
     ↓ bypasses extension messaging for audio-studio artifact media arrayBuffer requests
     ↓ does not bypass extension messaging for unrelated audio-studio arrayBuffer requests
     ↓ falls back to direct arrayBuffer requests while preserving response metadata
     ↓ does not fall back to direct request on POST extension timeout
     ↓ falls back to direct request for idempotent Web Clipper saves on extension timeout
     ↓ waits beyond the short safe-method timeout for unsafe background writes
     ↓ cancels a scoped worker request when the caller aborts after dispatch
     ↓ cancels a scoped worker request when its runtime response times out
     ↓ does not fall back to direct upload when background returns non-2xx
     ↓ does not replay a scoped upload when the response port closes ambiguously
     ↓ bypasses extension messaging for direct-preferred uploads
     ↓ hydrates an origin-bound session key for direct uploads without persisting it
     ↓ hydrates an origin-bound session key for direct HTTP streams without persisting it
     ↓ uses cookie auth with current CSRF for direct POST streams
     ↓ uses cookie auth with current CSRF for direct PATCH streams
     ↓ appends multiple named files for direct-preferred uploads
     ↓ appends single direct-fallback uploads to files and the legacy file alias
     ↓ forwards multiple files through extension upload messaging
     ↓ forwards captured scope controls through extension upload messaging
     ↓ does not dispatch a scoped upload to ambiguous pathname /api/v1/chats/%2e%2e/messages
     ↓ does not dispatch a scoped upload to ambiguous pathname /api/v1/chats/chat%2fid/messages
     ↓ does not dispatch a scoped upload to ambiguous pathname /api/v1/chats/chat%5cid/messages
     ↓ cancels a scoped worker upload while waiting for its response
     ↓ cancels a scoped worker upload when its runtime response times out
     ↓ does not dispatch an extension upload for an already-aborted scope
     ↓ forwards captured scope controls to direct uploads
     ↓ does not fall back to direct upload on POST extension timeout
     ↓ does not directly upload after a same-target single-user API-key change
     ↓ sanitizes opted-in RAG direct-stream non-2xx failures before throwing
     ↓ sanitizes opted-in RAG extension stream error messages before throwing
     ↓ sanitizes opted-in RAG early stream transport errors without replay
     ↓ sanitizes opted-in RAG partial-stream interruption payloads
     ↓ uses a client-owned RAG abort error during the direct reader race
     ↓ uses a client-owned RAG abort error during the extension connect race
     ↓ uses a client-owned RAG abort error during the extension dispatch race
     ↓ does not replay a non-idempotent POST when port errors before first data chunk
     ↓ replays an idempotent GET stream via direct fetch when port errors before first data chunk
     ↓ does not replay POST streams after an ambiguous postMessage failure
     ↓ does not replay a non-idempotent POST after a response-acquisition timeout
     ↓ classifies direct stream aborts as AbortError
     ↓ treats post-first-chunk transport disconnect as graceful end
     ↓ falls back to direct stream when runtime.connect throws
     ↓ does not fall back to direct stream on HTTP status errors from port transport
     ↓ preserves Retry-After on direct stream fallback errors
     ↓ blocks unallowlisted absolute URLs in direct stream fallback
     ↓ preserves auth headers for same-origin absolute URLs in direct stream fallback
     ↓ uses the runtime single-user key for WebUI direct stream fallback
     ↓ ignores whitespace runtime single-user keys for direct stream auth
     ↓ uses hosted WebUI stream transport without browser auth headers
     ↓ uses resolved advanced transport origin for stream and refresh when serverUrl is unset
     ↓ does not refresh or re-add auth for cross-origin absolute stream URLs
     ↓ persists guarded token rotation during direct stream refresh retry
     ↓ does not overwrite or retry a direct stream under an account selected during refresh
     ↓ falls back directly when runtime ping preflight times out
     ↓ cooperatively yields while draining large stream queues
     ↓ signals response acquisition before the first stream data item
     ↓ preserves chunk ordering when draining queued stream data
     ↓ uses one immutable direct config snapshot for both reuse scope and execution
     ↓ does not coalesce requests owned by extension runtime messaging
     ↓ does not coalesce 'missing config' requests
     ↓ does not coalesce 'anonymous multi-user config' requests
     ↓ does not coalesce 'cookie-session config' requests
     ↓ allows an explicitly noAuth direct request to coalesce without a principal
     ↓ coalesces identical requests that use the same direct snapshot
     ↓ uses refreshed credentials without reusing the old principal's in-flight result
     ↓ does not put raw token material into the direct reuse key
     ↓ does not build a reuse key from caller-provided secret header values
     ↓ partitions concurrent identical GETs by resolved server
     ↓ partitions concurrent identical GETs by resolved principal
     ↓ keeps same-scope GET coalescing after resolving configuration
     ↓ does not reuse a principal's 429 cooldown for another principal
     ↓ coalesces concurrent identical GETs into a single underlying request
     ↓ coalesces serialized returnResponse GETs
     ↓ coalesces equivalent normalized expected-status contracts
     ↓ does not coalesce different expected-status contracts
     ↓ coalesces expected-status errors without changing rejection behavior
     ↓ does not coalesce returnResponse GETs with data-only GETs
     ↓ reuses a recent rate-limited GET failure instead of bursting
     ↓ does not coalesce POST requests
     ↓ does not coalesce GETs with different timeoutMs
     ↓ does not coalesce absolute-URL GETs that differ only by noAuth omitted vs false

⎯⎯⎯⎯⎯⎯⎯ Failed Tests 2 ⎯⎯⎯⎯⎯⎯⎯

 FAIL  src/services/__tests__/background-proxy.test.ts > background proxy fallback safety > failed Chat completion transport > retains direct text-only cancellation classification before shortening error text
AssertionError: expected Error: Provider (POST /api/v1/chat/comple… { …(4) } to match object { name: 'AbortError', …(2) }
(6 matching properties omitted from actual)

- Expected
+ Received

- {
-   "code": "REQUEST_ABORTED",
-   "name": "AbortError",
+ Error {
    "status": 499,
  }

 ❯ src/services/__tests__/background-proxy.test.ts:279:11
    277|         try {
    278|           const init = { path: "/api/v1/chat/completions" as const, me…
    279|           await expect(bgRequest(init)).rejects.toMatchObject({
       |           ^
    280|             name: "AbortError", code: "REQUEST_ABORTED", status: 499
    281|           })

⎯⎯⎯⎯⎯⎯⎯⎯⎯⎯⎯⎯⎯⎯⎯⎯⎯⎯⎯⎯⎯⎯⎯⎯[1/2]⎯

 FAIL  src/services/__tests__/background-proxy.test.ts > background proxy fallback safety > failed Chat completion transport > retains extension text-only cancellation classification before shortening error text
AssertionError: expected Error: Provider (POST /api/v1/chat/comple… { …(5) } to match object { name: 'AbortError', …(2) }
(7 matching properties omitted from actual)

- Expected
+ Received

- {
-   "code": "REQUEST_ABORTED",
-   "name": "AbortError",
+ Error {
    "status": 499,
  }

 ❯ src/services/__tests__/background-proxy.test.ts:279:11
    277|         try {
    278|           const init = { path: "/api/v1/chat/completions" as const, me…
    279|           await expect(bgRequest(init)).rejects.toMatchObject({
       |           ^
    280|             name: "AbortError", code: "REQUEST_ABORTED", status: 499
    281|           })

⎯⎯⎯⎯⎯⎯⎯⎯⎯⎯⎯⎯⎯⎯⎯⎯⎯⎯⎯⎯⎯⎯⎯⎯[2/2]⎯


 Test Files  1 failed (1)
      Tests  2 failed | 121 skipped (123)
   Start at  14:57:06
   Duration  1.38s (transform 594ms, setup 120ms, import 116ms, tests 628ms, environment 396ms)
