
 RUN  v4.0.18 /Users/macbook-dev/Documents/GitHub/tldw_server2/apps/tldw-frontend

(node:86614) ExperimentalWarning: localStorage is not available because --localstorage-file was not provided.
(Use `node --trace-warnings ...` to show where the warning was created)
 ❯ ../packages/ui/src/hooks/chat/__tests__/useChatActions.saved-normal.integration.test.tsx (0 test)
(node:86617) ExperimentalWarning: localStorage is not available because --localstorage-file was not provided.
(Use `node --trace-warnings ...` to show where the warning was created)
stderr | ../packages/ui/src/components/Option/Playground/__tests__/PlaygroundChatErrorBanner.test.tsx > PlaygroundChatErrorBanner > renders real unavailable-model guidance and opens model selection with inline Retry=false
react-i18next:: useTranslation: You will need to pass in an i18next instance by using initReactI18next { code: 'NO_I18NEXT_INSTANCE' }

 ✓ ../packages/ui/src/components/Option/Playground/__tests__/PlaygroundChatErrorBanner.test.tsx (18 tests) 133ms
(node:86618) ExperimentalWarning: localStorage is not available because --localstorage-file was not provided.
(Use `node --trace-warnings ...` to show where the warning was created)
stderr | ../packages/ui/src/hooks/chat/__tests__/useChatActions.character.integration.test.tsx > useChatActions character integration > forwards the confirmed assistant ID from fallback success to local persistence
Failed to persist assistant message via completions/persist: Error: Persist endpoint unavailable
    at /Users/macbook-dev/Documents/GitHub/tldw_server2/apps/packages/ui/src/hooks/chat/__tests__/useChatActions.character.integration.test.tsx:843:9
    at file:///Users/macbook-dev/Documents/GitHub/tldw_server2/apps/node_modules/.bun/@vitest+runner@4.0.18/node_modules/@vitest/runner/dist/index.js:1026:60
    at file:///Users/macbook-dev/Documents/GitHub/tldw_server2/apps/node_modules/.bun/@vitest+runner@4.0.18/node_modules/@vitest/runner/dist/index.js:145:11
    at file:///Users/macbook-dev/Documents/GitHub/tldw_server2/apps/node_modules/.bun/@vitest+runner@4.0.18/node_modules/@vitest/runner/dist/index.js:915:26
    at file:///Users/macbook-dev/Documents/GitHub/tldw_server2/apps/node_modules/.bun/@vitest+runner@4.0.18/node_modules/@vitest/runner/dist/index.js:1243:20
    at new Promise (<anonymous>)
    at runWithTimeout (file:///Users/macbook-dev/Documents/GitHub/tldw_server2/apps/node_modules/.bun/@vitest+runner@4.0.18/node_modules/@vitest/runner/dist/index.js:1209:10)
    at file:///Users/macbook-dev/Documents/GitHub/tldw_server2/apps/node_modules/.bun/@vitest+runner@4.0.18/node_modules/@vitest/runner/dist/index.js:1653:37
    at Traces.$ (file:///Users/macbook-dev/Documents/GitHub/tldw_server2/apps/node_modules/.bun/vitest@4.0.18+08ee8852a9d25cb0/node_modules/vitest/dist/chunks/traces.CCmnQaNT.js:142:27)
    at trace (file:///Users/macbook-dev/Documents/GitHub/tldw_server2/apps/node_modules/.bun/vitest@4.0.18+08ee8852a9d25cb0/node_modules/vitest/dist/chunks/test.B8ej_ZHS.js:239:21)

stderr | ../packages/ui/src/hooks/chat/__tests__/useChatActions.character.integration.test.tsx > useChatActions character integration > forwards the confirmed assistant ID from degraded success to local persistence
Failed to persist assistant message via completions/persist: Error: Saved with validation warning
    at /Users/macbook-dev/Documents/GitHub/tldw_server2/apps/packages/ui/src/hooks/chat/__tests__/useChatActions.character.integration.test.tsx:844:23
    at file:///Users/macbook-dev/Documents/GitHub/tldw_server2/apps/node_modules/.bun/@vitest+runner@4.0.18/node_modules/@vitest/runner/dist/index.js:1026:60
    at file:///Users/macbook-dev/Documents/GitHub/tldw_server2/apps/node_modules/.bun/@vitest+runner@4.0.18/node_modules/@vitest/runner/dist/index.js:145:11
    at file:///Users/macbook-dev/Documents/GitHub/tldw_server2/apps/node_modules/.bun/@vitest+runner@4.0.18/node_modules/@vitest/runner/dist/index.js:915:26
    at file:///Users/macbook-dev/Documents/GitHub/tldw_server2/apps/node_modules/.bun/@vitest+runner@4.0.18/node_modules/@vitest/runner/dist/index.js:1243:20
    at new Promise (<anonymous>)
    at runWithTimeout (file:///Users/macbook-dev/Documents/GitHub/tldw_server2/apps/node_modules/.bun/@vitest+runner@4.0.18/node_modules/@vitest/runner/dist/index.js:1209:10)
    at file:///Users/macbook-dev/Documents/GitHub/tldw_server2/apps/node_modules/.bun/@vitest+runner@4.0.18/node_modules/@vitest/runner/dist/index.js:1653:37
    at Traces.$ (file:///Users/macbook-dev/Documents/GitHub/tldw_server2/apps/node_modules/.bun/vitest@4.0.18+08ee8852a9d25cb0/node_modules/vitest/dist/chunks/traces.CCmnQaNT.js:142:27)
    at trace (file:///Users/macbook-dev/Documents/GitHub/tldw_server2/apps/node_modules/.bun/vitest@4.0.18+08ee8852a9d25cb0/node_modules/vitest/dist/chunks/test.B8ej_ZHS.js:239:21) {
  status: 503,
  detail: {
    code: 'persist_validation_degraded',
    saved: true,
    assistant_message_id: 'fallback-assistant'
  }
}

 ✓ ../packages/ui/src/hooks/chat/__tests__/useChatActions.character.integration.test.tsx (47 tests) 159ms
(node:86621) ExperimentalWarning: localStorage is not available because --localstorage-file was not provided.
(Use `node --trace-warnings ...` to show where the warning was created)
stderr | ../packages/ui/src/services/tldw/__tests__/TldwChat.abort.test.ts > TldwChatService abort lifecycle > preserves a streaming request-scope change error
Stream completion failed: scope changed

stderr | ../packages/ui/src/services/tldw/__tests__/TldwChat.abort.test.ts > TldwChatService abort lifecycle > aborts the internal request when the caller's signal fires
Stream completion failed: Aborted

stderr | ../packages/ui/src/services/tldw/__tests__/TldwChat.abort.test.ts > TldwChatService abort lifecycle > cancelStream aborts every in-flight stream (global stop everything)
Stream completion failed: Aborted

stderr | ../packages/ui/src/services/tldw/__tests__/TldwChat.abort.test.ts > TldwChatService abort lifecycle > cancelStream aborts every in-flight stream (global stop everything)
Stream completion failed: Aborted

 ✓ ../packages/ui/src/services/tldw/__tests__/TldwChat.abort.test.ts (10 tests) 6ms
(node:86624) ExperimentalWarning: localStorage is not available because --localstorage-file was not provided.
(Use `node --trace-warnings ...` to show where the warning was created)
 ✓ ../packages/ui/src/utils/__tests__/server-error-message.test.ts (9 tests) 2ms

⎯⎯⎯⎯⎯⎯ Failed Suites 1 ⎯⎯⎯⎯⎯⎯⎯

 FAIL  ../packages/ui/src/hooks/chat/__tests__/useChatActions.saved-normal.integration.test.tsx [ ../packages/ui/src/hooks/chat/__tests__/useChatActions.saved-normal.integration.test.tsx ]
Error: [vitest] There was an error when mocking a module. If you are using "vi.mock" factory, make sure there are no top level variables inside, since this call is hoisted to top of the file. Read more: https://vitest.dev/api/vi.html#vi-mock
 ❯ ../packages/ui/src/hooks/chat-modes/normalChatMode.ts:11:1
      9| import { generateHistory } from "@/utils/generate-history"
     10| import { createImageDataUrl } from "@/utils/image-utils"
     11| import { humanMessageFormatter } from "@/utils/human-message"
       | ^
     12| import { systemPromptFormatter } from "@/utils/system-message"
     13| import type { ActorSettings } from "@/types/actor"
 ❯ ../packages/ui/src/hooks/chat/useChatActions.ts:33:1

Caused by: Error: Failed to resolve import "pa-tesseract.js" from "../packages/ui/src/utils/ocr.ts". Does the file exist?
  Plugin: vite:import-analysis
  File: /Users/macbook-dev/Documents/GitHub/tldw_server2/apps/packages/ui/src/utils/ocr.ts:2:29
  1  |  import { getOCRLanguageToUse, isOfflineOCR, isOcrEnabled } from "@/services/ocr";
  2  |  import { createWorker } from "pa-tesseract.js";
     |                                ^
  3  |  const OCR_CDN_BASE = "https://cdn.jsdelivr.net/npm/pa-tesseract.js@5.1.1/dist";
  4  |  export async function processImageForOCR(imageData) {
 ❯ TransformPluginContext._formatLog ../node_modules/.bun/vite@7.3.1+81e700f104edcbd1/node_modules/vite/dist/node/chunks/config.js:28999:43
 ❯ TransformPluginContext.error ../node_modules/.bun/vite@7.3.1+81e700f104edcbd1/node_modules/vite/dist/node/chunks/config.js:28996:14
 ❯ normalizeUrl ../node_modules/.bun/vite@7.3.1+81e700f104edcbd1/node_modules/vite/dist/node/chunks/config.js:27119:18
 ❯ ../node_modules/.bun/vite@7.3.1+81e700f104edcbd1/node_modules/vite/dist/node/chunks/config.js:27177:32
 ❯ TransformPluginContext.transform ../node_modules/.bun/vite@7.3.1+81e700f104edcbd1/node_modules/vite/dist/node/chunks/config.js:27145:4
 ❯ EnvironmentPluginContainer.transform ../node_modules/.bun/vite@7.3.1+81e700f104edcbd1/node_modules/vite/dist/node/chunks/config.js:28797:14
 ❯ loadAndTransform ../node_modules/.bun/vite@7.3.1+81e700f104edcbd1/node_modules/vite/dist/node/chunks/config.js:22670:26

⎯⎯⎯⎯⎯⎯⎯⎯⎯⎯⎯⎯⎯⎯⎯⎯⎯⎯⎯⎯⎯⎯⎯⎯[1/1]⎯


 Test Files  1 failed | 4 passed (5)
      Tests  84 passed (84)
   Start at  15:30:58
   Duration  3.62s (transform 702ms, setup 292ms, import 752ms, tests 300ms, environment 1.02s)

