
 RUN  v4.0.18 /Users/macbook-dev/Documents/GitHub/tldw_server2/apps/packages/ui

(node:87364) ExperimentalWarning: localStorage is not available because --localstorage-file was not provided.
(Use `node --trace-warnings ...` to show where the warning was created)
stdout | src/hooks/chat/__tests__/useChatActions.saved-normal.integration.test.tsx > saved normal Chat pipeline with autosave > UAT157 'both ACKs / capability false'
Using normalChatMode

stdout | src/hooks/chat/__tests__/useChatActions.saved-normal.integration.test.tsx > saved normal Chat pipeline with autosave > UAT157 'both ACKs / capability error'
Using normalChatMode

stdout | src/hooks/chat/__tests__/useChatActions.saved-normal.integration.test.tsx > saved normal Chat pipeline with autosave > UAT157 'both ACKs / capability true control'
Using normalChatMode

stdout | src/hooks/chat/__tests__/useChatActions.saved-normal.integration.test.tsx > saved normal Chat pipeline with autosave > UAT157 'user ACK only / persist genuinely uns…'
Using normalChatMode

stdout | src/hooks/chat/__tests__/useChatActions.saved-normal.integration.test.tsx > saved normal Chat pipeline with autosave > UAT157 'assistant ACK only / persist genuinel…'
Using normalChatMode

stdout | src/hooks/chat/__tests__/useChatActions.saved-normal.integration.test.tsx > saved normal Chat pipeline with autosave > UAT157 'no ACK / ordinary unpersisted text fa…'
Using normalChatMode

stdout | src/hooks/chat/__tests__/useChatActions.saved-normal.integration.test.tsx > saved normal Chat pipeline with autosave > UAT157 'no ACK / ordinary fallback on capabil…'
Using normalChatMode

stdout | src/hooks/chat/__tests__/useChatActions.saved-normal.integration.test.tsx > saved normal Chat pipeline with autosave > UAT131 promotes exact greeting identity through loader, send and reload: immediate
Using normalChatMode

stdout | src/hooks/chat/__tests__/useChatActions.saved-normal.integration.test.tsx > saved normal Chat pipeline with autosave > UAT131 promotes exact greeting identity through loader, send and reload: delayed ACK
Using normalChatMode

stdout | src/hooks/chat/__tests__/useChatActions.saved-normal.integration.test.tsx > saved normal Chat pipeline with autosave > UAT131 promotes exact greeting identity through loader, send and reload: ambiguous ACK
Using normalChatMode

stdout | src/hooks/chat/__tests__/useChatActions.saved-normal.integration.test.tsx > saved normal Chat pipeline with autosave > retains incomplete promotion across same-authority reconnect after 0 copies
Using normalChatMode

stdout | src/hooks/chat/__tests__/useChatActions.saved-normal.integration.test.tsx > saved normal Chat pipeline with autosave > retains incomplete promotion across same-authority reconnect after 1 copies
Using normalChatMode

stdout | src/hooks/chat/__tests__/useChatActions.saved-normal.integration.test.tsx > saved normal Chat pipeline with autosave > UAT103 excludes the local diagnostic from a later global RAG question rewrite
Using ragMode

stdout | src/hooks/chat/__tests__/useChatActions.saved-normal.integration.test.tsx > saved normal Chat pipeline with autosave > UAT103 excludes the local diagnostic from a later global RAG question rewrite
Using ragMode

stdout | src/hooks/chat/__tests__/useChatActions.saved-normal.integration.test.tsx > saved normal Chat pipeline with autosave > UAT103 Continue retries an exact pending source diagnostic instead of extending its prose
Using ragMode

stdout | src/hooks/chat/__tests__/useChatActions.saved-normal.integration.test.tsx > saved normal Chat pipeline with autosave > UAT103 Continue retries an exact pending source diagnostic instead of extending its prose
Using ragMode

stdout | src/hooks/chat/__tests__/useChatActions.saved-normal.integration.test.tsx > saved normal Chat pipeline with autosave > UAT103 Continue reports the exact diagnostic Retry outcome: provider failed
Using ragMode

stdout | src/hooks/chat/__tests__/useChatActions.saved-normal.integration.test.tsx > saved normal Chat pipeline with autosave > UAT103 preserves ordinary Continue of Complete answer
Using continueChatMode

stdout | src/hooks/chat/__tests__/useChatActions.saved-normal.integration.test.tsx > saved normal Chat pipeline with autosave > UAT103 preserves ordinary Continue of Partial answer
Using continueChatMode

stdout | src/hooks/chat/__tests__/useChatActions.saved-normal.integration.test.tsx > saved normal Chat pipeline with autosave > UAT103 keeps a retrieval failure local through actual action, reload and next completion
Using ragMode

stdout | src/hooks/chat/__tests__/useChatActions.saved-normal.integration.test.tsx > saved normal Chat pipeline with autosave > UAT103 keeps a retrieval failure local through actual action, reload and next completion
Using ragMode

stdout | src/hooks/chat/__tests__/useChatActions.saved-normal.integration.test.tsx > saved normal Chat pipeline with autosave > UAT103 keeps a no evidence local through actual action, reload and next completion
Using ragMode

stdout | src/hooks/chat/__tests__/useChatActions.saved-normal.integration.test.tsx > saved normal Chat pipeline with autosave > UAT103 keeps a no evidence local through actual action, reload and next completion
Using ragMode

stdout | src/hooks/chat/__tests__/useChatActions.saved-normal.integration.test.tsx > saved normal Chat pipeline with autosave > UAT103 retries the exact local source question and restores real context (temporary false)
Using ragMode

stdout | src/hooks/chat/__tests__/useChatActions.saved-normal.integration.test.tsx > saved normal Chat pipeline with autosave > UAT103 retries the exact local source question and restores real context (temporary false)
Using ragMode

stdout | src/hooks/chat/__tests__/useChatActions.saved-normal.integration.test.tsx > saved normal Chat pipeline with autosave > UAT103 retries the exact local source question and restores real context (temporary false)
Using ragMode

stdout | src/hooks/chat/__tests__/useChatActions.saved-normal.integration.test.tsx > saved normal Chat pipeline with autosave > UAT103 retries the exact local source question and restores real context (temporary false)
Using ragMode

stdout | src/hooks/chat/__tests__/useChatActions.saved-normal.integration.test.tsx > saved normal Chat pipeline with autosave > UAT103 retries the exact local source question and restores real context (temporary true)
Using ragMode

stdout | src/hooks/chat/__tests__/useChatActions.saved-normal.integration.test.tsx > saved normal Chat pipeline with autosave > UAT103 retries the exact local source question and restores real context (temporary true)
Using ragMode

stdout | src/hooks/chat/__tests__/useChatActions.saved-normal.integration.test.tsx > saved normal Chat pipeline with autosave > UAT103 retries the exact local source question and restores real context (temporary true)
Using ragMode

stdout | src/hooks/chat/__tests__/useChatActions.saved-normal.integration.test.tsx > saved normal Chat pipeline with autosave > UAT103 retries the exact local source question and restores real context (temporary true)
Using ragMode

stdout | src/hooks/chat/__tests__/useChatActions.saved-normal.integration.test.tsx > saved normal Chat pipeline with autosave > UAT103 preserves ordinary handled text fallback: undefined
Using ragMode

stdout | src/hooks/chat/__tests__/useChatActions.saved-normal.integration.test.tsx > saved normal Chat pipeline with autosave > UAT103 preserves ordinary handled text fallback: undefined
Using ragMode

stdout | src/hooks/chat/__tests__/useChatActions.saved-normal.integration.test.tsx > saved normal Chat pipeline with autosave > UAT103 preserves ordinary handled text fallback: {"mode":"rag","grounded":true,"reason":"selected_source_retrieval_failed"}
Using ragMode

stdout | src/hooks/chat/__tests__/useChatActions.saved-normal.integration.test.tsx > saved normal Chat pipeline with autosave > UAT103 preserves ordinary handled text fallback: {"mode":"rag","grounded":true,"reason":"selected_source_retrieval_failed"}
Using ragMode

stdout | src/hooks/chat/__tests__/useChatActions.saved-normal.integration.test.tsx > saved normal Chat pipeline with autosave > UAT103 preserves ordinary handled text fallback: {"mode":"normal","grounded":false,"reason":"selected_source_retrieval_failed"}
Using ragMode

stdout | src/hooks/chat/__tests__/useChatActions.saved-normal.integration.test.tsx > saved normal Chat pipeline with autosave > UAT103 preserves ordinary handled text fallback: {"mode":"normal","grounded":false,"reason":"selected_source_retrieval_failed"}
Using ragMode

stdout | src/hooks/chat/__tests__/useChatActions.saved-normal.integration.test.tsx > saved normal Chat pipeline with autosave > UAT103 promotes genuine temporary history with exact receipts while keeping its local diagnostic
Using ragMode

stdout | src/hooks/chat/__tests__/useChatActions.saved-normal.integration.test.tsx > saved normal Chat pipeline with autosave > UAT103 promotes genuine temporary history with exact receipts while keeping its local diagnostic
Using ragMode

stdout | src/hooks/chat/__tests__/useChatActions.saved-normal.integration.test.tsx > saved normal Chat pipeline with autosave > keeps unsupported image work through blocked Retry, actual vision-model selection and canonical remount: '' / prior false
Using normalChatMode

stdout | src/hooks/chat/__tests__/useChatActions.saved-normal.integration.test.tsx > saved normal Chat pipeline with autosave > keeps unsupported image work through blocked Retry, actual vision-model selection and canonical remount: '' / prior false
Using normalChatMode

stdout | src/hooks/chat/__tests__/useChatActions.saved-normal.integration.test.tsx > saved normal Chat pipeline with autosave > keeps unsupported image work through blocked Retry, actual vision-model selection and canonical remount: '' / prior false
Using normalChatMode

stdout | src/hooks/chat/__tests__/useChatActions.saved-normal.integration.test.tsx > saved normal Chat pipeline with autosave > keeps unsupported image work through blocked Retry, actual vision-model selection and canonical remount: '  Keep this image  ' / prior false
Using normalChatMode

stdout | src/hooks/chat/__tests__/useChatActions.saved-normal.integration.test.tsx > saved normal Chat pipeline with autosave > keeps unsupported image work through blocked Retry, actual vision-model selection and canonical remount: '  Keep this image  ' / prior false
Using normalChatMode

stdout | src/hooks/chat/__tests__/useChatActions.saved-normal.integration.test.tsx > saved normal Chat pipeline with autosave > keeps unsupported image work through blocked Retry, actual vision-model selection and canonical remount: '  Keep this image  ' / prior false
Using normalChatMode

stdout | src/hooks/chat/__tests__/useChatActions.saved-normal.integration.test.tsx > saved normal Chat pipeline with autosave > keeps unsupported image work through blocked Retry, actual vision-model selection and canonical remount: '' / prior true
Using normalChatMode

stdout | src/hooks/chat/__tests__/useChatActions.saved-normal.integration.test.tsx > saved normal Chat pipeline with autosave > keeps unsupported image work through blocked Retry, actual vision-model selection and canonical remount: '' / prior true
Using normalChatMode

stdout | src/hooks/chat/__tests__/useChatActions.saved-normal.integration.test.tsx > saved normal Chat pipeline with autosave > keeps unsupported image work through blocked Retry, actual vision-model selection and canonical remount: '' / prior true
Using normalChatMode

stdout | src/hooks/chat/__tests__/useChatActions.saved-normal.integration.test.tsx > saved normal Chat pipeline with autosave > keeps unsupported image work through blocked Retry, actual vision-model selection and canonical remount: '' / prior true
Using normalChatMode

stdout | src/hooks/chat/__tests__/useChatActions.saved-normal.integration.test.tsx > saved normal Chat pipeline with autosave > keeps unsupported image work through blocked Retry, actual vision-model selection and canonical remount: '  Keep this image  ' / prior true
Using normalChatMode

stdout | src/hooks/chat/__tests__/useChatActions.saved-normal.integration.test.tsx > saved normal Chat pipeline with autosave > keeps unsupported image work through blocked Retry, actual vision-model selection and canonical remount: '  Keep this image  ' / prior true
Using normalChatMode

stdout | src/hooks/chat/__tests__/useChatActions.saved-normal.integration.test.tsx > saved normal Chat pipeline with autosave > keeps unsupported image work through blocked Retry, actual vision-model selection and canonical remount: '  Keep this image  ' / prior true
Using normalChatMode

stdout | src/hooks/chat/__tests__/useChatActions.saved-normal.integration.test.tsx > saved normal Chat pipeline with autosave > keeps unsupported image work through blocked Retry, actual vision-model selection and canonical remount: '  Keep this image  ' / prior true
Using normalChatMode

stdout | src/hooks/chat/__tests__/useChatActions.saved-normal.integration.test.tsx > saved normal Chat pipeline with autosave > retains server Retry after an ambiguous transport failure and a later capability refusal: initial refusal false
Using normalChatMode

stdout | src/hooks/chat/__tests__/useChatActions.saved-normal.integration.test.tsx > saved normal Chat pipeline with autosave > retains server Retry after an ambiguous transport failure and a later capability refusal: initial refusal false
Using normalChatMode

stdout | src/hooks/chat/__tests__/useChatActions.saved-normal.integration.test.tsx > saved normal Chat pipeline with autosave > retains server Retry after an ambiguous transport failure and a later capability refusal: initial refusal false
Using normalChatMode

stdout | src/hooks/chat/__tests__/useChatActions.saved-normal.integration.test.tsx > saved normal Chat pipeline with autosave > retains server Retry after an ambiguous transport failure and a later capability refusal: initial refusal true
Using normalChatMode

stdout | src/hooks/chat/__tests__/useChatActions.saved-normal.integration.test.tsx > saved normal Chat pipeline with autosave > retains server Retry after an ambiguous transport failure and a later capability refusal: initial refusal true
Using normalChatMode

stdout | src/hooks/chat/__tests__/useChatActions.saved-normal.integration.test.tsx > saved normal Chat pipeline with autosave > retains server Retry after an ambiguous transport failure and a later capability refusal: initial refusal true
Using normalChatMode

stdout | src/hooks/chat/__tests__/useChatActions.saved-normal.integration.test.tsx > saved normal Chat pipeline with autosave > retains server Retry after an ambiguous transport failure and a later capability refusal: initial refusal true
Using normalChatMode

stdout | src/hooks/chat/__tests__/useChatActions.saved-normal.integration.test.tsx > saved normal Chat pipeline with autosave > allows explicit current-image OCR but refuses unconverted prior images on the next text-only turn
Using normalChatMode

stdout | src/hooks/chat/__tests__/useChatActions.saved-normal.integration.test.tsx > saved normal Chat pipeline with autosave > allows explicit current-image OCR but refuses unconverted prior images on the next text-only turn
Using normalChatMode

stdout | src/hooks/chat/__tests__/useChatActions.saved-normal.integration.test.tsx > saved normal Chat pipeline with autosave > does not publish delayed image capability errors after A to B to B
Using normalChatMode

stdout | src/hooks/chat/__tests__/useChatActions.saved-normal.integration.test.tsx > saved normal Chat pipeline with autosave > does not publish delayed image capability errors after A to B to A
Using normalChatMode

stdout | src/hooks/chat/__tests__/useChatActions.saved-normal.integration.test.tsx > saved normal Chat pipeline with autosave > hydrates a failed saved turn before Retry without duplicating the canonical user
Using normalChatMode

stdout | src/hooks/chat/__tests__/useChatActions.saved-normal.integration.test.tsx > saved normal Chat pipeline with autosave > hydrates a failed saved turn before Retry without duplicating the canonical user
Using normalChatMode

stdout | src/hooks/chat/__tests__/useChatActions.saved-normal.integration.test.tsx > saved normal Chat pipeline with autosave > recovers actual image transport through the domain adapter, mounted mirror, Retry and remount: 'Image question' / prior false
Using normalChatMode

stdout | src/hooks/chat/__tests__/useChatActions.saved-normal.integration.test.tsx > saved normal Chat pipeline with autosave > recovers actual image transport through the domain adapter, mounted mirror, Retry and remount: 'Image question' / prior false
Using normalChatMode

stdout | src/hooks/chat/__tests__/useChatActions.saved-normal.integration.test.tsx > saved normal Chat pipeline with autosave > recovers actual image transport through the domain adapter, mounted mirror, Retry and remount: '' / prior false
Using normalChatMode

stdout | src/hooks/chat/__tests__/useChatActions.saved-normal.integration.test.tsx > saved normal Chat pipeline with autosave > recovers actual image transport through the domain adapter, mounted mirror, Retry and remount: '' / prior false
Using normalChatMode

stdout | src/hooks/chat/__tests__/useChatActions.saved-normal.integration.test.tsx > saved normal Chat pipeline with autosave > recovers actual image transport through the domain adapter, mounted mirror, Retry and remount: 'Image question' / prior true
Using normalChatMode

stdout | src/hooks/chat/__tests__/useChatActions.saved-normal.integration.test.tsx > saved normal Chat pipeline with autosave > recovers actual image transport through the domain adapter, mounted mirror, Retry and remount: 'Image question' / prior true
Using normalChatMode

stdout | src/hooks/chat/__tests__/useChatActions.saved-normal.integration.test.tsx > saved normal Chat pipeline with autosave > recovers actual image transport through the domain adapter, mounted mirror, Retry and remount: 'Image question' / prior true
Using normalChatMode

stdout | src/hooks/chat/__tests__/useChatActions.saved-normal.integration.test.tsx > saved normal Chat pipeline with autosave > recovers actual image transport through the domain adapter, mounted mirror, Retry and remount: '' / prior true
Using normalChatMode

stdout | src/hooks/chat/__tests__/useChatActions.saved-normal.integration.test.tsx > saved normal Chat pipeline with autosave > recovers actual image transport through the domain adapter, mounted mirror, Retry and remount: '' / prior true
Using normalChatMode

stdout | src/hooks/chat/__tests__/useChatActions.saved-normal.integration.test.tsx > saved normal Chat pipeline with autosave > recovers actual image transport through the domain adapter, mounted mirror, Retry and remount: '' / prior true
Using normalChatMode

stdout | src/hooks/chat/__tests__/useChatActions.saved-normal.integration.test.tsx > saved normal Chat pipeline with autosave > does not apply delayed failed-user correlation after A to B to B
Using normalChatMode

stdout | src/hooks/chat/__tests__/useChatActions.saved-normal.integration.test.tsx > saved normal Chat pipeline with autosave > does not apply delayed failed-user correlation after A to B to A
Using normalChatMode

stdout | src/hooks/chat/__tests__/useChatActions.saved-normal.integration.test.tsx > saved normal Chat pipeline with autosave > successful regeneration does not re-ACK the already acknowledged user
Using normalChatMode

stdout | src/hooks/chat/__tests__/useChatActions.saved-normal.integration.test.tsx > saved normal Chat pipeline with autosave > successful regeneration does not re-ACK the already acknowledged user
Using normalChatMode

stdout | src/hooks/chat/__tests__/useChatActions.saved-normal.integration.test.tsx > saved normal Chat pipeline with autosave > real failed-turn regeneration sends the intended user once without its display error
Using normalChatMode

stdout | src/hooks/chat/__tests__/useChatActions.saved-normal.integration.test.tsx > saved normal Chat pipeline with autosave > real failed-turn regeneration sends the intended user once without its display error
Using normalChatMode

stdout | src/hooks/chat/__tests__/useChatActions.saved-normal.integration.test.tsx > saved normal Chat pipeline with autosave > persists a real acknowledged reasoning-only stream as one recoverable saved pair
Using normalChatMode

stdout | src/hooks/chat/__tests__/useChatActions.saved-normal.integration.test.tsx > saved normal Chat pipeline with autosave > acknowledges both saved turns before backlink eligibility and reload without consuming an identical unsent draft
Using normalChatMode

stdout | src/hooks/chat/__tests__/useChatActions.saved-normal.integration.test.tsx > saved normal Chat pipeline with autosave > acknowledges both saved turns before backlink eligibility and reload without consuming an identical unsent draft
Using normalChatMode

stdout | src/hooks/chat/__tests__/useChatActions.saved-normal.integration.test.tsx > saved normal Chat pipeline with autosave > does not apply late stream acknowledgements after switching A to B to B
Using normalChatMode

stdout | src/hooks/chat/__tests__/useChatActions.saved-normal.integration.test.tsx > saved normal Chat pipeline with autosave > does not apply late stream acknowledgements after switching A to B to A
Using normalChatMode

stdout | src/hooks/chat/__tests__/useChatActions.saved-normal.integration.test.tsx > saved normal Chat pipeline with autosave > establishes one neutral conversation and local history before inference, including a queued second turn
Using normalChatMode

stdout | src/hooks/chat/__tests__/useChatActions.saved-normal.integration.test.tsx > saved normal Chat pipeline with autosave > establishes one neutral conversation and local history before inference, including a queued second turn
Using normalChatMode

stdout | src/hooks/chat/__tests__/useChatActions.saved-normal.integration.test.tsx > saved normal Chat pipeline with autosave > cannot autosave a second conversation while the completed first pair is waiting for local persistence
Using normalChatMode

stdout | src/hooks/chat/__tests__/useChatActions.saved-normal.integration.test.tsx > saved normal Chat pipeline with autosave > keeps temporary inference unsaved and promotes its existing pair only once
Using normalChatMode

stdout | src/hooks/chat/__tests__/useChatActions.saved-normal.integration.test.tsx > saved normal Chat pipeline with autosave > keeps resolved ordinary metadata after saving the first completed turn
Using normalChatMode

stdout | src/hooks/chat/__tests__/useChatActions.saved-normal.integration.test.tsx > saved normal Chat pipeline with autosave > returns a recoverable creation failure and retries without a duplicate pair
Using normalChatMode

stdout | src/hooks/chat/__tests__/useChatActions.saved-normal.integration.test.tsx > saved normal Chat pipeline with autosave > waits for the entire local promotion during create before a follow-up and queued turn
Using normalChatMode

stdout | src/hooks/chat/__tests__/useChatActions.saved-normal.integration.test.tsx > saved normal Chat pipeline with autosave > waits for the entire local promotion during create before a follow-up and queued turn
Using normalChatMode

stdout | src/hooks/chat/__tests__/useChatActions.saved-normal.integration.test.tsx > saved normal Chat pipeline with autosave > waits for the entire local promotion during message before a follow-up and queued turn
Using normalChatMode

stdout | src/hooks/chat/__tests__/useChatActions.saved-normal.integration.test.tsx > saved normal Chat pipeline with autosave > waits for the entire local promotion during message before a follow-up and queued turn
Using normalChatMode

stdout | src/hooks/chat/__tests__/useChatActions.saved-normal.integration.test.tsx > saved normal Chat pipeline with autosave > rechecks the current conversation after promotion finishes during send initialization
Using normalChatMode

stdout | src/hooks/chat/__tests__/useChatActions.saved-normal.integration.test.tsx > saved normal Chat pipeline with autosave > cancels a waiting follow-up without cancelling the owning promotion
Using normalChatMode

stdout | src/hooks/chat/__tests__/useChatActions.saved-normal.integration.test.tsx > saved normal Chat pipeline with autosave > cleans up a failed promotion so retry saves the original pair before the next turn
Using normalChatMode

stdout | src/hooks/chat/__tests__/useChatActions.saved-normal.integration.test.tsx > saved normal Chat pipeline with autosave > retries incomplete promotion through the visible notification after 0 acknowledged copies
Using normalChatMode

stdout | src/hooks/chat/__tests__/useChatActions.saved-normal.integration.test.tsx > saved normal Chat pipeline with autosave > retries incomplete promotion through the visible notification after 1 acknowledged copies
Using normalChatMode

stdout | src/hooks/chat/__tests__/useChatActions.saved-normal.integration.test.tsx > saved normal Chat pipeline with autosave > retries incomplete promotion through the visible notification after ambiguous commit acknowledged copies
Using normalChatMode

stdout | src/hooks/chat/__tests__/useChatActions.saved-normal.integration.test.tsx > saved normal Chat pipeline with autosave > does not join or publish an older promotion after new history on the same surface
Using normalChatMode

stdout | src/hooks/chat/__tests__/useChatActions.saved-normal.integration.test.tsx > saved normal Chat pipeline with autosave > does not join or publish an older promotion after A to B to A on the same surface
Using normalChatMode

stdout | src/hooks/chat/__tests__/useChatActions.saved-normal.integration.test.tsx > saved normal Chat pipeline with autosave > keeps the new account's state when an old stream completes
Using normalChatMode

stdout | src/hooks/chat/__tests__/useChatActions.saved-normal.integration.test.tsx > saved normal Chat pipeline with autosave > keeps the new account's state when an old local persistence completes
Using normalChatMode

 ✓ src/hooks/chat/__tests__/useChatActions.saved-normal.integration.test.tsx (99 tests) 13470ms
     ✓ UAT131 promotes exact greeting identity through loader, send and reload: immediate  416ms
     ✓ UAT131 promotes exact greeting identity through loader, send and reload: delayed ACK  564ms
     ✓ UAT131 promotes exact greeting identity through loader, send and reload: ambiguous ACK  570ms
     ✓ UAT131 preserves captured source identity across late edit  360ms
     ✓ UAT131 preserves captured source identity across equal rows  359ms
     ✓ UAT131 preserves captured source identity across authority  359ms
     ✓ UAT131 preserves captured source identity across new history  360ms
     ✓ UAT131 preserves captured source identity across route roundtrip  359ms
     ✓ UAT103 keeps a retrieval failure local through actual action, reload and next completion  418ms
     ✓ UAT103 keeps a no evidence local through actual action, reload and next completion  420ms
     ✓ keeps unsupported image work through blocked Retry, actual vision-model selection and canonical remount: '' / prior false  629ms
     ✓ keeps unsupported image work through blocked Retry, actual vision-model selection and canonical remount: '  Keep this image  ' / prior false  624ms
     ✓ keeps unsupported image work through blocked Retry, actual vision-model selection and canonical remount: '' / prior true  633ms
     ✓ keeps unsupported image work through blocked Retry, actual vision-model selection and canonical remount: '  Keep this image  ' / prior true  634ms
     ✓ hydrates a failed saved turn before Retry without duplicating the canonical user  423ms
     ✓ recovers actual image transport through the domain adapter, mounted mirror, Retry and remount: 'Image question' / prior false  426ms
     ✓ recovers actual image transport through the domain adapter, mounted mirror, Retry and remount: '' / prior false  429ms
     ✓ recovers actual image transport through the domain adapter, mounted mirror, Retry and remount: 'Image question' / prior true  630ms
     ✓ recovers actual image transport through the domain adapter, mounted mirror, Retry and remount: '' / prior true  632ms

 Test Files  1 passed (1)
      Tests  99 passed (99)
   Start at  15:32:48
   Duration  14.95s (transform 634ms, setup 68ms, import 1.12s, tests 13.47s, environment 204ms)

