
<--- Last few GCs --->

[87218:0xca880c000]    36196 ms: Scavenge (interleaved) 4081.3 (4105.7) -> 4076.4 (4106.5) MB, pooled: 0 MB, 4.38 / 0.00 ms  (average mu = 0.212, current mu = 0.151) allocation failure; 
[87218:0xca880c000]    36631 ms: Mark-Compact 4082.3 (4107.2) -> 4077.8 (4110.2) MB, pooled: 0 MB, 429.33 / 0.00 ms  (average mu = 0.170, current mu = 0.118) allocation failure; scavenge might not succeed

FATAL ERROR: Ineffective mark-compacts near heap limit Allocation failed - JavaScript heap out of memory
----- Native stack trace -----

 1: 0x102c92894 node::OOMErrorHandler(char const*, v8::OOMDetails const&) [/Users/macbook-dev/.nvm/versions/node/v24.6.0/bin/node]
 2: 0x102e7e07c v8::internal::V8::FatalProcessOutOfMemory(v8::internal::Isolate*, char const*, v8::OOMDetails const&) [/Users/macbook-dev/.nvm/versions/node/v24.6.0/bin/node]
 3: 0x1030dc208 v8::internal::Heap::stack() [/Users/macbook-dev/.nvm/versions/node/v24.6.0/bin/node]
 4: 0x1030df5dc v8::internal::Heap::HasLowYoungGenerationAllocationRate() [/Users/macbook-dev/.nvm/versions/node/v24.6.0/bin/node]
 5: 0x1030f07f8 v8::internal::Heap::CollectGarbage(v8::internal::AllocationSpace, v8::internal::GarbageCollectionReason, v8::GCCallbackFlags)::$_1::operator()() const [/Users/macbook-dev/.nvm/versions/node/v24.6.0/bin/node]
 6: 0x1030f00cc void heap::base::Stack::SetMarkerAndCallbackImpl<v8::internal::Heap::CollectGarbage(v8::internal::AllocationSpace, v8::internal::GarbageCollectionReason, v8::GCCallbackFlags)::$_1>(heap::base::Stack*, void*, void const*) [/Users/macbook-dev/.nvm/versions/node/v24.6.0/bin/node]
 7: 0x103aa5664 PushAllRegistersAndIterateStack [/Users/macbook-dev/.nvm/versions/node/v24.6.0/bin/node]
 8: 0x1030d9f0c v8::internal::Heap::CollectGarbage(v8::internal::AllocationSpace, v8::internal::GarbageCollectionReason, v8::GCCallbackFlags) [/Users/macbook-dev/.nvm/versions/node/v24.6.0/bin/node]
 9: 0x1030cec38 v8::internal::HeapAllocator::AllocateRawWithRetryOrFailSlowPath(int, v8::internal::AllocationType, v8::internal::AllocationOrigin, v8::internal::AllocationAlignment) [/Users/macbook-dev/.nvm/versions/node/v24.6.0/bin/node]
10: 0x1030b03c0 v8::internal::Factory::NewFillerObject(int, v8::internal::AllocationAlignment, v8::internal::AllocationType, v8::internal::AllocationOrigin) [/Users/macbook-dev/.nvm/versions/node/v24.6.0/bin/node]
11: 0x10353f008 v8::internal::Runtime_AllocateInYoungGeneration(int, unsigned long*, v8::internal::Isolate*) [/Users/macbook-dev/.nvm/versions/node/v24.6.0/bin/node]
12: 0x103b95f74 Builtins_CEntry_Return1_ArgvOnStack_NoBuiltinExit [/Users/macbook-dev/.nvm/versions/node/v24.6.0/bin/node]
13: 0x103be491c Builtins_CreateEmptyLiteralObject [/Users/macbook-dev/.nvm/versions/node/v24.6.0/bin/node]
14: 0x1337fc0e8 
15: 0x1341b6f6c 
16: 0x133c3ef24 
17: 0x103b5e5dc Builtins_MapPrototypeForEach [/Users/macbook-dev/.nvm/versions/node/v24.6.0/bin/node]
18: 0x1324244f8 
19: 0x134023664 
20: 0x132591448 
21: 0x1332a9a80 
22: 0x132b4c200 
23: 0x1329bc7fc 
24: 0x1325b4924 
25: 0x1327f1e38 
26: 0x133a94704 
27: 0x1332a92d4 
28: 0x133e48c04 
29: 0x1341b6e2c 
30: 0x132b4d718 
31: 0x132b4ce80 
32: 0x1329bc7fc 
33: 0x1325b4924 
34: 0x1327f1e38 
35: 0x133a94704 
36: 0x133c3fdb0 
37: 0x133c37b84 
38: 0x13253f9b4 
39: 0x132b4ce24 
40: 0x1329bc7fc 
41: 0x1325967bc 
42: 0x132b4ceac 
43: 0x1329bc7fc 
44: 0x1325967bc 
45: 0x132b4ceac 
46: 0x1329bc7fc 
47: 0x1325967bc 
48: 0x132b4ceac 
49: 0x1329bc7fc 
50: 0x1325967bc 
51: 0x132b4ceac 
52: 0x1329bc7fc 
53: 0x1325b4924 
54: 0x1327f1e38 
55: 0x133a94704 
56: 0x1325b68d4 
57: 0x1341b6f6c 
58: 0x132597278 
59: 0x132b4cdf8 
60: 0x132b4ac44 
61: 0x1325b4924 
62: 0x1325b5f70 
63: 0x1325b4c50 
64: 0x133c3fdb0 
65: 0x133c37b84 
66: 0x13253f9b4 
67: 0x132b4ce24 
68: 0x132b4ac44 
69: 0x1325b4924 
70: 0x1325b5f70 
71: 0x1325b4c50 
72: 0x133fd733c 
73: 0x1321b6534 
74: 0x1341b6e2c 
75: 0x103af8bec Builtins_InterpreterEntryTrampoline [/Users/macbook-dev/.nvm/versions/node/v24.6.0/bin/node]
76: 0x103af8bec Builtins_InterpreterEntryTrampoline [/Users/macbook-dev/.nvm/versions/node/v24.6.0/bin/node]
77: 0x103b37648 Builtins_AsyncFunctionAwaitResolveClosure [/Users/macbook-dev/.nvm/versions/node/v24.6.0/bin/node]
78: 0x103c0c5f8 Builtins_PromiseFulfillReactionJob [/Users/macbook-dev/.nvm/versions/node/v24.6.0/bin/node]
79: 0x103b26a50 Builtins_RunMicrotasks [/Users/macbook-dev/.nvm/versions/node/v24.6.0/bin/node]
80: 0x103af67b0 Builtins_JSRunMicrotasksEntry [/Users/macbook-dev/.nvm/versions/node/v24.6.0/bin/node]
81: 0x103020798 v8::internal::(anonymous namespace)::Invoke(v8::internal::Isolate*, v8::internal::(anonymous namespace)::InvokeParams const&) [/Users/macbook-dev/.nvm/versions/node/v24.6.0/bin/node]
82: 0x10302100c v8::internal::(anonymous namespace)::InvokeWithTryCatch(v8::internal::Isolate*, v8::internal::(anonymous namespace)::InvokeParams const&) [/Users/macbook-dev/.nvm/versions/node/v24.6.0/bin/node]
83: 0x103021148 v8::internal::Execution::TryRunMicrotasks(v8::internal::Isolate*, v8::internal::MicrotaskQueue*) [/Users/macbook-dev/.nvm/versions/node/v24.6.0/bin/node]
84: 0x10305004c v8::internal::MicrotaskQueue::RunMicrotasks(v8::internal::Isolate*) [/Users/macbook-dev/.nvm/versions/node/v24.6.0/bin/node]
85: 0x1030509ac v8::internal::MicrotaskQueue::PerformCheckpoint(v8::Isolate*) [/Users/macbook-dev/.nvm/versions/node/v24.6.0/bin/node]
86: 0x102b88f4c node::InternalCallbackScope::Close() [/Users/macbook-dev/.nvm/versions/node/v24.6.0/bin/node]
87: 0x102b88a18 node::InternalCallbackScope::~InternalCallbackScope() [/Users/macbook-dev/.nvm/versions/node/v24.6.0/bin/node]
88: 0x102c48ed0 node::StartExecution(node::Environment*, std::__1::function<v8::MaybeLocal<v8::Value> (node::StartExecutionCallbackInfo const&)>) [/Users/macbook-dev/.nvm/versions/node/v24.6.0/bin/node]
89: 0x102b8dae0 node::LoadEnvironment(node::Environment*, std::__1::function<v8::MaybeLocal<v8::Value> (node::StartExecutionCallbackInfo const&)>, std::__1::function<void (node::Environment*, v8::Local<v8::Value>, v8::Local<v8::Value>)>) [/Users/macbook-dev/.nvm/versions/node/v24.6.0/bin/node]
90: 0x102ce6648 node::NodeMainInstance::Run() [/Users/macbook-dev/.nvm/versions/node/v24.6.0/bin/node]
91: 0x102c4c9ec node::Start(int, char**) [/Users/macbook-dev/.nvm/versions/node/v24.6.0/bin/node]
92: 0x1851afe00 start [/usr/lib/dyld]
