Pages directory cannot be found at /Users/macbook-dev/Documents/GitHub/tldw_server2/pages or /Users/macbook-dev/Documents/GitHub/tldw_server2/src/pages. If using a custom path, please configure with the `no-html-link-for-pages` rule in your eslint config file.

/Users/macbook-dev/Documents/GitHub/tldw_server2/apps/packages/ui/src/hooks/chat/__tests__/useChatActions.character.integration.test.tsx
   540:67  warning  Unexpected any. Specify a different type  @typescript-eslint/no-explicit-any
   569:26  warning  Unexpected any. Specify a different type  @typescript-eslint/no-explicit-any
   582:27  warning  Unexpected any. Specify a different type  @typescript-eslint/no-explicit-any
   584:67  warning  Unexpected any. Specify a different type  @typescript-eslint/no-explicit-any
   594:67  warning  Unexpected any. Specify a different type  @typescript-eslint/no-explicit-any
   627:67  warning  Unexpected any. Specify a different type  @typescript-eslint/no-explicit-any
   666:67  warning  Unexpected any. Specify a different type  @typescript-eslint/no-explicit-any
   728:67  warning  Unexpected any. Specify a different type  @typescript-eslint/no-explicit-any
   792:67  warning  Unexpected any. Specify a different type  @typescript-eslint/no-explicit-any
   850:67  warning  Unexpected any. Specify a different type  @typescript-eslint/no-explicit-any
   900:67  warning  Unexpected any. Specify a different type  @typescript-eslint/no-explicit-any
   957:24  warning  Unexpected any. Specify a different type  @typescript-eslint/no-explicit-any
   958:29  warning  Unexpected any. Specify a different type  @typescript-eslint/no-explicit-any
   969:67  warning  Unexpected any. Specify a different type  @typescript-eslint/no-explicit-any
  1015:24  warning  Unexpected any. Specify a different type  @typescript-eslint/no-explicit-any
  1016:29  warning  Unexpected any. Specify a different type  @typescript-eslint/no-explicit-any
  1024:67  warning  Unexpected any. Specify a different type  @typescript-eslint/no-explicit-any
  1095:26  warning  Unexpected any. Specify a different type  @typescript-eslint/no-explicit-any
  1103:69  warning  Unexpected any. Specify a different type  @typescript-eslint/no-explicit-any
  1113:33  warning  Unexpected any. Specify a different type  @typescript-eslint/no-explicit-any
  1147:67  warning  Unexpected any. Specify a different type  @typescript-eslint/no-explicit-any
  1162:31  warning  Unexpected any. Specify a different type  @typescript-eslint/no-explicit-any

/Users/macbook-dev/Documents/GitHub/tldw_server2/apps/packages/ui/src/hooks/chat/useChatActions.ts
    50:10  warning  'buildAssistantErrorContent' is defined but never used. Allowed unused vars must match /^_/u                                                                                                                                                                          @typescript-eslint/no-unused-vars
   793:9   warning  'resolveSelectedCharacter' is assigned a value but never used. Allowed unused vars must match /^_/u                                                                                                                                                                   @typescript-eslint/no-unused-vars
  1456:5   warning  React Hook React.useCallback has a duplicate dependency: 'scope'. Either omit it or remove the dependency array                                                                                                                                                       react-hooks/exhaustive-deps
  1667:5   warning  React Hook React.useCallback has unnecessary dependencies: 'serverChatId' and 'tldwClient'. Either exclude them or remove the dependency array. Outer scope values like 'tldwClient' aren't valid dependencies because mutating them doesn't re-render the component  react-hooks/exhaustive-deps
  1748:73  warning  Unexpected any. Specify a different type                                                                                                                                                                                                                              @typescript-eslint/no-explicit-any
  1788:65  warning  Unexpected any. Specify a different type                                                                                                                                                                                                                              @typescript-eslint/no-explicit-any
  2381:27  warning  Unexpected any. Specify a different type                                                                                                                                                                                                                              @typescript-eslint/no-explicit-any
  2387:25  warning  Unexpected any. Specify a different type                                                                                                                                                                                                                              @typescript-eslint/no-explicit-any
  2453:34  warning  Unexpected any. Specify a different type                                                                                                                                                                                                                              @typescript-eslint/no-explicit-any
  2454:38  warning  Unexpected any. Specify a different type                                                                                                                                                                                                                              @typescript-eslint/no-explicit-any
  2578:23  warning  Unexpected any. Specify a different type                                                                                                                                                                                                                              @typescript-eslint/no-explicit-any
  2610:25  warning  Unexpected any. Specify a different type                                                                                                                                                                                                                              @typescript-eslint/no-explicit-any
  2647:27  warning  Unexpected any. Specify a different type                                                                                                                                                                                                                              @typescript-eslint/no-explicit-any
  2810:29  warning  Unexpected any. Specify a different type                                                                                                                                                                                                                              @typescript-eslint/no-explicit-any
  2836:29  warning  Unexpected any. Specify a different type                                                                                                                                                                                                                              @typescript-eslint/no-explicit-any
  2885:23  warning  Unexpected any. Specify a different type                                                                                                                                                                                                                              @typescript-eslint/no-explicit-any
  2969:39  warning  Unexpected any. Specify a different type                                                                                                                                                                                                                              @typescript-eslint/no-explicit-any

✖ 39 problems (0 errors, 39 warnings)
