$ vitest run src/components/Flashcards/__tests__/FlashcardsManager.private-handoff.integration.test.tsx src/components/Flashcards/__tests__/FlashcardsManager.consistency.test.tsx src/services/__tests__/flashcards-generate-handoff.test.ts src/services/__tests__/flashcards-private-transfer.test.ts src/services/__tests__/flashcards-handoff-auth-cleanup.test.ts src/services/__tests__/quiz-flashcards-handoff.test.ts src/components/Flashcards/tabs/__tests__/ReviewTab src/components/Flashcards/hooks/__tests__/useFlashcardReviewRun.test.tsx src/components/Flashcards/hooks/__tests__/useFlashcardQueries.cram-queue.test.tsx "--maxWorkers=1" --no-file-parallelism

 RUN  v4.0.18 /Users/macbook-dev/Documents/GitHub/tldw_server2/apps/packages/ui

(node:24370) ExperimentalWarning: localStorage is not available because --localstorage-file was not provided.
(Use `node --trace-warnings ...` to show where the warning was created)
stderr | src/components/Flashcards/tabs/__tests__/ReviewTab.study-suggestions.test.tsx > ReviewTab study suggestions > retains one explicit global session across seven mixed cards (deck-first)
Warning: [antd: Space] `direction` is deprecated. Please use `orientation` instead.
Warning: [antd: Space] `direction` is deprecated. Please use `orientation` instead.

stderr | src/components/Flashcards/tabs/__tests__/ReviewTab.study-suggestions.test.tsx > ReviewTab study suggestions > retains one explicit global session across seven mixed cards (deck-first)
Warning: [antd: Space] `direction` is deprecated. Please use `orientation` instead.
Warning: [antd: Space] `direction` is deprecated. Please use `orientation` instead.
Warning: [antd: Space] `direction` is deprecated. Please use `orientation` instead.
Warning: [antd: Space] `direction` is deprecated. Please use `orientation` instead.

stderr | src/components/Flashcards/tabs/__tests__/ReviewTab.study-suggestions.test.tsx > ReviewTab study suggestions > retains one explicit global session across seven mixed cards (undecked-first)
Warning: [antd: Space] `direction` is deprecated. Please use `orientation` instead.
Warning: [antd: Space] `direction` is deprecated. Please use `orientation` instead.

stderr | src/components/Flashcards/tabs/__tests__/ReviewTab.study-suggestions.test.tsx > ReviewTab study suggestions > retains one explicit global session across seven mixed cards (undecked-first)
Warning: [antd: Space] `direction` is deprecated. Please use `orientation` instead.
Warning: [antd: Space] `direction` is deprecated. Please use `orientation` instead.
Warning: [antd: Space] `direction` is deprecated. Please use `orientation` instead.
Warning: [antd: Space] `direction` is deprecated. Please use `orientation` instead.

stderr | src/components/Flashcards/tabs/__tests__/ReviewTab.study-suggestions.test.tsx > ReviewTab study suggestions > clicking End Session completes the session and reveals the panel
Warning: [antd: Space] `direction` is deprecated. Please use `orientation` instead.
Warning: [antd: Space] `direction` is deprecated. Please use `orientation` instead.

stderr | src/components/Flashcards/tabs/__tests__/ReviewTab.study-suggestions.test.tsx > ReviewTab study suggestions > clicking End Session completes the session and reveals the panel
Warning: [antd: Space] `direction` is deprecated. Please use `orientation` instead.
Warning: [antd: Space] `direction` is deprecated. Please use `orientation` instead.
Warning: [antd: Space] `direction` is deprecated. Please use `orientation` instead.
Warning: [antd: Space] `direction` is deprecated. Please use `orientation` instead.

stderr | src/components/Flashcards/tabs/__tests__/ReviewTab.study-suggestions.test.tsx > ReviewTab study suggestions > offers an explicit new session for an expired session while retaining the card and answer
[flashcards:error] {
  code: 'FLASHCARDS_NOT_FOUND',
  status: 404,
  operation: 'submitting your review',
  raw: 'Flashcard review session is not active'
}

stderr | src/components/Flashcards/tabs/__tests__/ReviewTab.study-suggestions.test.tsx > ReviewTab study suggestions > queue exhaustion auto-calls the end-session path once
Warning: [antd: Space] `direction` is deprecated. Please use `orientation` instead.
Warning: [antd: Space] `direction` is deprecated. Please use `orientation` instead.

stderr | src/components/Flashcards/tabs/__tests__/ReviewTab.study-suggestions.test.tsx > ReviewTab study suggestions > queue exhaustion auto-calls the end-session path once
Warning: [antd: Space] `direction` is deprecated. Please use `orientation` instead.
Warning: [antd: Space] `direction` is deprecated. Please use `orientation` instead.
Warning: [antd: Space] `direction` is deprecated. Please use `orientation` instead.
Warning: [antd: Space] `direction` is deprecated. Please use `orientation` instead.

stderr | src/components/Flashcards/tabs/__tests__/ReviewTab.study-suggestions.test.tsx > ReviewTab study suggestions > queue exhaustion auto-calls the end-session path once
Warning: [antd: Space] `direction` is deprecated. Please use `orientation` instead.
Warning: [antd: Space] `direction` is deprecated. Please use `orientation` instead.
Warning: [antd: Space] `direction` is deprecated. Please use `orientation` instead.
Warning: [antd: Space] `direction` is deprecated. Please use `orientation` instead.

stderr | src/components/Flashcards/tabs/__tests__/ReviewTab.study-suggestions.test.tsx > ReviewTab study suggestions > recent study sessions reopen the linked snapshot from ReviewTab
Warning: [antd: Space] `direction` is deprecated. Please use `orientation` instead.
Warning: [antd: Space] `direction` is deprecated. Please use `orientation` instead.
Warning: [antd: Space] `direction` is deprecated. Please use `orientation` instead.
Warning: [antd: Space] `direction` is deprecated. Please use `orientation` instead.
Warning: [antd: Space] `direction` is deprecated. Please use `orientation` instead.
Warning: [antd: Space] `direction` is deprecated. Please use `orientation` instead.

stderr | src/components/Flashcards/tabs/__tests__/ReviewTab.study-suggestions.test.tsx > ReviewTab study suggestions > reopens generated flashcard follow-ups in the review surface
Warning: [antd: Space] `direction` is deprecated. Please use `orientation` instead.
Warning: [antd: Space] `direction` is deprecated. Please use `orientation` instead.

stderr | src/components/Flashcards/tabs/__tests__/ReviewTab.study-suggestions.test.tsx > ReviewTab study suggestions > reopens generated flashcard follow-ups in the review surface
Warning: [antd: Space] `direction` is deprecated. Please use `orientation` instead.
Warning: [antd: Space] `direction` is deprecated. Please use `orientation` instead.
Warning: [antd: Space] `direction` is deprecated. Please use `orientation` instead.
Warning: [antd: Space] `direction` is deprecated. Please use `orientation` instead.

stderr | src/components/Flashcards/tabs/__tests__/ReviewTab.study-suggestions.test.tsx > ReviewTab study suggestions > routes generated quiz follow-ups through the flashcards handoff
Warning: [antd: Space] `direction` is deprecated. Please use `orientation` instead.
Warning: [antd: Space] `direction` is deprecated. Please use `orientation` instead.

stderr | src/components/Flashcards/tabs/__tests__/ReviewTab.study-suggestions.test.tsx > ReviewTab study suggestions > routes generated quiz follow-ups through the flashcards handoff
Warning: [antd: Space] `direction` is deprecated. Please use `orientation` instead.
Warning: [antd: Space] `direction` is deprecated. Please use `orientation` instead.
Warning: [antd: Space] `direction` is deprecated. Please use `orientation` instead.
Warning: [antd: Space] `direction` is deprecated. Please use `orientation` instead.

stderr | src/components/Flashcards/tabs/__tests__/ReviewTab.study-suggestions.test.tsx > ReviewTab study suggestions > routes generated quiz follow-ups through the flashcards handoff
Warning: [antd: Space] `direction` is deprecated. Please use `orientation` instead.
Warning: [antd: Space] `direction` is deprecated. Please use `orientation` instead.
Warning: [antd: Space] `direction` is deprecated. Please use `orientation` instead.
Warning: [antd: Space] `direction` is deprecated. Please use `orientation` instead.

stderr | src/components/Flashcards/tabs/__tests__/ReviewTab.study-suggestions.test.tsx > ReviewTab study suggestions > exploratory-only sessions use weaker copy and suppress source-aware adjacency claims
Warning: [antd: Space] `direction` is deprecated. Please use `orientation` instead.
Warning: [antd: Space] `direction` is deprecated. Please use `orientation` instead.
Warning: [antd: Space] `direction` is deprecated. Please use `orientation` instead.
Warning: [antd: Space] `direction` is deprecated. Please use `orientation` instead.
Warning: [antd: Space] `direction` is deprecated. Please use `orientation` instead.
Warning: [antd: Space] `direction` is deprecated. Please use `orientation` instead.

 ✓ src/components/Flashcards/tabs/__tests__/ReviewTab.study-suggestions.test.tsx (13 tests) 12392ms
     ✓ stores the active review_session_id returned by review submissions  396ms
     ✓ retains one explicit global session across seven mixed cards (deck-first)  1085ms
     ✓ retains one explicit global session across seven mixed cards (undecked-first)  2214ms
     ✓ clicking End Session completes the session and reveals the panel  1561ms
     ✓ does not end a live session for a transient or failed next-card query  638ms
     ✓ offers an explicit new session for an expired session while retaining the card and answer  1676ms
     ✓ queue exhaustion auto-calls the end-session path once  596ms
     ✓ recent study sessions reopen the linked snapshot from ReviewTab  307ms
     ✓ ends the active session when the review scope changes  567ms
     ✓ reopens generated flashcard follow-ups in the review surface  1433ms
     ✓ routes generated quiz follow-ups through the flashcards handoff  1458ms
     ✓ exploratory-only sessions use weaker copy and suppress source-aware adjacency claims  433ms
(node:24514) ExperimentalWarning: localStorage is not available because --localstorage-file was not provided.
(Use `node --trace-warnings ...` to show where the warning was created)
Could not parse CSS stylesheet
Could not parse CSS stylesheet
Could not parse CSS stylesheet
Could not parse CSS stylesheet
Could not parse CSS stylesheet
Could not parse CSS stylesheet
Could not parse CSS stylesheet
Could not parse CSS stylesheet
Could not parse CSS stylesheet
Could not parse CSS stylesheet
Could not parse CSS stylesheet
Could not parse CSS stylesheet
Could not parse CSS stylesheet
Could not parse CSS stylesheet
Could not parse CSS stylesheet
Could not parse CSS stylesheet
Could not parse CSS stylesheet
Could not parse CSS stylesheet
Could not parse CSS stylesheet
Could not parse CSS stylesheet
Could not parse CSS stylesheet
Could not parse CSS stylesheet
Could not parse CSS stylesheet
Could not parse CSS stylesheet
Could not parse CSS stylesheet
Could not parse CSS stylesheet
Could not parse CSS stylesheet
Could not parse CSS stylesheet
Could not parse CSS stylesheet
Could not parse CSS stylesheet
Could not parse CSS stylesheet
Could not parse CSS stylesheet
Could not parse CSS stylesheet
Could not parse CSS stylesheet
Could not parse CSS stylesheet
Could not parse CSS stylesheet
Could not parse CSS stylesheet
Could not parse CSS stylesheet
Could not parse CSS stylesheet
Could not parse CSS stylesheet
Could not parse CSS stylesheet
Could not parse CSS stylesheet
Could not parse CSS stylesheet
Could not parse CSS stylesheet
Could not parse CSS stylesheet
Could not parse CSS stylesheet
 ✓ src/components/Flashcards/__tests__/FlashcardsManager.private-handoff.integration.test.tsx (18 tests) 7151ms
     ✓ delivers through the actual router after its source unmounts  607ms
     ✓ keeps accepted tab routes on reload without losing the private editor or adding history  1070ms
     ✓ tab-only navigation preserves a live deck choice while a new external deck still applies  1496ms
     ✓ changes a dirty Scheduler route only after discard is accepted  373ms
     ✓ finishes a pending private handoff without replacing the newly selected tab  491ms
     ✓ restores the accepted Manage tab on remount  474ms
     ✓ restores the accepted Templates tab on remount  420ms
     ✓ restores the accepted Scheduler tab on remount  416ms
     ✓ uses the real extension HashRouter for the accepted tab and reload  484ms
     ✓ cleans an old private history entry when Bob goes Back  469ms
(node:24605) ExperimentalWarning: localStorage is not available because --localstorage-file was not provided.
(Use `node --trace-warnings ...` to show where the warning was created)
 ✓ src/components/Flashcards/tabs/__tests__/ReviewTab.assistant.test.tsx (11 tests) 5997ms
     ✓ keeps review recall first and resets explicit help when the active card changes  363ms
     ✓ keeps assistant actions collapsed before answer reveal and expands on demand  391ms
     ✓ requires transcript confirmation before submitting fact-check requests  537ms
     ✓ reloads the latest thread and offers retry actions after a conflict  799ms
     ✓ clears the pending request when reloading the latest thread  1337ms
     ✓ preserves transcript fact-check requests across conflict recovery  1216ms
     ✓ uses refreshed top-level remediation context after conflict recovery  313ms
(node:24651) ExperimentalWarning: localStorage is not available because --localstorage-file was not provided.
(Use `node --trace-warnings ...` to show where the warning was created)
stderr | src/components/Flashcards/tabs/__tests__/ReviewTab.create-cta.test.tsx > ReviewTab create CTA visibility > shows explicit version-conflict guidance when review submission fails with conflict
[flashcards:error] {
  code: 'FLASHCARDS_VERSION_CONFLICT',
  status: 409,
  operation: 'submitting your review',
  raw: 'Version mismatch: expected 4, got 5'
}

stderr | src/components/Flashcards/tabs/__tests__/ReviewTab.create-cta.test.tsx > ReviewTab create CTA visibility > retries failed review submissions with preserved answer timing
[flashcards:error] {
  code: 'FLASHCARDS_NETWORK',
  status: undefined,
  operation: 'submitting your review',
  raw: 'Failed to fetch'
}

 ✓ src/components/Flashcards/tabs/__tests__/ReviewTab.create-cta.test.tsx (25 tests) 2966ms
     ✓ keeps a visible re-rate action after rating an active review card  369ms
     ✓ shows deck study dashboard actions from review analytics  455ms
(node:24669) ExperimentalWarning: localStorage is not available because --localstorage-file was not provided.
(Use `node --trace-warnings ...` to show where the warning was created)
 ✓ src/components/Flashcards/tabs/__tests__/ReviewTab.edit-in-review.test.tsx (3 tests) 3040ms
     ✓ opens edit drawer from the review card and returns to review on cancel  2975ms
(node:24701) ExperimentalWarning: localStorage is not available because --localstorage-file was not provided.
(Use `node --trace-warnings ...` to show where the warning was created)
 ✓ src/components/Flashcards/tabs/__tests__/ReviewTab.cram-mode.test.tsx (14 tests) 1578ms
(node:24789) ExperimentalWarning: localStorage is not available because --localstorage-file was not provided.
(Use `node --trace-warnings ...` to show where the warning was created)
stderr | src/components/Flashcards/hooks/__tests__/useFlashcardReviewRun.test.tsx > review run with real scope lease, mutations and outbound transport > blocks a target change before dispatch instead of sending current credentials to the old target
Failed to submit flashcard review: Error: The server or authenticated account changed before the request was sent.
    at createServicePromptScopeChangedError (/Users/macbook-dev/Documents/GitHub/tldw_server2/apps/packages/ui/src/services/tldw/service-prompt-scope-error.ts:151:17)
    at resolveCurrentServicePromptConfig (/Users/macbook-dev/Documents/GitHub/tldw_server2/apps/packages/ui/src/services/background-proxy.ts:512:11)
    at bgRequestImpl (/Users/macbook-dev/Documents/GitHub/tldw_server2/apps/packages/ui/src/services/background-proxy.ts:1425:5)
    at reviewFlashcard (/Users/macbook-dev/Documents/GitHub/tldw_server2/apps/packages/ui/src/services/flashcards.ts:907:10) {
  status: 412,
  details: {
    detail: {
      code: 'request_config_scope_changed',
      message: 'The server or authenticated account changed before the request was sent.'
    }
  }
}

stderr | src/components/Flashcards/hooks/__tests__/useFlashcardReviewRun.test.tsx > review run with real scope lease, mutations and outbound transport > ignores a late failed rating after replacement instead of installing its error
[tldw:request] POST /api/v1/flashcards/review 500 Old failure

stderr | src/components/Flashcards/hooks/__tests__/useFlashcardReviewRun.test.tsx > review run with real scope lease, mutations and outbound transport > does not replay a failed rating write and retains the acknowledged ID for an explicit retry
[tldw:request] POST /api/v1/flashcards/review 0 Network failed

stderr | src/components/Flashcards/hooks/__tests__/useFlashcardReviewRun.test.tsx > review run with real scope lease, mutations and outbound transport > does not replay a failed rating write and retains the acknowledged ID for an explicit retry
Failed to submit flashcard review: Error: Network failed (POST /api/v1/flashcards/review)
    at buildRequestError (/Users/macbook-dev/Documents/GitHub/tldw_server2/apps/packages/ui/src/services/background-proxy.ts:1054:19)
    at handleFailedResponse (/Users/macbook-dev/Documents/GitHub/tldw_server2/apps/packages/ui/src/services/background-proxy.ts:1200:28)
    at bgRequestImpl (/Users/macbook-dev/Documents/GitHub/tldw_server2/apps/packages/ui/src/services/background-proxy.ts:1445:21)
    at reviewFlashcard (/Users/macbook-dev/Documents/GitHub/tldw_server2/apps/packages/ui/src/services/flashcards.ts:907:10) {
  status: 0,
  headers: undefined,
  retryAfterMs: undefined
}

stderr | src/components/Flashcards/hooks/__tests__/useFlashcardReviewRun.test.tsx > review run with real scope lease, mutations and outbound transport > allows an explicit retry after a temporary owner-lookup failure
[tldw:request] GET /api/v1/auth/me 503 Temporarily unavailable

stderr | src/components/Flashcards/hooks/__tests__/useFlashcardReviewRun.test.tsx > review run with real scope lease, mutations and outbound transport > requires an explicit new session after the retained session expires, without replaying the rating
[tldw:request] POST /api/v1/flashcards/review 404 Flashcard review session is not active

stderr | src/components/Flashcards/hooks/__tests__/useFlashcardReviewRun.test.tsx > review run with real scope lease, mutations and outbound transport > requires an explicit new session after the retained session expires, without replaying the rating
Failed to submit flashcard review: Error: Flashcard review session is not active (POST /api/v1/flashcards/review)
    at buildRequestError (/Users/macbook-dev/Documents/GitHub/tldw_server2/apps/packages/ui/src/services/background-proxy.ts:1054:19)
    at handleFailedResponse (/Users/macbook-dev/Documents/GitHub/tldw_server2/apps/packages/ui/src/services/background-proxy.ts:1200:28)
    at bgRequestImpl (/Users/macbook-dev/Documents/GitHub/tldw_server2/apps/packages/ui/src/services/background-proxy.ts:1445:21)
    at reviewFlashcard (/Users/macbook-dev/Documents/GitHub/tldw_server2/apps/packages/ui/src/services/flashcards.ts:907:10) {
  status: 404,
  details: { detail: 'Flashcard review session is not active' },
  headers: { 'content-type': 'application/json' },
  retryAfterMs: null
}

stderr | src/components/Flashcards/hooks/__tests__/useFlashcardReviewRun.test.tsx > review run with real scope lease, mutations and outbound transport > keeps a valid retained session when only the reviewed card is missing
[tldw:request] POST /api/v1/flashcards/review 404 Flashcard not found

stderr | src/components/Flashcards/hooks/__tests__/useFlashcardReviewRun.test.tsx > review run with real scope lease, mutations and outbound transport > keeps a valid retained session when only the reviewed card is missing
Failed to submit flashcard review: Error: Flashcard not found (POST /api/v1/flashcards/review)
    at buildRequestError (/Users/macbook-dev/Documents/GitHub/tldw_server2/apps/packages/ui/src/services/background-proxy.ts:1054:19)
    at handleFailedResponse (/Users/macbook-dev/Documents/GitHub/tldw_server2/apps/packages/ui/src/services/background-proxy.ts:1200:28)
    at bgRequestImpl (/Users/macbook-dev/Documents/GitHub/tldw_server2/apps/packages/ui/src/services/background-proxy.ts:1445:21)
    at reviewFlashcard (/Users/macbook-dev/Documents/GitHub/tldw_server2/apps/packages/ui/src/services/flashcards.ts:907:10) {
  status: 404,
  details: { detail: 'Flashcard not found' },
  headers: { 'content-type': 'application/json' },
  retryAfterMs: null
}

stderr | src/components/Flashcards/hooks/__tests__/useFlashcardReviewRun.test.tsx > review run with real scope lease, mutations and outbound transport > retires canonical-invalidated work delivered through local rating without changing raw credentials
Not authenticated. Please log in under Settings → tldw server before continuing.

stderr | src/components/Flashcards/hooks/__tests__/useFlashcardReviewRun.test.tsx > review run with real scope lease, mutations and outbound transport > retires canonical-invalidated work delivered through local rating without changing raw credentials
Not authenticated. Please log in under Settings → tldw server before continuing.

stderr | src/components/Flashcards/hooks/__tests__/useFlashcardReviewRun.test.tsx > review run with real scope lease, mutations and outbound transport > retires canonical-invalidated work delivered through local end without changing raw credentials
Not authenticated. Please log in under Settings → tldw server before continuing.

stderr | src/components/Flashcards/hooks/__tests__/useFlashcardReviewRun.test.tsx > review run with real scope lease, mutations and outbound transport > retires canonical-invalidated work delivered through local end without changing raw credentials
Not authenticated. Please log in under Settings → tldw server before continuing.

stderr | src/components/Flashcards/hooks/__tests__/useFlashcardReviewRun.test.tsx > review run with real scope lease, mutations and outbound transport > retires canonical-invalidated work delivered through native rating without changing raw credentials
Not authenticated. Please log in under Settings → tldw server before continuing.

stderr | src/components/Flashcards/hooks/__tests__/useFlashcardReviewRun.test.tsx > review run with real scope lease, mutations and outbound transport > retires canonical-invalidated work delivered through native rating without changing raw credentials
Not authenticated. Please log in under Settings → tldw server before continuing.

stderr | src/components/Flashcards/hooks/__tests__/useFlashcardReviewRun.test.tsx > review run with real scope lease, mutations and outbound transport > retires canonical-invalidated work delivered through native end without changing raw credentials
Not authenticated. Please log in under Settings → tldw server before continuing.

stderr | src/components/Flashcards/hooks/__tests__/useFlashcardReviewRun.test.tsx > review run with real scope lease, mutations and outbound transport > retires canonical-invalidated work delivered through native end without changing raw credentials
Not authenticated. Please log in under Settings → tldw server before continuing.

stderr | src/components/Flashcards/hooks/__tests__/useFlashcardReviewRun.test.tsx > review run with real scope lease, mutations and outbound transport > retires canonical-invalidated work delivered through extension rating without changing raw credentials
Not authenticated. Please log in under Settings → tldw server before continuing.

stderr | src/components/Flashcards/hooks/__tests__/useFlashcardReviewRun.test.tsx > review run with real scope lease, mutations and outbound transport > retires canonical-invalidated work delivered through extension rating without changing raw credentials
Not authenticated. Please log in under Settings → tldw server before continuing.

stderr | src/components/Flashcards/hooks/__tests__/useFlashcardReviewRun.test.tsx > review run with real scope lease, mutations and outbound transport > retires canonical-invalidated work delivered through extension end without changing raw credentials
Not authenticated. Please log in under Settings → tldw server before continuing.

stderr | src/components/Flashcards/hooks/__tests__/useFlashcardReviewRun.test.tsx > review run with real scope lease, mutations and outbound transport > retires canonical-invalidated work delivered through extension end without changing raw credentials
Not authenticated. Please log in under Settings → tldw server before continuing.

 ✓ src/components/Flashcards/hooks/__tests__/useFlashcardReviewRun.test.tsx (45 tests) 1580ms
(node:24794) ExperimentalWarning: localStorage is not available because --localstorage-file was not provided.
(Use `node --trace-warnings ...` to show where the warning was created)
Could not parse CSS stylesheet
Could not parse CSS stylesheet
Could not parse CSS stylesheet
Could not parse CSS stylesheet
Could not parse CSS stylesheet
Could not parse CSS stylesheet
Could not parse CSS stylesheet
Could not parse CSS stylesheet
Could not parse CSS stylesheet
Could not parse CSS stylesheet
Could not parse CSS stylesheet
Could not parse CSS stylesheet
Could not parse CSS stylesheet
Could not parse CSS stylesheet
Could not parse CSS stylesheet
Could not parse CSS stylesheet
Could not parse CSS stylesheet
Could not parse CSS stylesheet
Could not parse CSS stylesheet
Could not parse CSS stylesheet
Could not parse CSS stylesheet
Could not parse CSS stylesheet
Could not parse CSS stylesheet
Could not parse CSS stylesheet
Could not parse CSS stylesheet
Could not parse CSS stylesheet
Could not parse CSS stylesheet
Could not parse CSS stylesheet
Could not parse CSS stylesheet
Could not parse CSS stylesheet
Could not parse CSS stylesheet
Could not parse CSS stylesheet
Could not parse CSS stylesheet
Could not parse CSS stylesheet
stderr | src/components/Flashcards/__tests__/FlashcardsManager.consistency.test.tsx > FlashcardsManager consistency standards > documents zero-deck behavior after first-time IA remediation
tldw server is not configured. Open Settings → tldw server in the extension and set the server URL and API key.

stderr | src/components/Flashcards/__tests__/FlashcardsManager.consistency.test.tsx > FlashcardsManager consistency standards > documents zero-deck behavior after first-time IA remediation
tldw server is not configured. Open Settings → tldw server in the extension and set the server URL and API key.

Could not parse CSS stylesheet
Could not parse CSS stylesheet
Could not parse CSS stylesheet
Could not parse CSS stylesheet
Could not parse CSS stylesheet
Could not parse CSS stylesheet
Could not parse CSS stylesheet
Could not parse CSS stylesheet
Could not parse CSS stylesheet
Could not parse CSS stylesheet
Could not parse CSS stylesheet
Could not parse CSS stylesheet
Could not parse CSS stylesheet
Could not parse CSS stylesheet
Could not parse CSS stylesheet
Could not parse CSS stylesheet
Could not parse CSS stylesheet
Could not parse CSS stylesheet
Could not parse CSS stylesheet
Could not parse CSS stylesheet
Could not parse CSS stylesheet
Could not parse CSS stylesheet
Could not parse CSS stylesheet
Could not parse CSS stylesheet
Could not parse CSS stylesheet
Could not parse CSS stylesheet
stderr | src/components/Flashcards/__tests__/FlashcardsManager.consistency.test.tsx > FlashcardsManager consistency standards > clears stale source-review context when a newer URL handoff arrives
tldw server is not configured. Open Settings → tldw server in the extension and set the server URL and API key.

stderr | src/components/Flashcards/__tests__/FlashcardsManager.consistency.test.tsx > FlashcardsManager consistency standards > clears stale source-review context when a newer URL handoff arrives
tldw server is not configured. Open Settings → tldw server in the extension and set the server URL and API key.

Could not parse CSS stylesheet
Could not parse CSS stylesheet
Could not parse CSS stylesheet
Could not parse CSS stylesheet
Could not parse CSS stylesheet
Could not parse CSS stylesheet
Could not parse CSS stylesheet
Could not parse CSS stylesheet
Could not parse CSS stylesheet
Could not parse CSS stylesheet
Could not parse CSS stylesheet
Could not parse CSS stylesheet
Could not parse CSS stylesheet
Could not parse CSS stylesheet
Could not parse CSS stylesheet
Could not parse CSS stylesheet
Could not parse CSS stylesheet
Could not parse CSS stylesheet
Could not parse CSS stylesheet
Could not parse CSS stylesheet
stderr | src/components/Flashcards/__tests__/FlashcardsManager.consistency.test.tsx > FlashcardsManager consistency standards > discards scheduler draft state when Scheduler is replaced by the zero-deck preview
tldw server is not configured. Open Settings → tldw server in the extension and set the server URL and API key.

stderr | src/components/Flashcards/__tests__/FlashcardsManager.consistency.test.tsx > FlashcardsManager consistency standards > discards scheduler draft state when Scheduler is replaced by the zero-deck preview
tldw server is not configured. Open Settings → tldw server in the extension and set the server URL and API key.

 ✓ src/components/Flashcards/__tests__/FlashcardsManager.consistency.test.tsx (39 tests) 1111ms
(node:24803) ExperimentalWarning: localStorage is not available because --localstorage-file was not provided.
(Use `node --trace-warnings ...` to show where the warning was created)
 ✓ src/components/Flashcards/tabs/__tests__/ReviewTab.study-pack-remediation.test.tsx (2 tests) 615ms
     ✓ renders citation-backed remediation, deep-dive access, and keeps review controls usable  548ms
(node:24820) ExperimentalWarning: localStorage is not available because --localstorage-file was not provided.
(Use `node --trace-warnings ...` to show where the warning was created)
 ✓ src/components/Flashcards/tabs/__tests__/ReviewTab.queue-state.test.tsx (13 tests) 715ms
(node:24830) ExperimentalWarning: localStorage is not available because --localstorage-file was not provided.
(Use `node --trace-warnings ...` to show where the warning was created)
 ✓ src/components/Flashcards/tabs/__tests__/ReviewTab.analytics-summary.test.tsx (3 tests) 417ms
(node:24841) ExperimentalWarning: localStorage is not available because --localstorage-file was not provided.
(Use `node --trace-warnings ...` to show where the warning was created)
 ✓ src/components/Flashcards/tabs/__tests__/ReviewTab.rerate.test.tsx (1 test) 410ms
     ✓ keeps re-rate visible after advancing and restores the reviewed card  409ms
(node:24848) ExperimentalWarning: localStorage is not available because --localstorage-file was not provided.
(Use `node --trace-warnings ...` to show where the warning was created)
 ✓ src/components/Flashcards/tabs/__tests__/ReviewTab.orientation.test.tsx (6 tests) 413ms
(node:24860) ExperimentalWarning: localStorage is not available because --localstorage-file was not provided.
(Use `node --trace-warnings ...` to show where the warning was created)
 ✓ src/components/Flashcards/hooks/__tests__/useFlashcardQueries.cram-queue.test.tsx (3 tests) 169ms
(node:24863) ExperimentalWarning: localStorage is not available because --localstorage-file was not provided.
(Use `node --trace-warnings ...` to show where the warning was created)
 ✓ src/services/__tests__/flashcards-handoff-auth-cleanup.test.ts (5 tests) 164ms
(node:24866) ExperimentalWarning: localStorage is not available because --localstorage-file was not provided.
(Use `node --trace-warnings ...` to show where the warning was created)
 ✓ src/services/__tests__/flashcards-private-transfer.test.ts (12 tests) 6ms
(node:24868) ExperimentalWarning: localStorage is not available because --localstorage-file was not provided.
(Use `node --trace-warnings ...` to show where the warning was created)
 ✓ src/services/__tests__/flashcards-generate-handoff.test.ts (6 tests) 2ms
(node:24881) ExperimentalWarning: localStorage is not available because --localstorage-file was not provided.
(Use `node --trace-warnings ...` to show where the warning was created)
 ✓ src/services/__tests__/quiz-flashcards-handoff.test.ts (10 tests) 8ms
(node:24883) ExperimentalWarning: localStorage is not available because --localstorage-file was not provided.
(Use `node --trace-warnings ...` to show where the warning was created)
 ✓ src/components/Flashcards/tabs/__tests__/ReviewTab.scope-change.guard.test.ts (2 tests) 3ms

 Test Files  19 passed (19)
      Tests  231 passed (231)
   Start at  06:41:28
   Duration  57.25s (transform 1.46s, setup 1.16s, import 10.93s, tests 38.74s, environment 4.54s)

