$ vitest run src/components/Flashcards/__tests__/FlashcardsManager.private-handoff.integration.test.tsx src/components/Flashcards/__tests__/FlashcardsManager.consistency.test.tsx "--maxWorkers=1" --no-file-parallelism

 RUN  v4.0.18 /Users/macbook-dev/Documents/GitHub/tldw_server2/apps/packages/ui

(node:78964) ExperimentalWarning: localStorage is not available because --localstorage-file was not provided.
(Use `node --trace-warnings ...` to show where the warning was created)
Could not parse CSS stylesheet
Could not parse CSS stylesheet
Could not parse CSS stylesheet
Could not parse CSS stylesheet
Could not parse CSS stylesheet
Could not parse CSS stylesheet
Could not parse CSS stylesheet
Could not parse CSS stylesheet
Could not parse CSS stylesheet
Could not parse CSS stylesheet
Could not parse CSS stylesheet
Could not parse CSS stylesheet
Could not parse CSS stylesheet
Could not parse CSS stylesheet
Could not parse CSS stylesheet
Could not parse CSS stylesheet
Could not parse CSS stylesheet
Could not parse CSS stylesheet
Could not parse CSS stylesheet
Could not parse CSS stylesheet
Could not parse CSS stylesheet
Could not parse CSS stylesheet
Could not parse CSS stylesheet
Could not parse CSS stylesheet
Could not parse CSS stylesheet
Could not parse CSS stylesheet
Could not parse CSS stylesheet
Could not parse CSS stylesheet
Could not parse CSS stylesheet
Could not parse CSS stylesheet
Could not parse CSS stylesheet
Could not parse CSS stylesheet
Could not parse CSS stylesheet
Could not parse CSS stylesheet
Could not parse CSS stylesheet
Could not parse CSS stylesheet
Could not parse CSS stylesheet
Could not parse CSS stylesheet
Could not parse CSS stylesheet
Could not parse CSS stylesheet
Could not parse CSS stylesheet
Could not parse CSS stylesheet
Could not parse CSS stylesheet
Could not parse CSS stylesheet
Could not parse CSS stylesheet
Could not parse CSS stylesheet
 ✓ src/components/Flashcards/__tests__/FlashcardsManager.private-handoff.integration.test.tsx (18 tests) 7514ms
     ✓ delivers through the actual router after its source unmounts  699ms
     ✓ keeps accepted tab routes on reload without losing the private editor or adding history  1271ms
     ✓ tab-only navigation preserves a live deck choice while a new external deck still applies  1602ms
     ✓ changes a dirty Scheduler route only after discard is accepted  391ms
     ✓ finishes a pending private handoff without replacing the newly selected tab  554ms
     ✓ restores the accepted Manage tab on remount  445ms
     ✓ restores the accepted Templates tab on remount  451ms
     ✓ restores the accepted Scheduler tab on remount  455ms
     ✓ uses the real extension HashRouter for the accepted tab and reload  508ms
     ✓ cleans an old private history entry when Bob goes Back  358ms
(node:79026) ExperimentalWarning: localStorage is not available because --localstorage-file was not provided.
(Use `node --trace-warnings ...` to show where the warning was created)
Could not parse CSS stylesheet
Could not parse CSS stylesheet
Could not parse CSS stylesheet
Could not parse CSS stylesheet
Could not parse CSS stylesheet
Could not parse CSS stylesheet
Could not parse CSS stylesheet
Could not parse CSS stylesheet
Could not parse CSS stylesheet
Could not parse CSS stylesheet
Could not parse CSS stylesheet
Could not parse CSS stylesheet
Could not parse CSS stylesheet
Could not parse CSS stylesheet
Could not parse CSS stylesheet
Could not parse CSS stylesheet
Could not parse CSS stylesheet
Could not parse CSS stylesheet
Could not parse CSS stylesheet
Could not parse CSS stylesheet
Could not parse CSS stylesheet
Could not parse CSS stylesheet
Could not parse CSS stylesheet
Could not parse CSS stylesheet
Could not parse CSS stylesheet
Could not parse CSS stylesheet
Could not parse CSS stylesheet
Could not parse CSS stylesheet
Could not parse CSS stylesheet
Could not parse CSS stylesheet
Could not parse CSS stylesheet
Could not parse CSS stylesheet
Could not parse CSS stylesheet
Could not parse CSS stylesheet
stderr | src/components/Flashcards/__tests__/FlashcardsManager.consistency.test.tsx > FlashcardsManager consistency standards > documents zero-deck behavior after first-time IA remediation
tldw server is not configured. Open Settings → tldw server in the extension and set the server URL and API key.

stderr | src/components/Flashcards/__tests__/FlashcardsManager.consistency.test.tsx > FlashcardsManager consistency standards > documents zero-deck behavior after first-time IA remediation
tldw server is not configured. Open Settings → tldw server in the extension and set the server URL and API key.

Could not parse CSS stylesheet
Could not parse CSS stylesheet
Could not parse CSS stylesheet
Could not parse CSS stylesheet
Could not parse CSS stylesheet
Could not parse CSS stylesheet
Could not parse CSS stylesheet
Could not parse CSS stylesheet
Could not parse CSS stylesheet
Could not parse CSS stylesheet
Could not parse CSS stylesheet
Could not parse CSS stylesheet
Could not parse CSS stylesheet
Could not parse CSS stylesheet
Could not parse CSS stylesheet
Could not parse CSS stylesheet
Could not parse CSS stylesheet
Could not parse CSS stylesheet
Could not parse CSS stylesheet
Could not parse CSS stylesheet
Could not parse CSS stylesheet
Could not parse CSS stylesheet
Could not parse CSS stylesheet
Could not parse CSS stylesheet
Could not parse CSS stylesheet
Could not parse CSS stylesheet
stderr | src/components/Flashcards/__tests__/FlashcardsManager.consistency.test.tsx > FlashcardsManager consistency standards > clears stale source-review context when a newer URL handoff arrives
tldw server is not configured. Open Settings → tldw server in the extension and set the server URL and API key.

stderr | src/components/Flashcards/__tests__/FlashcardsManager.consistency.test.tsx > FlashcardsManager consistency standards > clears stale source-review context when a newer URL handoff arrives
tldw server is not configured. Open Settings → tldw server in the extension and set the server URL and API key.

Could not parse CSS stylesheet
Could not parse CSS stylesheet
Could not parse CSS stylesheet
Could not parse CSS stylesheet
Could not parse CSS stylesheet
Could not parse CSS stylesheet
Could not parse CSS stylesheet
Could not parse CSS stylesheet
Could not parse CSS stylesheet
Could not parse CSS stylesheet
Could not parse CSS stylesheet
Could not parse CSS stylesheet
Could not parse CSS stylesheet
Could not parse CSS stylesheet
Could not parse CSS stylesheet
Could not parse CSS stylesheet
Could not parse CSS stylesheet
Could not parse CSS stylesheet
Could not parse CSS stylesheet
Could not parse CSS stylesheet
stderr | src/components/Flashcards/__tests__/FlashcardsManager.consistency.test.tsx > FlashcardsManager consistency standards > discards scheduler draft state when Scheduler is replaced by the zero-deck preview
tldw server is not configured. Open Settings → tldw server in the extension and set the server URL and API key.

stderr | src/components/Flashcards/__tests__/FlashcardsManager.consistency.test.tsx > FlashcardsManager consistency standards > discards scheduler draft state when Scheduler is replaced by the zero-deck preview
tldw server is not configured. Open Settings → tldw server in the extension and set the server URL and API key.

 ✓ src/components/Flashcards/__tests__/FlashcardsManager.consistency.test.tsx (39 tests) 1115ms

 Test Files  2 passed (2)
      Tests  57 passed (57)
   Start at  02:49:22
   Duration  11.77s (transform 711ms, setup 224ms, import 2.10s, tests 8.63s, environment 622ms)

