$ vitest run src/components/Flashcards/__tests__/FlashcardsManager.private-handoff.integration.test.tsx src/components/Flashcards/__tests__/FlashcardsManager.consistency.test.tsx src/services/__tests__/flashcards-generate-handoff.test.ts src/services/__tests__/flashcards-private-transfer.test.ts src/services/__tests__/flashcards-handoff-auth-cleanup.test.ts src/services/__tests__/quiz-flashcards-handoff.test.ts "--maxWorkers=1" --no-file-parallelism

 RUN  v4.0.18 /Users/macbook-dev/Documents/GitHub/tldw_server2/apps/packages/ui

(node:80222) ExperimentalWarning: localStorage is not available because --localstorage-file was not provided.
(Use `node --trace-warnings ...` to show where the warning was created)
Could not parse CSS stylesheet
Could not parse CSS stylesheet
Could not parse CSS stylesheet
Could not parse CSS stylesheet
Could not parse CSS stylesheet
Could not parse CSS stylesheet
Could not parse CSS stylesheet
Could not parse CSS stylesheet
Could not parse CSS stylesheet
Could not parse CSS stylesheet
Could not parse CSS stylesheet
Could not parse CSS stylesheet
Could not parse CSS stylesheet
Could not parse CSS stylesheet
Could not parse CSS stylesheet
Could not parse CSS stylesheet
Could not parse CSS stylesheet
Could not parse CSS stylesheet
Could not parse CSS stylesheet
Could not parse CSS stylesheet
Could not parse CSS stylesheet
Could not parse CSS stylesheet
Could not parse CSS stylesheet
Could not parse CSS stylesheet
Could not parse CSS stylesheet
Could not parse CSS stylesheet
Could not parse CSS stylesheet
Could not parse CSS stylesheet
Could not parse CSS stylesheet
Could not parse CSS stylesheet
Could not parse CSS stylesheet
Could not parse CSS stylesheet
Could not parse CSS stylesheet
Could not parse CSS stylesheet
Could not parse CSS stylesheet
Could not parse CSS stylesheet
Could not parse CSS stylesheet
Could not parse CSS stylesheet
Could not parse CSS stylesheet
Could not parse CSS stylesheet
Could not parse CSS stylesheet
Could not parse CSS stylesheet
Could not parse CSS stylesheet
Could not parse CSS stylesheet
Could not parse CSS stylesheet
Could not parse CSS stylesheet
 ✓ src/components/Flashcards/__tests__/FlashcardsManager.private-handoff.integration.test.tsx (18 tests) 7671ms
     ✓ delivers through the actual router after its source unmounts  727ms
     ✓ keeps accepted tab routes on reload without losing the private editor or adding history  1133ms
     ✓ tab-only navigation preserves a live deck choice while a new external deck still applies  1480ms
     ✓ changes a dirty Scheduler route only after discard is accepted  442ms
     ✓ finishes a pending private handoff without replacing the newly selected tab  640ms
     ✓ restores the accepted Manage tab on remount  504ms
     ✓ restores the accepted Templates tab on remount  501ms
     ✓ restores the accepted Scheduler tab on remount  495ms
     ✓ uses the real extension HashRouter for the accepted tab and reload  537ms
     ✓ cleans an old private history entry when Bob goes Back  386ms
(node:80344) ExperimentalWarning: localStorage is not available because --localstorage-file was not provided.
(Use `node --trace-warnings ...` to show where the warning was created)
Could not parse CSS stylesheet
Could not parse CSS stylesheet
Could not parse CSS stylesheet
Could not parse CSS stylesheet
Could not parse CSS stylesheet
Could not parse CSS stylesheet
Could not parse CSS stylesheet
Could not parse CSS stylesheet
Could not parse CSS stylesheet
Could not parse CSS stylesheet
Could not parse CSS stylesheet
Could not parse CSS stylesheet
Could not parse CSS stylesheet
Could not parse CSS stylesheet
Could not parse CSS stylesheet
Could not parse CSS stylesheet
Could not parse CSS stylesheet
Could not parse CSS stylesheet
Could not parse CSS stylesheet
Could not parse CSS stylesheet
Could not parse CSS stylesheet
Could not parse CSS stylesheet
Could not parse CSS stylesheet
Could not parse CSS stylesheet
Could not parse CSS stylesheet
Could not parse CSS stylesheet
Could not parse CSS stylesheet
Could not parse CSS stylesheet
Could not parse CSS stylesheet
Could not parse CSS stylesheet
Could not parse CSS stylesheet
Could not parse CSS stylesheet
Could not parse CSS stylesheet
Could not parse CSS stylesheet
stderr | src/components/Flashcards/__tests__/FlashcardsManager.consistency.test.tsx > FlashcardsManager consistency standards > documents zero-deck behavior after first-time IA remediation
tldw server is not configured. Open Settings → tldw server in the extension and set the server URL and API key.

stderr | src/components/Flashcards/__tests__/FlashcardsManager.consistency.test.tsx > FlashcardsManager consistency standards > documents zero-deck behavior after first-time IA remediation
tldw server is not configured. Open Settings → tldw server in the extension and set the server URL and API key.

Could not parse CSS stylesheet
Could not parse CSS stylesheet
Could not parse CSS stylesheet
Could not parse CSS stylesheet
Could not parse CSS stylesheet
Could not parse CSS stylesheet
Could not parse CSS stylesheet
Could not parse CSS stylesheet
Could not parse CSS stylesheet
Could not parse CSS stylesheet
Could not parse CSS stylesheet
Could not parse CSS stylesheet
Could not parse CSS stylesheet
Could not parse CSS stylesheet
Could not parse CSS stylesheet
Could not parse CSS stylesheet
Could not parse CSS stylesheet
Could not parse CSS stylesheet
Could not parse CSS stylesheet
Could not parse CSS stylesheet
Could not parse CSS stylesheet
Could not parse CSS stylesheet
Could not parse CSS stylesheet
Could not parse CSS stylesheet
Could not parse CSS stylesheet
Could not parse CSS stylesheet
stderr | src/components/Flashcards/__tests__/FlashcardsManager.consistency.test.tsx > FlashcardsManager consistency standards > clears stale source-review context when a newer URL handoff arrives
tldw server is not configured. Open Settings → tldw server in the extension and set the server URL and API key.

stderr | src/components/Flashcards/__tests__/FlashcardsManager.consistency.test.tsx > FlashcardsManager consistency standards > clears stale source-review context when a newer URL handoff arrives
tldw server is not configured. Open Settings → tldw server in the extension and set the server URL and API key.

Could not parse CSS stylesheet
Could not parse CSS stylesheet
Could not parse CSS stylesheet
Could not parse CSS stylesheet
Could not parse CSS stylesheet
Could not parse CSS stylesheet
Could not parse CSS stylesheet
Could not parse CSS stylesheet
Could not parse CSS stylesheet
Could not parse CSS stylesheet
Could not parse CSS stylesheet
Could not parse CSS stylesheet
Could not parse CSS stylesheet
Could not parse CSS stylesheet
Could not parse CSS stylesheet
Could not parse CSS stylesheet
Could not parse CSS stylesheet
Could not parse CSS stylesheet
Could not parse CSS stylesheet
Could not parse CSS stylesheet
stderr | src/components/Flashcards/__tests__/FlashcardsManager.consistency.test.tsx > FlashcardsManager consistency standards > discards scheduler draft state when Scheduler is replaced by the zero-deck preview
tldw server is not configured. Open Settings → tldw server in the extension and set the server URL and API key.

stderr | src/components/Flashcards/__tests__/FlashcardsManager.consistency.test.tsx > FlashcardsManager consistency standards > discards scheduler draft state when Scheduler is replaced by the zero-deck preview
tldw server is not configured. Open Settings → tldw server in the extension and set the server URL and API key.

 ✓ src/components/Flashcards/__tests__/FlashcardsManager.consistency.test.tsx (39 tests) 1544ms
(node:80402) ExperimentalWarning: localStorage is not available because --localstorage-file was not provided.
(Use `node --trace-warnings ...` to show where the warning was created)
 ✓ src/services/__tests__/flashcards-handoff-auth-cleanup.test.ts (5 tests) 162ms
(node:80423) ExperimentalWarning: localStorage is not available because --localstorage-file was not provided.
(Use `node --trace-warnings ...` to show where the warning was created)
 ✓ src/services/__tests__/flashcards-private-transfer.test.ts (12 tests) 8ms
(node:80427) ExperimentalWarning: localStorage is not available because --localstorage-file was not provided.
(Use `node --trace-warnings ...` to show where the warning was created)
 ✓ src/services/__tests__/flashcards-generate-handoff.test.ts (6 tests) 3ms
(node:80428) ExperimentalWarning: localStorage is not available because --localstorage-file was not provided.
(Use `node --trace-warnings ...` to show where the warning was created)
 ✓ src/services/__tests__/quiz-flashcards-handoff.test.ts (10 tests) 6ms

 Test Files  6 passed (6)
      Tests  90 passed (90)
   Start at  02:52:25
   Duration  15.41s (transform 901ms, setup 593ms, import 2.61s, tests 9.39s, environment 2.07s)

