============================= test session starts ==============================
platform darwin -- Python 3.11.13, pytest-8.4.1, pluggy-1.6.0
benchmark: 5.2.3 (defaults: timer=time.perf_counter disable_gc=False min_rounds=5 min_time=0.000005 max_time=1.0 calibration_precision=10 warmup=False warmup_iterations=100000)
Using --randomly-seed=241576233
rootdir: /Users/macbook-dev/Documents/GitHub/tldw_server2
configfile: pyproject.toml
plugins: anyio-4.12.1, benchmark-5.2.3, locust-2.43.3, asyncio-1.1.0, xdist-3.8.0, split-0.11.0, timeout-2.4.0, randomly-4.1.0, hypothesis-6.138.2, cov-6.2.1, mock-3.14.1
asyncio: mode=Mode.AUTO, asyncio_default_fixture_loop_scope=function, asyncio_default_test_loop_scope=function
timeout: 300.0s
timeout method: thread
timeout func_only: False
collected 59 items / 53 deselected / 6 selected

tldw_Server_API/tests/StudyPacks/test_study_pack_owner_contract.py F...F [ 83%]
.                                                                        [100%]

=================================== FAILURES ===================================
____ test_later_owned_membership_survives_earlier_foreign_history[postgres] ____
tldw_Server_API/tests/StudyPacks/test_study_pack_owner_contract.py:343: in test_later_owned_membership_survives_earlier_foreign_history
    assert db.get_study_pack_for_flashcard(ids["card"])["id"] == expected_pack
E   assert 2 == 1
---------------------------- Captured stderr setup -----------------------------
2026-09-17 02:07:07.234 | INFO     | tldw_Server_API.app.core.DB_Management.backends.factory:create_backend:392 - Creating postgresql backend
2026-09-17 02:07:07.234 | WARNING  | tldw_Server_API.app.core.DB_Management.db_path_utils:resolve_user_db_base_dir:491 - USER_DB_BASE_DIR not configured in tests, using isolated fallback: /private/var/folders/sn/m80n2j152t9gw3w8qwk2nykh0000gn/T/tldw_user_databases_test/default-a5556b61
2026-09-17 02:07:07.281 | INFO     | tldw_Server_API.app.core.DB_Management.ChaChaNotes_DB:__init__:7657 - Initializing CharactersRAGDB for path: /private/var/folders/sn/m80n2j152t9gw3w8qwk2nykh0000gn/T/pytest-of-macbook-dev/pytest-706/test_later_owned_membership_su0/packs.db [Client ID: 2] (backend=postgresql)
2026-09-17 02:07:08.614 | DEBUG    | tldw_Server_API.app.core.DB_Management.ChaChaNotes_DB:__init__:7664 - CharactersRAGDB initialization completed successfully for /private/var/folders/sn/m80n2j152t9gw3w8qwk2nykh0000gn/T/pytest-of-macbook-dev/pytest-706/test_later_owned_membership_su0/packs.db
2026-09-17 02:07:08.618 | INFO     | tldw_Server_API.app.core.Jobs.migrations:ensure_jobs_tables:1505 - Ensured Jobs schema at /private/var/folders/sn/m80n2j152t9gw3w8qwk2nykh0000gn/T/pytest-of-macbook-dev/pytest-706/test_later_owned_membership_su0/jobs.db
2026-09-17 02:07:08.618 | DEBUG    | tldw_Server_API.app.core.Metrics.metrics_manager:register_metric:1852 - Normalizing metric name: jobs.queued -> jobs_queued
2026-09-17 02:07:08.618 | DEBUG    | tldw_Server_API.app.core.Metrics.metrics_manager:register_metric:1885 - Registered metric: jobs_queued
2026-09-17 02:07:08.618 | DEBUG    | tldw_Server_API.app.core.Metrics.metrics_manager:register_metric:1852 - Normalizing metric name: jobs.sla_breaches_total -> jobs_sla_breaches_total
2026-09-17 02:07:08.618 | DEBUG    | tldw_Server_API.app.core.Metrics.metrics_manager:register_metric:1885 - Registered metric: jobs_sla_breaches_total
2026-09-17 02:07:08.618 | DEBUG    | tldw_Server_API.app.core.Metrics.metrics_manager:register_metric:1852 - Normalizing metric name: jobs.queue_flag -> jobs_queue_flag
2026-09-17 02:07:08.618 | DEBUG    | tldw_Server_API.app.core.Metrics.metrics_manager:register_metric:1885 - Registered metric: jobs_queue_flag
2026-09-17 02:07:08.618 | DEBUG    | tldw_Server_API.app.core.Metrics.metrics_manager:register_metric:1852 - Normalizing metric name: jobs.scheduled -> jobs_scheduled
2026-09-17 02:07:08.618 | DEBUG    | tldw_Server_API.app.core.Metrics.metrics_manager:register_metric:1885 - Registered metric: jobs_scheduled
2026-09-17 02:07:08.618 | DEBUG    | tldw_Server_API.app.core.Metrics.metrics_manager:register_metric:1852 - Normalizing metric name: jobs.processing -> jobs_processing
2026-09-17 02:07:08.618 | DEBUG    | tldw_Server_API.app.core.Metrics.metrics_manager:register_metric:1885 - Registered metric: jobs_processing
2026-09-17 02:07:08.618 | DEBUG    | tldw_Server_API.app.core.Metrics.metrics_manager:register_metric:1852 - Normalizing metric name: jobs.backlog -> jobs_backlog
2026-09-17 02:07:08.618 | DEBUG    | tldw_Server_API.app.core.Metrics.metrics_manager:register_metric:1885 - Registered metric: jobs_backlog
2026-09-17 02:07:08.618 | DEBUG    | tldw_Server_API.app.core.Metrics.metrics_manager:register_metric:1852 - Normalizing metric name: jobs.duration_seconds -> jobs_duration_seconds
2026-09-17 02:07:08.619 | DEBUG    | tldw_Server_API.app.core.Metrics.metrics_manager:register_metric:1885 - Registered metric: jobs_duration_seconds
2026-09-17 02:07:08.619 | DEBUG    | tldw_Server_API.app.core.Metrics.metrics_manager:register_metric:1852 - Normalizing metric name: jobs.queue_latency_seconds -> jobs_queue_latency_seconds
2026-09-17 02:07:08.619 | DEBUG    | tldw_Server_API.app.core.Metrics.metrics_manager:register_metric:1885 - Registered metric: jobs_queue_latency_seconds
2026-09-17 02:07:08.619 | DEBUG    | tldw_Server_API.app.core.Metrics.metrics_manager:register_metric:1852 - Normalizing metric name: jobs.retries_total -> jobs_retries_total
2026-09-17 02:07:08.619 | DEBUG    | tldw_Server_API.app.core.Metrics.metrics_manager:register_metric:1885 - Registered metric: jobs_retries_total
2026-09-17 02:07:08.619 | DEBUG    | tldw_Server_API.app.core.Metrics.metrics_manager:register_metric:1852 - Normalizing metric name: jobs.failures_total -> jobs_failures_total
2026-09-17 02:07:08.619 | DEBUG    | tldw_Server_API.app.core.Metrics.metrics_manager:register_metric:1885 - Registered metric: jobs_failures_total
2026-09-17 02:07:08.619 | DEBUG    | tldw_Server_API.app.core.Metrics.metrics_manager:register_metric:1852 - Normalizing metric name: jobs.failures_by_code_total -> jobs_failures_by_code_total
2026-09-17 02:07:08.619 | DEBUG    | tldw_Server_API.app.core.Metrics.metrics_manager:register_metric:1885 - Registered metric: jobs_failures_by_code_total
2026-09-17 02:07:08.619 | DEBUG    | tldw_Server_API.app.core.Metrics.metrics_manager:register_metric:1852 - Normalizing metric name: jobs.created_total -> jobs_created_total
2026-09-17 02:07:08.619 | DEBUG    | tldw_Server_API.app.core.Metrics.metrics_manager:register_metric:1885 - Registered metric: jobs_created_total
2026-09-17 02:07:08.619 | DEBUG    | tldw_Server_API.app.core.Metrics.metrics_manager:register_metric:1852 - Normalizing metric name: jobs.completed_total -> jobs_completed_total
2026-09-17 02:07:08.619 | DEBUG    | tldw_Server_API.app.core.Metrics.metrics_manager:register_metric:1885 - Registered metric: jobs_completed_total
2026-09-17 02:07:08.619 | DEBUG    | tldw_Server_API.app.core.Metrics.metrics_manager:register_metric:1852 - Normalizing metric name: jobs.cancelled_total -> jobs_cancelled_total
2026-09-17 02:07:08.619 | DEBUG    | tldw_Server_API.app.core.Metrics.metrics_manager:register_metric:1885 - Registered metric: jobs_cancelled_total
2026-09-17 02:07:08.619 | DEBUG    | tldw_Server_API.app.core.Metrics.metrics_manager:register_metric:1852 - Normalizing metric name: jobs.json_truncated_total -> jobs_json_truncated_total
2026-09-17 02:07:08.619 | DEBUG    | tldw_Server_API.app.core.Metrics.metrics_manager:register_metric:1885 - Registered metric: jobs_json_truncated_total
2026-09-17 02:07:08.619 | DEBUG    | tldw_Server_API.app.core.Metrics.metrics_manager:register_metric:1852 - Normalizing metric name: jobs.stale_processing -> jobs_stale_processing
2026-09-17 02:07:08.619 | DEBUG    | tldw_Server_API.app.core.Metrics.metrics_manager:register_metric:1885 - Registered metric: jobs_stale_processing
2026-09-17 02:07:08.619 | DEBUG    | tldw_Server_API.app.core.Metrics.metrics_manager:register_metric:1852 - Normalizing metric name: jobs.time_to_expiry_seconds -> jobs_time_to_expiry_seconds
2026-09-17 02:07:08.619 | DEBUG    | tldw_Server_API.app.core.Metrics.metrics_manager:register_metric:1885 - Registered metric: jobs_time_to_expiry_seconds
2026-09-17 02:07:08.619 | DEBUG    | tldw_Server_API.app.core.Metrics.metrics_manager:register_metric:1852 - Normalizing metric name: jobs.retry_after_seconds -> jobs_retry_after_seconds
2026-09-17 02:07:08.619 | DEBUG    | tldw_Server_API.app.core.Metrics.metrics_manager:register_metric:1885 - Registered metric: jobs_retry_after_seconds
2026-09-17 02:07:08.619 | DEBUG    | tldw_Server_API.app.core.Metrics.metrics_manager:register_metric:1852 - Normalizing metric name: jobs.queue_latency_p50_seconds -> jobs_queue_latency_p50_seconds
2026-09-17 02:07:08.619 | DEBUG    | tldw_Server_API.app.core.Metrics.metrics_manager:register_metric:1885 - Registered metric: jobs_queue_latency_p50_seconds
2026-09-17 02:07:08.619 | DEBUG    | tldw_Server_API.app.core.Metrics.metrics_manager:register_metric:1852 - Normalizing metric name: jobs.queue_latency_p90_seconds -> jobs_queue_latency_p90_seconds
2026-09-17 02:07:08.619 | DEBUG    | tldw_Server_API.app.core.Metrics.metrics_manager:register_metric:1885 - Registered metric: jobs_queue_latency_p90_seconds
2026-09-17 02:07:08.619 | DEBUG    | tldw_Server_API.app.core.Metrics.metrics_manager:register_metric:1852 - Normalizing metric name: jobs.queue_latency_p99_seconds -> jobs_queue_latency_p99_seconds
2026-09-17 02:07:08.619 | DEBUG    | tldw_Server_API.app.core.Metrics.metrics_manager:register_metric:1885 - Registered metric: jobs_queue_latency_p99_seconds
2026-09-17 02:07:08.619 | DEBUG    | tldw_Server_API.app.core.Metrics.metrics_manager:register_metric:1852 - Normalizing metric name: jobs.duration_p50_seconds -> jobs_duration_p50_seconds
2026-09-17 02:07:08.619 | DEBUG    | tldw_Server_API.app.core.Metrics.metrics_manager:register_metric:1885 - Registered metric: jobs_duration_p50_seconds
2026-09-17 02:07:08.619 | DEBUG    | tldw_Server_API.app.core.Metrics.metrics_manager:register_metric:1852 - Normalizing metric name: jobs.duration_p90_seconds -> jobs_duration_p90_seconds
2026-09-17 02:07:08.619 | DEBUG    | tldw_Server_API.app.core.Metrics.metrics_manager:register_metric:1885 - Registered metric: jobs_duration_p90_seconds
2026-09-17 02:07:08.619 | DEBUG    | tldw_Server_API.app.core.Metrics.metrics_manager:register_metric:1852 - Normalizing metric name: jobs.duration_p99_seconds -> jobs_duration_p99_seconds
2026-09-17 02:07:08.619 | DEBUG    | tldw_Server_API.app.core.Metrics.metrics_manager:register_metric:1885 - Registered metric: jobs_duration_p99_seconds
----------------------------- Captured stderr call -----------------------------
2026-09-17 02:07:08.653 | DEBUG    | tldw_Server_API.app.core.DB_Management.ChaChaNotes_DB:_get_connection_for_state:8036 - Acquired backend connection (postgresql) for thread 8346099072
2026-09-17 02:07:08.656 | INFO     | tldw_Server_API.app.core.DB_Management.chacha.note_store:_execute:126 - Added note 'Private pack source' with ID: a332b315-f54d-4fb9-a1bf-f3ee72dedbbc.
2026-09-17 02:07:08.660 | DEBUG    | tldw_Server_API.app.core.DB_Management.ChaChaNotes_DB:execute_many:8456 - Executing Many on backend postgresql:
                    INSERT INTO flashcard_citations(
                        flashcard_uuid, source_type, source_id, citation_text, locator, ordinal,... with 1 sets.
2026-09-17 02:07:08.661 | WARNING  | tldw_Server_API.app.core.DB_Management.db_path_utils:resolve_user_db_base_dir:491 - USER_DB_BASE_DIR not configured in tests, using isolated fallback: /private/var/folders/sn/m80n2j152t9gw3w8qwk2nykh0000gn/T/tldw_user_databases_test/default-a5556b61
2026-09-17 02:07:08.661 | INFO     | tldw_Server_API.app.core.DB_Management.ChaChaNotes_DB:__init__:7657 - Initializing CharactersRAGDB for path: /private/var/folders/sn/m80n2j152t9gw3w8qwk2nykh0000gn/T/pytest-of-macbook-dev/pytest-706/test_later_owned_membership_su0/packs.db [Client ID: 3] (backend=postgresql)
2026-09-17 02:07:08.808 | DEBUG    | tldw_Server_API.app.core.DB_Management.ChaChaNotes_DB:__init__:7664 - CharactersRAGDB initialization completed successfully for /private/var/folders/sn/m80n2j152t9gw3w8qwk2nykh0000gn/T/pytest-of-macbook-dev/pytest-706/test_later_owned_membership_su0/packs.db
2026-09-17 02:07:08.809 | DEBUG    | tldw_Server_API.app.core.DB_Management.ChaChaNotes_DB:_get_connection_for_state:8036 - Acquired backend connection (postgresql) for thread 8346099072
2026-09-17 02:07:08.811 | INFO     | tldw_Server_API.app.core.DB_Management.chacha.note_store:_execute:126 - Added note 'Private pack source' with ID: 8aca770d-79ed-4579-aabb-e14fdf98166c.
2026-09-17 02:07:08.814 | DEBUG    | tldw_Server_API.app.core.DB_Management.ChaChaNotes_DB:execute_many:8456 - Executing Many on backend postgresql:
                    INSERT INTO flashcard_citations(
                        flashcard_uuid, source_type, source_id, citation_text, locator, ordinal,... with 1 sets.
2026-09-17 02:07:08.817 | DEBUG    | tldw_Server_API.app.core.DB_Management.ChaChaNotes_DB:_get_connection_for_state:8036 - Acquired backend connection (postgresql) for thread 8346099072
2026-09-17 02:07:08.819 | DEBUG    | tldw_Server_API.app.core.DB_Management.ChaChaNotes_DB:execute_many:8456 - Executing Many on backend postgresql: INSERT INTO study_pack_cards(study_pack_id, flashcard_uuid, created_at, last_modified, deleted, client_id, version) VALUES(?, ?, ?, ?, ?, ?, ?) ON CON... with 2 sets.
2026-09-17 02:07:08.821 | DEBUG    | tldw_Server_API.app.core.DB_Management.ChaChaNotes_DB:_get_connection_for_state:8036 - Acquired backend connection (postgresql) for thread 8346099072
2026-09-17 02:07:08.821 | DEBUG    | tldw_Server_API.app.core.DB_Management.ChaChaNotes_DB:execute_query:8286 - Executing SQL (script=False, backend=postgresql):
            SELECT spc.id, spc.study_pack_id, spc.flashcard_uuid, spc.created_at, spc.last_modified,
                   spc.deleted, spc.client_id, spc.version, f.deck_id
              FROM study_pack_cards spc
              LEFT JOIN flashcards f ON f.uuid = spc.flashcard_uuid
             WHERE s... Params: (1,)...
2026-09-17 02:07:08.822 | DEBUG    | tldw_Server_API.app.core.DB_Management.ChaChaNotes_DB:execute_query:8286 - Executing SQL (script=False, backend=postgresql):
            SELECT sp.id, sp.workspace_id, sp.title, sp.deck_id, sp.source_bundle_json, sp.generation_options_json,
                   sp.status, sp.superseded_by_pack_id, sp.created_at, sp.last_modified, sp.deleted, sp.client_id, sp.version
              FROM study_pack_cards spc
              JOI... Params: ('5198ef03-e5b3-401f-92de-f5abb7e3071f',)...
--------------------------- Captured stderr teardown ---------------------------
2026-09-17 02:07:08.885 | INFO     | tldw_Server_API.app.api.v1.API_Deps.ChaCha_Notes_DB_Deps:close_all_chacha_db_instances:876 - Closing all cached ChaChaNotesDB instances (0)...
2026-09-17 02:07:08.885 | INFO     | tldw_Server_API.app.api.v1.API_Deps.ChaCha_Notes_DB_Deps:close_all_chacha_db_instances:892 - All ChaChaNotesDB instances closed and cache cleared.
2026-09-17 02:07:08.886 | INFO     | tldw_Server_API.app.core.config:_buffered_log:210 - Loading environment variables from: /Users/macbook-dev/Documents/GitHub/tldw_server2/tldw_Server_API/Config_Files/.env
2026-09-17 02:07:08.890 | INFO     | tldw_Server_API.app.core.config:_buffered_log:210 - Loading environment variables from: /Users/macbook-dev/Documents/GitHub/tldw_server2/tldw_Server_API/Config_Files/.ENV
2026-09-17 02:07:08.894 | INFO     | tldw_Server_API.app.core.config:_buffered_log:210 - Attempting to load comprehensive config from: /Users/macbook-dev/Documents/GitHub/tldw_server2/tldw_Server_API/Config_Files/config.txt
2026-09-17 02:07:08.896 | INFO     | tldw_Server_API.app.core.config:_buffered_log:210 - load_comprehensive_config(): Sections found in config: ['Setup', 'UI', 'Server', 'Files', 'Image-Generation', 'ACP', 'WORKSPACES', 'ACP-WORKSPACE', 'ACP-SANDBOX', 'Audit', 'Processing', 'Media-Processing', 'Chat-Dictionaries', 'Chat-Module', 'Chat-Commands', 'Chat-Templating', 'Character-Chat', 'Settings', 'Auto-Save', 'Prompts', 'Database', 'Chunking', 'Visual-RAG', 'AuthNZ', 'Streaming', 'HTTP', 'Egress', 'Embeddings', 'Claims', 'ClaimsMonitoring', 'RAG', 'Search-Agent', 'ResourceGovernor', 'Jobs', 'SlidesStandaloneHtml', 'Diarization', 'API', 'MLX', 'Local-API', 'LlamaCpp', 'STT-Settings', 'external_providers', 'TTS-Settings', 'VibeVoice', 'Audio-Quota', 'API-Routes', 'Search-Engines', 'Web-Scraper', 'Logging', 'Moderation', 'Redis', 'Web-Scraping', 'personalization', 'persona', 'persona.rbac']
2026-09-17 02:07:08.898 | INFO     | tldw_Server_API.app.api.v1.API_Deps.ChaCha_Notes_DB_Deps:close_all_chacha_db_instances:876 - Closing all cached ChaChaNotesDB instances (0)...
2026-09-17 02:07:08.898 | INFO     | tldw_Server_API.app.api.v1.API_Deps.ChaCha_Notes_DB_Deps:close_all_chacha_db_instances:892 - All ChaChaNotesDB instances closed and cache cleared.
_ test_membership_denial_preserves_prior_caller_work_and_rolls_back_all_writes[postgres] _
tldw_Server_API/tests/StudyPacks/test_study_pack_owner_contract.py:292: in test_membership_denial_preserves_prior_caller_work_and_rolls_back_all_writes
    with pytest.raises(ConflictError):
E   Failed: DID NOT RAISE <class 'tldw_Server_API.app.core.DB_Management.ChaChaNotes_DB.ConflictError'>
---------------------------- Captured stderr setup -----------------------------
2026-09-17 02:07:12.113 | INFO     | tldw_Server_API.app.core.DB_Management.backends.factory:create_backend:392 - Creating postgresql backend
2026-09-17 02:07:12.113 | INFO     | tldw_Server_API.app.core.config:_buffered_log:210 - Determined ACTUAL_PROJECT_ROOT for database paths: /Users/macbook-dev/Documents/GitHub/tldw_server2
2026-09-17 02:07:12.113 | INFO     | tldw_Server_API.app.core.config:_buffered_log:210 - Early loading environment variables from: /Users/macbook-dev/Documents/GitHub/tldw_server2/tldw_Server_API/Config_Files/.env
2026-09-17 02:07:12.117 | INFO     | tldw_Server_API.app.core.config:_buffered_log:210 - Early loading environment variables from: /Users/macbook-dev/Documents/GitHub/tldw_server2/tldw_Server_API/Config_Files/.ENV
2026-09-17 02:07:12.121 | DEBUG    | tldw_Server_API.app.core.config:_buffered_log:210 - load_and_log_configs(): Loading and logging configurations...
2026-09-17 02:07:12.122 | INFO     | tldw_Server_API.app.core.config:_buffered_log:210 - Loading environment variables from: /Users/macbook-dev/Documents/GitHub/tldw_server2/tldw_Server_API/Config_Files/.env
2026-09-17 02:07:12.129 | INFO     | tldw_Server_API.app.core.config:_buffered_log:210 - Loading environment variables from: /Users/macbook-dev/Documents/GitHub/tldw_server2/tldw_Server_API/Config_Files/.ENV
2026-09-17 02:07:12.135 | INFO     | tldw_Server_API.app.core.config:_buffered_log:210 - Attempting to load comprehensive config from: /Users/macbook-dev/Documents/GitHub/tldw_server2/tldw_Server_API/Config_Files/config.txt
2026-09-17 02:07:12.137 | INFO     | tldw_Server_API.app.core.config:_buffered_log:210 - load_comprehensive_config(): Sections found in config: ['Setup', 'UI', 'Server', 'Files', 'Image-Generation', 'ACP', 'WORKSPACES', 'ACP-WORKSPACE', 'ACP-SANDBOX', 'Audit', 'Processing', 'Media-Processing', 'Chat-Dictionaries', 'Chat-Module', 'Chat-Commands', 'Chat-Templating', 'Character-Chat', 'Settings', 'Auto-Save', 'Prompts', 'Database', 'Chunking', 'Visual-RAG', 'AuthNZ', 'Streaming', 'HTTP', 'Egress', 'Embeddings', 'Claims', 'ClaimsMonitoring', 'RAG', 'Search-Agent', 'ResourceGovernor', 'Jobs', 'SlidesStandaloneHtml', 'Diarization', 'API', 'MLX', 'Local-API', 'LlamaCpp', 'STT-Settings', 'external_providers', 'TTS-Settings', 'VibeVoice', 'Audio-Quota', 'API-Routes', 'Search-Engines', 'Web-Scraper', 'Logging', 'Moderation', 'Redis', 'Web-Scraping', 'personalization', 'persona', 'persona.rbac']
2026-09-17 02:07:12.139 | INFO     | tldw_Server_API.app.core.config:_buffered_log:210 - Ensured main SQLite database directory exists: /Users/macbook-dev/Documents/GitHub/tldw_server2/Databases
2026-09-17 02:07:12.139 | INFO     | tldw_Server_API.app.core.config:_buffered_log:210 - Ensured user data base directory exists: Databases/user_databases
2026-09-17 02:07:12.140 | WARNING  | tldw_Server_API.app.core.DB_Management.db_path_utils:resolve_user_db_base_dir:491 - USER_DB_BASE_DIR not configured in tests, using isolated fallback: /private/var/folders/sn/m80n2j152t9gw3w8qwk2nykh0000gn/T/tldw_user_databases_test/default-a5556b61
2026-09-17 02:07:12.140 | INFO     | tldw_Server_API.app.core.DB_Management.ChaChaNotes_DB:__init__:7657 - Initializing CharactersRAGDB for path: /private/var/folders/sn/m80n2j152t9gw3w8qwk2nykh0000gn/T/pytest-of-macbook-dev/pytest-706/test_membership_denial_preserv1/packs.db [Client ID: 2] (backend=postgresql)
2026-09-17 02:07:13.498 | DEBUG    | tldw_Server_API.app.core.DB_Management.ChaChaNotes_DB:__init__:7664 - CharactersRAGDB initialization completed successfully for /private/var/folders/sn/m80n2j152t9gw3w8qwk2nykh0000gn/T/pytest-of-macbook-dev/pytest-706/test_membership_denial_preserv1/packs.db
2026-09-17 02:07:13.502 | INFO     | tldw_Server_API.app.core.Jobs.migrations:ensure_jobs_tables:1505 - Ensured Jobs schema at /private/var/folders/sn/m80n2j152t9gw3w8qwk2nykh0000gn/T/pytest-of-macbook-dev/pytest-706/test_membership_denial_preserv1/jobs.db
2026-09-17 02:07:13.533 | WARNING  | tldw_Server_API.app.core.DB_Management.db_path_utils:resolve_user_db_base_dir:491 - USER_DB_BASE_DIR not configured in tests, using isolated fallback: /private/var/folders/sn/m80n2j152t9gw3w8qwk2nykh0000gn/T/tldw_user_databases_test/default-a5556b61
2026-09-17 02:07:13.533 | INFO     | tldw_Server_API.app.core.DB_Management.ChaChaNotes_DB:__init__:7657 - Initializing CharactersRAGDB for path: /private/var/folders/sn/m80n2j152t9gw3w8qwk2nykh0000gn/T/pytest-of-macbook-dev/pytest-706/test_membership_denial_preserv1/foreign.db [Client ID: 3] (backend=postgresql)
2026-09-17 02:07:13.671 | DEBUG    | tldw_Server_API.app.core.DB_Management.ChaChaNotes_DB:__init__:7664 - CharactersRAGDB initialization completed successfully for /private/var/folders/sn/m80n2j152t9gw3w8qwk2nykh0000gn/T/pytest-of-macbook-dev/pytest-706/test_membership_denial_preserv1/foreign.db2026-09-17 02:07:14.394 | INFO     | tldw_Server_API.app.core.config:_buffered_log:210 - Determined ACTUAL_PROJECT_ROOT for database paths: /Users/macbook-dev/Documents/GitHub/tldw_server2
2026-09-17 02:07:14.395 | INFO     | tldw_Server_API.app.core.config:_buffered_log:210 - Early loading environment variables from: /Users/macbook-dev/Documents/GitHub/tldw_server2/tldw_Server_API/Config_Files/.env
2026-09-17 02:07:14.398 | INFO     | tldw_Server_API.app.core.config:_buffered_log:210 - Early loading environment variables from: /Users/macbook-dev/Documents/GitHub/tldw_server2/tldw_Server_API/Config_Files/.ENV
2026-09-17 02:07:14.402 | DEBUG    | tldw_Server_API.app.core.config:_buffered_log:210 - load_and_log_configs(): Loading and logging configurations...
2026-09-17 02:07:14.403 | INFO     | tldw_Server_API.app.core.config:_buffered_log:210 - Loading environment variables from: /Users/macbook-dev/Documents/GitHub/tldw_server2/tldw_Server_API/Config_Files/.env
2026-09-17 02:07:14.407 | INFO     | tldw_Server_API.app.core.config:_buffered_log:210 - Loading environment variables from: /Users/macbook-dev/Documents/GitHub/tldw_server2/tldw_Server_API/Config_Files/.ENV
2026-09-17 02:07:14.411 | INFO     | tldw_Server_API.app.core.config:_buffered_log:210 - Attempting to load comprehensive config from: /Users/macbook-dev/Documents/GitHub/tldw_server2/tldw_Server_API/Config_Files/config.txt
2026-09-17 02:07:14.412 | INFO     | tldw_Server_API.app.core.config:_buffered_log:210 - load_comprehensive_config(): Sections found in config: ['Setup', 'UI', 'Server', 'Files', 'Image-Generation', 'ACP', 'WORKSPACES', 'ACP-WORKSPACE', 'ACP-SANDBOX', 'Audit', 'Processing', 'Media-Processing', 'Chat-Dictionaries', 'Chat-Module', 'Chat-Commands', 'Chat-Templating', 'Character-Chat', 'Settings', 'Auto-Save', 'Prompts', 'Database', 'Chunking', 'Visual-RAG', 'AuthNZ', 'Streaming', 'HTTP', 'Egress', 'Embeddings', 'Claims', 'ClaimsMonitoring', 'RAG', 'Search-Agent', 'ResourceGovernor', 'Jobs', 'SlidesStandaloneHtml', 'Diarization', 'API', 'MLX', 'Local-API', 'LlamaCpp', 'STT-Settings', 'external_providers', 'TTS-Settings', 'VibeVoice', 'Audio-Quota', 'API-Routes', 'Search-Engines', 'Web-Scraper', 'Logging', 'Moderation', 'Redis', 'Web-Scraping', 'personalization', 'persona', 'persona.rbac']
2026-09-17 02:07:14.414 | INFO     | tldw_Server_API.app.core.config:_buffered_log:210 - Ensured main SQLite database directory exists: /Users/macbook-dev/Documents/GitHub/tldw_server2/Databases
2026-09-17 02:07:14.414 | INFO     | tldw_Server_API.app.core.config:_buffered_log:210 - Ensured user data base directory exists: Databases/user_databases
2026-09-17 02:07:14.414 | INFO     | tldw_Server_API.app.api.v1.API_Deps.Audit_DB_Deps:shutdown_all_audit_services:1034 - Shutting down audit services for 0 instances...
2026-09-17 02:07:14.414 | INFO     | tldw_Server_API.app.api.v1.API_Deps.Audit_DB_Deps:shutdown_all_audit_services:1091 - All audit services shut down successfully.
2026-09-17 02:07:14.426 | DEBUG    | tldw_Server_API.app.core.AuthNZ.settings:_ensure_jwt_secret:899 - Single-user mode - skipping JWT secret initialization
2026-09-17 02:07:14.426 | WARNING  | tldw_Server_API.app.core.AuthNZ.settings:_validate_api_key:1013 - SINGLE_USER_API_KEY uses a legacy format; generate a new server-generated key for improved security.
2026-09-17 02:07:14.426 | INFO     | tldw_Server_API.app.core.AuthNZ.settings:get_settings:1588 - Settings initialized - Auth mode: single_user, profile=local-single-user
2026-09-17 02:07:14.426 | INFO     | tldw_Server_API.app.core.AuthNZ.db_config:_detect_backend:83 - Detected database backend: sqlite
2026-09-17 02:07:14.484 | DEBUG    | tldw_Server_API.app.core.Scheduler.base.registry:decorator:81 - Registered task handler: watchlist_run
2026-09-17 02:07:14.484 | DEBUG    | tldw_Server_API.app.core.Scheduler.base.registry:decorator:81 - Registered task handler: watchlists_enrich_output
2026-09-17 02:07:14.484 | DEBUG    | tldw_Server_API.app.core.Scheduler.base.registry:decorator:81 - Registered task handler: watchlists_deliver_briefing
2026-09-17 02:07:14.485 | DEBUG    | tldw_Server_API.app.core.Scheduler.base.registry:decorator:81 - Registered task handler: acp_run
2026-09-17 02:07:14.485 | DEBUG    | tldw_Server_API.app.core.Scheduler.base.registry:decorator:81 - Registered task handler: workflow_run
2026-09-17 02:07:14.485 | WARNING  | tldw_Server_API.app.core.DB_Management.db_path_utils:resolve_user_db_base_dir:491 - USER_DB_BASE_DIR not configured in tests, using isolated fallback: /private/var/folders/sn/m80n2j152t9gw3w8qwk2nykh0000gn/T/tldw_user_databases_test/default-a5556b61
2026-09-17 02:07:14.486 | DEBUG    | tldw_Server_API.app.core.DB_Management.backends.factory:_get_or_create_shared_sqlite_backend:325 - Creating sqlite backend for /private/var/folders/sn/m80n2j152t9gw3w8qwk2nykh0000gn/T/tldw_user_databases_test/default-a5556b61/1/workflows/workflows_scheduler.db
2026-09-17 02:07:14.487 | INFO     | tldw_Server_API.app.core.DB_Management.Workflows_Scheduler_DB:__init__:210 - WorkflowsSchedulerDB using SQLite path: /private/var/folders/sn/m80n2j152t9gw3w8qwk2nykh0000gn/T/tldw_user_databases_test/default-a5556b61/1/workflows/workflows_scheduler.db
2026-09-17 02:07:14.487 | INFO     | tldw_Server_API.app.services.workflows_scheduler:stop:183 - Workflows recurring scheduler stopped
2026-09-17 02:07:14.487 | INFO     | tldw_Server_API.app.api.v1.API_Deps.ChaCha_Notes_DB_Deps:close_all_chacha_db_instances:876 - Closing all cached ChaChaNotesDB instances (0)...
2026-09-17 02:07:14.487 | INFO     | tldw_Server_API.app.api.v1.API_Deps.ChaCha_Notes_DB_Deps:close_all_chacha_db_instances:892 - All ChaChaNotesDB instances closed and cache cleared.
2026-09-17 02:07:14.487 | INFO     | tldw_Server_API.app.api.v1.API_Deps.DB_Deps:<module>:57 - Using LRUCache for user DB instances (maxsize=100).

----------------------------- Captured stderr call -----------------------------
2026-09-17 02:07:13.672 | DEBUG    | tldw_Server_API.app.core.DB_Management.ChaChaNotes_DB:_get_connection_for_state:8036 - Acquired backend connection (postgresql) for thread 8346099072
2026-09-17 02:07:13.674 | INFO     | tldw_Server_API.app.core.DB_Management.chacha.note_store:_execute:126 - Added note 'Private pack source' with ID: 3c5486ce-0497-4526-b8a9-84b460dc6db8.
2026-09-17 02:07:13.677 | DEBUG    | tldw_Server_API.app.core.DB_Management.ChaChaNotes_DB:execute_many:8456 - Executing Many on backend postgresql:
                    INSERT INTO flashcard_citations(
                        flashcard_uuid, source_type, source_id, citation_text, locator, ordinal,... with 1 sets.
2026-09-17 02:07:13.680 | DEBUG    | tldw_Server_API.app.core.DB_Management.ChaChaNotes_DB:_get_connection_for_state:8036 - Acquired backend connection (postgresql) for thread 8346099072
2026-09-17 02:07:13.682 | INFO     | tldw_Server_API.app.core.DB_Management.chacha.note_store:_execute:126 - Added note 'Private pack source' with ID: 13acfc1a-966f-478f-a5ca-f04dc7d6178c.
2026-09-17 02:07:13.686 | DEBUG    | tldw_Server_API.app.core.DB_Management.ChaChaNotes_DB:execute_many:8456 - Executing Many on backend postgresql: INSERT INTO study_pack_cards(study_pack_id, flashcard_uuid, created_at, last_modified, deleted, client_id, version) VALUES(?, ?, ?, ?, ?, ?, ?) ON CON... with 1 sets.
2026-09-17 02:07:13.687 | DEBUG    | tldw_Server_API.app.core.DB_Management.ChaChaNotes_DB:execute_many:8456 - Executing Many on backend postgresql:
                    INSERT INTO flashcard_citations(
                        flashcard_uuid, source_type, source_id, citation_text, locator, ordinal,... with 1 sets.
2026-09-17 02:07:13.689 | DEBUG    | tldw_Server_API.app.core.DB_Management.ChaChaNotes_DB:_get_connection_for_state:8036 - Acquired backend connection (postgresql) for thread 8346099072
2026-09-17 02:07:13.689 | DEBUG    | tldw_Server_API.app.core.DB_Management.ChaChaNotes_DB:execute_query:8286 - Executing SQL (script=False, backend=postgresql):
            SELECT f.uuid, f.deck_id, d.name AS deck_name, d.workspace_id AS workspace_id, f.front, f.back, f.notes, f.extra, f.is_cloze, f.tags_json,
                   f.source_ref_type, f.source_ref_id, f.conversation_id, f.message_id,
                   f.ef, f.interval_days, f.repetitions, f.l... Params: ('c9c9c434-5220-46d2-a699-e544f2eded65', '2')...
2026-09-17 02:07:13.690 | DEBUG    | tldw_Server_API.app.core.DB_Management.ChaChaNotes_DB:execute_query:8286 - Executing SQL (script=False, backend=postgresql):
            SELECT id, flashcard_uuid, source_type, source_id, citation_text, locator, ordinal,
                   created_at, last_modified, deleted, client_id, version
              FROM flashcard_citations
             WHERE flashcard_uuid = ? AND 1=1
             ORDER BY ordinal, id
        ... Params: ('c9c9c434-5220-46d2-a699-e544f2eded65',)...
2026-09-17 02:07:13.692 | DEBUG    | tldw_Server_API.app.core.DB_Management.ChaChaNotes_DB:execute_many:8456 - Executing Many on backend postgresql: INSERT INTO study_pack_cards(study_pack_id, flashcard_uuid, created_at, last_modified, deleted, client_id, version) VALUES(?, ?, ?, ?, ?, ?, ?) ON CON... with 2 sets.
--------------------------- Captured stderr teardown ---------------------------
2026-09-17 02:07:13.712 | INFO     | tldw_Server_API.app.api.v1.API_Deps.ChaCha_Notes_DB_Deps:close_all_chacha_db_instances:876 - Closing all cached ChaChaNotesDB instances (0)...
2026-09-17 02:07:13.712 | INFO     | tldw_Server_API.app.api.v1.API_Deps.ChaCha_Notes_DB_Deps:close_all_chacha_db_instances:892 - All ChaChaNotesDB instances closed and cache cleared.
2026-09-17 02:07:13.712 | INFO     | tldw_Server_API.app.api.v1.API_Deps.ChaCha_Notes_DB_Deps:close_all_chacha_db_instances:876 - Closing all cached ChaChaNotesDB instances (0)...
2026-09-17 02:07:13.712 | INFO     | tldw_Server_API.app.api.v1.API_Deps.ChaCha_Notes_DB_Deps:close_all_chacha_db_instances:892 - All ChaChaNotesDB instances closed and cache cleared.
=========================== short test summary info ============================
FAILED tldw_Server_API/tests/StudyPacks/test_study_pack_owner_contract.py::test_later_owned_membership_survives_earlier_foreign_history[postgres]
FAILED tldw_Server_API/tests/StudyPacks/test_study_pack_owner_contract.py::test_membership_denial_preserves_prior_caller_work_and_rolls_back_all_writes[postgres]
============ 2 failed, 4 passed, 53 deselected, 4 warnings in 7.94s ============
