
 RUN  v4.0.18 /Users/macbook-dev/Documents/GitHub/tldw_server2/apps/tldw-frontend

(node:40923) ExperimentalWarning: localStorage is not available because --localstorage-file was not provided.
(Use `node --trace-warnings ...` to show where the warning was created)
 ↓ ../packages/ui/src/hooks/chat/__tests__/useChatActions.saved-normal.integration.test.tsx > saved normal Chat pipeline with autosave > deletes a qualified mirror row and clears its local reply target using the canonical request ID
 ↓ ../packages/ui/src/hooks/chat/__tests__/useChatActions.saved-normal.integration.test.tsx > saved normal Chat pipeline with autosave > deletes a qualified mirror row and clears its server reply target using the canonical request ID
 ↓ ../packages/ui/src/hooks/chat/__tests__/useChatActions.saved-normal.integration.test.tsx > saved normal Chat pipeline with autosave > UAT131 promotes exact greeting identity through loader, send and reload: immediate
 ↓ ../packages/ui/src/hooks/chat/__tests__/useChatActions.saved-normal.integration.test.tsx > saved normal Chat pipeline with autosave > UAT131 promotes exact greeting identity through loader, send and reload: delayed ACK
 ↓ ../packages/ui/src/hooks/chat/__tests__/useChatActions.saved-normal.integration.test.tsx > saved normal Chat pipeline with autosave > UAT131 promotes exact greeting identity through loader, send and reload: ambiguous ACK
 ↓ ../packages/ui/src/hooks/chat/__tests__/useChatActions.saved-normal.integration.test.tsx > saved normal Chat pipeline with autosave > UAT131 preserves captured source identity across late edit
 ↓ ../packages/ui/src/hooks/chat/__tests__/useChatActions.saved-normal.integration.test.tsx > saved normal Chat pipeline with autosave > UAT131 preserves captured source identity across equal rows
 ↓ ../packages/ui/src/hooks/chat/__tests__/useChatActions.saved-normal.integration.test.tsx > saved normal Chat pipeline with autosave > UAT131 preserves captured source identity across authority
 ↓ ../packages/ui/src/hooks/chat/__tests__/useChatActions.saved-normal.integration.test.tsx > saved normal Chat pipeline with autosave > UAT131 preserves captured source identity across new history
 ↓ ../packages/ui/src/hooks/chat/__tests__/useChatActions.saved-normal.integration.test.tsx > saved normal Chat pipeline with autosave > UAT131 preserves captured source identity across route roundtrip
 ↓ ../packages/ui/src/hooks/chat/__tests__/useChatActions.saved-normal.integration.test.tsx > saved normal Chat pipeline with autosave > retains incomplete promotion across same-authority reconnect after 0 copies
 ↓ ../packages/ui/src/hooks/chat/__tests__/useChatActions.saved-normal.integration.test.tsx > saved normal Chat pipeline with autosave > retains incomplete promotion across same-authority reconnect after 1 copies
 ↓ ../packages/ui/src/hooks/chat/__tests__/useChatActions.saved-normal.integration.test.tsx > saved normal Chat pipeline with autosave > pauses rather than completes when readiness is lost during create
 ↓ ../packages/ui/src/hooks/chat/__tests__/useChatActions.saved-normal.integration.test.tsx > saved normal Chat pipeline with autosave > pauses rather than completes when readiness is lost during first copy
 ↓ ../packages/ui/src/hooks/chat/__tests__/useChatActions.saved-normal.integration.test.tsx > saved normal Chat pipeline with autosave > blocks changed server history after a readiness pause during create
 ↓ ../packages/ui/src/hooks/chat/__tests__/useChatActions.saved-normal.integration.test.tsx > saved normal Chat pipeline with autosave > blocks changed server history after a readiness pause during acknowledged copy
 ↓ ../packages/ui/src/hooks/chat/__tests__/useChatActions.saved-normal.integration.test.tsx > saved normal Chat pipeline with autosave > reconciles literal placeholder text using raw listing content
 ✓ ../packages/ui/src/hooks/chat/__tests__/useChatActions.saved-normal.integration.test.tsx > saved normal Chat pipeline with autosave > independent UAT103 deletion preserves canonical system prompt role 9ms
 ↓ ../packages/ui/src/hooks/chat/__tests__/useChatActions.saved-normal.integration.test.tsx > saved normal Chat pipeline with autosave > UAT103 deleting a local diagnostic does not remove equal genuine prompt text
 ↓ ../packages/ui/src/hooks/chat/__tests__/useChatActions.saved-normal.integration.test.tsx > saved normal Chat pipeline with autosave > UAT103 diagnostic deletion preserves a canonical system row's prompt role
 ↓ ../packages/ui/src/hooks/chat/__tests__/useChatActions.saved-normal.integration.test.tsx > saved normal Chat pipeline with autosave > UAT103 deleting only the diagnostic assistant keeps its exact draft eligible immediately and after reload
 ↓ ../packages/ui/src/hooks/chat/__tests__/useChatActions.saved-normal.integration.test.tsx > saved normal Chat pipeline with autosave > UAT103 excludes the local diagnostic from a later global RAG question rewrite
 ↓ ../packages/ui/src/hooks/chat/__tests__/useChatActions.saved-normal.integration.test.tsx > saved normal Chat pipeline with autosave > UAT103 Continue retries an exact pending source diagnostic instead of extending its prose
 ↓ ../packages/ui/src/hooks/chat/__tests__/useChatActions.saved-normal.integration.test.tsx > saved normal Chat pipeline with autosave > UAT103 Continue reports the exact diagnostic Retry outcome: validation skipped
 ↓ ../packages/ui/src/hooks/chat/__tests__/useChatActions.saved-normal.integration.test.tsx > saved normal Chat pipeline with autosave > UAT103 Continue reports the exact diagnostic Retry outcome: provider failed
 ↓ ../packages/ui/src/hooks/chat/__tests__/useChatActions.saved-normal.integration.test.tsx > saved normal Chat pipeline with autosave > UAT103 preserves ordinary Continue of Complete answer
 ↓ ../packages/ui/src/hooks/chat/__tests__/useChatActions.saved-normal.integration.test.tsx > saved normal Chat pipeline with autosave > UAT103 preserves ordinary Continue of Partial answer
 ↓ ../packages/ui/src/hooks/chat/__tests__/useChatActions.saved-normal.integration.test.tsx > saved normal Chat pipeline with autosave > UAT103 keeps a retrieval failure local through actual action, reload and next completion
 ↓ ../packages/ui/src/hooks/chat/__tests__/useChatActions.saved-normal.integration.test.tsx > saved normal Chat pipeline with autosave > UAT103 keeps a no evidence local through actual action, reload and next completion
 ↓ ../packages/ui/src/hooks/chat/__tests__/useChatActions.saved-normal.integration.test.tsx > saved normal Chat pipeline with autosave > UAT103 retries the exact local source question and restores real context (temporary false)
 ↓ ../packages/ui/src/hooks/chat/__tests__/useChatActions.saved-normal.integration.test.tsx > saved normal Chat pipeline with autosave > UAT103 retries the exact local source question and restores real context (temporary true)
 ↓ ../packages/ui/src/hooks/chat/__tests__/useChatActions.saved-normal.integration.test.tsx > saved normal Chat pipeline with autosave > UAT103 preserves ordinary handled text fallback: undefined
 ↓ ../packages/ui/src/hooks/chat/__tests__/useChatActions.saved-normal.integration.test.tsx > saved normal Chat pipeline with autosave > UAT103 preserves ordinary handled text fallback: {"mode":"rag","grounded":true,"reason":"selected_source_retrieval_failed"}
 ↓ ../packages/ui/src/hooks/chat/__tests__/useChatActions.saved-normal.integration.test.tsx > saved normal Chat pipeline with autosave > UAT103 preserves ordinary handled text fallback: {"mode":"normal","grounded":false,"reason":"selected_source_retrieval_failed"}
 ↓ ../packages/ui/src/hooks/chat/__tests__/useChatActions.saved-normal.integration.test.tsx > saved normal Chat pipeline with autosave > UAT103 promotes genuine temporary history with exact receipts while keeping its local diagnostic
 ↓ ../packages/ui/src/hooks/chat/__tests__/useChatActions.saved-normal.integration.test.tsx > saved normal Chat pipeline with autosave > keeps unsupported image work through blocked Retry, actual vision-model selection and canonical remount: '' / prior false
 ↓ ../packages/ui/src/hooks/chat/__tests__/useChatActions.saved-normal.integration.test.tsx > saved normal Chat pipeline with autosave > keeps unsupported image work through blocked Retry, actual vision-model selection and canonical remount: '  Keep this image  ' / prior false
 ↓ ../packages/ui/src/hooks/chat/__tests__/useChatActions.saved-normal.integration.test.tsx > saved normal Chat pipeline with autosave > keeps unsupported image work through blocked Retry, actual vision-model selection and canonical remount: '' / prior true
 ↓ ../packages/ui/src/hooks/chat/__tests__/useChatActions.saved-normal.integration.test.tsx > saved normal Chat pipeline with autosave > keeps unsupported image work through blocked Retry, actual vision-model selection and canonical remount: '  Keep this image  ' / prior true
 ↓ ../packages/ui/src/hooks/chat/__tests__/useChatActions.saved-normal.integration.test.tsx > saved normal Chat pipeline with autosave > retains server Retry after an ambiguous transport failure and a later capability refusal: initial refusal false
 ↓ ../packages/ui/src/hooks/chat/__tests__/useChatActions.saved-normal.integration.test.tsx > saved normal Chat pipeline with autosave > retains server Retry after an ambiguous transport failure and a later capability refusal: initial refusal true
 ↓ ../packages/ui/src/hooks/chat/__tests__/useChatActions.saved-normal.integration.test.tsx > saved normal Chat pipeline with autosave > allows explicit current-image OCR but refuses unconverted prior images on the next text-only turn
 ↓ ../packages/ui/src/hooks/chat/__tests__/useChatActions.saved-normal.integration.test.tsx > saved normal Chat pipeline with autosave > does not publish delayed image capability errors after A to B to B
 ↓ ../packages/ui/src/hooks/chat/__tests__/useChatActions.saved-normal.integration.test.tsx > saved normal Chat pipeline with autosave > does not publish delayed image capability errors after A to B to A
 ↓ ../packages/ui/src/hooks/chat/__tests__/useChatActions.saved-normal.integration.test.tsx > saved normal Chat pipeline with autosave > hydrates a failed saved turn before Retry without duplicating the canonical user
 ↓ ../packages/ui/src/hooks/chat/__tests__/useChatActions.saved-normal.integration.test.tsx > saved normal Chat pipeline with autosave > rejects a multi-attachment user before changing the active draft or local mirror
 ↓ ../packages/ui/src/hooks/chat/__tests__/useChatActions.saved-normal.integration.test.tsx > saved normal Chat pipeline with autosave > recovers actual image transport through the domain adapter, mounted mirror, Retry and remount: 'Image question' / prior false
 ↓ ../packages/ui/src/hooks/chat/__tests__/useChatActions.saved-normal.integration.test.tsx > saved normal Chat pipeline with autosave > recovers actual image transport through the domain adapter, mounted mirror, Retry and remount: '' / prior false
 ↓ ../packages/ui/src/hooks/chat/__tests__/useChatActions.saved-normal.integration.test.tsx > saved normal Chat pipeline with autosave > recovers actual image transport through the domain adapter, mounted mirror, Retry and remount: 'Image question' / prior true
 ↓ ../packages/ui/src/hooks/chat/__tests__/useChatActions.saved-normal.integration.test.tsx > saved normal Chat pipeline with autosave > recovers actual image transport through the domain adapter, mounted mirror, Retry and remount: '' / prior true
 ↓ ../packages/ui/src/hooks/chat/__tests__/useChatActions.saved-normal.integration.test.tsx > saved normal Chat pipeline with autosave > does not apply delayed failed-user correlation after A to B to B
 ↓ ../packages/ui/src/hooks/chat/__tests__/useChatActions.saved-normal.integration.test.tsx > saved normal Chat pipeline with autosave > does not apply delayed failed-user correlation after A to B to A
 ↓ ../packages/ui/src/hooks/chat/__tests__/useChatActions.saved-normal.integration.test.tsx > saved normal Chat pipeline with autosave > successful regeneration does not re-ACK the already acknowledged user
 ↓ ../packages/ui/src/hooks/chat/__tests__/useChatActions.saved-normal.integration.test.tsx > saved normal Chat pipeline with autosave > real failed-turn regeneration sends the intended user once without its display error
 ↓ ../packages/ui/src/hooks/chat/__tests__/useChatActions.saved-normal.integration.test.tsx > saved normal Chat pipeline with autosave > persists a real acknowledged reasoning-only stream as one recoverable saved pair
 ↓ ../packages/ui/src/hooks/chat/__tests__/useChatActions.saved-normal.integration.test.tsx > saved normal Chat pipeline with autosave > acknowledges both saved turns before backlink eligibility and reload without consuming an identical unsent draft
 ↓ ../packages/ui/src/hooks/chat/__tests__/useChatActions.saved-normal.integration.test.tsx > saved normal Chat pipeline with autosave > does not apply late stream acknowledgements after switching A to B to B
 ↓ ../packages/ui/src/hooks/chat/__tests__/useChatActions.saved-normal.integration.test.tsx > saved normal Chat pipeline with autosave > does not apply late stream acknowledgements after switching A to B to A
 ↓ ../packages/ui/src/hooks/chat/__tests__/useChatActions.saved-normal.integration.test.tsx > saved normal Chat pipeline with autosave > establishes one neutral conversation and local history before inference, including a queued second turn
 ↓ ../packages/ui/src/hooks/chat/__tests__/useChatActions.saved-normal.integration.test.tsx > saved normal Chat pipeline with autosave > cannot autosave a second conversation while the completed first pair is waiting for local persistence
 ↓ ../packages/ui/src/hooks/chat/__tests__/useChatActions.saved-normal.integration.test.tsx > saved normal Chat pipeline with autosave > keeps temporary inference unsaved and promotes its existing pair only once
 ↓ ../packages/ui/src/hooks/chat/__tests__/useChatActions.saved-normal.integration.test.tsx > saved normal Chat pipeline with autosave > returns a recoverable creation failure and retries without a duplicate pair
 ↓ ../packages/ui/src/hooks/chat/__tests__/useChatActions.saved-normal.integration.test.tsx > saved normal Chat pipeline with autosave > waits for the entire local promotion during create before a follow-up and queued turn
 ↓ ../packages/ui/src/hooks/chat/__tests__/useChatActions.saved-normal.integration.test.tsx > saved normal Chat pipeline with autosave > waits for the entire local promotion during message before a follow-up and queued turn
 ↓ ../packages/ui/src/hooks/chat/__tests__/useChatActions.saved-normal.integration.test.tsx > saved normal Chat pipeline with autosave > rechecks the current conversation after promotion finishes during send initialization
 ↓ ../packages/ui/src/hooks/chat/__tests__/useChatActions.saved-normal.integration.test.tsx > saved normal Chat pipeline with autosave > cancels a waiting follow-up without cancelling the owning promotion
 ↓ ../packages/ui/src/hooks/chat/__tests__/useChatActions.saved-normal.integration.test.tsx > saved normal Chat pipeline with autosave > cleans up a failed promotion so retry saves the original pair before the next turn
 ↓ ../packages/ui/src/hooks/chat/__tests__/useChatActions.saved-normal.integration.test.tsx > saved normal Chat pipeline with autosave > retries incomplete promotion through the visible notification after 0 acknowledged copies
 ↓ ../packages/ui/src/hooks/chat/__tests__/useChatActions.saved-normal.integration.test.tsx > saved normal Chat pipeline with autosave > retries incomplete promotion through the visible notification after 1 acknowledged copies
 ↓ ../packages/ui/src/hooks/chat/__tests__/useChatActions.saved-normal.integration.test.tsx > saved normal Chat pipeline with autosave > retries incomplete promotion through the visible notification after ambiguous commit acknowledged copies
 ↓ ../packages/ui/src/hooks/chat/__tests__/useChatActions.saved-normal.integration.test.tsx > saved normal Chat pipeline with autosave > keeps incomplete promotion blocked when reconciliation finds changed identity
 ↓ ../packages/ui/src/hooks/chat/__tests__/useChatActions.saved-normal.integration.test.tsx > saved normal Chat pipeline with autosave > keeps incomplete promotion blocked when reconciliation finds additional row
 ↓ ../packages/ui/src/hooks/chat/__tests__/useChatActions.saved-normal.integration.test.tsx > saved normal Chat pipeline with autosave > keeps incomplete promotion blocked when reconciliation finds reordered rows
 ↓ ../packages/ui/src/hooks/chat/__tests__/useChatActions.saved-normal.integration.test.tsx > saved normal Chat pipeline with autosave > keeps incomplete promotion blocked when reconciliation finds deleted acknowledgement
 ↓ ../packages/ui/src/hooks/chat/__tests__/useChatActions.saved-normal.integration.test.tsx > saved normal Chat pipeline with autosave > keeps incomplete promotion blocked when reconciliation finds read failure
 ↓ ../packages/ui/src/hooks/chat/__tests__/useChatActions.saved-normal.integration.test.tsx > saved normal Chat pipeline with autosave > releases incomplete promotion and removes its retry action on new history
 ↓ ../packages/ui/src/hooks/chat/__tests__/useChatActions.saved-normal.integration.test.tsx > saved normal Chat pipeline with autosave > releases incomplete promotion and removes its retry action on A to B to A
 ↓ ../packages/ui/src/hooks/chat/__tests__/useChatActions.saved-normal.integration.test.tsx > saved normal Chat pipeline with autosave > releases incomplete promotion and removes its retry action on unmount
 ↓ ../packages/ui/src/hooks/chat/__tests__/useChatActions.saved-normal.integration.test.tsx > saved normal Chat pipeline with autosave > discards a delayed retry read after an A to B to A boundary
 ↓ ../packages/ui/src/hooks/chat/__tests__/useChatActions.saved-normal.integration.test.tsx > saved normal Chat pipeline with autosave > does not join or publish an older promotion after new history on the same surface
 ↓ ../packages/ui/src/hooks/chat/__tests__/useChatActions.saved-normal.integration.test.tsx > saved normal Chat pipeline with autosave > does not join or publish an older promotion after A to B to A on the same surface
 ↓ ../packages/ui/src/hooks/chat/__tests__/useChatActions.saved-normal.integration.test.tsx > saved normal Chat pipeline with autosave > does not publish a cancelled creation response or invoke inference
 ↓ ../packages/ui/src/hooks/chat/__tests__/useChatActions.saved-normal.integration.test.tsx > saved normal Chat pipeline with autosave > does not attach a pending first-turn creation to a different local history
 ↓ ../packages/ui/src/hooks/chat/__tests__/useChatActions.saved-normal.integration.test.tsx > saved normal Chat pipeline with autosave > rejects an A to B to A response during initialize before inference
 ↓ ../packages/ui/src/hooks/chat/__tests__/useChatActions.saved-normal.integration.test.tsx > saved normal Chat pipeline with autosave > rejects an A to B to A response during create before inference
 ↓ ../packages/ui/src/hooks/chat/__tests__/useChatActions.saved-normal.integration.test.tsx > saved normal Chat pipeline with autosave > rejects an A to B to A response during link before inference
 ↓ ../packages/ui/src/hooks/chat/__tests__/useChatActions.saved-normal.integration.test.tsx > saved normal Chat pipeline with autosave > rechecks an autosave after initialization when the send path has established a conversation
 ↓ ../packages/ui/src/hooks/chat/__tests__/useChatActions.saved-normal.integration.test.tsx > saved normal Chat pipeline with autosave > keeps the new account's state when an old stream completes
 ↓ ../packages/ui/src/hooks/chat/__tests__/useChatActions.saved-normal.integration.test.tsx > saved normal Chat pipeline with autosave > keeps the new account's state when an old local persistence completes
 ↓ ../packages/ui/src/hooks/chat/__tests__/useChatActions.saved-normal.integration.test.tsx > saved normal Chat pipeline with autosave > stops old autosave writes after A to B to A during initialize
 ↓ ../packages/ui/src/hooks/chat/__tests__/useChatActions.saved-normal.integration.test.tsx > saved normal Chat pipeline with autosave > stops old autosave writes after A to B to A during create
 ↓ ../packages/ui/src/hooks/chat/__tests__/useChatActions.saved-normal.integration.test.tsx > saved normal Chat pipeline with autosave > stops old autosave writes after A to B to A during message

 Test Files  1 passed (1)
      Tests  1 passed | 91 skipped (92)
   Start at  13:28:12
   Duration  1.54s (transform 656ms, setup 78ms, import 1.17s, tests 10ms, environment 196ms)
