[main]	INFO	profile include tests: None
[main]	INFO	profile exclude tests: None
[main]	INFO	cli include tests: None
[main]	INFO	cli exclude tests: None
[manager]	WARNING	Test in comment: the is not a test name or id, ignoring
[manager]	WARNING	Test in comment: interpolated is not a test name or id, ignoring
[manager]	WARNING	Test in comment: clause is not a test name or id, ignoring
[manager]	WARNING	Test in comment: is is not a test name or id, ignoring
[manager]	WARNING	Test in comment: fixed is not a test name or id, ignoring
[manager]	WARNING	Test in comment: by is not a test name or id, ignoring
[manager]	WARNING	Test in comment: backend is not a test name or id, ignoring
[manager]	WARNING	Test in comment: type is not a test name or id, ignoring
[manager]	WARNING	Test in comment: fixed is not a test name or id, ignoring
[manager]	WARNING	Test in comment: backend is not a test name or id, ignoring
[manager]	WARNING	Test in comment: catalog is not a test name or id, ignoring
[manager]	WARNING	Test in comment: target is not a test name or id, ignoring
[manager]	WARNING	Test in comment: fixed is not a test name or id, ignoring
[manager]	WARNING	Test in comment: backend is not a test name or id, ignoring
[manager]	WARNING	Test in comment: catalog is not a test name or id, ignoring
[manager]	WARNING	Test in comment: target is not a test name or id, ignoring
[tester]	WARNING	nosec encountered (B608), but no failed test on line 485
[tester]	WARNING	nosec encountered (B608), but no failed test on line 485
[tester]	WARNING	nosec encountered (B608), but no failed test on line 1355
[tester]	WARNING	nosec encountered (B608), but no failed test on line 1369
[tester]	WARNING	nosec encountered (B608), but no failed test on line 1369
[tester]	WARNING	nosec encountered (B608), but no failed test on line 1742
[tester]	WARNING	nosec encountered (B608), but no failed test on line 1797
[tester]	WARNING	nosec encountered (B608), but no failed test on line 1818
[tester]	WARNING	nosec encountered (B608), but no failed test on line 1853
[tester]	WARNING	nosec encountered (B608), but no failed test on line 1863
[tester]	WARNING	nosec encountered (B608), but no failed test on line 1937
[tester]	WARNING	nosec encountered (B608), but no failed test on line 1997
[tester]	WARNING	nosec encountered (B608), but no failed test on line 2019
[tester]	WARNING	nosec encountered (B608), but no failed test on line 2019
[tester]	WARNING	nosec encountered (B608), but no failed test on line 2102
[tester]	WARNING	nosec encountered (B608), but no failed test on line 2102
[tester]	WARNING	nosec encountered (B608), but no failed test on line 2475
[tester]	WARNING	nosec encountered (B608), but no failed test on line 2489
[tester]	WARNING	nosec encountered (B608), but no failed test on line 2507
[tester]	WARNING	nosec encountered (B608), but no failed test on line 2522
[tester]	WARNING	nosec encountered (B608), but no failed test on line 2560
[tester]	WARNING	nosec encountered (B608), but no failed test on line 2572
[tester]	WARNING	nosec encountered (B608), but no failed test on line 2589
[tester]	WARNING	nosec encountered (B608), but no failed test on line 2602
[tester]	WARNING	nosec encountered (B608), but no failed test on line 2634
[tester]	WARNING	nosec encountered (B608), but no failed test on line 2657
[tester]	WARNING	nosec encountered (B608), but no failed test on line 2715
[json]	INFO	JSON output written to file: .tmp/uat210-diagnosis-20260917/bandit-current.json
