
 RUN  v4.0.18 /Users/macbook-dev/Documents/GitHub/tldw_server2/apps/packages/ui

(node:5889) ExperimentalWarning: localStorage is not available because --localstorage-file was not provided.
(Use `node --trace-warnings ...` to show where the warning was created)
(node:5888) ExperimentalWarning: localStorage is not available because --localstorage-file was not provided.
(Use `node --trace-warnings ...` to show where the warning was created)
TypeError: __vite_ssr_import_1__.tldwClient.getConfig is not a function
    at refresh (/Users/macbook-dev/Documents/GitHub/tldw_server2/apps/packages/ui/src/hooks/useHomeMilestoneScope.ts:17:24)
    at /Users/macbook-dev/Documents/GitHub/tldw_server2/apps/packages/ui/src/hooks/useHomeMilestoneScope.ts:58:5
    at commitHookEffectListMount (/Users/macbook-dev/Documents/GitHub/tldw_server2/apps/node_modules/.bun/react-dom@18.3.1+f4eacebf2041cd4f/node_modules/react-dom/cjs/react-dom.development.js:23189:26)
    at commitPassiveMountOnFiber (/Users/macbook-dev/Documents/GitHub/tldw_server2/apps/node_modules/.bun/react-dom@18.3.1+f4eacebf2041cd4f/node_modules/react-dom/cjs/react-dom.development.js:24970:11)
    at commitPassiveMountEffects_complete (/Users/macbook-dev/Documents/GitHub/tldw_server2/apps/node_modules/.bun/react-dom@18.3.1+f4eacebf2041cd4f/node_modules/react-dom/cjs/react-dom.development.js:24930:9)
    at commitPassiveMountEffects_begin (/Users/macbook-dev/Documents/GitHub/tldw_server2/apps/node_modules/.bun/react-dom@18.3.1+f4eacebf2041cd4f/node_modules/react-dom/cjs/react-dom.development.js:24917:7)
    at commitPassiveMountEffects (/Users/macbook-dev/Documents/GitHub/tldw_server2/apps/node_modules/.bun/react-dom@18.3.1+f4eacebf2041cd4f/node_modules/react-dom/cjs/react-dom.development.js:24905:3)
    at flushPassiveEffectsImpl (/Users/macbook-dev/Documents/GitHub/tldw_server2/apps/node_modules/.bun/react-dom@18.3.1+f4eacebf2041cd4f/node_modules/react-dom/cjs/react-dom.development.js:27078:3)
    at flushPassiveEffects (/Users/macbook-dev/Documents/GitHub/tldw_server2/apps/node_modules/.bun/react-dom@18.3.1+f4eacebf2041cd4f/node_modules/react-dom/cjs/react-dom.development.js:27023:14)
    at /Users/macbook-dev/Documents/GitHub/tldw_server2/apps/node_modules/.bun/react-dom@18.3.1+f4eacebf2041cd4f/node_modules/react-dom/cjs/react-dom.development.js:26808:9
stderr | src/components/Option/Playground/__tests__/PlaygroundForm.follow-up-research.test.tsx > PlaygroundForm follow-up research > hides follow-up research for empty drafts
The above error occurred in the <PlaygroundForm> component:

    at PlaygroundForm (/Users/macbook-dev/Documents/GitHub/tldw_server2/apps/packages/ui/src/components/Option/Playground/PlaygroundForm.tsx:299:3)

Consider adding an error boundary to your tree to customize error handling behavior.
Visit https://reactjs.org/link/error-boundaries to learn more about error boundaries.

TypeError: __vite_ssr_import_1__.tldwClient.getConfig is not a function
    at refresh (/Users/macbook-dev/Documents/GitHub/tldw_server2/apps/packages/ui/src/hooks/useHomeMilestoneScope.ts:17:24)
    at /Users/macbook-dev/Documents/GitHub/tldw_server2/apps/packages/ui/src/hooks/useHomeMilestoneScope.ts:58:5
    at commitHookEffectListMount (/Users/macbook-dev/Documents/GitHub/tldw_server2/apps/node_modules/.bun/react-dom@18.3.1+f4eacebf2041cd4f/node_modules/react-dom/cjs/react-dom.development.js:23189:26)
    at commitPassiveMountOnFiber (/Users/macbook-dev/Documents/GitHub/tldw_server2/apps/node_modules/.bun/react-dom@18.3.1+f4eacebf2041cd4f/node_modules/react-dom/cjs/react-dom.development.js:24970:11)
    at commitPassiveMountEffects_complete (/Users/macbook-dev/Documents/GitHub/tldw_server2/apps/node_modules/.bun/react-dom@18.3.1+f4eacebf2041cd4f/node_modules/react-dom/cjs/react-dom.development.js:24930:9)
    at commitPassiveMountEffects_begin (/Users/macbook-dev/Documents/GitHub/tldw_server2/apps/node_modules/.bun/react-dom@18.3.1+f4eacebf2041cd4f/node_modules/react-dom/cjs/react-dom.development.js:24917:7)
    at commitPassiveMountEffects (/Users/macbook-dev/Documents/GitHub/tldw_server2/apps/node_modules/.bun/react-dom@18.3.1+f4eacebf2041cd4f/node_modules/react-dom/cjs/react-dom.development.js:24905:3)
    at flushPassiveEffectsImpl (/Users/macbook-dev/Documents/GitHub/tldw_server2/apps/node_modules/.bun/react-dom@18.3.1+f4eacebf2041cd4f/node_modules/react-dom/cjs/react-dom.development.js:27078:3)
    at flushPassiveEffects (/Users/macbook-dev/Documents/GitHub/tldw_server2/apps/node_modules/.bun/react-dom@18.3.1+f4eacebf2041cd4f/node_modules/react-dom/cjs/react-dom.development.js:27023:14)
    at /Users/macbook-dev/Documents/GitHub/tldw_server2/apps/node_modules/.bun/react-dom@18.3.1+f4eacebf2041cd4f/node_modules/react-dom/cjs/react-dom.development.js:26808:9
stderr | src/components/Option/Playground/__tests__/PlaygroundForm.image-refine.integration.test.tsx > PlaygroundForm image prompt refinement modal integration > queues the current draft instead of sending when disconnected
The above error occurred in the <PlaygroundForm> component:

    at PlaygroundForm (/Users/macbook-dev/Documents/GitHub/tldw_server2/apps/packages/ui/src/components/Option/Playground/PlaygroundForm.tsx:299:3)

Consider adding an error boundary to your tree to customize error handling behavior.
Visit https://reactjs.org/link/error-boundaries to learn more about error boundaries.

TypeError: __vite_ssr_import_1__.tldwClient.getConfig is not a function
    at refresh (/Users/macbook-dev/Documents/GitHub/tldw_server2/apps/packages/ui/src/hooks/useHomeMilestoneScope.ts:17:24)
    at /Users/macbook-dev/Documents/GitHub/tldw_server2/apps/packages/ui/src/hooks/useHomeMilestoneScope.ts:58:5
    at commitHookEffectListMount (/Users/macbook-dev/Documents/GitHub/tldw_server2/apps/node_modules/.bun/react-dom@18.3.1+f4eacebf2041cd4f/node_modules/react-dom/cjs/react-dom.development.js:23189:26)
    at commitPassiveMountOnFiber (/Users/macbook-dev/Documents/GitHub/tldw_server2/apps/node_modules/.bun/react-dom@18.3.1+f4eacebf2041cd4f/node_modules/react-dom/cjs/react-dom.development.js:24970:11)
    at commitPassiveMountEffects_complete (/Users/macbook-dev/Documents/GitHub/tldw_server2/apps/node_modules/.bun/react-dom@18.3.1+f4eacebf2041cd4f/node_modules/react-dom/cjs/react-dom.development.js:24930:9)
    at commitPassiveMountEffects_begin (/Users/macbook-dev/Documents/GitHub/tldw_server2/apps/node_modules/.bun/react-dom@18.3.1+f4eacebf2041cd4f/node_modules/react-dom/cjs/react-dom.development.js:24917:7)
    at commitPassiveMountEffects (/Users/macbook-dev/Documents/GitHub/tldw_server2/apps/node_modules/.bun/react-dom@18.3.1+f4eacebf2041cd4f/node_modules/react-dom/cjs/react-dom.development.js:24905:3)
    at flushPassiveEffectsImpl (/Users/macbook-dev/Documents/GitHub/tldw_server2/apps/node_modules/.bun/react-dom@18.3.1+f4eacebf2041cd4f/node_modules/react-dom/cjs/react-dom.development.js:27078:3)
    at flushPassiveEffects (/Users/macbook-dev/Documents/GitHub/tldw_server2/apps/node_modules/.bun/react-dom@18.3.1+f4eacebf2041cd4f/node_modules/react-dom/cjs/react-dom.development.js:27023:14)
    at /Users/macbook-dev/Documents/GitHub/tldw_server2/apps/node_modules/.bun/react-dom@18.3.1+f4eacebf2041cd4f/node_modules/react-dom/cjs/react-dom.development.js:26808:9
stderr | src/components/Option/Playground/__tests__/PlaygroundForm.follow-up-research.test.tsx > PlaygroundForm follow-up research > hides follow-up research for temporary chats
The above error occurred in the <PlaygroundForm> component:

    at PlaygroundForm (/Users/macbook-dev/Documents/GitHub/tldw_server2/apps/packages/ui/src/components/Option/Playground/PlaygroundForm.tsx:299:3)

Consider adding an error boundary to your tree to customize error handling behavior.
Visit https://reactjs.org/link/error-boundaries to learn more about error boundaries.

TypeError: __vite_ssr_import_1__.tldwClient.getConfig is not a function
    at refresh (/Users/macbook-dev/Documents/GitHub/tldw_server2/apps/packages/ui/src/hooks/useHomeMilestoneScope.ts:17:24)
    at /Users/macbook-dev/Documents/GitHub/tldw_server2/apps/packages/ui/src/hooks/useHomeMilestoneScope.ts:58:5
    at commitHookEffectListMount (/Users/macbook-dev/Documents/GitHub/tldw_server2/apps/node_modules/.bun/react-dom@18.3.1+f4eacebf2041cd4f/node_modules/react-dom/cjs/react-dom.development.js:23189:26)
    at commitPassiveMountOnFiber (/Users/macbook-dev/Documents/GitHub/tldw_server2/apps/node_modules/.bun/react-dom@18.3.1+f4eacebf2041cd4f/node_modules/react-dom/cjs/react-dom.development.js:24970:11)
    at commitPassiveMountEffects_complete (/Users/macbook-dev/Documents/GitHub/tldw_server2/apps/node_modules/.bun/react-dom@18.3.1+f4eacebf2041cd4f/node_modules/react-dom/cjs/react-dom.development.js:24930:9)
    at commitPassiveMountEffects_begin (/Users/macbook-dev/Documents/GitHub/tldw_server2/apps/node_modules/.bun/react-dom@18.3.1+f4eacebf2041cd4f/node_modules/react-dom/cjs/react-dom.development.js:24917:7)
    at commitPassiveMountEffects (/Users/macbook-dev/Documents/GitHub/tldw_server2/apps/node_modules/.bun/react-dom@18.3.1+f4eacebf2041cd4f/node_modules/react-dom/cjs/react-dom.development.js:24905:3)
    at flushPassiveEffectsImpl (/Users/macbook-dev/Documents/GitHub/tldw_server2/apps/node_modules/.bun/react-dom@18.3.1+f4eacebf2041cd4f/node_modules/react-dom/cjs/react-dom.development.js:27078:3)
    at flushPassiveEffects (/Users/macbook-dev/Documents/GitHub/tldw_server2/apps/node_modules/.bun/react-dom@18.3.1+f4eacebf2041cd4f/node_modules/react-dom/cjs/react-dom.development.js:27023:14)
    at /Users/macbook-dev/Documents/GitHub/tldw_server2/apps/node_modules/.bun/react-dom@18.3.1+f4eacebf2041cd4f/node_modules/react-dom/cjs/react-dom.development.js:26808:9
TypeError: __vite_ssr_import_1__.tldwClient.getConfig is not a function
    at refresh (/Users/macbook-dev/Documents/GitHub/tldw_server2/apps/packages/ui/src/hooks/useHomeMilestoneScope.ts:17:24)
    at /Users/macbook-dev/Documents/GitHub/tldw_server2/apps/packages/ui/src/hooks/useHomeMilestoneScope.ts:58:5
    at commitHookEffectListMount (/Users/macbook-dev/Documents/GitHub/tldw_server2/apps/node_modules/.bun/react-dom@18.3.1+f4eacebf2041cd4f/node_modules/react-dom/cjs/react-dom.development.js:23189:26)
    at commitPassiveMountOnFiber (/Users/macbook-dev/Documents/GitHub/tldw_server2/apps/node_modules/.bun/react-dom@18.3.1+f4eacebf2041cd4f/node_modules/react-dom/cjs/react-dom.development.js:24970:11)
    at commitPassiveMountEffects_complete (/Users/macbook-dev/Documents/GitHub/tldw_server2/apps/node_modules/.bun/react-dom@18.3.1+f4eacebf2041cd4f/node_modules/react-dom/cjs/react-dom.development.js:24930:9)
    at commitPassiveMountEffects_begin (/Users/macbook-dev/Documents/GitHub/tldw_server2/apps/node_modules/.bun/react-dom@18.3.1+f4eacebf2041cd4f/node_modules/react-dom/cjs/react-dom.development.js:24917:7)
    at commitPassiveMountEffects (/Users/macbook-dev/Documents/GitHub/tldw_server2/apps/node_modules/.bun/react-dom@18.3.1+f4eacebf2041cd4f/node_modules/react-dom/cjs/react-dom.development.js:24905:3)
    at flushPassiveEffectsImpl (/Users/macbook-dev/Documents/GitHub/tldw_server2/apps/node_modules/.bun/react-dom@18.3.1+f4eacebf2041cd4f/node_modules/react-dom/cjs/react-dom.development.js:27078:3)
    at flushPassiveEffects (/Users/macbook-dev/Documents/GitHub/tldw_server2/apps/node_modules/.bun/react-dom@18.3.1+f4eacebf2041cd4f/node_modules/react-dom/cjs/react-dom.development.js:27023:14)
    at /Users/macbook-dev/Documents/GitHub/tldw_server2/apps/node_modules/.bun/react-dom@18.3.1+f4eacebf2041cd4f/node_modules/react-dom/cjs/react-dom.development.js:26808:9
stderr | src/components/Option/Playground/__tests__/PlaygroundForm.image-refine.integration.test.tsx > PlaygroundForm image prompt refinement modal integration > does not force a provider refresh on the first successful send
The above error occurred in the <PlaygroundForm> component:

    at PlaygroundForm (/Users/macbook-dev/Documents/GitHub/tldw_server2/apps/packages/ui/src/components/Option/Playground/PlaygroundForm.tsx:299:3)

Consider adding an error boundary to your tree to customize error handling behavior.
Visit https://reactjs.org/link/error-boundaries to learn more about error boundaries.

stderr | src/components/Option/Playground/__tests__/PlaygroundForm.follow-up-research.test.tsx > PlaygroundForm follow-up research > opens the follow-up confirmation surface for a saved chat with attached background
The above error occurred in the <PlaygroundForm> component:

    at PlaygroundForm (/Users/macbook-dev/Documents/GitHub/tldw_server2/apps/packages/ui/src/components/Option/Playground/PlaygroundForm.tsx:299:3)

Consider adding an error boundary to your tree to customize error handling behavior.
Visit https://reactjs.org/link/error-boundaries to learn more about error boundaries.

TypeError: __vite_ssr_import_1__.tldwClient.getConfig is not a function
    at refresh (/Users/macbook-dev/Documents/GitHub/tldw_server2/apps/packages/ui/src/hooks/useHomeMilestoneScope.ts:17:24)
    at /Users/macbook-dev/Documents/GitHub/tldw_server2/apps/packages/ui/src/hooks/useHomeMilestoneScope.ts:58:5
    at commitHookEffectListMount (/Users/macbook-dev/Documents/GitHub/tldw_server2/apps/node_modules/.bun/react-dom@18.3.1+f4eacebf2041cd4f/node_modules/react-dom/cjs/react-dom.development.js:23189:26)
    at commitPassiveMountOnFiber (/Users/macbook-dev/Documents/GitHub/tldw_server2/apps/node_modules/.bun/react-dom@18.3.1+f4eacebf2041cd4f/node_modules/react-dom/cjs/react-dom.development.js:24970:11)
    at commitPassiveMountEffects_complete (/Users/macbook-dev/Documents/GitHub/tldw_server2/apps/node_modules/.bun/react-dom@18.3.1+f4eacebf2041cd4f/node_modules/react-dom/cjs/react-dom.development.js:24930:9)
    at commitPassiveMountEffects_begin (/Users/macbook-dev/Documents/GitHub/tldw_server2/apps/node_modules/.bun/react-dom@18.3.1+f4eacebf2041cd4f/node_modules/react-dom/cjs/react-dom.development.js:24917:7)
    at commitPassiveMountEffects (/Users/macbook-dev/Documents/GitHub/tldw_server2/apps/node_modules/.bun/react-dom@18.3.1+f4eacebf2041cd4f/node_modules/react-dom/cjs/react-dom.development.js:24905:3)
    at flushPassiveEffectsImpl (/Users/macbook-dev/Documents/GitHub/tldw_server2/apps/node_modules/.bun/react-dom@18.3.1+f4eacebf2041cd4f/node_modules/react-dom/cjs/react-dom.development.js:27078:3)
    at flushPassiveEffects (/Users/macbook-dev/Documents/GitHub/tldw_server2/apps/node_modules/.bun/react-dom@18.3.1+f4eacebf2041cd4f/node_modules/react-dom/cjs/react-dom.development.js:27023:14)
    at /Users/macbook-dev/Documents/GitHub/tldw_server2/apps/node_modules/.bun/react-dom@18.3.1+f4eacebf2041cd4f/node_modules/react-dom/cjs/react-dom.development.js:26808:9
stderr | src/components/Option/Playground/__tests__/PlaygroundForm.follow-up-research.test.tsx > PlaygroundForm follow-up research > hides follow-up research when no research context is attached
The above error occurred in the <PlaygroundForm> component:

    at PlaygroundForm (/Users/macbook-dev/Documents/GitHub/tldw_server2/apps/packages/ui/src/components/Option/Playground/PlaygroundForm.tsx:299:3)

Consider adding an error boundary to your tree to customize error handling behavior.
Visit https://reactjs.org/link/error-boundaries to learn more about error boundaries.

TypeError: __vite_ssr_import_1__.tldwClient.getConfig is not a function
    at refresh (/Users/macbook-dev/Documents/GitHub/tldw_server2/apps/packages/ui/src/hooks/useHomeMilestoneScope.ts:17:24)
    at /Users/macbook-dev/Documents/GitHub/tldw_server2/apps/packages/ui/src/hooks/useHomeMilestoneScope.ts:58:5
    at commitHookEffectListMount (/Users/macbook-dev/Documents/GitHub/tldw_server2/apps/node_modules/.bun/react-dom@18.3.1+f4eacebf2041cd4f/node_modules/react-dom/cjs/react-dom.development.js:23189:26)
    at commitPassiveMountOnFiber (/Users/macbook-dev/Documents/GitHub/tldw_server2/apps/node_modules/.bun/react-dom@18.3.1+f4eacebf2041cd4f/node_modules/react-dom/cjs/react-dom.development.js:24970:11)
    at commitPassiveMountEffects_complete (/Users/macbook-dev/Documents/GitHub/tldw_server2/apps/node_modules/.bun/react-dom@18.3.1+f4eacebf2041cd4f/node_modules/react-dom/cjs/react-dom.development.js:24930:9)
    at commitPassiveMountEffects_begin (/Users/macbook-dev/Documents/GitHub/tldw_server2/apps/node_modules/.bun/react-dom@18.3.1+f4eacebf2041cd4f/node_modules/react-dom/cjs/react-dom.development.js:24917:7)
    at commitPassiveMountEffects (/Users/macbook-dev/Documents/GitHub/tldw_server2/apps/node_modules/.bun/react-dom@18.3.1+f4eacebf2041cd4f/node_modules/react-dom/cjs/react-dom.development.js:24905:3)
    at flushPassiveEffectsImpl (/Users/macbook-dev/Documents/GitHub/tldw_server2/apps/node_modules/.bun/react-dom@18.3.1+f4eacebf2041cd4f/node_modules/react-dom/cjs/react-dom.development.js:27078:3)
    at flushPassiveEffects (/Users/macbook-dev/Documents/GitHub/tldw_server2/apps/node_modules/.bun/react-dom@18.3.1+f4eacebf2041cd4f/node_modules/react-dom/cjs/react-dom.development.js:27023:14)
    at /Users/macbook-dev/Documents/GitHub/tldw_server2/apps/node_modules/.bun/react-dom@18.3.1+f4eacebf2041cd4f/node_modules/react-dom/cjs/react-dom.development.js:26808:9
stderr | src/components/Option/Playground/__tests__/PlaygroundForm.image-refine.integration.test.tsx > PlaygroundForm image prompt refinement modal integration > supports create -> refine -> accept flow and submits refine metadata
The above error occurred in the <PlaygroundForm> component:

    at PlaygroundForm (/Users/macbook-dev/Documents/GitHub/tldw_server2/apps/packages/ui/src/components/Option/Playground/PlaygroundForm.tsx:299:3)

Consider adding an error boundary to your tree to customize error handling behavior.
Visit https://reactjs.org/link/error-boundaries to learn more about error boundaries.

TypeError: __vite_ssr_import_1__.tldwClient.getConfig is not a function
    at refresh (/Users/macbook-dev/Documents/GitHub/tldw_server2/apps/packages/ui/src/hooks/useHomeMilestoneScope.ts:17:24)
    at /Users/macbook-dev/Documents/GitHub/tldw_server2/apps/packages/ui/src/hooks/useHomeMilestoneScope.ts:58:5
    at commitHookEffectListMount (/Users/macbook-dev/Documents/GitHub/tldw_server2/apps/node_modules/.bun/react-dom@18.3.1+f4eacebf2041cd4f/node_modules/react-dom/cjs/react-dom.development.js:23189:26)
    at commitPassiveMountOnFiber (/Users/macbook-dev/Documents/GitHub/tldw_server2/apps/node_modules/.bun/react-dom@18.3.1+f4eacebf2041cd4f/node_modules/react-dom/cjs/react-dom.development.js:24970:11)
    at commitPassiveMountEffects_complete (/Users/macbook-dev/Documents/GitHub/tldw_server2/apps/node_modules/.bun/react-dom@18.3.1+f4eacebf2041cd4f/node_modules/react-dom/cjs/react-dom.development.js:24930:9)
    at commitPassiveMountEffects_begin (/Users/macbook-dev/Documents/GitHub/tldw_server2/apps/node_modules/.bun/react-dom@18.3.1+f4eacebf2041cd4f/node_modules/react-dom/cjs/react-dom.development.js:24917:7)
    at commitPassiveMountEffects (/Users/macbook-dev/Documents/GitHub/tldw_server2/apps/node_modules/.bun/react-dom@18.3.1+f4eacebf2041cd4f/node_modules/react-dom/cjs/react-dom.development.js:24905:3)
    at flushPassiveEffectsImpl (/Users/macbook-dev/Documents/GitHub/tldw_server2/apps/node_modules/.bun/react-dom@18.3.1+f4eacebf2041cd4f/node_modules/react-dom/cjs/react-dom.development.js:27078:3)
    at flushPassiveEffects (/Users/macbook-dev/Documents/GitHub/tldw_server2/apps/node_modules/.bun/react-dom@18.3.1+f4eacebf2041cd4f/node_modules/react-dom/cjs/react-dom.development.js:27023:14)
    at /Users/macbook-dev/Documents/GitHub/tldw_server2/apps/node_modules/.bun/react-dom@18.3.1+f4eacebf2041cd4f/node_modules/react-dom/cjs/react-dom.development.js:26808:9
stderr | src/components/Option/Playground/__tests__/PlaygroundForm.follow-up-research.test.tsx > PlaygroundForm follow-up research > starts follow-up research once with bounded attached background
The above error occurred in the <PlaygroundForm> component:

    at PlaygroundForm (/Users/macbook-dev/Documents/GitHub/tldw_server2/apps/packages/ui/src/components/Option/Playground/PlaygroundForm.tsx:299:3)

Consider adding an error boundary to your tree to customize error handling behavior.
Visit https://reactjs.org/link/error-boundaries to learn more about error boundaries.

 ❯ src/components/Option/Playground/__tests__/PlaygroundForm.follow-up-research.test.tsx (5 tests | 5 failed) 83ms
     × hides follow-up research for empty drafts 51ms
     × hides follow-up research for temporary chats 9ms
     × opens the follow-up confirmation surface for a saved chat with attached background 10ms
     × hides follow-up research when no research context is attached 6ms
     × starts follow-up research once with bounded attached background 6ms
TypeError: __vite_ssr_import_1__.tldwClient.getConfig is not a function
    at refresh (/Users/macbook-dev/Documents/GitHub/tldw_server2/apps/packages/ui/src/hooks/useHomeMilestoneScope.ts:17:24)
    at /Users/macbook-dev/Documents/GitHub/tldw_server2/apps/packages/ui/src/hooks/useHomeMilestoneScope.ts:58:5
    at commitHookEffectListMount (/Users/macbook-dev/Documents/GitHub/tldw_server2/apps/node_modules/.bun/react-dom@18.3.1+f4eacebf2041cd4f/node_modules/react-dom/cjs/react-dom.development.js:23189:26)
    at commitPassiveMountOnFiber (/Users/macbook-dev/Documents/GitHub/tldw_server2/apps/node_modules/.bun/react-dom@18.3.1+f4eacebf2041cd4f/node_modules/react-dom/cjs/react-dom.development.js:24970:11)
    at commitPassiveMountEffects_complete (/Users/macbook-dev/Documents/GitHub/tldw_server2/apps/node_modules/.bun/react-dom@18.3.1+f4eacebf2041cd4f/node_modules/react-dom/cjs/react-dom.development.js:24930:9)
    at commitPassiveMountEffects_begin (/Users/macbook-dev/Documents/GitHub/tldw_server2/apps/node_modules/.bun/react-dom@18.3.1+f4eacebf2041cd4f/node_modules/react-dom/cjs/react-dom.development.js:24917:7)
    at commitPassiveMountEffects (/Users/macbook-dev/Documents/GitHub/tldw_server2/apps/node_modules/.bun/react-dom@18.3.1+f4eacebf2041cd4f/node_modules/react-dom/cjs/react-dom.development.js:24905:3)
    at flushPassiveEffectsImpl (/Users/macbook-dev/Documents/GitHub/tldw_server2/apps/node_modules/.bun/react-dom@18.3.1+f4eacebf2041cd4f/node_modules/react-dom/cjs/react-dom.development.js:27078:3)
    at flushPassiveEffects (/Users/macbook-dev/Documents/GitHub/tldw_server2/apps/node_modules/.bun/react-dom@18.3.1+f4eacebf2041cd4f/node_modules/react-dom/cjs/react-dom.development.js:27023:14)
    at /Users/macbook-dev/Documents/GitHub/tldw_server2/apps/node_modules/.bun/react-dom@18.3.1+f4eacebf2041cd4f/node_modules/react-dom/cjs/react-dom.development.js:26808:9
stderr | src/components/Option/Playground/__tests__/PlaygroundForm.image-refine.integration.test.tsx > PlaygroundForm image prompt refinement modal integration > supports reject flow and keeps original draft without refine metadata
The above error occurred in the <PlaygroundForm> component:

    at PlaygroundForm (/Users/macbook-dev/Documents/GitHub/tldw_server2/apps/packages/ui/src/components/Option/Playground/PlaygroundForm.tsx:299:3)

Consider adding an error boundary to your tree to customize error handling behavior.
Visit https://reactjs.org/link/error-boundaries to learn more about error boundaries.

TypeError: __vite_ssr_import_1__.tldwClient.getConfig is not a function
    at refresh (/Users/macbook-dev/Documents/GitHub/tldw_server2/apps/packages/ui/src/hooks/useHomeMilestoneScope.ts:17:24)
    at /Users/macbook-dev/Documents/GitHub/tldw_server2/apps/packages/ui/src/hooks/useHomeMilestoneScope.ts:58:5
    at commitHookEffectListMount (/Users/macbook-dev/Documents/GitHub/tldw_server2/apps/node_modules/.bun/react-dom@18.3.1+f4eacebf2041cd4f/node_modules/react-dom/cjs/react-dom.development.js:23189:26)
    at commitPassiveMountOnFiber (/Users/macbook-dev/Documents/GitHub/tldw_server2/apps/node_modules/.bun/react-dom@18.3.1+f4eacebf2041cd4f/node_modules/react-dom/cjs/react-dom.development.js:24970:11)
    at commitPassiveMountEffects_complete (/Users/macbook-dev/Documents/GitHub/tldw_server2/apps/node_modules/.bun/react-dom@18.3.1+f4eacebf2041cd4f/node_modules/react-dom/cjs/react-dom.development.js:24930:9)
    at commitPassiveMountEffects_begin (/Users/macbook-dev/Documents/GitHub/tldw_server2/apps/node_modules/.bun/react-dom@18.3.1+f4eacebf2041cd4f/node_modules/react-dom/cjs/react-dom.development.js:24917:7)
    at commitPassiveMountEffects (/Users/macbook-dev/Documents/GitHub/tldw_server2/apps/node_modules/.bun/react-dom@18.3.1+f4eacebf2041cd4f/node_modules/react-dom/cjs/react-dom.development.js:24905:3)
    at flushPassiveEffectsImpl (/Users/macbook-dev/Documents/GitHub/tldw_server2/apps/node_modules/.bun/react-dom@18.3.1+f4eacebf2041cd4f/node_modules/react-dom/cjs/react-dom.development.js:27078:3)
    at flushPassiveEffects (/Users/macbook-dev/Documents/GitHub/tldw_server2/apps/node_modules/.bun/react-dom@18.3.1+f4eacebf2041cd4f/node_modules/react-dom/cjs/react-dom.development.js:27023:14)
    at /Users/macbook-dev/Documents/GitHub/tldw_server2/apps/node_modules/.bun/react-dom@18.3.1+f4eacebf2041cd4f/node_modules/react-dom/cjs/react-dom.development.js:26808:9
stderr | src/components/Option/Playground/__tests__/PlaygroundForm.image-refine.integration.test.tsx > PlaygroundForm image prompt refinement modal integration > shows and applies attached research context edits in the raw request preview
The above error occurred in the <PlaygroundForm> component:

    at PlaygroundForm (/Users/macbook-dev/Documents/GitHub/tldw_server2/apps/packages/ui/src/components/Option/Playground/PlaygroundForm.tsx:299:3)
    at PreviewHarness (/Users/macbook-dev/Documents/GitHub/tldw_server2/apps/packages/ui/src/components/Option/Playground/__tests__/PlaygroundForm.image-refine.integration.test.tsx:1235:77)

Consider adding an error boundary to your tree to customize error handling behavior.
Visit https://reactjs.org/link/error-boundaries to learn more about error boundaries.

TypeError: __vite_ssr_import_1__.tldwClient.getConfig is not a function
    at refresh (/Users/macbook-dev/Documents/GitHub/tldw_server2/apps/packages/ui/src/hooks/useHomeMilestoneScope.ts:17:24)
    at /Users/macbook-dev/Documents/GitHub/tldw_server2/apps/packages/ui/src/hooks/useHomeMilestoneScope.ts:58:5
    at commitHookEffectListMount (/Users/macbook-dev/Documents/GitHub/tldw_server2/apps/node_modules/.bun/react-dom@18.3.1+f4eacebf2041cd4f/node_modules/react-dom/cjs/react-dom.development.js:23189:26)
    at commitPassiveMountOnFiber (/Users/macbook-dev/Documents/GitHub/tldw_server2/apps/node_modules/.bun/react-dom@18.3.1+f4eacebf2041cd4f/node_modules/react-dom/cjs/react-dom.development.js:24970:11)
    at commitPassiveMountEffects_complete (/Users/macbook-dev/Documents/GitHub/tldw_server2/apps/node_modules/.bun/react-dom@18.3.1+f4eacebf2041cd4f/node_modules/react-dom/cjs/react-dom.development.js:24930:9)
    at commitPassiveMountEffects_begin (/Users/macbook-dev/Documents/GitHub/tldw_server2/apps/node_modules/.bun/react-dom@18.3.1+f4eacebf2041cd4f/node_modules/react-dom/cjs/react-dom.development.js:24917:7)
    at commitPassiveMountEffects (/Users/macbook-dev/Documents/GitHub/tldw_server2/apps/node_modules/.bun/react-dom@18.3.1+f4eacebf2041cd4f/node_modules/react-dom/cjs/react-dom.development.js:24905:3)
    at flushPassiveEffectsImpl (/Users/macbook-dev/Documents/GitHub/tldw_server2/apps/node_modules/.bun/react-dom@18.3.1+f4eacebf2041cd4f/node_modules/react-dom/cjs/react-dom.development.js:27078:3)
    at flushPassiveEffects (/Users/macbook-dev/Documents/GitHub/tldw_server2/apps/node_modules/.bun/react-dom@18.3.1+f4eacebf2041cd4f/node_modules/react-dom/cjs/react-dom.development.js:27023:14)
    at /Users/macbook-dev/Documents/GitHub/tldw_server2/apps/node_modules/.bun/react-dom@18.3.1+f4eacebf2041cd4f/node_modules/react-dom/cjs/react-dom.development.js:26808:9
stderr | src/components/Option/Playground/__tests__/PlaygroundForm.image-refine.integration.test.tsx > PlaygroundForm image prompt refinement modal integration > clears refine candidate when prompt is manually edited before submit
The above error occurred in the <PlaygroundForm> component:

    at PlaygroundForm (/Users/macbook-dev/Documents/GitHub/tldw_server2/apps/packages/ui/src/components/Option/Playground/PlaygroundForm.tsx:299:3)

Consider adding an error boundary to your tree to customize error handling behavior.
Visit https://reactjs.org/link/error-boundaries to learn more about error boundaries.

TypeError: __vite_ssr_import_1__.tldwClient.getConfig is not a function
    at refresh (/Users/macbook-dev/Documents/GitHub/tldw_server2/apps/packages/ui/src/hooks/useHomeMilestoneScope.ts:17:24)
    at /Users/macbook-dev/Documents/GitHub/tldw_server2/apps/packages/ui/src/hooks/useHomeMilestoneScope.ts:58:5
    at commitHookEffectListMount (/Users/macbook-dev/Documents/GitHub/tldw_server2/apps/node_modules/.bun/react-dom@18.3.1+f4eacebf2041cd4f/node_modules/react-dom/cjs/react-dom.development.js:23189:26)
    at commitPassiveMountOnFiber (/Users/macbook-dev/Documents/GitHub/tldw_server2/apps/node_modules/.bun/react-dom@18.3.1+f4eacebf2041cd4f/node_modules/react-dom/cjs/react-dom.development.js:24970:11)
    at commitPassiveMountEffects_complete (/Users/macbook-dev/Documents/GitHub/tldw_server2/apps/node_modules/.bun/react-dom@18.3.1+f4eacebf2041cd4f/node_modules/react-dom/cjs/react-dom.development.js:24930:9)
    at commitPassiveMountEffects_begin (/Users/macbook-dev/Documents/GitHub/tldw_server2/apps/node_modules/.bun/react-dom@18.3.1+f4eacebf2041cd4f/node_modules/react-dom/cjs/react-dom.development.js:24917:7)
    at commitPassiveMountEffects (/Users/macbook-dev/Documents/GitHub/tldw_server2/apps/node_modules/.bun/react-dom@18.3.1+f4eacebf2041cd4f/node_modules/react-dom/cjs/react-dom.development.js:24905:3)
    at flushPassiveEffectsImpl (/Users/macbook-dev/Documents/GitHub/tldw_server2/apps/node_modules/.bun/react-dom@18.3.1+f4eacebf2041cd4f/node_modules/react-dom/cjs/react-dom.development.js:27078:3)
    at flushPassiveEffects (/Users/macbook-dev/Documents/GitHub/tldw_server2/apps/node_modules/.bun/react-dom@18.3.1+f4eacebf2041cd4f/node_modules/react-dom/cjs/react-dom.development.js:27023:14)
    at /Users/macbook-dev/Documents/GitHub/tldw_server2/apps/node_modules/.bun/react-dom@18.3.1+f4eacebf2041cd4f/node_modules/react-dom/cjs/react-dom.development.js:26808:9
stderr | src/components/Option/Playground/__tests__/PlaygroundForm.image-refine.integration.test.tsx > PlaygroundForm dictation integration > routes server dictation intent through the shared toggle handler
The above error occurred in the <PlaygroundForm> component:

    at PlaygroundForm (/Users/macbook-dev/Documents/GitHub/tldw_server2/apps/packages/ui/src/components/Option/Playground/PlaygroundForm.tsx:299:3)

Consider adding an error boundary to your tree to customize error handling behavior.
Visit https://reactjs.org/link/error-boundaries to learn more about error boundaries.

TypeError: __vite_ssr_import_1__.tldwClient.getConfig is not a function
    at refresh (/Users/macbook-dev/Documents/GitHub/tldw_server2/apps/packages/ui/src/hooks/useHomeMilestoneScope.ts:17:24)
    at /Users/macbook-dev/Documents/GitHub/tldw_server2/apps/packages/ui/src/hooks/useHomeMilestoneScope.ts:58:5
    at commitHookEffectListMount (/Users/macbook-dev/Documents/GitHub/tldw_server2/apps/node_modules/.bun/react-dom@18.3.1+f4eacebf2041cd4f/node_modules/react-dom/cjs/react-dom.development.js:23189:26)
    at commitPassiveMountOnFiber (/Users/macbook-dev/Documents/GitHub/tldw_server2/apps/node_modules/.bun/react-dom@18.3.1+f4eacebf2041cd4f/node_modules/react-dom/cjs/react-dom.development.js:24970:11)
    at commitPassiveMountEffects_complete (/Users/macbook-dev/Documents/GitHub/tldw_server2/apps/node_modules/.bun/react-dom@18.3.1+f4eacebf2041cd4f/node_modules/react-dom/cjs/react-dom.development.js:24930:9)
    at commitPassiveMountEffects_begin (/Users/macbook-dev/Documents/GitHub/tldw_server2/apps/node_modules/.bun/react-dom@18.3.1+f4eacebf2041cd4f/node_modules/react-dom/cjs/react-dom.development.js:24917:7)
    at commitPassiveMountEffects (/Users/macbook-dev/Documents/GitHub/tldw_server2/apps/node_modules/.bun/react-dom@18.3.1+f4eacebf2041cd4f/node_modules/react-dom/cjs/react-dom.development.js:24905:3)
    at flushPassiveEffectsImpl (/Users/macbook-dev/Documents/GitHub/tldw_server2/apps/node_modules/.bun/react-dom@18.3.1+f4eacebf2041cd4f/node_modules/react-dom/cjs/react-dom.development.js:27078:3)
    at flushPassiveEffects (/Users/macbook-dev/Documents/GitHub/tldw_server2/apps/node_modules/.bun/react-dom@18.3.1+f4eacebf2041cd4f/node_modules/react-dom/cjs/react-dom.development.js:27023:14)
    at /Users/macbook-dev/Documents/GitHub/tldw_server2/apps/node_modules/.bun/react-dom@18.3.1+f4eacebf2041cd4f/node_modules/react-dom/cjs/react-dom.development.js:26808:9
stderr | src/components/Option/Playground/__tests__/PlaygroundForm.image-refine.integration.test.tsx > PlaygroundForm dictation integration > routes explicit mic dictation through server capture with the selected device
The above error occurred in the <PlaygroundForm> component:

    at PlaygroundForm (/Users/macbook-dev/Documents/GitHub/tldw_server2/apps/packages/ui/src/components/Option/Playground/PlaygroundForm.tsx:299:3)

Consider adding an error boundary to your tree to customize error handling behavior.
Visit https://reactjs.org/link/error-boundaries to learn more about error boundaries.

TypeError: __vite_ssr_import_1__.tldwClient.getConfig is not a function
    at refresh (/Users/macbook-dev/Documents/GitHub/tldw_server2/apps/packages/ui/src/hooks/useHomeMilestoneScope.ts:17:24)
    at /Users/macbook-dev/Documents/GitHub/tldw_server2/apps/packages/ui/src/hooks/useHomeMilestoneScope.ts:58:5
    at commitHookEffectListMount (/Users/macbook-dev/Documents/GitHub/tldw_server2/apps/node_modules/.bun/react-dom@18.3.1+f4eacebf2041cd4f/node_modules/react-dom/cjs/react-dom.development.js:23189:26)
    at commitPassiveMountOnFiber (/Users/macbook-dev/Documents/GitHub/tldw_server2/apps/node_modules/.bun/react-dom@18.3.1+f4eacebf2041cd4f/node_modules/react-dom/cjs/react-dom.development.js:24970:11)
    at commitPassiveMountEffects_complete (/Users/macbook-dev/Documents/GitHub/tldw_server2/apps/node_modules/.bun/react-dom@18.3.1+f4eacebf2041cd4f/node_modules/react-dom/cjs/react-dom.development.js:24930:9)
    at commitPassiveMountEffects_begin (/Users/macbook-dev/Documents/GitHub/tldw_server2/apps/node_modules/.bun/react-dom@18.3.1+f4eacebf2041cd4f/node_modules/react-dom/cjs/react-dom.development.js:24917:7)
    at commitPassiveMountEffects (/Users/macbook-dev/Documents/GitHub/tldw_server2/apps/node_modules/.bun/react-dom@18.3.1+f4eacebf2041cd4f/node_modules/react-dom/cjs/react-dom.development.js:24905:3)
    at flushPassiveEffectsImpl (/Users/macbook-dev/Documents/GitHub/tldw_server2/apps/node_modules/.bun/react-dom@18.3.1+f4eacebf2041cd4f/node_modules/react-dom/cjs/react-dom.development.js:27078:3)
    at flushPassiveEffects (/Users/macbook-dev/Documents/GitHub/tldw_server2/apps/node_modules/.bun/react-dom@18.3.1+f4eacebf2041cd4f/node_modules/react-dom/cjs/react-dom.development.js:27023:14)
    at /Users/macbook-dev/Documents/GitHub/tldw_server2/apps/node_modules/.bun/react-dom@18.3.1+f4eacebf2041cd4f/node_modules/react-dom/cjs/react-dom.development.js:26808:9
stderr | src/components/Option/Playground/__tests__/PlaygroundForm.image-refine.integration.test.tsx > PlaygroundForm dictation integration > waits for dictation source hydration before starting with a remembered mic
The above error occurred in the <PlaygroundForm> component:

    at PlaygroundForm (/Users/macbook-dev/Documents/GitHub/tldw_server2/apps/packages/ui/src/components/Option/Playground/PlaygroundForm.tsx:299:3)

Consider adding an error boundary to your tree to customize error handling behavior.
Visit https://reactjs.org/link/error-boundaries to learn more about error boundaries.

TypeError: __vite_ssr_import_1__.tldwClient.getConfig is not a function
    at refresh (/Users/macbook-dev/Documents/GitHub/tldw_server2/apps/packages/ui/src/hooks/useHomeMilestoneScope.ts:17:24)
    at /Users/macbook-dev/Documents/GitHub/tldw_server2/apps/packages/ui/src/hooks/useHomeMilestoneScope.ts:58:5
    at commitHookEffectListMount (/Users/macbook-dev/Documents/GitHub/tldw_server2/apps/node_modules/.bun/react-dom@18.3.1+f4eacebf2041cd4f/node_modules/react-dom/cjs/react-dom.development.js:23189:26)
    at commitPassiveMountOnFiber (/Users/macbook-dev/Documents/GitHub/tldw_server2/apps/node_modules/.bun/react-dom@18.3.1+f4eacebf2041cd4f/node_modules/react-dom/cjs/react-dom.development.js:24970:11)
    at commitPassiveMountEffects_complete (/Users/macbook-dev/Documents/GitHub/tldw_server2/apps/node_modules/.bun/react-dom@18.3.1+f4eacebf2041cd4f/node_modules/react-dom/cjs/react-dom.development.js:24930:9)
    at commitPassiveMountEffects_begin (/Users/macbook-dev/Documents/GitHub/tldw_server2/apps/node_modules/.bun/react-dom@18.3.1+f4eacebf2041cd4f/node_modules/react-dom/cjs/react-dom.development.js:24917:7)
    at commitPassiveMountEffects (/Users/macbook-dev/Documents/GitHub/tldw_server2/apps/node_modules/.bun/react-dom@18.3.1+f4eacebf2041cd4f/node_modules/react-dom/cjs/react-dom.development.js:24905:3)
    at flushPassiveEffectsImpl (/Users/macbook-dev/Documents/GitHub/tldw_server2/apps/node_modules/.bun/react-dom@18.3.1+f4eacebf2041cd4f/node_modules/react-dom/cjs/react-dom.development.js:27078:3)
    at flushPassiveEffects (/Users/macbook-dev/Documents/GitHub/tldw_server2/apps/node_modules/.bun/react-dom@18.3.1+f4eacebf2041cd4f/node_modules/react-dom/cjs/react-dom.development.js:27023:14)
    at /Users/macbook-dev/Documents/GitHub/tldw_server2/apps/node_modules/.bun/react-dom@18.3.1+f4eacebf2041cd4f/node_modules/react-dom/cjs/react-dom.development.js:26808:9
stderr | src/components/Option/Playground/__tests__/PlaygroundForm.image-refine.integration.test.tsx > PlaygroundForm dictation integration > falls back to the default mic when the remembered dictation device is missing after catalog settle
The above error occurred in the <PlaygroundForm> component:

    at PlaygroundForm (/Users/macbook-dev/Documents/GitHub/tldw_server2/apps/packages/ui/src/components/Option/Playground/PlaygroundForm.tsx:299:3)

Consider adding an error boundary to your tree to customize error handling behavior.
Visit https://reactjs.org/link/error-boundaries to learn more about error boundaries.

TypeError: __vite_ssr_import_1__.tldwClient.getConfig is not a function
    at refresh (/Users/macbook-dev/Documents/GitHub/tldw_server2/apps/packages/ui/src/hooks/useHomeMilestoneScope.ts:17:24)
    at /Users/macbook-dev/Documents/GitHub/tldw_server2/apps/packages/ui/src/hooks/useHomeMilestoneScope.ts:58:5
    at commitHookEffectListMount (/Users/macbook-dev/Documents/GitHub/tldw_server2/apps/node_modules/.bun/react-dom@18.3.1+f4eacebf2041cd4f/node_modules/react-dom/cjs/react-dom.development.js:23189:26)
    at commitPassiveMountOnFiber (/Users/macbook-dev/Documents/GitHub/tldw_server2/apps/node_modules/.bun/react-dom@18.3.1+f4eacebf2041cd4f/node_modules/react-dom/cjs/react-dom.development.js:24970:11)
    at commitPassiveMountEffects_complete (/Users/macbook-dev/Documents/GitHub/tldw_server2/apps/node_modules/.bun/react-dom@18.3.1+f4eacebf2041cd4f/node_modules/react-dom/cjs/react-dom.development.js:24930:9)
    at commitPassiveMountEffects_begin (/Users/macbook-dev/Documents/GitHub/tldw_server2/apps/node_modules/.bun/react-dom@18.3.1+f4eacebf2041cd4f/node_modules/react-dom/cjs/react-dom.development.js:24917:7)
    at commitPassiveMountEffects (/Users/macbook-dev/Documents/GitHub/tldw_server2/apps/node_modules/.bun/react-dom@18.3.1+f4eacebf2041cd4f/node_modules/react-dom/cjs/react-dom.development.js:24905:3)
    at flushPassiveEffectsImpl (/Users/macbook-dev/Documents/GitHub/tldw_server2/apps/node_modules/.bun/react-dom@18.3.1+f4eacebf2041cd4f/node_modules/react-dom/cjs/react-dom.development.js:27078:3)
    at flushPassiveEffects (/Users/macbook-dev/Documents/GitHub/tldw_server2/apps/node_modules/.bun/react-dom@18.3.1+f4eacebf2041cd4f/node_modules/react-dom/cjs/react-dom.development.js:27023:14)
    at /Users/macbook-dev/Documents/GitHub/tldw_server2/apps/node_modules/.bun/react-dom@18.3.1+f4eacebf2041cd4f/node_modules/react-dom/cjs/react-dom.development.js:26808:9
stderr | src/components/Option/Playground/__tests__/PlaygroundForm.image-refine.integration.test.tsx > PlaygroundForm dictation integration > keeps auto dictation browser-compatible for the default mic when server STT is unavailable
The above error occurred in the <PlaygroundForm> component:

    at PlaygroundForm (/Users/macbook-dev/Documents/GitHub/tldw_server2/apps/packages/ui/src/components/Option/Playground/PlaygroundForm.tsx:299:3)

Consider adding an error boundary to your tree to customize error handling behavior.
Visit https://reactjs.org/link/error-boundaries to learn more about error boundaries.

TypeError: __vite_ssr_import_1__.tldwClient.getConfig is not a function
    at refresh (/Users/macbook-dev/Documents/GitHub/tldw_server2/apps/packages/ui/src/hooks/useHomeMilestoneScope.ts:17:24)
    at /Users/macbook-dev/Documents/GitHub/tldw_server2/apps/packages/ui/src/hooks/useHomeMilestoneScope.ts:58:5
    at commitHookEffectListMount (/Users/macbook-dev/Documents/GitHub/tldw_server2/apps/node_modules/.bun/react-dom@18.3.1+f4eacebf2041cd4f/node_modules/react-dom/cjs/react-dom.development.js:23189:26)
    at commitPassiveMountOnFiber (/Users/macbook-dev/Documents/GitHub/tldw_server2/apps/node_modules/.bun/react-dom@18.3.1+f4eacebf2041cd4f/node_modules/react-dom/cjs/react-dom.development.js:24970:11)
    at commitPassiveMountEffects_complete (/Users/macbook-dev/Documents/GitHub/tldw_server2/apps/node_modules/.bun/react-dom@18.3.1+f4eacebf2041cd4f/node_modules/react-dom/cjs/react-dom.development.js:24930:9)
    at commitPassiveMountEffects_begin (/Users/macbook-dev/Documents/GitHub/tldw_server2/apps/node_modules/.bun/react-dom@18.3.1+f4eacebf2041cd4f/node_modules/react-dom/cjs/react-dom.development.js:24917:7)
    at commitPassiveMountEffects (/Users/macbook-dev/Documents/GitHub/tldw_server2/apps/node_modules/.bun/react-dom@18.3.1+f4eacebf2041cd4f/node_modules/react-dom/cjs/react-dom.development.js:24905:3)
    at flushPassiveEffectsImpl (/Users/macbook-dev/Documents/GitHub/tldw_server2/apps/node_modules/.bun/react-dom@18.3.1+f4eacebf2041cd4f/node_modules/react-dom/cjs/react-dom.development.js:27078:3)
    at flushPassiveEffects (/Users/macbook-dev/Documents/GitHub/tldw_server2/apps/node_modules/.bun/react-dom@18.3.1+f4eacebf2041cd4f/node_modules/react-dom/cjs/react-dom.development.js:27023:14)
    at /Users/macbook-dev/Documents/GitHub/tldw_server2/apps/node_modules/.bun/react-dom@18.3.1+f4eacebf2041cd4f/node_modules/react-dom/cjs/react-dom.development.js:26808:9
stderr | src/components/Option/Playground/__tests__/PlaygroundForm.image-refine.integration.test.tsx > PlaygroundForm dictation integration > forces browser dictation unavailable for a mic device when server STT is unavailable
The above error occurred in the <PlaygroundForm> component:

    at PlaygroundForm (/Users/macbook-dev/Documents/GitHub/tldw_server2/apps/packages/ui/src/components/Option/Playground/PlaygroundForm.tsx:299:3)

Consider adding an error boundary to your tree to customize error handling behavior.
Visit https://reactjs.org/link/error-boundaries to learn more about error boundaries.

TypeError: __vite_ssr_import_1__.tldwClient.getConfig is not a function
    at refresh (/Users/macbook-dev/Documents/GitHub/tldw_server2/apps/packages/ui/src/hooks/useHomeMilestoneScope.ts:17:24)
    at /Users/macbook-dev/Documents/GitHub/tldw_server2/apps/packages/ui/src/hooks/useHomeMilestoneScope.ts:58:5
    at commitHookEffectListMount (/Users/macbook-dev/Documents/GitHub/tldw_server2/apps/node_modules/.bun/react-dom@18.3.1+f4eacebf2041cd4f/node_modules/react-dom/cjs/react-dom.development.js:23189:26)
    at commitPassiveMountOnFiber (/Users/macbook-dev/Documents/GitHub/tldw_server2/apps/node_modules/.bun/react-dom@18.3.1+f4eacebf2041cd4f/node_modules/react-dom/cjs/react-dom.development.js:24970:11)
    at commitPassiveMountEffects_complete (/Users/macbook-dev/Documents/GitHub/tldw_server2/apps/node_modules/.bun/react-dom@18.3.1+f4eacebf2041cd4f/node_modules/react-dom/cjs/react-dom.development.js:24930:9)
    at commitPassiveMountEffects_begin (/Users/macbook-dev/Documents/GitHub/tldw_server2/apps/node_modules/.bun/react-dom@18.3.1+f4eacebf2041cd4f/node_modules/react-dom/cjs/react-dom.development.js:24917:7)
    at commitPassiveMountEffects (/Users/macbook-dev/Documents/GitHub/tldw_server2/apps/node_modules/.bun/react-dom@18.3.1+f4eacebf2041cd4f/node_modules/react-dom/cjs/react-dom.development.js:24905:3)
    at flushPassiveEffectsImpl (/Users/macbook-dev/Documents/GitHub/tldw_server2/apps/node_modules/.bun/react-dom@18.3.1+f4eacebf2041cd4f/node_modules/react-dom/cjs/react-dom.development.js:27078:3)
    at flushPassiveEffects (/Users/macbook-dev/Documents/GitHub/tldw_server2/apps/node_modules/.bun/react-dom@18.3.1+f4eacebf2041cd4f/node_modules/react-dom/cjs/react-dom.development.js:27023:14)
    at /Users/macbook-dev/Documents/GitHub/tldw_server2/apps/node_modules/.bun/react-dom@18.3.1+f4eacebf2041cd4f/node_modules/react-dom/cjs/react-dom.development.js:26808:9
stderr | src/components/Option/Playground/__tests__/PlaygroundForm.image-refine.integration.test.tsx > PlaygroundForm dictation integration > emits server-error diagnostics for the updated dictation source after rerender
The above error occurred in the <PlaygroundForm> component:

    at PlaygroundForm (/Users/macbook-dev/Documents/GitHub/tldw_server2/apps/packages/ui/src/components/Option/Playground/PlaygroundForm.tsx:299:3)

Consider adding an error boundary to your tree to customize error handling behavior.
Visit https://reactjs.org/link/error-boundaries to learn more about error boundaries.

TypeError: __vite_ssr_import_1__.tldwClient.getConfig is not a function
    at refresh (/Users/macbook-dev/Documents/GitHub/tldw_server2/apps/packages/ui/src/hooks/useHomeMilestoneScope.ts:17:24)
    at /Users/macbook-dev/Documents/GitHub/tldw_server2/apps/packages/ui/src/hooks/useHomeMilestoneScope.ts:58:5
    at commitHookEffectListMount (/Users/macbook-dev/Documents/GitHub/tldw_server2/apps/node_modules/.bun/react-dom@18.3.1+f4eacebf2041cd4f/node_modules/react-dom/cjs/react-dom.development.js:23189:26)
    at commitPassiveMountOnFiber (/Users/macbook-dev/Documents/GitHub/tldw_server2/apps/node_modules/.bun/react-dom@18.3.1+f4eacebf2041cd4f/node_modules/react-dom/cjs/react-dom.development.js:24970:11)
    at commitPassiveMountEffects_complete (/Users/macbook-dev/Documents/GitHub/tldw_server2/apps/node_modules/.bun/react-dom@18.3.1+f4eacebf2041cd4f/node_modules/react-dom/cjs/react-dom.development.js:24930:9)
    at commitPassiveMountEffects_begin (/Users/macbook-dev/Documents/GitHub/tldw_server2/apps/node_modules/.bun/react-dom@18.3.1+f4eacebf2041cd4f/node_modules/react-dom/cjs/react-dom.development.js:24917:7)
    at commitPassiveMountEffects (/Users/macbook-dev/Documents/GitHub/tldw_server2/apps/node_modules/.bun/react-dom@18.3.1+f4eacebf2041cd4f/node_modules/react-dom/cjs/react-dom.development.js:24905:3)
    at flushPassiveEffectsImpl (/Users/macbook-dev/Documents/GitHub/tldw_server2/apps/node_modules/.bun/react-dom@18.3.1+f4eacebf2041cd4f/node_modules/react-dom/cjs/react-dom.development.js:27078:3)
    at flushPassiveEffects (/Users/macbook-dev/Documents/GitHub/tldw_server2/apps/node_modules/.bun/react-dom@18.3.1+f4eacebf2041cd4f/node_modules/react-dom/cjs/react-dom.development.js:27023:14)
    at /Users/macbook-dev/Documents/GitHub/tldw_server2/apps/node_modules/.bun/react-dom@18.3.1+f4eacebf2041cd4f/node_modules/react-dom/cjs/react-dom.development.js:26808:9
stderr | src/components/Option/Playground/__tests__/PlaygroundForm.image-refine.integration.test.tsx > PlaygroundForm dictation integration > routes browser dictation intent through speech recognition start
The above error occurred in the <PlaygroundForm> component:

    at PlaygroundForm (/Users/macbook-dev/Documents/GitHub/tldw_server2/apps/packages/ui/src/components/Option/Playground/PlaygroundForm.tsx:299:3)

Consider adding an error boundary to your tree to customize error handling behavior.
Visit https://reactjs.org/link/error-boundaries to learn more about error boundaries.

TypeError: __vite_ssr_import_1__.tldwClient.getConfig is not a function
    at refresh (/Users/macbook-dev/Documents/GitHub/tldw_server2/apps/packages/ui/src/hooks/useHomeMilestoneScope.ts:17:24)
    at /Users/macbook-dev/Documents/GitHub/tldw_server2/apps/packages/ui/src/hooks/useHomeMilestoneScope.ts:58:5
    at commitHookEffectListMount (/Users/macbook-dev/Documents/GitHub/tldw_server2/apps/node_modules/.bun/react-dom@18.3.1+f4eacebf2041cd4f/node_modules/react-dom/cjs/react-dom.development.js:23189:26)
    at commitPassiveMountOnFiber (/Users/macbook-dev/Documents/GitHub/tldw_server2/apps/node_modules/.bun/react-dom@18.3.1+f4eacebf2041cd4f/node_modules/react-dom/cjs/react-dom.development.js:24970:11)
    at commitPassiveMountEffects_complete (/Users/macbook-dev/Documents/GitHub/tldw_server2/apps/node_modules/.bun/react-dom@18.3.1+f4eacebf2041cd4f/node_modules/react-dom/cjs/react-dom.development.js:24930:9)
    at commitPassiveMountEffects_begin (/Users/macbook-dev/Documents/GitHub/tldw_server2/apps/node_modules/.bun/react-dom@18.3.1+f4eacebf2041cd4f/node_modules/react-dom/cjs/react-dom.development.js:24917:7)
    at commitPassiveMountEffects (/Users/macbook-dev/Documents/GitHub/tldw_server2/apps/node_modules/.bun/react-dom@18.3.1+f4eacebf2041cd4f/node_modules/react-dom/cjs/react-dom.development.js:24905:3)
    at flushPassiveEffectsImpl (/Users/macbook-dev/Documents/GitHub/tldw_server2/apps/node_modules/.bun/react-dom@18.3.1+f4eacebf2041cd4f/node_modules/react-dom/cjs/react-dom.development.js:27078:3)
    at flushPassiveEffects (/Users/macbook-dev/Documents/GitHub/tldw_server2/apps/node_modules/.bun/react-dom@18.3.1+f4eacebf2041cd4f/node_modules/react-dom/cjs/react-dom.development.js:27023:14)
    at /Users/macbook-dev/Documents/GitHub/tldw_server2/apps/node_modules/.bun/react-dom@18.3.1+f4eacebf2041cd4f/node_modules/react-dom/cjs/react-dom.development.js:26808:9
stderr | src/components/Option/Playground/__tests__/PlaygroundForm.image-refine.integration.test.tsx > PlaygroundForm dictation integration > writes transcript text into the composer when server dictation resolves
The above error occurred in the <PlaygroundForm> component:

    at PlaygroundForm (/Users/macbook-dev/Documents/GitHub/tldw_server2/apps/packages/ui/src/components/Option/Playground/PlaygroundForm.tsx:299:3)

Consider adding an error boundary to your tree to customize error handling behavior.
Visit https://reactjs.org/link/error-boundaries to learn more about error boundaries.

 ❯ src/components/Option/Playground/__tests__/PlaygroundForm.image-refine.integration.test.tsx (15 tests | 15 failed) 166ms
     × queues the current draft instead of sending when disconnected 57ms
     × does not force a provider refresh on the first successful send 12ms
     × supports create -> refine -> accept flow and submits refine metadata 9ms
     × supports reject flow and keeps original draft without refine metadata 8ms
     × shows and applies attached research context edits in the raw request preview 9ms
     × clears refine candidate when prompt is manually edited before submit 7ms
     × routes server dictation intent through the shared toggle handler 9ms
     × routes explicit mic dictation through server capture with the selected device 6ms
     × waits for dictation source hydration before starting with a remembered mic 7ms
     × falls back to the default mic when the remembered dictation device is missing after catalog settle 5ms
     × keeps auto dictation browser-compatible for the default mic when server STT is unavailable 5ms
     × forces browser dictation unavailable for a mic device when server STT is unavailable 5ms
     × emits server-error diagnostics for the updated dictation source after rerender 9ms
     × routes browser dictation intent through speech recognition start 8ms
     × writes transcript text into the composer when server dictation resolves 9ms
(node:5900) ExperimentalWarning: localStorage is not available because --localstorage-file was not provided.
(Use `node --trace-warnings ...` to show where the warning was created)
(node:5901) ExperimentalWarning: localStorage is not available because --localstorage-file was not provided.
(Use `node --trace-warnings ...` to show where the warning was created)
 ✓ src/components/Option/Playground/__tests__/PlaygroundForm.llamacpp-controls.guard.test.ts (3 tests) 13ms
stderr | src/components/Option/Playground/__tests__/PlaygroundForm.voice-visibility.integration.test.tsx > PlaygroundForm voice visibility
tldw server is not configured. Open Settings → tldw server in the extension and set the server URL and API key.
tldw server is not configured. Open Settings → tldw server in the extension and set the server URL and API key.

(node:5922) ExperimentalWarning: localStorage is not available because --localstorage-file was not provided.
(Use `node --trace-warnings ...` to show where the warning was created)
stderr | src/components/Option/Playground/__tests__/PlaygroundForm.voice-visibility.integration.test.tsx > PlaygroundForm voice visibility > shows the most recent chat error above the composer with a diagnostics action
tldw server is not configured. Open Settings → tldw server in the extension and set the server URL and API key.
tldw server is not configured. Open Settings → tldw server in the extension and set the server URL and API key.

 ✓ src/components/Option/Playground/__tests__/PlaygroundForm.voice-visibility.integration.test.tsx (2 tests) 138ms
 ✓ src/components/Option/Playground/__tests__/PlaygroundForm.document-processing.test.tsx (6 tests) 31ms
(node:5924) ExperimentalWarning: localStorage is not available because --localstorage-file was not provided.
(Use `node --trace-warnings ...` to show where the warning was created)
 ✓ src/components/Option/Playground/__tests__/PlaygroundForm.composer-options.guard.test.ts (4 tests) 5ms

⎯⎯⎯⎯⎯⎯ Failed Tests 20 ⎯⎯⎯⎯⎯⎯⎯

 FAIL  src/components/Option/Playground/__tests__/PlaygroundForm.follow-up-research.test.tsx > PlaygroundForm follow-up research > hides follow-up research for empty drafts
 FAIL  src/components/Option/Playground/__tests__/PlaygroundForm.follow-up-research.test.tsx > PlaygroundForm follow-up research > hides follow-up research for temporary chats
 FAIL  src/components/Option/Playground/__tests__/PlaygroundForm.follow-up-research.test.tsx > PlaygroundForm follow-up research > opens the follow-up confirmation surface for a saved chat with attached background
 FAIL  src/components/Option/Playground/__tests__/PlaygroundForm.follow-up-research.test.tsx > PlaygroundForm follow-up research > hides follow-up research when no research context is attached
 FAIL  src/components/Option/Playground/__tests__/PlaygroundForm.follow-up-research.test.tsx > PlaygroundForm follow-up research > starts follow-up research once with bounded attached background
 FAIL  src/components/Option/Playground/__tests__/PlaygroundForm.image-refine.integration.test.tsx > PlaygroundForm image prompt refinement modal integration > queues the current draft instead of sending when disconnected
 FAIL  src/components/Option/Playground/__tests__/PlaygroundForm.image-refine.integration.test.tsx > PlaygroundForm image prompt refinement modal integration > does not force a provider refresh on the first successful send
 FAIL  src/components/Option/Playground/__tests__/PlaygroundForm.image-refine.integration.test.tsx > PlaygroundForm image prompt refinement modal integration > supports create -> refine -> accept flow and submits refine metadata
 FAIL  src/components/Option/Playground/__tests__/PlaygroundForm.image-refine.integration.test.tsx > PlaygroundForm image prompt refinement modal integration > supports reject flow and keeps original draft without refine metadata
 FAIL  src/components/Option/Playground/__tests__/PlaygroundForm.image-refine.integration.test.tsx > PlaygroundForm image prompt refinement modal integration > shows and applies attached research context edits in the raw request preview
 FAIL  src/components/Option/Playground/__tests__/PlaygroundForm.image-refine.integration.test.tsx > PlaygroundForm image prompt refinement modal integration > clears refine candidate when prompt is manually edited before submit
 FAIL  src/components/Option/Playground/__tests__/PlaygroundForm.image-refine.integration.test.tsx > PlaygroundForm dictation integration > routes server dictation intent through the shared toggle handler
 FAIL  src/components/Option/Playground/__tests__/PlaygroundForm.image-refine.integration.test.tsx > PlaygroundForm dictation integration > routes explicit mic dictation through server capture with the selected device
 FAIL  src/components/Option/Playground/__tests__/PlaygroundForm.image-refine.integration.test.tsx > PlaygroundForm dictation integration > waits for dictation source hydration before starting with a remembered mic
 FAIL  src/components/Option/Playground/__tests__/PlaygroundForm.image-refine.integration.test.tsx > PlaygroundForm dictation integration > falls back to the default mic when the remembered dictation device is missing after catalog settle
 FAIL  src/components/Option/Playground/__tests__/PlaygroundForm.image-refine.integration.test.tsx > PlaygroundForm dictation integration > keeps auto dictation browser-compatible for the default mic when server STT is unavailable
 FAIL  src/components/Option/Playground/__tests__/PlaygroundForm.image-refine.integration.test.tsx > PlaygroundForm dictation integration > forces browser dictation unavailable for a mic device when server STT is unavailable
 FAIL  src/components/Option/Playground/__tests__/PlaygroundForm.image-refine.integration.test.tsx > PlaygroundForm dictation integration > emits server-error diagnostics for the updated dictation source after rerender
 FAIL  src/components/Option/Playground/__tests__/PlaygroundForm.image-refine.integration.test.tsx > PlaygroundForm dictation integration > routes browser dictation intent through speech recognition start
 FAIL  src/components/Option/Playground/__tests__/PlaygroundForm.image-refine.integration.test.tsx > PlaygroundForm dictation integration > writes transcript text into the composer when server dictation resolves
TypeError: __vite_ssr_import_1__.tldwClient.getConfig is not a function
 ❯ refresh src/hooks/useHomeMilestoneScope.ts:17:24
     15|         reloadConfig
     16|           ? tldwClient.initialize().then(() => tldwClient.getConfig())
     17|           : tldwClient.getConfig()
       |                        ^
     18|       )
     19|         .then((config) => {
 ❯ src/hooks/useHomeMilestoneScope.ts:58:5
 ❯ commitHookEffectListMount ../../node_modules/.bun/react-dom@18.3.1+f4eacebf2041cd4f/node_modules/react-dom/cjs/react-dom.development.js:23189:26
 ❯ commitPassiveMountOnFiber ../../node_modules/.bun/react-dom@18.3.1+f4eacebf2041cd4f/node_modules/react-dom/cjs/react-dom.development.js:24970:11
 ❯ commitPassiveMountEffects_complete ../../node_modules/.bun/react-dom@18.3.1+f4eacebf2041cd4f/node_modules/react-dom/cjs/react-dom.development.js:24930:9
 ❯ commitPassiveMountEffects_begin ../../node_modules/.bun/react-dom@18.3.1+f4eacebf2041cd4f/node_modules/react-dom/cjs/react-dom.development.js:24917:7
 ❯ commitPassiveMountEffects ../../node_modules/.bun/react-dom@18.3.1+f4eacebf2041cd4f/node_modules/react-dom/cjs/react-dom.development.js:24905:3
 ❯ flushPassiveEffectsImpl ../../node_modules/.bun/react-dom@18.3.1+f4eacebf2041cd4f/node_modules/react-dom/cjs/react-dom.development.js:27078:3
 ❯ flushPassiveEffects ../../node_modules/.bun/react-dom@18.3.1+f4eacebf2041cd4f/node_modules/react-dom/cjs/react-dom.development.js:27023:14
 ❯ ../../node_modules/.bun/react-dom@18.3.1+f4eacebf2041cd4f/node_modules/react-dom/cjs/react-dom.development.js:26808:9

⎯⎯⎯⎯⎯⎯⎯⎯⎯⎯⎯⎯⎯⎯⎯⎯⎯⎯⎯⎯⎯⎯⎯[1/20]⎯


 Test Files  2 failed | 4 passed (6)
      Tests  20 failed | 15 passed (35)
   Start at  08:51:41
   Duration  4.17s (transform 2.69s, setup 695ms, import 3.70s, tests 435ms, environment 2.47s)
