[main]	INFO	profile include tests: None
[main]	INFO	profile exclude tests: None
[main]	INFO	cli include tests: None
[main]	INFO	cli exclude tests: None
[manager]	WARNING	Test in comment: table is not a test name or id, ignoring
[manager]	WARNING	Test in comment: names is not a test name or id, ignoring
[manager]	WARNING	Test in comment: are is not a test name or id, ignoring
[manager]	WARNING	Test in comment: fixed is not a test name or id, ignoring
[manager]	WARNING	Test in comment: migration is not a test name or id, ignoring
[manager]	WARNING	Test in comment: constants is not a test name or id, ignoring
[manager]	WARNING	Test in comment: all is not a test name or id, ignoring
[manager]	WARNING	Test in comment: SQL is not a test name or id, ignoring
[manager]	WARNING	Test in comment: fragments is not a test name or id, ignoring
[manager]	WARNING	Test in comment: are is not a test name or id, ignoring
[manager]	WARNING	Test in comment: fixed is not a test name or id, ignoring
[manager]	WARNING	Test in comment: migration is not a test name or id, ignoring
[manager]	WARNING	Test in comment: constants is not a test name or id, ignoring
[manager]	WARNING	Test in comment: names is not a test name or id, ignoring
[manager]	WARNING	Test in comment: and is not a test name or id, ignoring
[manager]	WARNING	Test in comment: definitions is not a test name or id, ignoring
[manager]	WARNING	Test in comment: are is not a test name or id, ignoring
[manager]	WARNING	Test in comment: fixed is not a test name or id, ignoring
[manager]	WARNING	Test in comment: migration is not a test name or id, ignoring
[manager]	WARNING	Test in comment: constants is not a test name or id, ignoring
[manager]	WARNING	Test in comment: allowlisted is not a test name or id, ignoring
[manager]	WARNING	Test in comment: schema is not a test name or id, ignoring
[manager]	WARNING	Test in comment: identifier is not a test name or id, ignoring
[manager]	WARNING	Test in comment: both is not a test name or id, ignoring
[manager]	WARNING	Test in comment: interpolated is not a test name or id, ignoring
[manager]	WARNING	Test in comment: checks is not a test name or id, ignoring
[manager]	WARNING	Test in comment: use is not a test name or id, ignoring
[manager]	WARNING	Test in comment: fixed is not a test name or id, ignoring
[manager]	WARNING	Test in comment: allowlisted is not a test name or id, ignoring
[manager]	WARNING	Test in comment: columns is not a test name or id, ignoring
[manager]	WARNING	Test in comment: identifiers is not a test name or id, ignoring
[manager]	WARNING	Test in comment: are is not a test name or id, ignoring
[manager]	WARNING	Test in comment: fixed is not a test name or id, ignoring
[manager]	WARNING	Test in comment: migration is not a test name or id, ignoring
[manager]	WARNING	Test in comment: constants is not a test name or id, ignoring
[manager]	WARNING	Test in comment: fixed is not a test name or id, ignoring
[manager]	WARNING	Test in comment: relation is not a test name or id, ignoring
[manager]	WARNING	Test in comment: names is not a test name or id, ignoring
[manager]	WARNING	Test in comment: fixed is not a test name or id, ignoring
[manager]	WARNING	Test in comment: internal is not a test name or id, ignoring
[manager]	WARNING	Test in comment: identifier is not a test name or id, ignoring
[manager]	WARNING	Test in comment: fixed is not a test name or id, ignoring
[manager]	WARNING	Test in comment: internal is not a test name or id, ignoring
[manager]	WARNING	Test in comment: identifier is not a test name or id, ignoring
[manager]	WARNING	Test in comment: fixed is not a test name or id, ignoring
[manager]	WARNING	Test in comment: internal is not a test name or id, ignoring
[manager]	WARNING	Test in comment: identifier is not a test name or id, ignoring
[manager]	WARNING	Test in comment: fixed is not a test name or id, ignoring
[manager]	WARNING	Test in comment: internal is not a test name or id, ignoring
[manager]	WARNING	Test in comment: identifier is not a test name or id, ignoring
[manager]	WARNING	Test in comment: placeholders is not a test name or id, ignoring
[manager]	WARNING	Test in comment: only is not a test name or id, ignoring
[manager]	WARNING	Test in comment: fixed is not a test name or id, ignoring
[manager]	WARNING	Test in comment: migration is not a test name or id, ignoring
[manager]	WARNING	Test in comment: table is not a test name or id, ignoring
[manager]	WARNING	Test in comment: names is not a test name or id, ignoring
[manager]	WARNING	Test in comment: fixed is not a test name or id, ignoring
[manager]	WARNING	Test in comment: migration is not a test name or id, ignoring
[manager]	WARNING	Test in comment: tables is not a test name or id, ignoring
[manager]	WARNING	Test in comment: orderings is not a test name or id, ignoring
[manager]	WARNING	Test in comment: suffix is not a test name or id, ignoring
[manager]	WARNING	Test in comment: selects is not a test name or id, ignoring
[manager]	WARNING	Test in comment: a is not a test name or id, ignoring
[manager]	WARNING	Test in comment: fixed is not a test name or id, ignoring
[manager]	WARNING	Test in comment: migration is not a test name or id, ignoring
[manager]	WARNING	Test in comment: table is not a test name or id, ignoring
[manager]	WARNING	Test in comment: suffix is not a test name or id, ignoring
[manager]	WARNING	Test in comment: selects is not a test name or id, ignoring
[manager]	WARNING	Test in comment: a is not a test name or id, ignoring
[manager]	WARNING	Test in comment: fixed is not a test name or id, ignoring
[manager]	WARNING	Test in comment: migration is not a test name or id, ignoring
[manager]	WARNING	Test in comment: table is not a test name or id, ignoring
[manager]	WARNING	Test in comment: suffix is not a test name or id, ignoring
[manager]	WARNING	Test in comment: selects is not a test name or id, ignoring
[manager]	WARNING	Test in comment: a is not a test name or id, ignoring
[manager]	WARNING	Test in comment: fixed is not a test name or id, ignoring
[manager]	WARNING	Test in comment: migration is not a test name or id, ignoring
[manager]	WARNING	Test in comment: table is not a test name or id, ignoring
[manager]	WARNING	Test in comment: suffix is not a test name or id, ignoring
[manager]	WARNING	Test in comment: selects is not a test name or id, ignoring
[manager]	WARNING	Test in comment: a is not a test name or id, ignoring
[manager]	WARNING	Test in comment: fixed is not a test name or id, ignoring
[manager]	WARNING	Test in comment: migration is not a test name or id, ignoring
[manager]	WARNING	Test in comment: table is not a test name or id, ignoring
[manager]	WARNING	Test in comment: fixed is not a test name or id, ignoring
[manager]	WARNING	Test in comment: migration is not a test name or id, ignoring
[manager]	WARNING	Test in comment: queries is not a test name or id, ignoring
[manager]	WARNING	Test in comment: fixed is not a test name or id, ignoring
[manager]	WARNING	Test in comment: migration is not a test name or id, ignoring
[manager]	WARNING	Test in comment: queries is not a test name or id, ignoring
[manager]	WARNING	Test in comment: fixed is not a test name or id, ignoring
[manager]	WARNING	Test in comment: migration is not a test name or id, ignoring
[manager]	WARNING	Test in comment: tables is not a test name or id, ignoring
[manager]	WARNING	Test in comment: fixed is not a test name or id, ignoring
[manager]	WARNING	Test in comment: migration is not a test name or id, ignoring
[manager]	WARNING	Test in comment: relations is not a test name or id, ignoring
[manager]	WARNING	Test in comment: fixed is not a test name or id, ignoring
[manager]	WARNING	Test in comment: internal is not a test name or id, ignoring
[manager]	WARNING	Test in comment: identifier is not a test name or id, ignoring
[manager]	WARNING	Test in comment: fixed is not a test name or id, ignoring
[manager]	WARNING	Test in comment: internal is not a test name or id, ignoring
[manager]	WARNING	Test in comment: identifier is not a test name or id, ignoring
[manager]	WARNING	Test in comment: fixed is not a test name or id, ignoring
[manager]	WARNING	Test in comment: internal is not a test name or id, ignoring
[manager]	WARNING	Test in comment: identifier is not a test name or id, ignoring
[manager]	WARNING	Test in comment: fixed is not a test name or id, ignoring
[manager]	WARNING	Test in comment: internal is not a test name or id, ignoring
[manager]	WARNING	Test in comment: identifier is not a test name or id, ignoring
[manager]	WARNING	Test in comment: fixed is not a test name or id, ignoring
[manager]	WARNING	Test in comment: names is not a test name or id, ignoring
[manager]	WARNING	Test in comment: set_clause is not a test name or id, ignoring
[manager]	WARNING	Test in comment: is is not a test name or id, ignoring
[manager]	WARNING	Test in comment: fixed is not a test name or id, ignoring
[manager]	WARNING	Test in comment: at is not a test name or id, ignoring
[manager]	WARNING	Test in comment: internal is not a test name or id, ignoring
[manager]	WARNING	Test in comment: call is not a test name or id, ignoring
[manager]	WARNING	Test in comment: sites is not a test name or id, ignoring
[manager]	WARNING	Test in comment: placeholders is not a test name or id, ignoring
[manager]	WARNING	Test in comment: are is not a test name or id, ignoring
[manager]	WARNING	Test in comment: generated is not a test name or id, ignoring
[manager]	WARNING	Test in comment: from is not a test name or id, ignoring
[manager]	WARNING	Test in comment: bounded is not a test name or id, ignoring
[manager]	WARNING	Test in comment: validated is not a test name or id, ignoring
[manager]	WARNING	Test in comment: inputs is not a test name or id, ignoring
[manager]	WARNING	Test in comment: fixed is not a test name or id, ignoring
[manager]	WARNING	Test in comment: owner is not a test name or id, ignoring
[manager]	WARNING	Test in comment: SQL is not a test name or id, ignoring
[manager]	WARNING	Test in comment: fragments is not a test name or id, ignoring
[manager]	WARNING	Test in comment: values is not a test name or id, ignoring
[manager]	WARNING	Test in comment: stay is not a test name or id, ignoring
[manager]	WARNING	Test in comment: bound is not a test name or id, ignoring
[manager]	WARNING	Test in comment: fixed is not a test name or id, ignoring
[manager]	WARNING	Test in comment: owner is not a test name or id, ignoring
[manager]	WARNING	Test in comment: SQL is not a test name or id, ignoring
[manager]	WARNING	Test in comment: fragments is not a test name or id, ignoring
[manager]	WARNING	Test in comment: values is not a test name or id, ignoring
[manager]	WARNING	Test in comment: stay is not a test name or id, ignoring
[manager]	WARNING	Test in comment: bound is not a test name or id, ignoring
[manager]	WARNING	Test in comment: fixed is not a test name or id, ignoring
[manager]	WARNING	Test in comment: owner is not a test name or id, ignoring
[manager]	WARNING	Test in comment: SQL is not a test name or id, ignoring
[manager]	WARNING	Test in comment: fragments is not a test name or id, ignoring
[manager]	WARNING	Test in comment: values is not a test name or id, ignoring
[manager]	WARNING	Test in comment: stay is not a test name or id, ignoring
[manager]	WARNING	Test in comment: bound is not a test name or id, ignoring
[manager]	WARNING	Test in comment: fixed is not a test name or id, ignoring
[manager]	WARNING	Test in comment: owner is not a test name or id, ignoring
[manager]	WARNING	Test in comment: SQL is not a test name or id, ignoring
[manager]	WARNING	Test in comment: fragments is not a test name or id, ignoring
[manager]	WARNING	Test in comment: values is not a test name or id, ignoring
[manager]	WARNING	Test in comment: stay is not a test name or id, ignoring
[manager]	WARNING	Test in comment: bound is not a test name or id, ignoring
[manager]	WARNING	Test in comment: fixed is not a test name or id, ignoring
[manager]	WARNING	Test in comment: owner is not a test name or id, ignoring
[manager]	WARNING	Test in comment: SQL is not a test name or id, ignoring
[manager]	WARNING	Test in comment: fragments is not a test name or id, ignoring
[manager]	WARNING	Test in comment: values is not a test name or id, ignoring
[manager]	WARNING	Test in comment: stay is not a test name or id, ignoring
[manager]	WARNING	Test in comment: bound is not a test name or id, ignoring
[manager]	WARNING	Test in comment: fixed is not a test name or id, ignoring
[manager]	WARNING	Test in comment: owner is not a test name or id, ignoring
[manager]	WARNING	Test in comment: SQL is not a test name or id, ignoring
[manager]	WARNING	Test in comment: fragments is not a test name or id, ignoring
[manager]	WARNING	Test in comment: values is not a test name or id, ignoring
[manager]	WARNING	Test in comment: stay is not a test name or id, ignoring
[manager]	WARNING	Test in comment: bound is not a test name or id, ignoring
[manager]	WARNING	Test in comment: fixed is not a test name or id, ignoring
[manager]	WARNING	Test in comment: owner is not a test name or id, ignoring
[manager]	WARNING	Test in comment: SQL is not a test name or id, ignoring
[manager]	WARNING	Test in comment: fragments is not a test name or id, ignoring
[manager]	WARNING	Test in comment: values is not a test name or id, ignoring
[manager]	WARNING	Test in comment: stay is not a test name or id, ignoring
[manager]	WARNING	Test in comment: bound is not a test name or id, ignoring
[manager]	WARNING	Test in comment: Fixed is not a test name or id, ignoring
[manager]	WARNING	Test in comment: owner is not a test name or id, ignoring
[manager]	WARNING	Test in comment: clauses is not a test name or id, ignoring
[manager]	WARNING	Test in comment: all is not a test name or id, ignoring
[manager]	WARNING	Test in comment: data is not a test name or id, ignoring
[manager]	WARNING	Test in comment: values is not a test name or id, ignoring
[manager]	WARNING	Test in comment: are is not a test name or id, ignoring
[manager]	WARNING	Test in comment: bound is not a test name or id, ignoring
[manager]	WARNING	Test in comment: Fixed is not a test name or id, ignoring
[manager]	WARNING	Test in comment: owner is not a test name or id, ignoring
[manager]	WARNING	Test in comment: clauses is not a test name or id, ignoring
[manager]	WARNING	Test in comment: all is not a test name or id, ignoring
[manager]	WARNING	Test in comment: data is not a test name or id, ignoring
[manager]	WARNING	Test in comment: values is not a test name or id, ignoring
[manager]	WARNING	Test in comment: are is not a test name or id, ignoring
[manager]	WARNING	Test in comment: bound is not a test name or id, ignoring
[manager]	WARNING	Test in comment: Fixed is not a test name or id, ignoring
[manager]	WARNING	Test in comment: owner is not a test name or id, ignoring
[manager]	WARNING	Test in comment: clauses is not a test name or id, ignoring
[manager]	WARNING	Test in comment: all is not a test name or id, ignoring
[manager]	WARNING	Test in comment: data is not a test name or id, ignoring
[manager]	WARNING	Test in comment: values is not a test name or id, ignoring
[manager]	WARNING	Test in comment: are is not a test name or id, ignoring
[manager]	WARNING	Test in comment: bound is not a test name or id, ignoring
[manager]	WARNING	Test in comment: Fixed is not a test name or id, ignoring
[manager]	WARNING	Test in comment: owner is not a test name or id, ignoring
[manager]	WARNING	Test in comment: clauses is not a test name or id, ignoring
[manager]	WARNING	Test in comment: all is not a test name or id, ignoring
[manager]	WARNING	Test in comment: data is not a test name or id, ignoring
[manager]	WARNING	Test in comment: values is not a test name or id, ignoring
[manager]	WARNING	Test in comment: are is not a test name or id, ignoring
[manager]	WARNING	Test in comment: bound is not a test name or id, ignoring
[manager]	WARNING	Test in comment: Fixed is not a test name or id, ignoring
[manager]	WARNING	Test in comment: owner is not a test name or id, ignoring
[manager]	WARNING	Test in comment: clauses is not a test name or id, ignoring
[manager]	WARNING	Test in comment: all is not a test name or id, ignoring
[manager]	WARNING	Test in comment: data is not a test name or id, ignoring
[manager]	WARNING	Test in comment: values is not a test name or id, ignoring
[manager]	WARNING	Test in comment: are is not a test name or id, ignoring
[manager]	WARNING	Test in comment: bound is not a test name or id, ignoring
[manager]	WARNING	Test in comment: Fixed is not a test name or id, ignoring
[manager]	WARNING	Test in comment: owner is not a test name or id, ignoring
[manager]	WARNING	Test in comment: clauses is not a test name or id, ignoring
[manager]	WARNING	Test in comment: all is not a test name or id, ignoring
[manager]	WARNING	Test in comment: data is not a test name or id, ignoring
[manager]	WARNING	Test in comment: values is not a test name or id, ignoring
[manager]	WARNING	Test in comment: are is not a test name or id, ignoring
[manager]	WARNING	Test in comment: bound is not a test name or id, ignoring
[manager]	WARNING	Test in comment: Fixed is not a test name or id, ignoring
[manager]	WARNING	Test in comment: owner is not a test name or id, ignoring
[manager]	WARNING	Test in comment: clauses is not a test name or id, ignoring
[manager]	WARNING	Test in comment: all is not a test name or id, ignoring
[manager]	WARNING	Test in comment: data is not a test name or id, ignoring
[manager]	WARNING	Test in comment: values is not a test name or id, ignoring
[manager]	WARNING	Test in comment: are is not a test name or id, ignoring
[manager]	WARNING	Test in comment: bound is not a test name or id, ignoring
[manager]	WARNING	Test in comment: Fixed is not a test name or id, ignoring
[manager]	WARNING	Test in comment: owner is not a test name or id, ignoring
[manager]	WARNING	Test in comment: clauses is not a test name or id, ignoring
[manager]	WARNING	Test in comment: all is not a test name or id, ignoring
[manager]	WARNING	Test in comment: data is not a test name or id, ignoring
[manager]	WARNING	Test in comment: values is not a test name or id, ignoring
[manager]	WARNING	Test in comment: are is not a test name or id, ignoring
[manager]	WARNING	Test in comment: bound is not a test name or id, ignoring
[manager]	WARNING	Test in comment: Fixed is not a test name or id, ignoring
[manager]	WARNING	Test in comment: owner is not a test name or id, ignoring
[manager]	WARNING	Test in comment: clauses is not a test name or id, ignoring
[manager]	WARNING	Test in comment: all is not a test name or id, ignoring
[manager]	WARNING	Test in comment: data is not a test name or id, ignoring
[manager]	WARNING	Test in comment: values is not a test name or id, ignoring
[manager]	WARNING	Test in comment: are is not a test name or id, ignoring
[manager]	WARNING	Test in comment: bound is not a test name or id, ignoring
[manager]	WARNING	Test in comment: Fixed is not a test name or id, ignoring
[manager]	WARNING	Test in comment: owner is not a test name or id, ignoring
[manager]	WARNING	Test in comment: clause is not a test name or id, ignoring
[manager]	WARNING	Test in comment: all is not a test name or id, ignoring
[manager]	WARNING	Test in comment: data is not a test name or id, ignoring
[manager]	WARNING	Test in comment: values is not a test name or id, ignoring
[manager]	WARNING	Test in comment: are is not a test name or id, ignoring
[manager]	WARNING	Test in comment: bound is not a test name or id, ignoring
[manager]	WARNING	Test in comment: Fixed is not a test name or id, ignoring
[manager]	WARNING	Test in comment: owner is not a test name or id, ignoring
[manager]	WARNING	Test in comment: clause is not a test name or id, ignoring
[manager]	WARNING	Test in comment: all is not a test name or id, ignoring
[manager]	WARNING	Test in comment: data is not a test name or id, ignoring
[manager]	WARNING	Test in comment: values is not a test name or id, ignoring
[manager]	WARNING	Test in comment: are is not a test name or id, ignoring
[manager]	WARNING	Test in comment: bound is not a test name or id, ignoring
[manager]	WARNING	Test in comment: Fixed is not a test name or id, ignoring
[manager]	WARNING	Test in comment: owner is not a test name or id, ignoring
[manager]	WARNING	Test in comment: clause is not a test name or id, ignoring
[manager]	WARNING	Test in comment: all is not a test name or id, ignoring
[manager]	WARNING	Test in comment: data is not a test name or id, ignoring
[manager]	WARNING	Test in comment: values is not a test name or id, ignoring
[manager]	WARNING	Test in comment: are is not a test name or id, ignoring
[manager]	WARNING	Test in comment: bound is not a test name or id, ignoring
[manager]	WARNING	Test in comment: Fixed is not a test name or id, ignoring
[manager]	WARNING	Test in comment: owner is not a test name or id, ignoring
[manager]	WARNING	Test in comment: clauses is not a test name or id, ignoring
[manager]	WARNING	Test in comment: all is not a test name or id, ignoring
[manager]	WARNING	Test in comment: data is not a test name or id, ignoring
[manager]	WARNING	Test in comment: values is not a test name or id, ignoring
[manager]	WARNING	Test in comment: are is not a test name or id, ignoring
[manager]	WARNING	Test in comment: bound is not a test name or id, ignoring
[manager]	WARNING	Test in comment: Fixed is not a test name or id, ignoring
[manager]	WARNING	Test in comment: owner is not a test name or id, ignoring
[manager]	WARNING	Test in comment: clauses is not a test name or id, ignoring
[manager]	WARNING	Test in comment: all is not a test name or id, ignoring
[manager]	WARNING	Test in comment: data is not a test name or id, ignoring
[manager]	WARNING	Test in comment: values is not a test name or id, ignoring
[manager]	WARNING	Test in comment: are is not a test name or id, ignoring
[manager]	WARNING	Test in comment: bound is not a test name or id, ignoring
[manager]	WARNING	Test in comment: Fixed is not a test name or id, ignoring
[manager]	WARNING	Test in comment: owner is not a test name or id, ignoring
[manager]	WARNING	Test in comment: clauses is not a test name or id, ignoring
[manager]	WARNING	Test in comment: all is not a test name or id, ignoring
[manager]	WARNING	Test in comment: data is not a test name or id, ignoring
[manager]	WARNING	Test in comment: values is not a test name or id, ignoring
[manager]	WARNING	Test in comment: are is not a test name or id, ignoring
[manager]	WARNING	Test in comment: bound is not a test name or id, ignoring
[manager]	WARNING	Test in comment: Fixed is not a test name or id, ignoring
[manager]	WARNING	Test in comment: owner is not a test name or id, ignoring
[manager]	WARNING	Test in comment: clauses is not a test name or id, ignoring
[manager]	WARNING	Test in comment: all is not a test name or id, ignoring
[manager]	WARNING	Test in comment: data is not a test name or id, ignoring
[manager]	WARNING	Test in comment: values is not a test name or id, ignoring
[manager]	WARNING	Test in comment: are is not a test name or id, ignoring
[manager]	WARNING	Test in comment: bound is not a test name or id, ignoring
[manager]	WARNING	Test in comment: Fixed is not a test name or id, ignoring
[manager]	WARNING	Test in comment: owner is not a test name or id, ignoring
[manager]	WARNING	Test in comment: clauses is not a test name or id, ignoring
[manager]	WARNING	Test in comment: all is not a test name or id, ignoring
[manager]	WARNING	Test in comment: data is not a test name or id, ignoring
[manager]	WARNING	Test in comment: values is not a test name or id, ignoring
[manager]	WARNING	Test in comment: are is not a test name or id, ignoring
[manager]	WARNING	Test in comment: bound is not a test name or id, ignoring
[manager]	WARNING	Test in comment: Fixed is not a test name or id, ignoring
[manager]	WARNING	Test in comment: owner is not a test name or id, ignoring
[manager]	WARNING	Test in comment: clauses is not a test name or id, ignoring
[manager]	WARNING	Test in comment: all is not a test name or id, ignoring
[manager]	WARNING	Test in comment: data is not a test name or id, ignoring
[manager]	WARNING	Test in comment: values is not a test name or id, ignoring
[manager]	WARNING	Test in comment: are is not a test name or id, ignoring
[manager]	WARNING	Test in comment: bound is not a test name or id, ignoring
[manager]	WARNING	Test in comment: Fixed is not a test name or id, ignoring
[manager]	WARNING	Test in comment: owner is not a test name or id, ignoring
[manager]	WARNING	Test in comment: clauses is not a test name or id, ignoring
[manager]	WARNING	Test in comment: all is not a test name or id, ignoring
[manager]	WARNING	Test in comment: data is not a test name or id, ignoring
[manager]	WARNING	Test in comment: values is not a test name or id, ignoring
[manager]	WARNING	Test in comment: are is not a test name or id, ignoring
[manager]	WARNING	Test in comment: bound is not a test name or id, ignoring
[manager]	WARNING	Test in comment: Fixed is not a test name or id, ignoring
[manager]	WARNING	Test in comment: owner is not a test name or id, ignoring
[manager]	WARNING	Test in comment: clauses is not a test name or id, ignoring
[manager]	WARNING	Test in comment: all is not a test name or id, ignoring
[manager]	WARNING	Test in comment: data is not a test name or id, ignoring
[manager]	WARNING	Test in comment: values is not a test name or id, ignoring
[manager]	WARNING	Test in comment: are is not a test name or id, ignoring
[manager]	WARNING	Test in comment: bound is not a test name or id, ignoring
[manager]	WARNING	Test in comment: Fixed is not a test name or id, ignoring
[manager]	WARNING	Test in comment: owner is not a test name or id, ignoring
[manager]	WARNING	Test in comment: clauses is not a test name or id, ignoring
[manager]	WARNING	Test in comment: all is not a test name or id, ignoring
[manager]	WARNING	Test in comment: data is not a test name or id, ignoring
[manager]	WARNING	Test in comment: values is not a test name or id, ignoring
[manager]	WARNING	Test in comment: are is not a test name or id, ignoring
[manager]	WARNING	Test in comment: bound is not a test name or id, ignoring
[manager]	WARNING	Test in comment: Fixed is not a test name or id, ignoring
[manager]	WARNING	Test in comment: owner is not a test name or id, ignoring
[manager]	WARNING	Test in comment: clauses is not a test name or id, ignoring
[manager]	WARNING	Test in comment: all is not a test name or id, ignoring
[manager]	WARNING	Test in comment: data is not a test name or id, ignoring
[manager]	WARNING	Test in comment: values is not a test name or id, ignoring
[manager]	WARNING	Test in comment: are is not a test name or id, ignoring
[manager]	WARNING	Test in comment: bound is not a test name or id, ignoring
[manager]	WARNING	Test in comment: Fixed is not a test name or id, ignoring
[manager]	WARNING	Test in comment: owner is not a test name or id, ignoring
[manager]	WARNING	Test in comment: clauses is not a test name or id, ignoring
[manager]	WARNING	Test in comment: all is not a test name or id, ignoring
[manager]	WARNING	Test in comment: data is not a test name or id, ignoring
[manager]	WARNING	Test in comment: values is not a test name or id, ignoring
[manager]	WARNING	Test in comment: are is not a test name or id, ignoring
[manager]	WARNING	Test in comment: bound is not a test name or id, ignoring
[manager]	WARNING	Test in comment: Fixed is not a test name or id, ignoring
[manager]	WARNING	Test in comment: owner is not a test name or id, ignoring
[manager]	WARNING	Test in comment: clauses is not a test name or id, ignoring
[manager]	WARNING	Test in comment: all is not a test name or id, ignoring
[manager]	WARNING	Test in comment: data is not a test name or id, ignoring
[manager]	WARNING	Test in comment: values is not a test name or id, ignoring
[manager]	WARNING	Test in comment: are is not a test name or id, ignoring
[manager]	WARNING	Test in comment: bound is not a test name or id, ignoring
[manager]	WARNING	Test in comment: Fixed is not a test name or id, ignoring
[manager]	WARNING	Test in comment: owner is not a test name or id, ignoring
[manager]	WARNING	Test in comment: clauses is not a test name or id, ignoring
[manager]	WARNING	Test in comment: all is not a test name or id, ignoring
[manager]	WARNING	Test in comment: data is not a test name or id, ignoring
[manager]	WARNING	Test in comment: values is not a test name or id, ignoring
[manager]	WARNING	Test in comment: are is not a test name or id, ignoring
[manager]	WARNING	Test in comment: bound is not a test name or id, ignoring
[manager]	WARNING	Test in comment: keyword is not a test name or id, ignoring
[manager]	WARNING	Test in comment: table is not a test name or id, ignoring
[manager]	WARNING	Test in comment: comes is not a test name or id, ignoring
[manager]	WARNING	Test in comment: from is not a test name or id, ignoring
[manager]	WARNING	Test in comment: the is not a test name or id, ignoring
[manager]	WARNING	Test in comment: backend is not a test name or id, ignoring
[manager]	WARNING	Test in comment: mapping is not a test name or id, ignoring
[manager]	WARNING	Test in comment: Fixed is not a test name or id, ignoring
[manager]	WARNING	Test in comment: owner is not a test name or id, ignoring
[manager]	WARNING	Test in comment: clauses is not a test name or id, ignoring
[manager]	WARNING	Test in comment: all is not a test name or id, ignoring
[manager]	WARNING	Test in comment: data is not a test name or id, ignoring
[manager]	WARNING	Test in comment: values is not a test name or id, ignoring
[manager]	WARNING	Test in comment: are is not a test name or id, ignoring
[manager]	WARNING	Test in comment: bound is not a test name or id, ignoring
[manager]	WARNING	Test in comment: Fixed is not a test name or id, ignoring
[manager]	WARNING	Test in comment: owner is not a test name or id, ignoring
[manager]	WARNING	Test in comment: clauses is not a test name or id, ignoring
[manager]	WARNING	Test in comment: all is not a test name or id, ignoring
[manager]	WARNING	Test in comment: data is not a test name or id, ignoring
[manager]	WARNING	Test in comment: values is not a test name or id, ignoring
[manager]	WARNING	Test in comment: are is not a test name or id, ignoring
[manager]	WARNING	Test in comment: bound is not a test name or id, ignoring
[manager]	WARNING	Test in comment: Fixed is not a test name or id, ignoring
[manager]	WARNING	Test in comment: owner is not a test name or id, ignoring
[manager]	WARNING	Test in comment: clauses is not a test name or id, ignoring
[manager]	WARNING	Test in comment: all is not a test name or id, ignoring
[manager]	WARNING	Test in comment: data is not a test name or id, ignoring
[manager]	WARNING	Test in comment: values is not a test name or id, ignoring
[manager]	WARNING	Test in comment: are is not a test name or id, ignoring
[manager]	WARNING	Test in comment: bound is not a test name or id, ignoring
[manager]	WARNING	Test in comment: Fixed is not a test name or id, ignoring
[manager]	WARNING	Test in comment: owner is not a test name or id, ignoring
[manager]	WARNING	Test in comment: clauses is not a test name or id, ignoring
[manager]	WARNING	Test in comment: all is not a test name or id, ignoring
[manager]	WARNING	Test in comment: data is not a test name or id, ignoring
[manager]	WARNING	Test in comment: values is not a test name or id, ignoring
[manager]	WARNING	Test in comment: are is not a test name or id, ignoring
[manager]	WARNING	Test in comment: bound is not a test name or id, ignoring
[manager]	WARNING	Test in comment: Fixed is not a test name or id, ignoring
[manager]	WARNING	Test in comment: owner is not a test name or id, ignoring
[manager]	WARNING	Test in comment: clauses is not a test name or id, ignoring
[manager]	WARNING	Test in comment: all is not a test name or id, ignoring
[manager]	WARNING	Test in comment: data is not a test name or id, ignoring
[manager]	WARNING	Test in comment: values is not a test name or id, ignoring
[manager]	WARNING	Test in comment: are is not a test name or id, ignoring
[manager]	WARNING	Test in comment: bound is not a test name or id, ignoring
[manager]	WARNING	Test in comment: Fixed is not a test name or id, ignoring
[manager]	WARNING	Test in comment: owner is not a test name or id, ignoring
[manager]	WARNING	Test in comment: clauses is not a test name or id, ignoring
[manager]	WARNING	Test in comment: all is not a test name or id, ignoring
[manager]	WARNING	Test in comment: data is not a test name or id, ignoring
[manager]	WARNING	Test in comment: values is not a test name or id, ignoring
[manager]	WARNING	Test in comment: are is not a test name or id, ignoring
[manager]	WARNING	Test in comment: bound is not a test name or id, ignoring
[manager]	WARNING	Test in comment: Fixed is not a test name or id, ignoring
[manager]	WARNING	Test in comment: owner is not a test name or id, ignoring
[manager]	WARNING	Test in comment: clauses is not a test name or id, ignoring
[manager]	WARNING	Test in comment: all is not a test name or id, ignoring
[manager]	WARNING	Test in comment: data is not a test name or id, ignoring
[manager]	WARNING	Test in comment: values is not a test name or id, ignoring
[manager]	WARNING	Test in comment: are is not a test name or id, ignoring
[manager]	WARNING	Test in comment: bound is not a test name or id, ignoring
[manager]	WARNING	Test in comment: Fixed is not a test name or id, ignoring
[manager]	WARNING	Test in comment: owner is not a test name or id, ignoring
[manager]	WARNING	Test in comment: clauses is not a test name or id, ignoring
[manager]	WARNING	Test in comment: all is not a test name or id, ignoring
[manager]	WARNING	Test in comment: data is not a test name or id, ignoring
[manager]	WARNING	Test in comment: values is not a test name or id, ignoring
[manager]	WARNING	Test in comment: are is not a test name or id, ignoring
[manager]	WARNING	Test in comment: bound is not a test name or id, ignoring
[manager]	WARNING	Test in comment: Fixed is not a test name or id, ignoring
[manager]	WARNING	Test in comment: owner is not a test name or id, ignoring
[manager]	WARNING	Test in comment: clauses is not a test name or id, ignoring
[manager]	WARNING	Test in comment: all is not a test name or id, ignoring
[manager]	WARNING	Test in comment: data is not a test name or id, ignoring
[manager]	WARNING	Test in comment: values is not a test name or id, ignoring
[manager]	WARNING	Test in comment: are is not a test name or id, ignoring
[manager]	WARNING	Test in comment: bound is not a test name or id, ignoring
[manager]	WARNING	Test in comment: Fixed is not a test name or id, ignoring
[manager]	WARNING	Test in comment: owner is not a test name or id, ignoring
[manager]	WARNING	Test in comment: clauses is not a test name or id, ignoring
[manager]	WARNING	Test in comment: all is not a test name or id, ignoring
[manager]	WARNING	Test in comment: data is not a test name or id, ignoring
[manager]	WARNING	Test in comment: values is not a test name or id, ignoring
[manager]	WARNING	Test in comment: are is not a test name or id, ignoring
[manager]	WARNING	Test in comment: bound is not a test name or id, ignoring
[manager]	WARNING	Test in comment: Fixed is not a test name or id, ignoring
[manager]	WARNING	Test in comment: owner is not a test name or id, ignoring
[manager]	WARNING	Test in comment: clauses is not a test name or id, ignoring
[manager]	WARNING	Test in comment: all is not a test name or id, ignoring
[manager]	WARNING	Test in comment: data is not a test name or id, ignoring
[manager]	WARNING	Test in comment: values is not a test name or id, ignoring
[manager]	WARNING	Test in comment: are is not a test name or id, ignoring
[manager]	WARNING	Test in comment: bound is not a test name or id, ignoring
[manager]	WARNING	Test in comment: Fixed is not a test name or id, ignoring
[manager]	WARNING	Test in comment: owner is not a test name or id, ignoring
[manager]	WARNING	Test in comment: clauses is not a test name or id, ignoring
[manager]	WARNING	Test in comment: all is not a test name or id, ignoring
[manager]	WARNING	Test in comment: data is not a test name or id, ignoring
[manager]	WARNING	Test in comment: values is not a test name or id, ignoring
[manager]	WARNING	Test in comment: are is not a test name or id, ignoring
[manager]	WARNING	Test in comment: bound is not a test name or id, ignoring
[manager]	WARNING	Test in comment: Fixed is not a test name or id, ignoring
[manager]	WARNING	Test in comment: owner is not a test name or id, ignoring
[manager]	WARNING	Test in comment: clauses is not a test name or id, ignoring
[manager]	WARNING	Test in comment: all is not a test name or id, ignoring
[manager]	WARNING	Test in comment: data is not a test name or id, ignoring
[manager]	WARNING	Test in comment: values is not a test name or id, ignoring
[manager]	WARNING	Test in comment: are is not a test name or id, ignoring
[manager]	WARNING	Test in comment: bound is not a test name or id, ignoring
[manager]	WARNING	Test in comment: Fixed is not a test name or id, ignoring
[manager]	WARNING	Test in comment: owner is not a test name or id, ignoring
[manager]	WARNING	Test in comment: clauses is not a test name or id, ignoring
[manager]	WARNING	Test in comment: all is not a test name or id, ignoring
[manager]	WARNING	Test in comment: data is not a test name or id, ignoring
[manager]	WARNING	Test in comment: values is not a test name or id, ignoring
[manager]	WARNING	Test in comment: are is not a test name or id, ignoring
[manager]	WARNING	Test in comment: bound is not a test name or id, ignoring
[manager]	WARNING	Test in comment: Fixed is not a test name or id, ignoring
[manager]	WARNING	Test in comment: owner is not a test name or id, ignoring
[manager]	WARNING	Test in comment: clauses is not a test name or id, ignoring
[manager]	WARNING	Test in comment: all is not a test name or id, ignoring
[manager]	WARNING	Test in comment: data is not a test name or id, ignoring
[manager]	WARNING	Test in comment: values is not a test name or id, ignoring
[manager]	WARNING	Test in comment: are is not a test name or id, ignoring
[manager]	WARNING	Test in comment: bound is not a test name or id, ignoring
[manager]	WARNING	Test in comment: Fixed is not a test name or id, ignoring
[manager]	WARNING	Test in comment: owner is not a test name or id, ignoring
[manager]	WARNING	Test in comment: clauses is not a test name or id, ignoring
[manager]	WARNING	Test in comment: all is not a test name or id, ignoring
[manager]	WARNING	Test in comment: data is not a test name or id, ignoring
[manager]	WARNING	Test in comment: values is not a test name or id, ignoring
[manager]	WARNING	Test in comment: are is not a test name or id, ignoring
[manager]	WARNING	Test in comment: bound is not a test name or id, ignoring
[manager]	WARNING	Test in comment: Fixed is not a test name or id, ignoring
[manager]	WARNING	Test in comment: owner is not a test name or id, ignoring
[manager]	WARNING	Test in comment: clauses is not a test name or id, ignoring
[manager]	WARNING	Test in comment: all is not a test name or id, ignoring
[manager]	WARNING	Test in comment: data is not a test name or id, ignoring
[manager]	WARNING	Test in comment: values is not a test name or id, ignoring
[manager]	WARNING	Test in comment: are is not a test name or id, ignoring
[manager]	WARNING	Test in comment: bound is not a test name or id, ignoring
[manager]	WARNING	Test in comment: Fixed is not a test name or id, ignoring
[manager]	WARNING	Test in comment: owner is not a test name or id, ignoring
[manager]	WARNING	Test in comment: clauses is not a test name or id, ignoring
[manager]	WARNING	Test in comment: all is not a test name or id, ignoring
[manager]	WARNING	Test in comment: data is not a test name or id, ignoring
[manager]	WARNING	Test in comment: values is not a test name or id, ignoring
[manager]	WARNING	Test in comment: are is not a test name or id, ignoring
[manager]	WARNING	Test in comment: bound is not a test name or id, ignoring
[manager]	WARNING	Test in comment: Fixed is not a test name or id, ignoring
[manager]	WARNING	Test in comment: owner is not a test name or id, ignoring
[manager]	WARNING	Test in comment: clauses is not a test name or id, ignoring
[manager]	WARNING	Test in comment: all is not a test name or id, ignoring
[manager]	WARNING	Test in comment: data is not a test name or id, ignoring
[manager]	WARNING	Test in comment: values is not a test name or id, ignoring
[manager]	WARNING	Test in comment: are is not a test name or id, ignoring
[manager]	WARNING	Test in comment: bound is not a test name or id, ignoring
[manager]	WARNING	Test in comment: Fixed is not a test name or id, ignoring
[manager]	WARNING	Test in comment: owner is not a test name or id, ignoring
[manager]	WARNING	Test in comment: clauses is not a test name or id, ignoring
[manager]	WARNING	Test in comment: all is not a test name or id, ignoring
[manager]	WARNING	Test in comment: data is not a test name or id, ignoring
[manager]	WARNING	Test in comment: values is not a test name or id, ignoring
[manager]	WARNING	Test in comment: are is not a test name or id, ignoring
[manager]	WARNING	Test in comment: bound is not a test name or id, ignoring
[manager]	WARNING	Test in comment: Fixed is not a test name or id, ignoring
[manager]	WARNING	Test in comment: owner is not a test name or id, ignoring
[manager]	WARNING	Test in comment: clauses is not a test name or id, ignoring
[manager]	WARNING	Test in comment: all is not a test name or id, ignoring
[manager]	WARNING	Test in comment: data is not a test name or id, ignoring
[manager]	WARNING	Test in comment: values is not a test name or id, ignoring
[manager]	WARNING	Test in comment: are is not a test name or id, ignoring
[manager]	WARNING	Test in comment: bound is not a test name or id, ignoring
[manager]	WARNING	Test in comment: placeholders is not a test name or id, ignoring
[manager]	WARNING	Test in comment: are is not a test name or id, ignoring
[manager]	WARNING	Test in comment: generated is not a test name or id, ignoring
[manager]	WARNING	Test in comment: from is not a test name or id, ignoring
[manager]	WARNING	Test in comment: an is not a test name or id, ignoring
[manager]	WARNING	Test in comment: internal is not a test name or id, ignoring
[manager]	WARNING	Test in comment: integer is not a test name or id, ignoring
[manager]	WARNING	Test in comment: list is not a test name or id, ignoring
[manager]	WARNING	Test in comment: Fixed is not a test name or id, ignoring
[manager]	WARNING	Test in comment: owner is not a test name or id, ignoring
[manager]	WARNING	Test in comment: clauses is not a test name or id, ignoring
[manager]	WARNING	Test in comment: all is not a test name or id, ignoring
[manager]	WARNING	Test in comment: data is not a test name or id, ignoring
[manager]	WARNING	Test in comment: values is not a test name or id, ignoring
[manager]	WARNING	Test in comment: are is not a test name or id, ignoring
[manager]	WARNING	Test in comment: bound is not a test name or id, ignoring
[tester]	WARNING	nosec encountered (B608), but no failed test on line 9832
[tester]	WARNING	nosec encountered (B608), but no failed test on line 9832
[tester]	WARNING	nosec encountered (B608), but no failed test on line 9832
[tester]	WARNING	nosec encountered (B608), but no failed test on line 10107
[tester]	WARNING	nosec encountered (B608), but no failed test on line 10107
[tester]	WARNING	nosec encountered (B608), but no failed test on line 10111
[tester]	WARNING	nosec encountered (B608), but no failed test on line 10115
[tester]	WARNING	nosec encountered (B608), but no failed test on line 10121
[tester]	WARNING	nosec encountered (B608), but no failed test on line 10124
[tester]	WARNING	nosec encountered (B608), but no failed test on line 10133
[tester]	WARNING	nosec encountered (B608), but no failed test on line 10133
[tester]	WARNING	nosec encountered (B608), but no failed test on line 10133
[tester]	WARNING	nosec encountered (B608), but no failed test on line 10192
[tester]	WARNING	nosec encountered (B608), but no failed test on line 10192
[tester]	WARNING	nosec encountered (B608), but no failed test on line 10196
[tester]	WARNING	nosec encountered (B608), but no failed test on line 10202
[tester]	WARNING	nosec encountered (B608), but no failed test on line 10208
[tester]	WARNING	nosec encountered (B608), but no failed test on line 10213
[tester]	WARNING	nosec encountered (B608), but no failed test on line 10225
[tester]	WARNING	nosec encountered (B608), but no failed test on line 10225
[tester]	WARNING	nosec encountered (B608), but no failed test on line 10229
[tester]	WARNING	nosec encountered (B608), but no failed test on line 10229
[tester]	WARNING	nosec encountered (B608), but no failed test on line 10229
[tester]	WARNING	nosec encountered (B608), but no failed test on line 10331
[tester]	WARNING	nosec encountered (B608), but no failed test on line 10331
[tester]	WARNING	nosec encountered (B608), but no failed test on line 10338
[tester]	WARNING	nosec encountered (B608), but no failed test on line 10338
[tester]	WARNING	nosec encountered (B608), but no failed test on line 10348
[tester]	WARNING	nosec encountered (B608), but no failed test on line 10348
[tester]	WARNING	nosec encountered (B608), but no failed test on line 10363
[tester]	WARNING	nosec encountered (B608), but no failed test on line 10363
[tester]	WARNING	nosec encountered (B608), but no failed test on line 10375
[tester]	WARNING	nosec encountered (B608), but no failed test on line 10375
[tester]	WARNING	nosec encountered (B608), but no failed test on line 10392
[tester]	WARNING	nosec encountered (B608), but no failed test on line 10392
[tester]	WARNING	nosec encountered (B608), but no failed test on line 10543
[tester]	WARNING	nosec encountered (B608), but no failed test on line 10543
[tester]	WARNING	nosec encountered (B608), but no failed test on line 10543
[tester]	WARNING	nosec encountered (B608), but no failed test on line 10684
[tester]	WARNING	nosec encountered (B608), but no failed test on line 10684
[tester]	WARNING	nosec encountered (B608), but no failed test on line 10695
[tester]	WARNING	nosec encountered (B608), but no failed test on line 10695
[tester]	WARNING	nosec encountered (B608), but no failed test on line 10736
[tester]	WARNING	nosec encountered (B608), but no failed test on line 10736
[tester]	WARNING	nosec encountered (B608), but no failed test on line 10837
[tester]	WARNING	nosec encountered (B608), but no failed test on line 10838
[tester]	WARNING	nosec encountered (B608), but no failed test on line 10875
[tester]	WARNING	nosec encountered (B608), but no failed test on line 10940
[tester]	WARNING	nosec encountered (B608), but no failed test on line 11122
[tester]	WARNING	nosec encountered (B608), but no failed test on line 11122
[tester]	WARNING	nosec encountered (B608), but no failed test on line 11135
[tester]	WARNING	nosec encountered (B608), but no failed test on line 11162
[tester]	WARNING	nosec encountered (B608), but no failed test on line 11162
[tester]	WARNING	nosec encountered (B608), but no failed test on line 11162
[tester]	WARNING	nosec encountered (B608), but no failed test on line 11301
[tester]	WARNING	nosec encountered (B608), but no failed test on line 11301
[tester]	WARNING	nosec encountered (B608), but no failed test on line 11312
[tester]	WARNING	nosec encountered (B608), but no failed test on line 11335
[tester]	WARNING	nosec encountered (B608), but no failed test on line 11335
[tester]	WARNING	nosec encountered (B608), but no failed test on line 11899
[tester]	WARNING	nosec encountered (B608), but no failed test on line 11899
[tester]	WARNING	nosec encountered (B608), but no failed test on line 11899
[tester]	WARNING	nosec encountered (B608), but no failed test on line 11956
[tester]	WARNING	nosec encountered (B608), but no failed test on line 11956
[tester]	WARNING	nosec encountered (B608), but no failed test on line 11956
[tester]	WARNING	nosec encountered (B608), but no failed test on line 11956
[tester]	WARNING	nosec encountered (B608), but no failed test on line 11956
[tester]	WARNING	nosec encountered (B608), but no failed test on line 11956
[tester]	WARNING	nosec encountered (B608), but no failed test on line 11956
[tester]	WARNING	nosec encountered (B608), but no failed test on line 11956
[tester]	WARNING	nosec encountered (B608), but no failed test on line 11956
[tester]	WARNING	nosec encountered (B608), but no failed test on line 11956
[tester]	WARNING	nosec encountered (B608), but no failed test on line 11956
[tester]	WARNING	nosec encountered (B608), but no failed test on line 11956
[tester]	WARNING	nosec encountered (B608), but no failed test on line 11974
[tester]	WARNING	nosec encountered (B608), but no failed test on line 11974
[tester]	WARNING	nosec encountered (B608), but no failed test on line 11974
[tester]	WARNING	nosec encountered (B608), but no failed test on line 12775
[tester]	WARNING	nosec encountered (B608), but no failed test on line 12775
[tester]	WARNING	nosec encountered (B608), but no failed test on line 12775
[tester]	WARNING	nosec encountered (B608), but no failed test on line 12790
[tester]	WARNING	nosec encountered (B608), but no failed test on line 12798
[tester]	WARNING	nosec encountered (B608), but no failed test on line 12805
[tester]	WARNING	nosec encountered (B608), but no failed test on line 12805
[tester]	WARNING	nosec encountered (B608), but no failed test on line 12807
[tester]	WARNING	nosec encountered (B608), but no failed test on line 12808
[tester]	WARNING	nosec encountered (B608), but no failed test on line 12809
[tester]	WARNING	nosec encountered (B608), but no failed test on line 12807
[tester]	WARNING	nosec encountered (B608), but no failed test on line 12807
[tester]	WARNING	nosec encountered (B608), but no failed test on line 12808
[tester]	WARNING	nosec encountered (B608), but no failed test on line 12808
[tester]	WARNING	nosec encountered (B608), but no failed test on line 12811
[tester]	WARNING	nosec encountered (B608), but no failed test on line 12811
[tester]	WARNING	nosec encountered (B608), but no failed test on line 12854
[tester]	WARNING	nosec encountered (B608), but no failed test on line 12854
[tester]	WARNING	nosec encountered (B608), but no failed test on line 12869
[tester]	WARNING	nosec encountered (B608), but no failed test on line 12877
[tester]	WARNING	nosec encountered (B608), but no failed test on line 12885
[tester]	WARNING	nosec encountered (B608), but no failed test on line 12885
[tester]	WARNING	nosec encountered (B608), but no failed test on line 12888
[tester]	WARNING	nosec encountered (B608), but no failed test on line 12891
[tester]	WARNING	nosec encountered (B608), but no failed test on line 12894
[tester]	WARNING	nosec encountered (B608), but no failed test on line 12889
[tester]	WARNING	nosec encountered (B608), but no failed test on line 12889
[tester]	WARNING	nosec encountered (B608), but no failed test on line 12892
[tester]	WARNING	nosec encountered (B608), but no failed test on line 12892
[tester]	WARNING	nosec encountered (B608), but no failed test on line 12900
[tester]	WARNING	nosec encountered (B608), but no failed test on line 12900
[tester]	WARNING	nosec encountered (B608), but no failed test on line 13008
[tester]	WARNING	nosec encountered (B608), but no failed test on line 13010
[tester]	WARNING	nosec encountered (B608), but no failed test on line 13010
[tester]	WARNING	nosec encountered (B608), but no failed test on line 13040
[tester]	WARNING	nosec encountered (B608), but no failed test on line 13050
[tester]	WARNING	nosec encountered (B608), but no failed test on line 13055
[tester]	WARNING	nosec encountered (B608), but no failed test on line 13056
[tester]	WARNING	nosec encountered (B608), but no failed test on line 13303
[tester]	WARNING	nosec encountered (B608), but no failed test on line 13398
[tester]	WARNING	nosec encountered (B608), but no failed test on line 13398
[tester]	WARNING	nosec encountered (B608), but no failed test on line 13516
[tester]	WARNING	nosec encountered (B608), but no failed test on line 13532
[tester]	WARNING	nosec encountered (B608), but no failed test on line 13536
[tester]	WARNING	nosec encountered (B608), but no failed test on line 13540
[tester]	WARNING	nosec encountered (B608), but no failed test on line 13544
[tester]	WARNING	nosec encountered (B608), but no failed test on line 13533
[tester]	WARNING	nosec encountered (B608), but no failed test on line 13537
[tester]	WARNING	nosec encountered (B608), but no failed test on line 13541
[tester]	WARNING	nosec encountered (B608), but no failed test on line 13545
[tester]	WARNING	nosec encountered (B608), but no failed test on line 13628
[tester]	WARNING	nosec encountered (B608), but no failed test on line 13628
[tester]	WARNING	nosec encountered (B608), but no failed test on line 13631
[tester]	WARNING	nosec encountered (B608), but no failed test on line 13631
[tester]	WARNING	nosec encountered (B608), but no failed test on line 14076
[tester]	WARNING	nosec encountered (B608), but no failed test on line 14089
[tester]	WARNING	nosec encountered (B608), but no failed test on line 14097
[tester]	WARNING	nosec encountered (B608), but no failed test on line 14104
[tester]	WARNING	nosec encountered (B608), but no failed test on line 14104
[tester]	WARNING	nosec encountered (B608), but no failed test on line 14106
[tester]	WARNING	nosec encountered (B608), but no failed test on line 14107
[tester]	WARNING	nosec encountered (B608), but no failed test on line 14108
[tester]	WARNING	nosec encountered (B608), but no failed test on line 14106
[tester]	WARNING	nosec encountered (B608), but no failed test on line 14106
[tester]	WARNING	nosec encountered (B608), but no failed test on line 14107
[tester]	WARNING	nosec encountered (B608), but no failed test on line 14107
[tester]	WARNING	nosec encountered (B608), but no failed test on line 14111
[tester]	WARNING	nosec encountered (B608), but no failed test on line 14111
[tester]	WARNING	nosec encountered (B608), but no failed test on line 14141
[tester]	WARNING	nosec encountered (B608), but no failed test on line 14141
[tester]	WARNING	nosec encountered (B608), but no failed test on line 14211
[tester]	WARNING	nosec encountered (B608), but no failed test on line 14213
[tester]	WARNING	nosec encountered (B608), but no failed test on line 14213
[tester]	WARNING	nosec encountered (B608), but no failed test on line 14233
[tester]	WARNING	nosec encountered (B608), but no failed test on line 14244
[tester]	WARNING	nosec encountered (B608), but no failed test on line 14249
[tester]	WARNING	nosec encountered (B608), but no failed test on line 14250
[tester]	WARNING	nosec encountered (B608), but no failed test on line 15432
[tester]	WARNING	nosec encountered (B608), but no failed test on line 15432
[tester]	WARNING	nosec encountered (B608), but no failed test on line 17300
[tester]	WARNING	nosec encountered (B608), but no failed test on line 17300
[tester]	WARNING	nosec encountered (B608), but no failed test on line 17397
[tester]	WARNING	nosec encountered (B608), but no failed test on line 17397
[tester]	WARNING	nosec encountered (B608), but no failed test on line 17397
[tester]	WARNING	nosec encountered (B608), but no failed test on line 17410
[tester]	WARNING	nosec encountered (B608), but no failed test on line 17412
[tester]	WARNING	nosec encountered (B608), but no failed test on line 17412
[tester]	WARNING	nosec encountered (B608), but no failed test on line 17418
[tester]	WARNING	nosec encountered (B608), but no failed test on line 17418
[tester]	WARNING	nosec encountered (B608), but no failed test on line 17723
[tester]	WARNING	nosec encountered (B608), but no failed test on line 17770
[tester]	WARNING	nosec encountered (B608), but no failed test on line 18635
[tester]	WARNING	nosec encountered (B608), but no failed test on line 18696
[tester]	WARNING	nosec encountered (B608), but no failed test on line 18703
[tester]	WARNING	nosec encountered (B608), but no failed test on line 18708
[tester]	WARNING	nosec encountered (B608), but no failed test on line 18717
[tester]	WARNING	nosec encountered (B608), but no failed test on line 18722
[tester]	WARNING	nosec encountered (B608), but no failed test on line 18729
[tester]	WARNING	nosec encountered (B608), but no failed test on line 18733
[tester]	WARNING	nosec encountered (B608), but no failed test on line 18823
[tester]	WARNING	nosec encountered (B608), but no failed test on line 18836
[tester]	WARNING	nosec encountered (B608), but no failed test on line 18917
[tester]	WARNING	nosec encountered (B608), but no failed test on line 18931
[tester]	WARNING	nosec encountered (B608), but no failed test on line 18969
[tester]	WARNING	nosec encountered (B608), but no failed test on line 19070
[tester]	WARNING	nosec encountered (B608), but no failed test on line 19070
[tester]	WARNING	nosec encountered (B608), but no failed test on line 19517
[tester]	WARNING	nosec encountered (B608), but no failed test on line 19517
[tester]	WARNING	nosec encountered (B608), but no failed test on line 19562
[tester]	WARNING	nosec encountered (B608), but no failed test on line 19562
[tester]	WARNING	nosec encountered (B608), but no failed test on line 21144
[tester]	WARNING	nosec encountered (B608), but no failed test on line 25289
[tester]	WARNING	nosec encountered (B608), but no failed test on line 25289
[tester]	WARNING	nosec encountered (B608), but no failed test on line 25289
[tester]	WARNING	nosec encountered (B608), but no failed test on line 25334
[tester]	WARNING	nosec encountered (B608), but no failed test on line 25334
[tester]	WARNING	nosec encountered (B608), but no failed test on line 25808
[tester]	WARNING	nosec encountered (B608), but no failed test on line 25998
[tester]	WARNING	nosec encountered (B608), but no failed test on line 25998
[tester]	WARNING	nosec encountered (B608), but no failed test on line 26289
[tester]	WARNING	nosec encountered (B608), but no failed test on line 26477
[tester]	WARNING	nosec encountered (B608), but no failed test on line 26477
[tester]	WARNING	nosec encountered (B608), but no failed test on line 26784
[tester]	WARNING	nosec encountered (B608), but no failed test on line 26784
[tester]	WARNING	nosec encountered (B608), but no failed test on line 27246
[tester]	WARNING	nosec encountered (B608), but no failed test on line 27369
[tester]	WARNING	nosec encountered (B608), but no failed test on line 27711
[tester]	WARNING	nosec encountered (B608), but no failed test on line 27711
[tester]	WARNING	nosec encountered (B608), but no failed test on line 28248
[tester]	WARNING	nosec encountered (B608), but no failed test on line 28248
[tester]	WARNING	nosec encountered (B608), but no failed test on line 28470
[tester]	WARNING	nosec encountered (B608), but no failed test on line 28623
[tester]	WARNING	nosec encountered (B608), but no failed test on line 28931
[tester]	WARNING	nosec encountered (B608), but no failed test on line 29349
[tester]	WARNING	nosec encountered (B608), but no failed test on line 29721
[tester]	WARNING	nosec encountered (B608), but no failed test on line 30601
[tester]	WARNING	nosec encountered (B608), but no failed test on line 30601
[tester]	WARNING	nosec encountered (B608), but no failed test on line 30639
[tester]	WARNING	nosec encountered (B608), but no failed test on line 30652
[tester]	WARNING	nosec encountered (B608), but no failed test on line 30672
[tester]	WARNING	nosec encountered (B608), but no failed test on line 30701
[tester]	WARNING	nosec encountered (B608), but no failed test on line 31349
[tester]	WARNING	nosec encountered (B608), but no failed test on line 31632
[tester]	WARNING	nosec encountered (B608), but no failed test on line 31632
[tester]	WARNING	nosec encountered (B608), but no failed test on line 31676
[tester]	WARNING	nosec encountered (B608), but no failed test on line 31676
[tester]	WARNING	nosec encountered (B608), but no failed test on line 32333
[tester]	WARNING	nosec encountered (B608), but no failed test on line 32333
[tester]	WARNING	nosec encountered (B608), but no failed test on line 32476
[tester]	WARNING	nosec encountered (B608), but no failed test on line 32476
[tester]	WARNING	nosec encountered (B608), but no failed test on line 32535
[tester]	WARNING	nosec encountered (B608), but no failed test on line 32535
[tester]	WARNING	nosec encountered (B608), but no failed test on line 32535
[tester]	WARNING	nosec encountered (B608), but no failed test on line 32535
[tester]	WARNING	nosec encountered (B608), but no failed test on line 32535
[tester]	WARNING	nosec encountered (B608), but no failed test on line 32569
[tester]	WARNING	nosec encountered (B608), but no failed test on line 32569
[tester]	WARNING	nosec encountered (B608), but no failed test on line 32634
[tester]	WARNING	nosec encountered (B608), but no failed test on line 32650
[tester]	WARNING	nosec encountered (B608), but no failed test on line 32650
[tester]	WARNING	nosec encountered (B608), but no failed test on line 32669
[tester]	WARNING	nosec encountered (B608), but no failed test on line 32669
[tester]	WARNING	nosec encountered (B608), but no failed test on line 32669
[tester]	WARNING	nosec encountered (B608), but no failed test on line 32685
[tester]	WARNING	nosec encountered (B608), but no failed test on line 32685
[tester]	WARNING	nosec encountered (B608), but no failed test on line 32722
[tester]	WARNING	nosec encountered (B608), but no failed test on line 32749
[tester]	WARNING	nosec encountered (B608), but no failed test on line 32749
[tester]	WARNING	nosec encountered (B608), but no failed test on line 32799
[tester]	WARNING	nosec encountered (B608), but no failed test on line 32799
[tester]	WARNING	nosec encountered (B608), but no failed test on line 32799
[tester]	WARNING	nosec encountered (B608), but no failed test on line 32877
[tester]	WARNING	nosec encountered (B608), but no failed test on line 32877
[tester]	WARNING	nosec encountered (B608), but no failed test on line 32877
[tester]	WARNING	nosec encountered (B608), but no failed test on line 32877
[tester]	WARNING	nosec encountered (B608), but no failed test on line 32897
[tester]	WARNING	nosec encountered (B608), but no failed test on line 32897
[tester]	WARNING	nosec encountered (B608), but no failed test on line 32964
[tester]	WARNING	nosec encountered (B608), but no failed test on line 32964
[tester]	WARNING	nosec encountered (B608), but no failed test on line 32976
[tester]	WARNING	nosec encountered (B608), but no failed test on line 32976
[tester]	WARNING	nosec encountered (B608), but no failed test on line 32997
[tester]	WARNING	nosec encountered (B608), but no failed test on line 32997
[tester]	WARNING	nosec encountered (B608), but no failed test on line 33080
[tester]	WARNING	nosec encountered (B608), but no failed test on line 33096
[tester]	WARNING	nosec encountered (B608), but no failed test on line 33528
[tester]	WARNING	nosec encountered (B608), but no failed test on line 33545
[tester]	WARNING	nosec encountered (B608), but no failed test on line 33659
[tester]	WARNING	nosec encountered (B608), but no failed test on line 33659
[tester]	WARNING	nosec encountered (B608), but no failed test on line 33659
[tester]	WARNING	nosec encountered (B608), but no failed test on line 33903
[tester]	WARNING	nosec encountered (B608), but no failed test on line 33903
[tester]	WARNING	nosec encountered (B608), but no failed test on line 34168
[tester]	WARNING	nosec encountered (B608), but no failed test on line 34168
[tester]	WARNING	nosec encountered (B608), but no failed test on line 34196
[tester]	WARNING	nosec encountered (B608), but no failed test on line 34224
[tester]	WARNING	nosec encountered (B608), but no failed test on line 34227
[tester]	WARNING	nosec encountered (B608), but no failed test on line 34224
[tester]	WARNING	nosec encountered (B608), but no failed test on line 34228
[tester]	WARNING	nosec encountered (B608), but no failed test on line 34246
[tester]	WARNING	nosec encountered (B608), but no failed test on line 34246
[tester]	WARNING	nosec encountered (B608), but no failed test on line 34246
[tester]	WARNING	nosec encountered (B608), but no failed test on line 34269
[tester]	WARNING	nosec encountered (B608), but no failed test on line 34306
[tester]	WARNING	nosec encountered (B608), but no failed test on line 34385
[tester]	WARNING	nosec encountered (B608), but no failed test on line 34385
[tester]	WARNING	nosec encountered (B608), but no failed test on line 34385
[tester]	WARNING	nosec encountered (B608), but no failed test on line 34385
[tester]	WARNING	nosec encountered (B608), but no failed test on line 34385
[tester]	WARNING	nosec encountered (B608), but no failed test on line 34400
[tester]	WARNING	nosec encountered (B608), but no failed test on line 34400
[tester]	WARNING	nosec encountered (B608), but no failed test on line 34400
[tester]	WARNING	nosec encountered (B608), but no failed test on line 34429
[tester]	WARNING	nosec encountered (B608), but no failed test on line 34540
[tester]	WARNING	nosec encountered (B608), but no failed test on line 34540
[tester]	WARNING	nosec encountered (B608), but no failed test on line 34624
[tester]	WARNING	nosec encountered (B608), but no failed test on line 34647
[tester]	WARNING	nosec encountered (B608), but no failed test on line 34665
[tester]	WARNING	nosec encountered (B608), but no failed test on line 34665
[tester]	WARNING	nosec encountered (B608), but no failed test on line 34752
[tester]	WARNING	nosec encountered (B608), but no failed test on line 34784
[tester]	WARNING	nosec encountered (B608), but no failed test on line 34800
[tester]	WARNING	nosec encountered (B608), but no failed test on line 34813
[tester]	WARNING	nosec encountered (B608), but no failed test on line 34847
[tester]	WARNING	nosec encountered (B608), but no failed test on line 34886
[tester]	WARNING	nosec encountered (B608), but no failed test on line 35103
[tester]	WARNING	nosec encountered (B608), but no failed test on line 35103
[tester]	WARNING	nosec encountered (B608), but no failed test on line 35236
[tester]	WARNING	nosec encountered (B608), but no failed test on line 35242
[tester]	WARNING	nosec encountered (B608), but no failed test on line 35336
[tester]	WARNING	nosec encountered (B608), but no failed test on line 35358
[tester]	WARNING	nosec encountered (B608), but no failed test on line 35467
[tester]	WARNING	nosec encountered (B608), but no failed test on line 35467
[tester]	WARNING	nosec encountered (B608), but no failed test on line 35888
[tester]	WARNING	nosec encountered (B608), but no failed test on line 35888
[tester]	WARNING	nosec encountered (B608), but no failed test on line 35891
[tester]	WARNING	nosec encountered (B608), but no failed test on line 35891
[tester]	WARNING	nosec encountered (B608), but no failed test on line 36307
[tester]	WARNING	nosec encountered (B608), but no failed test on line 36394
[tester]	WARNING	nosec encountered (B608), but no failed test on line 36448
[tester]	WARNING	nosec encountered (B608), but no failed test on line 36480
[tester]	WARNING	nosec encountered (B608), but no failed test on line 36480
[tester]	WARNING	nosec encountered (B608), but no failed test on line 36480
[tester]	WARNING	nosec encountered (B608), but no failed test on line 36574
[tester]	WARNING	nosec encountered (B608), but no failed test on line 36576
[tester]	WARNING	nosec encountered (B608), but no failed test on line 36576
[tester]	WARNING	nosec encountered (B608), but no failed test on line 36584
[tester]	WARNING	nosec encountered (B608), but no failed test on line 36586
[tester]	WARNING	nosec encountered (B608), but no failed test on line 36586
[tester]	WARNING	nosec encountered (B608), but no failed test on line 36594
[tester]	WARNING	nosec encountered (B608), but no failed test on line 36596
[tester]	WARNING	nosec encountered (B608), but no failed test on line 36596
[tester]	WARNING	nosec encountered (B608), but no failed test on line 36606
[tester]	WARNING	nosec encountered (B608), but no failed test on line 36608
[tester]	WARNING	nosec encountered (B608), but no failed test on line 36616
[tester]	WARNING	nosec encountered (B608), but no failed test on line 36618
[tester]	WARNING	nosec encountered (B608), but no failed test on line 36626
[tester]	WARNING	nosec encountered (B608), but no failed test on line 36628
[tester]	WARNING	nosec encountered (B608), but no failed test on line 36741
[tester]	WARNING	nosec encountered (B608), but no failed test on line 36755
[tester]	WARNING	nosec encountered (B608), but no failed test on line 36779
[tester]	WARNING	nosec encountered (B608), but no failed test on line 36883
[tester]	WARNING	nosec encountered (B608), but no failed test on line 36899
[tester]	WARNING	nosec encountered (B608), but no failed test on line 36903
[tester]	WARNING	nosec encountered (B608), but no failed test on line 36966
[tester]	WARNING	nosec encountered (B608), but no failed test on line 36985
[tester]	WARNING	nosec encountered (B608), but no failed test on line 37004
[tester]	WARNING	nosec encountered (B608), but no failed test on line 37017
[tester]	WARNING	nosec encountered (B608), but no failed test on line 37117
[tester]	WARNING	nosec encountered (B608), but no failed test on line 37117
[tester]	WARNING	nosec encountered (B608), but no failed test on line 37141
[tester]	WARNING	nosec encountered (B608), but no failed test on line 37184
[tester]	WARNING	nosec encountered (B608), but no failed test on line 37184
[tester]	WARNING	nosec encountered (B608), but no failed test on line 37217
[tester]	WARNING	nosec encountered (B608), but no failed test on line 37217
[tester]	WARNING	nosec encountered (B608), but no failed test on line 37237
[tester]	WARNING	nosec encountered (B608), but no failed test on line 37280
[tester]	WARNING	nosec encountered (B608), but no failed test on line 37334
[tester]	WARNING	nosec encountered (B608), but no failed test on line 37344
[tester]	WARNING	nosec encountered (B608), but no failed test on line 37409
[tester]	WARNING	nosec encountered (B608), but no failed test on line 37443
[tester]	WARNING	nosec encountered (B608), but no failed test on line 37468
[tester]	WARNING	nosec encountered (B608), but no failed test on line 37578
[tester]	WARNING	nosec encountered (B608), but no failed test on line 37578
[tester]	WARNING	nosec encountered (B608), but no failed test on line 37648
[tester]	WARNING	nosec encountered (B608), but no failed test on line 37648
[tester]	WARNING	nosec encountered (B608), but no failed test on line 37725
[tester]	WARNING	nosec encountered (B608), but no failed test on line 37743
[tester]	WARNING	nosec encountered (B608), but no failed test on line 37763
[tester]	WARNING	nosec encountered (B608), but no failed test on line 37851
[tester]	WARNING	nosec encountered (B608), but no failed test on line 37851
[tester]	WARNING	nosec encountered (B608), but no failed test on line 37899
[tester]	WARNING	nosec encountered (B608), but no failed test on line 37929
[tester]	WARNING	nosec encountered (B608), but no failed test on line 38129
[tester]	WARNING	nosec encountered (B608), but no failed test on line 38792
[tester]	WARNING	nosec encountered (B608), but no failed test on line 39173
[tester]	WARNING	nosec encountered (B608), but no failed test on line 39256
[tester]	WARNING	nosec encountered (B608), but no failed test on line 39498
[tester]	WARNING	nosec encountered (B608), but no failed test on line 40111
[tester]	WARNING	nosec encountered (B608), but no failed test on line 40111
[tester]	WARNING	nosec encountered (B608), but no failed test on line 40111
[tester]	WARNING	nosec encountered (B608), but no failed test on line 40118
[tester]	WARNING	nosec encountered (B608), but no failed test on line 40294
[tester]	WARNING	nosec encountered (B608), but no failed test on line 40294
[tester]	WARNING	nosec encountered (B608), but no failed test on line 40294
[tester]	WARNING	nosec encountered (B608), but no failed test on line 40300
[tester]	WARNING	nosec encountered (B608), but no failed test on line 40313
[tester]	WARNING	nosec encountered (B608), but no failed test on line 40313
[tester]	WARNING	nosec encountered (B608), but no failed test on line 40547
[tester]	WARNING	nosec encountered (B608), but no failed test on line 40547
[tester]	WARNING	nosec encountered (B608), but no failed test on line 40554
[tester]	WARNING	nosec encountered (B608), but no failed test on line 40567
[tester]	WARNING	nosec encountered (B608), but no failed test on line 40567
[tester]	WARNING	nosec encountered (B608), but no failed test on line 40574
[tester]	WARNING	nosec encountered (B608), but no failed test on line 40586
[tester]	WARNING	nosec encountered (B608), but no failed test on line 40586
[tester]	WARNING	nosec encountered (B608), but no failed test on line 40733
[tester]	WARNING	nosec encountered (B608), but no failed test on line 40733
[tester]	WARNING	nosec encountered (B608), but no failed test on line 40733
[tester]	WARNING	nosec encountered (B608), but no failed test on line 41216
[tester]	WARNING	nosec encountered (B608), but no failed test on line 41216
[tester]	WARNING	nosec encountered (B608), but no failed test on line 41326
[tester]	WARNING	nosec encountered (B608), but no failed test on line 41326
[tester]	WARNING	nosec encountered (B608), but no failed test on line 41334
[tester]	WARNING	nosec encountered (B608), but no failed test on line 41334
[tester]	WARNING	nosec encountered (B608), but no failed test on line 41508
[tester]	WARNING	nosec encountered (B608), but no failed test on line 41508
[tester]	WARNING	nosec encountered (B608), but no failed test on line 41524
[tester]	WARNING	nosec encountered (B608), but no failed test on line 41580
[tester]	WARNING	nosec encountered (B608), but no failed test on line 41580
[tester]	WARNING	nosec encountered (B608), but no failed test on line 41580
[tester]	WARNING	nosec encountered (B608), but no failed test on line 41586
[tester]	WARNING	nosec encountered (B608), but no failed test on line 41706
[tester]	WARNING	nosec encountered (B608), but no failed test on line 41706
[tester]	WARNING	nosec encountered (B608), but no failed test on line 41706
[tester]	WARNING	nosec encountered (B608), but no failed test on line 41717
[tester]	WARNING	nosec encountered (B608), but no failed test on line 41717
[tester]	WARNING	nosec encountered (B608), but no failed test on line 42035
[tester]	WARNING	nosec encountered (B608), but no failed test on line 42035
[tester]	WARNING	nosec encountered (B608), but no failed test on line 42035
[tester]	WARNING	nosec encountered (B608), but no failed test on line 42035
[tester]	WARNING	nosec encountered (B608), but no failed test on line 42035
[tester]	WARNING	nosec encountered (B608), but no failed test on line 42035
[tester]	WARNING	nosec encountered (B608), but no failed test on line 42035
[tester]	WARNING	nosec encountered (B608), but no failed test on line 42035
[tester]	WARNING	nosec encountered (B608), but no failed test on line 42035
[tester]	WARNING	nosec encountered (B608), but no failed test on line 42035
[tester]	WARNING	nosec encountered (B608), but no failed test on line 42040
[tester]	WARNING	nosec encountered (B608), but no failed test on line 43999
[tester]	WARNING	nosec encountered (B608), but no failed test on line 43999
[tester]	WARNING	nosec encountered (B608), but no failed test on line 44056
[tester]	WARNING	nosec encountered (B608), but no failed test on line 44298
[tester]	WARNING	nosec encountered (B608), but no failed test on line 44331
[tester]	WARNING	nosec encountered (B608), but no failed test on line 44364
[tester]	WARNING	nosec encountered (B608), but no failed test on line 44425
[json]	INFO	JSON output written to file: .tmp/uat216-repair-20260917/bandit-production-first.json
