
 RUN  v4.0.18 /Users/macbook-dev/Documents/GitHub/tldw_server2/apps/packages/ui

(node:82910) ExperimentalWarning: localStorage is not available because --localstorage-file was not provided.
(Use `node --trace-warnings ...` to show where the warning was created)
(node:82909) ExperimentalWarning: localStorage is not available because --localstorage-file was not provided.
(Use `node --trace-warnings ...` to show where the warning was created)
Could not parse CSS stylesheet
Could not parse CSS stylesheet
 ❯ src/components/Flashcards/tabs/__tests__/ImageOcclusionTransferPanel.test.tsx (17 tests | 1 failed | 16 skipped) 1310ms
     ↓ stops the canvas continuation after captured authority invalidation
     ↓ stops the upload continuation after captured authority invalidation
     ↓ stops the bulk continuation after captured authority invalidation
     ↓ blocks unresolved authority before asset work
     ↓ binds retained Undo to its current owner
     ↓ binds retained Undo to its invalidated owner
     ↓ binds retained Undo to its unmounted owner
     ↓ stops Undo between its scoped read and delete when authority changes
     ↓ discards a late canvas continuation after unmount
     ↓ handles a delayed new-deck acknowledgment for its current owner
     ↓ handles a delayed new-deck acknowledgment for its invalidated owner
     × expires a new occlusion deck proof after a fresh successful empty catalogue 1309ms
     ↓ uploads source and derived images, creates editable drafts, and saves them via bulk create
     ↓ keeps drafts and reports warning when bulk create returns zero saved cards without details
     ↓ renders generation errors through the design-system alert
     ↓ renders validation warnings through a warning design-system alert
     ↓ creates a new occlusion deck with scheduler settings from the selector flow
 ❯ src/components/Flashcards/__tests__/FlashcardsManager.deck-authority.integration.test.tsx (9 tests | 1 failed | 8 skipped) 1417ms
     ↓ does not restore Alice's deck label after Settings logout, Bob login and Back
     ↓ waits for verified authority before either scoped panel catalogue request
     ↓ uses Bob's current label for a colliding numeric deck ID
     ↓ ignores a delayed Alice list through an A-to-B-to-A authority replacement
     ↓ isolates the same user ID on another server
     ↓ keeps scoped Bob data when an older unscoped deck mutation settles
     ↓ preserves a selected deck and draft on a benign same-owner config rotation
     ↓ drops a removed numeric selection after a successful same-owner empty catalogue
     × a fresh catalogue removes a previously acknowledged created deck 1416ms

⎯⎯⎯⎯⎯⎯⎯ Failed Tests 2 ⎯⎯⎯⎯⎯⎯⎯

 FAIL  src/components/Flashcards/__tests__/FlashcardsManager.deck-authority.integration.test.tsx > Transfer deck authority with the actual QueryClient and selectors > a fresh catalogue removes a previously acknowledged created deck
Error: expect(element).not.toHaveTextContent()

Expected element not to have text content:
  Generated Flashcards
Received:
  Generated Flashcards

Ignored nodes: comments, script, style
[36m<html>[39m
  [36m<head />[39m
  [36m<body>[39m
    [36m<div>[39m
      [36m<button>[39m
        [0mLegacy update[0m
      [36m</button>[39m
      [36m<button>[39m
        [0mSettings[0m
      [36m</button>[39m
      [36m<button>[39m
        [0mBack[0m
      [36m</button>[39m
      [36m<div[39m
        [33mclass[39m=[32m"mx-auto max-w-6xl p-4"[39m
      [36m>[39m
        [36m<div[39m
          [33mclass[39m=[32m"ant-tabs ant-tabs-top flashcards-responsive-tabs [&_.ant-tabs-extra-content]:min-w-0 [&_.ant-tabs-extra-content]:max-w-full [&_.ant-tabs-nav-list]:min-w-max [&_.ant-tabs-nav-wrap]:min-w-0 [&_.ant-tabs-nav-wrap]:overflow-x-auto css-dev-only-do-not-override-3uaqrl css-var-root ant-tabs-css-var"[39m
          [33mdata-testid[39m=[32m"flashcards-tabs"[39m
        [36m>[39m
          [36m<div[39m
            [33maria-orientation[39m=[32m"horizontal"[39m
            [33mclass[39m=[32m"ant-tabs-nav"[39m
            [33mrole[39m=[32m"tablist"[39m
          [36m>[39m
            [36m<div[39m
              [33mclass[39m=[32m"ant-tabs-nav-wrap"[39m
            [36m>[39m
              [36m<div[39m
                [33mclass[39m=[32m"ant-tabs-nav-list"[39m
                [33mstyle[39m=[32m"transform: translate(0px, 0px);"[39m
              [36m>[39m
                [36m<div[39m
                  [33mclass[39m=[32m"ant-tabs-tab"[39m
                  [33mdata-node-key[39m=[32m"review"[39m
                [36m>[39m
                  [36m<div[39m
                    [33maria-controls[39m=[32m"rc-tabs-test-panel-review"[39m
                    [33maria-selected[39m=[32m"false"[39m
                    [33mclass[39m=[32m"ant-tabs-tab-btn"[39m
                    [33mid[39m=[32m"rc-tabs-test-tab-review"[39m
                    [33mrole[39m=[32m"tab"[39m
                    [33mtabindex[39m=[32m"-1"[39m
                  [36m>[39m
                    [0mStudy[0m
                  [36m</div>[39m
                [36m</div>[39m
                [36m<div[39m
                  [33mclass[39m=[32m"ant-tabs-tab"[39m
                  [33mdata-node-key[39m=[32m"cards"[39m
                [36m>[39m
                  [36m<div[39m
                    [33maria-controls[39m=[32m"rc-tabs-test-panel-cards"[39m
                    [33maria-selected[39m=[32m"false"[39m
                    [33mclass[39m=[32m"ant-tabs-tab-btn"[39m
                    [33mid[39m=[32m"rc-tabs-test-tab-cards"[39m
                    [33mrole[39m=[32m"tab"[39m
                    [33mtabindex[39m=[32m"-1"[39m
                  [36m>[39m
                    [0mManage[0m
                  [36m</div>[39m
                [36m</div>[39m
                [36m<div[39m
                  [33mclass[39m=[32m"ant-tabs-tab ant-tabs-tab-active"[39m
                  [33mdata-node-key[39m=[32m"importExport"[39m
                [36m>[39m
                  [36m<div[39m
                    [33maria-controls[39m=[32m"rc-tabs-test-panel-importExport"[39m
                    [33maria-selected[39m=[32m"true"[39m
                    [33mclass[39m=[32m"ant-tabs-tab-btn"[39m
                    [33mid[39m=[32m"rc-tabs-test-tab-importExport"[39m
                    [33mrole[39m=[32m"tab"[39m
                    [33mtabindex[39m=[32m"0"[39m
                  [36m>[39m
                    [0mImport / Export[0m
                  [36m</div>[39m
                [36m</div>[39m
                [36m<div[39m
                  [33mclass[39m=[32m"ant-tabs-tab"[39m
                  [33mdata-node-key[39m=[32m"templates"[39m
                [36m>[39m
                  [36m<div[39m
                    [33maria-controls[39m=[32m"rc-tabs-test-panel-templates"[39m
                    [33maria-selected[39m=[32m"false"[39m
                    [33mclass[39m=[32m"ant-tabs-tab-btn"[39m
                    [33mid[39m=[32m"rc-tabs-test-tab-templates"[39m
                    [33mrole[39m=[32m"tab"[39m
                    [33mtabindex[39m=[32m"-1"[39m
                  [36m>[39m
                    [0mTemplates[0m
                  [36m</div>[39m
                [36m</div>[39m
                [36m<div[39m
                  [33mclass[39m=[32m"ant-tabs-tab"[39m
                  [33mdata-node-key[39m=[32m"scheduler"[39m
                [36m>[39m
                  [36m<div[39m
                    [33maria-controls[39m=[32m"rc-tabs-test-panel-scheduler"[39m
                    [33maria-selected[39m=[32m"false"[39m
                    [33mclass[39m=[32m"ant-tabs-tab-btn"[39m
                    [33mid[39m=[32m"rc-tabs-test-tab-scheduler"[39m
                    [33mrole[39m=[32m"tab"[39m
                    [33mtabindex[39m=[32m"-1"[39m
                  [36m>[39m
                    [0mScheduler[0m
                  [36m</div>[39m
                [36m</div>[39m
                [36m<div[39m
                  [33mclass[39m=[32m"ant-tabs-ink-bar ant-tabs-ink-bar-animated"[39m
                  [33mstyle[39m=[32m"width: 0px; left: 0px; transform: translateX(-50%);"[39m
                [36m/>[39m
              [36m</div>[39m
            [36m</div>[39m
            [36m<div[39m
              [33mclass[39m=[32m"ant-tabs-nav-operations ant-tabs-nav-operations-hidden"[39m
            [36m>[39m
              [36m<button[39m
                [33maria-controls[39m=[32m"rc-tabs-test-more-popup"[39m
                [33maria-expanded[39m=[32m"false"[39m
                [33maria-haspopup[39m=[32m"listbox"[39m
                [33mclass[39m=[32m"ant-tabs-nav-more"[39m
                [33mid[39m=[32m"rc-tabs-test-more"[39m
                [33mstyle[39m=[32m"visibility: hidden; order: 1;"[39m
                [33mtype[39m=[32m"button"[39m
              [36m>[39m
                [36m<span[39m
                  [33maria-label[39m=[32m"ellipsis"[39m
                  [33mclass[39m=[32m"anticon anticon-ellipsis"[39m
                  [33mrole[39m=[32m"img"[39m
                [36m>[39m
                  [36m<svg[39m
                    [33maria-hidden[39m=[32m"true"[39m
                    [33mdata-icon[39m=[32m"ellipsis"[39m
                    [33mfill[39m=[32m"currentColor"[39m
                    [33mfocusable[39m=[32m"false"[39m
                    [33mheight[39m=[32m"1em"[39m
                    [33mviewBox[39m=[32m"64 64 896 896"[39m
                    [33mwidth[39m=[32m"1em"[39m
                  [36m>[39m
                    [36m<path[39m
                      [33md[39m=[32m"M176 511a56 56 0 10112 0 56 56 0 10-112 0zm280 0a56 56 0 10112 0 56 56 0 10-112 0zm280 0a56 56 0 10112 0 56 56 0 10-112 0z"[39m
                    [36m/>[39m
                  [36m</svg>[39m
          ...
 ❯ src/components/Flashcards/__tests__/FlashcardsManager.deck-authority.integration.test.tsx:233:84
    231|       await client.invalidateQueries({ predicate: query => String(quer…
    232|     })
    233|     await waitFor(() => expect(screen.getByTestId("flashcards-generate…
       |                                                                                    ^
    234|   })
    235|
 ❯ runWithExpensiveErrorDiagnosticsDisabled ../../node_modules/.bun/@testing-library+dom@10.4.1/node_modules/@testing-library/dom/dist/config.js:47:12
 ❯ checkCallback ../../node_modules/.bun/@testing-library+dom@10.4.1/node_modules/@testing-library/dom/dist/wait-for.js:124:77
 ❯ Timeout.checkRealTimersCallback ../../node_modules/.bun/@testing-library+dom@10.4.1/node_modules/@testing-library/dom/dist/wait-for.js:118:16

⎯⎯⎯⎯⎯⎯⎯⎯⎯⎯⎯⎯⎯⎯⎯⎯⎯⎯⎯⎯⎯⎯⎯⎯[1/2]⎯

 FAIL  src/components/Flashcards/tabs/__tests__/ImageOcclusionTransferPanel.test.tsx > ImageOcclusionTransferPanel > expires a new occlusion deck proof after a fresh successful empty catalogue
Error: expect(element).not.toHaveTextContent()

Expected element not to have text content:
  New owned deck
Received:
  New owned deck

Ignored nodes: comments, script, style
[36m<html>[39m
  [36m<head />[39m
  [36m<body>[39m
    [36m<div>[39m
      [36m<div[39m
        [33mclass[39m=[32m"flex flex-col gap-3"[39m
      [36m>[39m
        [36m<span[39m
          [33mclass[39m=[32m"ant-typography ant-typography-secondary css-dev-only-do-not-override-3uaqrl css-var-root"[39m
        [36m>[39m
          [0mUpload one image, draw labeled rectangular occlusions, generate drafts, then save them in bulk.[0m
        [36m</span>[39m
        [36m<div[39m
          [33mclass[39m=[32m"grid grid-cols-1 gap-2 md:grid-cols-2"[39m
        [36m>[39m
          [36m<div[39m
            [33mclass[39m=[32m"ant-form-item !mb-2 css-var-root ant-form-css-var css-dev-only-do-not-override-3uaqrl ant-form-item-horizontal"[39m
          [36m>[39m
            [36m<div[39m
              [33mclass[39m=[32m"ant-row ant-form-item-row css-dev-only-do-not-override-3uaqrl css-var-root"[39m
            [36m>[39m
              [36m<div[39m
                [33mclass[39m=[32m"ant-col ant-form-item-label css-dev-only-do-not-override-3uaqrl css-var-root"[39m
              [36m>[39m
                [36m<label[39m
                  [33mclass[39m=[32m""[39m
                  [33mtitle[39m=[32m"Deck"[39m
                [36m>[39m
                  [0mDeck[0m
                [36m</label>[39m
              [36m</div>[39m
              [36m<div[39m
                [33mclass[39m=[32m"ant-col ant-form-item-control css-dev-only-do-not-override-3uaqrl css-var-root"[39m
              [36m>[39m
                [36m<div[39m
                  [33mclass[39m=[32m"ant-form-item-control-input"[39m
                [36m>[39m
                  [36m<div[39m
                    [33mclass[39m=[32m"ant-form-item-control-input-content"[39m
                  [36m>[39m
                    [36m<div[39m
                      [33mclass[39m=[32m"ant-select ant-select-outlined ant-select-in-form-item css-var-root ant-select-css-var css-dev-only-do-not-override-3uaqrl ant-select-single ant-select-allow-clear ant-select-show-arrow"[39m
                      [33mdata-testid[39m=[32m"flashcards-occlusion-deck"[39m
                    [36m>[39m
                      [36m<div[39m
                        [33mclass[39m=[32m"ant-select-content"[39m
                      [36m>[39m
                        [36m<div[39m
                          [33mclass[39m=[32m"ant-select-content-value"[39m
                          [33mstyle[39m=[32m"visibility: visible;"[39m
                          [33mtitle[39m=[32m"New owned deck"[39m
                        [36m>[39m
                          [0mNew owned deck[0m
                        [36m</div>[39m
                        [36m<input[39m
                          [33maria-autocomplete[39m=[32m"list"[39m
                          [33maria-expanded[39m=[32m"false"[39m
                          [33maria-haspopup[39m=[32m"listbox"[39m
                          [33mautocomplete[39m=[32m"off"[39m
                          [33mclass[39m=[32m"ant-select-input"[39m
                          [33mid[39m=[32m"test-id"[39m
                          [33mreadonly[39m=[32m""[39m
                          [33mrole[39m=[32m"combobox"[39m
                          [33mtype[39m=[32m"search"[39m
                          [33mvalue[39m=[32m""[39m
                        [36m/>[39m
                      [36m</div>[39m
                      [36m<div[39m
                        [33mclass[39m=[32m"ant-select-suffix"[39m
                      [36m>[39m
                        [36m<span[39m
                          [33maria-label[39m=[32m"down"[39m
                          [33mclass[39m=[32m"anticon anticon-down"[39m
                          [33mrole[39m=[32m"img"[39m
                        [36m>[39m
                          [36m<svg[39m
                            [33maria-hidden[39m=[32m"true"[39m
                            [33mdata-icon[39m=[32m"down"[39m
                            [33mfill[39m=[32m"currentColor"[39m
                            [33mfocusable[39m=[32m"false"[39m
                            [33mheight[39m=[32m"1em"[39m
                            [33mviewBox[39m=[32m"64 64 896 896"[39m
                            [33mwidth[39m=[32m"1em"[39m
                          [36m>[39m
                            [36m<path[39m
                              [33md[39m=[32m"M884 256h-75c-5.1 0-9.9 2.5-12.9 6.6L512 654.2 227.9 262.6c-3-4.1-7.8-6.6-12.9-6.6h-75c-6.5 0-10.3 7.4-6.5 12.7l352.6 486.1c12.8 17.6 39 17.6 51.7 0l352.6-486.1c3.9-5.3.1-12.7-6.4-12.7z"[39m
                            [36m/>[39m
                          [36m</svg>[39m
                        [36m</span>[39m
                      [36m</div>[39m
                      [36m<div[39m
                        [33mclass[39m=[32m"ant-select-clear"[39m
                      [36m>[39m
                        [36m<span[39m
                          [33maria-label[39m=[32m"close-circle"[39m
                          [33mclass[39m=[32m"anticon anticon-close-circle"[39m
                          [33mrole[39m=[32m"img"[39m
                        [36m>[39m
                          [36m<svg[39m
                            [33maria-hidden[39m=[32m"true"[39m
                            [33mdata-icon[39m=[32m"close-circle"[39m
                            [33mfill[39m=[32m"currentColor"[39m
                            [33mfill-rule[39m=[32m"evenodd"[39m
                            [33mfocusable[39m=[32m"false"[39m
                            [33mheight[39m=[32m"1em"[39m
                            [33mviewBox[39m=[32m"64 64 896 896"[39m
                            [33mwidth[39m=[32m"1em"[39m
                          [36m>[39m
                            [36m<path[39m
                              [33md[39m=[32m"M512 64c247.4 0 448 200.6 448 448S759.4 960 512 960 64 759.4 64 512 264.6 64 512 64zm127.98 274.82h-.04l-.08.06L512 466.75 384.14 338.88c-.04-.05-.06-.06-.08-.06a.12.12 0 00-.07 0c-.03 0-.05.01-.09.05l-45.02 45.02a.2.2 0 00-.05.09.12.12 0 000 .07v.02a.27.27 0 00.06.06L466.75 512 338.88 639.86c-.05.04-.06.06-.06.08a.12.12 0 000 .07c0 .03.01.05.05.09l45.02 45.02a.2.2 0 00.09.05.12.12 0 00.07 0c.02 0 .04-.01.08-.05L512 557.25l127.86 127.87c.04.04.06.05.08.05a.12.12 0 00.07 0c.03 0 .05-.01.09-.05l45.02-45.02a.2.2 0 00.05-.09.12.12 0 000-.07v-.02a.27.27 0 00-.05-.06L557.25 512l127.87-127.86c.04-.04.05-.06.05-.08a.12.12 0 000-.07c0-.03-.01-.05-.05-.09l-45.02-45.02a.2.2 0 00-.09-.05.12.12 0 00-.07 0z"[39m
                            [36m/>[39m
                          [36m</svg>[39m
                        [36m</span>[39m
                      [36m</div>[39m
                    [36m</div>[39m
                  [36m</d...
 ❯ src/components/Flashcards/tabs/__tests__/ImageOcclusionTransferPanel.test.tsx:352:87
    350|       vi.mocked(useDecksQuery).mockReturnValue({ data: [], isSuccess: …
    351|       view.rerender(<ImageOcclusionTransferPanel generationScope={scop…
    352|       await waitFor(() => expect(screen.getByTestId("flashcards-occlus…
       |                                                                                       ^
    353|     } finally { vi.mocked(useDecksQuery).mockImplementation(original) }
    354|   })
 ❯ runWithExpensiveErrorDiagnosticsDisabled ../../node_modules/.bun/@testing-library+dom@10.4.1/node_modules/@testing-library/dom/dist/config.js:47:12
 ❯ checkCallback ../../node_modules/.bun/@testing-library+dom@10.4.1/node_modules/@testing-library/dom/dist/wait-for.js:124:77
 ❯ Timeout.checkRealTimersCallback ../../node_modules/.bun/@testing-library+dom@10.4.1/node_modules/@testing-library/dom/dist/wait-for.js:118:16

⎯⎯⎯⎯⎯⎯⎯⎯⎯⎯⎯⎯⎯⎯⎯⎯⎯⎯⎯⎯⎯⎯⎯⎯[2/2]⎯


 Test Files  2 failed (2)
      Tests  2 failed | 24 skipped (26)
   Start at  11:08:44
   Duration  3.66s (transform 795ms, setup 291ms, import 3.15s, tests 2.73s, environment 518ms)
