
 RUN  v4.0.18 /Users/macbook-dev/Documents/GitHub/tldw_server2/apps/packages/ui

(node:81200) ExperimentalWarning: localStorage is not available because --localstorage-file was not provided.
(Use `node --trace-warnings ...` to show where the warning was created)
Could not parse CSS stylesheet
Could not parse CSS stylesheet
 ❯ src/components/Flashcards/__tests__/FlashcardsManager.deck-authority.integration.test.tsx (9 tests | 1 failed | 8 skipped) 1528ms
     ↓ does not restore Alice's deck label after Settings logout, Bob login and Back
     ↓ waits for verified authority before either scoped panel catalogue request
     ↓ uses Bob's current label for a colliding numeric deck ID
     ↓ ignores a delayed Alice list through an A-to-B-to-A authority replacement
     ↓ isolates the same user ID on another server
     ↓ keeps scoped Bob data when an older unscoped deck mutation settles
     ↓ preserves a selected deck and draft on a benign same-owner config rotation
     ↓ drops a removed numeric selection after a successful same-owner empty catalogue
     × independent fresh catalogue removes a previously acknowledged created deck 1527ms

⎯⎯⎯⎯⎯⎯⎯ Failed Tests 1 ⎯⎯⎯⎯⎯⎯⎯

 FAIL  src/components/Flashcards/__tests__/FlashcardsManager.deck-authority.integration.test.tsx > Transfer deck authority with the actual QueryClient and selectors > independent fresh catalogue removes a previously acknowledged created deck
Error: expect(element).not.toHaveTextContent()

Expected element not to have text content:
  Generated Flashcards
Received:
  Generated Flashcards

Ignored nodes: comments, script, style
[36m<html>[39m
  [36m<head />[39m
  [36m<body>[39m
    [36m<div>[39m
      [36m<button>[39m
        [0mLegacy update[0m
      [36m</button>[39m
      [36m<button>[39m
        [0mSettings[0m
      [36m</button>[39m
      [36m<button>[39m
        [0mBack[0m
      [36m</button>[39m
      [36m<div[39m
        [33mclass[39m=[32m"mx-auto max-w-6xl p-4"[39m
      [36m>[39m
        [36m<div[39m
          [33mclass[39m=[32m"ant-tabs ant-tabs-top flashcards-responsive-tabs [&_.ant-tabs-extra-content]:min-w-0 [&_.ant-tabs-extra-content]:max-w-full [&_.ant-tabs-nav-list]:min-w-max [&_.ant-tabs-nav-wrap]:min-w-0 [&_.ant-tabs-nav-wrap]:overflow-x-auto css-dev-only-do-not-override-3uaqrl css-var-root ant-tabs-css-var"[39m
          [33mdata-testid[39m=[32m"flashcards-tabs"[39m
        [36m>[39m
          [36m<div[39m
            [33maria-orientation[39m=[32m"horizontal"[39m
            [33mclass[39m=[32m"ant-tabs-nav"[39m
            [33mrole[39m=[32m"tablist"[39m
          [36m>[39m
            [36m<div[39m
              [33mclass[39m=[32m"ant-tabs-nav-wrap"[39m
            [36m>[39m
              [36m<div[39m
                [33mclass[39m=[32m"ant-tabs-nav-list"[39m
                [33mstyle[39m=[32m"transform: translate(0px, 0px);"[39m
              [36m>[39m
                [36m<div[39m
                  [33mclass[39m=[32m"ant-tabs-tab"[39m
                  [33mdata-node-key[39m=[32m"review"[39m
                [36m>[39m
                  [36m<div[39m
                    [33maria-controls[39m=[32m"rc-tabs-test-panel-review"[39m
                    [33maria-selected[39m=[32m"false"[39m
                    [33mclass[39m=[32m"ant-tabs-tab-btn"[39m
                    [33mid[39m=[32m"rc-tabs-test-tab-review"[39m
                    [33mrole[39m=[32m"tab"[39m
                    [33mtabindex[39m=[32m"-1"[39m
                  [36m>[39m
                    [0mStudy[0m
                  [36m</div>[39m
                [36m</div>[39m
                [36m<div[39m
                  [33mclass[39m=[32m"ant-tabs-tab"[39m
                  [33mdata-node-key[39m=[32m"cards"[39m
                [36m>[39m
                  [36m<div[39m
                    [33maria-controls[39m=[32m"rc-tabs-test-panel-cards"[39m
                    [33maria-selected[39m=[32m"false"[39m
                    [33mclass[39m=[32m"ant-tabs-tab-btn"[39m
                    [33mid[39m=[32m"rc-tabs-test-tab-cards"[39m
                    [33mrole[39m=[32m"tab"[39m
                    [33mtabindex[39m=[32m"-1"[39m
                  [36m>[39m
                    [0mManage[0m
                  [36m</div>[39m
                [36m</div>[39m
                [36m<div[39m
                  [33mclass[39m=[32m"ant-tabs-tab ant-tabs-tab-active"[39m
                  [33mdata-node-key[39m=[32m"importExport"[39m
                [36m>[39m
                  [36m<div[39m
                    [33maria-controls[39m=[32m"rc-tabs-test-panel-importExport"[39m
                    [33maria-selected[39m=[32m"true"[39m
                    [33mclass[39m=[32m"ant-tabs-tab-btn"[39m
                    [33mid[39m=[32m"rc-tabs-test-tab-importExport"[39m
                    [33mrole[39m=[32m"tab"[39m
                    [33mtabindex[39m=[32m"0"[39m
                  [36m>[39m
                    [0mImport / Export[0m
                  [36m</div>[39m
                [36m</div>[39m
                [36m<div[39m
                  [33mclass[39m=[32m"ant-tabs-tab"[39m
                  [33mdata-node-key[39m=[32m"templates"[39m
                [36m>[39m
                  [36m<div[39m
                    [33maria-controls[39m=[32m"rc-tabs-test-panel-templates"[39m
                    [33maria-selected[39m=[32m"false"[39m
                    [33mclass[39m=[32m"ant-tabs-tab-btn"[39m
                    [33mid[39m=[32m"rc-tabs-test-tab-templates"[39m
                    [33mrole[39m=[32m"tab"[39m
                    [33mtabindex[39m=[32m"-1"[39m
                  [36m>[39m
                    [0mTemplates[0m
                  [36m</div>[39m
                [36m</div>[39m
                [36m<div[39m
                  [33mclass[39m=[32m"ant-tabs-tab"[39m
                  [33mdata-node-key[39m=[32m"scheduler"[39m
                [36m>[39m
                  [36m<div[39m
                    [33maria-controls[39m=[32m"rc-tabs-test-panel-scheduler"[39m
                    [33maria-selected[39m=[32m"false"[39m
                    [33mclass[39m=[32m"ant-tabs-tab-btn"[39m
                    [33mid[39m=[32m"rc-tabs-test-tab-scheduler"[39m
                    [33mrole[39m=[32m"tab"[39m
                    [33mtabindex[39m=[32m"-1"[39m
                  [36m>[39m
                    [0mScheduler[0m
                  [36m</div>[39m
                [36m</div>[39m
                [36m<div[39m
                  [33mclass[39m=[32m"ant-tabs-ink-bar ant-tabs-ink-bar-animated"[39m
                  [33mstyle[39m=[32m"width: 0px; left: 0px; transform: translateX(-50%);"[39m
                [36m/>[39m
              [36m</div>[39m
            [36m</div>[39m
            [36m<div[39m
              [33mclass[39m=[32m"ant-tabs-nav-operations ant-tabs-nav-operations-hidden"[39m
            [36m>[39m
              [36m<button[39m
                [33maria-controls[39m=[32m"rc-tabs-test-more-popup"[39m
                [33maria-expanded[39m=[32m"false"[39m
                [33maria-haspopup[39m=[32m"listbox"[39m
                [33mclass[39m=[32m"ant-tabs-nav-more"[39m
                [33mid[39m=[32m"rc-tabs-test-more"[39m
                [33mstyle[39m=[32m"visibility: hidden; order: 1;"[39m
                [33mtype[39m=[32m"button"[39m
              [36m>[39m
                [36m<span[39m
                  [33maria-label[39m=[32m"ellipsis"[39m
                  [33mclass[39m=[32m"anticon anticon-ellipsis"[39m
                  [33mrole[39m=[32m"img"[39m
                [36m>[39m
                  [36m<svg[39m
                    [33maria-hidden[39m=[32m"true"[39m
                    [33mdata-icon[39m=[32m"ellipsis"[39m
                    [33mfill[39m=[32m"currentColor"[39m
                    [33mfocusable[39m=[32m"false"[39m
                    [33mheight[39m=[32m"1em"[39m
                    [33mviewBox[39m=[32m"64 64 896 896"[39m
                    [33mwidth[39m=[32m"1em"[39m
                  [36m>[39m
                    [36m<path[39m
                      [33md[39m=[32m"M176 511a56 56 0 10112 0 56 56 0 10-112 0zm280 0a56 56 0 10112 0 56 56 0 10-112 0zm280 0a56 56 0 10112 0 56 56 0 10-112 0z"[39m
                    [36m/>[39m
                  [36m</svg>[39m
          ...
 ❯ src/components/Flashcards/__tests__/FlashcardsManager.deck-authority.integration.test.tsx:233:84
    206|     for (const id of selectorIds) await waitFor(() => expect(screen.ge…
    207|   })
    208| })
       |   ^
    209|
 ❯ runWithExpensiveErrorDiagnosticsDisabled ../../node_modules/.bun/@testing-library+dom@10.4.1/node_modules/@testing-library/dom/dist/config.js:47:12
 ❯ checkCallback ../../node_modules/.bun/@testing-library+dom@10.4.1/node_modules/@testing-library/dom/dist/wait-for.js:124:77
 ❯ Timeout.checkRealTimersCallback ../../node_modules/.bun/@testing-library+dom@10.4.1/node_modules/@testing-library/dom/dist/wait-for.js:118:16

⎯⎯⎯⎯⎯⎯⎯⎯⎯⎯⎯⎯⎯⎯⎯⎯⎯⎯⎯⎯⎯⎯⎯⎯[1/1]⎯


 Test Files  1 failed (1)
      Tests  1 failed | 8 skipped (9)
   Start at  11:06:39
   Duration  3.94s (transform 687ms, setup 151ms, import 1.65s, tests 1.53s, environment 466ms)
