
 RUN  v4.0.18 /Users/macbook-dev/Documents/GitHub/tldw_server2/apps/packages/ui

(node:75350) ExperimentalWarning: localStorage is not available because --localstorage-file was not provided.
(Use `node --trace-warnings ...` to show where the warning was created)
 ❯ src/components/Flashcards/tabs/__tests__/ImageOcclusionTransferPanel.test.tsx (12 tests | 7 failed) 881ms
     × stops the canvas continuation after captured authority invalidation 163ms
     × stops the upload continuation after captured authority invalidation 61ms
     × stops the bulk continuation after captured authority invalidation 70ms
     × blocks unresolved authority before asset work 21ms
     × binds retained Undo to its current owner 35ms
     × binds retained Undo to its invalidated owner 30ms
     × binds retained Undo to its unmounted owner 28ms
     ✓ uploads source and derived images, creates editable drafts, and saves them via bulk create 31ms
     ✓ keeps drafts and reports warning when bulk create returns zero saved cards without details 33ms
     ✓ renders generation errors through the design-system alert 20ms
     ✓ renders validation warnings through a warning design-system alert 20ms
     ✓ creates a new occlusion deck with scheduler settings from the selector flow  369ms

⎯⎯⎯⎯⎯⎯⎯ Failed Tests 7 ⎯⎯⎯⎯⎯⎯⎯

 FAIL  src/components/Flashcards/tabs/__tests__/ImageOcclusionTransferPanel.test.tsx > ImageOcclusionTransferPanel > stops the canvas continuation after captured authority invalidation
AssertionError: expected "vi.fn()" to be called +0 times, but got 1 times
 ❯ src/components/Flashcards/tabs/__tests__/ImageOcclusionTransferPanel.test.tsx:244:38
    242|       finish(phase === "canvas" ? { source: { blob: new Blob(["source"…
    243|     })
    244|     expect(uploadFlashcardAssetMock).toHaveBeenCalledTimes(phase === "…
       |                                      ^
    245|     expect(showUndoNotificationMock).not.toHaveBeenCalled()
    246|     expect(onTransferAction).not.toHaveBeenCalled()

⎯⎯⎯⎯⎯⎯⎯⎯⎯⎯⎯⎯⎯⎯⎯⎯⎯⎯⎯⎯⎯⎯⎯⎯[1/7]⎯

 FAIL  src/components/Flashcards/tabs/__tests__/ImageOcclusionTransferPanel.test.tsx > ImageOcclusionTransferPanel > stops the upload continuation after captured authority invalidation
AssertionError: expected "vi.fn()" to be called 1 times, but got 3 times
 ❯ src/components/Flashcards/tabs/__tests__/ImageOcclusionTransferPanel.test.tsx:244:38
    242|       finish(phase === "canvas" ? { source: { blob: new Blob(["source"…
    243|     })
    244|     expect(uploadFlashcardAssetMock).toHaveBeenCalledTimes(phase === "…
       |                                      ^
    245|     expect(showUndoNotificationMock).not.toHaveBeenCalled()
    246|     expect(onTransferAction).not.toHaveBeenCalled()

⎯⎯⎯⎯⎯⎯⎯⎯⎯⎯⎯⎯⎯⎯⎯⎯⎯⎯⎯⎯⎯⎯⎯⎯[2/7]⎯

 FAIL  src/components/Flashcards/tabs/__tests__/ImageOcclusionTransferPanel.test.tsx > ImageOcclusionTransferPanel > stops the bulk continuation after captured authority invalidation
AssertionError: expected "vi.fn()" to not be called at all, but actually been called 1 times

Received:

  1st vi.fn() call:

    Array [
      Object {
        "description": "Undo within 30s to remove 1 imported cards.",
        "duration": 30,
        "onUndo": [Function onUndo],
        "title": "Image occlusion saved",
      },
    ]


Number of calls: 1

 ❯ src/components/Flashcards/tabs/__tests__/ImageOcclusionTransferPanel.test.tsx:245:42
    243|     })
    244|     expect(uploadFlashcardAssetMock).toHaveBeenCalledTimes(phase === "…
    245|     expect(showUndoNotificationMock).not.toHaveBeenCalled()
       |                                          ^
    246|     expect(onTransferAction).not.toHaveBeenCalled()
    247|     expect(messageSpies.success).not.toHaveBeenCalled()

⎯⎯⎯⎯⎯⎯⎯⎯⎯⎯⎯⎯⎯⎯⎯⎯⎯⎯⎯⎯⎯⎯⎯⎯[3/7]⎯

 FAIL  src/components/Flashcards/tabs/__tests__/ImageOcclusionTransferPanel.test.tsx > ImageOcclusionTransferPanel > blocks unresolved authority before asset work
AssertionError: expected "vi.fn()" to not be called at all, but actually been called 1 times

Received:

  1st vi.fn() call:

    Array [
      File {},
      Array [
        Object {
          "height": 0.4,
          "id": "region-1",
          "label": "Mitochondria",
          "width": 0.3,
          "x": 0.1,
          "y": 0.2,
        },
      ],
    ]


Number of calls: 1

 ❯ src/components/Flashcards/tabs/__tests__/ImageOcclusionTransferPanel.test.tsx:255:50
    253|     fireEvent.click(screen.getByTestId("mock-occlusion-panel-load"))
    254|     fireEvent.click(screen.getByTestId("flashcards-occlusion-generate-…
    255|     expect(generateImageOcclusionAssetsMock).not.toHaveBeenCalled()
       |                                                  ^
    256|   })
    257|

⎯⎯⎯⎯⎯⎯⎯⎯⎯⎯⎯⎯⎯⎯⎯⎯⎯⎯⎯⎯⎯⎯⎯⎯[4/7]⎯

 FAIL  src/components/Flashcards/tabs/__tests__/ImageOcclusionTransferPanel.test.tsx > ImageOcclusionTransferPanel > binds retained Undo to its current owner
 FAIL  src/components/Flashcards/tabs/__tests__/ImageOcclusionTransferPanel.test.tsx > ImageOcclusionTransferPanel > binds retained Undo to its invalidated owner
 FAIL  src/components/Flashcards/tabs/__tests__/ImageOcclusionTransferPanel.test.tsx > ImageOcclusionTransferPanel > binds retained Undo to its unmounted owner
AssertionError: expected false to be true // Object.is equality

- Expected
+ Received

- true
+ false

 ❯ src/components/Flashcards/tabs/__tests__/ImageOcclusionTransferPanel.test.tsx:266:109
    264|     await waitFor(() => expect(showUndoNotificationMock).toHaveBeenCal…
    265|     const options = { requestScope: scope.requestScope, signal: scope.…
    266|     expect(uploadFlashcardAssetMock.mock.calls.every(call => call[1]?.…
       |                                                                                                             ^
    267|     expect(createBulkMutateAsync).toHaveBeenCalledWith({ cards: expect…
    268|     const undo = showUndoNotificationMock.mock.calls[0][0].onUndo

⎯⎯⎯⎯⎯⎯⎯⎯⎯⎯⎯⎯⎯⎯⎯⎯⎯⎯⎯⎯⎯⎯⎯⎯[5/7]⎯


 Test Files  1 failed (1)
      Tests  7 failed | 5 passed (12)
   Start at  10:52:10
   Duration  2.05s (transform 156ms, setup 102ms, import 673ms, tests 881ms, environment 311ms)
