
 RUN  v4.0.18 /Users/macbook-dev/Documents/GitHub/tldw_server2/apps/packages/ui

(node:11234) ExperimentalWarning: localStorage is not available because --localstorage-file was not provided.
(Use `node --trace-warnings ...` to show where the warning was created)
 ❯ src/components/Layouts/__tests__/settings-layout-sidebar-capability.test.tsx (4 tests | 1 failed) 460ms
     × disables the WebUI action despite the real browser shim advertising support 229ms
     ✓ keeps the Chrome extension action enabled and opens the active tab sidebar 84ms
     ✓ keeps the Firefox extension action enabled and opens its sidebar 85ms
     ✓ keeps an unsupported extension action disabled without changing preferences 60ms

⎯⎯⎯⎯⎯⎯⎯ Failed Tests 1 ⎯⎯⎯⎯⎯⎯⎯

 FAIL  src/components/Layouts/__tests__/settings-layout-sidebar-capability.test.tsx > settings sidebar capability > disables the WebUI action despite the real browser shim advertising support
Error: expect(element).toBeDisabled()

Received element is not disabled:
  <button
  class="text-xs border rounded px-2 py-1 text-text  disabled:opacity-50 disabled:cursor-not-allowed"
  title="Switch to Sidebar"
/>
 ❯ src/components/Layouts/__tests__/settings-layout-sidebar-capability.test.tsx:94:26
     92|     });
     93|
     94|     expect(switchButton).toBeDisabled();
       |                          ^
     95|     await user.click(switchButton);
     96|

⎯⎯⎯⎯⎯⎯⎯⎯⎯⎯⎯⎯⎯⎯⎯⎯⎯⎯⎯⎯⎯⎯⎯⎯[1/1]⎯


 Test Files  1 failed (1)
      Tests  1 failed | 3 passed (4)
   Start at  12:14:12
   Duration  3.53s (transform 231ms, setup 271ms, import 1.77s, tests 460ms, environment 838ms)
