
 RUN  v4.0.18 /Users/macbook-dev/Documents/GitHub/tldw_server2/apps/packages/ui

(node:12077) ExperimentalWarning: localStorage is not available because --localstorage-file was not provided.
(Use `node --trace-warnings ...` to show where the warning was created)
 ✓ src/components/Layouts/__tests__/settings-layout-labels.test.tsx (4 tests) 637ms
(node:12079) ExperimentalWarning: localStorage is not available because --localstorage-file was not provided.
(Use `node --trace-warnings ...` to show where the warning was created)
 ✓ src/components/Layouts/__tests__/settings-layout-focus-order.test.tsx (8 tests) 290ms
(node:12082) ExperimentalWarning: localStorage is not available because --localstorage-file was not provided.
(Use `node --trace-warnings ...` to show where the warning was created)
 ✓ src/components/Layouts/__tests__/settings-layout-sidebar-capability.test.tsx (4 tests) 242ms
(node:12083) ExperimentalWarning: localStorage is not available because --localstorage-file was not provided.
(Use `node --trace-warnings ...` to show where the warning was created)
 ✓ src/components/Layouts/__tests__/settings-layout-filter.test.tsx (3 tests) 154ms
(node:12092) ExperimentalWarning: localStorage is not available because --localstorage-file was not provided.
(Use `node --trace-warnings ...` to show where the warning was created)
 ✓ src/components/Layouts/__tests__/settings-layout-exit-navigation.test.tsx (5 tests) 140ms

 Test Files  5 passed (5)
      Tests  24 passed (24)
   Start at  12:15:19
   Duration  5.28s (transform 132ms, setup 277ms, import 2.10s, tests 1.46s, environment 1.04s)
