
 RUN  v4.0.18 /Users/macbook-dev/Documents/GitHub/tldw_server2/apps/tldw-frontend

(node:55789) ExperimentalWarning: localStorage is not available because --localstorage-file was not provided.
(Use `node --trace-warnings ...` to show where the warning was created)
(node:55788) ExperimentalWarning: localStorage is not available because --localstorage-file was not provided.
(Use `node --trace-warnings ...` to show where the warning was created)
Could not parse CSS stylesheet
Could not parse CSS stylesheet
Could not parse CSS stylesheet
Could not parse CSS stylesheet
 ✓ ../packages/ui/src/components/Option/Settings/__tests__/TldwTimeoutSettings.accessibility.test.tsx (9 tests) 2739ms
   ✓ names and focuses the numeric input through its visible label: Request Timeout (seconds)  310ms
   ✓ keeps labels scoped to their own instance and stable when controlled values rerender  1307ms
Could not parse CSS stylesheet
Could not parse CSS stylesheet
stderr | ../packages/ui/src/components/Option/Settings/__tests__/tldw.timeouts.form.test.tsx > a first server connection with no stored config uses the same generation defaults
Could not clear private Flashcards transfers after the account or server changed.

Could not parse CSS stylesheet
Could not parse CSS stylesheet
Could not parse CSS stylesheet
Could not parse CSS stylesheet
Could not parse CSS stylesheet
Could not parse CSS stylesheet
Could not parse CSS stylesheet
Could not parse CSS stylesheet
Could not parse CSS stylesheet
Could not parse CSS stylesheet
Could not parse CSS stylesheet
Could not parse CSS stylesheet
Could not parse CSS stylesheet
Could not parse CSS stylesheet
Could not parse CSS stylesheet
Could not parse CSS stylesheet
Could not parse CSS stylesheet
Could not parse CSS stylesheet
Could not parse CSS stylesheet
Could not parse CSS stylesheet
Could not parse CSS stylesheet
Could not parse CSS stylesheet
 ✓ ../packages/ui/src/components/Option/Settings/__tests__/tldw.timeouts.form.test.tsx (9 tests) 18466ms
   ✓ ordinary Settings save persists generation defaults without opening Advanced, and reload preserves them  2803ms
   ✓ a first server connection with no stored config uses the same generation defaults  954ms
   ✓ Extended and explicit Reset persist their generation budgets across reload  3307ms
   ✓ preserves explicit stored 10000 ms generation overrides on ordinary save and reload  2498ms
   ✓ preserves explicit stored 237000 ms generation overrides on ordinary save and reload  2490ms
   ✓ invalid zero generation values fall back to generation presets instead of the generic timeout  1286ms
   ✓ clicking Balanced from a preserved Custom configuration applies the selected preset  2570ms
   ✓ the actual request layer accepts a generation longer than 10 seconds using ordinary Settings save output  1239ms
   ✓ the same actual request layer still honors a deliberate 10-second RAG limit  1319ms

 Test Files  2 passed (2)
      Tests  18 passed (18)
   Start at  14:19:17
   Duration  19.89s (transform 542ms, setup 176ms, import 1.49s, tests 21.20s, environment 417ms)
