
 RUN  v4.0.18 /Users/macbook-dev/Documents/GitHub/tldw_server2/apps/tldw-frontend

(node:96065) ExperimentalWarning: localStorage is not available because --localstorage-file was not provided.
(Use `node --trace-warnings ...` to show where the warning was created)
Browserslist: browsers data (caniuse-lite) is 8 months old. Please run:
  npx update-browserslist-db@latest
  Why you should do it regularly: https://github.com/browserslist/update-db#readme
 ❯ ../packages/ui/src/components/Flashcards/tabs/__tests__/ReviewTab.cram-mode.test.tsx (20 tests | 5 failed) 6682ms
     ✓ shows cram controls and tag filter when cram mode is selected 187ms
     ✓ does not call review mutation when practicing in cram mode without schedule updates 59ms
     ✓ keeps cram queue progression unchanged when the prompt side flips 61ms
     × retries a failed real Cram query without claiming completion or changing deck, tag, or scheduling 1055ms
     × keeps a still-failing Cram retry actionable without rating or ending a session 1057ms
     × shows initial Cram loading without a completion claim, then renders the fetched card 1043ms
     × keeps an error visible with cached cards and preserves practiced identities through retry 1074ms
     × does not claim completion for a failed refresh after the cached queue is practiced 1055ms
     ✓ retains the existing completed display for a successful empty Cram queue 47ms
     ✓ reaches every intended card after scheduled queue refetch (reordered=false) 113ms
     ✓ reaches every intended card after scheduled queue refetch (reordered=true) 104ms
     ✓ re-rating preserves the remaining queue after refetch (reordered=false) 85ms
     ✓ re-rating preserves the remaining queue after refetch (reordered=true) 80ms
     ✓ retains practice-only progress when scheduling starts and reads fresh pending cards 87ms
     ✓ uses the same pending cards for progress and completion when a card disappears 80ms
     ✓ starts practice again with every card pending and zero reviewed 80ms
     ✓ clears practiced identities when the deck scope changes 52ms
     ✓ clears practiced identities when the tag scope changes 54ms
     ✓ clears practiced identities when the account scope changes 53ms
     ✓ manual End keeps the remaining cards available for the next scheduled session 258ms

⎯⎯⎯⎯⎯⎯⎯ Failed Tests 5 ⎯⎯⎯⎯⎯⎯⎯

 FAIL  ../packages/ui/src/components/Flashcards/tabs/__tests__/ReviewTab.cram-mode.test.tsx > ReviewTab cram mode > retries a failed real Cram query without claiming completion or changing deck, tag, or scheduling
TestingLibraryElementError: Unable to find an element with the text: Unable to load cram cards. This could be because the text is broken up by multiple elements. In this case, you can provide a function for your text matcher to make your matcher more flexible.

Ignored nodes: comments, script, style
[36m<body>[39m
  [36m<div>[39m
    [36m<div>[39m
      [36m<div[39m
        [33mclass[39m=[32m"mb-3 flex flex-wrap items-center gap-2 "[39m
        [33mdata-testid[39m=[32m"flashcards-review-topbar"[39m
      [36m>[39m
        [36m<div[39m
          [33mclass[39m=[32m"ant-select ant-select-outlined min-w-64 max-w-full flex-1 css-var-root ant-select-css-var css-dev-only-do-not-override-3uaqrl ant-select-single ant-select-allow-clear ant-select-show-arrow"[39m
          [33mdata-testid[39m=[32m"flashcards-review-deck-select"[39m
        [36m>[39m
          [36m<div[39m
            [33mclass[39m=[32m"ant-select-content"[39m
          [36m>[39m
            [36m<div[39m
              [33mclass[39m=[32m"ant-select-content-value"[39m
              [33mstyle[39m=[32m"visibility: visible;"[39m
              [33mtitle[39m=[32m"Biology"[39m
            [36m>[39m
              [0mBiology[0m
            [36m</div>[39m
            [36m<input[39m
              [33maria-autocomplete[39m=[32m"list"[39m
              [33maria-expanded[39m=[32m"false"[39m
              [33maria-haspopup[39m=[32m"listbox"[39m
              [33mautocomplete[39m=[32m"off"[39m
              [33mclass[39m=[32m"ant-select-input"[39m
              [33mid[39m=[32m"test-id"[39m
              [33mreadonly[39m=[32m""[39m
              [33mrole[39m=[32m"combobox"[39m
              [33mtype[39m=[32m"search"[39m
              [33mvalue[39m=[32m""[39m
            [36m/>[39m
          [36m</div>[39m
          [36m<div[39m
            [33mclass[39m=[32m"ant-select-suffix"[39m
          [36m>[39m
            [36m<span[39m
              [33maria-label[39m=[32m"down"[39m
              [33mclass[39m=[32m"anticon anticon-down"[39m
              [33mrole[39m=[32m"img"[39m
            [36m>[39m
              [36m<svg[39m
                [33maria-hidden[39m=[32m"true"[39m
                [33mdata-icon[39m=[32m"down"[39m
                [33mfill[39m=[32m"currentColor"[39m
                [33mfocusable[39m=[32m"false"[39m
                [33mheight[39m=[32m"1em"[39m
                [33mviewBox[39m=[32m"64 64 896 896"[39m
                [33mwidth[39m=[32m"1em"[39m
              [36m>[39m
                [36m<path[39m
                  [33md[39m=[32m"M884 256h-75c-5.1 0-9.9 2.5-12.9 6.6L512 654.2 227.9 262.6c-3-4.1-7.8-6.6-12.9-6.6h-75c-6.5 0-10.3 7.4-6.5 12.7l352.6 486.1c12.8 17.6 39 17.6 51.7 0l352.6-486.1c3.9-5.3.1-12.7-6.4-12.7z"[39m
                [36m/>[39m
              [36m</svg>[39m
            [36m</span>[39m
          [36m</div>[39m
          [36m<div[39m
            [33mclass[39m=[32m"ant-select-clear"[39m
          [36m>[39m
            [36m<span[39m
              [33maria-label[39m=[32m"close-circle"[39m
              [33mclass[39m=[32m"anticon anticon-close-circle"[39m
              [33mrole[39m=[32m"img"[39m
            [36m>[39m
              [36m<svg[39m
                [33maria-hidden[39m=[32m"true"[39m
                [33mdata-icon[39m=[32m"close-circle"[39m
                [33mfill[39m=[32m"currentColor"[39m
                [33mfill-rule[39m=[32m"evenodd"[39m
                [33mfocusable[39m=[32m"false"[39m
                [33mheight[39m=[32m"1em"[39m
                [33mviewBox[39m=[32m"64 64 896 896"[39m
                [33mwidth[39m=[32m"1em"[39m
              [36m>[39m
                [36m<path[39m
                  [33md[39m=[32m"M512 64c247.4 0 448 200.6 448 448S759.4 960 512 960 64 759.4 64 512 264.6 64 512 64zm127.98 274.82h-.04l-.08.06L512 466.75 384.14 338.88c-.04-.05-.06-.06-.08-.06a.12.12 0 00-.07 0c-.03 0-.05.01-.09.05l-45.02 45.02a.2.2 0 00-.05.09.12.12 0 000 .07v.02a.27.27 0 00.06.06L466.75 512 338.88 639.86c-.05.04-.06.06-.06.08a.12.12 0 000 .07c0 .03.01.05.05.09l45.02 45.02a.2.2 0 00.09.05.12.12 0 00.07 0c.02 0 .04-.01.08-.05L512 557.25l127.86 127.87c.04.04.06.05.08.05a.12.12 0 00.07 0c.03 0 .05-.01.09-.05l45.02-45.02a.2.2 0 00.05-.09.12.12 0 000-.07v-.02a.27.27 0 00-.05-.06L557.25 512l127.87-127.86c.04-.04.05-.06.05-.08a.12.12 0 000-.07c0-.03-.01-.05-.05-.09l-45.02-45.02a.2.2 0 00-.09-.05.12.12 0 00-.07 0z"[39m
                [36m/>[39m
              [36m</svg>[39m
            [36m</span>[39m
          [36m</div>[39m
        [36m</div>[39m
        [36m<div[39m
          [33maria-label[39m=[32m"segmented control"[39m
          [33maria-orientation[39m=[32m"horizontal"[39m
          [33mclass[39m=[32m"ant-segmented css-dev-only-do-not-override-3uaqrl css-var-root"[39m
          [33mdata-testid[39m=[32m"flashcards-review-mode-toggle"[39m
          [33mrole[39m=[32m"radiogroup"[39m
          [33mtabindex[39m=[32m"0"[39m
        [36m>[39m
          [36m<div[39m
            [33mclass[39m=[32m"ant-segmented-group"[39m
          [36m>[39m
            [36m<label[39m
              [33mclass[39m=[32m"ant-segmented-item"[39m
            [36m>[39m
              [36m<input[39m
                [33mchecked[39m=[32m""[39m
                [33mclass[39m=[32m"ant-segmented-item-input"[39m
                [33mname[39m=[32m"test-id"[39m
                [33mtype[39m=[32m"radio"[39m
              [36m/>[39m
              [36m<div[39m
                [33mclass[39m=[32m"ant-segmented-item-label"[39m
                [33mtitle[39m=[32m"Due only"[39m
              [36m>[39m
                [0mDue only[0m
              [36m</div>[39m
            [36m</label>[39m
            [36m<label[39m
              [33mclass[39m=[32m"ant-segmented-item ant-segmented-item-selected"[39m
            [36m>[39m
              [36m<input[39m
                [33mclass[39m=[32m"ant-segmented-item-input"[39m
                [33mname[39m=[32m"test-id"[39m
                [33mtype[39m=[32m"radio"[39m
              [36m/>[39m
              [36m<div[39m
                [33mclass[39m=[32m"ant-segmented-item-label"[39m
                [33mtitle[39m=[32m"Cram"[39m
              [36m>[39m
                [0mCram[0m
              [36m</div>[39m
            [36m</label>[39m
          [36m</div>[39m
        [36m</div>[39m
        [36m<div[39m
          [33maria-label[39m=[32m"segmented control"[39m
          [33maria-orientation[39m=[32m"horizontal"[39m
          [33mclass[39m=[32m"ant-segmented css-dev-only-do-not-override-3uaqrl css-var-root"[39m
          [33mdata-testid[39m=[32m"flashcards-review-prompt-side-toggle"[39m
          [33mrole[39m=[32m"radiogroup"[39m
          [33mtabindex[39m=[32m"0"[39m
        [36m>[39m
          [36m<div[39m
            [33mclass[39m=[32m"ant-segmented-group"[39m
          [36m>[39m
            [36m<label[39m
              [33mclass[39m=[32m"ant-segmented-item ant-segmented-item-selected"[39m
          ...

Ignored nodes: comments, script, style
[36m<body>[39m
  [36m<div>[39m
    [36m<div>[39m
      [36m<div[39m
        [33mclass[39m=[32m"mb-3 flex flex-wrap items-center gap-2 "[39m
        [33mdata-testid[39m=[32m"flashcards-review-topbar"[39m
      [36m>[39m
        [36m<div[39m
          [33mclass[39m=[32m"ant-select ant-select-outlined min-w-64 max-w-full flex-1 css-var-root ant-select-css-var css-dev-only-do-not-override-3uaqrl ant-select-single ant-select-allow-clear ant-select-show-arrow"[39m
          [33mdata-testid[39m=[32m"flashcards-review-deck-select"[39m
        [36m>[39m
          [36m<div[39m
            [33mclass[39m=[32m"ant-select-content"[39m
          [36m>[39m
            [36m<div[39m
              [33mclass[39m=[32m"ant-select-content-value"[39m
              [33mstyle[39m=[32m"visibility: visible;"[39m
              [33mtitle[39m=[32m"Biology"[39m
            [36m>[39m
              [0mBiology[0m
            [36m</div>[39m
            [36m<input[39m
              [33maria-autocomplete[39m=[32m"list"[39m
              [33maria-expanded[39m=[32m"false"[39m
              [33maria-haspopup[39m=[32m"listbox"[39m
              [33mautocomplete[39m=[32m"off"[39m
              [33mclass[39m=[32m"ant-select-input"[39m
              [33mid[39m=[32m"test-id"[39m
              [33mreadonly[39m=[32m""[39m
              [33mrole[39m=[32m"combobox"[39m
              [33mtype[39m=[32m"search"[39m
              [33mvalue[39m=[32m""[39m
            [36m/>[39m
          [36m</div>[39m
          [36m<div[39m
            [33mclass[39m=[32m"ant-select-suffix"[39m
          [36m>[39m
            [36m<span[39m
              [33maria-label[39m=[32m"down"[39m
              [33mclass[39m=[32m"anticon anticon-down"[39m
              [33mrole[39m=[32m"img"[39m
            [36m>[39m
              [36m<svg[39m
                [33maria-hidden[39m=[32m"true"[39m
                [33mdata-icon[39m=[32m"down"[39m
                [33mfill[39m=[32m"currentColor"[39m
                [33mfocusable[39m=[32m"false"[39m
                [33mheight[39m=[32m"1em"[39m
                [33mviewBox[39m=[32m"64 64 896 896"[39m
                [33mwidth[39m=[32m"1em"[39m
              [36m>[39m
                [36m<path[39m
                  [33md[39m=[32m"M884 256h-75c-5.1 0-9.9 2.5-12.9 6.6L512 654.2 227.9 262.6c-3-4.1-7.8-6.6-12.9-6.6h-75c-6.5 0-10.3 7.4-6.5 12.7l352.6 486.1c12.8 17.6 39 17.6 51.7 0l352.6-486.1c3.9-5.3.1-12.7-6.4-12.7z"[39m
                [36m/>[39m
              [36m</svg>[39m
            [36m</span>[39m
          [36m</div>[39m
          [36m<div[39m
            [33mclass[39m=[32m"ant-select-clear"[39m
          [36m>[39m
            [36m<span[39m
              [33maria-label[39m=[32m"close-circle"[39m
              [33mclass[39m=[32m"anticon anticon-close-circle"[39m
              [33mrole[39m=[32m"img"[39m
            [36m>[39m
              [36m<svg[39m
                [33maria-hidden[39m=[32m"true"[39m
                [33mdata-icon[39m=[32m"close-circle"[39m
                [33mfill[39m=[32m"currentColor"[39m
                [33mfill-rule[39m=[32m"evenodd"[39m
                [33mfocusable[39m=[32m"false"[39m
                [33mheight[39m=[32m"1em"[39m
                [33mviewBox[39m=[32m"64 64 896 896"[39m
                [33mwidth[39m=[32m"1em"[39m
              [36m>[39m
                [36m<path[39m
                  [33md[39m=[32m"M512 64c247.4 0 448 200.6 448 448S759.4 960 512 960 64 759.4 64 512 264.6 64 512 64zm127.98 274.82h-.04l-.08.06L512 466.75 384.14 338.88c-.04-.05-.06-.06-.08-.06a.12.12 0 00-.07 0c-.03 0-.05.01-.09.05l-45.02 45.02a.2.2 0 00-.05.09.12.12 0 000 .07v.02a.27.27 0 00.06.06L466.75 512 338.88 639.86c-.05.04-.06.06-.06.08a.12.12 0 000 .07c0 .03.01.05.05.09l45.02 45.02a.2.2 0 00.09.05.12.12 0 00.07 0c.02 0 .04-.01.08-.05L512 557.25l127.86 127.87c.04.04.06.05.08.05a.12.12 0 00.07 0c.03 0 .05-.01.09-.05l45.02-45.02a.2.2 0 00.05-.09.12.12 0 000-.07v-.02a.27.27 0 00-.05-.06L557.25 512l127.87-127.86c.04-.04.05-.06.05-.08a.12.12 0 000-.07c0-.03-.01-.05-.05-.09l-45.02-45.02a.2.2 0 00-.09-.05.12.12 0 00-.07 0z"[39m
                [36m/>[39m
              [36m</svg>[39m
            [36m</span>[39m
          [36m</div>[39m
        [36m</div>[39m
        [36m<div[39m
          [33maria-label[39m=[32m"segmented control"[39m
          [33maria-orientation[39m=[32m"horizontal"[39m
          [33mclass[39m=[32m"ant-segmented css-dev-only-do-not-override-3uaqrl css-var-root"[39m
          [33mdata-testid[39m=[32m"flashcards-review-mode-toggle"[39m
          [33mrole[39m=[32m"radiogroup"[39m
          [33mtabindex[39m=[32m"0"[39m
        [36m>[39m
          [36m<div[39m
            [33mclass[39m=[32m"ant-segmented-group"[39m
          [36m>[39m
            [36m<label[39m
              [33mclass[39m=[32m"ant-segmented-item"[39m
            [36m>[39m
              [36m<input[39m
                [33mchecked[39m=[32m""[39m
                [33mclass[39m=[32m"ant-segmented-item-input"[39m
                [33mname[39m=[32m"test-id"[39m
                [33mtype[39m=[32m"radio"[39m
              [36m/>[39m
              [36m<div[39m
                [33mclass[39m=[32m"ant-segmented-item-label"[39m
                [33mtitle[39m=[32m"Due only"[39m
              [36m>[39m
                [0mDue only[0m
              [36m</div>[39m
            [36m</label>[39m
            [36m<label[39m
              [33mclass[39m=[32m"ant-segmented-item ant-segmented-item-selected"[39m
            [36m>[39m
              [36m<input[39m
                [33mclass[39m=[32m"ant-segmented-item-input"[39m
                [33mname[39m=[32m"test-id"[39m
                [33mtype[39m=[32m"radio"[39m
              [36m/>[39m
              [36m<div[39m
                [33mclass[39m=[32m"ant-segmented-item-label"[39m
                [33mtitle[39m=[32m"Cram"[39m
              [36m>[39m
                [0mCram[0m
              [36m</div>[39m
            [36m</label>[39m
          [36m</div>[39m
        [36m</div>[39m
        [36m<div[39m
          [33maria-label[39m=[32m"segmented control"[39m
          [33maria-orientation[39m=[32m"horizontal"[39m
          [33mclass[39m=[32m"ant-segmented css-dev-only-do-not-override-3uaqrl css-var-root"[39m
          [33mdata-testid[39m=[32m"flashcards-review-prompt-side-toggle"[39m
          [33mrole[39m=[32m"radiogroup"[39m
          [33mtabindex[39m=[32m"0"[39m
        [36m>[39m
          [36m<div[39m
            [33mclass[39m=[32m"ant-segmented-group"[39m
          [36m>[39m
            [36m<label[39m
              [33mclass[39m=[32m"ant-segmented-item ant-segmented-item-selected"[39m
          ...
 ❯ waitForWrapper ../node_modules/.bun/@testing-library+dom@10.4.1/node_modules/@testing-library/dom/dist/wait-for.js:163:27
 ❯ ../node_modules/.bun/@testing-library+dom@10.4.1/node_modules/@testing-library/dom/dist/query-helpers.js:86:33
 ❯ ../packages/ui/src/components/Flashcards/tabs/__tests__/ReviewTab.cram-mode.test.tsx:415:18
    413|     fireEvent.change(screen.getByTestId("flashcards-review-cram-tag"),…
    414|     fireEvent.click(screen.getByTestId("flashcards-review-cram-update-…
    415|     await screen.findByText("Unable to load cram cards")
       |                  ^
    416|     expect(screen.queryByText("Cram session complete!")).not.toBeInThe…
    417|     expect(screen.queryByText("No cards match this cram tag filter."))…

⎯⎯⎯⎯⎯⎯⎯⎯⎯⎯⎯⎯⎯⎯⎯⎯⎯⎯⎯⎯⎯⎯⎯⎯[1/5]⎯

 FAIL  ../packages/ui/src/components/Flashcards/tabs/__tests__/ReviewTab.cram-mode.test.tsx > ReviewTab cram mode > keeps a still-failing Cram retry actionable without rating or ending a session
TestingLibraryElementError: Unable to find an element with the text: Unable to load cram cards. This could be because the text is broken up by multiple elements. In this case, you can provide a function for your text matcher to make your matcher more flexible.

Ignored nodes: comments, script, style
[36m<body>[39m
  [36m<div>[39m
    [36m<div>[39m
      [36m<div[39m
        [33mclass[39m=[32m"mb-3 flex flex-wrap items-center gap-2 "[39m
        [33mdata-testid[39m=[32m"flashcards-review-topbar"[39m
      [36m>[39m
        [36m<div[39m
          [33mclass[39m=[32m"ant-select ant-select-outlined min-w-64 max-w-full flex-1 css-var-root ant-select-css-var css-dev-only-do-not-override-3uaqrl ant-select-single ant-select-allow-clear ant-select-show-arrow"[39m
          [33mdata-testid[39m=[32m"flashcards-review-deck-select"[39m
        [36m>[39m
          [36m<div[39m
            [33mclass[39m=[32m"ant-select-content"[39m
          [36m>[39m
            [36m<div[39m
              [33mclass[39m=[32m"ant-select-content-value"[39m
              [33mstyle[39m=[32m"visibility: visible;"[39m
              [33mtitle[39m=[32m"Biology"[39m
            [36m>[39m
              [0mBiology[0m
            [36m</div>[39m
            [36m<input[39m
              [33maria-autocomplete[39m=[32m"list"[39m
              [33maria-expanded[39m=[32m"false"[39m
              [33maria-haspopup[39m=[32m"listbox"[39m
              [33mautocomplete[39m=[32m"off"[39m
              [33mclass[39m=[32m"ant-select-input"[39m
              [33mid[39m=[32m"test-id"[39m
              [33mreadonly[39m=[32m""[39m
              [33mrole[39m=[32m"combobox"[39m
              [33mtype[39m=[32m"search"[39m
              [33mvalue[39m=[32m""[39m
            [36m/>[39m
          [36m</div>[39m
          [36m<div[39m
            [33mclass[39m=[32m"ant-select-suffix"[39m
          [36m>[39m
            [36m<span[39m
              [33maria-label[39m=[32m"down"[39m
              [33mclass[39m=[32m"anticon anticon-down"[39m
              [33mrole[39m=[32m"img"[39m
            [36m>[39m
              [36m<svg[39m
                [33maria-hidden[39m=[32m"true"[39m
                [33mdata-icon[39m=[32m"down"[39m
                [33mfill[39m=[32m"currentColor"[39m
                [33mfocusable[39m=[32m"false"[39m
                [33mheight[39m=[32m"1em"[39m
                [33mviewBox[39m=[32m"64 64 896 896"[39m
                [33mwidth[39m=[32m"1em"[39m
              [36m>[39m
                [36m<path[39m
                  [33md[39m=[32m"M884 256h-75c-5.1 0-9.9 2.5-12.9 6.6L512 654.2 227.9 262.6c-3-4.1-7.8-6.6-12.9-6.6h-75c-6.5 0-10.3 7.4-6.5 12.7l352.6 486.1c12.8 17.6 39 17.6 51.7 0l352.6-486.1c3.9-5.3.1-12.7-6.4-12.7z"[39m
                [36m/>[39m
              [36m</svg>[39m
            [36m</span>[39m
          [36m</div>[39m
          [36m<div[39m
            [33mclass[39m=[32m"ant-select-clear"[39m
          [36m>[39m
            [36m<span[39m
              [33maria-label[39m=[32m"close-circle"[39m
              [33mclass[39m=[32m"anticon anticon-close-circle"[39m
              [33mrole[39m=[32m"img"[39m
            [36m>[39m
              [36m<svg[39m
                [33maria-hidden[39m=[32m"true"[39m
                [33mdata-icon[39m=[32m"close-circle"[39m
                [33mfill[39m=[32m"currentColor"[39m
                [33mfill-rule[39m=[32m"evenodd"[39m
                [33mfocusable[39m=[32m"false"[39m
                [33mheight[39m=[32m"1em"[39m
                [33mviewBox[39m=[32m"64 64 896 896"[39m
                [33mwidth[39m=[32m"1em"[39m
              [36m>[39m
                [36m<path[39m
                  [33md[39m=[32m"M512 64c247.4 0 448 200.6 448 448S759.4 960 512 960 64 759.4 64 512 264.6 64 512 64zm127.98 274.82h-.04l-.08.06L512 466.75 384.14 338.88c-.04-.05-.06-.06-.08-.06a.12.12 0 00-.07 0c-.03 0-.05.01-.09.05l-45.02 45.02a.2.2 0 00-.05.09.12.12 0 000 .07v.02a.27.27 0 00.06.06L466.75 512 338.88 639.86c-.05.04-.06.06-.06.08a.12.12 0 000 .07c0 .03.01.05.05.09l45.02 45.02a.2.2 0 00.09.05.12.12 0 00.07 0c.02 0 .04-.01.08-.05L512 557.25l127.86 127.87c.04.04.06.05.08.05a.12.12 0 00.07 0c.03 0 .05-.01.09-.05l45.02-45.02a.2.2 0 00.05-.09.12.12 0 000-.07v-.02a.27.27 0 00-.05-.06L557.25 512l127.87-127.86c.04-.04.05-.06.05-.08a.12.12 0 000-.07c0-.03-.01-.05-.05-.09l-45.02-45.02a.2.2 0 00-.09-.05.12.12 0 00-.07 0z"[39m
                [36m/>[39m
              [36m</svg>[39m
            [36m</span>[39m
          [36m</div>[39m
        [36m</div>[39m
        [36m<div[39m
          [33maria-label[39m=[32m"segmented control"[39m
          [33maria-orientation[39m=[32m"horizontal"[39m
          [33mclass[39m=[32m"ant-segmented css-dev-only-do-not-override-3uaqrl css-var-root"[39m
          [33mdata-testid[39m=[32m"flashcards-review-mode-toggle"[39m
          [33mrole[39m=[32m"radiogroup"[39m
          [33mtabindex[39m=[32m"0"[39m
        [36m>[39m
          [36m<div[39m
            [33mclass[39m=[32m"ant-segmented-group"[39m
          [36m>[39m
            [36m<label[39m
              [33mclass[39m=[32m"ant-segmented-item"[39m
            [36m>[39m
              [36m<input[39m
                [33mchecked[39m=[32m""[39m
                [33mclass[39m=[32m"ant-segmented-item-input"[39m
                [33mname[39m=[32m"test-id"[39m
                [33mtype[39m=[32m"radio"[39m
              [36m/>[39m
              [36m<div[39m
                [33mclass[39m=[32m"ant-segmented-item-label"[39m
                [33mtitle[39m=[32m"Due only"[39m
              [36m>[39m
                [0mDue only[0m
              [36m</div>[39m
            [36m</label>[39m
            [36m<label[39m
              [33mclass[39m=[32m"ant-segmented-item ant-segmented-item-selected"[39m
            [36m>[39m
              [36m<input[39m
                [33mclass[39m=[32m"ant-segmented-item-input"[39m
                [33mname[39m=[32m"test-id"[39m
                [33mtype[39m=[32m"radio"[39m
              [36m/>[39m
              [36m<div[39m
                [33mclass[39m=[32m"ant-segmented-item-label"[39m
                [33mtitle[39m=[32m"Cram"[39m
              [36m>[39m
                [0mCram[0m
              [36m</div>[39m
            [36m</label>[39m
          [36m</div>[39m
        [36m</div>[39m
        [36m<div[39m
          [33maria-label[39m=[32m"segmented control"[39m
          [33maria-orientation[39m=[32m"horizontal"[39m
          [33mclass[39m=[32m"ant-segmented css-dev-only-do-not-override-3uaqrl css-var-root"[39m
          [33mdata-testid[39m=[32m"flashcards-review-prompt-side-toggle"[39m
          [33mrole[39m=[32m"radiogroup"[39m
          [33mtabindex[39m=[32m"0"[39m
        [36m>[39m
          [36m<div[39m
            [33mclass[39m=[32m"ant-segmented-group"[39m
          [36m>[39m
            [36m<label[39m
              [33mclass[39m=[32m"ant-segmented-item ant-segmented-item-selected"[39m
          ...

Ignored nodes: comments, script, style
[36m<body>[39m
  [36m<div>[39m
    [36m<div>[39m
      [36m<div[39m
        [33mclass[39m=[32m"mb-3 flex flex-wrap items-center gap-2 "[39m
        [33mdata-testid[39m=[32m"flashcards-review-topbar"[39m
      [36m>[39m
        [36m<div[39m
          [33mclass[39m=[32m"ant-select ant-select-outlined min-w-64 max-w-full flex-1 css-var-root ant-select-css-var css-dev-only-do-not-override-3uaqrl ant-select-single ant-select-allow-clear ant-select-show-arrow"[39m
          [33mdata-testid[39m=[32m"flashcards-review-deck-select"[39m
        [36m>[39m
          [36m<div[39m
            [33mclass[39m=[32m"ant-select-content"[39m
          [36m>[39m
            [36m<div[39m
              [33mclass[39m=[32m"ant-select-content-value"[39m
              [33mstyle[39m=[32m"visibility: visible;"[39m
              [33mtitle[39m=[32m"Biology"[39m
            [36m>[39m
              [0mBiology[0m
            [36m</div>[39m
            [36m<input[39m
              [33maria-autocomplete[39m=[32m"list"[39m
              [33maria-expanded[39m=[32m"false"[39m
              [33maria-haspopup[39m=[32m"listbox"[39m
              [33mautocomplete[39m=[32m"off"[39m
              [33mclass[39m=[32m"ant-select-input"[39m
              [33mid[39m=[32m"test-id"[39m
              [33mreadonly[39m=[32m""[39m
              [33mrole[39m=[32m"combobox"[39m
              [33mtype[39m=[32m"search"[39m
              [33mvalue[39m=[32m""[39m
            [36m/>[39m
          [36m</div>[39m
          [36m<div[39m
            [33mclass[39m=[32m"ant-select-suffix"[39m
          [36m>[39m
            [36m<span[39m
              [33maria-label[39m=[32m"down"[39m
              [33mclass[39m=[32m"anticon anticon-down"[39m
              [33mrole[39m=[32m"img"[39m
            [36m>[39m
              [36m<svg[39m
                [33maria-hidden[39m=[32m"true"[39m
                [33mdata-icon[39m=[32m"down"[39m
                [33mfill[39m=[32m"currentColor"[39m
                [33mfocusable[39m=[32m"false"[39m
                [33mheight[39m=[32m"1em"[39m
                [33mviewBox[39m=[32m"64 64 896 896"[39m
                [33mwidth[39m=[32m"1em"[39m
              [36m>[39m
                [36m<path[39m
                  [33md[39m=[32m"M884 256h-75c-5.1 0-9.9 2.5-12.9 6.6L512 654.2 227.9 262.6c-3-4.1-7.8-6.6-12.9-6.6h-75c-6.5 0-10.3 7.4-6.5 12.7l352.6 486.1c12.8 17.6 39 17.6 51.7 0l352.6-486.1c3.9-5.3.1-12.7-6.4-12.7z"[39m
                [36m/>[39m
              [36m</svg>[39m
            [36m</span>[39m
          [36m</div>[39m
          [36m<div[39m
            [33mclass[39m=[32m"ant-select-clear"[39m
          [36m>[39m
            [36m<span[39m
              [33maria-label[39m=[32m"close-circle"[39m
              [33mclass[39m=[32m"anticon anticon-close-circle"[39m
              [33mrole[39m=[32m"img"[39m
            [36m>[39m
              [36m<svg[39m
                [33maria-hidden[39m=[32m"true"[39m
                [33mdata-icon[39m=[32m"close-circle"[39m
                [33mfill[39m=[32m"currentColor"[39m
                [33mfill-rule[39m=[32m"evenodd"[39m
                [33mfocusable[39m=[32m"false"[39m
                [33mheight[39m=[32m"1em"[39m
                [33mviewBox[39m=[32m"64 64 896 896"[39m
                [33mwidth[39m=[32m"1em"[39m
              [36m>[39m
                [36m<path[39m
                  [33md[39m=[32m"M512 64c247.4 0 448 200.6 448 448S759.4 960 512 960 64 759.4 64 512 264.6 64 512 64zm127.98 274.82h-.04l-.08.06L512 466.75 384.14 338.88c-.04-.05-.06-.06-.08-.06a.12.12 0 00-.07 0c-.03 0-.05.01-.09.05l-45.02 45.02a.2.2 0 00-.05.09.12.12 0 000 .07v.02a.27.27 0 00.06.06L466.75 512 338.88 639.86c-.05.04-.06.06-.06.08a.12.12 0 000 .07c0 .03.01.05.05.09l45.02 45.02a.2.2 0 00.09.05.12.12 0 00.07 0c.02 0 .04-.01.08-.05L512 557.25l127.86 127.87c.04.04.06.05.08.05a.12.12 0 00.07 0c.03 0 .05-.01.09-.05l45.02-45.02a.2.2 0 00.05-.09.12.12 0 000-.07v-.02a.27.27 0 00-.05-.06L557.25 512l127.87-127.86c.04-.04.05-.06.05-.08a.12.12 0 000-.07c0-.03-.01-.05-.05-.09l-45.02-45.02a.2.2 0 00-.09-.05.12.12 0 00-.07 0z"[39m
                [36m/>[39m
              [36m</svg>[39m
            [36m</span>[39m
          [36m</div>[39m
        [36m</div>[39m
        [36m<div[39m
          [33maria-label[39m=[32m"segmented control"[39m
          [33maria-orientation[39m=[32m"horizontal"[39m
          [33mclass[39m=[32m"ant-segmented css-dev-only-do-not-override-3uaqrl css-var-root"[39m
          [33mdata-testid[39m=[32m"flashcards-review-mode-toggle"[39m
          [33mrole[39m=[32m"radiogroup"[39m
          [33mtabindex[39m=[32m"0"[39m
        [36m>[39m
          [36m<div[39m
            [33mclass[39m=[32m"ant-segmented-group"[39m
          [36m>[39m
            [36m<label[39m
              [33mclass[39m=[32m"ant-segmented-item"[39m
            [36m>[39m
              [36m<input[39m
                [33mchecked[39m=[32m""[39m
                [33mclass[39m=[32m"ant-segmented-item-input"[39m
                [33mname[39m=[32m"test-id"[39m
                [33mtype[39m=[32m"radio"[39m
              [36m/>[39m
              [36m<div[39m
                [33mclass[39m=[32m"ant-segmented-item-label"[39m
                [33mtitle[39m=[32m"Due only"[39m
              [36m>[39m
                [0mDue only[0m
              [36m</div>[39m
            [36m</label>[39m
            [36m<label[39m
              [33mclass[39m=[32m"ant-segmented-item ant-segmented-item-selected"[39m
            [36m>[39m
              [36m<input[39m
                [33mclass[39m=[32m"ant-segmented-item-input"[39m
                [33mname[39m=[32m"test-id"[39m
                [33mtype[39m=[32m"radio"[39m
              [36m/>[39m
              [36m<div[39m
                [33mclass[39m=[32m"ant-segmented-item-label"[39m
                [33mtitle[39m=[32m"Cram"[39m
              [36m>[39m
                [0mCram[0m
              [36m</div>[39m
            [36m</label>[39m
          [36m</div>[39m
        [36m</div>[39m
        [36m<div[39m
          [33maria-label[39m=[32m"segmented control"[39m
          [33maria-orientation[39m=[32m"horizontal"[39m
          [33mclass[39m=[32m"ant-segmented css-dev-only-do-not-override-3uaqrl css-var-root"[39m
          [33mdata-testid[39m=[32m"flashcards-review-prompt-side-toggle"[39m
          [33mrole[39m=[32m"radiogroup"[39m
          [33mtabindex[39m=[32m"0"[39m
        [36m>[39m
          [36m<div[39m
            [33mclass[39m=[32m"ant-segmented-group"[39m
          [36m>[39m
            [36m<label[39m
              [33mclass[39m=[32m"ant-segmented-item ant-segmented-item-selected"[39m
          ...
 ❯ waitForWrapper ../node_modules/.bun/@testing-library+dom@10.4.1/node_modules/@testing-library/dom/dist/wait-for.js:163:27
 ❯ ../node_modules/.bun/@testing-library+dom@10.4.1/node_modules/@testing-library/dom/dist/query-helpers.js:86:33
 ❯ ../packages/ui/src/components/Flashcards/tabs/__tests__/ReviewTab.cram-mode.test.tsx:441:18
    439|     vi.mocked(listFlashcards).mockRejectedValue(new Error("HTTP500 Fai…
    440|     mountRealQueue()
    441|     await screen.findByText("Unable to load cram cards")
       |                  ^
    442|     const beforeRetry = vi.mocked(listFlashcards).mock.calls.length
    443|     fireEvent.click(screen.getByTestId("flashcards-review-cram-retry"))

⎯⎯⎯⎯⎯⎯⎯⎯⎯⎯⎯⎯⎯⎯⎯⎯⎯⎯⎯⎯⎯⎯⎯⎯[2/5]⎯

 FAIL  ../packages/ui/src/components/Flashcards/tabs/__tests__/ReviewTab.cram-mode.test.tsx > ReviewTab cram mode > shows initial Cram loading without a completion claim, then renders the fetched card
TestingLibraryElementError: Unable to find an element with the text: Loading cram cards.... This could be because the text is broken up by multiple elements. In this case, you can provide a function for your text matcher to make your matcher more flexible.

Ignored nodes: comments, script, style
[36m<body>[39m
  [36m<div>[39m
    [36m<div>[39m
      [36m<div[39m
        [33mclass[39m=[32m"mb-3 flex flex-wrap items-center gap-2 "[39m
        [33mdata-testid[39m=[32m"flashcards-review-topbar"[39m
      [36m>[39m
        [36m<div[39m
          [33mclass[39m=[32m"ant-select ant-select-outlined min-w-64 max-w-full flex-1 css-var-root ant-select-css-var css-dev-only-do-not-override-3uaqrl ant-select-single ant-select-allow-clear ant-select-show-arrow"[39m
          [33mdata-testid[39m=[32m"flashcards-review-deck-select"[39m
        [36m>[39m
          [36m<div[39m
            [33mclass[39m=[32m"ant-select-content"[39m
          [36m>[39m
            [36m<div[39m
              [33mclass[39m=[32m"ant-select-content-value"[39m
              [33mstyle[39m=[32m"visibility: visible;"[39m
              [33mtitle[39m=[32m"Biology"[39m
            [36m>[39m
              [0mBiology[0m
            [36m</div>[39m
            [36m<input[39m
              [33maria-autocomplete[39m=[32m"list"[39m
              [33maria-expanded[39m=[32m"false"[39m
              [33maria-haspopup[39m=[32m"listbox"[39m
              [33mautocomplete[39m=[32m"off"[39m
              [33mclass[39m=[32m"ant-select-input"[39m
              [33mid[39m=[32m"test-id"[39m
              [33mreadonly[39m=[32m""[39m
              [33mrole[39m=[32m"combobox"[39m
              [33mtype[39m=[32m"search"[39m
              [33mvalue[39m=[32m""[39m
            [36m/>[39m
          [36m</div>[39m
          [36m<div[39m
            [33mclass[39m=[32m"ant-select-suffix"[39m
          [36m>[39m
            [36m<span[39m
              [33maria-label[39m=[32m"down"[39m
              [33mclass[39m=[32m"anticon anticon-down"[39m
              [33mrole[39m=[32m"img"[39m
            [36m>[39m
              [36m<svg[39m
                [33maria-hidden[39m=[32m"true"[39m
                [33mdata-icon[39m=[32m"down"[39m
                [33mfill[39m=[32m"currentColor"[39m
                [33mfocusable[39m=[32m"false"[39m
                [33mheight[39m=[32m"1em"[39m
                [33mviewBox[39m=[32m"64 64 896 896"[39m
                [33mwidth[39m=[32m"1em"[39m
              [36m>[39m
                [36m<path[39m
                  [33md[39m=[32m"M884 256h-75c-5.1 0-9.9 2.5-12.9 6.6L512 654.2 227.9 262.6c-3-4.1-7.8-6.6-12.9-6.6h-75c-6.5 0-10.3 7.4-6.5 12.7l352.6 486.1c12.8 17.6 39 17.6 51.7 0l352.6-486.1c3.9-5.3.1-12.7-6.4-12.7z"[39m
                [36m/>[39m
              [36m</svg>[39m
            [36m</span>[39m
          [36m</div>[39m
          [36m<div[39m
            [33mclass[39m=[32m"ant-select-clear"[39m
          [36m>[39m
            [36m<span[39m
              [33maria-label[39m=[32m"close-circle"[39m
              [33mclass[39m=[32m"anticon anticon-close-circle"[39m
              [33mrole[39m=[32m"img"[39m
            [36m>[39m
              [36m<svg[39m
                [33maria-hidden[39m=[32m"true"[39m
                [33mdata-icon[39m=[32m"close-circle"[39m
                [33mfill[39m=[32m"currentColor"[39m
                [33mfill-rule[39m=[32m"evenodd"[39m
                [33mfocusable[39m=[32m"false"[39m
                [33mheight[39m=[32m"1em"[39m
                [33mviewBox[39m=[32m"64 64 896 896"[39m
                [33mwidth[39m=[32m"1em"[39m
              [36m>[39m
                [36m<path[39m
                  [33md[39m=[32m"M512 64c247.4 0 448 200.6 448 448S759.4 960 512 960 64 759.4 64 512 264.6 64 512 64zm127.98 274.82h-.04l-.08.06L512 466.75 384.14 338.88c-.04-.05-.06-.06-.08-.06a.12.12 0 00-.07 0c-.03 0-.05.01-.09.05l-45.02 45.02a.2.2 0 00-.05.09.12.12 0 000 .07v.02a.27.27 0 00.06.06L466.75 512 338.88 639.86c-.05.04-.06.06-.06.08a.12.12 0 000 .07c0 .03.01.05.05.09l45.02 45.02a.2.2 0 00.09.05.12.12 0 00.07 0c.02 0 .04-.01.08-.05L512 557.25l127.86 127.87c.04.04.06.05.08.05a.12.12 0 00.07 0c.03 0 .05-.01.09-.05l45.02-45.02a.2.2 0 00.05-.09.12.12 0 000-.07v-.02a.27.27 0 00-.05-.06L557.25 512l127.87-127.86c.04-.04.05-.06.05-.08a.12.12 0 000-.07c0-.03-.01-.05-.05-.09l-45.02-45.02a.2.2 0 00-.09-.05.12.12 0 00-.07 0z"[39m
                [36m/>[39m
              [36m</svg>[39m
            [36m</span>[39m
          [36m</div>[39m
        [36m</div>[39m
        [36m<div[39m
          [33maria-label[39m=[32m"segmented control"[39m
          [33maria-orientation[39m=[32m"horizontal"[39m
          [33mclass[39m=[32m"ant-segmented css-dev-only-do-not-override-3uaqrl css-var-root"[39m
          [33mdata-testid[39m=[32m"flashcards-review-mode-toggle"[39m
          [33mrole[39m=[32m"radiogroup"[39m
          [33mtabindex[39m=[32m"0"[39m
        [36m>[39m
          [36m<div[39m
            [33mclass[39m=[32m"ant-segmented-group"[39m
          [36m>[39m
            [36m<label[39m
              [33mclass[39m=[32m"ant-segmented-item"[39m
            [36m>[39m
              [36m<input[39m
                [33mchecked[39m=[32m""[39m
                [33mclass[39m=[32m"ant-segmented-item-input"[39m
                [33mname[39m=[32m"test-id"[39m
                [33mtype[39m=[32m"radio"[39m
              [36m/>[39m
              [36m<div[39m
                [33mclass[39m=[32m"ant-segmented-item-label"[39m
                [33mtitle[39m=[32m"Due only"[39m
              [36m>[39m
                [0mDue only[0m
              [36m</div>[39m
            [36m</label>[39m
            [36m<label[39m
              [33mclass[39m=[32m"ant-segmented-item ant-segmented-item-selected"[39m
            [36m>[39m
              [36m<input[39m
                [33mclass[39m=[32m"ant-segmented-item-input"[39m
                [33mname[39m=[32m"test-id"[39m
                [33mtype[39m=[32m"radio"[39m
              [36m/>[39m
              [36m<div[39m
                [33mclass[39m=[32m"ant-segmented-item-label"[39m
                [33mtitle[39m=[32m"Cram"[39m
              [36m>[39m
                [0mCram[0m
              [36m</div>[39m
            [36m</label>[39m
          [36m</div>[39m
        [36m</div>[39m
        [36m<div[39m
          [33maria-label[39m=[32m"segmented control"[39m
          [33maria-orientation[39m=[32m"horizontal"[39m
          [33mclass[39m=[32m"ant-segmented css-dev-only-do-not-override-3uaqrl css-var-root"[39m
          [33mdata-testid[39m=[32m"flashcards-review-prompt-side-toggle"[39m
          [33mrole[39m=[32m"radiogroup"[39m
          [33mtabindex[39m=[32m"0"[39m
        [36m>[39m
          [36m<div[39m
            [33mclass[39m=[32m"ant-segmented-group"[39m
          [36m>[39m
            [36m<label[39m
              [33mclass[39m=[32m"ant-segmented-item ant-segmented-item-selected"[39m
            [36m>[39m
              [36m<input[39m
                [33mchecked[39m=[32m""[39m
                [33mclass[39m=[32m"ant-segmented-item-input"[39m
                [33mname[39m=[32m"test-id"[39m
                [33mtype[39m=[32m"radio"[39m
              [36m/>[39m
              [36m<div[39m
                [33mclass[39m=[32m"ant-segmented-item-label"[39m
                [33mtitle[39m=[32m"Front first"[39m
              [36m>[39m
                [0mFront first[0m
              [36m</div>[39m
            [36m</label>[39m
            [36m<label[39m
              [33mclass[39m=[32m"ant-segmented-item"[39m
            [36m>[39m
              [36m<input[39m
                [33mclass[39m=[32m"ant-segmented-item-input"[39m
                [33mname[39m=[32m"test-id"[39m
                [33mtype[39m=[32m"radio"[39m
              [36m/>[39m
              [36m<div[39m
                [33mclass[39m=[32m"ant-segmented-item-label"[39m
                [33mtitle[39m=[32m"Back first"[39m
              [36m>[39m
                [0mBack first[0m
              [36m</div>[39m
            [36m</label>[39m
          [36m</div>[39m
        [36m</div>[39m
        [36m<span[39m
          [33mclass[39m=[32m"ant-input-affix-wrapper css-dev-only-do-not-override-3uaqrl ant-input-outlined min-w-56 max-w-full flex-1 css-var-root ant-input-css-var"[39m
        [36m>[39m
          [36m<input[39m
            [33mclass[39m=[32m"ant-input css-dev-only-do-not-override-3uaqrl"[39m
            [33mdata-testid[39m=[32m"flashcards-review-cram-tag"[39m
            [33mplaceholder[39m=[32m"Filter cram by tag (optional)"[39m
            [33mtype[39m=[32m"text"[39m
            [33mvalue[39m=[32m""[39m
          [36m/>[39m
          [36m<span[39m
            [33mclass[39m=[32m"ant-input-suffix"[39m
          [36m>[39m
            [36m<button[39m
              [33mclass[39m=[32m"ant-input-clear-icon ant-input-clear-icon-hidden"[39m
              [33mtabindex[39m=[32m"-1"[39m
              [33mtype[39m=[32m"button"[39m
            [36m>[39m
              [36m<span[39m
                [33maria-label[39m=[32m"close-circle"[39m
                [33mclass[39m=[32m"anticon anticon-close-circle"[39m
                [33mrole[39m=[32m"img"[39m
              [36m>[39m
                [36m<svg[39m
                  [33maria-hidden[39m=[32m"true"[39m
                  [33mdata-icon[39m=[32m"close-circle"[39m
                  [33mfill[39m=[32m"currentColor"[39m
                  [33mfill-rule[39m=[32m"evenodd"[39m
                  [33mfocusable[39m=[32m"false"[39m
                  [33mheight[39m=[32m"1em"[39m
                  [33mviewBox[39m=[32m"64 64 896 896"[39m
                  [33mwidth[39m=[32m"1em"[39m
                [36m>[39m
                  [36m<path[39m
                    [33md[39m=[32m"M512 64c247.4 0 448 200.6 448 448S759.4 960 512 960 64 759.4 64 512 264.6 64 512 64zm127.98 274.82h-.04l-.08.06L512 466.75 384.14 338.88c-.04-.05-.06-.06-.08-.06a.12.12 0 00-.07 0c-.03 0-.05.01-.09.05l-45.02 45.02a.2.2 0 00-.05.09.12.12 0 000 .07v.02a.27.27 0 00.06.06L466.75 512 338.88 639.86c-.05.04-.06.06-.06.08a.12.12 0 000 .07c0 .03.01.05.05.09l45.02 45.02a.2.2 0 00.09.05.12.12 0 00.07 0c.02 0 .04-.01.08-.05L512 557.25l127.86 127.87c.04.04.06.05.08.05a.12.12 0 00.07 0c.03 0 .05-.01.09-.05l45.02-45.02a.2.2 0 00.05-.09.12.12 0 000-.07v-.02a.27.27 0 00-.05-.06L557.25 512l127.87-127.86c.04-.04.05-.06.05-.08a.12.12 0 000-.07c0-.03-.01-.05-.05-.09l-45.02-45.02a.2.2 0 00-.09-.05.12.12 0 00-.07 0z"[39m
                  [36m/>[39m
                [36m</svg>[39m
              [36m</span>[39m
            [36m</button>[39m
          [36m</span>[39m
        [36m</span>[39m
        [36m<div[39m
          [33mclass[39m=[32m"ant-space css-dev-only-do-not-override-3uaqrl ant-space-horizontal ant-space-align-center css-var-root"[39m
          [33mstyle[39m=[32m"column-gap: 6px; row-gap: 6px;"[39m
        [36m>[39m
          [36m<div[39m
            [33mclass[39m=[32m"ant-space-item"[39m
          [36m>[39m
            [36m<span[39m
              [33mclass[39m=[32m"ant-typography ant-typography-secondary text-xs css-dev-only-do-not-override-3uaqrl css-var-root"[39m
            [36m>[39m
              [0mUpdate schedule[0m
            [36m</span>[39m
          [36m</div>[39m
          [36m<div[39m
            [33mclass[39m=[32m"ant-space-item"[39m
          [36m>[39m
            [36m<button[39m
              [33maria-checked[39m=[32m"false"[39m
              [33mclass[39m=[32m"ant-switch css-dev-only-do-not-override-3uaqrl css-var-root"[39m
              [33mdata-testid[39m=[32m"flashcards-review-cram-update-schedule"[39m
              [33mrole[39m=[32m"switch"[39m
              [33mtype[39m=[32m"button"[39m
            [36m>[39m
              [36m<div[39m
                [33mclass[39m=[32m"ant-switch-handle"[39m
              [36m/>[39m
              [36m<span[39m
                [33mclass[39m=[32m"ant-switch-inner"[39m
              [36m>[39m
                [36m<span[39m
                  [33mclass[39m=[32m"ant-switch-inner-checked"[39m
                [36m/>[39m
                [36m<span[39m
                  [33mclass[39m=[32m"ant-switch-inner-unchecked"[39m
                [36m/>[39m
              [36m</span>[39m
            [36m</button>[39m
          [36m</div>[39m
        [36m</div>[39m
        [36m<button[39m
          [33mclass[39m=[32m"ant-btn css-dev-only-do-not-override-3uaqrl css-var-root ant-btn-primary ant-btn-color-primary ant-btn-variant-solid min-h-11"[39m
          [33mdata-testid[39m=[32m"flashcards-review-create-cta"[39m
          [33mtype[39m=[32m"button"[39m
        [36m>[39m
          [36m<span>[39m
            [0mCreate card[0m
          [36m</span>[39m
        [36m</button>[39m
      [36m</div>[39m
      [36m<div[39m
        [33mclass[39m=[32m"mt-4"[39m
      [36m>[39m
        [36m<div[39m
          [33mclass[39m=[32m"ant-card ant-card-bordered ant-card-small css-dev-only-do-not-override-3uaqrl css-var-root"[39m
        [36m>[39m
          [36m<div[39m
            [33mclass[39m=[32m"ant-card-head"[39m
          [36m>[39m
            [36m<div[39m
              [33mclass[39m=[32m"ant-card-head-wrapper"[39m
            [36m>[39m
              [36m<div[39m
                [33mclass[39m=[32m"ant-card-head-title"[39m
              [36m>[39m
                [0mRecent study sessions[0m
              [36m</div>[39m
            [36m</div>[39m
          [36m</div>[39m
          [36m<div[39m
            [33mclass[39m=[32m"ant-card-body"[39m
          [36m>[39m
            [36m<div[39m
              [33mclass[39m=[32m"mx-auto text-center p-4 max-w-sm bg-transparent"[39m
              [33mdata-ds-component[39m=[32m"EmptyState"[39m
            [36m>[39m
              [36m<div[39m
                [33mclass[39m=[32m"space-y-3"[39m
              [36m>[39m
                [36m<h2[39m
                  [33mclass[39m=[32m"font-semibold text-text text-sm"[39m
                [36m>[39m
                  [0mNo completed study sessions yet.[0m
                [36m</h2>[39m
              [36m</div>[39m
            [36m</div>[39m
          [36m</div>[39m
        [36m</div>[39m
      [36m</div>[39m
    [36m</div>[39m
  [36m</div>[39m
[36m</body>[39m

Ignored nodes: comments, script, style
[36m<body>[39m
  [36m<div>[39m
    [36m<div>[39m
      [36m<div[39m
        [33mclass[39m=[32m"mb-3 flex flex-wrap items-center gap-2 "[39m
        [33mdata-testid[39m=[32m"flashcards-review-topbar"[39m
      [36m>[39m
        [36m<div[39m
          [33mclass[39m=[32m"ant-select ant-select-outlined min-w-64 max-w-full flex-1 css-var-root ant-select-css-var css-dev-only-do-not-override-3uaqrl ant-select-single ant-select-allow-clear ant-select-show-arrow"[39m
          [33mdata-testid[39m=[32m"flashcards-review-deck-select"[39m
        [36m>[39m
          [36m<div[39m
            [33mclass[39m=[32m"ant-select-content"[39m
          [36m>[39m
            [36m<div[39m
              [33mclass[39m=[32m"ant-select-content-value"[39m
              [33mstyle[39m=[32m"visibility: visible;"[39m
              [33mtitle[39m=[32m"Biology"[39m
            [36m>[39m
              [0mBiology[0m
            [36m</div>[39m
            [36m<input[39m
              [33maria-autocomplete[39m=[32m"list"[39m
              [33maria-expanded[39m=[32m"false"[39m
              [33maria-haspopup[39m=[32m"listbox"[39m
              [33mautocomplete[39m=[32m"off"[39m
              [33mclass[39m=[32m"ant-select-input"[39m
              [33mid[39m=[32m"test-id"[39m
              [33mreadonly[39m=[32m""[39m
              [33mrole[39m=[32m"combobox"[39m
              [33mtype[39m=[32m"search"[39m
              [33mvalue[39m=[32m""[39m
            [36m/>[39m
          [36m</div>[39m
          [36m<div[39m
            [33mclass[39m=[32m"ant-select-suffix"[39m
          [36m>[39m
            [36m<span[39m
              [33maria-label[39m=[32m"down"[39m
              [33mclass[39m=[32m"anticon anticon-down"[39m
              [33mrole[39m=[32m"img"[39m
            [36m>[39m
              [36m<svg[39m
                [33maria-hidden[39m=[32m"true"[39m
                [33mdata-icon[39m=[32m"down"[39m
                [33mfill[39m=[32m"currentColor"[39m
                [33mfocusable[39m=[32m"false"[39m
                [33mheight[39m=[32m"1em"[39m
                [33mviewBox[39m=[32m"64 64 896 896"[39m
                [33mwidth[39m=[32m"1em"[39m
              [36m>[39m
                [36m<path[39m
                  [33md[39m=[32m"M884 256h-75c-5.1 0-9.9 2.5-12.9 6.6L512 654.2 227.9 262.6c-3-4.1-7.8-6.6-12.9-6.6h-75c-6.5 0-10.3 7.4-6.5 12.7l352.6 486.1c12.8 17.6 39 17.6 51.7 0l352.6-486.1c3.9-5.3.1-12.7-6.4-12.7z"[39m
                [36m/>[39m
              [36m</svg>[39m
            [36m</span>[39m
          [36m</div>[39m
          [36m<div[39m
            [33mclass[39m=[32m"ant-select-clear"[39m
          [36m>[39m
            [36m<span[39m
              [33maria-label[39m=[32m"close-circle"[39m
              [33mclass[39m=[32m"anticon anticon-close-circle"[39m
              [33mrole[39m=[32m"img"[39m
            [36m>[39m
              [36m<svg[39m
                [33maria-hidden[39m=[32m"true"[39m
                [33mdata-icon[39m=[32m"close-circle"[39m
                [33mfill[39m=[32m"currentColor"[39m
                [33mfill-rule[39m=[32m"evenodd"[39m
                [33mfocusable[39m=[32m"false"[39m
                [33mheight[39m=[32m"1em"[39m
                [33mviewBox[39m=[32m"64 64 896 896"[39m
                [33mwidth[39m=[32m"1em"[39m
              [36m>[39m
                [36m<path[39m
                  [33md[39m=[32m"M512 64c247.4 0 448 200.6 448 448S759.4 960 512 960 64 759.4 64 512 264.6 64 512 64zm127.98 274.82h-.04l-.08.06L512 466.75 384.14 338.88c-.04-.05-.06-.06-.08-.06a.12.12 0 00-.07 0c-.03 0-.05.01-.09.05l-45.02 45.02a.2.2 0 00-.05.09.12.12 0 000 .07v.02a.27.27 0 00.06.06L466.75 512 338.88 639.86c-.05.04-.06.06-.06.08a.12.12 0 000 .07c0 .03.01.05.05.09l45.02 45.02a.2.2 0 00.09.05.12.12 0 00.07 0c.02 0 .04-.01.08-.05L512 557.25l127.86 127.87c.04.04.06.05.08.05a.12.12 0 00.07 0c.03 0 .05-.01.09-.05l45.02-45.02a.2.2 0 00.05-.09.12.12 0 000-.07v-.02a.27.27 0 00-.05-.06L557.25 512l127.87-127.86c.04-.04.05-.06.05-.08a.12.12 0 000-.07c0-.03-.01-.05-.05-.09l-45.02-45.02a.2.2 0 00-.09-.05.12.12 0 00-.07 0z"[39m
                [36m/>[39m
              [36m</svg>[39m
            [36m</span>[39m
          [36m</div>[39m
        [36m</div>[39m
        [36m<div[39m
          [33maria-label[39m=[32m"segmented control"[39m
          [33maria-orientation[39m=[32m"horizontal"[39m
          [33mclass[39m=[32m"ant-segmented css-dev-only-do-not-override-3uaqrl css-var-root"[39m
          [33mdata-testid[39m=[32m"flashcards-review-mode-toggle"[39m
          [33mrole[39m=[32m"radiogroup"[39m
          [33mtabindex[39m=[32m"0"[39m
        [36m>[39m
          [36m<div[39m
            [33mclass[39m=[32m"ant-segmented-group"[39m
          [36m>[39m
            [36m<label[39m
              [33mclass[39m=[32m"ant-segmented-item"[39m
            [36m>[39m
              [36m<input[39m
                [33mchecked[39m=[32m""[39m
                [33mclass[39m=[32m"ant-segmented-item-input"[39m
                [33mname[39m=[32m"test-id"[39m
                [33mtype[39m=[32m"radio"[39m
              [36m/>[39m
              [36m<div[39m
                [33mclass[39m=[32m"ant-segmented-item-label"[39m
                [33mtitle[39m=[32m"Due only"[39m
              [36m>[39m
                [0mDue only[0m
              [36m</div>[39m
            [36m</label>[39m
            [36m<label[39m
              [33mclass[39m=[32m"ant-segmented-item ant-segmented-item-selected"[39m
            [36m>[39m
              [36m<input[39m
                [33mclass[39m=[32m"ant-segmented-item-input"[39m
                [33mname[39m=[32m"test-id"[39m
                [33mtype[39m=[32m"radio"[39m
              [36m/>[39m
              [36m<div[39m
                [33mclass[39m=[32m"ant-segmented-item-label"[39m
                [33mtitle[39m=[32m"Cram"[39m
              [36m>[39m
                [0mCram[0m
              [36m</div>[39m
            [36m</label>[39m
          [36m</div>[39m
        [36m</div>[39m
        [36m<div[39m
          [33maria-label[39m=[32m"segmented control"[39m
          [33maria-orientation[39m=[32m"horizontal"[39m
          [33mclass[39m=[32m"ant-segmented css-dev-only-do-not-override-3uaqrl css-var-root"[39m
          [33mdata-testid[39m=[32m"flashcards-review-prompt-side-toggle"[39m
          [33mrole[39m=[32m"radiogroup"[39m
          [33mtabindex[39m=[32m"0"[39m
        [36m>[39m
          [36m<div[39m
            [33mclass[39m=[32m"ant-segmented-group"[39m
          [36m>[39m
            [36m<label[39m
              [33mclass[39m=[32m"ant-segmented-item ant-segmented-item-selected"[39m
            [36m>[39m
              [36m<input[39m
                [33mchecked[39m=[32m""[39m
                [33mclass[39m=[32m"ant-segmented-item-input"[39m
                [33mname[39m=[32m"test-id"[39m
                [33mtype[39m=[32m"radio"[39m
              [36m/>[39m
              [36m<div[39m
                [33mclass[39m=[32m"ant-segmented-item-label"[39m
                [33mtitle[39m=[32m"Front first"[39m
              [36m>[39m
                [0mFront first[0m
              [36m</div>[39m
            [36m</label>[39m
            [36m<label[39m
              [33mclass[39m=[32m"ant-segmented-item"[39m
            [36m>[39m
              [36m<input[39m
                [33mclass[39m=[32m"ant-segmented-item-input"[39m
                [33mname[39m=[32m"test-id"[39m
                [33mtype[39m=[32m"radio"[39m
              [36m/>[39m
              [36m<div[39m
                [33mclass[39m=[32m"ant-segmented-item-label"[39m
                [33mtitle[39m=[32m"Back first"[39m
              [36m>[39m
                [0mBack first[0m
              [36m</div>[39m
            [36m</label>[39m
          [36m</div>[39m
        [36m</div>[39m
        [36m<span[39m
          [33mclass[39m=[32m"ant-input-affix-wrapper css-dev-only-do-not-override-3uaqrl ant-input-outlined min-w-56 max-w-full flex-1 css-var-root ant-input-css-var"[39m
        [36m>[39m
          [36m<input[39m
            [33mclass[39m=[32m"ant-input css-dev-only-do-not-override-3uaqrl"[39m
            [33mdata-testid[39m=[32m"flashcards-review-cram-tag"[39m
            [33mplaceholder[39m=[32m"Filter cram by tag (optional)"[39m
            [33mtype[39m=[32m"text"[39m
            [33mvalue[39m=[32m""[39m
          [36m/>[39m
          [36m<span[39m
            [33mclass[39m=[32m"ant-input-suffix"[39m
          [36m>[39m
            [36m<button[39m
              [33mclass[39m=[32m"ant-input-clear-icon ant-input-clear-icon-hidden"[39m
              [33mtabindex[39m=[32m"-1"[39m
              [33mtype[39m=[32m"button"[39m
            [36m>[39m
              [36m<span[39m
                [33maria-label[39m=[32m"close-circle"[39m
                [33mclass[39m=[32m"anticon anticon-close-circle"[39m
                [33mrole[39m=[32m"img"[39m
              [36m>[39m
                [36m<svg[39m
                  [33maria-hidden[39m=[32m"true"[39m
                  [33mdata-icon[39m=[32m"close-circle"[39m
                  [33mfill[39m=[32m"currentColor"[39m
                  [33mfill-rule[39m=[32m"evenodd"[39m
                  [33mfocusable[39m=[32m"false"[39m
                  [33mheight[39m=[32m"1em"[39m
                  [33mviewBox[39m=[32m"64 64 896 896"[39m
                  [33mwidth[39m=[32m"1em"[39m
                [36m>[39m
                  [36m<path[39m
                    [33md[39m=[32m"M512 64c247.4 0 448 200.6 448 448S759.4 960 512 960 64 759.4 64 512 264.6 64 512 64zm127.98 274.82h-.04l-.08.06L512 466.75 384.14 338.88c-.04-.05-.06-.06-.08-.06a.12.12 0 00-.07 0c-.03 0-.05.01-.09.05l-45.02 45.02a.2.2 0 00-.05.09.12.12 0 000 .07v.02a.27.27 0 00.06.06L466.75 512 338.88 639.86c-.05.04-.06.06-.06.08a.12.12 0 000 .07c0 .03.01.05.05.09l45.02 45.02a.2.2 0 00.09.05.12.12 0 00.07 0c.02 0 .04-.01.08-.05L512 557.25l127.86 127.87c.04.04.06.05.08.05a.12.12 0 00.07 0c.03 0 .05-.01.09-.05l45.02-45.02a.2.2 0 00.05-.09.12.12 0 000-.07v-.02a.27.27 0 00-.05-.06L557.25 512l127.87-127.86c.04-.04.05-.06.05-.08a.12.12 0 000-.07c0-.03-.01-.05-.05-.09l-45.02-45.02a.2.2 0 00-.09-.05.12.12 0 00-.07 0z"[39m
                  [36m/>[39m
                [36m</svg>[39m
              [36m</span>[39m
            [36m</button>[39m
          [36m</span>[39m
        [36m</span>[39m
        [36m<div[39m
          [33mclass[39m=[32m"ant-space css-dev-only-do-not-override-3uaqrl ant-space-horizontal ant-space-align-center css-var-root"[39m
          [33mstyle[39m=[32m"column-gap: 6px; row-gap: 6px;"[39m
        [36m>[39m
          [36m<div[39m
            [33mclass[39m=[32m"ant-space-item"[39m
          [36m>[39m
            [36m<span[39m
              [33mclass[39m=[32m"ant-typography ant-typography-secondary text-xs css-dev-only-do-not-override-3uaqrl css-var-root"[39m
            [36m>[39m
              [0mUpdate schedule[0m
            [36m</span>[39m
          [36m</div>[39m
          [36m<div[39m
            [33mclass[39m=[32m"ant-space-item"[39m
          [36m>[39m
            [36m<button[39m
              [33maria-checked[39m=[32m"false"[39m
              [33mclass[39m=[32m"ant-switch css-dev-only-do-not-override-3uaqrl css-var-root"[39m
              [33mdata-testid[39m=[32m"flashcards-review-cram-update-schedule"[39m
              [33mrole[39m=[32m"switch"[39m
              [33mtype[39m=[32m"button"[39m
            [36m>[39m
              [36m<div[39m
                [33mclass[39m=[32m"ant-switch-handle"[39m
              [36m/>[39m
              [36m<span[39m
                [33mclass[39m=[32m"ant-switch-inner"[39m
              [36m>[39m
                [36m<span[39m
                  [33mclass[39m=[32m"ant-switch-inner-checked"[39m
                [36m/>[39m
                [36m<span[39m
                  [33mclass[39m=[32m"ant-switch-inner-unchecked"[39m
                [36m/>[39m
              [36m</span>[39m
            [36m</button>[39m
          [36m</div>[39m
        [36m</div>[39m
        [36m<button[39m
          [33mclass[39m=[32m"ant-btn css-dev-only-do-not-override-3uaqrl css-var-root ant-btn-primary ant-btn-color-primary ant-btn-variant-solid min-h-11"[39m
          [33mdata-testid[39m=[32m"flashcards-review-create-cta"[39m
          [33mtype[39m=[32m"button"[39m
        [36m>[39m
          [36m<span>[39m
            [0mCreate card[0m
          [36m</span>[39m
        [36m</button>[39m
      [36m</div>[39m
      [36m<div[39m
        [33mclass[39m=[32m"mt-4"[39m
      [36m>[39m
        [36m<div[39m
          [33mclass[39m=[32m"ant-card ant-card-bordered ant-card-small css-dev-only-do-not-override-3uaqrl css-var-root"[39m
        [36m>[39m
          [36m<div[39m
            [33mclass[39m=[32m"ant-card-head"[39m
          [36m>[39m
            [36m<div[39m
              [33mclass[39m=[32m"ant-card-head-wrapper"[39m
            [36m>[39m
              [36m<div[39m
                [33mclass[39m=[32m"ant-card-head-title"[39m
              [36m>[39m
                [0mRecent study sessions[0m
              [36m</div>[39m
            [36m</div>[39m
          [36m</div>[39m
          [36m<div[39m
            [33mclass[39m=[32m"ant-card-body"[39m
          [36m>[39m
            [36m<div[39m
              [33mclass[39m=[32m"mx-auto text-center p-4 max-w-sm bg-transparent"[39m
              [33mdata-ds-component[39m=[32m"EmptyState"[39m
            [36m>[39m
              [36m<div[39m
                [33mclass[39m=[32m"space-y-3"[39m
              [36m>[39m
                [36m<h2[39m
                  [33mclass[39m=[32m"font-semibold text-text text-sm"[39m
                [36m>[39m
                  [0mNo completed study sessions yet.[0m
                [36m</h2>[39m
              [36m</div>[39m
            [36m</div>[39m
          [36m</div>[39m
        [36m</div>[39m
      [36m</div>[39m
    [36m</div>[39m
  [36m</div>[39m
[36m</body>[39m
 ❯ waitForWrapper ../node_modules/.bun/@testing-library+dom@10.4.1/node_modules/@testing-library/dom/dist/wait-for.js:163:27
 ❯ ../node_modules/.bun/@testing-library+dom@10.4.1/node_modules/@testing-library/dom/dist/query-helpers.js:86:33
 ❯ ../packages/ui/src/components/Flashcards/tabs/__tests__/ReviewTab.cram-mode.test.tsx:455:25
    453|     vi.mocked(listFlashcards).mockReturnValue(response.promise)
    454|     const { template } = mountRealQueue()
    455|     expect(await screen.findByText("Loading cram cards...")).toBeInThe…
       |                         ^
    456|     expect(screen.queryByText("Cram session complete!")).not.toBeInThe…
    457|     expect(screen.queryByText("Unable to load cram cards")).not.toBeIn…

⎯⎯⎯⎯⎯⎯⎯⎯⎯⎯⎯⎯⎯⎯⎯⎯⎯⎯⎯⎯⎯⎯⎯⎯[3/5]⎯

 FAIL  ../packages/ui/src/components/Flashcards/tabs/__tests__/ReviewTab.cram-mode.test.tsx > ReviewTab cram mode > keeps an error visible with cached cards and preserves practiced identities through retry
TestingLibraryElementError: Unable to find an element with the text: Unable to load cram cards. This could be because the text is broken up by multiple elements. In this case, you can provide a function for your text matcher to make your matcher more flexible.

Ignored nodes: comments, script, style
[36m<body>[39m
  [36m<div>[39m
    [36m<div>[39m
      [36m<div[39m
        [33mclass[39m=[32m"mb-3 flex flex-wrap items-center gap-2 rounded border border-border/70 bg-surface2/60 p-2"[39m
        [33mdata-testid[39m=[32m"flashcards-review-topbar"[39m
      [36m>[39m
        [36m<div[39m
          [33mclass[39m=[32m"ant-select ant-select-outlined min-w-64 max-w-full flex-1 css-var-root ant-select-css-var css-dev-only-do-not-override-3uaqrl ant-select-single ant-select-allow-clear ant-select-show-arrow"[39m
          [33mdata-testid[39m=[32m"flashcards-review-deck-select"[39m
        [36m>[39m
          [36m<div[39m
            [33mclass[39m=[32m"ant-select-content"[39m
          [36m>[39m
            [36m<div[39m
              [33mclass[39m=[32m"ant-select-content-value"[39m
              [33mstyle[39m=[32m"visibility: visible;"[39m
              [33mtitle[39m=[32m"Biology"[39m
            [36m>[39m
              [0mBiology[0m
            [36m</div>[39m
            [36m<input[39m
              [33maria-autocomplete[39m=[32m"list"[39m
              [33maria-expanded[39m=[32m"false"[39m
              [33maria-haspopup[39m=[32m"listbox"[39m
              [33mautocomplete[39m=[32m"off"[39m
              [33mclass[39m=[32m"ant-select-input"[39m
              [33mid[39m=[32m"test-id"[39m
              [33mreadonly[39m=[32m""[39m
              [33mrole[39m=[32m"combobox"[39m
              [33mtype[39m=[32m"search"[39m
              [33mvalue[39m=[32m""[39m
            [36m/>[39m
          [36m</div>[39m
          [36m<div[39m
            [33mclass[39m=[32m"ant-select-suffix"[39m
          [36m>[39m
            [36m<span[39m
              [33maria-label[39m=[32m"down"[39m
              [33mclass[39m=[32m"anticon anticon-down"[39m
              [33mrole[39m=[32m"img"[39m
            [36m>[39m
              [36m<svg[39m
                [33maria-hidden[39m=[32m"true"[39m
                [33mdata-icon[39m=[32m"down"[39m
                [33mfill[39m=[32m"currentColor"[39m
                [33mfocusable[39m=[32m"false"[39m
                [33mheight[39m=[32m"1em"[39m
                [33mviewBox[39m=[32m"64 64 896 896"[39m
                [33mwidth[39m=[32m"1em"[39m
              [36m>[39m
                [36m<path[39m
                  [33md[39m=[32m"M884 256h-75c-5.1 0-9.9 2.5-12.9 6.6L512 654.2 227.9 262.6c-3-4.1-7.8-6.6-12.9-6.6h-75c-6.5 0-10.3 7.4-6.5 12.7l352.6 486.1c12.8 17.6 39 17.6 51.7 0l352.6-486.1c3.9-5.3.1-12.7-6.4-12.7z"[39m
                [36m/>[39m
              [36m</svg>[39m
            [36m</span>[39m
          [36m</div>[39m
          [36m<div[39m
            [33mclass[39m=[32m"ant-select-clear"[39m
          [36m>[39m
            [36m<span[39m
              [33maria-label[39m=[32m"close-circle"[39m
              [33mclass[39m=[32m"anticon anticon-close-circle"[39m
              [33mrole[39m=[32m"img"[39m
            [36m>[39m
              [36m<svg[39m
                [33maria-hidden[39m=[32m"true"[39m
                [33mdata-icon[39m=[32m"close-circle"[39m
                [33mfill[39m=[32m"currentColor"[39m
                [33mfill-rule[39m=[32m"evenodd"[39m
                [33mfocusable[39m=[32m"false"[39m
                [33mheight[39m=[32m"1em"[39m
                [33mviewBox[39m=[32m"64 64 896 896"[39m
                [33mwidth[39m=[32m"1em"[39m
              [36m>[39m
                [36m<path[39m
                  [33md[39m=[32m"M512 64c247.4 0 448 200.6 448 448S759.4 960 512 960 64 759.4 64 512 264.6 64 512 64zm127.98 274.82h-.04l-.08.06L512 466.75 384.14 338.88c-.04-.05-.06-.06-.08-.06a.12.12 0 00-.07 0c-.03 0-.05.01-.09.05l-45.02 45.02a.2.2 0 00-.05.09.12.12 0 000 .07v.02a.27.27 0 00.06.06L466.75 512 338.88 639.86c-.05.04-.06.06-.06.08a.12.12 0 000 .07c0 .03.01.05.05.09l45.02 45.02a.2.2 0 00.09.05.12.12 0 00.07 0c.02 0 .04-.01.08-.05L512 557.25l127.86 127.87c.04.04.06.05.08.05a.12.12 0 00.07 0c.03 0 .05-.01.09-.05l45.02-45.02a.2.2 0 00.05-.09.12.12 0 000-.07v-.02a.27.27 0 00-.05-.06L557.25 512l127.87-127.86c.04-.04.05-.06.05-.08a.12.12 0 000-.07c0-.03-.01-.05-.05-.09l-45.02-45.02a.2.2 0 00-.09-.05.12.12 0 00-.07 0z"[39m
                [36m/>[39m
              [36m</svg>[39m
            [36m</span>[39m
          [36m</div>[39m
        [36m</div>[39m
        [36m<div[39m
          [33maria-label[39m=[32m"segmented control"[39m
          [33maria-orientation[39m=[32m"horizontal"[39m
          [33mclass[39m=[32m"ant-segmented css-dev-only-do-not-override-3uaqrl css-var-root"[39m
          [33mdata-testid[39m=[32m"flashcards-review-mode-toggle"[39m
          [33mrole[39m=[32m"radiogroup"[39m
          [33mtabindex[39m=[32m"0"[39m
        [36m>[39m
          [36m<div[39m
            [33mclass[39m=[32m"ant-segmented-group"[39m
          [36m>[39m
            [36m<label[39m
              [33mclass[39m=[32m"ant-segmented-item"[39m
            [36m>[39m
              [36m<input[39m
                [33mchecked[39m=[32m""[39m
                [33mclass[39m=[32m"ant-segmented-item-input"[39m
                [33mname[39m=[32m"test-id"[39m
                [33mtype[39m=[32m"radio"[39m
              [36m/>[39m
              [36m<div[39m
                [33mclass[39m=[32m"ant-segmented-item-label"[39m
                [33mtitle[39m=[32m"Due only"[39m
              [36m>[39m
                [0mDue only[0m
              [36m</div>[39m
            [36m</label>[39m
            [36m<label[39m
              [33mclass[39m=[32m"ant-segmented-item ant-segmented-item-selected"[39m
            [36m>[39m
              [36m<input[39m
                [33mclass[39m=[32m"ant-segmented-item-input"[39m
                [33mname[39m=[32m"test-id"[39m
                [33mtype[39m=[32m"radio"[39m
              [36m/>[39m
              [36m<div[39m
                [33mclass[39m=[32m"ant-segmented-item-label"[39m
                [33mtitle[39m=[32m"Cram"[39m
              [36m>[39m
                [0mCram[0m
              [36m</div>[39m
            [36m</label>[39m
          [36m</div>[39m
        [36m</div>[39m
        [36m<div[39m
          [33maria-label[39m=[32m"segmented control"[39m
          [33maria-orientation[39m=[32m"horizontal"[39m
          [33mclass[39m=[32m"ant-segmented css-dev-only-do-not-override-3uaqrl css-var-root"[39m
          [33mdata-testid[39m=[32m"flashcards-review-prompt-side-toggle"[39m
          [33mrole[39m=[32m"radiogroup"[39m
          [33mtabindex[39m=[32m"0"[39m
        [36m>[39m
          [36m<div[39m
            [33mclass[39m=[32m"ant-segmented-group"[39m
          [36m>[39m
            [36m<label[39m
              [33mclass[39m=[32m"ant-segmented...

Ignored nodes: comments, script, style
[36m<body>[39m
  [36m<div>[39m
    [36m<div>[39m
      [36m<div[39m
        [33mclass[39m=[32m"mb-3 flex flex-wrap items-center gap-2 rounded border border-border/70 bg-surface2/60 p-2"[39m
        [33mdata-testid[39m=[32m"flashcards-review-topbar"[39m
      [36m>[39m
        [36m<div[39m
          [33mclass[39m=[32m"ant-select ant-select-outlined min-w-64 max-w-full flex-1 css-var-root ant-select-css-var css-dev-only-do-not-override-3uaqrl ant-select-single ant-select-allow-clear ant-select-show-arrow"[39m
          [33mdata-testid[39m=[32m"flashcards-review-deck-select"[39m
        [36m>[39m
          [36m<div[39m
            [33mclass[39m=[32m"ant-select-content"[39m
          [36m>[39m
            [36m<div[39m
              [33mclass[39m=[32m"ant-select-content-value"[39m
              [33mstyle[39m=[32m"visibility: visible;"[39m
              [33mtitle[39m=[32m"Biology"[39m
            [36m>[39m
              [0mBiology[0m
            [36m</div>[39m
            [36m<input[39m
              [33maria-autocomplete[39m=[32m"list"[39m
              [33maria-expanded[39m=[32m"false"[39m
              [33maria-haspopup[39m=[32m"listbox"[39m
              [33mautocomplete[39m=[32m"off"[39m
              [33mclass[39m=[32m"ant-select-input"[39m
              [33mid[39m=[32m"test-id"[39m
              [33mreadonly[39m=[32m""[39m
              [33mrole[39m=[32m"combobox"[39m
              [33mtype[39m=[32m"search"[39m
              [33mvalue[39m=[32m""[39m
            [36m/>[39m
          [36m</div>[39m
          [36m<div[39m
            [33mclass[39m=[32m"ant-select-suffix"[39m
          [36m>[39m
            [36m<span[39m
              [33maria-label[39m=[32m"down"[39m
              [33mclass[39m=[32m"anticon anticon-down"[39m
              [33mrole[39m=[32m"img"[39m
            [36m>[39m
              [36m<svg[39m
                [33maria-hidden[39m=[32m"true"[39m
                [33mdata-icon[39m=[32m"down"[39m
                [33mfill[39m=[32m"currentColor"[39m
                [33mfocusable[39m=[32m"false"[39m
                [33mheight[39m=[32m"1em"[39m
                [33mviewBox[39m=[32m"64 64 896 896"[39m
                [33mwidth[39m=[32m"1em"[39m
              [36m>[39m
                [36m<path[39m
                  [33md[39m=[32m"M884 256h-75c-5.1 0-9.9 2.5-12.9 6.6L512 654.2 227.9 262.6c-3-4.1-7.8-6.6-12.9-6.6h-75c-6.5 0-10.3 7.4-6.5 12.7l352.6 486.1c12.8 17.6 39 17.6 51.7 0l352.6-486.1c3.9-5.3.1-12.7-6.4-12.7z"[39m
                [36m/>[39m
              [36m</svg>[39m
            [36m</span>[39m
          [36m</div>[39m
          [36m<div[39m
            [33mclass[39m=[32m"ant-select-clear"[39m
          [36m>[39m
            [36m<span[39m
              [33maria-label[39m=[32m"close-circle"[39m
              [33mclass[39m=[32m"anticon anticon-close-circle"[39m
              [33mrole[39m=[32m"img"[39m
            [36m>[39m
              [36m<svg[39m
                [33maria-hidden[39m=[32m"true"[39m
                [33mdata-icon[39m=[32m"close-circle"[39m
                [33mfill[39m=[32m"currentColor"[39m
                [33mfill-rule[39m=[32m"evenodd"[39m
                [33mfocusable[39m=[32m"false"[39m
                [33mheight[39m=[32m"1em"[39m
                [33mviewBox[39m=[32m"64 64 896 896"[39m
                [33mwidth[39m=[32m"1em"[39m
              [36m>[39m
                [36m<path[39m
                  [33md[39m=[32m"M512 64c247.4 0 448 200.6 448 448S759.4 960 512 960 64 759.4 64 512 264.6 64 512 64zm127.98 274.82h-.04l-.08.06L512 466.75 384.14 338.88c-.04-.05-.06-.06-.08-.06a.12.12 0 00-.07 0c-.03 0-.05.01-.09.05l-45.02 45.02a.2.2 0 00-.05.09.12.12 0 000 .07v.02a.27.27 0 00.06.06L466.75 512 338.88 639.86c-.05.04-.06.06-.06.08a.12.12 0 000 .07c0 .03.01.05.05.09l45.02 45.02a.2.2 0 00.09.05.12.12 0 00.07 0c.02 0 .04-.01.08-.05L512 557.25l127.86 127.87c.04.04.06.05.08.05a.12.12 0 00.07 0c.03 0 .05-.01.09-.05l45.02-45.02a.2.2 0 00.05-.09.12.12 0 000-.07v-.02a.27.27 0 00-.05-.06L557.25 512l127.87-127.86c.04-.04.05-.06.05-.08a.12.12 0 000-.07c0-.03-.01-.05-.05-.09l-45.02-45.02a.2.2 0 00-.09-.05.12.12 0 00-.07 0z"[39m
                [36m/>[39m
              [36m</svg>[39m
            [36m</span>[39m
          [36m</div>[39m
        [36m</div>[39m
        [36m<div[39m
          [33maria-label[39m=[32m"segmented control"[39m
          [33maria-orientation[39m=[32m"horizontal"[39m
          [33mclass[39m=[32m"ant-segmented css-dev-only-do-not-override-3uaqrl css-var-root"[39m
          [33mdata-testid[39m=[32m"flashcards-review-mode-toggle"[39m
          [33mrole[39m=[32m"radiogroup"[39m
          [33mtabindex[39m=[32m"0"[39m
        [36m>[39m
          [36m<div[39m
            [33mclass[39m=[32m"ant-segmented-group"[39m
          [36m>[39m
            [36m<label[39m
              [33mclass[39m=[32m"ant-segmented-item"[39m
            [36m>[39m
              [36m<input[39m
                [33mchecked[39m=[32m""[39m
                [33mclass[39m=[32m"ant-segmented-item-input"[39m
                [33mname[39m=[32m"test-id"[39m
                [33mtype[39m=[32m"radio"[39m
              [36m/>[39m
              [36m<div[39m
                [33mclass[39m=[32m"ant-segmented-item-label"[39m
                [33mtitle[39m=[32m"Due only"[39m
              [36m>[39m
                [0mDue only[0m
              [36m</div>[39m
            [36m</label>[39m
            [36m<label[39m
              [33mclass[39m=[32m"ant-segmented-item ant-segmented-item-selected"[39m
            [36m>[39m
              [36m<input[39m
                [33mclass[39m=[32m"ant-segmented-item-input"[39m
                [33mname[39m=[32m"test-id"[39m
                [33mtype[39m=[32m"radio"[39m
              [36m/>[39m
              [36m<div[39m
                [33mclass[39m=[32m"ant-segmented-item-label"[39m
                [33mtitle[39m=[32m"Cram"[39m
              [36m>[39m
                [0mCram[0m
              [36m</div>[39m
            [36m</label>[39m
          [36m</div>[39m
        [36m</div>[39m
        [36m<div[39m
          [33maria-label[39m=[32m"segmented control"[39m
          [33maria-orientation[39m=[32m"horizontal"[39m
          [33mclass[39m=[32m"ant-segmented css-dev-only-do-not-override-3uaqrl css-var-root"[39m
          [33mdata-testid[39m=[32m"flashcards-review-prompt-side-toggle"[39m
          [33mrole[39m=[32m"radiogroup"[39m
          [33mtabindex[39m=[32m"0"[39m
        [36m>[39m
          [36m<div[39m
            [33mclass[39m=[32m"ant-segmented-group"[39m
          [36m>[39m
            [36m<label[39m
              [33mclass[39m=[32m"ant-segmented...
 ❯ waitForWrapper ../node_modules/.bun/@testing-library+dom@10.4.1/node_modules/@testing-library/dom/dist/wait-for.js:163:27
 ❯ ../node_modules/.bun/@testing-library+dom@10.4.1/node_modules/@testing-library/dom/dist/query-helpers.js:86:33
 ❯ ../packages/ui/src/components/Flashcards/tabs/__tests__/ReviewTab.cram-mode.test.tsx:473:18
    471|     vi.mocked(listFlashcards).mockRejectedValue(new Error("HTTP500 Fai…
    472|     await act(async () => { await client.refetchQueries({ queryKey: ["…
    473|     await screen.findByText("Unable to load cram cards")
       |                  ^
    474|     expect(screen.getByText("Second card")).toBeInTheDocument()
    475|     expect(screen.getByTestId("flashcards-review-progress")).toHaveTex…

⎯⎯⎯⎯⎯⎯⎯⎯⎯⎯⎯⎯⎯⎯⎯⎯⎯⎯⎯⎯⎯⎯⎯⎯[4/5]⎯

 FAIL  ../packages/ui/src/components/Flashcards/tabs/__tests__/ReviewTab.cram-mode.test.tsx > ReviewTab cram mode > does not claim completion for a failed refresh after the cached queue is practiced
TestingLibraryElementError: Unable to find an element with the text: Unable to load cram cards. This could be because the text is broken up by multiple elements. In this case, you can provide a function for your text matcher to make your matcher more flexible.

Ignored nodes: comments, script, style
[36m<body>[39m
  [36m<div>[39m
    [36m<div>[39m
      [36m<div[39m
        [33mclass[39m=[32m"mb-3 flex flex-wrap items-center gap-2 rounded border border-border/70 bg-surface2/60 p-2"[39m
        [33mdata-testid[39m=[32m"flashcards-review-topbar"[39m
      [36m>[39m
        [36m<div[39m
          [33mclass[39m=[32m"ant-select ant-select-outlined min-w-64 max-w-full flex-1 css-var-root ant-select-css-var css-dev-only-do-not-override-3uaqrl ant-select-single ant-select-allow-clear ant-select-show-arrow"[39m
          [33mdata-testid[39m=[32m"flashcards-review-deck-select"[39m
        [36m>[39m
          [36m<div[39m
            [33mclass[39m=[32m"ant-select-content"[39m
          [36m>[39m
            [36m<div[39m
              [33mclass[39m=[32m"ant-select-content-value"[39m
              [33mstyle[39m=[32m"visibility: visible;"[39m
              [33mtitle[39m=[32m"Biology"[39m
            [36m>[39m
              [0mBiology[0m
            [36m</div>[39m
            [36m<input[39m
              [33maria-autocomplete[39m=[32m"list"[39m
              [33maria-expanded[39m=[32m"false"[39m
              [33maria-haspopup[39m=[32m"listbox"[39m
              [33mautocomplete[39m=[32m"off"[39m
              [33mclass[39m=[32m"ant-select-input"[39m
              [33mid[39m=[32m"test-id"[39m
              [33mreadonly[39m=[32m""[39m
              [33mrole[39m=[32m"combobox"[39m
              [33mtype[39m=[32m"search"[39m
              [33mvalue[39m=[32m""[39m
            [36m/>[39m
          [36m</div>[39m
          [36m<div[39m
            [33mclass[39m=[32m"ant-select-suffix"[39m
          [36m>[39m
            [36m<span[39m
              [33maria-label[39m=[32m"down"[39m
              [33mclass[39m=[32m"anticon anticon-down"[39m
              [33mrole[39m=[32m"img"[39m
            [36m>[39m
              [36m<svg[39m
                [33maria-hidden[39m=[32m"true"[39m
                [33mdata-icon[39m=[32m"down"[39m
                [33mfill[39m=[32m"currentColor"[39m
                [33mfocusable[39m=[32m"false"[39m
                [33mheight[39m=[32m"1em"[39m
                [33mviewBox[39m=[32m"64 64 896 896"[39m
                [33mwidth[39m=[32m"1em"[39m
              [36m>[39m
                [36m<path[39m
                  [33md[39m=[32m"M884 256h-75c-5.1 0-9.9 2.5-12.9 6.6L512 654.2 227.9 262.6c-3-4.1-7.8-6.6-12.9-6.6h-75c-6.5 0-10.3 7.4-6.5 12.7l352.6 486.1c12.8 17.6 39 17.6 51.7 0l352.6-486.1c3.9-5.3.1-12.7-6.4-12.7z"[39m
                [36m/>[39m
              [36m</svg>[39m
            [36m</span>[39m
          [36m</div>[39m
          [36m<div[39m
            [33mclass[39m=[32m"ant-select-clear"[39m
          [36m>[39m
            [36m<span[39m
              [33maria-label[39m=[32m"close-circle"[39m
              [33mclass[39m=[32m"anticon anticon-close-circle"[39m
              [33mrole[39m=[32m"img"[39m
            [36m>[39m
              [36m<svg[39m
                [33maria-hidden[39m=[32m"true"[39m
                [33mdata-icon[39m=[32m"close-circle"[39m
                [33mfill[39m=[32m"currentColor"[39m
                [33mfill-rule[39m=[32m"evenodd"[39m
                [33mfocusable[39m=[32m"false"[39m
                [33mheight[39m=[32m"1em"[39m
                [33mviewBox[39m=[32m"64 64 896 896"[39m
                [33mwidth[39m=[32m"1em"[39m
              [36m>[39m
                [36m<path[39m
                  [33md[39m=[32m"M512 64c247.4 0 448 200.6 448 448S759.4 960 512 960 64 759.4 64 512 264.6 64 512 64zm127.98 274.82h-.04l-.08.06L512 466.75 384.14 338.88c-.04-.05-.06-.06-.08-.06a.12.12 0 00-.07 0c-.03 0-.05.01-.09.05l-45.02 45.02a.2.2 0 00-.05.09.12.12 0 000 .07v.02a.27.27 0 00.06.06L466.75 512 338.88 639.86c-.05.04-.06.06-.06.08a.12.12 0 000 .07c0 .03.01.05.05.09l45.02 45.02a.2.2 0 00.09.05.12.12 0 00.07 0c.02 0 .04-.01.08-.05L512 557.25l127.86 127.87c.04.04.06.05.08.05a.12.12 0 00.07 0c.03 0 .05-.01.09-.05l45.02-45.02a.2.2 0 00.05-.09.12.12 0 000-.07v-.02a.27.27 0 00-.05-.06L557.25 512l127.87-127.86c.04-.04.05-.06.05-.08a.12.12 0 000-.07c0-.03-.01-.05-.05-.09l-45.02-45.02a.2.2 0 00-.09-.05.12.12 0 00-.07 0z"[39m
                [36m/>[39m
              [36m</svg>[39m
            [36m</span>[39m
          [36m</div>[39m
        [36m</div>[39m
        [36m<div[39m
          [33maria-label[39m=[32m"segmented control"[39m
          [33maria-orientation[39m=[32m"horizontal"[39m
          [33mclass[39m=[32m"ant-segmented css-dev-only-do-not-override-3uaqrl css-var-root"[39m
          [33mdata-testid[39m=[32m"flashcards-review-mode-toggle"[39m
          [33mrole[39m=[32m"radiogroup"[39m
          [33mtabindex[39m=[32m"0"[39m
        [36m>[39m
          [36m<div[39m
            [33mclass[39m=[32m"ant-segmented-group"[39m
          [36m>[39m
            [36m<label[39m
              [33mclass[39m=[32m"ant-segmented-item"[39m
            [36m>[39m
              [36m<input[39m
                [33mchecked[39m=[32m""[39m
                [33mclass[39m=[32m"ant-segmented-item-input"[39m
                [33mname[39m=[32m"test-id"[39m
                [33mtype[39m=[32m"radio"[39m
              [36m/>[39m
              [36m<div[39m
                [33mclass[39m=[32m"ant-segmented-item-label"[39m
                [33mtitle[39m=[32m"Due only"[39m
              [36m>[39m
                [0mDue only[0m
              [36m</div>[39m
            [36m</label>[39m
            [36m<label[39m
              [33mclass[39m=[32m"ant-segmented-item ant-segmented-item-selected"[39m
            [36m>[39m
              [36m<input[39m
                [33mclass[39m=[32m"ant-segmented-item-input"[39m
                [33mname[39m=[32m"test-id"[39m
                [33mtype[39m=[32m"radio"[39m
              [36m/>[39m
              [36m<div[39m
                [33mclass[39m=[32m"ant-segmented-item-label"[39m
                [33mtitle[39m=[32m"Cram"[39m
              [36m>[39m
                [0mCram[0m
              [36m</div>[39m
            [36m</label>[39m
          [36m</div>[39m
        [36m</div>[39m
        [36m<div[39m
          [33maria-label[39m=[32m"segmented control"[39m
          [33maria-orientation[39m=[32m"horizontal"[39m
          [33mclass[39m=[32m"ant-segmented css-dev-only-do-not-override-3uaqrl css-var-root"[39m
          [33mdata-testid[39m=[32m"flashcards-review-prompt-side-toggle"[39m
          [33mrole[39m=[32m"radiogroup"[39m
          [33mtabindex[39m=[32m"0"[39m
        [36m>[39m
          [36m<div[39m
            [33mclass[39m=[32m"ant-segmented-group"[39m
          [36m>[39m
            [36m<label[39m
              [33mclass[39m=[32m"ant-segmented...

Ignored nodes: comments, script, style
[36m<body>[39m
  [36m<div>[39m
    [36m<div>[39m
      [36m<div[39m
        [33mclass[39m=[32m"mb-3 flex flex-wrap items-center gap-2 rounded border border-border/70 bg-surface2/60 p-2"[39m
        [33mdata-testid[39m=[32m"flashcards-review-topbar"[39m
      [36m>[39m
        [36m<div[39m
          [33mclass[39m=[32m"ant-select ant-select-outlined min-w-64 max-w-full flex-1 css-var-root ant-select-css-var css-dev-only-do-not-override-3uaqrl ant-select-single ant-select-allow-clear ant-select-show-arrow"[39m
          [33mdata-testid[39m=[32m"flashcards-review-deck-select"[39m
        [36m>[39m
          [36m<div[39m
            [33mclass[39m=[32m"ant-select-content"[39m
          [36m>[39m
            [36m<div[39m
              [33mclass[39m=[32m"ant-select-content-value"[39m
              [33mstyle[39m=[32m"visibility: visible;"[39m
              [33mtitle[39m=[32m"Biology"[39m
            [36m>[39m
              [0mBiology[0m
            [36m</div>[39m
            [36m<input[39m
              [33maria-autocomplete[39m=[32m"list"[39m
              [33maria-expanded[39m=[32m"false"[39m
              [33maria-haspopup[39m=[32m"listbox"[39m
              [33mautocomplete[39m=[32m"off"[39m
              [33mclass[39m=[32m"ant-select-input"[39m
              [33mid[39m=[32m"test-id"[39m
              [33mreadonly[39m=[32m""[39m
              [33mrole[39m=[32m"combobox"[39m
              [33mtype[39m=[32m"search"[39m
              [33mvalue[39m=[32m""[39m
            [36m/>[39m
          [36m</div>[39m
          [36m<div[39m
            [33mclass[39m=[32m"ant-select-suffix"[39m
          [36m>[39m
            [36m<span[39m
              [33maria-label[39m=[32m"down"[39m
              [33mclass[39m=[32m"anticon anticon-down"[39m
              [33mrole[39m=[32m"img"[39m
            [36m>[39m
              [36m<svg[39m
                [33maria-hidden[39m=[32m"true"[39m
                [33mdata-icon[39m=[32m"down"[39m
                [33mfill[39m=[32m"currentColor"[39m
                [33mfocusable[39m=[32m"false"[39m
                [33mheight[39m=[32m"1em"[39m
                [33mviewBox[39m=[32m"64 64 896 896"[39m
                [33mwidth[39m=[32m"1em"[39m
              [36m>[39m
                [36m<path[39m
                  [33md[39m=[32m"M884 256h-75c-5.1 0-9.9 2.5-12.9 6.6L512 654.2 227.9 262.6c-3-4.1-7.8-6.6-12.9-6.6h-75c-6.5 0-10.3 7.4-6.5 12.7l352.6 486.1c12.8 17.6 39 17.6 51.7 0l352.6-486.1c3.9-5.3.1-12.7-6.4-12.7z"[39m
                [36m/>[39m
              [36m</svg>[39m
            [36m</span>[39m
          [36m</div>[39m
          [36m<div[39m
            [33mclass[39m=[32m"ant-select-clear"[39m
          [36m>[39m
            [36m<span[39m
              [33maria-label[39m=[32m"close-circle"[39m
              [33mclass[39m=[32m"anticon anticon-close-circle"[39m
              [33mrole[39m=[32m"img"[39m
            [36m>[39m
              [36m<svg[39m
                [33maria-hidden[39m=[32m"true"[39m
                [33mdata-icon[39m=[32m"close-circle"[39m
                [33mfill[39m=[32m"currentColor"[39m
                [33mfill-rule[39m=[32m"evenodd"[39m
                [33mfocusable[39m=[32m"false"[39m
                [33mheight[39m=[32m"1em"[39m
                [33mviewBox[39m=[32m"64 64 896 896"[39m
                [33mwidth[39m=[32m"1em"[39m
              [36m>[39m
                [36m<path[39m
                  [33md[39m=[32m"M512 64c247.4 0 448 200.6 448 448S759.4 960 512 960 64 759.4 64 512 264.6 64 512 64zm127.98 274.82h-.04l-.08.06L512 466.75 384.14 338.88c-.04-.05-.06-.06-.08-.06a.12.12 0 00-.07 0c-.03 0-.05.01-.09.05l-45.02 45.02a.2.2 0 00-.05.09.12.12 0 000 .07v.02a.27.27 0 00.06.06L466.75 512 338.88 639.86c-.05.04-.06.06-.06.08a.12.12 0 000 .07c0 .03.01.05.05.09l45.02 45.02a.2.2 0 00.09.05.12.12 0 00.07 0c.02 0 .04-.01.08-.05L512 557.25l127.86 127.87c.04.04.06.05.08.05a.12.12 0 00.07 0c.03 0 .05-.01.09-.05l45.02-45.02a.2.2 0 00.05-.09.12.12 0 000-.07v-.02a.27.27 0 00-.05-.06L557.25 512l127.87-127.86c.04-.04.05-.06.05-.08a.12.12 0 000-.07c0-.03-.01-.05-.05-.09l-45.02-45.02a.2.2 0 00-.09-.05.12.12 0 00-.07 0z"[39m
                [36m/>[39m
              [36m</svg>[39m
            [36m</span>[39m
          [36m</div>[39m
        [36m</div>[39m
        [36m<div[39m
          [33maria-label[39m=[32m"segmented control"[39m
          [33maria-orientation[39m=[32m"horizontal"[39m
          [33mclass[39m=[32m"ant-segmented css-dev-only-do-not-override-3uaqrl css-var-root"[39m
          [33mdata-testid[39m=[32m"flashcards-review-mode-toggle"[39m
          [33mrole[39m=[32m"radiogroup"[39m
          [33mtabindex[39m=[32m"0"[39m
        [36m>[39m
          [36m<div[39m
            [33mclass[39m=[32m"ant-segmented-group"[39m
          [36m>[39m
            [36m<label[39m
              [33mclass[39m=[32m"ant-segmented-item"[39m
            [36m>[39m
              [36m<input[39m
                [33mchecked[39m=[32m""[39m
                [33mclass[39m=[32m"ant-segmented-item-input"[39m
                [33mname[39m=[32m"test-id"[39m
                [33mtype[39m=[32m"radio"[39m
              [36m/>[39m
              [36m<div[39m
                [33mclass[39m=[32m"ant-segmented-item-label"[39m
                [33mtitle[39m=[32m"Due only"[39m
              [36m>[39m
                [0mDue only[0m
              [36m</div>[39m
            [36m</label>[39m
            [36m<label[39m
              [33mclass[39m=[32m"ant-segmented-item ant-segmented-item-selected"[39m
            [36m>[39m
              [36m<input[39m
                [33mclass[39m=[32m"ant-segmented-item-input"[39m
                [33mname[39m=[32m"test-id"[39m
                [33mtype[39m=[32m"radio"[39m
              [36m/>[39m
              [36m<div[39m
                [33mclass[39m=[32m"ant-segmented-item-label"[39m
                [33mtitle[39m=[32m"Cram"[39m
              [36m>[39m
                [0mCram[0m
              [36m</div>[39m
            [36m</label>[39m
          [36m</div>[39m
        [36m</div>[39m
        [36m<div[39m
          [33maria-label[39m=[32m"segmented control"[39m
          [33maria-orientation[39m=[32m"horizontal"[39m
          [33mclass[39m=[32m"ant-segmented css-dev-only-do-not-override-3uaqrl css-var-root"[39m
          [33mdata-testid[39m=[32m"flashcards-review-prompt-side-toggle"[39m
          [33mrole[39m=[32m"radiogroup"[39m
          [33mtabindex[39m=[32m"0"[39m
        [36m>[39m
          [36m<div[39m
            [33mclass[39m=[32m"ant-segmented-group"[39m
          [36m>[39m
            [36m<label[39m
              [33mclass[39m=[32m"ant-segmented...
 ❯ waitForWrapper ../node_modules/.bun/@testing-library+dom@10.4.1/node_modules/@testing-library/dom/dist/wait-for.js:163:27
 ❯ ../node_modules/.bun/@testing-library+dom@10.4.1/node_modules/@testing-library/dom/dist/query-helpers.js:86:33
 ❯ ../packages/ui/src/components/Flashcards/tabs/__tests__/ReviewTab.cram-mode.test.tsx:492:18
    490|     vi.mocked(listFlashcards).mockRejectedValue(new Error("HTTP500 Fai…
    491|     await act(async () => { await client.refetchQueries({ queryKey: ["…
    492|     await screen.findByText("Unable to load cram cards")
       |                  ^
    493|     await rate("Cram front")
    494|     expect(screen.queryByText("Cram session complete!")).not.toBeInThe…

⎯⎯⎯⎯⎯⎯⎯⎯⎯⎯⎯⎯⎯⎯⎯⎯⎯⎯⎯⎯⎯⎯⎯⎯[5/5]⎯


 Test Files  1 failed (1)
      Tests  5 failed | 15 passed (20)
   Start at  16:29:56
   Duration  8.44s (transform 896ms, setup 118ms, import 1.32s, tests 6.68s, environment 227ms)
