
 RUN  v4.0.18 /Users/macbook-dev/Documents/GitHub/tldw_server2/apps/packages/ui

 ❯ src/components/Option/Playground/__tests__/RolePlaySetupDrawer.test.tsx (19 tests | 5 failed | 14 skipped) 1281ms
     ↓ loads actor settings and renders before/after role-play state
     ↓ announces scene setting loading as a status
     ↓ does not crash when stored actor settings omit aspects
     ↓ surfaces scene load failures without applying stale scene state
     ↓ cancel closes without applying or saving
     ↓ applies all staged changes with one apply callback
     ↓ stages behavior templates and generation style before applying
     ↓ resets scene draft to default actor settings
     ↓ closes on Escape and returns focus to the trigger
     ↓ shows only role-play relevant saved setups
     ↓ requires confirmation before deleting a saved role-play setup
     ↓ exposes generation style choices as radios
     ↓ applies saved role-play setup scene through the actor settings save path
     ↓ saves the staged role-play setup metadata
     × persists a scene only after accepted replacement and against its new destination 119ms
     × does not persist or display a scene after identity application is cancelled 44ms
     × suppresses held scene presentation after target changes 42ms
     × suppresses held scene presentation after unmount changes 38ms
     × keeps the scene draft and reports partial failure without rolling back the accepted identity 1037ms

⎯⎯⎯⎯⎯⎯⎯ Failed Tests 5 ⎯⎯⎯⎯⎯⎯⎯

 FAIL  src/components/Option/Playground/__tests__/RolePlaySetupDrawer.test.tsx > RolePlaySetupDrawer > persists a scene only after accepted replacement and against its new destination
AssertionError: expected "vi.fn()" to not be called at all, but actually been called 1 times

Received:

  1st vi.fn() call:

    Array [
      Object {
        "historyId": "history-1",
        "serverChatId": "server-1",
        "settings": Object {
          "appendable": false,
          "aspects": Array [
            Object {
              "id": "user_role",
              "key": "user_role",
              "name": "User role",
              "source": "free",
              "target": "user",
              "value": "",
            },
            Object {
              "id": "user_state",
              "key": "user_state",
              "name": "User emotional state",
              "source": "free",
              "target": "user",
              "value": "",
            },
            Object {
              "id": "user_focus",
              "key": "user_focus",
              "name": "User focus/objective",
              "source": "free",
              "target": "user",
              "value": "",
            },
            Object {
              "id": "char_role",
              "key": "char_role",
              "name": "Character role",
              "source": "free",
              "target": "char",
              "value": "",
            },
            Object {
              "id": "char_state",
              "key": "char_state",
              "name": "Character emotional state",
              "source": "free",
              "target": "char",
              "value": "",
            },
            Object {
              "id": "char_goal",
              "key": "char_goal",
              "name": "Character goal",
              "source": "free",
              "target": "char",
              "value": "",
            },
            Object {
              "id": "world_location",
              "key": "world_location",
              "name": "Location",
              "source": "free",
              "target": "world",
              "value": "Observatory",
            },
            Object {
              "id": "world_time_of_day",
              "key": "world_time_of_day",
              "name": "Time of day",
              "source": "free",
              "target": "world",
              "value": "",
            },
            Object {
              "id": "world_weather",
              "key": "world_weather",
              "name": "Weather",
              "source": "free",
              "target": "world",
              "value": "",
            },
            Object {
              "id": "world_lighting",
              "key": "world_lighting",
              "name": "Lighting",
              "source": "free",
              "target": "world",
              "value": "",
            },
            Object {
              "id": "world_tone",
              "key": "world_tone",
              "name": "Scene tone",
              "source": "free",
              "target": "world",
              "value": "",
            },
          ],
          "chatDepth": 0,
          "chatPosition": "before",
          "chatRole": "system",
          "isEnabled": true,
          "notes": "The room smells like ozone.",
          "notesGmOnly": false,
          "templateMode": "merge",
          "version": 3,
        },
      },
    ]


Number of calls: 1

 ❯ src/components/Option/Playground/__tests__/RolePlaySetupDrawer.test.tsx:703:61
    701|     await screen.findByText(/1 detail/)
    702|     fireEvent.click(screen.getByRole("button", { name: "Apply" }))
    703|     expect(actorSettingsMocks.saveActorSettingsForChat).not.toHaveBeen…
       |                                                             ^
    704|     await act(async () => { release(true); await pending })
    705|     expect(actorSettingsMocks.saveActorSettingsForChat).toHaveBeenCall…

⎯⎯⎯⎯⎯⎯⎯⎯⎯⎯⎯⎯⎯⎯⎯⎯⎯⎯⎯⎯⎯⎯⎯⎯[1/5]⎯

 FAIL  src/components/Option/Playground/__tests__/RolePlaySetupDrawer.test.tsx > RolePlaySetupDrawer > does not persist or display a scene after identity application is cancelled
AssertionError: expected "vi.fn()" to not be called at all, but actually been called 1 times

Received:

  1st vi.fn() call:

    Array [
      Object {
        "historyId": "history-1",
        "serverChatId": "server-1",
        "settings": Object {
          "appendable": false,
          "aspects": Array [
            Object {
              "id": "user_role",
              "key": "user_role",
              "name": "User role",
              "source": "free",
              "target": "user",
              "value": "",
            },
            Object {
              "id": "user_state",
              "key": "user_state",
              "name": "User emotional state",
              "source": "free",
              "target": "user",
              "value": "",
            },
            Object {
              "id": "user_focus",
              "key": "user_focus",
              "name": "User focus/objective",
              "source": "free",
              "target": "user",
              "value": "",
            },
            Object {
              "id": "char_role",
              "key": "char_role",
              "name": "Character role",
              "source": "free",
              "target": "char",
              "value": "",
            },
            Object {
              "id": "char_state",
              "key": "char_state",
              "name": "Character emotional state",
              "source": "free",
              "target": "char",
              "value": "",
            },
            Object {
              "id": "char_goal",
              "key": "char_goal",
              "name": "Character goal",
              "source": "free",
              "target": "char",
              "value": "",
            },
            Object {
              "id": "world_location",
              "key": "world_location",
              "name": "Location",
              "source": "free",
              "target": "world",
              "value": "Observatory",
            },
            Object {
              "id": "world_time_of_day",
              "key": "world_time_of_day",
              "name": "Time of day",
              "source": "free",
              "target": "world",
              "value": "",
            },
            Object {
              "id": "world_weather",
              "key": "world_weather",
              "name": "Weather",
              "source": "free",
              "target": "world",
              "value": "",
            },
            Object {
              "id": "world_lighting",
              "key": "world_lighting",
              "name": "Lighting",
              "source": "free",
              "target": "world",
              "value": "",
            },
            Object {
              "id": "world_tone",
              "key": "world_tone",
              "name": "Scene tone",
              "source": "free",
              "target": "world",
              "value": "",
            },
          ],
          "chatDepth": 0,
          "chatPosition": "before",
          "chatRole": "system",
          "isEnabled": true,
          "notes": "The room smells like ozone.",
          "notesGmOnly": false,
          "templateMode": "merge",
          "version": 3,
        },
      },
    ]


Number of calls: 1

 ❯ src/components/Option/Playground/__tests__/RolePlaySetupDrawer.test.tsx:714:61
    712|     fireEvent.click(screen.getByRole("button", { name: "Apply" }))
    713|     await act(async () => { await Promise.resolve() })
    714|     expect(actorSettingsMocks.saveActorSettingsForChat).not.toHaveBeen…
       |                                                             ^
    715|     expect(onClose).not.toHaveBeenCalled()
    716|   })

⎯⎯⎯⎯⎯⎯⎯⎯⎯⎯⎯⎯⎯⎯⎯⎯⎯⎯⎯⎯⎯⎯⎯⎯[2/5]⎯

 FAIL  src/components/Option/Playground/__tests__/RolePlaySetupDrawer.test.tsx > RolePlaySetupDrawer > suppresses held scene presentation after target changes
 FAIL  src/components/Option/Playground/__tests__/RolePlaySetupDrawer.test.tsx > RolePlaySetupDrawer > suppresses held scene presentation after unmount changes
AssertionError: expected { Object (settings, preview, ...) } to be { Object (settings, preview, ...) } // Object.is equality

If it should pass with deep equality, replace "toBe" with "toStrictEqual"

Expected: { Object (settings, preview, ...) }
Received: serializes to the same string


Compared values have no visual difference.

 ❯ src/components/Option/Playground/__tests__/RolePlaySetupDrawer.test.tsx:731:38
    729|     else useStoreMessageOption.setState({ serverChatId: "replacement",…
    730|     await act(async () => { release(true); await pending })
    731|     expect(useActorStore.getState()).toBe(before)
       |                                      ^
    732|     expect(onClose).not.toHaveBeenCalled()
    733|   })

⎯⎯⎯⎯⎯⎯⎯⎯⎯⎯⎯⎯⎯⎯⎯⎯⎯⎯⎯⎯⎯⎯⎯⎯[3/5]⎯

 FAIL  src/components/Option/Playground/__tests__/RolePlaySetupDrawer.test.tsx > RolePlaySetupDrawer > keeps the scene draft and reports partial failure without rolling back the accepted identity
TestingLibraryElementError: Unable to find an element with the text: /Identity and behavior were applied, but scene settings could not be saved/. This could be because the text is broken up by multiple elements. In this case, you can provide a function for your text matcher to make your matcher more flexible.

Ignored nodes: comments, script, style
[36m<body>[39m
  [36m<div>[39m
    [36m<button[39m
      [33mtype[39m=[32m"button"[39m
    [36m>[39m
      [0mSetup trigger[0m
    [36m</button>[39m
    [36m<section[39m
      [33maria-label[39m=[32m"Role-play setup"[39m
      [33mrole[39m=[32m"dialog"[39m
    [36m>[39m
      [36m<button[39m
        [33mtype[39m=[32m"button"[39m
      [36m>[39m
        [0mClose drawer[0m
      [36m</button>[39m
      [36m<fieldset[39m
        [33mclass[39m=[32m"min-w-0 space-y-4"[39m
        [33mdata-testid[39m=[32m"role-play-setup-drawer"[39m
      [36m>[39m
        [36m<section[39m
          [33maria-label[39m=[32m"Role-play preview"[39m
          [33mclass[39m=[32m"space-y-2"[39m
        [36m>[39m
          [36m<div[39m
            [33mclass[39m=[32m"flex items-center justify-between gap-2"[39m
          [36m>[39m
            [36m<h3[39m
              [33mclass[39m=[32m"text-sm font-semibold text-text"[39m
            [36m>[39m
              [0mRole-play preview[0m
            [36m</h3>[39m
          [36m</div>[39m
          [36m<div[39m
            [33mclass[39m=[32m"grid gap-1 rounded-md border border-border bg-surface2 p-2 text-xs sm:grid-cols-[120px_1fr]"[39m
          [36m>[39m
            [36m<div[39m
              [33mclass[39m=[32m"font-medium text-text"[39m
            [36m>[39m
              [0mCharacter[0m
            [36m</div>[39m
            [36m<div[39m
              [33mclass[39m=[32m"min-w-0 text-text-muted"[39m
            [36m>[39m
              [36m<span[39m
                [33mclass[39m=[32m"truncate font-medium text-text"[39m
              [36m>[39m
                [0mMira[0m
              [36m</span>[39m
            [36m</div>[39m
          [36m</div>[39m
          [36m<div[39m
            [33mclass[39m=[32m"grid gap-1 rounded-md border border-border bg-surface2 p-2 text-xs sm:grid-cols-[120px_1fr]"[39m
          [36m>[39m
            [36m<div[39m
              [33mclass[39m=[32m"font-medium text-text"[39m
            [36m>[39m
              [0mBehavior[0m
            [36m</div>[39m
            [36m<div[39m
              [33mclass[39m=[32m"min-w-0 text-text-muted"[39m
            [36m>[39m
              [36m<span[39m
                [33mclass[39m=[32m"truncate font-medium text-text"[39m
              [36m>[39m
                [0mCharacter Actor[0m
              [36m</span>[39m
            [36m</div>[39m
          [36m</div>[39m
          [36m<div[39m
            [33mclass[39m=[32m"grid gap-1 rounded-md border border-border bg-surface2 p-2 text-xs sm:grid-cols-[120px_1fr]"[39m
          [36m>[39m
            [36m<div[39m
              [33mclass[39m=[32m"font-medium text-text"[39m
            [36m>[39m
              [0mScene[0m
            [36m</div>[39m
            [36m<div[39m
              [33mclass[39m=[32m"min-w-0 text-text-muted"[39m
            [36m>[39m
              [36m<div[39m
                [33mclass[39m=[32m"flex min-w-0 flex-wrap items-center gap-1"[39m
              [36m>[39m
                [36m<span[39m
                  [33mclass[39m=[32m"truncate"[39m
                [36m>[39m
                  [0mNo scene[0m
                [36m</span>[39m
                [36m<span[39m
                  [33maria-hidden[39m=[32m"true"[39m
                [36m>[39m
                  [0m-&gt;[0m
                [36m</span>[39m
                [36m<span[39m
                  [33mclass[39m=[32m"truncate font-medium text-text"[39m
                [36m>[39m
                  [0m1 detail + notes[0m
                [36m</span>[39m
              [36m</div>[39m
            [36m</div>[39m
          [36m</div>[39m
          [36m<div[39m
            [33mclass[39m=[32m"grid gap-1 rounded-md border border-border bg-surface2 p-2 text-xs sm:grid-cols-[120px_1fr]"[39m
          [36m>[39m
            [36m<div[39m
              [33mclass[39m=[32m"font-medium text-text"[39m
            [36m>[39m
              [0mGeneration style[0m
            [36m</div>[39m
            [36m<div[39m
              [33mclass[39m=[32m"min-w-0 text-text-muted"[39m
            [36m>[39m
              [36m<span[39m
                [33mclass[39m=[32m"truncate font-medium text-text"[39m
              [36m>[39m
                [0mCreative[0m
              [36m</span>[39m
            [36m</div>[39m
          [36m</div>[39m
          [36m<div[39m
            [33mclass[39m=[32m"grid gap-1 rounded-md border border-border bg-surface2 p-2 text-xs sm:grid-cols-[120px_1fr]"[39m
          [36m>[39m
            [36m<div[39m
              [33mclass[39m=[32m"font-medium text-text"[39m
            [36m>[39m
              [0mContext[0m
            [36m</div>[39m
            [36m<div[39m
              [33mclass[39m=[32m"min-w-0 text-text-muted"[39m
            [36m>[39m
              [36m<span[39m
                [33mclass[39m=[32m"truncate font-medium text-text"[39m
              [36m>[39m
                [0m2 pinned + external[0m
              [36m</span>[39m
            [36m</div>[39m
          [36m</div>[39m
        [36m</section>[39m
        [36m<section[39m
          [33maria-label[39m=[32m"Role-play layers"[39m
          [33mclass[39m=[32m"space-y-2 rounded-md border border-border bg-surface p-3"[39m
        [36m>[39m
          [36m<div[39m
            [33mclass[39m=[32m"grid gap-3 sm:grid-cols-2"[39m
          [36m>[39m
            [36m<div[39m
              [33mclass[39m=[32m"space-y-1"[39m
            [36m>[39m
              [36m<div[39m
                [33mclass[39m=[32m"text-xs font-medium text-text"[39m
              [36m>[39m
                [0mCharacter[0m
              [36m</div>[39m
              [36m<button[39m
                [33mdata-testid[39m=[32m"role-play-identity-select"[39m
              [36m>[39m
                [0mMira[0m
              [36m</button>[39m
            [36m</div>[39m
            [36m<div[39m
              [33mclass[39m=[32m"space-y-1"[39m
            [36m>[39m
              [36m<div[39m
                [33mclass[39m=[32m"text-xs font-medium text-text"[39m
              [36m>[39m
                [0mBehavior[0m
              [36m</div>[39m
              [36m<button[39m
                [33mtype[39m=[32m"button"[39m
              [36m>[39m
                [0mChoose behavior template[0m
              [36m</button>[39m
            [36m</div>[39m
          [36m</div>[39m
          [36m<div[39m
            [33maria-label[39m=[32m"Generation style"[39m
            [33mclass[39m=[32m"grid gap-2 sm:grid-cols-4"[39m
            [33mrole[39m=[32m"radiogroup"[39m
          [36m>[39m
            [36m<label[39m
              [33mclass[39m=[32m"flex cursor-pointer items-center gap-2 rounded-md border px-3 py-2 text-left text-xs transition border-primary bg-primary/10 text-primaryStrong"[39m
            [36m>[39m
              [36m<input[39m
                [33mchecked[39m=[32m""[39m
                [33mclass[39m=[32m"h-3.5 w-3.5 accent-primary"[39m
                [33mname[39m=[32m"role-play-generation-style"[39m
                [33mtype[39m=[32m"radio"[39m
                [33mvalue[39m=[32m"creative"[39m
              [36m/>[39m
              [36m<span[39m
                [33mclass[39m=[32m"font-medium"[39m
              [36m>[39m
                [0mCreative[0m
              [36m</span>[39m
            [36m</label>[39m
            [36m<label[39m
              [33mclass[39m=[32m"flex cursor-pointer items-center gap-2 rounded-md border px-3 py-2 text-left text-xs transition border-border bg-surface2 text-text-muted hover:border-primary/50 hover:text-text"[39m
            [36m>[39m
              [36m<input[39m
                [33mclass[39m=[32m"h-3.5 w-3.5 accent-primary"[39m
                [33mname[39m=[32m"role-play-generation-style"[39m
                [33mtype[39m=[32m"radio"[39m
                [33mvalue[39m=[32m"balanced"[39m
              [36m/>[39m
              [36m<span[39m
                [33mclass[39m=[32m"font-medium"[39m
              [36m>[39m
                [0mBalanced[0m
              [36m</span>[39m
            [36m</label>[39m
            [36m<label[39m
              [33mclass[39m=[32m"flex cursor-pointer items-center gap-2 rounded-md border px-3 py-2 text-left text-xs transition border-border bg-surface2 text-text-muted hover:border-primary/50 hover:text-text"[39m
            [36m>[39m
              [36m<input[39m
                [33mclass[39m=[32m"h-3.5 w-3.5 accent-primary"[39m
                [33mname[39m=[32m"role-play-generation-style"[39m
                [33mtype[39m=[32m"radio"[39m
                [33mvalue[39m=[32m"precise"[39m
              [36m/>[39m
              [36m<span[39m
                [33mclass[39m=[32m"font-medium"[39m
              [36m>[39m
                [0mPrecise[0m
              [36m</span>[39m
            [36m</label>[39m
            [36m<label[39m
              [33mclass[39m=[32m"flex cursor-pointer items-center gap-2 rounded-md border px-3 py-2 text-left text-xs transition border-border bg-surface2 text-text-muted hover:border-primary/50 hover:text-text"[39m
            [36m>[39m
              [36m<input[39m
                [33mclass[39m=[32m"h-3.5 w-3.5 accent-primary"[39m
                [33mname[39m=[32m"role-play-generation-style"[39m
                [33mtype[39m=[32m"radio"[39m
                [33mvalue[39m=[32m"custom"[39m
              [36m/>[39m
              [36m<span[39m
                [33mclass[39m=[32m"font-medium"[39m
              [36m>[39m
                [0mCustom[0m
              [36m</span>[39m
            [36m</label>[39m
          [36m</div>[39m
          [36m<div[39m
            [33mclass[39m=[32m"flex flex-wrap gap-2"[39m
          [36m>[39m
            [36m<button[39m
              [33mtype[39m=[32m"button"[39m
            [36m>[39m
              [0mClear identity[0m
            [36m</button>[39m
            [36m<button[39m
              [33mtype[39m=[32m"button"[39m
            [36m>[39m
              [0mClear behavior[0m
            [36m</button>[39m
            [36m<button[39m
              [33mtype[39m=[32m"button"[39m
            [36m>[39m
              [0mReset generation[0m
            [36m</button>[39m
          [36m</div>[39m
        [36m</section>[39m
        [36m<section[39m
          [33maria-label[39m=[32m"Scene"[39m
          [33mclass[39m=[32m"space-y-3 rounded-md border border-border bg-surface p-3"[39m
        [36m>[39m
          [36m<div[39m
            [33mclass[39m=[32m"flex items-center justify-between gap-3"[39m
          [36m>[39m
            [36m<div>[39m
              [36m<h3[39m
                [33mclass[39m=[32m"text-sm font-semibold text-text"[39m
              [36m>[39m
                [0mScene[0m
              [36m</h3>[39m
              [36m<p[39m
                [33mclass[39m=[32m"text-xs text-text-muted"[39m
              [36m>[39m
                [0m22 tokens[0m
              [36m</p>[39m
            [36m</div>[39m
            [36m<input[39m
              [33maria-label[39m=[32m"Scene enabled"[39m
              [33mtype[39m=[32m"checkbox"[39m
            [36m/>[39m
          [36m</div>[39m
          [36m<textarea[39m
            [33maria-label[39m=[32m"Scene notes"[39m
          [36m>[39m
            [0mThe room smells like ozone.[0m
          [36m</textarea>[39m
          [36m<div[39m
            [33mclass[39m=[32m"grid gap-2 sm:grid-cols-2"[39m
          [36m>[39m
            [36m<label[39m
              [33mclass[39m=[32m"space-y-1 text-xs text-text-muted"[39m
            [36m>[39m
              [36m<span>[39m
                [0mUser role[0m
              [36m</span>[39m
              [36m<input[39m
                [33maria-label[39m=[32m"User role"[39m
                [33mvalue[39m=[32m""[39m
              [36m/>[39m
            [36m</label>[39m
            [36m<label[39m
              [33mclass[39m=[32m"space-y-1 text-xs text-text-muted"[39m
            [36m>[39m
              [36m<span>[39m
                [0mUser emotional state[0m
              [36m</span>[39m
              [36m<input[39m
                [33maria-label[39m=[32m"User emotional state"[39m
                [33mvalue[39m=[32m""[39m
              [36m/>[39m
            [36m</label>[39m
            [36m<label[39m
              [33mclass[39m=[32m"space-y-1 text-xs text-text-muted"[39m
            [36m>[39m
              [36m<span>[39m
                [0mUser focus/objective[0m
              [36m</span>[39m
              [36m<input[39m
                [33maria-label[39m=[32m"User focus/objective"[39m
                [33mvalue[39m=[32m""[39m
              [36m/>[39m
            [36m</label>[39m
            [36m<label[39m
              [33mclass[39m=[32m"space-y-1 text-xs text-text-muted"[39m
            [36m>[39m
              [36m<span>[39m
                [0mCharacter role[0m
              [36m</span>[39m
              [36m<input[39m
                [33maria-label[39m=[32m"Character role"[39m
                [33mvalue[39m=[32m""[39m
              [36m/>[39m
            [36m</label>[39m
          [36m</div>[39m
          [36m<div[39m
            [33mclass[39m=[32m"flex flex-wrap gap-2"[39m
          [36m>[39m
            [36m<button[39m
              [33mtype[39m=[32m"button"[39m
            [36m>[39m
              [0mClear scene[0m
            [36m</button>[39m
            [36m<button[39m
              [33mtype[39m=[32m"button"[39m
            [36m>[39m
              [0mReset scene[0m
            [36m</button>[39m
          [36m</div>[39m
        [36m</section>[39m
      [36m</fieldset>[39m
      [36m<div[39m
        [33mclass[39m=[32m"space-y-2"[39m
      [36m>[39m
        [36m<p[39m
          [33mclass[39m=[32m"rounded-md border border-danger/40 bg-danger/10 p-2 text-sm text-text"[39m
          [33mrole[39m=[32m"alert"[39m
        [36m>[39m
          [0mScene settings could not be saved. Your draft is still here; retry Apply.[0m
        [36m</p>[39m
        [36m<div[39m
          [33mclass[39m=[32m"flex justify-end gap-2"[39m
        [36m>[39m
          [36m<button[39m
            [33mtype[39m=[32m"button"[39m
          [36m>[39m
            [0mCancel[0m
          [36m</button>[39m
          [36m<button[39m
            [33maria-label[39m=[32m"Apply"[39m
            [33mtype[39m=[32m"button"[39m
          [36m>[39m
            [0mApply[0m
          [36m</button>[39m
        [36m</div>[39m
      [36m</div>[39m
    [36m</section>[39m
  [36m</div>[39m
[36m</body>[39m

Ignored nodes: comments, script, style
[36m<body>[39m
  [36m<div>[39m
    [36m<button[39m
      [33mtype[39m=[32m"button"[39m
    [36m>[39m
      [0mSetup trigger[0m
    [36m</button>[39m
    [36m<section[39m
      [33maria-label[39m=[32m"Role-play setup"[39m
      [33mrole[39m=[32m"dialog"[39m
    [36m>[39m
      [36m<button[39m
        [33mtype[39m=[32m"button"[39m
      [36m>[39m
        [0mClose drawer[0m
      [36m</button>[39m
      [36m<fieldset[39m
        [33mclass[39m=[32m"min-w-0 space-y-4"[39m
        [33mdata-testid[39m=[32m"role-play-setup-drawer"[39m
      [36m>[39m
        [36m<section[39m
          [33maria-label[39m=[32m"Role-play preview"[39m
          [33mclass[39m=[32m"space-y-2"[39m
        [36m>[39m
          [36m<div[39m
            [33mclass[39m=[32m"flex items-center justify-between gap-2"[39m
          [36m>[39m
            [36m<h3[39m
              [33mclass[39m=[32m"text-sm font-semibold text-text"[39m
            [36m>[39m
              [0mRole-play preview[0m
            [36m</h3>[39m
          [36m</div>[39m
          [36m<div[39m
            [33mclass[39m=[32m"grid gap-1 rounded-md border border-border bg-surface2 p-2 text-xs sm:grid-cols-[120px_1fr]"[39m
          [36m>[39m
            [36m<div[39m
              [33mclass[39m=[32m"font-medium text-text"[39m
            [36m>[39m
              [0mCharacter[0m
            [36m</div>[39m
            [36m<div[39m
              [33mclass[39m=[32m"min-w-0 text-text-muted"[39m
            [36m>[39m
              [36m<span[39m
                [33mclass[39m=[32m"truncate font-medium text-text"[39m
              [36m>[39m
                [0mMira[0m
              [36m</span>[39m
            [36m</div>[39m
          [36m</div>[39m
          [36m<div[39m
            [33mclass[39m=[32m"grid gap-1 rounded-md border border-border bg-surface2 p-2 text-xs sm:grid-cols-[120px_1fr]"[39m
          [36m>[39m
            [36m<div[39m
              [33mclass[39m=[32m"font-medium text-text"[39m
            [36m>[39m
              [0mBehavior[0m
            [36m</div>[39m
            [36m<div[39m
              [33mclass[39m=[32m"min-w-0 text-text-muted"[39m
            [36m>[39m
              [36m<span[39m
                [33mclass[39m=[32m"truncate font-medium text-text"[39m
              [36m>[39m
                [0mCharacter Actor[0m
              [36m</span>[39m
            [36m</div>[39m
          [36m</div>[39m
          [36m<div[39m
            [33mclass[39m=[32m"grid gap-1 rounded-md border border-border bg-surface2 p-2 text-xs sm:grid-cols-[120px_1fr]"[39m
          [36m>[39m
            [36m<div[39m
              [33mclass[39m=[32m"font-medium text-text"[39m
            [36m>[39m
              [0mScene[0m
            [36m</div>[39m
            [36m<div[39m
              [33mclass[39m=[32m"min-w-0 text-text-muted"[39m
            [36m>[39m
              [36m<div[39m
                [33mclass[39m=[32m"flex min-w-0 flex-wrap items-center gap-1"[39m
              [36m>[39m
                [36m<span[39m
                  [33mclass[39m=[32m"truncate"[39m
                [36m>[39m
                  [0mNo scene[0m
                [36m</span>[39m
                [36m<span[39m
                  [33maria-hidden[39m=[32m"true"[39m
                [36m>[39m
                  [0m-&gt;[0m
                [36m</span>[39m
                [36m<span[39m
                  [33mclass[39m=[32m"truncate font-medium text-text"[39m
                [36m>[39m
                  [0m1 detail + notes[0m
                [36m</span>[39m
              [36m</div>[39m
            [36m</div>[39m
          [36m</div>[39m
          [36m<div[39m
            [33mclass[39m=[32m"grid gap-1 rounded-md border border-border bg-surface2 p-2 text-xs sm:grid-cols-[120px_1fr]"[39m
          [36m>[39m
            [36m<div[39m
              [33mclass[39m=[32m"font-medium text-text"[39m
            [36m>[39m
              [0mGeneration style[0m
            [36m</div>[39m
            [36m<div[39m
              [33mclass[39m=[32m"min-w-0 text-text-muted"[39m
            [36m>[39m
              [36m<span[39m
                [33mclass[39m=[32m"truncate font-medium text-text"[39m
              [36m>[39m
                [0mCreative[0m
              [36m</span>[39m
            [36m</div>[39m
          [36m</div>[39m
          [36m<div[39m
            [33mclass[39m=[32m"grid gap-1 rounded-md border border-border bg-surface2 p-2 text-xs sm:grid-cols-[120px_1fr]"[39m
          [36m>[39m
            [36m<div[39m
              [33mclass[39m=[32m"font-medium text-text"[39m
            [36m>[39m
              [0mContext[0m
            [36m</div>[39m
            [36m<div[39m
              [33mclass[39m=[32m"min-w-0 text-text-muted"[39m
            [36m>[39m
              [36m<span[39m
                [33mclass[39m=[32m"truncate font-medium text-text"[39m
              [36m>[39m
                [0m2 pinned + external[0m
              [36m</span>[39m
            [36m</div>[39m
          [36m</div>[39m
        [36m</section>[39m
        [36m<section[39m
          [33maria-label[39m=[32m"Role-play layers"[39m
          [33mclass[39m=[32m"space-y-2 rounded-md border border-border bg-surface p-3"[39m
        [36m>[39m
          [36m<div[39m
            [33mclass[39m=[32m"grid gap-3 sm:grid-cols-2"[39m
          [36m>[39m
            [36m<div[39m
              [33mclass[39m=[32m"space-y-1"[39m
            [36m>[39m
              [36m<div[39m
                [33mclass[39m=[32m"text-xs font-medium text-text"[39m
              [36m>[39m
                [0mCharacter[0m
              [36m</div>[39m
              [36m<button[39m
                [33mdata-testid[39m=[32m"role-play-identity-select"[39m
              [36m>[39m
                [0mMira[0m
              [36m</button>[39m
            [36m</div>[39m
            [36m<div[39m
              [33mclass[39m=[32m"space-y-1"[39m
            [36m>[39m
              [36m<div[39m
                [33mclass[39m=[32m"text-xs font-medium text-text"[39m
              [36m>[39m
                [0mBehavior[0m
              [36m</div>[39m
              [36m<button[39m
                [33mtype[39m=[32m"button"[39m
              [36m>[39m
                [0mChoose behavior template[0m
              [36m</button>[39m
            [36m</div>[39m
          [36m</div>[39m
          [36m<div[39m
            [33maria-label[39m=[32m"Generation style"[39m
            [33mclass[39m=[32m"grid gap-2 sm:grid-cols-4"[39m
            [33mrole[39m=[32m"radiogroup"[39m
          [36m>[39m
            [36m<label[39m
              [33mclass[39m=[32m"flex cursor-pointer items-center gap-2 rounded-md border px-3 py-2 text-left text-xs transition border-primary bg-primary/10 text-primaryStrong"[39m
            [36m>[39m
              [36m<input[39m
                [33mchecked[39m=[32m""[39m
                [33mclass[39m=[32m"h-3.5 w-3.5 accent-primary"[39m
                [33mname[39m=[32m"role-play-generation-style"[39m
                [33mtype[39m=[32m"radio"[39m
                [33mvalue[39m=[32m"creative"[39m
              [36m/>[39m
              [36m<span[39m
                [33mclass[39m=[32m"font-medium"[39m
              [36m>[39m
                [0mCreative[0m
              [36m</span>[39m
            [36m</label>[39m
            [36m<label[39m
              [33mclass[39m=[32m"flex cursor-pointer items-center gap-2 rounded-md border px-3 py-2 text-left text-xs transition border-border bg-surface2 text-text-muted hover:border-primary/50 hover:text-text"[39m
            [36m>[39m
              [36m<input[39m
                [33mclass[39m=[32m"h-3.5 w-3.5 accent-primary"[39m
                [33mname[39m=[32m"role-play-generation-style"[39m
                [33mtype[39m=[32m"radio"[39m
                [33mvalue[39m=[32m"balanced"[39m
              [36m/>[39m
              [36m<span[39m
                [33mclass[39m=[32m"font-medium"[39m
              [36m>[39m
                [0mBalanced[0m
              [36m</span>[39m
            [36m</label>[39m
            [36m<label[39m
              [33mclass[39m=[32m"flex cursor-pointer items-center gap-2 rounded-md border px-3 py-2 text-left text-xs transition border-border bg-surface2 text-text-muted hover:border-primary/50 hover:text-text"[39m
            [36m>[39m
              [36m<input[39m
                [33mclass[39m=[32m"h-3.5 w-3.5 accent-primary"[39m
                [33mname[39m=[32m"role-play-generation-style"[39m
                [33mtype[39m=[32m"radio"[39m
                [33mvalue[39m=[32m"precise"[39m
              [36m/>[39m
              [36m<span[39m
                [33mclass[39m=[32m"font-medium"[39m
              [36m>[39m
                [0mPrecise[0m
              [36m</span>[39m
            [36m</label>[39m
            [36m<label[39m
              [33mclass[39m=[32m"flex cursor-pointer items-center gap-2 rounded-md border px-3 py-2 text-left text-xs transition border-border bg-surface2 text-text-muted hover:border-primary/50 hover:text-text"[39m
            [36m>[39m
              [36m<input[39m
                [33mclass[39m=[32m"h-3.5 w-3.5 accent-primary"[39m
                [33mname[39m=[32m"role-play-generation-style"[39m
                [33mtype[39m=[32m"radio"[39m
                [33mvalue[39m=[32m"custom"[39m
              [36m/>[39m
              [36m<span[39m
                [33mclass[39m=[32m"font-medium"[39m
              [36m>[39m
                [0mCustom[0m
              [36m</span>[39m
            [36m</label>[39m
          [36m</div>[39m
          [36m<div[39m
            [33mclass[39m=[32m"flex flex-wrap gap-2"[39m
          [36m>[39m
            [36m<button[39m
              [33mtype[39m=[32m"button"[39m
            [36m>[39m
              [0mClear identity[0m
            [36m</button>[39m
            [36m<button[39m
              [33mtype[39m=[32m"button"[39m
            [36m>[39m
              [0mClear behavior[0m
            [36m</button>[39m
            [36m<button[39m
              [33mtype[39m=[32m"button"[39m
            [36m>[39m
              [0mReset generation[0m
            [36m</button>[39m
          [36m</div>[39m
        [36m</section>[39m
        [36m<section[39m
          [33maria-label[39m=[32m"Scene"[39m
          [33mclass[39m=[32m"space-y-3 rounded-md border border-border bg-surface p-3"[39m
        [36m>[39m
          [36m<div[39m
            [33mclass[39m=[32m"flex items-center justify-between gap-3"[39m
          [36m>[39m
            [36m<div>[39m
              [36m<h3[39m
                [33mclass[39m=[32m"text-sm font-semibold text-text"[39m
              [36m>[39m
                [0mScene[0m
              [36m</h3>[39m
              [36m<p[39m
                [33mclass[39m=[32m"text-xs text-text-muted"[39m
              [36m>[39m
                [0m22 tokens[0m
              [36m</p>[39m
            [36m</div>[39m
            [36m<input[39m
              [33maria-label[39m=[32m"Scene enabled"[39m
              [33mtype[39m=[32m"checkbox"[39m
            [36m/>[39m
          [36m</div>[39m
          [36m<textarea[39m
            [33maria-label[39m=[32m"Scene notes"[39m
          [36m>[39m
            [0mThe room smells like ozone.[0m
          [36m</textarea>[39m
          [36m<div[39m
            [33mclass[39m=[32m"grid gap-2 sm:grid-cols-2"[39m
          [36m>[39m
            [36m<label[39m
              [33mclass[39m=[32m"space-y-1 text-xs text-text-muted"[39m
            [36m>[39m
              [36m<span>[39m
                [0mUser role[0m
              [36m</span>[39m
              [36m<input[39m
                [33maria-label[39m=[32m"User role"[39m
                [33mvalue[39m=[32m""[39m
              [36m/>[39m
            [36m</label>[39m
            [36m<label[39m
              [33mclass[39m=[32m"space-y-1 text-xs text-text-muted"[39m
            [36m>[39m
              [36m<span>[39m
                [0mUser emotional state[0m
              [36m</span>[39m
              [36m<input[39m
                [33maria-label[39m=[32m"User emotional state"[39m
                [33mvalue[39m=[32m""[39m
              [36m/>[39m
            [36m</label>[39m
            [36m<label[39m
              [33mclass[39m=[32m"space-y-1 text-xs text-text-muted"[39m
            [36m>[39m
              [36m<span>[39m
                [0mUser focus/objective[0m
              [36m</span>[39m
              [36m<input[39m
                [33maria-label[39m=[32m"User focus/objective"[39m
                [33mvalue[39m=[32m""[39m
              [36m/>[39m
            [36m</label>[39m
            [36m<label[39m
              [33mclass[39m=[32m"space-y-1 text-xs text-text-muted"[39m
            [36m>[39m
              [36m<span>[39m
                [0mCharacter role[0m
              [36m</span>[39m
              [36m<input[39m
                [33maria-label[39m=[32m"Character role"[39m
                [33mvalue[39m=[32m""[39m
              [36m/>[39m
            [36m</label>[39m
          [36m</div>[39m
          [36m<div[39m
            [33mclass[39m=[32m"flex flex-wrap gap-2"[39m
          [36m>[39m
            [36m<button[39m
              [33mtype[39m=[32m"button"[39m
            [36m>[39m
              [0mClear scene[0m
            [36m</button>[39m
            [36m<button[39m
              [33mtype[39m=[32m"button"[39m
            [36m>[39m
              [0mReset scene[0m
            [36m</button>[39m
          [36m</div>[39m
        [36m</section>[39m
      [36m</fieldset>[39m
      [36m<div[39m
        [33mclass[39m=[32m"space-y-2"[39m
      [36m>[39m
        [36m<p[39m
          [33mclass[39m=[32m"rounded-md border border-danger/40 bg-danger/10 p-2 text-sm text-text"[39m
          [33mrole[39m=[32m"alert"[39m
        [36m>[39m
          [0mScene settings could not be saved. Your draft is still here; retry Apply.[0m
        [36m</p>[39m
        [36m<div[39m
          [33mclass[39m=[32m"flex justify-end gap-2"[39m
        [36m>[39m
          [36m<button[39m
            [33mtype[39m=[32m"button"[39m
          [36m>[39m
            [0mCancel[0m
          [36m</button>[39m
          [36m<button[39m
            [33maria-label[39m=[32m"Apply"[39m
            [33mtype[39m=[32m"button"[39m
          [36m>[39m
            [0mApply[0m
          [36m</button>[39m
        [36m</div>[39m
      [36m</div>[39m
    [36m</section>[39m
  [36m</div>[39m
[36m</body>[39m
 ❯ waitForWrapper ../../node_modules/.bun/@testing-library+dom@10.4.1/node_modules/@testing-library/dom/dist/wait-for.js:163:27
 ❯ ../../node_modules/.bun/@testing-library+dom@10.4.1/node_modules/@testing-library/dom/dist/query-helpers.js:86:33
 ❯ src/components/Option/Playground/__tests__/RolePlaySetupDrawer.test.tsx:742:18
    740|     await screen.findByText(/1 detail/)
    741|     fireEvent.click(screen.getByRole("button", { name: "Apply" }))
    742|     await screen.findByText(/Identity and behavior were applied, but s…
       |                  ^
    743|     expect(onApply).toHaveBeenCalledTimes(1)
    744|     expect(onClose).not.toHaveBeenCalled()

⎯⎯⎯⎯⎯⎯⎯⎯⎯⎯⎯⎯⎯⎯⎯⎯⎯⎯⎯⎯⎯⎯⎯⎯[4/5]⎯


 Test Files  1 failed (1)
      Tests  5 failed | 14 skipped (19)
   Start at  15:53:17
   Duration  1.90s (transform 206ms, setup 73ms, import 274ms, tests 1.28s, environment 213ms)
