
 RUN  v4.0.18 /Users/macbook-dev/Documents/GitHub/tldw_server2/apps/packages/ui

 ❯ src/components/Option/Playground/__tests__/Playground.coordinator.integration.test.tsx (37 tests | 5 failed | 30 skipped) 3535ms
     ↓ registers the webui chat route context on mount
     ↓ waits for session scope readiness before consuming the one-time restore pass
     ↓ falls back to recent chat only when restore reports nothing restored
     ↓ stops recent-chat initialization when restore reports cancellation
     ↓ does not overwrite a server chat selected while session scope initializes
     ↓ applies explicit character chat route ids before persisted session restore
     ↓ applies character route ids before persisted session restore
     ↓ applies a settings-return server chat before persisted session restore
     ↓ selects the saved Flashcard source conversation through the actual neutral Chat route consumer
     ↓ applies a sidepanel handoff before persisted session restore
     ↓ starts a fresh character route chat over an active server chat
     ↓ settles canonical saved entry with the real session subscription and local loader (StrictMode=false)
     ↓ settles canonical saved entry with the real session subscription and local loader (StrictMode=true)
     ↓ cancels pending generic restoration before applying an explicit settings target
     ↓ finishes a delayed current settings local-history load
     ↓ finishes a delayed current timeline local-history load
     ↓ does not complete a failed local settings return as a successful server selection
     ↓ keeps a saved target over a previous character while profile is delayed
     ↓ keeps a saved target over a previous character while messages is delayed
     ↓ does not install a late saved identity after picker changes during metadata fetch
     ↓ does not install a late saved identity after picker-roundtrip changes during metadata fetch
     ↓ does not install a late saved identity after replacement changes during metadata fetch
     ↓ does not install a late saved identity after principal changes during metadata fetch
     ↓ does not replay a consumed saved route or apply a late profile over a new picker choice (same turn false)
     ↓ does not replay a consumed saved route or apply a late profile over a new picker choice (same turn true)
     ↓ discards optional profile completion after replacement
     ↓ discards optional profile completion after principal
     ↓ discards optional profile completion after unmount
     ↓ waits for shared selection storage and a later queued picker before metadata readiness (new picker false)
     ↓ waits for shared selection storage and a later queued picker before metadata readiness (new picker true)
     × preserves canonical saved identity with actual WebUI storage and six loaders: immediate 286ms
     × preserves canonical saved identity with actual WebUI storage and six loaders: profile 261ms
     × preserves canonical saved identity with actual WebUI storage and six loaders: messages 257ms
     × preserves canonical saved identity with actual WebUI storage and six loaders: sidebar 1149ms
     × preserves canonical saved identity with actual WebUI storage and six loaders: cross-tab 275ms
     ✓ uses the real picker to deliberately select Robot with a saved target  676ms
     ✓ uses the real picker to deliberately select New choice with a saved target  630ms
 ❯ src/hooks/chat/__tests__/effective-assistant-state.test.ts (13 tests | 2 failed | 11 skipped) 5ms
     ↓ resolves a tracked character from assistant_kind and character_id
     ↓ resolves a tracked persona from assistant_kind and assistant_id
     ↓ resolves an overlay from settings.assistantOverlay
     ↓ resolves plain mode when neither tracked metadata nor overlay exists
     ↓ lets tracked modes win over overlay when mixed data appears
     ↓ falls back to draft metadata when tracked presentation fields are sparse
     × keeps saved tracked identity when an unrelated global draft changes 4ms
     ↓ uses tracked draft identity for a fresh conversation
     × keeps a saved persona when a global tracked character preference changes 1ms
     ↓ falls back to draft metadata when overlay presentation fields are sparse
     ↓ treats an overlay-intent draft selection as overlay before settings hydrate
     ↓ builds an overlay assistant selection snapshot from effective overlay state
     ↓ returns null for plain effective assistant state

⎯⎯⎯⎯⎯⎯⎯ Failed Tests 7 ⎯⎯⎯⎯⎯⎯⎯

 FAIL  src/hooks/chat/__tests__/effective-assistant-state.test.ts > resolveEffectiveAssistantState > keeps saved tracked identity when an unrelated global draft changes
AssertionError: expected { mode: 'tracked_character', …(6) } to deeply equal { mode: 'tracked_character', …(6) }

- Expected
+ Received

  {
-   "avatarUrl": "https://cdn.example.test/old.png",
-   "displayName": "Old Character",
-   "id": "char-old",
+   "avatarUrl": "https://cdn.example.test/new.png",
+   "displayName": "New Character",
+   "id": "char-new",
    "kind": "character",
    "mode": "tracked_character",
    "source": "tracked",
-   "systemPromptSnapshot": "Old prompt",
+   "systemPromptSnapshot": "New prompt",
  }

 ❯ src/hooks/chat/__tests__/effective-assistant-state.test.ts:182:7
    180|         }
    181|       })
    182|     ).toEqual({
       |       ^
    183|       mode: "tracked_character",
    184|       kind: "character",

⎯⎯⎯⎯⎯⎯⎯⎯⎯⎯⎯⎯⎯⎯⎯⎯⎯⎯⎯⎯⎯⎯⎯⎯[1/7]⎯

 FAIL  src/hooks/chat/__tests__/effective-assistant-state.test.ts > resolveEffectiveAssistantState > keeps a saved persona when a global tracked character preference changes
AssertionError: expected { mode: 'tracked_character', …(6) } to match object { mode: 'tracked_persona', …(1) }
(5 matching properties omitted from actual)

- Expected
+ Received

  {
-   "id": "saved-persona",
-   "mode": "tracked_persona",
+   "id": "other",
+   "mode": "tracked_character",
  }

 ❯ src/hooks/chat/__tests__/effective-assistant-state.test.ts:203:9
    201|       tracked: { assistantKind: "persona", assistantId: "saved-persona…
    202|       draftSelection: { kind: "character", id: "other", name: "Other",…
    203|     })).toMatchObject({ mode: "tracked_persona", id: "saved-persona" })
       |         ^
    204|   })
    205|

⎯⎯⎯⎯⎯⎯⎯⎯⎯⎯⎯⎯⎯⎯⎯⎯⎯⎯⎯⎯⎯⎯⎯⎯[2/7]⎯

 FAIL  src/components/Option/Playground/__tests__/Playground.coordinator.integration.test.tsx > Playground coordinator integration > preserves canonical saved identity with actual WebUI storage and six loaders: immediate
 FAIL  src/components/Option/Playground/__tests__/Playground.coordinator.integration.test.tsx > Playground coordinator integration > preserves canonical saved identity with actual WebUI storage and six loaders: profile
 FAIL  src/components/Option/Playground/__tests__/Playground.coordinator.integration.test.tsx > Playground coordinator integration > preserves canonical saved identity with actual WebUI storage and six loaders: messages
AssertionError: expected null to be 'robot' // Object.is equality

- Expected:
"robot"

+ Received:
null

 ❯ src/components/Option/Playground/__tests__/Playground.coordinator.integration.test.tsx:880:61
    878|       await waitFor(() => expect(tldwClientState.listChatMessages).toH…
    879|       await act(async () => { await new Promise(resolve => setTimeout(…
    880|       expect(useStoreMessageOption.getState().serverChatId).toBe("robo…
       |                                                             ^
    881|       if (variant === "profile") {
    882|         expect(useStoreMessageOption.getState().isLoading).toBe(false)

⎯⎯⎯⎯⎯⎯⎯⎯⎯⎯⎯⎯⎯⎯⎯⎯⎯⎯⎯⎯⎯⎯⎯⎯[3/7]⎯

 FAIL  src/components/Option/Playground/__tests__/Playground.coordinator.integration.test.tsx > Playground coordinator integration > preserves canonical saved identity with actual WebUI storage and six loaders: sidebar
AssertionError: expected "vi.fn()" to be called at least once

Ignored nodes: comments, script, style
[36m<html[39m
  [33mclass[39m=[32m"dark"[39m
[36m>[39m
  [36m<head>[39m
    [36m<title>[39m
      [0mRobot chat[0m
    [36m</title>[39m
  [36m</head>[39m
  [36m<body>[39m
    [36m<div>[39m
      [36m<div[39m
        [33mclass[39m=[32m"relative flex h-full min-h-0 w-full flex-col items-center bg-bg text-text data-[is-dragging=true]:bg-surface2"[39m
        [33mdata-is-dragging[39m=[32m"false"[39m
        [33mstyle[39m=[32m"--chat-message-opacity: 0.6; --chat-character-image-opacity: 1;"[39m
      [36m>[39m
        [36m<div[39m
          [33mclass[39m=[32m"relative z-10 flex h-full min-h-0 w-full"[39m
        [36m>[39m
          [36m<div[39m
            [33mclass[39m=[32m"flex h-full min-h-0 w-full min-w-0 flex-1 flex-col overflow-hidden text-text bg-bg"[39m
            [33mdata-left-rail[39m=[32m"hidden"[39m
            [33mdata-mode[39m=[32m"cockpit"[39m
            [33mdata-right-rail[39m=[32m"hidden"[39m
            [33mdata-testid[39m=[32m"playground-cockpit-shell"[39m
          [36m>[39m
            [36m<p[39m
              [33mclass[39m=[32m"sr-only"[39m
              [33mdata-testid[39m=[32m"playground-cockpit-mode-summary"[39m
            [36m>[39m
              [0mCockpit rails hidden. Chat and composer remain active.[0m
            [36m</p>[39m
            [36m<div[39m
              [33mclass[39m=[32m"grid shrink-0 grid-cols-1 gap-2 border-b border-border bg-surface2/40 p-2 text-xs lg:hidden"[39m
              [33mdata-mobile-panel[39m=[32m"none"[39m
              [33mdata-testid[39m=[32m"playground-cockpit-mobile-rails"[39m
            [36m>[39m
              [36m<div[39m
                [33maria-label[39m=[32m"Mobile cockpit panels"[39m
                [33mclass[39m=[32m"grid grid-cols-2 gap-1 rounded-md border border-border bg-surface p-1"[39m
                [33mrole[39m=[32m"tablist"[39m
              [36m>[39m
                [36m<button[39m
                  [33maria-controls[39m=[32m"playground-cockpit-mobile-context-panel"[39m
                  [33maria-expanded[39m=[32m"false"[39m
                  [33maria-selected[39m=[32m"false"[39m
                  [33mclass[39m=[32m"min-h-[44px] rounded px-3 py-2 text-xs font-medium focus:outline-none focus-visible:ring-2 focus-visible:ring-focus text-text-muted hover:bg-bg"[39m
                  [33mid[39m=[32m"playground-cockpit-mobile-context-tab"[39m
                  [33mrole[39m=[32m"tab"[39m
                  [33mtype[39m=[32m"button"[39m
                [36m>[39m
                  [0mRestore context sidechannel[0m
                [36m</button>[39m
                [36m<button[39m
                  [33maria-controls[39m=[32m"playground-cockpit-mobile-runtime-panel"[39m
                  [33maria-expanded[39m=[32m"false"[39m
                  [33maria-selected[39m=[32m"false"[39m
                  [33mclass[39m=[32m"min-h-[44px] rounded px-3 py-2 text-xs font-medium focus:outline-none focus-visible:ring-2 focus-visible:ring-focus text-text-muted hover:bg-bg"[39m
                  [33mid[39m=[32m"playground-cockpit-mobile-runtime-tab"[39m
                  [33mrole[39m=[32m"tab"[39m
                  [33mtype[39m=[32m"button"[39m
                [36m>[39m
                  [0mRestore runtime sidechannel[0m
                [36m</button>[39m
              [36m</div>[39m
              [36m<div[39m
                [33mclass[39m=[32m"grid grid-cols-2 gap-1"[39m
              [36m>[39m
                [36m<button[39m
                  [33maria-controls[39m=[32m"playground-cockpit-mobile-context-panel"[39m
                  [33maria-pressed[39m=[32m"false"[39m
                  [33mclass[39m=[32m"min-h-[36px] rounded-md border border-border bg-bg px-2 py-1 text-xs font-medium text-text hover:bg-surface focus:outline-none focus-visible:ring-2 focus-visible:ring-focus"[39m
                  [33mtype[39m=[32m"button"[39m
                [36m>[39m
                  [0mShow context rail[0m
                [36m</button>[39m
                [36m<button[39m
                  [33maria-controls[39m=[32m"playground-cockpit-mobile-runtime-panel"[39m
                  [33maria-pressed[39m=[32m"false"[39m
                  [33mclass[39m=[32m"min-h-[36px] rounded-md border border-border bg-bg px-2 py-1 text-xs font-medium text-text hover:bg-surface focus:outline-none focus-visible:ring-2 focus-visible:ring-focus"[39m
                  [33mtype[39m=[32m"button"[39m
                [36m>[39m
                  [0mShow runtime rail[0m
                [36m</button>[39m
              [36m</div>[39m
              [36m<p[39m
                [33mclass[39m=[32m"sr-only"[39m
                [33mdata-testid[39m=[32m"playground-cockpit-mobile-panel-summary"[39m
                [33mid[39m=[32m"playground-cockpit-mobile-panel-summary"[39m
              [36m>[39m
                [0mCockpit panels hidden. Composer draft remains available below.[0m
              [36m</p>[39m
              [36m<section[39m
                [33maria-describedby[39m=[32m"playground-cockpit-mobile-panel-summary"[39m
                [33maria-hidden[39m=[32m"true"[39m
                [33maria-labelledby[39m=[32m"playground-cockpit-mobile-context-tab"[39m
                [33mclass[39m=[32m"max-h-[30vh] overflow-y-auto rounded-md border border-border bg-surface p-2 hidden"[39m
                [33mhidden[39m=[32m""[39m
                [33mid[39m=[32m"playground-cockpit-mobile-context-panel"[39m
                [33mrole[39m=[32m"tabpanel"[39m
              [36m>[39m
                [36m<div[39m
                  [33mclass[39m=[32m"flex min-w-0 flex-col gap-2 text-sm"[39m
                  [33mdata-testid[39m=[32m"playground-context-rail"[39m
                [36m>[39m
                  [36m<div[39m
                    [33mclass[39m=[32m"rounded-md border border-border/70 bg-surface px-3 py-2"[39m
                  [36m>[39m
                    [36m<section[39m
                      [33maria-label[39m=[32m"Next message composition"[39m
                      [33mclass[39m=[32m"min-w-0"[39m
                    [36m>[39m
                      [36m<div[39m
                        [33mclass[39m=[32m"flex items-start justify-between gap-2"[39m
                      [36m>[39m
                        [36m<div[39m
                          [33mclass[39m=[32m"min-w-0"[39m
                        [36m>[39m
                          [36m<h2[39m
                            [33mclass[39m=[32m"text-[11px] font-semibold uppercase text-text-muted"[39m
                          [36m>[39m
                            [0mComposition[0m
                          [36m</h2>[39m
                          [36m<p[39m
                           ...
 ❯ src/components/Option/Playground/__tests__/Playground.coordinator.integration.test.tsx:878:68
    876|     try {
    877|       if (variant === "sidebar") fireEvent.click(screen.getByRole("but…
    878|       await waitFor(() => expect(tldwClientState.listChatMessages).toH…
       |                                                                    ^
    879|       await act(async () => { await new Promise(resolve => setTimeout(…
    880|       expect(useStoreMessageOption.getState().serverChatId).toBe("robo…
 ❯ runWithExpensiveErrorDiagnosticsDisabled ../../node_modules/.bun/@testing-library+dom@10.4.1/node_modules/@testing-library/dom/dist/config.js:47:12
 ❯ checkCallback ../../node_modules/.bun/@testing-library+dom@10.4.1/node_modules/@testing-library/dom/dist/wait-for.js:124:77
 ❯ Timeout.checkRealTimersCallback ../../node_modules/.bun/@testing-library+dom@10.4.1/node_modules/@testing-library/dom/dist/wait-for.js:118:16

⎯⎯⎯⎯⎯⎯⎯⎯⎯⎯⎯⎯⎯⎯⎯⎯⎯⎯⎯⎯⎯⎯⎯⎯[4/7]⎯

 FAIL  src/components/Option/Playground/__tests__/Playground.coordinator.integration.test.tsx > Playground coordinator integration > preserves canonical saved identity with actual WebUI storage and six loaders: cross-tab
AssertionError: expected { kind: 'character', id: '7', …(8) } to match object { kind: 'character', id: '5' }
(9 matching properties omitted from actual)

- Expected
+ Received

  {
-   "id": "5",
+   "id": "7",
    "kind": "character",
  }

 ❯ src/components/Option/Playground/__tests__/Playground.coordinator.integration.test.tsx:894:43
    892|         })
    893|         const current = useMessageOptionMock.mock.results.at(-1)?.value
    894|         expect(current.selectedAssistant).toMatchObject({ kind: "chara…
       |                                           ^
    895|         expect(useStoreMessageOption.getState().serverChatId).toBe("ro…
    896|         expect(useStoreMessageOption.getState().messages.map(message =…

⎯⎯⎯⎯⎯⎯⎯⎯⎯⎯⎯⎯⎯⎯⎯⎯⎯⎯⎯⎯⎯⎯⎯⎯[5/7]⎯


 Test Files  2 failed (2)
      Tests  7 failed | 2 passed | 41 skipped (50)
   Start at  15:37:26
   Duration  6.31s (transform 1.15s, setup 126ms, import 2.12s, tests 3.54s, environment 404ms)
