============================= test session starts ==============================
platform darwin -- Python 3.11.13, pytest-8.4.1, pluggy-1.6.0
benchmark: 5.2.3 (defaults: timer=time.perf_counter disable_gc=False min_rounds=5 min_time=0.000005 max_time=1.0 calibration_precision=10 warmup=False warmup_iterations=100000)
Using --randomly-seed=906692350
rootdir: /Users/macbook-dev/Documents/GitHub/tldw_server2
configfile: pyproject.toml
plugins: anyio-4.12.1, benchmark-5.2.3, locust-2.43.3, asyncio-1.1.0, xdist-3.8.0, split-0.11.0, timeout-2.4.0, randomly-4.1.0, hypothesis-6.138.2, cov-6.2.1, mock-3.14.1
asyncio: mode=Mode.AUTO, asyncio_default_fixture_loop_scope=function, asyncio_default_test_loop_scope=function
timeout: 300.0s
timeout method: thread
timeout func_only: False
collected 54 items

tldw_Server_API/tests/Chat/unit/test_failed_retry_provider_order.py .... [  7%]
..F.F..................F.F..F.F..FF.FF.FF...FFF...                       [100%]2026-09-16 02:51:53.487 | INFO     | trace= span= tp= req= job= ps=: | tldw_Server_API.app.core.config:_buffered_log:210 - Determined ACTUAL_PROJECT_ROOT for database paths: /Users/macbook-dev/Documents/GitHub/tldw_server2
2026-09-16 02:51:53.487 | INFO     | trace= span= tp= req= job= ps=: | tldw_Server_API.app.core.config:_buffered_log:210 - Early loading environment variables from: /Users/macbook-dev/Documents/GitHub/tldw_server2/tldw_Server_API/Config_Files/.env
2026-09-16 02:51:53.492 | INFO     | trace= span= tp= req= job= ps=: | tldw_Server_API.app.core.config:_buffered_log:210 - Early loading environment variables from: /Users/macbook-dev/Documents/GitHub/tldw_server2/tldw_Server_API/Config_Files/.ENV
2026-09-16 02:51:53.497 | INFO     | trace= span= tp= req= job= ps=: | tldw_Server_API.app.core.config:_buffered_log:210 - Loading environment variables from: /Users/macbook-dev/Documents/GitHub/tldw_server2/tldw_Server_API/Config_Files/.env
2026-09-16 02:51:53.502 | INFO     | trace= span= tp= req= job= ps=: | tldw_Server_API.app.core.config:_buffered_log:210 - Loading environment variables from: /Users/macbook-dev/Documents/GitHub/tldw_server2/tldw_Server_API/Config_Files/.ENV
2026-09-16 02:51:53.507 | INFO     | trace= span= tp= req= job= ps=: | tldw_Server_API.app.core.config:_buffered_log:210 - Attempting to load comprehensive config from: /Users/macbook-dev/Documents/GitHub/tldw_server2/tldw_Server_API/Config_Files/config.txt
2026-09-16 02:51:53.509 | INFO     | trace= span= tp= req= job= ps=: | tldw_Server_API.app.core.config:_buffered_log:210 - load_comprehensive_config(): Sections found in config: ['Setup', 'UI', 'Server', 'Files', 'Image-Generation', 'ACP', 'WORKSPACES', 'ACP-WORKSPACE', 'ACP-SANDBOX', 'Audit', 'Processing', 'Media-Processing', 'Chat-Dictionaries', 'Chat-Module', 'Chat-Commands', 'Chat-Templating', 'Character-Chat', 'Settings', 'Auto-Save', 'Prompts', 'Database', 'Chunking', 'Visual-RAG', 'AuthNZ', 'Streaming', 'HTTP', 'Egress', 'Embeddings', 'Claims', 'ClaimsMonitoring', 'RAG', 'Search-Agent', 'ResourceGovernor', 'Jobs', 'SlidesStandaloneHtml', 'Diarization', 'API', 'MLX', 'Local-API', 'LlamaCpp', 'STT-Settings', 'external_providers', 'TTS-Settings', 'VibeVoice', 'Audio-Quota', 'API-Routes', 'Search-Engines', 'Web-Scraper', 'Logging', 'Moderation', 'Redis', 'Web-Scraping', 'personalization', 'persona', 'persona.rbac']
2026-09-16 02:51:53.512 | INFO     | trace= span= tp= req= job= ps=: | tldw_Server_API.app.core.config:_buffered_log:210 - Ensured main SQLite database directory exists: /Users/macbook-dev/Documents/GitHub/tldw_server2/Databases
2026-09-16 02:51:53.512 | INFO     | trace= span= tp= req= job= ps=: | tldw_Server_API.app.core.config:_buffered_log:210 - Ensured user data base directory exists: Databases/user_databases
2026-09-16 02:51:53.512 | INFO     | trace= span= tp= req= job= ps=: | tldw_Server_API.app.api.v1.API_Deps.Audit_DB_Deps:shutdown_all_audit_services:1034 - Shutting down audit services for 0 instances...
2026-09-16 02:51:53.513 | INFO     | trace= span= tp= req= job= ps=: | tldw_Server_API.app.api.v1.API_Deps.Audit_DB_Deps:shutdown_all_audit_services:1091 - All audit services shut down successfully.
2026-09-16 02:51:53.525 | WARNING  | trace= span= tp= req= job= ps=: | tldw_Server_API.app.core.AuthNZ.settings:_validate_api_key:1013 - SINGLE_USER_API_KEY uses a legacy format; generate a new server-generated key for improved security.
2026-09-16 02:51:53.525 | INFO     | trace= span= tp= req= job= ps=: | tldw_Server_API.app.core.AuthNZ.settings:get_settings:1588 - Settings initialized - Auth mode: single_user, profile=local-single-user
2026-09-16 02:51:53.526 | INFO     | trace= span= tp= req= job= ps=: | tldw_Server_API.app.core.AuthNZ.db_config:_detect_backend:83 - Detected database backend: sqlite
2026-09-16 02:51:53.527 | WARNING  | trace= span= tp= req= job= ps=: | tldw_Server_API.app.core.DB_Management.db_path_utils:resolve_user_db_base_dir:491 - USER_DB_BASE_DIR not configured in tests, using isolated fallback: /private/var/folders/sn/m80n2j152t9gw3w8qwk2nykh0000gn/T/tldw_user_databases_test/default-2b375bd4
2026-09-16 02:51:53.529 | INFO     | trace= span= tp= req= job= ps=: | tldw_Server_API.app.core.DB_Management.Workflows_Scheduler_DB:__init__:210 - WorkflowsSchedulerDB using SQLite path: /private/var/folders/sn/m80n2j152t9gw3w8qwk2nykh0000gn/T/tldw_user_databases_test/default-2b375bd4/1/workflows/workflows_scheduler.db
2026-09-16 02:51:53.529 | INFO     | trace= span= tp= req= job= ps=: | tldw_Server_API.app.services.workflows_scheduler:stop:183 - Workflows recurring scheduler stopped
2026-09-16 02:51:53.529 | INFO     | trace= span= tp= req= job= ps=: | tldw_Server_API.app.api.v1.API_Deps.ChaCha_Notes_DB_Deps:close_all_chacha_db_instances:862 - Closing all cached ChaChaNotesDB instances (0)...
2026-09-16 02:51:53.530 | INFO     | trace= span= tp= req= job= ps=: | tldw_Server_API.app.api.v1.API_Deps.ChaCha_Notes_DB_Deps:close_all_chacha_db_instances:878 - All ChaChaNotesDB instances closed and cache cleared.


=================================== FAILURES ===================================
_ test_failed_retry_is_last_once_in_final_provider_payload[character-20-False-desc] _
tldw_Server_API/tests/Chat/unit/test_failed_retry_provider_order.py:93: in test_failed_retry_is_last_once_in_final_provider_payload
    assert text_of(non_system[-1]) == records[-1]["content"]
E   AssertionError: assert 'Who coordinates Cedar?' == 'Reply exactl... RETRY READY.'
E     
E     - Reply exactly: CEDAR RETRY READY.
E     + Who coordinates Cedar?
----------------------------- Captured stderr call -----------------------------
2026-09-16 02:51:52.454 | INFO     | trace= span= tp= req= job= ps=: | tldw_Server_API.app.core.Chat.chat_helpers:get_or_create_character_context:189 - Loaded character 'Assistant' (ID: 1)
2026-09-16 02:51:52.455 | INFO     | trace= span= tp= req= job= ps=: | tldw_Server_API.app.core.Chat.chat_service:build_context_and_messages:4295 - Loaded 5 historical messages for conv_id 'conv'.
2026-09-16 02:51:52.458 | INFO     | trace= span= tp= req= job= ps=: | tldw_Server_API.app.core.config:_buffered_log:210 - Loading environment variables from: /Users/macbook-dev/Documents/GitHub/tldw_server2/tldw_Server_API/Config_Files/.env
2026-09-16 02:51:52.463 | INFO     | trace= span= tp= req= job= ps=: | tldw_Server_API.app.core.config:_buffered_log:210 - Loading environment variables from: /Users/macbook-dev/Documents/GitHub/tldw_server2/tldw_Server_API/Config_Files/.ENV
2026-09-16 02:51:52.467 | INFO     | trace= span= tp= req= job= ps=: | tldw_Server_API.app.core.config:_buffered_log:210 - Attempting to load comprehensive config from: /Users/macbook-dev/Documents/GitHub/tldw_server2/tldw_Server_API/Config_Files/config.txt
2026-09-16 02:51:52.469 | INFO     | trace= span= tp= req= job= ps=: | tldw_Server_API.app.core.config:_buffered_log:210 - load_comprehensive_config(): Sections found in config: ['Setup', 'UI', 'Server', 'Files', 'Image-Generation', 'ACP', 'WORKSPACES', 'ACP-WORKSPACE', 'ACP-SANDBOX', 'Audit', 'Processing', 'Media-Processing', 'Chat-Dictionaries', 'Chat-Module', 'Chat-Commands', 'Chat-Templating', 'Character-Chat', 'Settings', 'Auto-Save', 'Prompts', 'Database', 'Chunking', 'Visual-RAG', 'AuthNZ', 'Streaming', 'HTTP', 'Egress', 'Embeddings', 'Claims', 'ClaimsMonitoring', 'RAG', 'Search-Agent', 'ResourceGovernor', 'Jobs', 'SlidesStandaloneHtml', 'Diarization', 'API', 'MLX', 'Local-API', 'LlamaCpp', 'STT-Settings', 'external_providers', 'TTS-Settings', 'VibeVoice', 'Audio-Quota', 'API-Routes', 'Search-Engines', 'Web-Scraper', 'Logging', 'Moderation', 'Redis', 'Web-Scraping', 'personalization', 'persona', 'persona.rbac']
--------------------------- Captured stderr teardown ---------------------------
2026-09-16 02:51:52.549 | INFO     | trace= span= tp= req= job= ps=: | tldw_Server_API.app.api.v1.API_Deps.ChaCha_Notes_DB_Deps:close_all_chacha_db_instances:862 - Closing all cached ChaChaNotesDB instances (0)...
2026-09-16 02:51:52.550 | INFO     | trace= span= tp= req= job= ps=: | tldw_Server_API.app.api.v1.API_Deps.ChaCha_Notes_DB_Deps:close_all_chacha_db_instances:878 - All ChaChaNotesDB instances closed and cache cleared.
2026-09-16 02:51:52.550 | INFO     | trace= span= tp= req= job= ps=: | tldw_Server_API.app.api.v1.API_Deps.ChaCha_Notes_DB_Deps:close_all_chacha_db_instances:862 - Closing all cached ChaChaNotesDB instances (0)...
2026-09-16 02:51:52.551 | INFO     | trace= span= tp= req= job= ps=: | tldw_Server_API.app.api.v1.API_Deps.ChaCha_Notes_DB_Deps:close_all_chacha_db_instances:878 - All ChaChaNotesDB instances closed and cache cleared.
_ test_failed_retry_is_last_once_in_final_provider_payload[neutral-20-False-desc] _
tldw_Server_API/tests/Chat/unit/test_failed_retry_provider_order.py:93: in test_failed_retry_is_last_once_in_final_provider_payload
    assert text_of(non_system[-1]) == records[-1]["content"]
E   AssertionError: assert 'Who coordinates Cedar?' == 'Reply exactl... RETRY READY.'
E     
E     - Reply exactly: CEDAR RETRY READY.
E     + Who coordinates Cedar?
----------------------------- Captured stderr call -----------------------------
2026-09-16 02:51:52.584 | INFO     | trace= span= tp= req= job= ps=: | tldw_Server_API.app.core.Chat.chat_helpers:get_or_create_character_context:196 - Using default character 'Helpful AI Assistant' (ID: 1)
2026-09-16 02:51:52.586 | INFO     | trace= span= tp= req= job= ps=: | tldw_Server_API.app.core.Chat.chat_service:build_context_and_messages:4295 - Loaded 5 historical messages for conv_id 'conv'.
2026-09-16 02:51:52.588 | INFO     | trace= span= tp= req= job= ps=: | tldw_Server_API.app.core.config:_buffered_log:210 - Loading environment variables from: /Users/macbook-dev/Documents/GitHub/tldw_server2/tldw_Server_API/Config_Files/.env
2026-09-16 02:51:52.593 | INFO     | trace= span= tp= req= job= ps=: | tldw_Server_API.app.core.config:_buffered_log:210 - Loading environment variables from: /Users/macbook-dev/Documents/GitHub/tldw_server2/tldw_Server_API/Config_Files/.ENV
2026-09-16 02:51:52.598 | INFO     | trace= span= tp= req= job= ps=: | tldw_Server_API.app.core.config:_buffered_log:210 - Attempting to load comprehensive config from: /Users/macbook-dev/Documents/GitHub/tldw_server2/tldw_Server_API/Config_Files/config.txt
2026-09-16 02:51:52.600 | INFO     | trace= span= tp= req= job= ps=: | tldw_Server_API.app.core.config:_buffered_log:210 - load_comprehensive_config(): Sections found in config: ['Setup', 'UI', 'Server', 'Files', 'Image-Generation', 'ACP', 'WORKSPACES', 'ACP-WORKSPACE', 'ACP-SANDBOX', 'Audit', 'Processing', 'Media-Processing', 'Chat-Dictionaries', 'Chat-Module', 'Chat-Commands', 'Chat-Templating', 'Character-Chat', 'Settings', 'Auto-Save', 'Prompts', 'Database', 'Chunking', 'Visual-RAG', 'AuthNZ', 'Streaming', 'HTTP', 'Egress', 'Embeddings', 'Claims', 'ClaimsMonitoring', 'RAG', 'Search-Agent', 'ResourceGovernor', 'Jobs', 'SlidesStandaloneHtml', 'Diarization', 'API', 'MLX', 'Local-API', 'LlamaCpp', 'STT-Settings', 'external_providers', 'TTS-Settings', 'VibeVoice', 'Audio-Quota', 'API-Routes', 'Search-Engines', 'Web-Scraper', 'Logging', 'Moderation', 'Redis', 'Web-Scraping', 'personalization', 'persona', 'persona.rbac']
--------------------------- Captured stderr teardown ---------------------------
2026-09-16 02:51:52.603 | INFO     | trace= span= tp= req= job= ps=: | tldw_Server_API.app.api.v1.API_Deps.ChaCha_Notes_DB_Deps:close_all_chacha_db_instances:862 - Closing all cached ChaChaNotesDB instances (0)...
2026-09-16 02:51:52.603 | INFO     | trace= span= tp= req= job= ps=: | tldw_Server_API.app.api.v1.API_Deps.ChaCha_Notes_DB_Deps:close_all_chacha_db_instances:878 - All ChaChaNotesDB instances closed and cache cleared.
2026-09-16 02:51:52.603 | INFO     | trace= span= tp= req= job= ps=: | tldw_Server_API.app.api.v1.API_Deps.ChaCha_Notes_DB_Deps:close_all_chacha_db_instances:862 - Closing all cached ChaChaNotesDB instances (0)...
2026-09-16 02:51:52.604 | INFO     | trace= span= tp= req= job= ps=: | tldw_Server_API.app.api.v1.API_Deps.ChaCha_Notes_DB_Deps:close_all_chacha_db_instances:878 - All ChaChaNotesDB instances closed and cache cleared.
_ test_failed_retry_is_last_once_in_final_provider_payload[persona-20-True-desc] _
tldw_Server_API/tests/Chat/unit/test_failed_retry_provider_order.py:93: in test_failed_retry_is_last_once_in_final_provider_payload
    assert text_of(non_system[-1]) == records[-1]["content"]
E   AssertionError: assert 'Who coordinates Cedar?' == 'Reply exactl... RETRY READY.'
E     
E     - Reply exactly: CEDAR RETRY READY.
E     + Who coordinates Cedar?
----------------------------- Captured stderr call -----------------------------
2026-09-16 02:51:52.912 | INFO     | trace= span= tp= req= job= ps=: | tldw_Server_API.app.core.Chat.chat_service:build_context_and_messages:4295 - Loaded 5 historical messages for conv_id 'conv'.
2026-09-16 02:51:52.915 | INFO     | trace= span= tp= req= job= ps=: | tldw_Server_API.app.core.config:_buffered_log:210 - Loading environment variables from: /Users/macbook-dev/Documents/GitHub/tldw_server2/tldw_Server_API/Config_Files/.env
2026-09-16 02:51:52.920 | INFO     | trace= span= tp= req= job= ps=: | tldw_Server_API.app.core.config:_buffered_log:210 - Loading environment variables from: /Users/macbook-dev/Documents/GitHub/tldw_server2/tldw_Server_API/Config_Files/.ENV
2026-09-16 02:51:52.924 | INFO     | trace= span= tp= req= job= ps=: | tldw_Server_API.app.core.config:_buffered_log:210 - Attempting to load comprehensive config from: /Users/macbook-dev/Documents/GitHub/tldw_server2/tldw_Server_API/Config_Files/config.txt
2026-09-16 02:51:52.927 | INFO     | trace= span= tp= req= job= ps=: | tldw_Server_API.app.core.config:_buffered_log:210 - load_comprehensive_config(): Sections found in config: ['Setup', 'UI', 'Server', 'Files', 'Image-Generation', 'ACP', 'WORKSPACES', 'ACP-WORKSPACE', 'ACP-SANDBOX', 'Audit', 'Processing', 'Media-Processing', 'Chat-Dictionaries', 'Chat-Module', 'Chat-Commands', 'Chat-Templating', 'Character-Chat', 'Settings', 'Auto-Save', 'Prompts', 'Database', 'Chunking', 'Visual-RAG', 'AuthNZ', 'Streaming', 'HTTP', 'Egress', 'Embeddings', 'Claims', 'ClaimsMonitoring', 'RAG', 'Search-Agent', 'ResourceGovernor', 'Jobs', 'SlidesStandaloneHtml', 'Diarization', 'API', 'MLX', 'Local-API', 'LlamaCpp', 'STT-Settings', 'external_providers', 'TTS-Settings', 'VibeVoice', 'Audio-Quota', 'API-Routes', 'Search-Engines', 'Web-Scraper', 'Logging', 'Moderation', 'Redis', 'Web-Scraping', 'personalization', 'persona', 'persona.rbac']
--------------------------- Captured stderr teardown ---------------------------
2026-09-16 02:51:52.929 | INFO     | trace= span= tp= req= job= ps=: | tldw_Server_API.app.api.v1.API_Deps.ChaCha_Notes_DB_Deps:close_all_chacha_db_instances:862 - Closing all cached ChaChaNotesDB instances (0)...
2026-09-16 02:51:52.930 | INFO     | trace= span= tp= req= job= ps=: | tldw_Server_API.app.api.v1.API_Deps.ChaCha_Notes_DB_Deps:close_all_chacha_db_instances:878 - All ChaChaNotesDB instances closed and cache cleared.
2026-09-16 02:51:52.930 | INFO     | trace= span= tp= req= job= ps=: | tldw_Server_API.app.api.v1.API_Deps.ChaCha_Notes_DB_Deps:close_all_chacha_db_instances:862 - Closing all cached ChaChaNotesDB instances (0)...
2026-09-16 02:51:52.931 | INFO     | trace= span= tp= req= job= ps=: | tldw_Server_API.app.api.v1.API_Deps.ChaCha_Notes_DB_Deps:close_all_chacha_db_instances:878 - All ChaChaNotesDB instances closed and cache cleared.
_ test_failed_retry_is_last_once_in_final_provider_payload[persona-3-False-desc] _
tldw_Server_API/tests/Chat/unit/test_failed_retry_provider_order.py:93: in test_failed_retry_is_last_once_in_final_provider_payload
    assert text_of(non_system[-1]) == records[-1]["content"]
E   AssertionError: assert 'Greet the visitor.' == 'Reply exactl... RETRY READY.'
E     
E     - Reply exactly: CEDAR RETRY READY.
E     + Greet the visitor.
----------------------------- Captured stderr call -----------------------------
2026-09-16 02:51:52.940 | INFO     | trace= span= tp= req= job= ps=: | tldw_Server_API.app.core.Chat.chat_service:build_context_and_messages:4295 - Loaded 3 historical messages for conv_id 'conv'.
2026-09-16 02:51:52.943 | INFO     | trace= span= tp= req= job= ps=: | tldw_Server_API.app.core.config:_buffered_log:210 - Loading environment variables from: /Users/macbook-dev/Documents/GitHub/tldw_server2/tldw_Server_API/Config_Files/.env
2026-09-16 02:51:52.948 | INFO     | trace= span= tp= req= job= ps=: | tldw_Server_API.app.core.config:_buffered_log:210 - Loading environment variables from: /Users/macbook-dev/Documents/GitHub/tldw_server2/tldw_Server_API/Config_Files/.ENV
2026-09-16 02:51:52.952 | INFO     | trace= span= tp= req= job= ps=: | tldw_Server_API.app.core.config:_buffered_log:210 - Attempting to load comprehensive config from: /Users/macbook-dev/Documents/GitHub/tldw_server2/tldw_Server_API/Config_Files/config.txt
2026-09-16 02:51:52.954 | INFO     | trace= span= tp= req= job= ps=: | tldw_Server_API.app.core.config:_buffered_log:210 - load_comprehensive_config(): Sections found in config: ['Setup', 'UI', 'Server', 'Files', 'Image-Generation', 'ACP', 'WORKSPACES', 'ACP-WORKSPACE', 'ACP-SANDBOX', 'Audit', 'Processing', 'Media-Processing', 'Chat-Dictionaries', 'Chat-Module', 'Chat-Commands', 'Chat-Templating', 'Character-Chat', 'Settings', 'Auto-Save', 'Prompts', 'Database', 'Chunking', 'Visual-RAG', 'AuthNZ', 'Streaming', 'HTTP', 'Egress', 'Embeddings', 'Claims', 'ClaimsMonitoring', 'RAG', 'Search-Agent', 'ResourceGovernor', 'Jobs', 'SlidesStandaloneHtml', 'Diarization', 'API', 'MLX', 'Local-API', 'LlamaCpp', 'STT-Settings', 'external_providers', 'TTS-Settings', 'VibeVoice', 'Audio-Quota', 'API-Routes', 'Search-Engines', 'Web-Scraper', 'Logging', 'Moderation', 'Redis', 'Web-Scraping', 'personalization', 'persona', 'persona.rbac']
--------------------------- Captured stderr teardown ---------------------------
2026-09-16 02:51:52.957 | INFO     | trace= span= tp= req= job= ps=: | tldw_Server_API.app.api.v1.API_Deps.ChaCha_Notes_DB_Deps:close_all_chacha_db_instances:862 - Closing all cached ChaChaNotesDB instances (0)...
2026-09-16 02:51:52.958 | INFO     | trace= span= tp= req= job= ps=: | tldw_Server_API.app.api.v1.API_Deps.ChaCha_Notes_DB_Deps:close_all_chacha_db_instances:878 - All ChaChaNotesDB instances closed and cache cleared.
2026-09-16 02:51:52.958 | INFO     | trace= span= tp= req= job= ps=: | tldw_Server_API.app.api.v1.API_Deps.ChaCha_Notes_DB_Deps:close_all_chacha_db_instances:862 - Closing all cached ChaChaNotesDB instances (0)...
2026-09-16 02:51:52.958 | INFO     | trace= span= tp= req= job= ps=: | tldw_Server_API.app.api.v1.API_Deps.ChaCha_Notes_DB_Deps:close_all_chacha_db_instances:878 - All ChaChaNotesDB instances closed and cache cleared.
_ test_failed_retry_is_last_once_in_final_provider_payload[character-20-True-desc] _
tldw_Server_API/tests/Chat/unit/test_failed_retry_provider_order.py:93: in test_failed_retry_is_last_once_in_final_provider_payload
    assert text_of(non_system[-1]) == records[-1]["content"]
E   AssertionError: assert 'Who coordinates Cedar?' == 'Reply exactl... RETRY READY.'
E     
E     - Reply exactly: CEDAR RETRY READY.
E     + Who coordinates Cedar?
----------------------------- Captured stderr call -----------------------------
2026-09-16 02:51:52.971 | INFO     | trace= span= tp= req= job= ps=: | tldw_Server_API.app.core.Chat.chat_helpers:get_or_create_character_context:189 - Loaded character 'Assistant' (ID: 1)
2026-09-16 02:51:52.972 | INFO     | trace= span= tp= req= job= ps=: | tldw_Server_API.app.core.Chat.chat_service:build_context_and_messages:4295 - Loaded 5 historical messages for conv_id 'conv'.
2026-09-16 02:51:52.975 | INFO     | trace= span= tp= req= job= ps=: | tldw_Server_API.app.core.config:_buffered_log:210 - Loading environment variables from: /Users/macbook-dev/Documents/GitHub/tldw_server2/tldw_Server_API/Config_Files/.env
2026-09-16 02:51:52.979 | INFO     | trace= span= tp= req= job= ps=: | tldw_Server_API.app.core.config:_buffered_log:210 - Loading environment variables from: /Users/macbook-dev/Documents/GitHub/tldw_server2/tldw_Server_API/Config_Files/.ENV
2026-09-16 02:51:52.984 | INFO     | trace= span= tp= req= job= ps=: | tldw_Server_API.app.core.config:_buffered_log:210 - Attempting to load comprehensive config from: /Users/macbook-dev/Documents/GitHub/tldw_server2/tldw_Server_API/Config_Files/config.txt
2026-09-16 02:51:52.986 | INFO     | trace= span= tp= req= job= ps=: | tldw_Server_API.app.core.config:_buffered_log:210 - load_comprehensive_config(): Sections found in config: ['Setup', 'UI', 'Server', 'Files', 'Image-Generation', 'ACP', 'WORKSPACES', 'ACP-WORKSPACE', 'ACP-SANDBOX', 'Audit', 'Processing', 'Media-Processing', 'Chat-Dictionaries', 'Chat-Module', 'Chat-Commands', 'Chat-Templating', 'Character-Chat', 'Settings', 'Auto-Save', 'Prompts', 'Database', 'Chunking', 'Visual-RAG', 'AuthNZ', 'Streaming', 'HTTP', 'Egress', 'Embeddings', 'Claims', 'ClaimsMonitoring', 'RAG', 'Search-Agent', 'ResourceGovernor', 'Jobs', 'SlidesStandaloneHtml', 'Diarization', 'API', 'MLX', 'Local-API', 'LlamaCpp', 'STT-Settings', 'external_providers', 'TTS-Settings', 'VibeVoice', 'Audio-Quota', 'API-Routes', 'Search-Engines', 'Web-Scraper', 'Logging', 'Moderation', 'Redis', 'Web-Scraping', 'personalization', 'persona', 'persona.rbac']
--------------------------- Captured stderr teardown ---------------------------
2026-09-16 02:51:52.989 | INFO     | trace= span= tp= req= job= ps=: | tldw_Server_API.app.api.v1.API_Deps.ChaCha_Notes_DB_Deps:close_all_chacha_db_instances:862 - Closing all cached ChaChaNotesDB instances (0)...
2026-09-16 02:51:52.989 | INFO     | trace= span= tp= req= job= ps=: | tldw_Server_API.app.api.v1.API_Deps.ChaCha_Notes_DB_Deps:close_all_chacha_db_instances:878 - All ChaChaNotesDB instances closed and cache cleared.
2026-09-16 02:51:52.989 | INFO     | trace= span= tp= req= job= ps=: | tldw_Server_API.app.api.v1.API_Deps.ChaCha_Notes_DB_Deps:close_all_chacha_db_instances:862 - Closing all cached ChaChaNotesDB instances (0)...
2026-09-16 02:51:52.990 | INFO     | trace= span= tp= req= job= ps=: | tldw_Server_API.app.api.v1.API_Deps.ChaCha_Notes_DB_Deps:close_all_chacha_db_instances:878 - All ChaChaNotesDB instances closed and cache cleared.
_ test_retry_reposition_preserves_literal_images_and_filters_saved_error[persona-desc] _
tldw_Server_API/tests/Chat/unit/test_failed_retry_provider_order.py:126: in test_retry_reposition_preserves_literal_images_and_filters_saved_error
    assert text_of(final) == expected
E   AssertionError: assert 'Who coordinates Cedar?' == 'Literal {{char}} question'
E     
E     - Literal {{char}} question
E     + Who coordinates Cedar?
----------------------------- Captured stderr call -----------------------------
2026-09-16 02:51:53.013 | INFO     | trace= span= tp= req= job= ps=: | tldw_Server_API.app.core.config:_buffered_log:210 - Loading environment variables from: /Users/macbook-dev/Documents/GitHub/tldw_server2/tldw_Server_API/Config_Files/.env
2026-09-16 02:51:53.018 | INFO     | trace= span= tp= req= job= ps=: | tldw_Server_API.app.core.config:_buffered_log:210 - Loading environment variables from: /Users/macbook-dev/Documents/GitHub/tldw_server2/tldw_Server_API/Config_Files/.ENV
2026-09-16 02:51:53.023 | INFO     | trace= span= tp= req= job= ps=: | tldw_Server_API.app.core.config:_buffered_log:210 - Attempting to load comprehensive config from: /Users/macbook-dev/Documents/GitHub/tldw_server2/tldw_Server_API/Config_Files/config.txt
2026-09-16 02:51:53.025 | INFO     | trace= span= tp= req= job= ps=: | tldw_Server_API.app.core.config:_buffered_log:210 - load_comprehensive_config(): Sections found in config: ['Setup', 'UI', 'Server', 'Files', 'Image-Generation', 'ACP', 'WORKSPACES', 'ACP-WORKSPACE', 'ACP-SANDBOX', 'Audit', 'Processing', 'Media-Processing', 'Chat-Dictionaries', 'Chat-Module', 'Chat-Commands', 'Chat-Templating', 'Character-Chat', 'Settings', 'Auto-Save', 'Prompts', 'Database', 'Chunking', 'Visual-RAG', 'AuthNZ', 'Streaming', 'HTTP', 'Egress', 'Embeddings', 'Claims', 'ClaimsMonitoring', 'RAG', 'Search-Agent', 'ResourceGovernor', 'Jobs', 'SlidesStandaloneHtml', 'Diarization', 'API', 'MLX', 'Local-API', 'LlamaCpp', 'STT-Settings', 'external_providers', 'TTS-Settings', 'VibeVoice', 'Audio-Quota', 'API-Routes', 'Search-Engines', 'Web-Scraper', 'Logging', 'Moderation', 'Redis', 'Web-Scraping', 'personalization', 'persona', 'persona.rbac']
2026-09-16 02:51:53.026 | INFO     | trace= span= tp= req= job= ps=: | tldw_Server_API.app.core.Chat.chat_service:build_context_and_messages:4295 - Loaded 6 historical messages for conv_id 'conv'.
------------------------------ Captured log call -------------------------------
DEBUG    PIL.PngImagePlugin:PngImagePlugin.py:201 STREAM b'IHDR' 16 13
DEBUG    PIL.PngImagePlugin:PngImagePlugin.py:201 STREAM b'IDAT' 41 16
DEBUG    PIL.PngImagePlugin:PngImagePlugin.py:201 STREAM b'IHDR' 16 13
DEBUG    PIL.PngImagePlugin:PngImagePlugin.py:201 STREAM b'IDAT' 41 16
DEBUG    PIL.PngImagePlugin:PngImagePlugin.py:201 STREAM b'IHDR' 16 13
DEBUG    PIL.PngImagePlugin:PngImagePlugin.py:201 STREAM b'IDAT' 41 16
DEBUG    PIL.PngImagePlugin:PngImagePlugin.py:201 STREAM b'IHDR' 16 13
DEBUG    PIL.PngImagePlugin:PngImagePlugin.py:201 STREAM b'IDAT' 41 16
DEBUG    PIL.PngImagePlugin:PngImagePlugin.py:201 STREAM b'IHDR' 16 13
DEBUG    PIL.PngImagePlugin:PngImagePlugin.py:201 STREAM b'IDAT' 41 16
--------------------------- Captured stderr teardown ---------------------------
2026-09-16 02:51:53.036 | INFO     | trace= span= tp= req= job= ps=: | tldw_Server_API.app.api.v1.API_Deps.ChaCha_Notes_DB_Deps:close_all_chacha_db_instances:862 - Closing all cached ChaChaNotesDB instances (0)...
2026-09-16 02:51:53.036 | INFO     | trace= span= tp= req= job= ps=: | tldw_Server_API.app.api.v1.API_Deps.ChaCha_Notes_DB_Deps:close_all_chacha_db_instances:878 - All ChaChaNotesDB instances closed and cache cleared.
2026-09-16 02:51:53.037 | INFO     | trace= span= tp= req= job= ps=: | tldw_Server_API.app.api.v1.API_Deps.ChaCha_Notes_DB_Deps:close_all_chacha_db_instances:862 - Closing all cached ChaChaNotesDB instances (0)...
2026-09-16 02:51:53.037 | INFO     | trace= span= tp= req= job= ps=: | tldw_Server_API.app.api.v1.API_Deps.ChaCha_Notes_DB_Deps:close_all_chacha_db_instances:878 - All ChaChaNotesDB instances closed and cache cleared.
_ test_failed_retry_is_last_once_in_final_provider_payload[character-3-False-desc] _
tldw_Server_API/tests/Chat/unit/test_failed_retry_provider_order.py:93: in test_failed_retry_is_last_once_in_final_provider_payload
    assert text_of(non_system[-1]) == records[-1]["content"]
E   AssertionError: assert 'Greet the visitor.' == 'Reply exactl... RETRY READY.'
E     
E     - Reply exactly: CEDAR RETRY READY.
E     + Greet the visitor.
----------------------------- Captured stderr call -----------------------------
2026-09-16 02:51:53.067 | INFO     | trace= span= tp= req= job= ps=: | tldw_Server_API.app.core.Chat.chat_helpers:get_or_create_character_context:189 - Loaded character 'Assistant' (ID: 1)
2026-09-16 02:51:53.069 | INFO     | trace= span= tp= req= job= ps=: | tldw_Server_API.app.core.Chat.chat_service:build_context_and_messages:4295 - Loaded 3 historical messages for conv_id 'conv'.
2026-09-16 02:51:53.072 | INFO     | trace= span= tp= req= job= ps=: | tldw_Server_API.app.core.config:_buffered_log:210 - Loading environment variables from: /Users/macbook-dev/Documents/GitHub/tldw_server2/tldw_Server_API/Config_Files/.env
2026-09-16 02:51:53.077 | INFO     | trace= span= tp= req= job= ps=: | tldw_Server_API.app.core.config:_buffered_log:210 - Loading environment variables from: /Users/macbook-dev/Documents/GitHub/tldw_server2/tldw_Server_API/Config_Files/.ENV
2026-09-16 02:51:53.081 | INFO     | trace= span= tp= req= job= ps=: | tldw_Server_API.app.core.config:_buffered_log:210 - Attempting to load comprehensive config from: /Users/macbook-dev/Documents/GitHub/tldw_server2/tldw_Server_API/Config_Files/config.txt
2026-09-16 02:51:53.083 | INFO     | trace= span= tp= req= job= ps=: | tldw_Server_API.app.core.config:_buffered_log:210 - load_comprehensive_config(): Sections found in config: ['Setup', 'UI', 'Server', 'Files', 'Image-Generation', 'ACP', 'WORKSPACES', 'ACP-WORKSPACE', 'ACP-SANDBOX', 'Audit', 'Processing', 'Media-Processing', 'Chat-Dictionaries', 'Chat-Module', 'Chat-Commands', 'Chat-Templating', 'Character-Chat', 'Settings', 'Auto-Save', 'Prompts', 'Database', 'Chunking', 'Visual-RAG', 'AuthNZ', 'Streaming', 'HTTP', 'Egress', 'Embeddings', 'Claims', 'ClaimsMonitoring', 'RAG', 'Search-Agent', 'ResourceGovernor', 'Jobs', 'SlidesStandaloneHtml', 'Diarization', 'API', 'MLX', 'Local-API', 'LlamaCpp', 'STT-Settings', 'external_providers', 'TTS-Settings', 'VibeVoice', 'Audio-Quota', 'API-Routes', 'Search-Engines', 'Web-Scraper', 'Logging', 'Moderation', 'Redis', 'Web-Scraping', 'personalization', 'persona', 'persona.rbac']
--------------------------- Captured stderr teardown ---------------------------
2026-09-16 02:51:53.086 | INFO     | trace= span= tp= req= job= ps=: | tldw_Server_API.app.api.v1.API_Deps.ChaCha_Notes_DB_Deps:close_all_chacha_db_instances:862 - Closing all cached ChaChaNotesDB instances (0)...
2026-09-16 02:51:53.087 | INFO     | trace= span= tp= req= job= ps=: | tldw_Server_API.app.api.v1.API_Deps.ChaCha_Notes_DB_Deps:close_all_chacha_db_instances:878 - All ChaChaNotesDB instances closed and cache cleared.
2026-09-16 02:51:53.087 | INFO     | trace= span= tp= req= job= ps=: | tldw_Server_API.app.api.v1.API_Deps.ChaCha_Notes_DB_Deps:close_all_chacha_db_instances:862 - Closing all cached ChaChaNotesDB instances (0)...
2026-09-16 02:51:53.087 | INFO     | trace= span= tp= req= job= ps=: | tldw_Server_API.app.api.v1.API_Deps.ChaCha_Notes_DB_Deps:close_all_chacha_db_instances:878 - All ChaChaNotesDB instances closed and cache cleared.
_ test_failed_retry_is_last_once_in_final_provider_payload[neutral-20-True-desc] _
tldw_Server_API/tests/Chat/unit/test_failed_retry_provider_order.py:93: in test_failed_retry_is_last_once_in_final_provider_payload
    assert text_of(non_system[-1]) == records[-1]["content"]
E   AssertionError: assert 'Who coordinates Cedar?' == 'Reply exactl... RETRY READY.'
E     
E     - Reply exactly: CEDAR RETRY READY.
E     + Who coordinates Cedar?
----------------------------- Captured stderr call -----------------------------
2026-09-16 02:51:53.090 | INFO     | trace= span= tp= req= job= ps=: | tldw_Server_API.app.core.Chat.chat_helpers:get_or_create_character_context:196 - Using default character 'Helpful AI Assistant' (ID: 1)
2026-09-16 02:51:53.091 | INFO     | trace= span= tp= req= job= ps=: | tldw_Server_API.app.core.Chat.chat_service:build_context_and_messages:4295 - Loaded 5 historical messages for conv_id 'conv'.
2026-09-16 02:51:53.094 | INFO     | trace= span= tp= req= job= ps=: | tldw_Server_API.app.core.config:_buffered_log:210 - Loading environment variables from: /Users/macbook-dev/Documents/GitHub/tldw_server2/tldw_Server_API/Config_Files/.env
2026-09-16 02:51:53.099 | INFO     | trace= span= tp= req= job= ps=: | tldw_Server_API.app.core.config:_buffered_log:210 - Loading environment variables from: /Users/macbook-dev/Documents/GitHub/tldw_server2/tldw_Server_API/Config_Files/.ENV
2026-09-16 02:51:53.104 | INFO     | trace= span= tp= req= job= ps=: | tldw_Server_API.app.core.config:_buffered_log:210 - Attempting to load comprehensive config from: /Users/macbook-dev/Documents/GitHub/tldw_server2/tldw_Server_API/Config_Files/config.txt
2026-09-16 02:51:53.106 | INFO     | trace= span= tp= req= job= ps=: | tldw_Server_API.app.core.config:_buffered_log:210 - load_comprehensive_config(): Sections found in config: ['Setup', 'UI', 'Server', 'Files', 'Image-Generation', 'ACP', 'WORKSPACES', 'ACP-WORKSPACE', 'ACP-SANDBOX', 'Audit', 'Processing', 'Media-Processing', 'Chat-Dictionaries', 'Chat-Module', 'Chat-Commands', 'Chat-Templating', 'Character-Chat', 'Settings', 'Auto-Save', 'Prompts', 'Database', 'Chunking', 'Visual-RAG', 'AuthNZ', 'Streaming', 'HTTP', 'Egress', 'Embeddings', 'Claims', 'ClaimsMonitoring', 'RAG', 'Search-Agent', 'ResourceGovernor', 'Jobs', 'SlidesStandaloneHtml', 'Diarization', 'API', 'MLX', 'Local-API', 'LlamaCpp', 'STT-Settings', 'external_providers', 'TTS-Settings', 'VibeVoice', 'Audio-Quota', 'API-Routes', 'Search-Engines', 'Web-Scraper', 'Logging', 'Moderation', 'Redis', 'Web-Scraping', 'personalization', 'persona', 'persona.rbac']
--------------------------- Captured stderr teardown ---------------------------
2026-09-16 02:51:53.109 | INFO     | trace= span= tp= req= job= ps=: | tldw_Server_API.app.api.v1.API_Deps.ChaCha_Notes_DB_Deps:close_all_chacha_db_instances:862 - Closing all cached ChaChaNotesDB instances (0)...
2026-09-16 02:51:53.110 | INFO     | trace= span= tp= req= job= ps=: | tldw_Server_API.app.api.v1.API_Deps.ChaCha_Notes_DB_Deps:close_all_chacha_db_instances:878 - All ChaChaNotesDB instances closed and cache cleared.
2026-09-16 02:51:53.110 | INFO     | trace= span= tp= req= job= ps=: | tldw_Server_API.app.api.v1.API_Deps.ChaCha_Notes_DB_Deps:close_all_chacha_db_instances:862 - Closing all cached ChaChaNotesDB instances (0)...
2026-09-16 02:51:53.110 | INFO     | trace= span= tp= req= job= ps=: | tldw_Server_API.app.api.v1.API_Deps.ChaCha_Notes_DB_Deps:close_all_chacha_db_instances:878 - All ChaChaNotesDB instances closed and cache cleared.
_ test_failed_retry_is_last_once_in_final_provider_payload[persona-3-True-desc] _
tldw_Server_API/tests/Chat/unit/test_failed_retry_provider_order.py:93: in test_failed_retry_is_last_once_in_final_provider_payload
    assert text_of(non_system[-1]) == records[-1]["content"]
E   AssertionError: assert 'Greet the visitor.' == 'Reply exactl... RETRY READY.'
E     
E     - Reply exactly: CEDAR RETRY READY.
E     + Greet the visitor.
----------------------------- Captured stderr call -----------------------------
2026-09-16 02:51:53.134 | INFO     | trace= span= tp= req= job= ps=: | tldw_Server_API.app.core.Chat.chat_service:build_context_and_messages:4295 - Loaded 3 historical messages for conv_id 'conv'.
2026-09-16 02:51:53.137 | INFO     | trace= span= tp= req= job= ps=: | tldw_Server_API.app.core.config:_buffered_log:210 - Loading environment variables from: /Users/macbook-dev/Documents/GitHub/tldw_server2/tldw_Server_API/Config_Files/.env
2026-09-16 02:51:53.142 | INFO     | trace= span= tp= req= job= ps=: | tldw_Server_API.app.core.config:_buffered_log:210 - Loading environment variables from: /Users/macbook-dev/Documents/GitHub/tldw_server2/tldw_Server_API/Config_Files/.ENV
2026-09-16 02:51:53.147 | INFO     | trace= span= tp= req= job= ps=: | tldw_Server_API.app.core.config:_buffered_log:210 - Attempting to load comprehensive config from: /Users/macbook-dev/Documents/GitHub/tldw_server2/tldw_Server_API/Config_Files/config.txt
2026-09-16 02:51:53.149 | INFO     | trace= span= tp= req= job= ps=: | tldw_Server_API.app.core.config:_buffered_log:210 - load_comprehensive_config(): Sections found in config: ['Setup', 'UI', 'Server', 'Files', 'Image-Generation', 'ACP', 'WORKSPACES', 'ACP-WORKSPACE', 'ACP-SANDBOX', 'Audit', 'Processing', 'Media-Processing', 'Chat-Dictionaries', 'Chat-Module', 'Chat-Commands', 'Chat-Templating', 'Character-Chat', 'Settings', 'Auto-Save', 'Prompts', 'Database', 'Chunking', 'Visual-RAG', 'AuthNZ', 'Streaming', 'HTTP', 'Egress', 'Embeddings', 'Claims', 'ClaimsMonitoring', 'RAG', 'Search-Agent', 'ResourceGovernor', 'Jobs', 'SlidesStandaloneHtml', 'Diarization', 'API', 'MLX', 'Local-API', 'LlamaCpp', 'STT-Settings', 'external_providers', 'TTS-Settings', 'VibeVoice', 'Audio-Quota', 'API-Routes', 'Search-Engines', 'Web-Scraper', 'Logging', 'Moderation', 'Redis', 'Web-Scraping', 'personalization', 'persona', 'persona.rbac']
--------------------------- Captured stderr teardown ---------------------------
2026-09-16 02:51:53.153 | INFO     | trace= span= tp= req= job= ps=: | tldw_Server_API.app.api.v1.API_Deps.ChaCha_Notes_DB_Deps:close_all_chacha_db_instances:862 - Closing all cached ChaChaNotesDB instances (0)...
2026-09-16 02:51:53.153 | INFO     | trace= span= tp= req= job= ps=: | tldw_Server_API.app.api.v1.API_Deps.ChaCha_Notes_DB_Deps:close_all_chacha_db_instances:878 - All ChaChaNotesDB instances closed and cache cleared.
2026-09-16 02:51:53.153 | INFO     | trace= span= tp= req= job= ps=: | tldw_Server_API.app.api.v1.API_Deps.ChaCha_Notes_DB_Deps:close_all_chacha_db_instances:862 - Closing all cached ChaChaNotesDB instances (0)...
2026-09-16 02:51:53.154 | INFO     | trace= span= tp= req= job= ps=: | tldw_Server_API.app.api.v1.API_Deps.ChaCha_Notes_DB_Deps:close_all_chacha_db_instances:878 - All ChaChaNotesDB instances closed and cache cleared.
_ test_failed_retry_is_last_once_in_final_provider_payload[character-3-True-desc] _
tldw_Server_API/tests/Chat/unit/test_failed_retry_provider_order.py:93: in test_failed_retry_is_last_once_in_final_provider_payload
    assert text_of(non_system[-1]) == records[-1]["content"]
E   AssertionError: assert 'Greet the visitor.' == 'Reply exactl... RETRY READY.'
E     
E     - Reply exactly: CEDAR RETRY READY.
E     + Greet the visitor.
----------------------------- Captured stderr call -----------------------------
2026-09-16 02:51:53.156 | INFO     | trace= span= tp= req= job= ps=: | tldw_Server_API.app.core.Chat.chat_helpers:get_or_create_character_context:189 - Loaded character 'Assistant' (ID: 1)
2026-09-16 02:51:53.158 | INFO     | trace= span= tp= req= job= ps=: | tldw_Server_API.app.core.Chat.chat_service:build_context_and_messages:4295 - Loaded 3 historical messages for conv_id 'conv'.
2026-09-16 02:51:53.161 | INFO     | trace= span= tp= req= job= ps=: | tldw_Server_API.app.core.config:_buffered_log:210 - Loading environment variables from: /Users/macbook-dev/Documents/GitHub/tldw_server2/tldw_Server_API/Config_Files/.env
2026-09-16 02:51:53.166 | INFO     | trace= span= tp= req= job= ps=: | tldw_Server_API.app.core.config:_buffered_log:210 - Loading environment variables from: /Users/macbook-dev/Documents/GitHub/tldw_server2/tldw_Server_API/Config_Files/.ENV
2026-09-16 02:51:53.171 | INFO     | trace= span= tp= req= job= ps=: | tldw_Server_API.app.core.config:_buffered_log:210 - Attempting to load comprehensive config from: /Users/macbook-dev/Documents/GitHub/tldw_server2/tldw_Server_API/Config_Files/config.txt
2026-09-16 02:51:53.173 | INFO     | trace= span= tp= req= job= ps=: | tldw_Server_API.app.core.config:_buffered_log:210 - load_comprehensive_config(): Sections found in config: ['Setup', 'UI', 'Server', 'Files', 'Image-Generation', 'ACP', 'WORKSPACES', 'ACP-WORKSPACE', 'ACP-SANDBOX', 'Audit', 'Processing', 'Media-Processing', 'Chat-Dictionaries', 'Chat-Module', 'Chat-Commands', 'Chat-Templating', 'Character-Chat', 'Settings', 'Auto-Save', 'Prompts', 'Database', 'Chunking', 'Visual-RAG', 'AuthNZ', 'Streaming', 'HTTP', 'Egress', 'Embeddings', 'Claims', 'ClaimsMonitoring', 'RAG', 'Search-Agent', 'ResourceGovernor', 'Jobs', 'SlidesStandaloneHtml', 'Diarization', 'API', 'MLX', 'Local-API', 'LlamaCpp', 'STT-Settings', 'external_providers', 'TTS-Settings', 'VibeVoice', 'Audio-Quota', 'API-Routes', 'Search-Engines', 'Web-Scraper', 'Logging', 'Moderation', 'Redis', 'Web-Scraping', 'personalization', 'persona', 'persona.rbac']
--------------------------- Captured stderr teardown ---------------------------
2026-09-16 02:51:53.177 | INFO     | trace= span= tp= req= job= ps=: | tldw_Server_API.app.api.v1.API_Deps.ChaCha_Notes_DB_Deps:close_all_chacha_db_instances:862 - Closing all cached ChaChaNotesDB instances (0)...
2026-09-16 02:51:53.177 | INFO     | trace= span= tp= req= job= ps=: | tldw_Server_API.app.api.v1.API_Deps.ChaCha_Notes_DB_Deps:close_all_chacha_db_instances:878 - All ChaChaNotesDB instances closed and cache cleared.
2026-09-16 02:51:53.178 | INFO     | trace= span= tp= req= job= ps=: | tldw_Server_API.app.api.v1.API_Deps.ChaCha_Notes_DB_Deps:close_all_chacha_db_instances:862 - Closing all cached ChaChaNotesDB instances (0)...
2026-09-16 02:51:53.178 | INFO     | trace= span= tp= req= job= ps=: | tldw_Server_API.app.api.v1.API_Deps.ChaCha_Notes_DB_Deps:close_all_chacha_db_instances:878 - All ChaChaNotesDB instances closed and cache cleared.
_ test_retry_reposition_preserves_literal_images_and_filters_saved_error[neutral-desc] _
tldw_Server_API/tests/Chat/unit/test_failed_retry_provider_order.py:126: in test_retry_reposition_preserves_literal_images_and_filters_saved_error
    assert text_of(final) == expected
E   AssertionError: assert 'Who coordinates Cedar?' == 'Literal {{char}} question'
E     
E     - Literal {{char}} question
E     + Who coordinates Cedar?
----------------------------- Captured stderr call -----------------------------
2026-09-16 02:51:53.211 | INFO     | trace= span= tp= req= job= ps=: | tldw_Server_API.app.core.Chat.chat_helpers:get_or_create_character_context:196 - Using default character 'Helpful AI Assistant' (ID: 1)
2026-09-16 02:51:53.214 | INFO     | trace= span= tp= req= job= ps=: | tldw_Server_API.app.core.config:_buffered_log:210 - Loading environment variables from: /Users/macbook-dev/Documents/GitHub/tldw_server2/tldw_Server_API/Config_Files/.env
2026-09-16 02:51:53.220 | INFO     | trace= span= tp= req= job= ps=: | tldw_Server_API.app.core.config:_buffered_log:210 - Loading environment variables from: /Users/macbook-dev/Documents/GitHub/tldw_server2/tldw_Server_API/Config_Files/.ENV
2026-09-16 02:51:53.226 | INFO     | trace= span= tp= req= job= ps=: | tldw_Server_API.app.core.config:_buffered_log:210 - Attempting to load comprehensive config from: /Users/macbook-dev/Documents/GitHub/tldw_server2/tldw_Server_API/Config_Files/config.txt
2026-09-16 02:51:53.228 | INFO     | trace= span= tp= req= job= ps=: | tldw_Server_API.app.core.config:_buffered_log:210 - load_comprehensive_config(): Sections found in config: ['Setup', 'UI', 'Server', 'Files', 'Image-Generation', 'ACP', 'WORKSPACES', 'ACP-WORKSPACE', 'ACP-SANDBOX', 'Audit', 'Processing', 'Media-Processing', 'Chat-Dictionaries', 'Chat-Module', 'Chat-Commands', 'Chat-Templating', 'Character-Chat', 'Settings', 'Auto-Save', 'Prompts', 'Database', 'Chunking', 'Visual-RAG', 'AuthNZ', 'Streaming', 'HTTP', 'Egress', 'Embeddings', 'Claims', 'ClaimsMonitoring', 'RAG', 'Search-Agent', 'ResourceGovernor', 'Jobs', 'SlidesStandaloneHtml', 'Diarization', 'API', 'MLX', 'Local-API', 'LlamaCpp', 'STT-Settings', 'external_providers', 'TTS-Settings', 'VibeVoice', 'Audio-Quota', 'API-Routes', 'Search-Engines', 'Web-Scraper', 'Logging', 'Moderation', 'Redis', 'Web-Scraping', 'personalization', 'persona', 'persona.rbac']
2026-09-16 02:51:53.230 | INFO     | trace= span= tp= req= job= ps=: | tldw_Server_API.app.core.Chat.chat_service:build_context_and_messages:4295 - Loaded 6 historical messages for conv_id 'conv'.
------------------------------ Captured log call -------------------------------
DEBUG    PIL.PngImagePlugin:PngImagePlugin.py:201 STREAM b'IHDR' 16 13
DEBUG    PIL.PngImagePlugin:PngImagePlugin.py:201 STREAM b'IDAT' 41 16
DEBUG    PIL.PngImagePlugin:PngImagePlugin.py:201 STREAM b'IHDR' 16 13
DEBUG    PIL.PngImagePlugin:PngImagePlugin.py:201 STREAM b'IDAT' 41 16
DEBUG    PIL.PngImagePlugin:PngImagePlugin.py:201 STREAM b'IHDR' 16 13
DEBUG    PIL.PngImagePlugin:PngImagePlugin.py:201 STREAM b'IDAT' 41 16
DEBUG    PIL.PngImagePlugin:PngImagePlugin.py:201 STREAM b'IHDR' 16 13
DEBUG    PIL.PngImagePlugin:PngImagePlugin.py:201 STREAM b'IDAT' 41 16
DEBUG    PIL.PngImagePlugin:PngImagePlugin.py:201 STREAM b'IHDR' 16 13
DEBUG    PIL.PngImagePlugin:PngImagePlugin.py:201 STREAM b'IDAT' 41 16
--------------------------- Captured stderr teardown ---------------------------
2026-09-16 02:51:53.241 | INFO     | trace= span= tp= req= job= ps=: | tldw_Server_API.app.api.v1.API_Deps.ChaCha_Notes_DB_Deps:close_all_chacha_db_instances:862 - Closing all cached ChaChaNotesDB instances (0)...
2026-09-16 02:51:53.241 | INFO     | trace= span= tp= req= job= ps=: | tldw_Server_API.app.api.v1.API_Deps.ChaCha_Notes_DB_Deps:close_all_chacha_db_instances:878 - All ChaChaNotesDB instances closed and cache cleared.
2026-09-16 02:51:53.242 | INFO     | trace= span= tp= req= job= ps=: | tldw_Server_API.app.api.v1.API_Deps.ChaCha_Notes_DB_Deps:close_all_chacha_db_instances:862 - Closing all cached ChaChaNotesDB instances (0)...
2026-09-16 02:51:53.242 | INFO     | trace= span= tp= req= job= ps=: | tldw_Server_API.app.api.v1.API_Deps.ChaCha_Notes_DB_Deps:close_all_chacha_db_instances:878 - All ChaChaNotesDB instances closed and cache cleared.
_ test_failed_retry_is_last_once_in_final_provider_payload[neutral-3-False-desc] _
tldw_Server_API/tests/Chat/unit/test_failed_retry_provider_order.py:93: in test_failed_retry_is_last_once_in_final_provider_payload
    assert text_of(non_system[-1]) == records[-1]["content"]
E   AssertionError: assert 'Greet the visitor.' == 'Reply exactl... RETRY READY.'
E     
E     - Reply exactly: CEDAR RETRY READY.
E     + Greet the visitor.
----------------------------- Captured stderr call -----------------------------
2026-09-16 02:51:53.245 | INFO     | trace= span= tp= req= job= ps=: | tldw_Server_API.app.core.Chat.chat_helpers:get_or_create_character_context:196 - Using default character 'Helpful AI Assistant' (ID: 1)
2026-09-16 02:51:53.248 | INFO     | trace= span= tp= req= job= ps=: | tldw_Server_API.app.core.Chat.chat_service:build_context_and_messages:4295 - Loaded 3 historical messages for conv_id 'conv'.
2026-09-16 02:51:53.251 | INFO     | trace= span= tp= req= job= ps=: | tldw_Server_API.app.core.config:_buffered_log:210 - Loading environment variables from: /Users/macbook-dev/Documents/GitHub/tldw_server2/tldw_Server_API/Config_Files/.env
2026-09-16 02:51:53.256 | INFO     | trace= span= tp= req= job= ps=: | tldw_Server_API.app.core.config:_buffered_log:210 - Loading environment variables from: /Users/macbook-dev/Documents/GitHub/tldw_server2/tldw_Server_API/Config_Files/.ENV
2026-09-16 02:51:53.261 | INFO     | trace= span= tp= req= job= ps=: | tldw_Server_API.app.core.config:_buffered_log:210 - Attempting to load comprehensive config from: /Users/macbook-dev/Documents/GitHub/tldw_server2/tldw_Server_API/Config_Files/config.txt
2026-09-16 02:51:53.263 | INFO     | trace= span= tp= req= job= ps=: | tldw_Server_API.app.core.config:_buffered_log:210 - load_comprehensive_config(): Sections found in config: ['Setup', 'UI', 'Server', 'Files', 'Image-Generation', 'ACP', 'WORKSPACES', 'ACP-WORKSPACE', 'ACP-SANDBOX', 'Audit', 'Processing', 'Media-Processing', 'Chat-Dictionaries', 'Chat-Module', 'Chat-Commands', 'Chat-Templating', 'Character-Chat', 'Settings', 'Auto-Save', 'Prompts', 'Database', 'Chunking', 'Visual-RAG', 'AuthNZ', 'Streaming', 'HTTP', 'Egress', 'Embeddings', 'Claims', 'ClaimsMonitoring', 'RAG', 'Search-Agent', 'ResourceGovernor', 'Jobs', 'SlidesStandaloneHtml', 'Diarization', 'API', 'MLX', 'Local-API', 'LlamaCpp', 'STT-Settings', 'external_providers', 'TTS-Settings', 'VibeVoice', 'Audio-Quota', 'API-Routes', 'Search-Engines', 'Web-Scraper', 'Logging', 'Moderation', 'Redis', 'Web-Scraping', 'personalization', 'persona', 'persona.rbac']
--------------------------- Captured stderr teardown ---------------------------
2026-09-16 02:51:53.267 | INFO     | trace= span= tp= req= job= ps=: | tldw_Server_API.app.api.v1.API_Deps.ChaCha_Notes_DB_Deps:close_all_chacha_db_instances:862 - Closing all cached ChaChaNotesDB instances (0)...
2026-09-16 02:51:53.268 | INFO     | trace= span= tp= req= job= ps=: | tldw_Server_API.app.api.v1.API_Deps.ChaCha_Notes_DB_Deps:close_all_chacha_db_instances:878 - All ChaChaNotesDB instances closed and cache cleared.
2026-09-16 02:51:53.268 | INFO     | trace= span= tp= req= job= ps=: | tldw_Server_API.app.api.v1.API_Deps.ChaCha_Notes_DB_Deps:close_all_chacha_db_instances:862 - Closing all cached ChaChaNotesDB instances (0)...
2026-09-16 02:51:53.268 | INFO     | trace= span= tp= req= job= ps=: | tldw_Server_API.app.api.v1.API_Deps.ChaCha_Notes_DB_Deps:close_all_chacha_db_instances:878 - All ChaChaNotesDB instances closed and cache cleared.
_ test_failed_retry_is_last_once_in_final_provider_payload[neutral-3-True-desc] _
tldw_Server_API/tests/Chat/unit/test_failed_retry_provider_order.py:93: in test_failed_retry_is_last_once_in_final_provider_payload
    assert text_of(non_system[-1]) == records[-1]["content"]
E   AssertionError: assert 'Greet the visitor.' == 'Reply exactl... RETRY READY.'
E     
E     - Reply exactly: CEDAR RETRY READY.
E     + Greet the visitor.
----------------------------- Captured stderr call -----------------------------
2026-09-16 02:51:53.339 | INFO     | trace= span= tp= req= job= ps=: | tldw_Server_API.app.core.Chat.chat_helpers:get_or_create_character_context:196 - Using default character 'Helpful AI Assistant' (ID: 1)
2026-09-16 02:51:53.341 | INFO     | trace= span= tp= req= job= ps=: | tldw_Server_API.app.core.Chat.chat_service:build_context_and_messages:4295 - Loaded 3 historical messages for conv_id 'conv'.
2026-09-16 02:51:53.344 | INFO     | trace= span= tp= req= job= ps=: | tldw_Server_API.app.core.config:_buffered_log:210 - Loading environment variables from: /Users/macbook-dev/Documents/GitHub/tldw_server2/tldw_Server_API/Config_Files/.env
2026-09-16 02:51:53.349 | INFO     | trace= span= tp= req= job= ps=: | tldw_Server_API.app.core.config:_buffered_log:210 - Loading environment variables from: /Users/macbook-dev/Documents/GitHub/tldw_server2/tldw_Server_API/Config_Files/.ENV
2026-09-16 02:51:53.353 | INFO     | trace= span= tp= req= job= ps=: | tldw_Server_API.app.core.config:_buffered_log:210 - Attempting to load comprehensive config from: /Users/macbook-dev/Documents/GitHub/tldw_server2/tldw_Server_API/Config_Files/config.txt
2026-09-16 02:51:53.356 | INFO     | trace= span= tp= req= job= ps=: | tldw_Server_API.app.core.config:_buffered_log:210 - load_comprehensive_config(): Sections found in config: ['Setup', 'UI', 'Server', 'Files', 'Image-Generation', 'ACP', 'WORKSPACES', 'ACP-WORKSPACE', 'ACP-SANDBOX', 'Audit', 'Processing', 'Media-Processing', 'Chat-Dictionaries', 'Chat-Module', 'Chat-Commands', 'Chat-Templating', 'Character-Chat', 'Settings', 'Auto-Save', 'Prompts', 'Database', 'Chunking', 'Visual-RAG', 'AuthNZ', 'Streaming', 'HTTP', 'Egress', 'Embeddings', 'Claims', 'ClaimsMonitoring', 'RAG', 'Search-Agent', 'ResourceGovernor', 'Jobs', 'SlidesStandaloneHtml', 'Diarization', 'API', 'MLX', 'Local-API', 'LlamaCpp', 'STT-Settings', 'external_providers', 'TTS-Settings', 'VibeVoice', 'Audio-Quota', 'API-Routes', 'Search-Engines', 'Web-Scraper', 'Logging', 'Moderation', 'Redis', 'Web-Scraping', 'personalization', 'persona', 'persona.rbac']
--------------------------- Captured stderr teardown ---------------------------
2026-09-16 02:51:53.359 | INFO     | trace= span= tp= req= job= ps=: | tldw_Server_API.app.api.v1.API_Deps.ChaCha_Notes_DB_Deps:close_all_chacha_db_instances:862 - Closing all cached ChaChaNotesDB instances (0)...
2026-09-16 02:51:53.359 | INFO     | trace= span= tp= req= job= ps=: | tldw_Server_API.app.api.v1.API_Deps.ChaCha_Notes_DB_Deps:close_all_chacha_db_instances:878 - All ChaChaNotesDB instances closed and cache cleared.
2026-09-16 02:51:53.360 | INFO     | trace= span= tp= req= job= ps=: | tldw_Server_API.app.api.v1.API_Deps.ChaCha_Notes_DB_Deps:close_all_chacha_db_instances:862 - Closing all cached ChaChaNotesDB instances (0)...
2026-09-16 02:51:53.360 | INFO     | trace= span= tp= req= job= ps=: | tldw_Server_API.app.api.v1.API_Deps.ChaCha_Notes_DB_Deps:close_all_chacha_db_instances:878 - All ChaChaNotesDB instances closed and cache cleared.
_ test_failed_retry_is_last_once_in_final_provider_payload[persona-20-False-desc] _
tldw_Server_API/tests/Chat/unit/test_failed_retry_provider_order.py:93: in test_failed_retry_is_last_once_in_final_provider_payload
    assert text_of(non_system[-1]) == records[-1]["content"]
E   AssertionError: assert 'Who coordinates Cedar?' == 'Reply exactl... RETRY READY.'
E     
E     - Reply exactly: CEDAR RETRY READY.
E     + Who coordinates Cedar?
----------------------------- Captured stderr call -----------------------------
2026-09-16 02:51:53.363 | INFO     | trace= span= tp= req= job= ps=: | tldw_Server_API.app.core.Chat.chat_service:build_context_and_messages:4295 - Loaded 5 historical messages for conv_id 'conv'.
2026-09-16 02:51:53.366 | INFO     | trace= span= tp= req= job= ps=: | tldw_Server_API.app.core.config:_buffered_log:210 - Loading environment variables from: /Users/macbook-dev/Documents/GitHub/tldw_server2/tldw_Server_API/Config_Files/.env
2026-09-16 02:51:53.371 | INFO     | trace= span= tp= req= job= ps=: | tldw_Server_API.app.core.config:_buffered_log:210 - Loading environment variables from: /Users/macbook-dev/Documents/GitHub/tldw_server2/tldw_Server_API/Config_Files/.ENV
2026-09-16 02:51:53.375 | INFO     | trace= span= tp= req= job= ps=: | tldw_Server_API.app.core.config:_buffered_log:210 - Attempting to load comprehensive config from: /Users/macbook-dev/Documents/GitHub/tldw_server2/tldw_Server_API/Config_Files/config.txt
2026-09-16 02:51:53.377 | INFO     | trace= span= tp= req= job= ps=: | tldw_Server_API.app.core.config:_buffered_log:210 - load_comprehensive_config(): Sections found in config: ['Setup', 'UI', 'Server', 'Files', 'Image-Generation', 'ACP', 'WORKSPACES', 'ACP-WORKSPACE', 'ACP-SANDBOX', 'Audit', 'Processing', 'Media-Processing', 'Chat-Dictionaries', 'Chat-Module', 'Chat-Commands', 'Chat-Templating', 'Character-Chat', 'Settings', 'Auto-Save', 'Prompts', 'Database', 'Chunking', 'Visual-RAG', 'AuthNZ', 'Streaming', 'HTTP', 'Egress', 'Embeddings', 'Claims', 'ClaimsMonitoring', 'RAG', 'Search-Agent', 'ResourceGovernor', 'Jobs', 'SlidesStandaloneHtml', 'Diarization', 'API', 'MLX', 'Local-API', 'LlamaCpp', 'STT-Settings', 'external_providers', 'TTS-Settings', 'VibeVoice', 'Audio-Quota', 'API-Routes', 'Search-Engines', 'Web-Scraper', 'Logging', 'Moderation', 'Redis', 'Web-Scraping', 'personalization', 'persona', 'persona.rbac']
--------------------------- Captured stderr teardown ---------------------------
2026-09-16 02:51:53.380 | INFO     | trace= span= tp= req= job= ps=: | tldw_Server_API.app.api.v1.API_Deps.ChaCha_Notes_DB_Deps:close_all_chacha_db_instances:862 - Closing all cached ChaChaNotesDB instances (0)...
2026-09-16 02:51:53.380 | INFO     | trace= span= tp= req= job= ps=: | tldw_Server_API.app.api.v1.API_Deps.ChaCha_Notes_DB_Deps:close_all_chacha_db_instances:878 - All ChaChaNotesDB instances closed and cache cleared.
2026-09-16 02:51:53.381 | INFO     | trace= span= tp= req= job= ps=: | tldw_Server_API.app.api.v1.API_Deps.ChaCha_Notes_DB_Deps:close_all_chacha_db_instances:862 - Closing all cached ChaChaNotesDB instances (0)...
2026-09-16 02:51:53.381 | INFO     | trace= span= tp= req= job= ps=: | tldw_Server_API.app.api.v1.API_Deps.ChaCha_Notes_DB_Deps:close_all_chacha_db_instances:878 - All ChaChaNotesDB instances closed and cache cleared.
_ test_retry_reposition_preserves_literal_images_and_filters_saved_error[character-desc] _
tldw_Server_API/tests/Chat/unit/test_failed_retry_provider_order.py:126: in test_retry_reposition_preserves_literal_images_and_filters_saved_error
    assert text_of(final) == expected
E   AssertionError: assert 'Who coordinates Cedar?' == 'Literal Assistant question'
E     
E     - Literal Assistant question
E     + Who coordinates Cedar?
----------------------------- Captured stderr call -----------------------------
2026-09-16 02:51:53.383 | INFO     | trace= span= tp= req= job= ps=: | tldw_Server_API.app.core.Chat.chat_helpers:get_or_create_character_context:189 - Loaded character 'Assistant' (ID: 1)
2026-09-16 02:51:53.385 | INFO     | trace= span= tp= req= job= ps=: | tldw_Server_API.app.core.config:_buffered_log:210 - Loading environment variables from: /Users/macbook-dev/Documents/GitHub/tldw_server2/tldw_Server_API/Config_Files/.env
2026-09-16 02:51:53.389 | INFO     | trace= span= tp= req= job= ps=: | tldw_Server_API.app.core.config:_buffered_log:210 - Loading environment variables from: /Users/macbook-dev/Documents/GitHub/tldw_server2/tldw_Server_API/Config_Files/.ENV
2026-09-16 02:51:53.394 | INFO     | trace= span= tp= req= job= ps=: | tldw_Server_API.app.core.config:_buffered_log:210 - Attempting to load comprehensive config from: /Users/macbook-dev/Documents/GitHub/tldw_server2/tldw_Server_API/Config_Files/config.txt
2026-09-16 02:51:53.396 | INFO     | trace= span= tp= req= job= ps=: | tldw_Server_API.app.core.config:_buffered_log:210 - load_comprehensive_config(): Sections found in config: ['Setup', 'UI', 'Server', 'Files', 'Image-Generation', 'ACP', 'WORKSPACES', 'ACP-WORKSPACE', 'ACP-SANDBOX', 'Audit', 'Processing', 'Media-Processing', 'Chat-Dictionaries', 'Chat-Module', 'Chat-Commands', 'Chat-Templating', 'Character-Chat', 'Settings', 'Auto-Save', 'Prompts', 'Database', 'Chunking', 'Visual-RAG', 'AuthNZ', 'Streaming', 'HTTP', 'Egress', 'Embeddings', 'Claims', 'ClaimsMonitoring', 'RAG', 'Search-Agent', 'ResourceGovernor', 'Jobs', 'SlidesStandaloneHtml', 'Diarization', 'API', 'MLX', 'Local-API', 'LlamaCpp', 'STT-Settings', 'external_providers', 'TTS-Settings', 'VibeVoice', 'Audio-Quota', 'API-Routes', 'Search-Engines', 'Web-Scraper', 'Logging', 'Moderation', 'Redis', 'Web-Scraping', 'personalization', 'persona', 'persona.rbac']
2026-09-16 02:51:53.398 | INFO     | trace= span= tp= req= job= ps=: | tldw_Server_API.app.core.Chat.chat_service:build_context_and_messages:4295 - Loaded 6 historical messages for conv_id 'conv'.
------------------------------ Captured log call -------------------------------
DEBUG    PIL.PngImagePlugin:PngImagePlugin.py:201 STREAM b'IHDR' 16 13
DEBUG    PIL.PngImagePlugin:PngImagePlugin.py:201 STREAM b'IDAT' 41 16
DEBUG    PIL.PngImagePlugin:PngImagePlugin.py:201 STREAM b'IHDR' 16 13
DEBUG    PIL.PngImagePlugin:PngImagePlugin.py:201 STREAM b'IDAT' 41 16
DEBUG    PIL.PngImagePlugin:PngImagePlugin.py:201 STREAM b'IHDR' 16 13
DEBUG    PIL.PngImagePlugin:PngImagePlugin.py:201 STREAM b'IDAT' 41 16
DEBUG    PIL.PngImagePlugin:PngImagePlugin.py:201 STREAM b'IHDR' 16 13
DEBUG    PIL.PngImagePlugin:PngImagePlugin.py:201 STREAM b'IDAT' 41 16
DEBUG    PIL.PngImagePlugin:PngImagePlugin.py:201 STREAM b'IHDR' 16 13
DEBUG    PIL.PngImagePlugin:PngImagePlugin.py:201 STREAM b'IDAT' 41 16
--------------------------- Captured stderr teardown ---------------------------
2026-09-16 02:51:53.406 | INFO     | trace= span= tp= req= job= ps=: | tldw_Server_API.app.api.v1.API_Deps.ChaCha_Notes_DB_Deps:close_all_chacha_db_instances:862 - Closing all cached ChaChaNotesDB instances (0)...
2026-09-16 02:51:53.406 | INFO     | trace= span= tp= req= job= ps=: | tldw_Server_API.app.api.v1.API_Deps.ChaCha_Notes_DB_Deps:close_all_chacha_db_instances:878 - All ChaChaNotesDB instances closed and cache cleared.
2026-09-16 02:51:53.407 | INFO     | trace= span= tp= req= job= ps=: | tldw_Server_API.app.api.v1.API_Deps.ChaCha_Notes_DB_Deps:close_all_chacha_db_instances:862 - Closing all cached ChaChaNotesDB instances (0)...
2026-09-16 02:51:53.407 | INFO     | trace= span= tp= req= job= ps=: | tldw_Server_API.app.api.v1.API_Deps.ChaCha_Notes_DB_Deps:close_all_chacha_db_instances:878 - All ChaChaNotesDB instances closed and cache cleared.
=========================== short test summary info ============================
FAILED tldw_Server_API/tests/Chat/unit/test_failed_retry_provider_order.py::test_failed_retry_is_last_once_in_final_provider_payload[character-20-False-desc]
FAILED tldw_Server_API/tests/Chat/unit/test_failed_retry_provider_order.py::test_failed_retry_is_last_once_in_final_provider_payload[neutral-20-False-desc]
FAILED tldw_Server_API/tests/Chat/unit/test_failed_retry_provider_order.py::test_failed_retry_is_last_once_in_final_provider_payload[persona-20-True-desc]
FAILED tldw_Server_API/tests/Chat/unit/test_failed_retry_provider_order.py::test_failed_retry_is_last_once_in_final_provider_payload[persona-3-False-desc]
FAILED tldw_Server_API/tests/Chat/unit/test_failed_retry_provider_order.py::test_failed_retry_is_last_once_in_final_provider_payload[character-20-True-desc]
FAILED tldw_Server_API/tests/Chat/unit/test_failed_retry_provider_order.py::test_retry_reposition_preserves_literal_images_and_filters_saved_error[persona-desc]
FAILED tldw_Server_API/tests/Chat/unit/test_failed_retry_provider_order.py::test_failed_retry_is_last_once_in_final_provider_payload[character-3-False-desc]
FAILED tldw_Server_API/tests/Chat/unit/test_failed_retry_provider_order.py::test_failed_retry_is_last_once_in_final_provider_payload[neutral-20-True-desc]
FAILED tldw_Server_API/tests/Chat/unit/test_failed_retry_provider_order.py::test_failed_retry_is_last_once_in_final_provider_payload[persona-3-True-desc]
FAILED tldw_Server_API/tests/Chat/unit/test_failed_retry_provider_order.py::test_failed_retry_is_last_once_in_final_provider_payload[character-3-True-desc]
FAILED tldw_Server_API/tests/Chat/unit/test_failed_retry_provider_order.py::test_retry_reposition_preserves_literal_images_and_filters_saved_error[neutral-desc]
FAILED tldw_Server_API/tests/Chat/unit/test_failed_retry_provider_order.py::test_failed_retry_is_last_once_in_final_provider_payload[neutral-3-False-desc]
FAILED tldw_Server_API/tests/Chat/unit/test_failed_retry_provider_order.py::test_failed_retry_is_last_once_in_final_provider_payload[neutral-3-True-desc]
FAILED tldw_Server_API/tests/Chat/unit/test_failed_retry_provider_order.py::test_failed_retry_is_last_once_in_final_provider_payload[persona-20-False-desc]
FAILED tldw_Server_API/tests/Chat/unit/test_failed_retry_provider_order.py::test_retry_reposition_preserves_literal_images_and_filters_saved_error[character-desc]
================== 15 failed, 39 passed, 4 warnings in 8.11s ===================
