
 RUN  v4.0.18 /Users/macbook-dev/Documents/GitHub/tldw_server2/apps/packages/ui

(node:77580) ExperimentalWarning: localStorage is not available because --localstorage-file was not provided.
(Use `node --trace-warnings ...` to show where the warning was created)
 ✓ src/components/Review/__tests__/ViewMediaPage.permalink.test.tsx (23 tests) 5512ms
     ✓ keeps saved reading position when passive chapter selection resolves after progress restoration (remembered=false)  1164ms
     ✓ keeps saved reading position when passive chapter selection resolves after progress restoration (remembered=true)  1163ms
     ✓ allows genuine scrolling and an explicit chapter jump to save their current positions  2419ms
(node:77738) ExperimentalWarning: localStorage is not available because --localstorage-file was not provided.
(Use `node --trace-warnings ...` to show where the warning was created)
 ✓ src/components/Media/__tests__/ContentViewer.analysis-markdown.test.tsx (2 tests) 896ms
     ✓ renders headings, emphasis and lists while copy and edit keep the original Markdown  808ms
(node:77762) ExperimentalWarning: localStorage is not available because --localstorage-file was not provided.
(Use `node --trace-warnings ...` to show where the warning was created)
 ✓ src/components/Media/__tests__/ContentViewer.stage3.test.tsx (3 tests) 658ms
(node:77780) ExperimentalWarning: localStorage is not available because --localstorage-file was not provided.
(Use `node --trace-warnings ...` to show where the warning was created)
 ✓ src/components/Media/__tests__/ContentViewer.stage4.accessibility.test.tsx (2 tests) 527ms
     ✓ supports keyboard toggling for content and analysis sections  395ms
(node:77788) ExperimentalWarning: localStorage is not available because --localstorage-file was not provided.
(Use `node --trace-warnings ...` to show where the warning was created)
 ✓ src/components/Media/__tests__/ContentViewer.stage10.findBar.test.tsx (6 tests) 631ms
     ✓ opens via Ctrl+F, focuses input, and navigates matches  381ms
(node:77813) ExperimentalWarning: localStorage is not available because --localstorage-file was not provided.
(Use `node --trace-warnings ...` to show where the warning was created)
 ✓ src/components/Media/__tests__/ContentViewer.stage2.test.tsx (3 tests) 465ms
(node:77827) ExperimentalWarning: localStorage is not available because --localstorage-file was not provided.
(Use `node --trace-warnings ...` to show where the warning was created)
 ✓ src/components/Media/__tests__/MediaSectionNavigator.test.tsx (10 tests) 319ms
(node:77851) ExperimentalWarning: localStorage is not available because --localstorage-file was not provided.
(Use `node --trace-warnings ...` to show where the warning was created)
 ✓ src/components/Media/__tests__/ContentViewer.stage12.performance.test.tsx (3 tests) 316ms
(node:77857) ExperimentalWarning: localStorage is not available because --localstorage-file was not provided.
(Use `node --trace-warnings ...` to show where the warning was created)
stderr | src/components/Review/__tests__/ViewMediaPage.stage13.error-handling.test.tsx > ViewMediaPage stage 13 error handling > shows inline fetch failure with retry and recovers on successful retry
Error fetching media details: Error: temporary failure
    at /Users/macbook-dev/Documents/GitHub/tldw_server2/apps/packages/ui/src/components/Review/__tests__/ViewMediaPage.stage13.error-handling.test.tsx:303:30
    at file:///Users/macbook-dev/Documents/GitHub/tldw_server2/apps/node_modules/.bun/@vitest+runner@4.0.18/node_modules/@vitest/runner/dist/index.js:145:11
    at file:///Users/macbook-dev/Documents/GitHub/tldw_server2/apps/node_modules/.bun/@vitest+runner@4.0.18/node_modules/@vitest/runner/dist/index.js:915:26
    at file:///Users/macbook-dev/Documents/GitHub/tldw_server2/apps/node_modules/.bun/@vitest+runner@4.0.18/node_modules/@vitest/runner/dist/index.js:1243:20
    at new Promise (<anonymous>)
    at runWithTimeout (file:///Users/macbook-dev/Documents/GitHub/tldw_server2/apps/node_modules/.bun/@vitest+runner@4.0.18/node_modules/@vitest/runner/dist/index.js:1209:10)
    at file:///Users/macbook-dev/Documents/GitHub/tldw_server2/apps/node_modules/.bun/@vitest+runner@4.0.18/node_modules/@vitest/runner/dist/index.js:1653:37
    at Traces.$ (file:///Users/macbook-dev/Documents/GitHub/tldw_server2/apps/node_modules/.bun/vitest@4.0.18+08ee8852a9d25cb0/node_modules/vitest/dist/chunks/traces.CCmnQaNT.js:142:27)
    at trace (file:///Users/macbook-dev/Documents/GitHub/tldw_server2/apps/node_modules/.bun/vitest@4.0.18+08ee8852a9d25cb0/node_modules/vitest/dist/chunks/test.B8ej_ZHS.js:239:21)
    at runTest (file:///Users/macbook-dev/Documents/GitHub/tldw_server2/apps/node_modules/.bun/@vitest+runner@4.0.18/node_modules/@vitest/runner/dist/index.js:1653:12) {
  status: 500
}

 ✓ src/components/Review/__tests__/ViewMediaPage.stage13.error-handling.test.tsx (5 tests) 180ms
(node:77860) ExperimentalWarning: localStorage is not available because --localstorage-file was not provided.
(Use `node --trace-warnings ...` to show where the warning was created)
 ✓ src/components/Media/__tests__/ContentViewer.stage1.test.tsx (4 tests) 165ms
(node:77866) ExperimentalWarning: localStorage is not available because --localstorage-file was not provided.
(Use `node --trace-warnings ...` to show where the warning was created)
stderr | src/components/Review/__tests__/ViewMediaPage.stage14.bulk-actions.test.tsx > ViewMediaPage stage 14 bulk actions baseline > creates a collection from bulk selection and opens it in multi-review
No routes matched location "/media-multi"

 ✓ src/components/Review/__tests__/ViewMediaPage.stage14.bulk-actions.test.tsx (7 tests) 134ms
(node:77882) ExperimentalWarning: localStorage is not available because --localstorage-file was not provided.
(Use `node --trace-warnings ...` to show where the warning was created)
 ✓ src/hooks/__tests__/useMediaReadingProgress.test.tsx (9 tests) 74ms
(node:77884) ExperimentalWarning: localStorage is not available because --localstorage-file was not provided.
(Use `node --trace-warnings ...` to show where the warning was created)
 ✓ src/routes/__tests__/option-media-multi.connection-state.test.tsx (3 tests) 75ms
(node:77886) ExperimentalWarning: localStorage is not available because --localstorage-file was not provided.
(Use `node --trace-warnings ...` to show where the warning was created)
 ✓ src/components/Media/__tests__/ContentViewer.stage14.reprocess.test.tsx (2 tests) 47ms
(node:77933) ExperimentalWarning: localStorage is not available because --localstorage-file was not provided.
(Use `node --trace-warnings ...` to show where the warning was created)
 ✓ src/components/Review/__tests__/useMediaSelection.reading-progress.test.tsx (1 test) 13ms
(node:77937) ExperimentalWarning: localStorage is not available because --localstorage-file was not provided.
(Use `node --trace-warnings ...` to show where the warning was created)
 ✓ src/routes/__tests__/route-paths.viewport.test.ts (2 tests) 2ms

 Test Files  16 passed (16)
      Tests  85 passed (85)
   Start at  17:15:19
   Duration  24.98s (transform 1.18s, setup 963ms, import 8.69s, tests 10.01s, environment 3.81s)
