============================= test session starts ==============================
platform darwin -- Python 3.11.13, pytest-8.4.1, pluggy-1.6.0
benchmark: 5.2.3 (defaults: timer=time.perf_counter disable_gc=False min_rounds=5 min_time=0.000005 max_time=1.0 calibration_precision=10 warmup=False warmup_iterations=100000)
Using --randomly-seed=23757570
rootdir: /Users/macbook-dev/Documents/GitHub/tldw_server2
configfile: pyproject.toml
plugins: anyio-4.12.1, benchmark-5.2.3, locust-2.43.3, asyncio-1.1.0, xdist-3.8.0, split-0.11.0, timeout-2.4.0, randomly-4.1.0, hypothesis-6.138.2, cov-6.2.1, mock-3.14.1
asyncio: mode=Mode.AUTO, asyncio_default_fixture_loop_scope=function, asyncio_default_test_loop_scope=function
timeout: 300.0s
timeout method: thread
timeout func_only: False
collected 4 items

tldw_Server_API/tests/Persona/test_independent_buddies.py ...            [ 75%]
tldw_Server_API/tests/ChaChaNotesDB/test_persona_buddy_db.py F           [100%]

=================================== FAILURES ===================================
__________ test_migration_v39_to_latest_creates_persona_buddies_table __________
tldw_Server_API/app/core/DB_Management/ChaChaNotes_DB.py:20923: in _initialize_schema_sqlite
    raise SchemaError(  # noqa: TRY003, TRY301
E   tldw_Server_API.app.core.DB_Management.ChaChaNotes_DB.SchemaError: Schema migration process completed, but final DB version is 40, expected 39. Manual check required.

The above exception was the direct cause of the following exception:
tldw_Server_API/app/core/DB_Management/ChaChaNotes_DB.py:7611: in __init__
    self._initialize_schema()
tldw_Server_API/app/core/DB_Management/ChaChaNotes_DB.py:20007: in _initialize_schema
    self._initialize_schema_sqlite()
tldw_Server_API/app/core/DB_Management/ChaChaNotes_DB.py:20957: in _initialize_schema_sqlite
    raise SchemaError(f"Schema initialization/migration for '{self._SCHEMA_NAME}' failed: {e}") from e  # noqa: TRY003
    ^^^^^^^^^^^^^^^^^^^^^^^^^^^^^^^^^^^^^^^^^^^^^^^^^^^^^^^^^^^^^^^^^^^^^^^^^^^^^^^^^^^^^^^^^^^^^^^^^^
E   tldw_Server_API.app.core.DB_Management.ChaChaNotes_DB.SchemaError: Schema initialization/migration for 'rag_char_chat_schema' failed: Schema migration process completed, but final DB version is 40, expected 39. Manual check required.

The above exception was the direct cause of the following exception:
tldw_Server_API/tests/ChaChaNotesDB/test_persona_buddy_db.py:40: in test_migration_v39_to_latest_creates_persona_buddies_table
    seeded = CharactersRAGDB(db_path, "seed-client")
             ^^^^^^^^^^^^^^^^^^^^^^^^^^^^^^^^^^^^^^^
tldw_Server_API/app/core/DB_Management/ChaChaNotes_DB.py:7617: in __init__
    raise CharactersRAGDBError(f"Database initialization failed: {e}") from e  # noqa: TRY003
    ^^^^^^^^^^^^^^^^^^^^^^^^^^^^^^^^^^^^^^^^^^^^^^^^^^^^^^^^^^^^^^^^^^^^^^^^^
E   tldw_Server_API.app.core.DB_Management.ChaChaNotes_DB.CharactersRAGDBError: Database initialization failed: Schema initialization/migration for 'rag_char_chat_schema' failed: Schema migration process completed, but final DB version is 40, expected 39. Manual check required.
----------------------------- Captured stderr call -----------------------------
2026-09-16 17:36:51.978 | INFO     | tldw_Server_API.app.core.config:_buffered_log:210 - Determined ACTUAL_PROJECT_ROOT for database paths: /Users/macbook-dev/Documents/GitHub/tldw_server2
2026-09-16 17:36:51.979 | INFO     | tldw_Server_API.app.core.config:_buffered_log:210 - Early loading environment variables from: /Users/macbook-dev/Documents/GitHub/tldw_server2/tldw_Server_API/Config_Files/.env
2026-09-16 17:36:51.983 | INFO     | tldw_Server_API.app.core.config:_buffered_log:210 - Early loading environment variables from: /Users/macbook-dev/Documents/GitHub/tldw_server2/tldw_Server_API/Config_Files/.ENV
2026-09-16 17:36:51.987 | DEBUG    | tldw_Server_API.app.core.config:_buffered_log:210 - load_and_log_configs(): Loading and logging configurations...
2026-09-16 17:36:51.987 | INFO     | tldw_Server_API.app.core.config:_buffered_log:210 - Loading environment variables from: /Users/macbook-dev/Documents/GitHub/tldw_server2/tldw_Server_API/Config_Files/.env
2026-09-16 17:36:51.991 | INFO     | tldw_Server_API.app.core.config:_buffered_log:210 - Loading environment variables from: /Users/macbook-dev/Documents/GitHub/tldw_server2/tldw_Server_API/Config_Files/.ENV
2026-09-16 17:36:51.996 | INFO     | tldw_Server_API.app.core.config:_buffered_log:210 - Attempting to load comprehensive config from: /Users/macbook-dev/Documents/GitHub/tldw_server2/tldw_Server_API/Config_Files/config.txt
2026-09-16 17:36:51.998 | INFO     | tldw_Server_API.app.core.config:_buffered_log:210 - load_comprehensive_config(): Sections found in config: ['Setup', 'UI', 'Server', 'Files', 'Image-Generation', 'ACP', 'WORKSPACES', 'ACP-WORKSPACE', 'ACP-SANDBOX', 'Audit', 'Processing', 'Media-Processing', 'Chat-Dictionaries', 'Chat-Module', 'Chat-Commands', 'Chat-Templating', 'Character-Chat', 'Settings', 'Auto-Save', 'Prompts', 'Database', 'Chunking', 'Visual-RAG', 'AuthNZ', 'Streaming', 'HTTP', 'Egress', 'Embeddings', 'Claims', 'ClaimsMonitoring', 'RAG', 'Search-Agent', 'ResourceGovernor', 'Jobs', 'SlidesStandaloneHtml', 'Diarization', 'API', 'MLX', 'Local-API', 'LlamaCpp', 'STT-Settings', 'external_providers', 'TTS-Settings', 'VibeVoice', 'Audio-Quota', 'API-Routes', 'Search-Engines', 'Web-Scraper', 'Logging', 'Moderation', 'Redis', 'Web-Scraping', 'personalization', 'persona', 'persona.rbac']
2026-09-16 17:36:52.000 | INFO     | tldw_Server_API.app.core.config:_buffered_log:210 - Ensured main SQLite database directory exists: /Users/macbook-dev/Documents/GitHub/tldw_server2/Databases
2026-09-16 17:36:52.001 | INFO     | tldw_Server_API.app.core.config:_buffered_log:210 - Ensured user data base directory exists: Databases/user_databases
2026-09-16 17:36:52.001 | WARNING  | tldw_Server_API.app.core.DB_Management.db_path_utils:resolve_user_db_base_dir:491 - USER_DB_BASE_DIR not configured in tests, using isolated fallback: /private/var/folders/sn/m80n2j152t9gw3w8qwk2nykh0000gn/T/tldw_user_databases_test/default-2003698d
2026-09-16 17:36:52.001 | WARNING  | tldw_Server_API.app.core.DB_Management.db_path_utils:resolve_user_db_base_dir:491 - USER_DB_BASE_DIR not configured in tests, using isolated fallback: /private/var/folders/sn/m80n2j152t9gw3w8qwk2nykh0000gn/T/tldw_user_databases_test/default-2003698d
2026-09-16 17:36:52.002 | INFO     | tldw_Server_API.app.core.DB_Management.ChaChaNotes_DB:__init__:7606 - Initializing CharactersRAGDB for path: /private/var/folders/sn/m80n2j152t9gw3w8qwk2nykh0000gn/T/pytest-of-macbook-dev/pytest-147/test_migration_v39_to_latest_c0/persona_buddy_test.sqlite [Client ID: seed-client] (backend=sqlite)
2026-09-16 17:36:52.002 | DEBUG    | tldw_Server_API.app.core.DB_Management.ChaChaNotes_DB:_get_thread_connection:7950 - Opened/Reopened SQLite connection to /private/var/folders/sn/m80n2j152t9gw3w8qwk2nykh0000gn/T/pytest-of-macbook-dev/pytest-147/test_migration_v39_to_latest_c0/persona_buddy_test.sqlite for thread 8346099072
2026-09-16 17:36:52.002 | DEBUG    | tldw_Server_API.app.core.DB_Management.ChaChaNotes_DB:__enter__:44691 - Transaction started (outermost) on thread 8346099072.
2026-09-16 17:36:52.002 | INFO     | tldw_Server_API.app.core.DB_Management.ChaChaNotes_DB:_initialize_schema_sqlite:20172 - Checking DB schema 'rag_char_chat_schema'. Current version: 0. Code supports: 39
2026-09-16 17:36:52.003 | INFO     | tldw_Server_API.app.core.DB_Management.ChaChaNotes_DB:_apply_schema_v4:8641 - Applying schema Version 4 for 'rag_char_chat_schema' to DB: /private/var/folders/sn/m80n2j152t9gw3w8qwk2nykh0000gn/T/pytest-of-macbook-dev/pytest-147/test_migration_v39_to_latest_c0/persona_buddy_test.sqlite...
2026-09-16 17:36:52.009 | DEBUG    | tldw_Server_API.app.core.DB_Management.ChaChaNotes_DB:_apply_schema_v4:8645 - [rag_char_chat_schema V4] Full schema script executed.
2026-09-16 17:36:52.009 | INFO     | tldw_Server_API.app.core.DB_Management.ChaChaNotes_DB:_apply_schema_v4:8651 - [rag_char_chat_schema V4] Schema 4 applied and version confirmed for DB: /private/var/folders/sn/m80n2j152t9gw3w8qwk2nykh0000gn/T/pytest-of-macbook-dev/pytest-147/test_migration_v39_to_latest_c0/persona_buddy_test.sqlite.
2026-09-16 17:36:52.009 | INFO     | tldw_Server_API.app.core.DB_Management.ChaChaNotes_DB:_migrate_from_v4_to_v5:8698 - Migrating 'rag_char_chat_schema' schema from V4 to V5 for DB: /private/var/folders/sn/m80n2j152t9gw3w8qwk2nykh0000gn/T/pytest-of-macbook-dev/pytest-147/test_migration_v39_to_latest_c0/persona_buddy_test.sqlite...
2026-09-16 17:36:52.012 | INFO     | tldw_Server_API.app.core.DB_Management.ChaChaNotes_DB:_migrate_from_v4_to_v5:8705 - [rag_char_chat_schema] Migration to V5 completed.
2026-09-16 17:36:52.012 | INFO     | tldw_Server_API.app.core.DB_Management.ChaChaNotes_DB:_migrate_from_v5_to_v6:8719 - Migrating 'rag_char_chat_schema' schema from V5 to V6 for DB: /private/var/folders/sn/m80n2j152t9gw3w8qwk2nykh0000gn/T/pytest-of-macbook-dev/pytest-147/test_migration_v39_to_latest_c0/persona_buddy_test.sqlite...
2026-09-16 17:36:52.014 | INFO     | tldw_Server_API.app.core.DB_Management.ChaChaNotes_DB:_migrate_from_v5_to_v6:8726 - [rag_char_chat_schema] Migration to V6 completed.
2026-09-16 17:36:52.014 | INFO     | tldw_Server_API.app.core.DB_Management.ChaChaNotes_DB:_migrate_from_v6_to_v7:8738 - Migrating 'rag_char_chat_schema' schema from V6 to V7 for DB: /private/var/folders/sn/m80n2j152t9gw3w8qwk2nykh0000gn/T/pytest-of-macbook-dev/pytest-147/test_migration_v39_to_latest_c0/persona_buddy_test.sqlite...
2026-09-16 17:36:52.016 | INFO     | tldw_Server_API.app.core.DB_Management.ChaChaNotes_DB:_migrate_from_v6_to_v7:8745 - [rag_char_chat_schema] Migration to V7 completed.
2026-09-16 17:36:52.016 | INFO     | tldw_Server_API.app.core.DB_Management.ChaChaNotes_DB:_migrate_from_v7_to_v8:8757 - Migrating 'rag_char_chat_schema' schema from V7 to V8 for DB: /private/var/folders/sn/m80n2j152t9gw3w8qwk2nykh0000gn/T/pytest-of-macbook-dev/pytest-147/test_migration_v39_to_latest_c0/persona_buddy_test.sqlite...
2026-09-16 17:36:52.016 | INFO     | tldw_Server_API.app.core.DB_Management.ChaChaNotes_DB:_migrate_from_v7_to_v8:8764 - [rag_char_chat_schema] Migration to V8 completed.
2026-09-16 17:36:52.016 | INFO     | tldw_Server_API.app.core.DB_Management.ChaChaNotes_DB:_migrate_from_v8_to_v9:8776 - Migrating 'rag_char_chat_schema' schema from V8 to V9 for DB: /private/var/folders/sn/m80n2j152t9gw3w8qwk2nykh0000gn/T/pytest-of-macbook-dev/pytest-147/test_migration_v39_to_latest_c0/persona_buddy_test.sqlite...
2026-09-16 17:36:52.017 | INFO     | tldw_Server_API.app.core.DB_Management.ChaChaNotes_DB:_migrate_from_v8_to_v9:8783 - [rag_char_chat_schema] Migration to V9 completed.
2026-09-16 17:36:52.017 | INFO     | tldw_Server_API.app.core.DB_Management.ChaChaNotes_DB:_migrate_from_v9_to_v10:8795 - Migrating 'rag_char_chat_schema' schema from V9 to V10 for DB: /private/var/folders/sn/m80n2j152t9gw3w8qwk2nykh0000gn/T/pytest-of-macbook-dev/pytest-147/test_migration_v39_to_latest_c0/persona_buddy_test.sqlite...
2026-09-16 17:36:52.025 | INFO     | tldw_Server_API.app.core.DB_Management.ChaChaNotes_DB:_migrate_from_v9_to_v10:8803 - [rag_char_chat_schema] Migration to V10 completed.
2026-09-16 17:36:52.025 | INFO     | tldw_Server_API.app.core.DB_Management.ChaChaNotes_DB:_migrate_from_v10_to_v11:8815 - Migrating 'rag_char_chat_schema' schema from V10 to V11 for DB: /private/var/folders/sn/m80n2j152t9gw3w8qwk2nykh0000gn/T/pytest-of-macbook-dev/pytest-147/test_migration_v39_to_latest_c0/persona_buddy_test.sqlite...
2026-09-16 17:36:52.031 | INFO     | tldw_Server_API.app.core.DB_Management.ChaChaNotes_DB:_migrate_from_v10_to_v11:8834 - [rag_char_chat_schema] Migration to V11 completed.
2026-09-16 17:36:52.031 | INFO     | tldw_Server_API.app.core.DB_Management.ChaChaNotes_DB:_migrate_from_v11_to_v12:8846 - Migrating 'rag_char_chat_schema' schema from V11 to V12 for DB: /private/var/folders/sn/m80n2j152t9gw3w8qwk2nykh0000gn/T/pytest-of-macbook-dev/pytest-147/test_migration_v39_to_latest_c0/persona_buddy_test.sqlite...
2026-09-16 17:36:52.032 | INFO     | tldw_Server_API.app.core.DB_Management.ChaChaNotes_DB:_migrate_from_v11_to_v12:8854 - [rag_char_chat_schema] Migration to V12 completed.
2026-09-16 17:36:52.032 | INFO     | tldw_Server_API.app.core.DB_Management.ChaChaNotes_DB:_migrate_from_v12_to_v13:8866 - Migrating 'rag_char_chat_schema' schema from V12 to V13 for DB: /private/var/folders/sn/m80n2j152t9gw3w8qwk2nykh0000gn/T/pytest-of-macbook-dev/pytest-147/test_migration_v39_to_latest_c0/persona_buddy_test.sqlite...
2026-09-16 17:36:52.033 | INFO     | tldw_Server_API.app.core.DB_Management.ChaChaNotes_DB:_migrate_from_v12_to_v13:8874 - [rag_char_chat_schema] Migration to V13 completed.
2026-09-16 17:36:52.033 | INFO     | tldw_Server_API.app.core.DB_Management.ChaChaNotes_DB:_migrate_from_v13_to_v14:8886 - Migrating 'rag_char_chat_schema' schema from V13 to V14 for DB: /private/var/folders/sn/m80n2j152t9gw3w8qwk2nykh0000gn/T/pytest-of-macbook-dev/pytest-147/test_migration_v39_to_latest_c0/persona_buddy_test.sqlite...
2026-09-16 17:36:52.039 | INFO     | tldw_Server_API.app.core.DB_Management.ChaChaNotes_DB:_migrate_from_v13_to_v14:8952 - [rag_char_chat_schema] Migration to V14 completed.
2026-09-16 17:36:52.039 | INFO     | tldw_Server_API.app.core.DB_Management.ChaChaNotes_DB:_migrate_from_v14_to_v15:8964 - Migrating 'rag_char_chat_schema' schema from V14 to V15 for DB: /private/var/folders/sn/m80n2j152t9gw3w8qwk2nykh0000gn/T/pytest-of-macbook-dev/pytest-147/test_migration_v39_to_latest_c0/persona_buddy_test.sqlite...
2026-09-16 17:36:52.041 | INFO     | tldw_Server_API.app.core.DB_Management.ChaChaNotes_DB:_migrate_from_v14_to_v15:8972 - [rag_char_chat_schema] Migration to V15 completed.
2026-09-16 17:36:52.041 | INFO     | tldw_Server_API.app.core.DB_Management.ChaChaNotes_DB:_migrate_from_v15_to_v16:8984 - Migrating 'rag_char_chat_schema' schema from V15 to V16 for DB: /private/var/folders/sn/m80n2j152t9gw3w8qwk2nykh0000gn/T/pytest-of-macbook-dev/pytest-147/test_migration_v39_to_latest_c0/persona_buddy_test.sqlite...
2026-09-16 17:36:52.042 | INFO     | tldw_Server_API.app.core.DB_Management.ChaChaNotes_DB:_migrate_from_v15_to_v16:8992 - [rag_char_chat_schema] Migration to V16 completed.
2026-09-16 17:36:52.042 | INFO     | tldw_Server_API.app.core.DB_Management.ChaChaNotes_DB:_migrate_from_v16_to_v17:9004 - Migrating 'rag_char_chat_schema' schema from V16 to V17 for DB: /private/var/folders/sn/m80n2j152t9gw3w8qwk2nykh0000gn/T/pytest-of-macbook-dev/pytest-147/test_migration_v39_to_latest_c0/persona_buddy_test.sqlite...
2026-09-16 17:36:52.042 | INFO     | tldw_Server_API.app.core.DB_Management.ChaChaNotes_DB:_migrate_from_v16_to_v17:9031 - [rag_char_chat_schema] Migration to V17 completed.
2026-09-16 17:36:52.042 | INFO     | tldw_Server_API.app.core.DB_Management.ChaChaNotes_DB:_migrate_from_v17_to_v18:9043 - Migrating 'rag_char_chat_schema' schema from V17 to V18 for DB: /private/var/folders/sn/m80n2j152t9gw3w8qwk2nykh0000gn/T/pytest-of-macbook-dev/pytest-147/test_migration_v39_to_latest_c0/persona_buddy_test.sqlite...
2026-09-16 17:36:52.043 | INFO     | tldw_Server_API.app.core.DB_Management.ChaChaNotes_DB:_migrate_from_v17_to_v18:9051 - [rag_char_chat_schema] Migration to V18 completed.
2026-09-16 17:36:52.043 | INFO     | tldw_Server_API.app.core.DB_Management.ChaChaNotes_DB:_migrate_from_v18_to_v19:9063 - Migrating 'rag_char_chat_schema' schema from V18 to V19 for DB: /private/var/folders/sn/m80n2j152t9gw3w8qwk2nykh0000gn/T/pytest-of-macbook-dev/pytest-147/test_migration_v39_to_latest_c0/persona_buddy_test.sqlite...
2026-09-16 17:36:52.043 | INFO     | tldw_Server_API.app.core.DB_Management.ChaChaNotes_DB:_migrate_from_v18_to_v19:9071 - [rag_char_chat_schema] Migration to V19 completed.
2026-09-16 17:36:52.043 | INFO     | tldw_Server_API.app.core.DB_Management.ChaChaNotes_DB:_migrate_from_v19_to_v20:9083 - Migrating 'rag_char_chat_schema' schema from V19 to V20 for DB: /private/var/folders/sn/m80n2j152t9gw3w8qwk2nykh0000gn/T/pytest-of-macbook-dev/pytest-147/test_migration_v39_to_latest_c0/persona_buddy_test.sqlite...
2026-09-16 17:36:52.043 | INFO     | tldw_Server_API.app.core.DB_Management.ChaChaNotes_DB:_migrate_from_v19_to_v20:9091 - [rag_char_chat_schema] Migration to V20 completed.
2026-09-16 17:36:52.043 | INFO     | tldw_Server_API.app.core.DB_Management.ChaChaNotes_DB:_migrate_from_v20_to_v21:9103 - Migrating 'rag_char_chat_schema' schema from V20 to V21 for DB: /private/var/folders/sn/m80n2j152t9gw3w8qwk2nykh0000gn/T/pytest-of-macbook-dev/pytest-147/test_migration_v39_to_latest_c0/persona_buddy_test.sqlite...
2026-09-16 17:36:52.044 | INFO     | tldw_Server_API.app.core.DB_Management.ChaChaNotes_DB:_migrate_from_v20_to_v21:9111 - [rag_char_chat_schema] Migration to V21 completed.
2026-09-16 17:36:52.044 | INFO     | tldw_Server_API.app.core.DB_Management.ChaChaNotes_DB:_migrate_from_v21_to_v22:9123 - Migrating 'rag_char_chat_schema' schema from V21 to V22 for DB: /private/var/folders/sn/m80n2j152t9gw3w8qwk2nykh0000gn/T/pytest-of-macbook-dev/pytest-147/test_migration_v39_to_latest_c0/persona_buddy_test.sqlite...
2026-09-16 17:36:52.045 | INFO     | tldw_Server_API.app.core.DB_Management.ChaChaNotes_DB:_migrate_from_v21_to_v22:9131 - [rag_char_chat_schema] Migration to V22 completed.
2026-09-16 17:36:52.045 | INFO     | tldw_Server_API.app.core.DB_Management.ChaChaNotes_DB:_migrate_from_v22_to_v23:9143 - Migrating 'rag_char_chat_schema' schema from V22 to V23 for DB: /private/var/folders/sn/m80n2j152t9gw3w8qwk2nykh0000gn/T/pytest-of-macbook-dev/pytest-147/test_migration_v39_to_latest_c0/persona_buddy_test.sqlite...
2026-09-16 17:36:52.052 | INFO     | tldw_Server_API.app.core.DB_Management.ChaChaNotes_DB:_migrate_from_v22_to_v23:9151 - [rag_char_chat_schema] Migration to V23 completed.
2026-09-16 17:36:52.052 | INFO     | tldw_Server_API.app.core.DB_Management.ChaChaNotes_DB:_migrate_from_v23_to_v24:9163 - Migrating 'rag_char_chat_schema' schema from V23 to V24 for DB: /private/var/folders/sn/m80n2j152t9gw3w8qwk2nykh0000gn/T/pytest-of-macbook-dev/pytest-147/test_migration_v39_to_latest_c0/persona_buddy_test.sqlite...
2026-09-16 17:36:52.060 | INFO     | tldw_Server_API.app.core.DB_Management.ChaChaNotes_DB:_migrate_from_v23_to_v24:9171 - [rag_char_chat_schema] Migration to V24 completed.
2026-09-16 17:36:52.060 | INFO     | tldw_Server_API.app.core.DB_Management.ChaChaNotes_DB:_migrate_from_v24_to_v25:9183 - Migrating 'rag_char_chat_schema' schema from V24 to V25 for DB: /private/var/folders/sn/m80n2j152t9gw3w8qwk2nykh0000gn/T/pytest-of-macbook-dev/pytest-147/test_migration_v39_to_latest_c0/persona_buddy_test.sqlite...
2026-09-16 17:36:52.066 | INFO     | tldw_Server_API.app.core.DB_Management.ChaChaNotes_DB:_migrate_from_v24_to_v25:9209 - [rag_char_chat_schema] Migration to V25 completed.
2026-09-16 17:36:52.066 | INFO     | tldw_Server_API.app.core.DB_Management.ChaChaNotes_DB:_migrate_from_v25_to_v26:9221 - Migrating 'rag_char_chat_schema' schema from V25 to V26 for DB: /private/var/folders/sn/m80n2j152t9gw3w8qwk2nykh0000gn/T/pytest-of-macbook-dev/pytest-147/test_migration_v39_to_latest_c0/persona_buddy_test.sqlite...
2026-09-16 17:36:52.069 | INFO     | tldw_Server_API.app.core.DB_Management.ChaChaNotes_DB:_migrate_from_v25_to_v26:9229 - [rag_char_chat_schema] Migration to V26 completed.
2026-09-16 17:36:52.069 | INFO     | tldw_Server_API.app.core.DB_Management.ChaChaNotes_DB:_migrate_from_v26_to_v27:9241 - Migrating 'rag_char_chat_schema' schema from V26 to V27 for DB: /private/var/folders/sn/m80n2j152t9gw3w8qwk2nykh0000gn/T/pytest-of-macbook-dev/pytest-147/test_migration_v39_to_latest_c0/persona_buddy_test.sqlite...
2026-09-16 17:36:52.073 | INFO     | tldw_Server_API.app.core.DB_Management.ChaChaNotes_DB:_migrate_from_v26_to_v27:9269 - [rag_char_chat_schema] Migration to V27 completed.
2026-09-16 17:36:52.073 | INFO     | tldw_Server_API.app.core.DB_Management.ChaChaNotes_DB:_migrate_from_v27_to_v28:9281 - Migrating 'rag_char_chat_schema' schema from V27 to V28 for DB: /private/var/folders/sn/m80n2j152t9gw3w8qwk2nykh0000gn/T/pytest-of-macbook-dev/pytest-147/test_migration_v39_to_latest_c0/persona_buddy_test.sqlite...
2026-09-16 17:36:52.075 | INFO     | tldw_Server_API.app.core.DB_Management.ChaChaNotes_DB:_migrate_from_v27_to_v28:9302 - [rag_char_chat_schema] Migration to V28 completed.
2026-09-16 17:36:52.075 | INFO     | tldw_Server_API.app.core.DB_Management.ChaChaNotes_DB:_migrate_from_v28_to_v29:9314 - Migrating 'rag_char_chat_schema' schema from V28 to V29 for DB: /private/var/folders/sn/m80n2j152t9gw3w8qwk2nykh0000gn/T/pytest-of-macbook-dev/pytest-147/test_migration_v39_to_latest_c0/persona_buddy_test.sqlite...
2026-09-16 17:36:52.075 | INFO     | tldw_Server_API.app.core.DB_Management.ChaChaNotes_DB:_migrate_from_v28_to_v29:9322 - [rag_char_chat_schema] Migration to V29 completed.
2026-09-16 17:36:52.075 | INFO     | tldw_Server_API.app.core.DB_Management.ChaChaNotes_DB:_migrate_from_v29_to_v30:9334 - Migrating 'rag_char_chat_schema' schema from V29 to V30 for DB: /private/var/folders/sn/m80n2j152t9gw3w8qwk2nykh0000gn/T/pytest-of-macbook-dev/pytest-147/test_migration_v39_to_latest_c0/persona_buddy_test.sqlite...
2026-09-16 17:36:52.077 | INFO     | tldw_Server_API.app.core.DB_Management.ChaChaNotes_DB:_migrate_from_v29_to_v30:9352 - [rag_char_chat_schema] Migration to V30 completed.
2026-09-16 17:36:52.077 | INFO     | tldw_Server_API.app.core.DB_Management.ChaChaNotes_DB:_migrate_from_v30_to_v31:9364 - Migrating 'rag_char_chat_schema' schema from V30 to V31 for DB: /private/var/folders/sn/m80n2j152t9gw3w8qwk2nykh0000gn/T/pytest-of-macbook-dev/pytest-147/test_migration_v39_to_latest_c0/persona_buddy_test.sqlite...
2026-09-16 17:36:52.082 | INFO     | tldw_Server_API.app.core.DB_Management.ChaChaNotes_DB:_migrate_from_v30_to_v31:9386 - [rag_char_chat_schema] Migration to V31 completed.
2026-09-16 17:36:52.083 | INFO     | tldw_Server_API.app.core.DB_Management.ChaChaNotes_DB:_migrate_from_v31_to_v32:9398 - Migrating 'rag_char_chat_schema' schema from V31 to V32 for DB: /private/var/folders/sn/m80n2j152t9gw3w8qwk2nykh0000gn/T/pytest-of-macbook-dev/pytest-147/test_migration_v39_to_latest_c0/persona_buddy_test.sqlite...
2026-09-16 17:36:52.089 | INFO     | tldw_Server_API.app.core.DB_Management.ChaChaNotes_DB:_migrate_from_v31_to_v32:9442 - [rag_char_chat_schema] Migration to V32 completed.
2026-09-16 17:36:52.089 | INFO     | tldw_Server_API.app.core.DB_Management.ChaChaNotes_DB:_migrate_from_v32_to_v33:9454 - Migrating 'rag_char_chat_schema' schema from V32 to V33 for DB: /private/var/folders/sn/m80n2j152t9gw3w8qwk2nykh0000gn/T/pytest-of-macbook-dev/pytest-147/test_migration_v39_to_latest_c0/persona_buddy_test.sqlite...
2026-09-16 17:36:52.090 | INFO     | tldw_Server_API.app.core.DB_Management.ChaChaNotes_DB:_migrate_from_v32_to_v33:9462 - [rag_char_chat_schema] Migration to V33 completed.
2026-09-16 17:36:52.090 | INFO     | tldw_Server_API.app.core.DB_Management.ChaChaNotes_DB:_migrate_from_v33_to_v34:9474 - Migrating 'rag_char_chat_schema' schema from V33 to V34 for DB: /private/var/folders/sn/m80n2j152t9gw3w8qwk2nykh0000gn/T/pytest-of-macbook-dev/pytest-147/test_migration_v39_to_latest_c0/persona_buddy_test.sqlite...
2026-09-16 17:36:52.092 | INFO     | tldw_Server_API.app.core.DB_Management.ChaChaNotes_DB:_migrate_from_v33_to_v34:9494 - [rag_char_chat_schema] Migration to V34 completed.
2026-09-16 17:36:52.092 | INFO     | tldw_Server_API.app.core.DB_Management.ChaChaNotes_DB:_migrate_from_v34_to_v35:9506 - Migrating 'rag_char_chat_schema' schema from V34 to V35 for DB: /private/var/folders/sn/m80n2j152t9gw3w8qwk2nykh0000gn/T/pytest-of-macbook-dev/pytest-147/test_migration_v39_to_latest_c0/persona_buddy_test.sqlite...
2026-09-16 17:36:52.094 | INFO     | tldw_Server_API.app.core.DB_Management.ChaChaNotes_DB:_migrate_from_v34_to_v35:9526 - [rag_char_chat_schema] Migration to V35 completed.
2026-09-16 17:36:52.094 | INFO     | tldw_Server_API.app.core.DB_Management.ChaChaNotes_DB:_migrate_from_v35_to_v36:9538 - Migrating 'rag_char_chat_schema' schema from V35 to V36 for DB: /private/var/folders/sn/m80n2j152t9gw3w8qwk2nykh0000gn/T/pytest-of-macbook-dev/pytest-147/test_migration_v39_to_latest_c0/persona_buddy_test.sqlite...
2026-09-16 17:36:52.098 | INFO     | tldw_Server_API.app.core.DB_Management.ChaChaNotes_DB:_migrate_from_v35_to_v36:9589 - [rag_char_chat_schema] Migration to V36 completed.
2026-09-16 17:36:52.098 | INFO     | tldw_Server_API.app.core.DB_Management.ChaChaNotes_DB:_migrate_from_v36_to_v37:9601 - Migrating 'rag_char_chat_schema' schema from V36 to V37 for DB: /private/var/folders/sn/m80n2j152t9gw3w8qwk2nykh0000gn/T/pytest-of-macbook-dev/pytest-147/test_migration_v39_to_latest_c0/persona_buddy_test.sqlite...
2026-09-16 17:36:52.152 | INFO     | tldw_Server_API.app.core.DB_Management.ChaChaNotes_DB:_migrate_from_v36_to_v37:9612 - [rag_char_chat_schema] Migration to V37 completed.
2026-09-16 17:36:52.152 | INFO     | tldw_Server_API.app.core.DB_Management.ChaChaNotes_DB:_migrate_from_v37_to_v38:9624 - Migrating 'rag_char_chat_schema' schema from V37 to V38 for DB: /private/var/folders/sn/m80n2j152t9gw3w8qwk2nykh0000gn/T/pytest-of-macbook-dev/pytest-147/test_migration_v39_to_latest_c0/persona_buddy_test.sqlite...
2026-09-16 17:36:52.153 | INFO     | tldw_Server_API.app.core.DB_Management.ChaChaNotes_DB:_migrate_from_v37_to_v38:9633 - [rag_char_chat_schema] Migration to V38 completed.
2026-09-16 17:36:52.153 | INFO     | tldw_Server_API.app.core.DB_Management.ChaChaNotes_DB:_migrate_from_v38_to_v39:9645 - Migrating 'rag_char_chat_schema' schema from V38 to V39 for DB: /private/var/folders/sn/m80n2j152t9gw3w8qwk2nykh0000gn/T/pytest-of-macbook-dev/pytest-147/test_migration_v39_to_latest_c0/persona_buddy_test.sqlite...
2026-09-16 17:36:52.155 | INFO     | tldw_Server_API.app.core.DB_Management.ChaChaNotes_DB:_migrate_from_v38_to_v39:9654 - [rag_char_chat_schema] Migration to V39 completed.
2026-09-16 17:36:52.175 | ERROR    | tldw_Server_API.app.core.DB_Management.ChaChaNotes_DB:__exit__:44708 - Transaction (outermost) failed, rolling back on thread 8346099072: SchemaError - Schema migration process completed, but final DB version is 40, expected 39. Manual check required.
2026-09-16 17:36:52.175 | DEBUG    | tldw_Server_API.app.core.DB_Management.ChaChaNotes_DB:__exit__:44713 - Rollback successful on thread 8346099072.
2026-09-16 17:36:52.175 | ERROR    | tldw_Server_API.app.core.DB_Management.ChaChaNotes_DB:_initialize_schema_sqlite:20956 - Schema initialization/migration failed for 'rag_char_chat_schema': Schema migration process completed, but final DB version is 40, expected 39. Manual check required.
2026-09-16 17:36:52.175 | CRITICAL | tldw_Server_API.app.core.DB_Management.ChaChaNotes_DB:__init__:7615 - FATAL: DB Initialization failed for /private/var/folders/sn/m80n2j152t9gw3w8qwk2nykh0000gn/T/pytest-of-macbook-dev/pytest-147/test_migration_v39_to_latest_c0/persona_buddy_test.sqlite: Schema initialization/migration for 'rag_char_chat_schema' failed: Schema migration process completed, but final DB version is 40, expected 39. Manual check required.
2026-09-16 17:36:52.175 | DEBUG    | tldw_Server_API.app.core.DB_Management.ChaChaNotes_DB:close_connection:8020 - Attempting WAL checkpoint (TRUNCATE) before closing /private/var/folders/sn/m80n2j152t9gw3w8qwk2nykh0000gn/T/pytest-of-macbook-dev/pytest-147/test_migration_v39_to_latest_c0/persona_buddy_test.sqlite on thread 8346099072.
2026-09-16 17:36:52.177 | DEBUG    | tldw_Server_API.app.core.DB_Management.ChaChaNotes_DB:close_connection:8026 - WAL checkpoint TRUNCATE executed for /private/var/folders/sn/m80n2j152t9gw3w8qwk2nykh0000gn/T/pytest-of-macbook-dev/pytest-147/test_migration_v39_to_latest_c0/persona_buddy_test.sqlite.
2026-09-16 17:36:52.177 | DEBUG    | tldw_Server_API.app.core.DB_Management.ChaChaNotes_DB:close_connection:8031 - Closed SQLite connection for thread 8346099072 to /private/var/folders/sn/m80n2j152t9gw3w8qwk2nykh0000gn/T/pytest-of-macbook-dev/pytest-147/test_migration_v39_to_latest_c0/persona_buddy_test.sqlite.2026-09-16 17:36:52.730 | INFO     | tldw_Server_API.app.core.config:_buffered_log:210 - Determined ACTUAL_PROJECT_ROOT for database paths: /Users/macbook-dev/Documents/GitHub/tldw_server2
2026-09-16 17:36:52.731 | INFO     | tldw_Server_API.app.core.config:_buffered_log:210 - Early loading environment variables from: /Users/macbook-dev/Documents/GitHub/tldw_server2/tldw_Server_API/Config_Files/.env
2026-09-16 17:36:52.735 | INFO     | tldw_Server_API.app.core.config:_buffered_log:210 - Early loading environment variables from: /Users/macbook-dev/Documents/GitHub/tldw_server2/tldw_Server_API/Config_Files/.ENV
2026-09-16 17:36:52.739 | DEBUG    | tldw_Server_API.app.core.config:_buffered_log:210 - load_and_log_configs(): Loading and logging configurations...
2026-09-16 17:36:52.740 | INFO     | tldw_Server_API.app.core.config:_buffered_log:210 - Loading environment variables from: /Users/macbook-dev/Documents/GitHub/tldw_server2/tldw_Server_API/Config_Files/.env
2026-09-16 17:36:52.744 | INFO     | tldw_Server_API.app.core.config:_buffered_log:210 - Loading environment variables from: /Users/macbook-dev/Documents/GitHub/tldw_server2/tldw_Server_API/Config_Files/.ENV
2026-09-16 17:36:52.748 | INFO     | tldw_Server_API.app.core.config:_buffered_log:210 - Attempting to load comprehensive config from: /Users/macbook-dev/Documents/GitHub/tldw_server2/tldw_Server_API/Config_Files/config.txt
2026-09-16 17:36:52.750 | INFO     | tldw_Server_API.app.core.config:_buffered_log:210 - load_comprehensive_config(): Sections found in config: ['Setup', 'UI', 'Server', 'Files', 'Image-Generation', 'ACP', 'WORKSPACES', 'ACP-WORKSPACE', 'ACP-SANDBOX', 'Audit', 'Processing', 'Media-Processing', 'Chat-Dictionaries', 'Chat-Module', 'Chat-Commands', 'Chat-Templating', 'Character-Chat', 'Settings', 'Auto-Save', 'Prompts', 'Database', 'Chunking', 'Visual-RAG', 'AuthNZ', 'Streaming', 'HTTP', 'Egress', 'Embeddings', 'Claims', 'ClaimsMonitoring', 'RAG', 'Search-Agent', 'ResourceGovernor', 'Jobs', 'SlidesStandaloneHtml', 'Diarization', 'API', 'MLX', 'Local-API', 'LlamaCpp', 'STT-Settings', 'external_providers', 'TTS-Settings', 'VibeVoice', 'Audio-Quota', 'API-Routes', 'Search-Engines', 'Web-Scraper', 'Logging', 'Moderation', 'Redis', 'Web-Scraping', 'personalization', 'persona', 'persona.rbac']
2026-09-16 17:36:52.752 | INFO     | tldw_Server_API.app.core.config:_buffered_log:210 - Ensured main SQLite database directory exists: /Users/macbook-dev/Documents/GitHub/tldw_server2/Databases
2026-09-16 17:36:52.752 | INFO     | tldw_Server_API.app.core.config:_buffered_log:210 - Ensured user data base directory exists: Databases/user_databases
2026-09-16 17:36:52.752 | INFO     | tldw_Server_API.app.api.v1.API_Deps.Audit_DB_Deps:<module>:532 - Using cachetools.LRUCache for audit service instances (maxsize=20).
2026-09-16 17:36:52.753 | INFO     | tldw_Server_API.app.api.v1.API_Deps.Audit_DB_Deps:shutdown_all_audit_services:1034 - Shutting down audit services for 0 instances...
2026-09-16 17:36:52.753 | INFO     | tldw_Server_API.app.api.v1.API_Deps.Audit_DB_Deps:shutdown_all_audit_services:1091 - All audit services shut down successfully.
2026-09-16 17:36:52.764 | DEBUG    | tldw_Server_API.app.core.AuthNZ.settings:_ensure_jwt_secret:899 - Single-user mode - skipping JWT secret initialization
2026-09-16 17:36:52.764 | WARNING  | tldw_Server_API.app.core.AuthNZ.settings:_validate_api_key:1013 - SINGLE_USER_API_KEY uses a legacy format; generate a new server-generated key for improved security.
2026-09-16 17:36:52.764 | INFO     | tldw_Server_API.app.core.AuthNZ.settings:get_settings:1588 - Settings initialized - Auth mode: single_user, profile=local-single-user
2026-09-16 17:36:52.764 | INFO     | tldw_Server_API.app.core.AuthNZ.db_config:_detect_backend:83 - Detected database backend: sqlite
2026-09-16 17:36:52.837 | DEBUG    | tldw_Server_API.app.core.config:_buffered_log:210 - load_and_log_configs(): Loading and logging configurations...
2026-09-16 17:36:52.844 | DEBUG    | tldw_Server_API.app.core.config:_buffered_log:210 - load_and_log_configs(): Loading and logging configurations...
2026-09-16 17:36:52.878 | INFO     | tldw_Server_API.app.core.Chat.prompt_template_manager:<module>:201 - Prompt templates directory: /Users/macbook-dev/Documents/GitHub/tldw_server2/tldw_Server_API/app/core/Chat/prompt_templates
2026-09-16 17:36:52.878 | INFO     | tldw_Server_API.app.core.Chat.prompt_template_manager:<module>:202 - Available templates found: []
2026-09-16 17:36:52.947 | DEBUG    | tldw_Server_API.app.core.Scheduler.base.registry:decorator:81 - Registered task handler: watchlist_run
2026-09-16 17:36:52.947 | DEBUG    | tldw_Server_API.app.core.Scheduler.base.registry:decorator:81 - Registered task handler: watchlists_enrich_output
2026-09-16 17:36:52.947 | DEBUG    | tldw_Server_API.app.core.Scheduler.base.registry:decorator:81 - Registered task handler: watchlists_deliver_briefing
2026-09-16 17:36:52.948 | DEBUG    | tldw_Server_API.app.core.Scheduler.base.registry:decorator:81 - Registered task handler: acp_run
2026-09-16 17:36:52.948 | DEBUG    | tldw_Server_API.app.core.Scheduler.base.registry:decorator:81 - Registered task handler: workflow_run
2026-09-16 17:36:52.948 | WARNING  | tldw_Server_API.app.core.DB_Management.db_path_utils:resolve_user_db_base_dir:491 - USER_DB_BASE_DIR not configured in tests, using isolated fallback: /private/var/folders/sn/m80n2j152t9gw3w8qwk2nykh0000gn/T/tldw_user_databases_test/default-2003698d
2026-09-16 17:36:52.949 | DEBUG    | tldw_Server_API.app.core.DB_Management.backends.factory:_get_or_create_shared_sqlite_backend:325 - Creating sqlite backend for /private/var/folders/sn/m80n2j152t9gw3w8qwk2nykh0000gn/T/tldw_user_databases_test/default-2003698d/1/workflows/workflows_scheduler.db
2026-09-16 17:36:52.950 | INFO     | tldw_Server_API.app.core.DB_Management.Workflows_Scheduler_DB:__init__:210 - WorkflowsSchedulerDB using SQLite path: /private/var/folders/sn/m80n2j152t9gw3w8qwk2nykh0000gn/T/tldw_user_databases_test/default-2003698d/1/workflows/workflows_scheduler.db
2026-09-16 17:36:52.950 | INFO     | tldw_Server_API.app.services.workflows_scheduler:stop:183 - Workflows recurring scheduler stopped
2026-09-16 17:36:52.950 | INFO     | tldw_Server_API.app.api.v1.API_Deps.ChaCha_Notes_DB_Deps:close_all_chacha_db_instances:867 - Closing all cached ChaChaNotesDB instances (0)...
2026-09-16 17:36:52.950 | INFO     | tldw_Server_API.app.api.v1.API_Deps.ChaCha_Notes_DB_Deps:close_all_chacha_db_instances:883 - All ChaChaNotesDB instances closed and cache cleared.
2026-09-16 17:36:52.955 | INFO     | tldw_Server_API.app.api.v1.API_Deps.DB_Deps:<module>:57 - Using LRUCache for user DB instances (maxsize=100).
2026-09-16 17:36:53.041 | DEBUG    | tldw_Server_API.app.core.Metrics.metrics_manager:register_metric:1885 - Registered metric: chunker_cache_get_total
2026-09-16 17:36:53.041 | DEBUG    | tldw_Server_API.app.core.Metrics.metrics_manager:register_metric:1885 - Registered metric: chunker_cache_put_total
2026-09-16 17:36:53.041 | DEBUG    | tldw_Server_API.app.core.Metrics.metrics_manager:register_metric:1885 - Registered metric: chunker_process_total
2026-09-16 17:36:53.041 | DEBUG    | tldw_Server_API.app.core.Metrics.metrics_manager:register_metric:1885 - Registered metric: chunker_frontmatter_duration_seconds
2026-09-16 17:36:53.041 | DEBUG    | tldw_Server_API.app.core.Metrics.metrics_manager:register_metric:1885 - Registered metric: chunker_header_extract_seconds
2026-09-16 17:36:53.041 | DEBUG    | tldw_Server_API.app.core.Metrics.metrics_manager:register_metric:1885 - Registered metric: chunker_chunking_duration_seconds
2026-09-16 17:36:53.041 | DEBUG    | tldw_Server_API.app.core.Metrics.metrics_manager:register_metric:1885 - Registered metric: chunker_normalization_seconds
2026-09-16 17:36:53.041 | DEBUG    | tldw_Server_API.app.core.Metrics.metrics_manager:register_metric:1885 - Registered metric: chunker_last_chunk_count
2026-09-16 17:36:53.041 | DEBUG    | tldw_Server_API.app.core.Metrics.metrics_manager:register_metric:1885 - Registered metric: chunker_output_bytes
2026-09-16 17:36:53.041 | DEBUG    | tldw_Server_API.app.core.Metrics.metrics_manager:register_metric:1885 - Registered metric: chunker_input_bytes
2026-09-16 17:36:53.041 | DEBUG    | tldw_Server_API.app.core.Metrics.metrics_manager:register_metric:1885 - Registered metric: chunker_process_total_seconds
2026-09-16 17:36:53.041 | DEBUG    | tldw_Server_API.app.core.config:_buffered_log:210 - load_and_log_configs(): Loading and logging configurations...
2026-09-16 17:36:53.043 | DEBUG    | tldw_Server_API.app.core.config:_buffered_log:210 - load_and_log_configs(): Loading and logging configurations...

--------------------------- Captured stderr teardown ---------------------------
2026-09-16 17:36:52.703 | INFO     | tldw_Server_API.app.api.v1.API_Deps.ChaCha_Notes_DB_Deps:close_all_chacha_db_instances:867 - Closing all cached ChaChaNotesDB instances (0)...
2026-09-16 17:36:52.703 | INFO     | tldw_Server_API.app.api.v1.API_Deps.ChaCha_Notes_DB_Deps:close_all_chacha_db_instances:883 - All ChaChaNotesDB instances closed and cache cleared.
2026-09-16 17:36:52.703 | INFO     | tldw_Server_API.app.api.v1.API_Deps.ChaCha_Notes_DB_Deps:close_all_chacha_db_instances:867 - Closing all cached ChaChaNotesDB instances (0)...
2026-09-16 17:36:52.703 | INFO     | tldw_Server_API.app.api.v1.API_Deps.ChaCha_Notes_DB_Deps:close_all_chacha_db_instances:883 - All ChaChaNotesDB instances closed and cache cleared.
=========================== short test summary info ============================
FAILED tldw_Server_API/tests/ChaChaNotesDB/test_persona_buddy_db.py::test_migration_v39_to_latest_creates_persona_buddies_table
=================== 1 failed, 3 passed, 4 warnings in 3.89s ====================
