
 RUN  v4.0.18 /Users/macbook-dev/Documents/GitHub/tldw_server2/apps/tldw-frontend

(node:94466) ExperimentalWarning: localStorage is not available because --localstorage-file was not provided.
(Use `node --trace-warnings ...` to show where the warning was created)
 ❯ __tests__/pages/chat-title.integration.test.tsx (15 tests | 1 failed | 14 skipped) 215ms
     ↓ owns the real Next head through metadata hydration, rerender and remount
     ↓ renders the canonical server title in the actual Header despite an empty legacy catalog
     ↓ reads and renames a local-only title through Dexie without a server request
     ↓ does not publish a delayed local title after switching histories
     ↓ renames the saved conversation and its local mirror with captured scope and version
     ↓ discards a delayed saved rename after A to B to A even with the same conversation IDs
     ↓ does not restore an old local title on a canonical account change before Chat clears its IDs
     ↓ keeps an in-progress title edit across a benign canonical config event
     ↓ updates both mounted title surfaces through the reactive local adapter and survives Strict Mode
     ↓ does not dispatch a rename if scope resolution finishes under another account
     ↓ retains a pending saved rename through same-owner canonical token rotation
     ↓ masks the first render while canonical authority is unresolved
     ↓ keeps the last saved title when the server rejects rename, and permits retry
     ↓ never paints the previous conversation's edit draft during a selection switch
     × independent: does not discard a second rename while the first save is pending 214ms

⎯⎯⎯⎯⎯⎯⎯ Failed Tests 1 ⎯⎯⎯⎯⎯⎯⎯

 FAIL  __tests__/pages/chat-title.integration.test.tsx > active Chat title ownership > independent: does not discard a second rename while the first save is pending
AssertionError: expected false to be true // Object.is equality

- Expected
+ Received

- true
+ false

 ❯ __tests__/pages/chat-title.integration.test.tsx:528:102
    503|     expect(paints).not.toContain('Private draft title');
    504|   });
    505| });
       |    ^
    506|

⎯⎯⎯⎯⎯⎯⎯⎯⎯⎯⎯⎯⎯⎯⎯⎯⎯⎯⎯⎯⎯⎯⎯⎯[1/1]⎯


 Test Files  1 failed (1)
      Tests  1 failed | 14 skipped (15)
   Start at  14:40:11
   Duration  1.04s (transform 309ms, setup 101ms, import 362ms, tests 215ms, environment 249ms)
