
 RUN  v4.0.18 /Users/macbook-dev/Documents/GitHub/tldw_server2/apps/tldw-frontend

(node:95504) ExperimentalWarning: localStorage is not available because --localstorage-file was not provided.
(Use `node --trace-warnings ...` to show where the warning was created)
 ❯ __tests__/pages/chat-title.integration.test.tsx (15 tests | 1 failed) 1007ms
     ✓ owns the real Next head through metadata hydration, rerender and remount 33ms
     ✓ renders the canonical server title in the actual Header despite an empty legacy catalog 129ms
     ✓ reads and renames a local-only title through Dexie without a server request 118ms
     ✓ does not publish a delayed local title after switching histories 45ms
     ✓ renames the saved conversation and its local mirror with captured scope and version 42ms
     ✓ discards a delayed saved rename after A to B to A even with the same conversation IDs 90ms
     ✓ does not restore an old local title on a canonical account change before Chat clears its IDs 56ms
     ✓ keeps an in-progress title edit across a benign canonical config event 38ms
     ✓ updates both mounted title surfaces through the reactive local adapter and survives Strict Mode 73ms
     ✓ does not dispatch a rename if scope resolution finishes under another account 32ms
     ✓ retains a pending saved rename through same-owner canonical token rotation 84ms
     ✓ masks the first render while canonical authority is unresolved 6ms
     ✓ keeps the last saved title when the server rejects rename, and permits retry 107ms
     ✓ never paints the previous conversation's edit draft during a selection switch 35ms
     × independent: does not discard a second rename while the first save is pending 118ms

⎯⎯⎯⎯⎯⎯⎯ Failed Tests 1 ⎯⎯⎯⎯⎯⎯⎯

 FAIL  __tests__/pages/chat-title.integration.test.tsx > active Chat title ownership > independent: does not discard a second rename while the first save is pending
AssertionError: expected false to be true // Object.is equality

- Expected
+ Received

- true
+ false

 ❯ __tests__/pages/chat-title.integration.test.tsx:528:102
    503|     expect(paints).not.toContain('Private draft title');
    504|   });
    505| });
       |    ^
    506|

⎯⎯⎯⎯⎯⎯⎯⎯⎯⎯⎯⎯⎯⎯⎯⎯⎯⎯⎯⎯⎯⎯⎯⎯[1/1]⎯


 Test Files  1 failed (1)
      Tests  1 failed | 14 passed (15)
   Start at  14:41:33
   Duration  2.06s (transform 329ms, setup 154ms, import 389ms, tests 1.01s, environment 399ms)
