
 RUN  v4.0.18 /Users/macbook-dev/Documents/GitHub/tldw_server2/apps/tldw-frontend

(node:88376) ExperimentalWarning: localStorage is not available because --localstorage-file was not provided.
(Use `node --trace-warnings ...` to show where the warning was created)
(node:88372) ExperimentalWarning: localStorage is not available because --localstorage-file was not provided.
(Use `node --trace-warnings ...` to show where the warning was created)
(node:88371) ExperimentalWarning: localStorage is not available because --localstorage-file was not provided.
(Use `node --trace-warnings ...` to show where the warning was created)
(node:88369) ExperimentalWarning: localStorage is not available because --localstorage-file was not provided.
(Use `node --trace-warnings ...` to show where the warning was created)
(node:88373) ExperimentalWarning: localStorage is not available because --localstorage-file was not provided.
(Use `node --trace-warnings ...` to show where the warning was created)
(node:88370) ExperimentalWarning: localStorage is not available because --localstorage-file was not provided.
(Use `node --trace-warnings ...` to show where the warning was created)
(node:88374) ExperimentalWarning: localStorage is not available because --localstorage-file was not provided.
(Use `node --trace-warnings ...` to show where the warning was created)
(node:88368) ExperimentalWarning: localStorage is not available because --localstorage-file was not provided.
(Use `node --trace-warnings ...` to show where the warning was created)
(node:88375) ExperimentalWarning: localStorage is not available because --localstorage-file was not provided.
(Use `node --trace-warnings ...` to show where the warning was created)
(node:88367) ExperimentalWarning: localStorage is not available because --localstorage-file was not provided.
(Use `node --trace-warnings ...` to show where the warning was created)
 ✓ ../packages/ui/src/services/tldw/__tests__/chat-title-scope-policy.test.ts (10 tests) 4ms
 ✓ ../packages/ui/src/hooks/__tests__/useCanonicalConnectionConfig.test.tsx (5 tests) 326ms
 ✓ ../packages/ui/src/components/Layouts/__tests__/Header.tts-clips-lazy-mount.test.tsx (1 test) 12ms
 ✓ ../packages/ui/src/components/Layouts/__tests__/ChatHeader.notifications.test.tsx (10 tests) 352ms
 ✓ ../packages/ui/src/components/Layouts/__tests__/ChatHeader.test.tsx (15 tests) 377ms
 ❯ ../packages/ui/src/services/__tests__/tldw-api-client.chat-mutations.test.ts (5 tests | 1 failed) 7ms
     ✓ creates chats through the backend-canonical trailing-slash endpoint 2ms
     ✓ retries updateChat once with the latest version after conflict 1ms
     ✓ forwards nested routing overrides when creating a chat completion 1ms
     ✓ forwards explicit chat completion timeouts to the request transport 0ms
     × sanitizes leaky background payload fields when creating a chat completion 2ms
 ✓ ../packages/ui/src/services/tldw/__tests__/TldwApiClient.request-scope.test.ts (22 tests) 9ms
 ✓ ../packages/ui/src/components/Layouts/__tests__/Header.character-mode.test.tsx (5 tests) 132ms
 ✓ ../packages/ui/src/components/Layouts/__tests__/Header.share-links.integration.test.tsx (4 tests) 135ms
 ✓ __tests__/pages/chat-title.integration.test.tsx (13 tests) 922ms

⎯⎯⎯⎯⎯⎯⎯ Failed Tests 1 ⎯⎯⎯⎯⎯⎯⎯

 FAIL  ../packages/ui/src/services/__tests__/tldw-api-client.chat-mutations.test.ts > TldwApiClient chat mutations > sanitizes leaky background payload fields when creating a chat completion
AssertionError: expected 'trace=/Users/private/stack.txt' not to contain '/Users/private'

Expected: "/Users/private"
Received: "trace=/Users/private/stack.txt"

 ❯ ../packages/ui/src/services/__tests__/tldw-api-client.chat-mutations.test.ts:192:31
    190|     const payload = await response.json()
    191|
    192|     expect(payload.error).not.toContain("/Users/private")
       |                               ^
    193|     expect(payload.details).toBeUndefined()
    194|     expect(payload.nested.traceback).toBeUndefined()

⎯⎯⎯⎯⎯⎯⎯⎯⎯⎯⎯⎯⎯⎯⎯⎯⎯⎯⎯⎯⎯⎯⎯⎯[1/1]⎯


 Test Files  1 failed | 9 passed (10)
      Tests  1 failed | 89 passed (90)
   Start at  14:30:09
   Duration  2.27s (transform 2.94s, setup 1.97s, import 4.16s, tests 2.27s, environment 5.64s)
