
 RUN  v4.0.18 /Users/macbook-dev/Documents/GitHub/tldw_server2/apps/tldw-frontend

(node:45523) ExperimentalWarning: localStorage is not available because --localstorage-file was not provided.
(Use `node --trace-warnings ...` to show where the warning was created)
 ❯ ../packages/ui/src/components/Option/Prompt/__tests__/usePromptEditor.transport-sync.test.tsx (1 test | 1 failed) 189ms
   × persists and reloads Pending after an actual normalized fetch failure, then adopts only the acknowledged version 189ms

⎯⎯⎯⎯⎯⎯⎯ Failed Tests 1 ⎯⎯⎯⎯⎯⎯⎯

 FAIL  ../packages/ui/src/components/Option/Prompt/__tests__/usePromptEditor.transport-sync.test.tsx > persists and reloads Pending after an actual normalized fetch failure, then adopts only the acknowledged version
AssertionError: expected { id: 'linked-prompt', …(30) } to match object { …(6) }
(25 matching properties omitted from actual)

- Expected
+ Received

  {
    "lastSyncedAt": 10,
    "serverId": 1,
    "studioPromptId": 1,
-   "syncStatus": "pending",
+   "syncStatus": "synced",
    "system_prompt": "Keep this local revision after the server disconnects.",
    "versionNumber": 1,
  }

 ❯ ../packages/ui/src/components/Option/Prompt/__tests__/usePromptEditor.transport-sync.test.tsx:131:33
    129|   expect(fetcher).toHaveBeenCalledTimes(1)
    130|   expect(fetcher).toHaveBeenLastCalledWith("https://prompt.test/api/v1…
    131|   expect(rows.get(original.id)).toMatchObject({
       |                                 ^
    132|     system_prompt: changedText, syncStatus: "pending", serverId: 1,
    133|     studioPromptId: 1, versionNumber: 1, lastSyncedAt: 10

⎯⎯⎯⎯⎯⎯⎯⎯⎯⎯⎯⎯⎯⎯⎯⎯⎯⎯⎯⎯⎯⎯⎯⎯[1/1]⎯


 Test Files  1 failed (1)
      Tests  1 failed (1)
   Start at  22:50:29
   Duration  1.28s (transform 241ms, setup 89ms, import 689ms, tests 189ms, environment 220ms)

