Pages directory cannot be found at /Users/macbook-dev/Documents/GitHub/tldw_server2/pages or /Users/macbook-dev/Documents/GitHub/tldw_server2/src/pages. If using a custom path, please configure with the `no-html-link-for-pages` rule in your eslint config file.

/Users/macbook-dev/Documents/GitHub/tldw_server2/apps/packages/ui/src/components/Option/Characters/Manager.tsx
     3:3   warning  'Button' is defined but never used. Allowed unused vars must match /^_/u                                                                                                                                                                                                           @typescript-eslint/no-unused-vars
    76:34  warning  Unexpected any. Specify a different type                                                                                                                                                                                                                                           @typescript-eslint/no-explicit-any
    88:46  warning  Unexpected any. Specify a different type                                                                                                                                                                                                                                           @typescript-eslint/no-explicit-any
    89:37  warning  Unexpected any. Specify a different type                                                                                                                                                                                                                                           @typescript-eslint/no-explicit-any
    97:42  warning  Unexpected any. Specify a different type                                                                                                                                                                                                                                           @typescript-eslint/no-explicit-any
   123:57  warning  Unexpected any. Specify a different type                                                                                                                                                                                                                                           @typescript-eslint/no-explicit-any
   125:16  warning  Unexpected any. Specify a different type                                                                                                                                                                                                                                           @typescript-eslint/no-explicit-any
   207:24  warning  'setImportPreviewOpen' is assigned a value but never used. Allowed unused vars must match /^_/u                                                                                                                                                                                    @typescript-eslint/no-unused-vars
   211:5   warning  'importQueueState' is assigned a value but never used. Allowed unused vars must match /^_/u                                                                                                                                                                                        @typescript-eslint/no-unused-vars
   211:23  warning  'dispatchImportQueue' is assigned a value but never used. Allowed unused vars must match /^_/u                                                                                                                                                                                     @typescript-eslint/no-unused-vars
   218:5   warning  'importCharacterFile' is assigned a value but never used. Allowed unused vars must match /^_/u                                                                                                                                                                                     @typescript-eslint/no-unused-vars
   219:5   warning  'runBatchImport' is assigned a value but never used. Allowed unused vars must match /^_/u                                                                                                                                                                                          @typescript-eslint/no-unused-vars
   220:5   warning  'openImportPreviewForBatch' is assigned a value but never used. Allowed unused vars must match /^_/u                                                                                                                                                                               @typescript-eslint/no-unused-vars
   296:25  warning  'setQuickChatCharacter' is assigned a value but never used. Allowed unused vars must match /^_/u                                                                                                                                                                                   @typescript-eslint/no-unused-vars
   297:24  warning  'setQuickChatMessages' is assigned a value but never used. Allowed unused vars must match /^_/u                                                                                                                                                                                    @typescript-eslint/no-unused-vars
   299:5   warning  'quickChatSessionId' is assigned a value but never used. Allowed unused vars must match /^_/u                                                                                                                                                                                      @typescript-eslint/no-unused-vars
   299:25  warning  'setQuickChatSessionId' is assigned a value but never used. Allowed unused vars must match /^_/u                                                                                                                                                                                   @typescript-eslint/no-unused-vars
   301:21  warning  'setQuickChatError' is assigned a value but never used. Allowed unused vars must match /^_/u                                                                                                                                                                                       @typescript-eslint/no-unused-vars
   338:21  warning  'setTagManagerOpen' is assigned a value but never used. Allowed unused vars must match /^_/u                                                                                                                                                                                       @typescript-eslint/no-unused-vars
   341:5   warning  'tagManagerCharacters' is assigned a value but never used. Allowed unused vars must match /^_/u                                                                                                                                                                                    @typescript-eslint/no-unused-vars
   381:16  warning  'createLastSaved' is assigned a value but never used. Allowed unused vars must match /^_/u                                                                                                                                                                                         @typescript-eslint/no-unused-vars
   382:35  warning  Unexpected any. Specify a different type                                                                                                                                                                                                                                           @typescript-eslint/no-explicit-any
   395:16  warning  'editLastSaved' is assigned a value but never used. Allowed unused vars must match /^_/u                                                                                                                                                                                           @typescript-eslint/no-unused-vars
   396:35  warning  Unexpected any. Specify a different type                                                                                                                                                                                                                                           @typescript-eslint/no-explicit-any
   418:6   warning  React Hook React.useCallback has a missing dependency: 'setOpen'. Either include it or remove the dependency array                                                                                                                                                                 react-hooks/exhaustive-deps
   443:5   warning  React Hook React.useCallback has missing dependencies: 'setCreateFormDirty' and 'setOpen'. Either include them or remove the dependency array                                                                                                                                      react-hooks/exhaustive-deps
   581:45  warning  Unexpected any. Specify a different type                                                                                                                                                                                                                                           @typescript-eslint/no-explicit-any
   668:12  warning  Unexpected any. Specify a different type                                                                                                                                                                                                                                           @typescript-eslint/no-explicit-any
   692:47  warning  Unexpected any. Specify a different type                                                                                                                                                                                                                                           @typescript-eslint/no-explicit-any
   738:34  warning  Unexpected any. Specify a different type                                                                                                                                                                                                                                           @typescript-eslint/no-explicit-any
   740:6   warning  React Hook React.useEffect has a missing dependency: 'newButtonRef'. Either include it or remove the dependency array                                                                                                                                                              react-hooks/exhaustive-deps
   749:6   warning  React Hook React.useEffect has a missing dependency: 'autoOpenCreateHandledRef'. Either include it or remove the dependency array                                                                                                                                                  react-hooks/exhaustive-deps
   755:36  warning  The ref value 'undoDeleteRef.current' will likely have changed by the time this effect cleanup function runs. If this ref points to a node rendered by React, copy 'undoDeleteRef.current' to a variable inside the effect, and use that variable in the cleanup function          react-hooks/exhaustive-deps
   758:40  warning  The ref value 'bulkUndoDeleteRef.current' will likely have changed by the time this effect cleanup function runs. If this ref points to a node rendered by React, copy 'bulkUndoDeleteRef.current' to a variable inside the effect, and use that variable in the cleanup function  react-hooks/exhaustive-deps
   761:6   warning  React Hook React.useEffect has missing dependencies: 'bulkUndoDeleteRef' and 'undoDeleteRef'. Either include them or remove the dependency array                                                                                                                                   react-hooks/exhaustive-deps
   810:5   warning  'tagUsageData' is assigned a value but never used. Allowed unused vars must match /^_/u                                                                                                                                                                                            @typescript-eslint/no-unused-vars
   811:5   warning  'allTags' is assigned a value but never used. Allowed unused vars must match /^_/u                                                                                                                                                                                                 @typescript-eslint/no-unused-vars
   915:5   warning  'pendingDelete' is assigned a value but never used. Allowed unused vars must match /^_/u                                                                                                                                                                                           @typescript-eslint/no-unused-vars
   918:5   warning  'conversationsLoadErrorMessageRef' is assigned a value but never used. Allowed unused vars must match /^_/u                                                                                                                                                                        @typescript-eslint/no-unused-vars
   919:5   warning  'restoreCharacter' is assigned a value but never used. Allowed unused vars must match /^_/u                                                                                                                                                                                        @typescript-eslint/no-unused-vars
   927:14  warning  Unexpected any. Specify a different type                                                                                                                                                                                                                                           @typescript-eslint/no-explicit-any
   955:38  warning  Unexpected any. Specify a different type                                                                                                                                                                                                                                           @typescript-eslint/no-explicit-any
  1021:5   warning  'inlineEditTriggerRef' is assigned a value but never used. Allowed unused vars must match /^_/u                                                                                                                                                                                    @typescript-eslint/no-unused-vars
  1022:5   warning  'inlineEditFocusKeyRef' is assigned a value but never used. Allowed unused vars must match /^_/u                                                                                                                                                                                   @typescript-eslint/no-unused-vars
  1026:5   warning  'restoreInlineEditFocus' is assigned a value but never used. Allowed unused vars must match /^_/u                                                                                                                                                                                  @typescript-eslint/no-unused-vars
  1064:5   warning  'selectedCharacters' is assigned a value but never used. Allowed unused vars must match /^_/u                                                                                                                                                                                      @typescript-eslint/no-unused-vars

/Users/macbook-dev/Documents/GitHub/tldw_server2/apps/packages/ui/src/components/Option/Characters/__tests__/Manager.first-use.test.tsx
    50:48  warning  Unexpected any. Specify a different type  @typescript-eslint/no-explicit-any
   233:36  warning  Unexpected any. Specify a different type  @typescript-eslint/no-explicit-any
   249:27  warning  Unexpected any. Specify a different type  @typescript-eslint/no-explicit-any
   262:37  warning  Unexpected any. Specify a different type  @typescript-eslint/no-explicit-any
   267:25  warning  Unexpected any. Specify a different type  @typescript-eslint/no-explicit-any
   279:36  warning  Unexpected any. Specify a different type  @typescript-eslint/no-explicit-any
   280:35  warning  Unexpected any. Specify a different type  @typescript-eslint/no-explicit-any
   281:37  warning  Unexpected any. Specify a different type  @typescript-eslint/no-explicit-any
   389:44  warning  Unexpected any. Specify a different type  @typescript-eslint/no-explicit-any
   456:25  warning  Unexpected any. Specify a different type  @typescript-eslint/no-explicit-any
   466:25  warning  Unexpected any. Specify a different type  @typescript-eslint/no-explicit-any
   476:25  warning  Unexpected any. Specify a different type  @typescript-eslint/no-explicit-any
   623:44  warning  Unexpected any. Specify a different type  @typescript-eslint/no-explicit-any
   786:38  warning  Unexpected any. Specify a different type  @typescript-eslint/no-explicit-any
   840:50  warning  Unexpected any. Specify a different type  @typescript-eslint/no-explicit-any
  1003:44  warning  Unexpected any. Specify a different type  @typescript-eslint/no-explicit-any
  1065:44  warning  Unexpected any. Specify a different type  @typescript-eslint/no-explicit-any
  1137:44  warning  Unexpected any. Specify a different type  @typescript-eslint/no-explicit-any
  1179:46  warning  Unexpected any. Specify a different type  @typescript-eslint/no-explicit-any
  1186:44  warning  Unexpected any. Specify a different type  @typescript-eslint/no-explicit-any
  1275:47  warning  Unexpected any. Specify a different type  @typescript-eslint/no-explicit-any
  1276:33  warning  Unexpected any. Specify a different type  @typescript-eslint/no-explicit-any
  1276:50  warning  Unexpected any. Specify a different type  @typescript-eslint/no-explicit-any
  1286:38  warning  Unexpected any. Specify a different type  @typescript-eslint/no-explicit-any
  1294:44  warning  Unexpected any. Specify a different type  @typescript-eslint/no-explicit-any
  1347:29  warning  Unexpected any. Specify a different type  @typescript-eslint/no-explicit-any
  1349:47  warning  Unexpected any. Specify a different type  @typescript-eslint/no-explicit-any
  1350:33  warning  Unexpected any. Specify a different type  @typescript-eslint/no-explicit-any
  1350:50  warning  Unexpected any. Specify a different type  @typescript-eslint/no-explicit-any
  1361:38  warning  Unexpected any. Specify a different type  @typescript-eslint/no-explicit-any
  1370:44  warning  Unexpected any. Specify a different type  @typescript-eslint/no-explicit-any
  1445:29  warning  Unexpected any. Specify a different type  @typescript-eslint/no-explicit-any
  1447:47  warning  Unexpected any. Specify a different type  @typescript-eslint/no-explicit-any
  1448:33  warning  Unexpected any. Specify a different type  @typescript-eslint/no-explicit-any
  1448:50  warning  Unexpected any. Specify a different type  @typescript-eslint/no-explicit-any
  1459:38  warning  Unexpected any. Specify a different type  @typescript-eslint/no-explicit-any
  1468:44  warning  Unexpected any. Specify a different type  @typescript-eslint/no-explicit-any
  1546:44  warning  Unexpected any. Specify a different type  @typescript-eslint/no-explicit-any
  1590:44  warning  Unexpected any. Specify a different type  @typescript-eslint/no-explicit-any
  1669:44  warning  Unexpected any. Specify a different type  @typescript-eslint/no-explicit-any
  1718:44  warning  Unexpected any. Specify a different type  @typescript-eslint/no-explicit-any
  1775:44  warning  Unexpected any. Specify a different type  @typescript-eslint/no-explicit-any
  1841:44  warning  Unexpected any. Specify a different type  @typescript-eslint/no-explicit-any
  1883:47  warning  Unexpected any. Specify a different type  @typescript-eslint/no-explicit-any
  1884:33  warning  Unexpected any. Specify a different type  @typescript-eslint/no-explicit-any
  1884:50  warning  Unexpected any. Specify a different type  @typescript-eslint/no-explicit-any
  1894:38  warning  Unexpected any. Specify a different type  @typescript-eslint/no-explicit-any
  1902:44  warning  Unexpected any. Specify a different type  @typescript-eslint/no-explicit-any
  1992:44  warning  Unexpected any. Specify a different type  @typescript-eslint/no-explicit-any
  2035:44  warning  Unexpected any. Specify a different type  @typescript-eslint/no-explicit-any
  2106:47  warning  Unexpected any. Specify a different type  @typescript-eslint/no-explicit-any
  2107:33  warning  Unexpected any. Specify a different type  @typescript-eslint/no-explicit-any
  2112:38  warning  Unexpected any. Specify a different type  @typescript-eslint/no-explicit-any
  2120:44  warning  Unexpected any. Specify a different type  @typescript-eslint/no-explicit-any
  2176:47  warning  Unexpected any. Specify a different type  @typescript-eslint/no-explicit-any
  2177:33  warning  Unexpected any. Specify a different type  @typescript-eslint/no-explicit-any
  2187:38  warning  Unexpected any. Specify a different type  @typescript-eslint/no-explicit-any
  2200:44  warning  Unexpected any. Specify a different type  @typescript-eslint/no-explicit-any
  2275:44  warning  Unexpected any. Specify a different type  @typescript-eslint/no-explicit-any
  2367:44  warning  Unexpected any. Specify a different type  @typescript-eslint/no-explicit-any
  2417:44  warning  Unexpected any. Specify a different type  @typescript-eslint/no-explicit-any
  2483:44  warning  Unexpected any. Specify a different type  @typescript-eslint/no-explicit-any
  2585:47  warning  Unexpected any. Specify a different type  @typescript-eslint/no-explicit-any
  2586:33  warning  Unexpected any. Specify a different type  @typescript-eslint/no-explicit-any
  2591:38  warning  Unexpected any. Specify a different type  @typescript-eslint/no-explicit-any
  2599:44  warning  Unexpected any. Specify a different type  @typescript-eslint/no-explicit-any
  2648:44  warning  Unexpected any. Specify a different type  @typescript-eslint/no-explicit-any
  2695:44  warning  Unexpected any. Specify a different type  @typescript-eslint/no-explicit-any
  2780:44  warning  Unexpected any. Specify a different type  @typescript-eslint/no-explicit-any
  2859:44  warning  Unexpected any. Specify a different type  @typescript-eslint/no-explicit-any
  2939:44  warning  Unexpected any. Specify a different type  @typescript-eslint/no-explicit-any
  3048:44  warning  Unexpected any. Specify a different type  @typescript-eslint/no-explicit-any
  3187:47  warning  Unexpected any. Specify a different type  @typescript-eslint/no-explicit-any
  3188:27  warning  Unexpected any. Specify a different type  @typescript-eslint/no-explicit-any
  3189:32  warning  Unexpected any. Specify a different type  @typescript-eslint/no-explicit-any
  3193:44  warning  Unexpected any. Specify a different type  @typescript-eslint/no-explicit-any
  3267:47  warning  Unexpected any. Specify a different type  @typescript-eslint/no-explicit-any
  3268:27  warning  Unexpected any. Specify a different type  @typescript-eslint/no-explicit-any
  3269:32  warning  Unexpected any. Specify a different type  @typescript-eslint/no-explicit-any
  3325:29  warning  Unexpected any. Specify a different type  @typescript-eslint/no-explicit-any
  3334:44  warning  Unexpected any. Specify a different type  @typescript-eslint/no-explicit-any
  3353:47  warning  Unexpected any. Specify a different type  @typescript-eslint/no-explicit-any
  3355:35  warning  Unexpected any. Specify a different type  @typescript-eslint/no-explicit-any
  3377:40  warning  Unexpected any. Specify a different type  @typescript-eslint/no-explicit-any
  3466:47  warning  Unexpected any. Specify a different type  @typescript-eslint/no-explicit-any
  3467:33  warning  Unexpected any. Specify a different type  @typescript-eslint/no-explicit-any
  3472:38  warning  Unexpected any. Specify a different type  @typescript-eslint/no-explicit-any
  3480:44  warning  Unexpected any. Specify a different type  @typescript-eslint/no-explicit-any
  3551:47  warning  Unexpected any. Specify a different type  @typescript-eslint/no-explicit-any
  3552:33  warning  Unexpected any. Specify a different type  @typescript-eslint/no-explicit-any
  3557:38  warning  Unexpected any. Specify a different type  @typescript-eslint/no-explicit-any
  3565:44  warning  Unexpected any. Specify a different type  @typescript-eslint/no-explicit-any
  3608:80  warning  Unexpected any. Specify a different type  @typescript-eslint/no-explicit-any
  3661:47  warning  Unexpected any. Specify a different type  @typescript-eslint/no-explicit-any
  3662:33  warning  Unexpected any. Specify a different type  @typescript-eslint/no-explicit-any
  3667:38  warning  Unexpected any. Specify a different type  @typescript-eslint/no-explicit-any
  3698:80  warning  Unexpected any. Specify a different type  @typescript-eslint/no-explicit-any
  3726:44  warning  Unexpected any. Specify a different type  @typescript-eslint/no-explicit-any
  3774:44  warning  Unexpected any. Specify a different type  @typescript-eslint/no-explicit-any
  3838:44  warning  Unexpected any. Specify a different type  @typescript-eslint/no-explicit-any
  3897:44  warning  Unexpected any. Specify a different type  @typescript-eslint/no-explicit-any
  3958:44  warning  Unexpected any. Specify a different type  @typescript-eslint/no-explicit-any
  4025:44  warning  Unexpected any. Specify a different type  @typescript-eslint/no-explicit-any
  4087:44  warning  Unexpected any. Specify a different type  @typescript-eslint/no-explicit-any
  4168:44  warning  Unexpected any. Specify a different type  @typescript-eslint/no-explicit-any
  4226:44  warning  Unexpected any. Specify a different type  @typescript-eslint/no-explicit-any
  4297:44  warning  Unexpected any. Specify a different type  @typescript-eslint/no-explicit-any
  4354:44  warning  Unexpected any. Specify a different type  @typescript-eslint/no-explicit-any
  4422:44  warning  Unexpected any. Specify a different type  @typescript-eslint/no-explicit-any
  4467:44  warning  Unexpected any. Specify a different type  @typescript-eslint/no-explicit-any
  4509:44  warning  Unexpected any. Specify a different type  @typescript-eslint/no-explicit-any
  4565:44  warning  Unexpected any. Specify a different type  @typescript-eslint/no-explicit-any
  4630:44  warning  Unexpected any. Specify a different type  @typescript-eslint/no-explicit-any
  4684:44  warning  Unexpected any. Specify a different type  @typescript-eslint/no-explicit-any
  4740:44  warning  Unexpected any. Specify a different type  @typescript-eslint/no-explicit-any
  4870:44  warning  Unexpected any. Specify a different type  @typescript-eslint/no-explicit-any
  4957:44  warning  Unexpected any. Specify a different type  @typescript-eslint/no-explicit-any
  4974:75  warning  Unexpected any. Specify a different type  @typescript-eslint/no-explicit-any
  5029:33  warning  Unexpected any. Specify a different type  @typescript-eslint/no-explicit-any
  5031:44  warning  Unexpected any. Specify a different type  @typescript-eslint/no-explicit-any
  5048:75  warning  Unexpected any. Specify a different type  @typescript-eslint/no-explicit-any
  5112:44  warning  Unexpected any. Specify a different type  @typescript-eslint/no-explicit-any

✖ 168 problems (0 errors, 168 warnings)

