(node:13817) ExperimentalWarning: VM Modules is an experimental feature and might change at any time
(Use `node --trace-warnings ...` to show where the warning was created)
✔ zero exit without normal-return proof cannot mark initialization complete (4.445375ms)
✔ forwarded cancellation cannot mark initialization complete even with exit zero (2.417791ms)
✔ initialization rejects stale attempt proof (2.428208ms)
✔ initialization rejects other preparation proof (3.223333ms)
✔ initialization rejects incomplete proof (2.854417ms)
✔ nonzero child exit rejects an otherwise matching completion proof (2.821292ms)
✔ matching normal completion records identity and allows restart without resetting (3.999167ms)
✔ failed initialization remains retryable and an old attempt cannot satisfy retry (2.993ms)
✔ backend rejects missing initialization before port or spawn (1.7225ms)
✔ backend rejects wrong-preparation initialization before port or spawn (2.010708ms)
✔ backend rejects legacy-exit-only initialization before port or spawn (1.841833ms)
✔ frontend rejects missing initialization before port or spawn (1.519916ms)
✔ frontend rejects wrong-preparation initialization before port or spawn (2.045ms)
✔ frontend rejects legacy-exit-only initialization before port or spawn (1.633459ms)
✔ incomplete preparation cannot initialize or start (1.829417ms)
✔ another run/cell cannot reuse a bound source root (sqlite-single) (1.744166ms)
✔ another run/cell cannot reuse a bound source root (pg-single) (1.82ms)
✔ preparation reserves a new source before a helper can fail (1.928584ms)
✔ successful new preparation writes a completed matching record (3.979875ms)
✔ existing profile mode ownership refusal remains before spawn (1.825959ms)
✔ a failed child never creates a success marker (1.91675ms)
✔ existing profile preparation is never overwritten (1.850708ms)
✔ official PG receipt validates exact local ownership without connecting (2.564917ms)
✔ matrix runtime role accepts separated checked provisioning and runtime identities (1.773708ms)
✔ matrix runtime role rejects elevated superuser receipt (1.814584ms)
✔ matrix runtime role rejects elevated bypassrls receipt (1.802375ms)
✔ matrix runtime role rejects elevated inherit receipt (2.124916ms)
✔ matrix runtime role rejects elevated createdb receipt (1.879958ms)
✔ matrix runtime role rejects elevated createrole receipt (2.208625ms)
✔ matrix runtime role rejects elevated replication receipt (2.0175ms)
✔ matrix runtime role rejects legacy administrator receipt (1.976584ms)
✔ matrix runtime role rejects administrator membership and reused provisioning identity (2.482291ms)
✔ matrix runtime role checks live privileges before launching initializer (2.027208ms)
✔ matrix runtime role live probe uses explicit copied python and no passwords in argv (2.458792ms)
✔ matrix runtime live role failure blocks backend before port or process (2.093666ms)
✔ matrix runtime live role failure blocks frontend before port or process (1.900667ms)
✔ bootstrap-admin sqlite uses existing private launch identity and scoped environment (2.821542ms)
✔ bootstrap-admin postgresql uses existing private launch identity and scoped environment (2.67125ms)
✔ bootstrap-admin rejects missing-proof completion (2.283291ms)
✔ bootstrap-admin rejects nonzero completion (2.348792ms)
✔ bootstrap-admin rejects signal completion (2.797916ms)
✔ bootstrap-admin rejects forwarded-interrupt completion (2.315458ms)
✔ bootstrap-admin rejects stale-token completion (2.23675ms)
✔ bootstrap-admin rejects wrong-preparation completion (2.186416ms)
✔ bootstrap-admin rejects wrong-action completion (2.333041ms)
✔ bootstrap-admin rejects incomplete completion (2.205959ms)
✔ bootstrap-admin refuses sqlite single-user cells without spawn (2.066125ms)
✔ bootstrap-admin refuses postgresql single-user cells without spawn (2.070084ms)
✔ bootstrap-admin preserves missing-initialization preflight refusal (1.971084ms)
✔ bootstrap-admin preserves stale-initialization preflight refusal (2.579292ms)
✔ bootstrap-admin preserves changed-source preflight refusal (1.823667ms)
✔ bootstrap-admin preserves preparing preflight refusal (1.877917ms)
✔ bootstrap-admin PG live role refusal occurs before spawn (3.732583ms)
✔ failed bootstrap can retry but its old proof cannot satisfy a new attempt (2.816917ms)
ℹ tests 54
ℹ suites 0
ℹ pass 54
ℹ fail 0
ℹ cancelled 0
ℹ skipped 0
ℹ todo 0
ℹ duration_ms 160.687583
