
 RUN  v4.0.18 /Users/macbook-dev/Documents/GitHub/tldw_server2/apps/packages/ui

(node:54345) ExperimentalWarning: localStorage is not available because --localstorage-file was not provided.
(Use `node --trace-warnings ...` to show where the warning was created)
stdout | src/hooks/chat/__tests__/useChatActions.saved-normal.integration.test.tsx > saved normal Chat pipeline with autosave > retains incomplete promotion across same-authority reconnect after 0 copies
Using normalChatMode

stdout | src/hooks/chat/__tests__/useChatActions.saved-normal.integration.test.tsx > saved normal Chat pipeline with autosave > retains incomplete promotion across same-authority reconnect after 1 copies
Using normalChatMode

stdout | src/hooks/chat/__tests__/useChatActions.saved-normal.integration.test.tsx > saved normal Chat pipeline with autosave > real failed-turn regeneration sends the intended user once without its display error
Using normalChatMode

stdout | src/hooks/chat/__tests__/useChatActions.saved-normal.integration.test.tsx > saved normal Chat pipeline with autosave > real failed-turn regeneration sends the intended user once without its display error
Using normalChatMode

stdout | src/hooks/chat/__tests__/useChatActions.saved-normal.integration.test.tsx > saved normal Chat pipeline with autosave > persists a real acknowledged reasoning-only stream as one recoverable saved pair
Using normalChatMode

stdout | src/hooks/chat/__tests__/useChatActions.saved-normal.integration.test.tsx > saved normal Chat pipeline with autosave > acknowledges both saved turns before backlink eligibility and reload without consuming an identical unsent draft
Using normalChatMode

stdout | src/hooks/chat/__tests__/useChatActions.saved-normal.integration.test.tsx > saved normal Chat pipeline with autosave > acknowledges both saved turns before backlink eligibility and reload without consuming an identical unsent draft
Using normalChatMode

stdout | src/hooks/chat/__tests__/useChatActions.saved-normal.integration.test.tsx > saved normal Chat pipeline with autosave > does not apply late stream acknowledgements after switching A to B to B
Using normalChatMode

stdout | src/hooks/chat/__tests__/useChatActions.saved-normal.integration.test.tsx > saved normal Chat pipeline with autosave > does not apply late stream acknowledgements after switching A to B to A
Using normalChatMode

stdout | src/hooks/chat/__tests__/useChatActions.saved-normal.integration.test.tsx > saved normal Chat pipeline with autosave > establishes one neutral conversation and local history before inference, including a queued second turn
Using normalChatMode

stdout | src/hooks/chat/__tests__/useChatActions.saved-normal.integration.test.tsx > saved normal Chat pipeline with autosave > establishes one neutral conversation and local history before inference, including a queued second turn
Using normalChatMode

stdout | src/hooks/chat/__tests__/useChatActions.saved-normal.integration.test.tsx > saved normal Chat pipeline with autosave > cannot autosave a second conversation while the completed first pair is waiting for local persistence
Using normalChatMode

stdout | src/hooks/chat/__tests__/useChatActions.saved-normal.integration.test.tsx > saved normal Chat pipeline with autosave > keeps temporary inference unsaved and promotes its existing pair only once
Using normalChatMode

stdout | src/hooks/chat/__tests__/useChatActions.saved-normal.integration.test.tsx > saved normal Chat pipeline with autosave > returns a recoverable creation failure and retries without a duplicate pair
Using normalChatMode

stdout | src/hooks/chat/__tests__/useChatActions.saved-normal.integration.test.tsx > saved normal Chat pipeline with autosave > waits for the entire local promotion during create before a follow-up and queued turn
Using normalChatMode

stdout | src/hooks/chat/__tests__/useChatActions.saved-normal.integration.test.tsx > saved normal Chat pipeline with autosave > waits for the entire local promotion during create before a follow-up and queued turn
Using normalChatMode

stdout | src/hooks/chat/__tests__/useChatActions.saved-normal.integration.test.tsx > saved normal Chat pipeline with autosave > waits for the entire local promotion during message before a follow-up and queued turn
Using normalChatMode

stdout | src/hooks/chat/__tests__/useChatActions.saved-normal.integration.test.tsx > saved normal Chat pipeline with autosave > waits for the entire local promotion during message before a follow-up and queued turn
Using normalChatMode

stdout | src/hooks/chat/__tests__/useChatActions.saved-normal.integration.test.tsx > saved normal Chat pipeline with autosave > rechecks the current conversation after promotion finishes during send initialization
Using normalChatMode

stdout | src/hooks/chat/__tests__/useChatActions.saved-normal.integration.test.tsx > saved normal Chat pipeline with autosave > cancels a waiting follow-up without cancelling the owning promotion
Using normalChatMode

stdout | src/hooks/chat/__tests__/useChatActions.saved-normal.integration.test.tsx > saved normal Chat pipeline with autosave > cleans up a failed promotion so retry saves the original pair before the next turn
Using normalChatMode

stdout | src/hooks/chat/__tests__/useChatActions.saved-normal.integration.test.tsx > saved normal Chat pipeline with autosave > retries incomplete promotion through the visible notification after 0 acknowledged copies
Using normalChatMode

stdout | src/hooks/chat/__tests__/useChatActions.saved-normal.integration.test.tsx > saved normal Chat pipeline with autosave > retries incomplete promotion through the visible notification after 1 acknowledged copies
Using normalChatMode

stdout | src/hooks/chat/__tests__/useChatActions.saved-normal.integration.test.tsx > saved normal Chat pipeline with autosave > retries incomplete promotion through the visible notification after ambiguous commit acknowledged copies
Using normalChatMode

stdout | src/hooks/chat/__tests__/useChatActions.saved-normal.integration.test.tsx > saved normal Chat pipeline with autosave > does not join or publish an older promotion after new history on the same surface
Using normalChatMode

stdout | src/hooks/chat/__tests__/useChatActions.saved-normal.integration.test.tsx > saved normal Chat pipeline with autosave > does not join or publish an older promotion after A to B to A on the same surface
Using normalChatMode

stdout | src/hooks/chat/__tests__/useChatActions.saved-normal.integration.test.tsx > saved normal Chat pipeline with autosave > keeps the new account's state when an old stream completes
Using normalChatMode

stdout | src/hooks/chat/__tests__/useChatActions.saved-normal.integration.test.tsx > saved normal Chat pipeline with autosave > keeps the new account's state when an old local persistence completes
Using normalChatMode

 ❯ src/hooks/chat/__tests__/useChatActions.saved-normal.integration.test.tsx (48 tests | 1 failed) 3792ms
     ✓ deletes a qualified mirror row and clears its local reply target using the canonical request ID 12ms
     ✓ deletes a qualified mirror row and clears its server reply target using the canonical request ID 3ms
     ✓ retains incomplete promotion across same-authority reconnect after 0 copies 156ms
     ✓ retains incomplete promotion across same-authority reconnect after 1 copies 37ms
     ✓ pauses rather than completes when readiness is lost during create 83ms
     ✓ pauses rather than completes when readiness is lost during first copy 83ms
     ✓ blocks changed server history after a readiness pause during create 99ms
     ✓ blocks changed server history after a readiness pause during acknowledged copy 98ms
     ✓ reconciles literal placeholder text using raw listing content 26ms
     × real failed-turn regeneration sends the intended user once without its display error 10ms
     ✓ persists a real acknowledged reasoning-only stream as one recoverable saved pair 6ms
     ✓ acknowledges both saved turns before backlink eligibility and reload without consuming an identical unsent draft 7ms
     ✓ does not apply late stream acknowledgements after switching A to B to B 56ms
     ✓ does not apply late stream acknowledgements after switching A to B to A 59ms
     ✓ establishes one neutral conversation and local history before inference, including a queued second turn 65ms
     ✓ cannot autosave a second conversation while the completed first pair is waiting for local persistence 61ms
     ✓ keeps temporary inference unsaved and promotes its existing pair only once 61ms
     ✓ returns a recoverable creation failure and retries without a duplicate pair 9ms
     ✓ waits for the entire local promotion during create before a follow-up and queued turn 67ms
     ✓ waits for the entire local promotion during message before a follow-up and queued turn 69ms
     ✓ rechecks the current conversation after promotion finishes during send initialization 72ms
     ✓ cancels a waiting follow-up without cancelling the owning promotion 75ms
     ✓ cleans up a failed promotion so retry saves the original pair before the next turn 76ms
     ✓ retries incomplete promotion through the visible notification after 0 acknowledged copies 203ms
     ✓ retries incomplete promotion through the visible notification after 1 acknowledged copies 201ms
     ✓ retries incomplete promotion through the visible notification after ambiguous commit acknowledged copies 194ms
     ✓ keeps incomplete promotion blocked when reconciliation finds changed identity 82ms
     ✓ keeps incomplete promotion blocked when reconciliation finds additional row 83ms
     ✓ keeps incomplete promotion blocked when reconciliation finds reordered rows 84ms
     ✓ keeps incomplete promotion blocked when reconciliation finds deleted acknowledgement 84ms
     ✓ keeps incomplete promotion blocked when reconciliation finds read failure 87ms
     ✓ releases incomplete promotion and removes its retry action on new history 102ms
     ✓ releases incomplete promotion and removes its retry action on A to B to A 93ms
     ✓ releases incomplete promotion and removes its retry action on unmount 95ms
     ✓ discards a delayed retry read after an A to B to A boundary 139ms
     ✓ does not join or publish an older promotion after new history on the same surface 88ms
     ✓ does not join or publish an older promotion after A to B to A on the same surface 93ms
     ✓ does not publish a cancelled creation response or invoke inference 93ms
     ✓ does not attach a pending first-turn creation to a different local history 88ms
     ✓ rejects an A to B to A response during initialize before inference 35ms
     ✓ rejects an A to B to A response during create before inference 87ms
     ✓ rejects an A to B to A response during link before inference 91ms
     ✓ rechecks an autosave after initialization when the send path has established a conversation 41ms
     ✓ keeps the new account's state when an old stream completes 94ms
     ✓ keeps the new account's state when an old local persistence completes 97ms
     ✓ stops old autosave writes after A to B to A during initialize 53ms
     ✓ stops old autosave writes after A to B to A during create 95ms
     ✓ stops old autosave writes after A to B to A during message 98ms
(node:54412) ExperimentalWarning: localStorage is not available because --localstorage-file was not provided.
(Use `node --trace-warnings ...` to show where the warning was created)
 ❯ src/hooks/chat-helper/__tests__/saveMessageOnSuccess.scope.test.ts (8 tests | 1 failed) 20ms
     ✓ retains the server acknowledgement on each matching locally persisted row 5ms
     × acknowledges the existing user on retry without rewriting its content or position 4ms
     ✓ commits the complete existing-history turn in one scoped transaction 4ms
     ✓ commits document session files in the same scoped transaction 1ms
     ✓ defers existing-history metadata for a scoped Compare aggregate 0ms
     ✓ generates a scoped title before atomically creating a new history 1ms
     ✓ finishes a new history when Stop is pressed during post-success title generation 1ms
     ✓ writes nothing for an already-aborted request scope 1ms

⎯⎯⎯⎯⎯⎯⎯ Failed Tests 2 ⎯⎯⎯⎯⎯⎯⎯

 FAIL  src/hooks/chat-helper/__tests__/saveMessageOnSuccess.scope.test.ts > saveMessageOnSuccess request scope > acknowledges the existing user on retry without rewriting its content or position
AssertionError: expected "vi.fn()" to be called with arguments: [ 'history-1', 'user-1', 'saved-user' ]

Number of calls: 0

 ❯ src/hooks/chat-helper/__tests__/saveMessageOnSuccess.scope.test.ts:118:35
    116|   it("acknowledges the existing user on retry without rewriting its co…
    117|     await saveMessageOnSuccess(payload({ isRegenerate: true, userServe…
    118|     expect(mocks.acknowledgeUser).toHaveBeenCalledWith("history-1", "u…
       |                                   ^
    119|     expect(mocks.saveMessage.mock.calls.filter(([message]) => message.…
    120|   })

⎯⎯⎯⎯⎯⎯⎯⎯⎯⎯⎯⎯⎯⎯⎯⎯⎯⎯⎯⎯⎯⎯⎯⎯[1/2]⎯

 FAIL  src/hooks/chat/__tests__/useChatActions.saved-normal.integration.test.tsx > saved normal Chat pipeline with autosave > real failed-turn regeneration sends the intended user once without its display error
AssertionError: expected [ false, false ] to deeply equal [ false, true ]

- Expected
+ Received

  [
    false,
-   true,
+   false,
  ]

 ❯ src/hooks/chat/__tests__/useChatActions.saved-normal.integration.test.tsx:654:90
    652|     expect(result.current.state.messages.filter(row => !row.isBot)).to…
    653|     expect(result.current.state.messages.at(-1)?.message).toBe("Recove…
    654|     expect(mocks.pageAssistModel.mock.calls.map(([options]) => options…
       |                                                                                          ^
    655|     expect(result.current.state.messages.find(row => !row.isBot)?.serv…
    656|     expect(mocks.rows.filter(row => row.role === "user").map(row => ro…

⎯⎯⎯⎯⎯⎯⎯⎯⎯⎯⎯⎯⎯⎯⎯⎯⎯⎯⎯⎯⎯⎯⎯⎯[2/2]⎯


 Test Files  2 failed (2)
      Tests  2 failed | 54 passed (56)
   Start at  21:21:13
   Duration  9.39s (transform 1.10s, setup 446ms, import 3.14s, tests 3.81s, environment 1.52s)

