
 RUN  v4.0.18 /Users/macbook-dev/Documents/GitHub/tldw_server2/apps/tldw-frontend

(node:33622) ExperimentalWarning: localStorage is not available because --localstorage-file was not provided.
(Use `node --trace-warnings ...` to show where the warning was created)
Could not parse CSS stylesheet
Could not parse CSS stylesheet
 ❯ ../packages/ui/src/components/Option/Settings/__tests__/tldw.form-lifecycle.test.tsx (7 tests | 1 failed | 6 skipped) 429ms
   × loads the actual form before applying async configuration values 428ms
   ↓ normal logout reaches the actual login form without a disconnected-form warning
   ↓ clears the actual 'cookie session' form after a pending disconnect
   ↓ clears the actual 'manual API key' form after a pending disconnect
   ↓ preserves the mounted server draft across storage account transitions
   ↓ rejects an old account's delayed initial load after the Settings owner is replaced
   ↓ keeps the current form available when logout fails before credentials are cleared

⎯⎯⎯⎯⎯⎯⎯ Failed Tests 1 ⎯⎯⎯⎯⎯⎯⎯

 FAIL  ../packages/ui/src/components/Option/Settings/__tests__/tldw.form-lifecycle.test.tsx > loads the actual form before applying async configuration values
AssertionError: expected [ Array(1) ] to deeply equal []

- Expected
+ Received

- []
+ [
+   "Warning: Instance created by `useForm` is not connected to any Form element. Forget to pass `form` prop?",
+ ]

 ❯ ../packages/ui/src/components/Option/Settings/__tests__/tldw.form-lifecycle.test.tsx:62:30
     60|   await screen.findByText("Logged In", { exact: true })
     61|   expect(screen.getByRole("textbox", { name: "Server URL" })).toHaveVa…
     62|   expect(formErrors(errors)).toEqual([])
       |                              ^
     63| })
     64|

⎯⎯⎯⎯⎯⎯⎯⎯⎯⎯⎯⎯⎯⎯⎯⎯⎯⎯⎯⎯⎯⎯⎯⎯[1/1]⎯


 Test Files  1 failed (1)
      Tests  1 failed | 6 skipped (7)
   Start at  15:33:22
   Duration  2.34s (transform 305ms, setup 159ms, import 1.14s, tests 429ms, environment 487ms)
