
 RUN  v4.0.18 /Users/macbook-dev/Documents/GitHub/tldw_server2/apps/tldw-frontend

(node:92960) ExperimentalWarning: localStorage is not available because --localstorage-file was not provided.
(Use `node --trace-warnings ...` to show where the warning was created)
stderr | ../../.tmp/uat175-repair-20260916/probe.test.tsx > separates a caught real deck request from Next Pages overlay dispatch
[tldw:request] POST /api/v1/flashcards/decks 500 Failed to create deck

stdout | ../../.tmp/uat175-repair-20260916/probe.test.tsx > separates a caught real deck request from Next Pages overlay dispatch
{"caught":"Failed to create deck (POST /api/v1/flashcards/decks)","status":500,"fetches":1,"overlayErrors":1,"sameError":true,"overlayRejections":0,"unhandledRejections":0,"consoleErrors":1}

 ❯ ../../.tmp/uat175-repair-20260916/probe.test.tsx (1 test | 1 failed) 47ms
   × separates a caught real deck request from Next Pages overlay dispatch 47ms

⎯⎯⎯⎯⎯⎯⎯ Failed Tests 1 ⎯⎯⎯⎯⎯⎯⎯

 FAIL  ../../.tmp/uat175-repair-20260916/probe.test.tsx > separates a caught real deck request from Next Pages overlay dispatch
AssertionError: expected [ …(1) ] to deeply equal []

- Expected
+ Received

- []
+ [
+   Error {
+     "message": "Failed to create deck (POST /api/v1/flashcards/decks)",
+     "status": 500,
+     "details": {
+       "detail": "Failed to create deck",
+     },
+     "headers": {
+       "content-type": "application/json",
+     },
+     "retryAfterMs": null,
+   },
+ ]

 ❯ ../../.tmp/uat175-repair-20260916/probe.test.tsx:63:27
     61|     expect(unhandled).toEqual([])
     62|     expect(overlayRejections).toEqual([])
     63|     expect(overlayErrors).toEqual([])
       |                           ^
     64|   } finally {
     65|     console.error = originalError

⎯⎯⎯⎯⎯⎯⎯⎯⎯⎯⎯⎯⎯⎯⎯⎯⎯⎯⎯⎯⎯⎯⎯⎯[1/1]⎯


 Test Files  1 failed (1)
      Tests  1 failed (1)
   Start at  16:20:18
   Duration  511ms (transform 110ms, setup 72ms, import 113ms, tests 47ms, environment 194ms)
