
 RUN  v4.0.18 /Users/macbook-dev/Documents/GitHub/tldw_server2/apps/tldw-frontend

(node:13997) ExperimentalWarning: localStorage is not available because --localstorage-file was not provided.
(Use `node --trace-warnings ...` to show where the warning was created)
(node:13996) ExperimentalWarning: localStorage is not available because --localstorage-file was not provided.
(Use `node --trace-warnings ...` to show where the warning was created)
(node:13992) ExperimentalWarning: localStorage is not available because --localstorage-file was not provided.
(Use `node --trace-warnings ...` to show where the warning was created)
(node:13993) ExperimentalWarning: localStorage is not available because --localstorage-file was not provided.
(Use `node --trace-warnings ...` to show where the warning was created)
(node:13994) ExperimentalWarning: localStorage is not available because --localstorage-file was not provided.
(Use `node --trace-warnings ...` to show where the warning was created)
(node:13995) ExperimentalWarning: localStorage is not available because --localstorage-file was not provided.
(Use `node --trace-warnings ...` to show where the warning was created)
 ✓ ../packages/ui/src/components/Option/Settings/__tests__/tldw-settings-tabs.test.tsx (5 tests) 24ms
stderr | ../packages/ui/src/services/__tests__/tldw-api-client.connection-sync.test.ts > TldwApiClient connection storage sync > invalidates rejected refresh credentials across cached clients and gates private readiness queries
Could not clear private Flashcards transfers after the account or server changed.

stderr | ../packages/ui/src/services/__tests__/tldw-api-client.connection-sync.test.ts > TldwApiClient connection storage sync > invalidates rejected refresh credentials across cached clients and gates private readiness queries
Could not clear private Flashcards transfers after the account or server changed.

stderr | ../packages/ui/src/services/__tests__/tldw-api-client.connection-sync.test.ts > TldwApiClient connection storage sync > keeps credentials and connection authority when refresh is temporarily unavailable
Could not clear private Flashcards transfers after the account or server changed.

stderr | ../packages/ui/src/services/__tests__/tldw-api-client.connection-sync.test.ts > TldwApiClient connection storage sync > preserves a newer login and its refresh timer when the old invalidation read finishes late
Could not clear private Flashcards transfers after the account or server changed.

stderr | ../packages/ui/src/services/__tests__/tldw-api-client.connection-sync.test.ts > TldwApiClient connection storage sync > preserves a newer login and its refresh timer when the old invalidation read finishes late
Could not clear private Flashcards transfers after the account or server changed.

stderr | ../packages/ui/src/services/__tests__/tldw-api-client.connection-sync.test.ts > TldwApiClient connection storage sync > preserves a newer login and its refresh timer when the old invalidation read finishes late
Could not clear private Flashcards transfers after the account or server changed.

stderr | ../packages/ui/src/services/__tests__/tldw-api-client.connection-sync.test.ts > TldwApiClient connection storage sync > preserves a newer login and its refresh timer when the old invalidation read finishes late
Could not clear private Flashcards transfers during sign-out.

stderr | ../packages/ui/src/services/__tests__/tldw-api-client.connection-sync.test.ts > TldwApiClient connection storage sync > mirrors saved server URLs into the WebUI bootstrap host key
Could not clear private Flashcards transfers after the account or server changed.

stderr | ../packages/ui/src/services/__tests__/tldw-api-client.connection-sync.test.ts > TldwApiClient connection storage sync > publishes only an authority-change flag and keeps same-principal refresh benign
Could not clear private Flashcards transfers after the account or server changed.

stderr | ../packages/ui/src/services/__tests__/tldw-api-client.connection-sync.test.ts > TldwApiClient connection storage sync > publishes only an authority-change flag and keeps same-principal refresh benign
Could not clear private Flashcards transfers after the account or server changed.

stderr | ../packages/ui/src/services/__tests__/tldw-api-client.connection-sync.test.ts > TldwApiClient connection storage sync > publishes only an authority-change flag and keeps same-principal refresh benign
Could not clear private Flashcards transfers after the account or server changed.

stderr | ../packages/ui/src/services/__tests__/tldw-api-client.connection-sync.test.ts > TldwApiClient connection storage sync > preserves authority when saving the same manual key with different persistence
Could not clear private Flashcards transfers after the account or server changed.

stderr | ../packages/ui/src/services/__tests__/tldw-api-client.connection-sync.test.ts > TldwApiClient connection storage sync > invalidates single-user authority at activation before URL synchronization completes
Could not clear private Flashcards transfers after the account or server changed.

stderr | ../packages/ui/src/services/__tests__/tldw-api-client.connection-sync.test.ts > TldwApiClient connection storage sync > invalidates single-user authority at activation before URL synchronization completes
Could not clear private Flashcards transfers after the account or server changed.

stderr | ../packages/ui/src/services/__tests__/tldw-api-client.connection-sync.test.ts > TldwApiClient connection storage sync > invalidates multi-user authority at activation before URL synchronization completes
Could not clear private Flashcards transfers after the account or server changed.

stderr | ../packages/ui/src/services/__tests__/tldw-api-client.connection-sync.test.ts > TldwApiClient connection storage sync > invalidates multi-user authority at activation before URL synchronization completes
Could not clear private Flashcards transfers after the account or server changed.

Could not parse CSS stylesheet
Could not parse CSS stylesheet
stderr | ../packages/ui/src/services/__tests__/tldw-api-client.connection-sync.test.ts > TldwApiClient connection storage sync > clears mirrored server URLs when the saved URL is removed
Could not clear private Flashcards transfers after the account or server changed.

stderr | ../packages/ui/src/services/__tests__/tldw-api-client.connection-sync.test.ts > TldwApiClient connection storage sync > clears mirrored server URLs when the saved URL is removed
Could not clear private Flashcards transfers after the account or server changed.

stderr | ../packages/ui/src/services/__tests__/tldw-api-client.connection-sync.test.ts > TldwApiClient connection storage sync > makes a scoped rotation inert when logout clears tokens
Could not clear private Flashcards transfers after the account or server changed.

stderr | ../packages/ui/src/services/__tests__/tldw-api-client.connection-sync.test.ts > TldwApiClient connection storage sync > consumes a scoped rotation before persisting an unrelated config update
Could not clear private Flashcards transfers after the account or server changed.

stderr | ../packages/ui/src/services/__tests__/tldw-api-client.connection-sync.test.ts > TldwApiClient connection storage sync > preserves a concurrent rotation racing an unrelated config write
Could not clear private Flashcards transfers after the account or server changed.

stderr | ../packages/ui/src/services/__tests__/tldw-api-client.connection-sync.test.ts > TldwApiClient connection storage sync > uses the in-memory WebUI config for audio preset mutations
Could not clear private Flashcards transfers after the account or server changed.

stderr | ../packages/ui/src/services/__tests__/tldw-api-client.connection-sync.test.ts > TldwApiClient connection storage sync > routes chat creation through the scoped request proxy
Could not clear private Flashcards transfers after the account or server changed.

stderr | ../packages/ui/src/services/__tests__/tldw-api-client.connection-sync.test.ts > TldwApiClient connection storage sync > uses the in-memory WebUI config for RAG search
Could not clear private Flashcards transfers after the account or server changed.

stderr | ../packages/ui/src/services/__tests__/tldw-api-client.connection-sync.test.ts > TldwApiClient connection storage sync > uses the in-memory WebUI config for OpenAPI discovery
Could not clear private Flashcards transfers after the account or server changed.

stderr | ../packages/ui/src/services/__tests__/tldw-api-client.connection-sync.test.ts > TldwApiClient connection storage sync > skips same-origin quickstart OpenAPI discovery
Could not clear private Flashcards transfers after the account or server changed.

stderr | ../packages/ui/src/services/__tests__/tldw-api-client.connection-sync.test.ts > TldwApiClient connection storage sync > persists an explicit device choice atomically
Could not clear private Flashcards transfers after the account or server changed.

stderr | ../packages/ui/src/services/__tests__/tldw-api-client.connection-sync.test.ts > TldwApiClient connection storage sync > keeps a session choice out of persistent config and hydrates a new client
Could not clear private Flashcards transfers after the account or server changed.

stderr | ../packages/ui/src/services/__tests__/tldw-api-client.connection-sync.test.ts > TldwApiClient connection storage sync > falls back from a failed device write to session storage
Could not clear private Flashcards transfers after the account or server changed.

stderr | ../packages/ui/src/services/__tests__/tldw-api-client.connection-sync.test.ts > TldwApiClient connection storage sync > falls back to memory when session storage is unavailable
Could not clear private Flashcards transfers after the account or server changed.

stderr | ../packages/ui/src/services/__tests__/tldw-api-client.connection-sync.test.ts > TldwApiClient connection storage sync > clears persistent, session, and in-memory manual credentials
Could not clear private Flashcards transfers after the account or server changed.

stderr | ../packages/ui/src/services/__tests__/tldw-api-client.connection-sync.test.ts > TldwApiClient connection storage sync > does not claim a device credential was cleared when persistence fails
Could not clear private Flashcards transfers after the account or server changed.

 ✓ ../packages/ui/src/services/__tests__/tldw-api-client.connection-sync.test.ts (28 tests) 281ms
Could not parse CSS stylesheet
Could not parse CSS stylesheet
 ✓ ../packages/ui/src/components/Option/Settings/__tests__/tldw.cookie-logout.test.tsx (33 tests) 493ms
Could not parse CSS stylesheet
Could not parse CSS stylesheet
Could not parse CSS stylesheet
Could not parse CSS stylesheet
Could not parse CSS stylesheet
Could not parse CSS stylesheet
 ✓ ../packages/ui/src/components/Option/Settings/__tests__/tldw-auth-mode.form.test.tsx (5 tests) 1631ms
     ✓ opens its real confirmation in the current application context without a static modal warning  462ms
     ✓ revalidates a confirmed return to the saved multi-user mode  445ms
Could not parse CSS stylesheet
Could not parse CSS stylesheet
Could not parse CSS stylesheet
Could not parse CSS stylesheet
Could not parse CSS stylesheet
Could not parse CSS stylesheet
Could not parse CSS stylesheet
Could not parse CSS stylesheet
Could not parse CSS stylesheet
Could not parse CSS stylesheet
stderr | ../packages/ui/src/components/Option/Settings/__tests__/tldw.timeouts.form.test.tsx > a first server connection with no stored config uses the same generation defaults
Could not clear private Flashcards transfers after the account or server changed.

Could not parse CSS stylesheet
Could not parse CSS stylesheet
 ✓ ../packages/ui/src/components/Option/Settings/__tests__/tldw.form-lifecycle.test.tsx (7 tests) 3824ms
   ✓ loads the actual form before applying async configuration values  399ms
   ✓ normal logout reaches the actual login form without a disconnected-form warning  640ms
   ✓ clears the actual 'cookie session' form after a pending disconnect  947ms
   ✓ clears the actual 'manual API key' form after a pending disconnect  917ms
   ✓ keeps the current form available when logout fails before credentials are cleared  536ms
Could not parse CSS stylesheet
Could not parse CSS stylesheet
Could not parse CSS stylesheet
Could not parse CSS stylesheet
Could not parse CSS stylesheet
Could not parse CSS stylesheet
Could not parse CSS stylesheet
Could not parse CSS stylesheet
Could not parse CSS stylesheet
Could not parse CSS stylesheet
Could not parse CSS stylesheet
Could not parse CSS stylesheet
Could not parse CSS stylesheet
Could not parse CSS stylesheet
Could not parse CSS stylesheet
Could not parse CSS stylesheet
Could not parse CSS stylesheet
Could not parse CSS stylesheet
Could not parse CSS stylesheet
Could not parse CSS stylesheet
 ✓ ../packages/ui/src/components/Option/Settings/__tests__/tldw.timeouts.form.test.tsx (9 tests) 17626ms
   ✓ ordinary Settings save persists generation defaults without opening Advanced, and reload preserves them  2764ms
   ✓ a first server connection with no stored config uses the same generation defaults  908ms
   ✓ Extended and explicit Reset persist their generation budgets across reload  3194ms
   ✓ preserves explicit stored 10000 ms generation overrides on ordinary save and reload  2480ms
   ✓ preserves explicit stored 237000 ms generation overrides on ordinary save and reload  2455ms
   ✓ invalid zero generation values fall back to generation presets instead of the generic timeout  1158ms
   ✓ clicking Balanced from a preserved Custom configuration applies the selected preset  2351ms
   ✓ the actual request layer accepts a generation longer than 10 seconds using ordinary Settings save output  1142ms
   ✓ the same actual request layer still honors a deliberate 10-second RAG limit  1172ms

 Test Files  6 passed (6)
      Tests  87 passed (87)
   Start at  04:57:57
   Duration  18.68s (transform 1.04s, setup 547ms, import 2.90s, tests 23.88s, environment 1.41s)
