============================= test session starts ==============================
platform darwin -- Python 3.11.13, pytest-8.4.1, pluggy-1.6.0
benchmark: 5.2.3 (defaults: timer=time.perf_counter disable_gc=False min_rounds=5 min_time=0.000005 max_time=1.0 calibration_precision=10 warmup=False warmup_iterations=100000)
Using --randomly-seed=3001523808
rootdir: /Users/macbook-dev/Documents/GitHub/tldw_server2
configfile: pyproject.toml
plugins: anyio-4.12.1, benchmark-5.2.3, locust-2.43.3, asyncio-1.1.0, xdist-3.8.0, split-0.11.0, timeout-2.4.0, randomly-4.1.0, hypothesis-6.138.2, cov-6.2.1, mock-3.14.1
asyncio: mode=Mode.AUTO, asyncio_default_fixture_loop_scope=function, asyncio_default_test_loop_scope=function
timeout: 300.0s
timeout method: thread
timeout func_only: False
collected 21 items

tldw_Server_API/tests/DB_Management/test_chacha_postgres_note_read_lifecycle.py . [  4%]
....F............F..                                                     [100%]

=================================== FAILURES ===================================
_________ test_actual_notes_read_chain_does_not_block_bootstrap[list] __________
tldw_Server_API/tests/DB_Management/test_chacha_postgres_note_read_lifecycle.py:96: in test_actual_notes_read_chain_does_not_block_bootstrap
    _assert_bootstrap_ddl_unblocked(db)
tldw_Server_API/tests/DB_Management/test_chacha_postgres_note_read_lifecycle.py:73: in _assert_bootstrap_ddl_unblocked
    assert raw.info.transaction_status.name == "IDLE"
E   AssertionError: assert 'INTRANS' == 'IDLE'
E
E     - IDLE
E     + INTRANS
---------------------------- Captured stderr setup -----------------------------
2026-09-16 16:05:12.952 | INFO     | tldw_Server_API.app.core.DB_Management.backends.factory:create_backend:392 - Creating postgresql backend
2026-09-16 16:05:12.952 | INFO     | tldw_Server_API.app.core.DB_Management.ChaChaNotes_DB:__init__:7605 - Initializing CharactersRAGDB for path: :memory: [Client ID: 1] (backend=postgresql)
2026-09-16 16:05:14.214 | DEBUG    | tldw_Server_API.app.core.DB_Management.ChaChaNotes_DB:__init__:7612 - CharactersRAGDB initialization completed successfully for :memory:
2026-09-16 16:05:14.215 | DEBUG    | tldw_Server_API.app.core.DB_Management.ChaChaNotes_DB:_get_thread_connection:7968 - Acquired backend connection (postgresql) for thread 8346099072
2026-09-16 16:05:14.217 | INFO     | tldw_Server_API.app.core.DB_Management.chacha.note_store:_execute:124 - Added note 'Committed title' with ID: aa2996a9-1011-42e6-9630-4215d92e27dc.
2026-09-16 16:05:14.218 | INFO     | tldw_Server_API.app.core.DB_Management.ChaChaNotes_DB:_add_generic_item:32435 - Added chacha_keywords 'Lifecycle' with ID: 1.
2026-09-16 16:05:14.221 | DEBUG    | tldw_Server_API.app.core.DB_Management.ChaChaNotes_DB:_manage_link:34165 - Logged sync event for note_keywords: create on aa2996a9-1011-42e6-9630-4215d92e27dc_1
2026-09-16 16:05:14.222 | INFO     | tldw_Server_API.app.core.DB_Management.ChaChaNotes_DB:_manage_link:34167 - Linked note_keywords: note_id=aa2996a9-1011-42e6-9630-4215d92e27dc, keyword_id=1. Rows affected: 1
2026-09-16 16:05:14.224 | DEBUG    | tldw_Server_API.app.core.DB_Management.ChaChaNotes_DB:execute_query:8212 - Executing SQL (script=False, backend=postgresql):
                SELECT f.id, f.sync_id, f.name, f.path, f.parent_id
                  FROM note_folders f
                  JOIN (
                        SELECT folder_id
                          FROM note_folder_memberships
                         WHERE note_id = ?
                        UNION... Params: ('aa2996a9-1011-42e6-9630-4215d92e27dc', 'aa2996a9-1011-42e6-9630-4215d92e27dc', 'aa2996a9-1011-42e6-9630-4215d92e27dc')...
2026-09-16 16:05:14.225 | DEBUG    | tldw_Server_API.app.core.DB_Management.ChaChaNotes_DB:close_connection:8037 - Returned backend connection (postgresql) for thread 8346099072.
----------------------------- Captured stderr call -----------------------------
2026-09-16 16:05:14.226 | DEBUG    | tldw_Server_API.app.api.v1.endpoints.notes:list_notes:2350 - User (DB client_id: 1) listing notes: limit=100, offset=0
2026-09-16 16:05:14.228 | DEBUG    | tldw_Server_API.app.core.DB_Management.ChaChaNotes_DB:_get_thread_connection:7968 - Acquired backend connection (postgresql) for thread 8346099072
2026-09-16 16:05:14.228 | DEBUG    | tldw_Server_API.app.core.DB_Management.ChaChaNotes_DB:execute_query:8212 - Executing SQL (script=False, backend=postgresql): SELECT * FROM notes WHERE deleted = ? ORDER BY last_modified DESC LIMIT ? OFFSET ?... Params: (False, 100, 0)...
2026-09-16 16:05:14.229 | DEBUG    | tldw_Server_API.app.core.DB_Management.ChaChaNotes_DB:execute_query:8212 - Executing SQL (script=False, backend=postgresql):
                    SELECT memberships.note_id AS note_id, f.id, f.sync_id, f.name, f.path, f.parent_id
                      FROM note_folders f
                      JOIN (
                            SELECT note_id, folder_id
                              FROM note_folder_memberships
           ... Params: ('aa2996a9-1011-42e6-9630-4215d92e27dc', 'aa2996a9-1011-42e6-9630-4215d92e27dc')...
2026-09-16 16:05:14.229 | DEBUG    | tldw_Server_API.app.core.DB_Management.ChaChaNotes_DB:execute_query:8212 - Executing SQL (script=False, backend=postgresql):
                    SELECT nk.note_id AS note_id, k.*                     FROM chacha_keywords k                              JOIN note_keywords nk ON k.id = nk.keyword_id
                    WHERE nk.note_id IN (?)                       AND k.deleted = 0                     ORDER BY LOWER(k.keywor... Params: ('aa2996a9-1011-42e6-9630-4215d92e27dc',)...
2026-09-16 16:05:14.230 | DEBUG    | tldw_Server_API.app.core.DB_Management.ChaChaNotes_DB:execute_query:8212 - Executing SQL (script=False, backend=postgresql): SELECT COUNT(*) AS cnt FROM notes WHERE deleted = ?... Params: (False,)...
--------------------------- Captured stderr teardown ---------------------------
2026-09-16 16:05:14.274 | DEBUG    | tldw_Server_API.app.core.DB_Management.ChaChaNotes_DB:close_connection:8037 - Returned backend connection (postgresql) for thread 8346099072.
2026-09-16 16:05:14.290 | INFO     | tldw_Server_API.app.api.v1.API_Deps.ChaCha_Notes_DB_Deps:close_all_chacha_db_instances:867 - Closing all cached ChaChaNotesDB instances (0)...
2026-09-16 16:05:14.290 | INFO     | tldw_Server_API.app.api.v1.API_Deps.ChaCha_Notes_DB_Deps:close_all_chacha_db_instances:883 - All ChaChaNotesDB instances closed and cache cleared.
2026-09-16 16:05:14.291 | INFO     | tldw_Server_API.app.api.v1.API_Deps.ChaCha_Notes_DB_Deps:close_all_chacha_db_instances:867 - Closing all cached ChaChaNotesDB instances (0)...
2026-09-16 16:05:14.291 | INFO     | tldw_Server_API.app.api.v1.API_Deps.ChaCha_Notes_DB_Deps:close_all_chacha_db_instances:883 - All ChaChaNotesDB instances closed and cache cleared.
__________ test_actual_notes_read_chain_does_not_block_bootstrap[get] __________
tldw_Server_API/tests/DB_Management/test_chacha_postgres_note_read_lifecycle.py:96: in test_actual_notes_read_chain_does_not_block_bootstrap
    _assert_bootstrap_ddl_unblocked(db)
tldw_Server_API/tests/DB_Management/test_chacha_postgres_note_read_lifecycle.py:71: in _assert_bootstrap_ddl_unblocked
    observer.execute("ALTER TABLE note_folders DROP CONSTRAINT IF EXISTS note_folders_path_key")
.venv/lib/python3.11/site-packages/psycopg/connection.py:300: in execute
    raise ex.with_traceback(None)
E   psycopg.errors.LockNotAvailable: canceling statement due to lock timeout
---------------------------- Captured stderr setup -----------------------------
2026-09-16 16:05:29.078 | INFO     | tldw_Server_API.app.core.DB_Management.backends.factory:create_backend:392 - Creating postgresql backend
2026-09-16 16:05:29.078 | INFO     | tldw_Server_API.app.core.DB_Management.ChaChaNotes_DB:__init__:7605 - Initializing CharactersRAGDB for path: :memory: [Client ID: 1] (backend=postgresql)
2026-09-16 16:05:30.316 | DEBUG    | tldw_Server_API.app.core.DB_Management.ChaChaNotes_DB:__init__:7612 - CharactersRAGDB initialization completed successfully for :memory:
2026-09-16 16:05:30.317 | DEBUG    | tldw_Server_API.app.core.DB_Management.ChaChaNotes_DB:_get_thread_connection:7968 - Acquired backend connection (postgresql) for thread 8346099072
2026-09-16 16:05:30.319 | INFO     | tldw_Server_API.app.core.DB_Management.chacha.note_store:_execute:124 - Added note 'Committed title' with ID: 998f8b07-6786-4d12-a2a5-400436eb3f0f.
2026-09-16 16:05:30.320 | INFO     | tldw_Server_API.app.core.DB_Management.ChaChaNotes_DB:_add_generic_item:32435 - Added chacha_keywords 'Lifecycle' with ID: 1.
2026-09-16 16:05:30.323 | DEBUG    | tldw_Server_API.app.core.DB_Management.ChaChaNotes_DB:_manage_link:34165 - Logged sync event for note_keywords: create on 998f8b07-6786-4d12-a2a5-400436eb3f0f_1
2026-09-16 16:05:30.323 | INFO     | tldw_Server_API.app.core.DB_Management.ChaChaNotes_DB:_manage_link:34167 - Linked note_keywords: note_id=998f8b07-6786-4d12-a2a5-400436eb3f0f, keyword_id=1. Rows affected: 1
2026-09-16 16:05:30.325 | DEBUG    | tldw_Server_API.app.core.DB_Management.ChaChaNotes_DB:execute_query:8212 - Executing SQL (script=False, backend=postgresql):
                SELECT f.id, f.sync_id, f.name, f.path, f.parent_id
                  FROM note_folders f
                  JOIN (
                        SELECT folder_id
                          FROM note_folder_memberships
                         WHERE note_id = ?
                        UNION... Params: ('998f8b07-6786-4d12-a2a5-400436eb3f0f', '998f8b07-6786-4d12-a2a5-400436eb3f0f', '998f8b07-6786-4d12-a2a5-400436eb3f0f')...
2026-09-16 16:05:30.326 | DEBUG    | tldw_Server_API.app.core.DB_Management.ChaChaNotes_DB:close_connection:8037 - Returned backend connection (postgresql) for thread 8346099072.2026-09-16 16:05:33.147 | INFO     | tldw_Server_API.app.core.config:_buffered_log:210 - Determined ACTUAL_PROJECT_ROOT for database paths: /Users/macbook-dev/Documents/GitHub/tldw_server2
2026-09-16 16:05:33.148 | INFO     | tldw_Server_API.app.core.config:_buffered_log:210 - Early loading environment variables from: /Users/macbook-dev/Documents/GitHub/tldw_server2/tldw_Server_API/Config_Files/.env
2026-09-16 16:05:33.152 | INFO     | tldw_Server_API.app.core.config:_buffered_log:210 - Early loading environment variables from: /Users/macbook-dev/Documents/GitHub/tldw_server2/tldw_Server_API/Config_Files/.ENV
2026-09-16 16:05:33.156 | DEBUG    | tldw_Server_API.app.core.config:_buffered_log:210 - load_and_log_configs(): Loading and logging configurations...
2026-09-16 16:05:33.156 | INFO     | tldw_Server_API.app.core.config:_buffered_log:210 - Loading environment variables from: /Users/macbook-dev/Documents/GitHub/tldw_server2/tldw_Server_API/Config_Files/.env
2026-09-16 16:05:33.160 | INFO     | tldw_Server_API.app.core.config:_buffered_log:210 - Loading environment variables from: /Users/macbook-dev/Documents/GitHub/tldw_server2/tldw_Server_API/Config_Files/.ENV
2026-09-16 16:05:33.165 | INFO     | tldw_Server_API.app.core.config:_buffered_log:210 - Attempting to load comprehensive config from: /Users/macbook-dev/Documents/GitHub/tldw_server2/tldw_Server_API/Config_Files/config.txt
2026-09-16 16:05:33.167 | INFO     | tldw_Server_API.app.core.config:_buffered_log:210 - load_comprehensive_config(): Sections found in config: ['Setup', 'UI', 'Server', 'Files', 'Image-Generation', 'ACP', 'WORKSPACES', 'ACP-WORKSPACE', 'ACP-SANDBOX', 'Audit', 'Processing', 'Media-Processing', 'Chat-Dictionaries', 'Chat-Module', 'Chat-Commands', 'Chat-Templating', 'Character-Chat', 'Settings', 'Auto-Save', 'Prompts', 'Database', 'Chunking', 'Visual-RAG', 'AuthNZ', 'Streaming', 'HTTP', 'Egress', 'Embeddings', 'Claims', 'ClaimsMonitoring', 'RAG', 'Search-Agent', 'ResourceGovernor', 'Jobs', 'SlidesStandaloneHtml', 'Diarization', 'API', 'MLX', 'Local-API', 'LlamaCpp', 'STT-Settings', 'external_providers', 'TTS-Settings', 'VibeVoice', 'Audio-Quota', 'API-Routes', 'Search-Engines', 'Web-Scraper', 'Logging', 'Moderation', 'Redis', 'Web-Scraping', 'personalization', 'persona', 'persona.rbac']
2026-09-16 16:05:33.169 | INFO     | tldw_Server_API.app.core.config:_buffered_log:210 - Ensured main SQLite database directory exists: /Users/macbook-dev/Documents/GitHub/tldw_server2/Databases
2026-09-16 16:05:33.169 | INFO     | tldw_Server_API.app.core.config:_buffered_log:210 - Ensured user data base directory exists: Databases/user_databases
2026-09-16 16:05:33.169 | INFO     | tldw_Server_API.app.api.v1.API_Deps.Audit_DB_Deps:<module>:532 - Using cachetools.LRUCache for audit service instances (maxsize=20).
2026-09-16 16:05:33.169 | INFO     | tldw_Server_API.app.api.v1.API_Deps.Audit_DB_Deps:shutdown_all_audit_services:1034 - Shutting down audit services for 0 instances...
2026-09-16 16:05:33.169 | INFO     | tldw_Server_API.app.api.v1.API_Deps.Audit_DB_Deps:shutdown_all_audit_services:1091 - All audit services shut down successfully.
2026-09-16 16:05:33.182 | DEBUG    | tldw_Server_API.app.core.AuthNZ.settings:_ensure_jwt_secret:899 - Single-user mode - skipping JWT secret initialization
2026-09-16 16:05:33.182 | WARNING  | tldw_Server_API.app.core.AuthNZ.settings:_validate_api_key:1013 - SINGLE_USER_API_KEY uses a legacy format; generate a new server-generated key for improved security.
2026-09-16 16:05:33.182 | INFO     | tldw_Server_API.app.core.AuthNZ.settings:get_settings:1588 - Settings initialized - Auth mode: single_user, profile=local-single-user
2026-09-16 16:05:33.182 | INFO     | tldw_Server_API.app.core.AuthNZ.db_config:_detect_backend:83 - Detected database backend: sqlite
2026-09-16 16:05:33.249 | DEBUG    | tldw_Server_API.app.core.config:_buffered_log:210 - load_and_log_configs(): Loading and logging configurations...
2026-09-16 16:05:33.256 | DEBUG    | tldw_Server_API.app.core.config:_buffered_log:210 - load_and_log_configs(): Loading and logging configurations...
2026-09-16 16:05:33.284 | INFO     | tldw_Server_API.app.core.Chat.prompt_template_manager:<module>:201 - Prompt templates directory: /Users/macbook-dev/Documents/GitHub/tldw_server2/tldw_Server_API/app/core/Chat/prompt_templates
2026-09-16 16:05:33.284 | INFO     | tldw_Server_API.app.core.Chat.prompt_template_manager:<module>:202 - Available templates found: []
2026-09-16 16:05:33.400 | DEBUG    | tldw_Server_API.app.core.Scheduler.base.registry:decorator:81 - Registered task handler: watchlist_run
2026-09-16 16:05:33.400 | DEBUG    | tldw_Server_API.app.core.Scheduler.base.registry:decorator:81 - Registered task handler: watchlists_enrich_output
2026-09-16 16:05:33.401 | DEBUG    | tldw_Server_API.app.core.Scheduler.base.registry:decorator:81 - Registered task handler: watchlists_deliver_briefing
2026-09-16 16:05:33.401 | DEBUG    | tldw_Server_API.app.core.Scheduler.base.registry:decorator:81 - Registered task handler: acp_run
2026-09-16 16:05:33.401 | DEBUG    | tldw_Server_API.app.core.Scheduler.base.registry:decorator:81 - Registered task handler: workflow_run
2026-09-16 16:05:33.401 | WARNING  | tldw_Server_API.app.core.DB_Management.db_path_utils:resolve_user_db_base_dir:491 - USER_DB_BASE_DIR not configured in tests, using isolated fallback: /private/var/folders/sn/m80n2j152t9gw3w8qwk2nykh0000gn/T/tldw_user_databases_test/default-78035160
2026-09-16 16:05:33.402 | DEBUG    | tldw_Server_API.app.core.DB_Management.backends.factory:_get_or_create_shared_sqlite_backend:325 - Creating sqlite backend for /private/var/folders/sn/m80n2j152t9gw3w8qwk2nykh0000gn/T/tldw_user_databases_test/default-78035160/1/workflows/workflows_scheduler.db
2026-09-16 16:05:33.403 | INFO     | tldw_Server_API.app.core.DB_Management.Workflows_Scheduler_DB:__init__:210 - WorkflowsSchedulerDB using SQLite path: /private/var/folders/sn/m80n2j152t9gw3w8qwk2nykh0000gn/T/tldw_user_databases_test/default-78035160/1/workflows/workflows_scheduler.db
2026-09-16 16:05:33.403 | INFO     | tldw_Server_API.app.services.workflows_scheduler:stop:183 - Workflows recurring scheduler stopped
2026-09-16 16:05:33.403 | INFO     | tldw_Server_API.app.api.v1.API_Deps.ChaCha_Notes_DB_Deps:close_all_chacha_db_instances:867 - Closing all cached ChaChaNotesDB instances (0)...
2026-09-16 16:05:33.403 | INFO     | tldw_Server_API.app.api.v1.API_Deps.ChaCha_Notes_DB_Deps:close_all_chacha_db_instances:883 - All ChaChaNotesDB instances closed and cache cleared.
2026-09-16 16:05:33.404 | INFO     | tldw_Server_API.app.api.v1.API_Deps.DB_Deps:<module>:57 - Using LRUCache for user DB instances (maxsize=100).
2026-09-16 16:05:33.486 | DEBUG    | tldw_Server_API.app.core.Metrics.metrics_manager:register_metric:1885 - Registered metric: chunker_cache_get_total
2026-09-16 16:05:33.487 | DEBUG    | tldw_Server_API.app.core.Metrics.metrics_manager:register_metric:1885 - Registered metric: chunker_cache_put_total
2026-09-16 16:05:33.487 | DEBUG    | tldw_Server_API.app.core.Metrics.metrics_manager:register_metric:1885 - Registered metric: chunker_process_total
2026-09-16 16:05:33.487 | DEBUG    | tldw_Server_API.app.core.Metrics.metrics_manager:register_metric:1885 - Registered metric: chunker_frontmatter_duration_seconds
2026-09-16 16:05:33.487 | DEBUG    | tldw_Server_API.app.core.Metrics.metrics_manager:register_metric:1885 - Registered metric: chunker_header_extract_seconds
2026-09-16 16:05:33.487 | DEBUG    | tldw_Server_API.app.core.Metrics.metrics_manager:register_metric:1885 - Registered metric: chunker_chunking_duration_seconds
2026-09-16 16:05:33.487 | DEBUG    | tldw_Server_API.app.core.Metrics.metrics_manager:register_metric:1885 - Registered metric: chunker_normalization_seconds
2026-09-16 16:05:33.487 | DEBUG    | tldw_Server_API.app.core.Metrics.metrics_manager:register_metric:1885 - Registered metric: chunker_last_chunk_count
2026-09-16 16:05:33.487 | DEBUG    | tldw_Server_API.app.core.Metrics.metrics_manager:register_metric:1885 - Registered metric: chunker_output_bytes
2026-09-16 16:05:33.487 | DEBUG    | tldw_Server_API.app.core.Metrics.metrics_manager:register_metric:1885 - Registered metric: chunker_input_bytes
2026-09-16 16:05:33.487 | DEBUG    | tldw_Server_API.app.core.Metrics.metrics_manager:register_metric:1885 - Registered metric: chunker_process_total_seconds
2026-09-16 16:05:33.487 | DEBUG    | tldw_Server_API.app.core.config:_buffered_log:210 - load_and_log_configs(): Loading and logging configurations...
2026-09-16 16:05:33.489 | DEBUG    | tldw_Server_API.app.core.config:_buffered_log:210 - load_and_log_configs(): Loading and logging configurations...

----------------------------- Captured stderr call -----------------------------
2026-09-16 16:05:30.327 | DEBUG    | tldw_Server_API.app.api.v1.endpoints.notes:get_note:4728 - User (DB client_id: 1) fetching note: ID='998f8b07-6786-4d12-a2a5-400436eb3f0f'
2026-09-16 16:05:30.329 | DEBUG    | tldw_Server_API.app.core.DB_Management.ChaChaNotes_DB:_get_thread_connection:7968 - Acquired backend connection (postgresql) for thread 8346099072
2026-09-16 16:05:30.329 | DEBUG    | tldw_Server_API.app.core.DB_Management.ChaChaNotes_DB:execute_query:8212 - Executing SQL (script=False, backend=postgresql): SELECT * FROM notes WHERE id = ? AND deleted = ?... Params: ('998f8b07-6786-4d12-a2a5-400436eb3f0f', False)...
2026-09-16 16:05:30.331 | DEBUG    | tldw_Server_API.app.core.DB_Management.ChaChaNotes_DB:execute_query:8212 - Executing SQL (script=False, backend=postgresql):
                SELECT k.*                 FROM chacha_keywords k                          JOIN note_keywords nk ON k.id = nk.keyword_id
                WHERE nk.note_id = ?                   AND k.deleted = 0                 ORDER BY LOWER(k.keyword)
                ... Params: ('998f8b07-6786-4d12-a2a5-400436eb3f0f',)...
2026-09-16 16:05:30.331 | DEBUG    | tldw_Server_API.app.core.DB_Management.ChaChaNotes_DB:execute_query:8212 - Executing SQL (script=False, backend=postgresql):
                SELECT f.id, f.sync_id, f.name, f.path, f.parent_id
                  FROM note_folders f
                  JOIN (
                        SELECT folder_id
                          FROM note_folder_memberships
                         WHERE note_id = ?
                        UNION... Params: ('998f8b07-6786-4d12-a2a5-400436eb3f0f', '998f8b07-6786-4d12-a2a5-400436eb3f0f', '998f8b07-6786-4d12-a2a5-400436eb3f0f')...
--------------------------- Captured stderr teardown ---------------------------
2026-09-16 16:05:30.445 | DEBUG    | tldw_Server_API.app.core.DB_Management.ChaChaNotes_DB:close_connection:8037 - Returned backend connection (postgresql) for thread 8346099072.
2026-09-16 16:05:30.467 | INFO     | tldw_Server_API.app.api.v1.API_Deps.ChaCha_Notes_DB_Deps:close_all_chacha_db_instances:867 - Closing all cached ChaChaNotesDB instances (0)...
2026-09-16 16:05:30.467 | INFO     | tldw_Server_API.app.api.v1.API_Deps.ChaCha_Notes_DB_Deps:close_all_chacha_db_instances:883 - All ChaChaNotesDB instances closed and cache cleared.
2026-09-16 16:05:30.468 | INFO     | tldw_Server_API.app.api.v1.API_Deps.ChaCha_Notes_DB_Deps:close_all_chacha_db_instances:867 - Closing all cached ChaChaNotesDB instances (0)...
2026-09-16 16:05:30.468 | INFO     | tldw_Server_API.app.api.v1.API_Deps.ChaCha_Notes_DB_Deps:close_all_chacha_db_instances:883 - All ChaChaNotesDB instances closed and cache cleared.
=========================== short test summary info ============================
FAILED tldw_Server_API/tests/DB_Management/test_chacha_postgres_note_read_lifecycle.py::test_actual_notes_read_chain_does_not_block_bootstrap[list]
FAILED tldw_Server_API/tests/DB_Management/test_chacha_postgres_note_read_lifecycle.py::test_actual_notes_read_chain_does_not_block_bootstrap[get]
================== 2 failed, 19 passed, 4 warnings in 28.01s ===================
