
 RUN  v4.0.18 /Users/macbook-dev/Documents/GitHub/tldw_server2/apps/tldw-frontend

(node:69860) ExperimentalWarning: localStorage is not available because --localstorage-file was not provided.
(Use `node --trace-warnings ...` to show where the warning was created)
(node:69858) ExperimentalWarning: localStorage is not available because --localstorage-file was not provided.
(Use `node --trace-warnings ...` to show where the warning was created)
(node:69859) ExperimentalWarning: localStorage is not available because --localstorage-file was not provided.
(Use `node --trace-warnings ...` to show where the warning was created)
(node:69861) ExperimentalWarning: localStorage is not available because --localstorage-file was not provided.
(Use `node --trace-warnings ...` to show where the warning was created)
(node:69862) ExperimentalWarning: localStorage is not available because --localstorage-file was not provided.
(Use `node --trace-warnings ...` to show where the warning was created)
(node:69863) ExperimentalWarning: localStorage is not available because --localstorage-file was not provided.
(Use `node --trace-warnings ...` to show where the warning was created)
 ✓ ../packages/ui/src/components/Option/Models/__tests__/modelsDisplayUtils.test.ts (6 tests) 8ms
 ✓ ../packages/ui/src/components/Option/Onboarding/__tests__/MultiUserExitPanel.test.tsx (1 test) 82ms
 ✓ ../packages/ui/src/components/Option/CompanionHome/__tests__/CompanionHomeShell.providers.test.tsx (3 tests) 139ms
 ✓ ../packages/ui/src/components/Option/Models/__tests__/AvailableModelsList.test.tsx (3 tests) 186ms
stderr | ../packages/ui/src/components/Option/CompanionHome/__tests__/CompanionHomeShell.test.tsx > CompanionHomeShell > renders functional quick actions for the options surface
react-i18next:: useTranslation: You will need to pass in an i18next instance by using initReactI18next { code: 'NO_I18NEXT_INSTANCE' }

 ✓ ../packages/ui/src/components/Option/CompanionHome/__tests__/CompanionHomeShell.test.tsx (6 tests) 129ms
 ✓ ../packages/ui/src/components/Option/Models/__tests__/ModelsBody.test.tsx (12 tests) 990ms

 Test Files  6 passed (6)
      Tests  31 passed (31)
   Start at  15:12:50
   Duration  2.03s (transform 910ms, setup 642ms, import 2.37s, tests 1.53s, environment 1.57s)
