(node:14209) ExperimentalWarning: VM Modules is an experimental feature and might change at any time
(Use `node --trace-warnings ...` to show where the warning was created)
✔ zero exit without normal-return proof cannot mark initialization complete (4.547542ms)
✔ forwarded cancellation cannot mark initialization complete even with exit zero (2.67225ms)
✔ initialization rejects stale attempt proof (2.464042ms)
✔ initialization rejects other preparation proof (2.839292ms)
✔ initialization rejects incomplete proof (2.571125ms)
✔ nonzero child exit rejects an otherwise matching completion proof (2.605167ms)
✔ matching normal completion records identity and allows restart without resetting (3.443208ms)
✔ failed initialization remains retryable and an old attempt cannot satisfy retry (2.816708ms)
✔ backend rejects missing initialization before port or spawn (1.738792ms)
✔ backend rejects wrong-preparation initialization before port or spawn (1.906834ms)
✔ backend rejects legacy-exit-only initialization before port or spawn (1.797292ms)
✔ frontend rejects missing initialization before port or spawn (1.919042ms)
✔ frontend rejects wrong-preparation initialization before port or spawn (2.23825ms)
✔ frontend rejects legacy-exit-only initialization before port or spawn (1.693333ms)
✔ incomplete preparation cannot initialize or start (1.789708ms)
✔ another run/cell cannot reuse a bound source root (sqlite-single) (1.92725ms)
✔ another run/cell cannot reuse a bound source root (pg-single) (1.848291ms)
✔ preparation reserves a new source before a helper can fail (1.99375ms)
✔ successful new preparation writes a completed matching record (4.047041ms)
✔ existing profile mode ownership refusal remains before spawn (2.124083ms)
✔ a failed child never creates a success marker (2.341417ms)
✔ existing profile preparation is never overwritten (1.950792ms)
✔ official PG receipt validates exact local ownership without connecting (2.933917ms)
✔ matrix runtime role accepts separated checked provisioning and runtime identities (2.2305ms)
✔ matrix runtime role rejects elevated superuser receipt (2.17925ms)
✔ matrix runtime role rejects elevated bypassrls receipt (2.212584ms)
✔ matrix runtime role rejects elevated inherit receipt (2.214917ms)
✔ matrix runtime role rejects elevated createdb receipt (1.958ms)
✔ matrix runtime role rejects elevated createrole receipt (2.04525ms)
✔ matrix runtime role rejects elevated replication receipt (1.990166ms)
✔ matrix runtime role rejects legacy administrator receipt (2.321875ms)
✔ matrix runtime role rejects administrator membership and reused provisioning identity (2.736ms)
✔ matrix runtime role checks live privileges before launching initializer (2.221042ms)
✔ matrix runtime role live probe uses explicit copied python and no passwords in argv (2.756417ms)
✔ matrix runtime live role failure blocks backend before port or process (2.279833ms)
✔ matrix runtime live role failure blocks frontend before port or process (2.084417ms)
✔ bootstrap-admin sqlite uses existing private launch identity and scoped environment (3.593459ms)
✔ bootstrap-admin postgresql uses existing private launch identity and scoped environment (3.128666ms)
✔ bootstrap-admin rejects missing-proof completion (2.523125ms)
✔ bootstrap-admin rejects nonzero completion (2.798084ms)
✔ bootstrap-admin rejects signal completion (3.463166ms)
✔ bootstrap-admin rejects forwarded-interrupt completion (2.739875ms)
✔ bootstrap-admin rejects stale-token completion (2.860166ms)
✔ bootstrap-admin rejects wrong-preparation completion (3.15825ms)
✔ bootstrap-admin rejects wrong-action completion (3.271708ms)
✔ bootstrap-admin rejects incomplete completion (6.359417ms)
✔ bootstrap-admin refuses sqlite single-user cells without spawn (3.62425ms)
✔ bootstrap-admin refuses postgresql single-user cells without spawn (3.183333ms)
✔ bootstrap-admin preserves missing-initialization preflight refusal (4.228125ms)
✔ bootstrap-admin preserves stale-initialization preflight refusal (4.590916ms)
✔ bootstrap-admin preserves changed-source preflight refusal (2.692542ms)
✔ bootstrap-admin preserves preparing preflight refusal (2.398334ms)
✔ bootstrap-admin PG live role refusal occurs before spawn (2.971083ms)
✔ failed bootstrap can retry but its old proof cannot satisfy a new attempt (4.645417ms)
ℹ tests 54
ℹ suites 0
ℹ pass 54
ℹ fail 0
ℹ cancelled 0
ℹ skipped 0
ℹ todo 0
ℹ duration_ms 186.024666
