✔ uses recorded session/archive and privately preserves raw command evidence (47.992791ms)
✔ redacts raw, JSON-escaped, URL-encoded, account and JWT values (24.922541ms)
✔ redacts matching PostgreSQL runtime password (23.963959ms)
✔ redacts operator-supplied provider credentials registered before UI entry (24.007416ms)
✔ replaces raw snapshot references with confined redacted text copies (23.99ms)
✔ does not follow a snapshot symlink outside the owned archive (23.900791ms)
✔ preserves command failure exit code and sanitized diagnostics (22.624917ms)
✔ rejects owner mismatch before subprocess execution (22.267708ms)
✔ rejects session mismatch before subprocess execution (22.722667ms)
✔ rejects source mismatch before subprocess execution (22.846208ms)
✔ rejects credentials mismatch before subprocess execution (22.03425ms)
✔ rejects initialization mismatch before subprocess execution (23.493709ms)
✔ rejects mode mismatch before subprocess execution (24.216292ms)
✔ rejects session overrides and invalid run/cell values (23.039333ms)
✔ safe setup errors never print malformed credential contents (22.769584ms)
✔ subprocess infrastructure errors suppress partial output (1.779208ms)
✔ rejects command or browser override: kill-all (1.379ms)
✔ rejects command or browser override: close-all (1.385125ms)
✔ rejects command or browser override: attach http://synthetic.invalid (1.357875ms)
✔ rejects command or browser override: open --profile=/synthetic/foreign (1.413583ms)
✔ rejects command or browser override: open --config=/synthetic/foreign (1.165417ms)
✔ rejects command or browser override: open --persistent (1.125833ms)
✔ child environment removes host browser/config/storage and Node overrides (1.731083ms)
✔ rejects implicit local config before subprocess creation (1.831208ms)
✔ rejects implicit global config before subprocess creation (1.760125ms)
✔ supports reviewed interaction and evidence options in the owned session (100.595625ms)
✔ rejects malformed short options while allowing numeric interaction arguments (21.458458ms)
✔ installed config resolver sees an isolated browser with the exact child environment (98.373709ms)
(node:51036) ExperimentalWarning: VM Modules is an experimental feature and might change at any time
(Use `node --trace-warnings ...` to show where the warning was created)
✔ zero exit without normal-return proof cannot mark initialization complete (5.668792ms)
✔ forwarded cancellation cannot mark initialization complete even with exit zero (3.713ms)
✔ initialization rejects stale attempt proof (3.48475ms)
✔ initialization rejects other preparation proof (3.66125ms)
✔ initialization rejects incomplete proof (3.061833ms)
✔ nonzero child exit rejects an otherwise matching completion proof (2.820083ms)
✔ matching normal completion records identity and allows restart without resetting (4.219125ms)
✔ failed initialization remains retryable and an old attempt cannot satisfy retry (3.016875ms)
✔ backend rejects missing initialization before port or spawn (1.871958ms)
✔ backend rejects wrong-preparation initialization before port or spawn (2.181917ms)
✔ backend rejects legacy-exit-only initialization before port or spawn (1.885166ms)
✔ frontend rejects missing initialization before port or spawn (1.759042ms)
✔ frontend rejects wrong-preparation initialization before port or spawn (2.380791ms)
✔ frontend rejects legacy-exit-only initialization before port or spawn (2.34525ms)
✔ incomplete preparation cannot initialize or start (1.988875ms)
✔ another run/cell cannot reuse a bound source root (sqlite-single) (2.0295ms)
✔ another run/cell cannot reuse a bound source root (pg-single) (2.33925ms)
✔ preparation reserves a new source before a helper can fail (2.702459ms)
✔ successful new preparation writes a completed matching record (4.552292ms)
✔ existing profile mode ownership refusal remains before spawn (2.117166ms)
✔ a failed child never creates a success marker (2.471708ms)
✔ existing profile preparation is never overwritten (2.169709ms)
✔ official PG receipt validates exact local ownership without connecting (4.285458ms)
✔ matrix runtime role accepts separated checked provisioning and runtime identities (2.674292ms)
✔ matrix runtime role rejects elevated superuser receipt (3.046541ms)
✔ matrix runtime role rejects elevated bypassrls receipt (3.126041ms)
✔ matrix runtime role rejects elevated inherit receipt (2.293166ms)
✔ matrix runtime role rejects elevated createdb receipt (2.461875ms)
✔ matrix runtime role rejects elevated createrole receipt (2.361458ms)
✔ matrix runtime role rejects elevated replication receipt (2.317208ms)
✔ matrix runtime role rejects legacy administrator receipt (2.151208ms)
✔ matrix runtime role rejects administrator membership and reused provisioning identity (2.661708ms)
✔ matrix runtime role checks live privileges before launching initializer (2.381125ms)
✔ matrix runtime role live probe uses explicit copied python and no passwords in argv (2.512417ms)
✔ matrix runtime live role failure blocks backend before port or process (3.097125ms)
✔ matrix runtime live role failure blocks frontend before port or process (2.588667ms)
✔ bootstrap-admin sqlite uses existing private launch identity and scoped environment (2.947459ms)
✔ bootstrap-admin postgresql uses existing private launch identity and scoped environment (2.807875ms)
✔ bootstrap-admin rejects missing-proof completion (2.741209ms)
✔ bootstrap-admin rejects nonzero completion (2.534334ms)
✔ bootstrap-admin rejects signal completion (3.118208ms)
✔ bootstrap-admin rejects forwarded-interrupt completion (2.782333ms)
✔ bootstrap-admin rejects stale-token completion (3.369167ms)
✔ bootstrap-admin rejects wrong-preparation completion (3.02575ms)
✔ bootstrap-admin rejects wrong-action completion (2.888958ms)
✔ bootstrap-admin rejects incomplete completion (2.68775ms)
✔ bootstrap-admin refuses sqlite single-user cells without spawn (2.77875ms)
✔ bootstrap-admin refuses postgresql single-user cells without spawn (2.469791ms)
✔ bootstrap-admin preserves missing-initialization preflight refusal (2.001166ms)
✔ bootstrap-admin preserves stale-initialization preflight refusal (2.982542ms)
✔ bootstrap-admin preserves changed-source preflight refusal (2.356833ms)
✔ bootstrap-admin preserves preparing preflight refusal (2.463625ms)
✔ bootstrap-admin PG live role refusal occurs before spawn (2.996208ms)
✔ failed bootstrap can retry but its old proof cannot satisfy a new attempt (4.626417ms)
ℹ tests 82
ℹ suites 0
ℹ pass 82
ℹ fail 0
ℹ cancelled 0
ℹ skipped 0
ℹ todo 0
ℹ duration_ms 652.604
