✔ uses recorded session/archive and privately preserves raw command evidence (50.167417ms)
✔ redacts raw, JSON-escaped, URL-encoded, account and JWT values (25.196625ms)
✔ redacts matching PostgreSQL runtime password (26.294334ms)
✔ redacts operator-supplied provider credentials registered before UI entry (26.742375ms)
✔ replaces raw snapshot references with confined redacted text copies (29.112417ms)
✔ does not follow a snapshot symlink outside the owned archive (43.970667ms)
✔ preserves command failure exit code and sanitized diagnostics (26.906917ms)
✔ rejects owner mismatch before subprocess execution (28.278167ms)
✔ rejects session mismatch before subprocess execution (26.937458ms)
✔ rejects source mismatch before subprocess execution (28.021959ms)
✔ rejects credentials mismatch before subprocess execution (26.496459ms)
✔ rejects initialization mismatch before subprocess execution (25.067042ms)
✔ rejects mode mismatch before subprocess execution (24.241666ms)
✔ rejects session overrides and invalid run/cell values (25.309917ms)
✔ safe setup errors never print malformed credential contents (26.055042ms)
✔ subprocess infrastructure errors suppress partial output (1.777125ms)
✔ rejects command or browser override: kill-all (1.252167ms)
✔ rejects command or browser override: close-all (1.049667ms)
✔ rejects command or browser override: attach http://synthetic.invalid (1.139167ms)
✔ rejects command or browser override: open --profile=/synthetic/foreign (1.21625ms)
✔ rejects command or browser override: open --config=/synthetic/foreign (1.15875ms)
✔ rejects command or browser override: open --persistent (1.316ms)
✔ child environment removes host browser/config/storage and Node overrides (1.725084ms)
✔ rejects implicit local config before subprocess creation (1.975166ms)
✔ rejects implicit global config before subprocess creation (2.200666ms)
✔ supports reviewed interaction and evidence options in the owned session (125.9645ms)
✔ rejects malformed short options while allowing numeric interaction arguments (24.878042ms)
✔ installed config resolver sees an isolated browser with the exact child environment (124.894209ms)
(node:51961) ExperimentalWarning: VM Modules is an experimental feature and might change at any time
(Use `node --trace-warnings ...` to show where the warning was created)
✔ zero exit without normal-return proof cannot mark initialization complete (5.103083ms)
✔ forwarded cancellation cannot mark initialization complete even with exit zero (2.818125ms)
✔ initialization rejects stale attempt proof (2.90825ms)
✔ initialization rejects other preparation proof (3.146209ms)
✔ initialization rejects incomplete proof (3.636833ms)
✔ nonzero child exit rejects an otherwise matching completion proof (3.311917ms)
✔ matching normal completion records identity and allows restart without resetting (4.39025ms)
✔ failed initialization remains retryable and an old attempt cannot satisfy retry (4.231542ms)
✔ backend rejects missing initialization before port or spawn (2.141667ms)
✔ backend rejects wrong-preparation initialization before port or spawn (2.254459ms)
✔ backend rejects legacy-exit-only initialization before port or spawn (2.5045ms)
✔ frontend rejects missing initialization before port or spawn (2.07675ms)
✔ frontend rejects wrong-preparation initialization before port or spawn (2.874541ms)
✔ frontend rejects legacy-exit-only initialization before port or spawn (2.478041ms)
✔ incomplete preparation cannot initialize or start (2.341625ms)
✔ another run/cell cannot reuse a bound source root (sqlite-single) (2.70025ms)
✔ another run/cell cannot reuse a bound source root (pg-single) (3.388ms)
✔ preparation reserves a new source before a helper can fail (2.809334ms)
✔ successful new preparation writes a completed matching record (5.168167ms)
✔ existing profile mode ownership refusal remains before spawn (2.57825ms)
✔ a failed child never creates a success marker (2.788958ms)
✔ existing profile preparation is never overwritten (2.255917ms)
✔ official PG receipt validates exact local ownership without connecting (3.472042ms)
✔ matrix runtime role accepts separated checked provisioning and runtime identities (2.228583ms)
✔ matrix runtime role rejects elevated superuser receipt (3.208875ms)
✔ matrix runtime role rejects elevated bypassrls receipt (2.81525ms)
✔ matrix runtime role rejects elevated inherit receipt (2.378792ms)
✔ matrix runtime role rejects elevated createdb receipt (3.037625ms)
✔ matrix runtime role rejects elevated createrole receipt (2.221ms)
✔ matrix runtime role rejects elevated replication receipt (2.519834ms)
✔ matrix runtime role rejects legacy administrator receipt (2.562625ms)
✔ matrix runtime role rejects administrator membership and reused provisioning identity (3.476084ms)
✔ matrix runtime role checks live privileges before launching initializer (2.826458ms)
✔ matrix runtime role live probe uses explicit copied python and no passwords in argv (3.773375ms)
✔ matrix runtime live role failure blocks backend before port or process (3.463958ms)
✔ matrix runtime live role failure blocks frontend before port or process (2.580875ms)
✔ bootstrap-admin sqlite uses existing private launch identity and scoped environment (3.808458ms)
✔ bootstrap-admin postgresql uses existing private launch identity and scoped environment (3.562459ms)
✔ bootstrap-admin rejects missing-proof completion (3.305042ms)
✔ bootstrap-admin rejects nonzero completion (3.049125ms)
✔ bootstrap-admin rejects signal completion (4.660541ms)
✔ bootstrap-admin rejects forwarded-interrupt completion (4.470708ms)
✔ bootstrap-admin rejects stale-token completion (5.220333ms)
✔ bootstrap-admin rejects wrong-preparation completion (4.883333ms)
✔ bootstrap-admin rejects wrong-action completion (4.859916ms)
✔ bootstrap-admin rejects incomplete completion (4.109ms)
✔ bootstrap-admin refuses sqlite single-user cells without spawn (3.990417ms)
✔ bootstrap-admin refuses postgresql single-user cells without spawn (3.682334ms)
✔ bootstrap-admin preserves missing-initialization preflight refusal (3.103959ms)
✔ bootstrap-admin preserves stale-initialization preflight refusal (4.181ms)
✔ bootstrap-admin preserves changed-source preflight refusal (2.883375ms)
✔ bootstrap-admin preserves preparing preflight refusal (3.042875ms)
✔ bootstrap-admin PG live role refusal occurs before spawn (9.88075ms)
✔ failed bootstrap can retry but its old proof cannot satisfy a new attempt (5.261125ms)
(node:51962) ExperimentalWarning: VM Modules is an experimental feature and might change at any time
(Use `node --trace-warnings ...` to show where the warning was created)
✔ original launcher exposes exactly the reusable initialization/environment operations (7.574625ms)
✔ backend upgrades code with original auth/data/ports and untouched origin proofs (10.987209ms)
✔ frontend uses new Next code and owned build but retains the original API/browser origin (9.848542ms)
✔ multi-user upgrade retains original JWT identity and its existing auth/content databases (8.581792ms)
✔ refuses incomplete original preparation before launching or writing upgrade state (6.065333ms)
✔ refuses wrong original profile cell before launching or writing upgrade state (7.10725ms)
✔ refuses missing old initialization before launching or writing upgrade state (7.280667ms)
✔ refuses mismatched old initialization before launching or writing upgrade state (6.2885ms)
✔ refuses old source fingerprint change before launching or writing upgrade state (5.823625ms)
✔ refuses released holder before launching or writing upgrade state (7.189292ms)
✔ refuses foreign holder source before launching or writing upgrade state (6.586125ms)
✔ refuses privileged holder role before launching or writing upgrade state (6.136792ms)
✔ refuses live role probe denial before launching or writing upgrade state (7.410083ms)
✔ refuses missing explicit upgrade policy before launching or writing upgrade state (7.234208ms)
✔ refuses gate belongs to another original profile before launching or writing upgrade state (6.641291ms)
✔ refuses unreleased source before launching or writing upgrade state (7.4465ms)
✔ refuses wrong source manifest cell before launching or writing upgrade state (7.873375ms)
✔ refuses changed new tracked source before launching or writing upgrade state (10.513208ms)
✔ refuses tracked source traversal before launching or writing upgrade state (9.735ms)
✔ refuses new source symlink escape before launching or writing upgrade state (9.275834ms)
✔ refuses changed archive bytes before launching or writing upgrade state (9.185958ms)
✔ refuses origin inspection failure before launching or writing upgrade state (13.833875ms)
✔ refuses archive already bound to a profile before launching or writing upgrade state (11.1195ms)
✔ refuses occupied API port before launching or writing upgrade state (8.733666ms)
✔ existing archive data blocks relocation: Databases/system_ops.json (6.978833ms)
✔ existing archive data blocks relocation: Databases/document_upload_drafts.db (6.805042ms)
✔ existing archive data blocks relocation: Databases/document_upload_drafts.db-wal (6.52375ms)
✔ existing archive data blocks relocation: Databases/document_upload_drafts.db-shm (6.26925ms)
✔ existing archive data blocks relocation: Databases/webscraper (7.004291ms)
✔ existing archive data blocks relocation: Databases/downloads/audio (7.40375ms)
✔ a dangling root-state symlink and nonempty lock are not treated as absent (7.803875ms)
✔ unowned Next build is rejected without adopting or deleting its contents (8.2595ms)
✔ backend and frontend share one immutable upgrade binding with separate attempts (12.917ms)
✔ changed original proof cannot rebind an existing upgrade (8.594792ms)
✔ child failure retains its truthful failure receipt and leaves original initialization alone (8.579417ms)
✔ cancellation forwards only to the owned child and records no readiness claim (8.712875ms)
✔ a child exiting zero after requested cancellation still records the interruption (7.584458ms)
✔ archive-local data through a symlinked parent cannot appear absent (6.010834ms)
✔ asynchronous spawn errors settle once and remove only owned signal listeners (8.857709ms)
✔ spawn error preserves a failed attempt without overwriting the old profile (7.631ms)
✔ action and run inputs reject reset, same-run and traversal before boundaries (5.642583ms)
ℹ tests 123
ℹ suites 0
ℹ pass 123
ℹ fail 0
ℹ cancelled 0
ℹ skipped 0
ℹ todo 0
ℹ duration_ms 772.969792
