(node:53138) ExperimentalWarning: VM Modules is an experimental feature and might change at any time
(Use `node --trace-warnings ...` to show where the warning was created)
✔ original launcher exposes exactly the reusable initialization/environment operations (7.856208ms)
✔ backend upgrades code with original auth/data/ports and untouched origin proofs (11.080917ms)
✔ frontend uses new Next code and owned build but retains the original API/browser origin (9.353625ms)
✔ multi-user upgrade retains original JWT identity and its existing auth/content databases (8.307167ms)
✔ refuses incomplete original preparation before launching or writing upgrade state (6.867916ms)
✔ refuses wrong original profile cell before launching or writing upgrade state (6.003416ms)
✔ refuses missing old initialization before launching or writing upgrade state (5.536458ms)
✔ refuses mismatched old initialization before launching or writing upgrade state (6.50375ms)
✔ refuses old source fingerprint change before launching or writing upgrade state (7.209375ms)
✔ refuses released holder before launching or writing upgrade state (7.218625ms)
✔ refuses foreign holder source before launching or writing upgrade state (7.570542ms)
✔ refuses privileged holder role before launching or writing upgrade state (6.787333ms)
✔ refuses live role probe denial before launching or writing upgrade state (7.286625ms)
✔ refuses missing explicit upgrade policy before launching or writing upgrade state (6.807375ms)
✔ refuses gate belongs to another original profile before launching or writing upgrade state (6.966083ms)
✔ refuses unreleased source before launching or writing upgrade state (7.706584ms)
✔ refuses wrong source manifest cell before launching or writing upgrade state (7.743208ms)
✔ refuses changed new tracked source before launching or writing upgrade state (7.322167ms)
✔ refuses tracked source traversal before launching or writing upgrade state (6.4305ms)
✔ refuses new source symlink escape before launching or writing upgrade state (6.490208ms)
✔ refuses changed archive bytes before launching or writing upgrade state (7.440458ms)
✔ refuses origin inspection failure before launching or writing upgrade state (5.582166ms)
✔ refuses archive already bound to a profile before launching or writing upgrade state (6.623125ms)
✔ refuses occupied API port before launching or writing upgrade state (7.2245ms)
✔ existing archive data blocks relocation: Databases/system_ops.json (6.04375ms)
✔ existing archive data blocks relocation: Databases/document_upload_drafts.db (5.878417ms)
✔ existing archive data blocks relocation: Databases/document_upload_drafts.db-wal (7.065709ms)
✔ existing archive data blocks relocation: Databases/document_upload_drafts.db-shm (6.769417ms)
✔ existing archive data blocks relocation: Databases/webscraper (6.304666ms)
✔ existing archive data blocks relocation: Databases/downloads/audio (7.148458ms)
✔ a dangling root-state symlink and nonempty lock are not treated as absent (6.376666ms)
✔ unowned Next build is rejected without adopting or deleting its contents (7.188333ms)
✔ backend and frontend share one immutable upgrade binding with separate attempts (11.386791ms)
✔ changed original proof cannot rebind an existing upgrade (11.072417ms)
✔ upgrade binding retains the exact controller/helper byte identity (8.270917ms)
✔ child failure retains its truthful failure receipt and leaves original initialization alone (7.603875ms)
✔ cancellation forwards only to the owned child and records no readiness claim (8.287542ms)
✔ a child exiting zero after requested cancellation still records the interruption (8.288833ms)
✔ archive-local data through a symlinked parent cannot appear absent (6.056625ms)
✔ asynchronous spawn errors settle once and remove only owned signal listeners (8.160875ms)
✔ spawn error preserves a failed attempt without overwriting the old profile (8.161792ms)
✔ action and run inputs reject reset, same-run and traversal before boundaries (6.4015ms)
ℹ tests 42
ℹ suites 0
ℹ pass 42
ℹ fail 0
ℹ cancelled 0
ℹ skipped 0
ℹ todo 0
ℹ duration_ms 353.761542
