(node:50660) ExperimentalWarning: VM Modules is an experimental feature and might change at any time
(Use `node --trace-warnings ...` to show where the warning was created)
✔ original launcher exposes exactly the reusable initialization/environment operations (7.219875ms)
✔ backend upgrades code with original auth/data/ports and untouched origin proofs (8.693542ms)
✔ frontend uses new Next code and owned build but retains the original API/browser origin (8.0335ms)
✔ refuses incomplete original preparation before launching or writing upgrade state (5.421ms)
✔ refuses wrong original profile cell before launching or writing upgrade state (6.126833ms)
✔ refuses missing old initialization before launching or writing upgrade state (5.396584ms)
✔ refuses mismatched old initialization before launching or writing upgrade state (4.9175ms)
✔ refuses old source fingerprint change before launching or writing upgrade state (5.159458ms)
✔ refuses released holder before launching or writing upgrade state (5.486708ms)
✔ refuses foreign holder source before launching or writing upgrade state (6.296334ms)
✔ refuses privileged holder role before launching or writing upgrade state (6.078416ms)
✔ refuses live role probe denial before launching or writing upgrade state (6.399125ms)
✔ refuses missing explicit upgrade policy before launching or writing upgrade state (5.8645ms)
✔ refuses gate belongs to another original profile before launching or writing upgrade state (6.20125ms)
✔ refuses unreleased source before launching or writing upgrade state (6.347125ms)
✔ refuses wrong source manifest cell before launching or writing upgrade state (5.915625ms)
✔ refuses changed new tracked source before launching or writing upgrade state (6.143375ms)
✔ refuses tracked source traversal before launching or writing upgrade state (5.838667ms)
✔ refuses new source symlink escape before launching or writing upgrade state (5.539125ms)
✔ refuses changed archive bytes before launching or writing upgrade state (5.289208ms)
✔ refuses origin inspection failure before launching or writing upgrade state (4.933625ms)
✔ refuses archive already bound to a profile before launching or writing upgrade state (5.795958ms)
✔ refuses occupied API port before launching or writing upgrade state (6.338667ms)
✔ existing archive data blocks relocation: Databases/system_ops.json (5.854125ms)
✔ existing archive data blocks relocation: Databases/document_upload_drafts.db (5.276208ms)
✔ existing archive data blocks relocation: Databases/document_upload_drafts.db-wal (5.539625ms)
✔ existing archive data blocks relocation: Databases/document_upload_drafts.db-shm (5.276042ms)
✔ existing archive data blocks relocation: Databases/webscraper (5.088458ms)
✔ existing archive data blocks relocation: Databases/downloads/audio (5.705375ms)
✔ a dangling root-state symlink and nonempty lock are not treated as absent (5.627625ms)
✔ unowned Next build is rejected without adopting or deleting its contents (5.667083ms)
✔ backend and frontend share one immutable upgrade binding with separate attempts (8.266167ms)
✔ changed original proof cannot rebind an existing upgrade (7.995542ms)
✔ child failure retains its truthful failure receipt and leaves original initialization alone (6.386625ms)
✔ cancellation forwards only to the owned child and records no readiness claim (7.618584ms)
✖ a child exiting zero after requested cancellation still records the interruption (8.086958ms)
✖ archive-local data through a symlinked parent cannot appear absent (6.830292ms)
✔ asynchronous spawn errors settle once and remove only owned signal listeners (6.897ms)
✔ spawn error preserves a failed attempt without overwriting the old profile (7.090333ms)
✔ action and run inputs reject reset, same-run and traversal before boundaries (4.704583ms)
ℹ tests 40
ℹ suites 0
ℹ pass 38
ℹ fail 2
ℹ cancelled 0
ℹ skipped 0
ℹ todo 0
ℹ duration_ms 287.32925

✖ failing tests:

test at .tmp/uat-repairs-231-246/native-upgrade-preparation/matrix-upgrade.test.mjs:199:1
✖ a child exiting zero after requested cancellation still records the interruption (8.086958ms)
  AssertionError [ERR_ASSERTION]: Expected values to be strictly equal:
  
  0 !== 1
  
      at TestContext.<anonymous> (file:///Users/macbook-dev/Documents/GitHub/tldw_server2/.tmp/uat-repairs-231-246/native-upgrade-preparation/matrix-upgrade.test.mjs:203:10)
      at async Test.run (node:internal/test_runner/test:1088:7)
      at async Test.processPendingSubtests (node:internal/test_runner/test:763:7) {
    generatedMessage: true,
    code: 'ERR_ASSERTION',
    actual: 0,
    expected: 1,
    operator: 'strictEqual',
    diff: 'simple'
  }

test at .tmp/uat-repairs-231-246/native-upgrade-preparation/matrix-upgrade.test.mjs:206:1
✖ archive-local data through a symlinked parent cannot appear absent (6.830292ms)
  AssertionError [ERR_ASSERTION]: Missing expected rejection.
      at async TestContext.<anonymous> (file:///Users/macbook-dev/Documents/GitHub/tldw_server2/.tmp/uat-repairs-231-246/native-upgrade-preparation/matrix-upgrade.test.mjs:209:3)
      at async Test.run (node:internal/test_runner/test:1088:7)
      at async Test.processPendingSubtests (node:internal/test_runner/test:763:7) {
    generatedMessage: false,
    code: 'ERR_ASSERTION',
    actual: undefined,
    expected: /archive|storage|state/i,
    operator: 'rejects',
    diff: 'simple'
  }
