(node:48660) ExperimentalWarning: VM Modules is an experimental feature and might change at any time
(Use `node --trace-warnings ...` to show where the warning was created)
✖ original launcher exposes exactly the reusable initialization/environment operations (7.434209ms)
✖ backend upgrades code with original auth/data/ports and untouched origin proofs (5.000042ms)
✖ frontend uses new Next code and owned build but retains the original API/browser origin (4.989416ms)
✖ refuses incomplete original preparation before launching or writing upgrade state (5.126ms)
✖ refuses wrong original profile cell before launching or writing upgrade state (5.233625ms)
✖ refuses missing old initialization before launching or writing upgrade state (4.428833ms)
✖ refuses mismatched old initialization before launching or writing upgrade state (5.306792ms)
✖ refuses old source fingerprint change before launching or writing upgrade state (4.621667ms)
✖ refuses released holder before launching or writing upgrade state (4.275125ms)
✖ refuses foreign holder source before launching or writing upgrade state (4.3185ms)
✖ refuses privileged holder role before launching or writing upgrade state (4.508125ms)
✖ refuses live role probe denial before launching or writing upgrade state (4.234625ms)
✖ refuses missing explicit upgrade policy before launching or writing upgrade state (4.704791ms)
✖ refuses gate belongs to another original profile before launching or writing upgrade state (4.367375ms)
✖ refuses unreleased source before launching or writing upgrade state (4.84175ms)
✖ refuses wrong source manifest cell before launching or writing upgrade state (4.195625ms)
✖ refuses changed new tracked source before launching or writing upgrade state (4.154666ms)
✖ refuses tracked source traversal before launching or writing upgrade state (4.1725ms)
✖ refuses new source symlink escape before launching or writing upgrade state (4.98ms)
✖ refuses changed archive bytes before launching or writing upgrade state (4.378584ms)
✖ refuses origin inspection failure before launching or writing upgrade state (4.412625ms)
✖ refuses archive already bound to a profile before launching or writing upgrade state (4.484792ms)
✖ refuses occupied API port before launching or writing upgrade state (4.356542ms)
✖ existing archive data blocks relocation: Databases/system_ops.json (4.829917ms)
✖ existing archive data blocks relocation: Databases/document_upload_drafts.db (4.584084ms)
✖ existing archive data blocks relocation: Databases/document_upload_drafts.db-wal (4.422833ms)
✖ existing archive data blocks relocation: Databases/document_upload_drafts.db-shm (4.272208ms)
✖ existing archive data blocks relocation: Databases/webscraper (4.513792ms)
✖ existing archive data blocks relocation: Databases/downloads/audio (4.743125ms)
✖ a dangling root-state symlink and nonempty lock are not treated as absent (4.832583ms)
✖ unowned Next build is rejected without adopting or deleting its contents (6.012833ms)
✖ backend and frontend share one immutable upgrade binding with separate attempts (4.768042ms)
✖ changed original proof cannot rebind an existing upgrade (4.288042ms)
✖ child failure retains its truthful failure receipt and leaves original initialization alone (4.30175ms)
✖ cancellation forwards only to the owned child and records no readiness claim (5.069167ms)
✖ spawn error preserves a failed attempt without overwriting the old profile (4.555291ms)
✖ action and run inputs reject reset, same-run and traversal before boundaries (4.897375ms)
ℹ tests 37
ℹ suites 0
ℹ pass 0
ℹ fail 37
ℹ cancelled 0
ℹ skipped 0
ℹ todo 0
ℹ duration_ms 215.755959

✖ failing tests:

test at .tmp/uat-repairs-231-246/native-upgrade-preparation/matrix-upgrade.test.mjs:86:1
✖ original launcher exposes exactly the reusable initialization/environment operations (7.434209ms)
  AssertionError [ERR_ASSERTION]: requireInitialized
  + actual - expected
  
  + 'undefined'
  - 'function'
  
      at TestContext.<anonymous> (file:///Users/macbook-dev/Documents/GitHub/tldw_server2/.tmp/uat-repairs-231-246/native-upgrade-preparation/matrix-upgrade.test.mjs:88:82)
      at async Test.run (node:internal/test_runner/test:1088:7)
      at async startSubtestAfterBootstrap (node:internal/test_runner/harness:332:3) {
    generatedMessage: false,
    code: 'ERR_ASSERTION',
    actual: 'undefined',
    expected: 'function',
    operator: 'strictEqual',
    diff: 'simple'
  }

test at .tmp/uat-repairs-231-246/native-upgrade-preparation/matrix-upgrade.test.mjs:91:1
✖ backend upgrades code with original auth/data/ports and untouched origin proofs (5.000042ms)
  AssertionError [ERR_ASSERTION]: Expected values to be strictly equal:
  
  0 !== 1
  
      at TestContext.<anonymous> (file:///Users/macbook-dev/Documents/GitHub/tldw_server2/.tmp/uat-repairs-231-246/native-upgrade-preparation/matrix-upgrade.test.mjs:93:10)
      at async Test.run (node:internal/test_runner/test:1088:7)
      at async Test.processPendingSubtests (node:internal/test_runner/test:763:7) {
    generatedMessage: true,
    code: 'ERR_ASSERTION',
    actual: 0,
    expected: 1,
    operator: 'strictEqual',
    diff: 'simple'
  }

test at .tmp/uat-repairs-231-246/native-upgrade-preparation/matrix-upgrade.test.mjs:111:1
✖ frontend uses new Next code and owned build but retains the original API/browser origin (4.989416ms)
  AssertionError [ERR_ASSERTION]: Expected values to be strictly equal:
  
  0 !== 1
  
      at TestContext.<anonymous> (file:///Users/macbook-dev/Documents/GitHub/tldw_server2/.tmp/uat-repairs-231-246/native-upgrade-preparation/matrix-upgrade.test.mjs:113:35)
      at async Test.run (node:internal/test_runner/test:1088:7)
      at async Test.processPendingSubtests (node:internal/test_runner/test:763:7) {
    generatedMessage: true,
    code: 'ERR_ASSERTION',
    actual: 0,
    expected: 1,
    operator: 'strictEqual',
    diff: 'simple'
  }

test at .tmp/uat-repairs-231-246/native-upgrade-preparation/matrix-upgrade.test.mjs:148:40
✖ refuses incomplete original preparation before launching or writing upgrade state (5.126ms)
  AssertionError [ERR_ASSERTION]: Missing expected rejection.
      at async TestContext.<anonymous> (file:///Users/macbook-dev/Documents/GitHub/tldw_server2/.tmp/uat-repairs-231-246/native-upgrade-preparation/matrix-upgrade.test.mjs:150:3)
      at async Test.run (node:internal/test_runner/test:1088:7)
      at async Test.processPendingSubtests (node:internal/test_runner/test:763:7) {
    generatedMessage: false,
    code: 'ERR_ASSERTION',
    actual: undefined,
    expected: undefined,
    operator: 'rejects',
    diff: 'simple'
  }

test at .tmp/uat-repairs-231-246/native-upgrade-preparation/matrix-upgrade.test.mjs:148:40
✖ refuses wrong original profile cell before launching or writing upgrade state (5.233625ms)
  AssertionError [ERR_ASSERTION]: Missing expected rejection.
      at async TestContext.<anonymous> (file:///Users/macbook-dev/Documents/GitHub/tldw_server2/.tmp/uat-repairs-231-246/native-upgrade-preparation/matrix-upgrade.test.mjs:150:3)
      at async Test.run (node:internal/test_runner/test:1088:7)
      at async Test.processPendingSubtests (node:internal/test_runner/test:763:7) {
    generatedMessage: false,
    code: 'ERR_ASSERTION',
    actual: undefined,
    expected: undefined,
    operator: 'rejects',
    diff: 'simple'
  }

test at .tmp/uat-repairs-231-246/native-upgrade-preparation/matrix-upgrade.test.mjs:148:40
✖ refuses missing old initialization before launching or writing upgrade state (4.428833ms)
  AssertionError [ERR_ASSERTION]: Missing expected rejection.
      at async TestContext.<anonymous> (file:///Users/macbook-dev/Documents/GitHub/tldw_server2/.tmp/uat-repairs-231-246/native-upgrade-preparation/matrix-upgrade.test.mjs:150:3)
      at async Test.run (node:internal/test_runner/test:1088:7)
      at async Test.processPendingSubtests (node:internal/test_runner/test:763:7) {
    generatedMessage: false,
    code: 'ERR_ASSERTION',
    actual: undefined,
    expected: undefined,
    operator: 'rejects',
    diff: 'simple'
  }

test at .tmp/uat-repairs-231-246/native-upgrade-preparation/matrix-upgrade.test.mjs:148:40
✖ refuses mismatched old initialization before launching or writing upgrade state (5.306792ms)
  AssertionError [ERR_ASSERTION]: Missing expected rejection.
      at async TestContext.<anonymous> (file:///Users/macbook-dev/Documents/GitHub/tldw_server2/.tmp/uat-repairs-231-246/native-upgrade-preparation/matrix-upgrade.test.mjs:150:3)
      at async Test.run (node:internal/test_runner/test:1088:7)
      at async Test.processPendingSubtests (node:internal/test_runner/test:763:7) {
    generatedMessage: false,
    code: 'ERR_ASSERTION',
    actual: undefined,
    expected: undefined,
    operator: 'rejects',
    diff: 'simple'
  }

test at .tmp/uat-repairs-231-246/native-upgrade-preparation/matrix-upgrade.test.mjs:148:40
✖ refuses old source fingerprint change before launching or writing upgrade state (4.621667ms)
  AssertionError [ERR_ASSERTION]: Missing expected rejection.
      at async TestContext.<anonymous> (file:///Users/macbook-dev/Documents/GitHub/tldw_server2/.tmp/uat-repairs-231-246/native-upgrade-preparation/matrix-upgrade.test.mjs:150:3)
      at async Test.run (node:internal/test_runner/test:1088:7)
      at async Test.processPendingSubtests (node:internal/test_runner/test:763:7) {
    generatedMessage: false,
    code: 'ERR_ASSERTION',
    actual: undefined,
    expected: undefined,
    operator: 'rejects',
    diff: 'simple'
  }

test at .tmp/uat-repairs-231-246/native-upgrade-preparation/matrix-upgrade.test.mjs:148:40
✖ refuses released holder before launching or writing upgrade state (4.275125ms)
  AssertionError [ERR_ASSERTION]: Missing expected rejection.
      at async TestContext.<anonymous> (file:///Users/macbook-dev/Documents/GitHub/tldw_server2/.tmp/uat-repairs-231-246/native-upgrade-preparation/matrix-upgrade.test.mjs:150:3)
      at async Test.run (node:internal/test_runner/test:1088:7)
      at async Test.processPendingSubtests (node:internal/test_runner/test:763:7) {
    generatedMessage: false,
    code: 'ERR_ASSERTION',
    actual: undefined,
    expected: undefined,
    operator: 'rejects',
    diff: 'simple'
  }

test at .tmp/uat-repairs-231-246/native-upgrade-preparation/matrix-upgrade.test.mjs:148:40
✖ refuses foreign holder source before launching or writing upgrade state (4.3185ms)
  AssertionError [ERR_ASSERTION]: Missing expected rejection.
      at async TestContext.<anonymous> (file:///Users/macbook-dev/Documents/GitHub/tldw_server2/.tmp/uat-repairs-231-246/native-upgrade-preparation/matrix-upgrade.test.mjs:150:3)
      at async Test.run (node:internal/test_runner/test:1088:7)
      at async Test.processPendingSubtests (node:internal/test_runner/test:763:7) {
    generatedMessage: false,
    code: 'ERR_ASSERTION',
    actual: undefined,
    expected: undefined,
    operator: 'rejects',
    diff: 'simple'
  }

test at .tmp/uat-repairs-231-246/native-upgrade-preparation/matrix-upgrade.test.mjs:148:40
✖ refuses privileged holder role before launching or writing upgrade state (4.508125ms)
  AssertionError [ERR_ASSERTION]: Missing expected rejection.
      at async TestContext.<anonymous> (file:///Users/macbook-dev/Documents/GitHub/tldw_server2/.tmp/uat-repairs-231-246/native-upgrade-preparation/matrix-upgrade.test.mjs:150:3)
      at async Test.run (node:internal/test_runner/test:1088:7)
      at async Test.processPendingSubtests (node:internal/test_runner/test:763:7) {
    generatedMessage: false,
    code: 'ERR_ASSERTION',
    actual: undefined,
    expected: undefined,
    operator: 'rejects',
    diff: 'simple'
  }

test at .tmp/uat-repairs-231-246/native-upgrade-preparation/matrix-upgrade.test.mjs:148:40
✖ refuses live role probe denial before launching or writing upgrade state (4.234625ms)
  AssertionError [ERR_ASSERTION]: Missing expected rejection.
      at async TestContext.<anonymous> (file:///Users/macbook-dev/Documents/GitHub/tldw_server2/.tmp/uat-repairs-231-246/native-upgrade-preparation/matrix-upgrade.test.mjs:150:3)
      at async Test.run (node:internal/test_runner/test:1088:7)
      at async Test.processPendingSubtests (node:internal/test_runner/test:763:7) {
    generatedMessage: false,
    code: 'ERR_ASSERTION',
    actual: undefined,
    expected: undefined,
    operator: 'rejects',
    diff: 'simple'
  }

test at .tmp/uat-repairs-231-246/native-upgrade-preparation/matrix-upgrade.test.mjs:148:40
✖ refuses missing explicit upgrade policy before launching or writing upgrade state (4.704791ms)
  AssertionError [ERR_ASSERTION]: Missing expected rejection.
      at async TestContext.<anonymous> (file:///Users/macbook-dev/Documents/GitHub/tldw_server2/.tmp/uat-repairs-231-246/native-upgrade-preparation/matrix-upgrade.test.mjs:150:3)
      at async Test.run (node:internal/test_runner/test:1088:7)
      at async Test.processPendingSubtests (node:internal/test_runner/test:763:7) {
    generatedMessage: false,
    code: 'ERR_ASSERTION',
    actual: undefined,
    expected: undefined,
    operator: 'rejects',
    diff: 'simple'
  }

test at .tmp/uat-repairs-231-246/native-upgrade-preparation/matrix-upgrade.test.mjs:148:40
✖ refuses gate belongs to another original profile before launching or writing upgrade state (4.367375ms)
  AssertionError [ERR_ASSERTION]: Missing expected rejection.
      at async TestContext.<anonymous> (file:///Users/macbook-dev/Documents/GitHub/tldw_server2/.tmp/uat-repairs-231-246/native-upgrade-preparation/matrix-upgrade.test.mjs:150:3)
      at async Test.run (node:internal/test_runner/test:1088:7)
      at async Test.processPendingSubtests (node:internal/test_runner/test:763:7) {
    generatedMessage: false,
    code: 'ERR_ASSERTION',
    actual: undefined,
    expected: undefined,
    operator: 'rejects',
    diff: 'simple'
  }

test at .tmp/uat-repairs-231-246/native-upgrade-preparation/matrix-upgrade.test.mjs:148:40
✖ refuses unreleased source before launching or writing upgrade state (4.84175ms)
  AssertionError [ERR_ASSERTION]: Missing expected rejection.
      at async TestContext.<anonymous> (file:///Users/macbook-dev/Documents/GitHub/tldw_server2/.tmp/uat-repairs-231-246/native-upgrade-preparation/matrix-upgrade.test.mjs:150:3)
      at async Test.run (node:internal/test_runner/test:1088:7)
      at async Test.processPendingSubtests (node:internal/test_runner/test:763:7) {
    generatedMessage: false,
    code: 'ERR_ASSERTION',
    actual: undefined,
    expected: undefined,
    operator: 'rejects',
    diff: 'simple'
  }

test at .tmp/uat-repairs-231-246/native-upgrade-preparation/matrix-upgrade.test.mjs:148:40
✖ refuses wrong source manifest cell before launching or writing upgrade state (4.195625ms)
  AssertionError [ERR_ASSERTION]: Missing expected rejection.
      at async TestContext.<anonymous> (file:///Users/macbook-dev/Documents/GitHub/tldw_server2/.tmp/uat-repairs-231-246/native-upgrade-preparation/matrix-upgrade.test.mjs:150:3)
      at async Test.run (node:internal/test_runner/test:1088:7)
      at async Test.processPendingSubtests (node:internal/test_runner/test:763:7) {
    generatedMessage: false,
    code: 'ERR_ASSERTION',
    actual: undefined,
    expected: undefined,
    operator: 'rejects',
    diff: 'simple'
  }

test at .tmp/uat-repairs-231-246/native-upgrade-preparation/matrix-upgrade.test.mjs:148:40
✖ refuses changed new tracked source before launching or writing upgrade state (4.154666ms)
  AssertionError [ERR_ASSERTION]: Missing expected rejection.
      at async TestContext.<anonymous> (file:///Users/macbook-dev/Documents/GitHub/tldw_server2/.tmp/uat-repairs-231-246/native-upgrade-preparation/matrix-upgrade.test.mjs:150:3)
      at async Test.run (node:internal/test_runner/test:1088:7)
      at async Test.processPendingSubtests (node:internal/test_runner/test:763:7) {
    generatedMessage: false,
    code: 'ERR_ASSERTION',
    actual: undefined,
    expected: undefined,
    operator: 'rejects',
    diff: 'simple'
  }

test at .tmp/uat-repairs-231-246/native-upgrade-preparation/matrix-upgrade.test.mjs:148:40
✖ refuses tracked source traversal before launching or writing upgrade state (4.1725ms)
  AssertionError [ERR_ASSERTION]: Missing expected rejection.
      at async TestContext.<anonymous> (file:///Users/macbook-dev/Documents/GitHub/tldw_server2/.tmp/uat-repairs-231-246/native-upgrade-preparation/matrix-upgrade.test.mjs:150:3)
      at async Test.run (node:internal/test_runner/test:1088:7)
      at async Test.processPendingSubtests (node:internal/test_runner/test:763:7) {
    generatedMessage: false,
    code: 'ERR_ASSERTION',
    actual: undefined,
    expected: undefined,
    operator: 'rejects',
    diff: 'simple'
  }

test at .tmp/uat-repairs-231-246/native-upgrade-preparation/matrix-upgrade.test.mjs:148:40
✖ refuses new source symlink escape before launching or writing upgrade state (4.98ms)
  AssertionError [ERR_ASSERTION]: Missing expected rejection.
      at async TestContext.<anonymous> (file:///Users/macbook-dev/Documents/GitHub/tldw_server2/.tmp/uat-repairs-231-246/native-upgrade-preparation/matrix-upgrade.test.mjs:150:3)
      at async Test.run (node:internal/test_runner/test:1088:7)
      at async Test.processPendingSubtests (node:internal/test_runner/test:763:7) {
    generatedMessage: false,
    code: 'ERR_ASSERTION',
    actual: undefined,
    expected: undefined,
    operator: 'rejects',
    diff: 'simple'
  }

test at .tmp/uat-repairs-231-246/native-upgrade-preparation/matrix-upgrade.test.mjs:148:40
✖ refuses changed archive bytes before launching or writing upgrade state (4.378584ms)
  AssertionError [ERR_ASSERTION]: Missing expected rejection.
      at async TestContext.<anonymous> (file:///Users/macbook-dev/Documents/GitHub/tldw_server2/.tmp/uat-repairs-231-246/native-upgrade-preparation/matrix-upgrade.test.mjs:150:3)
      at async Test.run (node:internal/test_runner/test:1088:7)
      at async Test.processPendingSubtests (node:internal/test_runner/test:763:7) {
    generatedMessage: false,
    code: 'ERR_ASSERTION',
    actual: undefined,
    expected: undefined,
    operator: 'rejects',
    diff: 'simple'
  }

test at .tmp/uat-repairs-231-246/native-upgrade-preparation/matrix-upgrade.test.mjs:148:40
✖ refuses origin inspection failure before launching or writing upgrade state (4.412625ms)
  AssertionError [ERR_ASSERTION]: Missing expected rejection.
      at async TestContext.<anonymous> (file:///Users/macbook-dev/Documents/GitHub/tldw_server2/.tmp/uat-repairs-231-246/native-upgrade-preparation/matrix-upgrade.test.mjs:150:3)
      at async Test.run (node:internal/test_runner/test:1088:7)
      at async Test.processPendingSubtests (node:internal/test_runner/test:763:7) {
    generatedMessage: false,
    code: 'ERR_ASSERTION',
    actual: undefined,
    expected: undefined,
    operator: 'rejects',
    diff: 'simple'
  }

test at .tmp/uat-repairs-231-246/native-upgrade-preparation/matrix-upgrade.test.mjs:148:40
✖ refuses archive already bound to a profile before launching or writing upgrade state (4.484792ms)
  AssertionError [ERR_ASSERTION]: Missing expected rejection.
      at async TestContext.<anonymous> (file:///Users/macbook-dev/Documents/GitHub/tldw_server2/.tmp/uat-repairs-231-246/native-upgrade-preparation/matrix-upgrade.test.mjs:150:3)
      at async Test.run (node:internal/test_runner/test:1088:7)
      at async Test.processPendingSubtests (node:internal/test_runner/test:763:7) {
    generatedMessage: false,
    code: 'ERR_ASSERTION',
    actual: undefined,
    expected: undefined,
    operator: 'rejects',
    diff: 'simple'
  }

test at .tmp/uat-repairs-231-246/native-upgrade-preparation/matrix-upgrade.test.mjs:148:40
✖ refuses occupied API port before launching or writing upgrade state (4.356542ms)
  AssertionError [ERR_ASSERTION]: Missing expected rejection.
      at async TestContext.<anonymous> (file:///Users/macbook-dev/Documents/GitHub/tldw_server2/.tmp/uat-repairs-231-246/native-upgrade-preparation/matrix-upgrade.test.mjs:150:3)
      at async Test.run (node:internal/test_runner/test:1088:7)
      at async Test.processPendingSubtests (node:internal/test_runner/test:763:7) {
    generatedMessage: false,
    code: 'ERR_ASSERTION',
    actual: undefined,
    expected: undefined,
    operator: 'rejects',
    diff: 'simple'
  }

test at .tmp/uat-repairs-231-246/native-upgrade-preparation/matrix-upgrade.test.mjs:153:228
✖ existing archive data blocks relocation: Databases/system_ops.json (4.829917ms)
  AssertionError [ERR_ASSERTION]: Missing expected rejection.
      at async TestContext.<anonymous> (file:///Users/macbook-dev/Documents/GitHub/tldw_server2/.tmp/uat-repairs-231-246/native-upgrade-preparation/matrix-upgrade.test.mjs:155:3)
      at async Test.run (node:internal/test_runner/test:1088:7)
      at async Test.processPendingSubtests (node:internal/test_runner/test:763:7) {
    generatedMessage: false,
    code: 'ERR_ASSERTION',
    actual: undefined,
    expected: /archive|storage|state/i,
    operator: 'rejects',
    diff: 'simple'
  }

test at .tmp/uat-repairs-231-246/native-upgrade-preparation/matrix-upgrade.test.mjs:153:228
✖ existing archive data blocks relocation: Databases/document_upload_drafts.db (4.584084ms)
  AssertionError [ERR_ASSERTION]: Missing expected rejection.
      at async TestContext.<anonymous> (file:///Users/macbook-dev/Documents/GitHub/tldw_server2/.tmp/uat-repairs-231-246/native-upgrade-preparation/matrix-upgrade.test.mjs:155:3)
      at async Test.run (node:internal/test_runner/test:1088:7)
      at async Test.processPendingSubtests (node:internal/test_runner/test:763:7) {
    generatedMessage: false,
    code: 'ERR_ASSERTION',
    actual: undefined,
    expected: /archive|storage|state/i,
    operator: 'rejects',
    diff: 'simple'
  }

test at .tmp/uat-repairs-231-246/native-upgrade-preparation/matrix-upgrade.test.mjs:153:228
✖ existing archive data blocks relocation: Databases/document_upload_drafts.db-wal (4.422833ms)
  AssertionError [ERR_ASSERTION]: Missing expected rejection.
      at async TestContext.<anonymous> (file:///Users/macbook-dev/Documents/GitHub/tldw_server2/.tmp/uat-repairs-231-246/native-upgrade-preparation/matrix-upgrade.test.mjs:155:3)
      at async Test.run (node:internal/test_runner/test:1088:7)
      at async Test.processPendingSubtests (node:internal/test_runner/test:763:7) {
    generatedMessage: false,
    code: 'ERR_ASSERTION',
    actual: undefined,
    expected: /archive|storage|state/i,
    operator: 'rejects',
    diff: 'simple'
  }

test at .tmp/uat-repairs-231-246/native-upgrade-preparation/matrix-upgrade.test.mjs:153:228
✖ existing archive data blocks relocation: Databases/document_upload_drafts.db-shm (4.272208ms)
  AssertionError [ERR_ASSERTION]: Missing expected rejection.
      at async TestContext.<anonymous> (file:///Users/macbook-dev/Documents/GitHub/tldw_server2/.tmp/uat-repairs-231-246/native-upgrade-preparation/matrix-upgrade.test.mjs:155:3)
      at async Test.run (node:internal/test_runner/test:1088:7)
      at async Test.processPendingSubtests (node:internal/test_runner/test:763:7) {
    generatedMessage: false,
    code: 'ERR_ASSERTION',
    actual: undefined,
    expected: /archive|storage|state/i,
    operator: 'rejects',
    diff: 'simple'
  }

test at .tmp/uat-repairs-231-246/native-upgrade-preparation/matrix-upgrade.test.mjs:153:228
✖ existing archive data blocks relocation: Databases/webscraper (4.513792ms)
  AssertionError [ERR_ASSERTION]: Missing expected rejection.
      at async TestContext.<anonymous> (file:///Users/macbook-dev/Documents/GitHub/tldw_server2/.tmp/uat-repairs-231-246/native-upgrade-preparation/matrix-upgrade.test.mjs:155:3)
      at async Test.run (node:internal/test_runner/test:1088:7)
      at async Test.processPendingSubtests (node:internal/test_runner/test:763:7) {
    generatedMessage: false,
    code: 'ERR_ASSERTION',
    actual: undefined,
    expected: /archive|storage|state/i,
    operator: 'rejects',
    diff: 'simple'
  }

test at .tmp/uat-repairs-231-246/native-upgrade-preparation/matrix-upgrade.test.mjs:153:228
✖ existing archive data blocks relocation: Databases/downloads/audio (4.743125ms)
  AssertionError [ERR_ASSERTION]: Missing expected rejection.
      at async TestContext.<anonymous> (file:///Users/macbook-dev/Documents/GitHub/tldw_server2/.tmp/uat-repairs-231-246/native-upgrade-preparation/matrix-upgrade.test.mjs:155:3)
      at async Test.run (node:internal/test_runner/test:1088:7)
      at async Test.processPendingSubtests (node:internal/test_runner/test:763:7) {
    generatedMessage: false,
    code: 'ERR_ASSERTION',
    actual: undefined,
    expected: /archive|storage|state/i,
    operator: 'rejects',
    diff: 'simple'
  }

test at .tmp/uat-repairs-231-246/native-upgrade-preparation/matrix-upgrade.test.mjs:158:1
✖ a dangling root-state symlink and nonempty lock are not treated as absent (4.832583ms)
  AssertionError [ERR_ASSERTION]: Missing expected rejection.
      at async TestContext.<anonymous> (file:///Users/macbook-dev/Documents/GitHub/tldw_server2/.tmp/uat-repairs-231-246/native-upgrade-preparation/matrix-upgrade.test.mjs:160:3)
      at async Test.run (node:internal/test_runner/test:1088:7)
      at async Test.processPendingSubtests (node:internal/test_runner/test:763:7) {
    generatedMessage: false,
    code: 'ERR_ASSERTION',
    actual: undefined,
    expected: undefined,
    operator: 'rejects',
    diff: 'simple'
  }

test at .tmp/uat-repairs-231-246/native-upgrade-preparation/matrix-upgrade.test.mjs:164:1
✖ unowned Next build is rejected without adopting or deleting its contents (6.012833ms)
  AssertionError [ERR_ASSERTION]: Missing expected rejection.
      at async TestContext.<anonymous> (file:///Users/macbook-dev/Documents/GitHub/tldw_server2/.tmp/uat-repairs-231-246/native-upgrade-preparation/matrix-upgrade.test.mjs:166:3)
      at async Test.run (node:internal/test_runner/test:1088:7)
      at async Test.processPendingSubtests (node:internal/test_runner/test:763:7) {
    generatedMessage: false,
    code: 'ERR_ASSERTION',
    actual: undefined,
    expected: undefined,
    operator: 'rejects',
    diff: 'simple'
  }

test at .tmp/uat-repairs-231-246/native-upgrade-preparation/matrix-upgrade.test.mjs:169:1
✖ backend and frontend share one immutable upgrade binding with separate attempts (4.768042ms)
  TypeError [Error]: Cannot read properties of undefined (reading 'child')
      at Object.finish (file:///Users/macbook-dev/Documents/GitHub/tldw_server2/.tmp/uat-repairs-231-246/native-upgrade-preparation/matrix-upgrade.test.mjs:81:65)
      at TestContext.<anonymous> (file:///Users/macbook-dev/Documents/GitHub/tldw_server2/.tmp/uat-repairs-231-246/native-upgrade-preparation/matrix-upgrade.test.mjs:170:48)
      at async Test.run (node:internal/test_runner/test:1088:7)
      at async Test.processPendingSubtests (node:internal/test_runner/test:763:7)

test at .tmp/uat-repairs-231-246/native-upgrade-preparation/matrix-upgrade.test.mjs:179:1
✖ changed original proof cannot rebind an existing upgrade (4.288042ms)
  TypeError [Error]: Cannot read properties of undefined (reading 'child')
      at Object.finish (file:///Users/macbook-dev/Documents/GitHub/tldw_server2/.tmp/uat-repairs-231-246/native-upgrade-preparation/matrix-upgrade.test.mjs:81:65)
      at TestContext.<anonymous> (file:///Users/macbook-dev/Documents/GitHub/tldw_server2/.tmp/uat-repairs-231-246/native-upgrade-preparation/matrix-upgrade.test.mjs:180:48)
      at async Test.run (node:internal/test_runner/test:1088:7)
      at async Test.processPendingSubtests (node:internal/test_runner/test:763:7)

test at .tmp/uat-repairs-231-246/native-upgrade-preparation/matrix-upgrade.test.mjs:185:1
✖ child failure retains its truthful failure receipt and leaves original initialization alone (4.30175ms)
  TypeError [Error]: Cannot read properties of undefined (reading 'child')
      at Object.finish (file:///Users/macbook-dev/Documents/GitHub/tldw_server2/.tmp/uat-repairs-231-246/native-upgrade-preparation/matrix-upgrade.test.mjs:81:65)
      at TestContext.<anonymous> (file:///Users/macbook-dev/Documents/GitHub/tldw_server2/.tmp/uat-repairs-231-246/native-upgrade-preparation/matrix-upgrade.test.mjs:186:48)
      at async Test.run (node:internal/test_runner/test:1088:7)
      at async Test.processPendingSubtests (node:internal/test_runner/test:763:7)

test at .tmp/uat-repairs-231-246/native-upgrade-preparation/matrix-upgrade.test.mjs:192:1
✖ cancellation forwards only to the owned child and records no readiness claim (5.069167ms)
  TypeError [Error]: Cannot read properties of undefined (reading 'child')
      at Object.finish (file:///Users/macbook-dev/Documents/GitHub/tldw_server2/.tmp/uat-repairs-231-246/native-upgrade-preparation/matrix-upgrade.test.mjs:81:65)
      at TestContext.<anonymous> (file:///Users/macbook-dev/Documents/GitHub/tldw_server2/.tmp/uat-repairs-231-246/native-upgrade-preparation/matrix-upgrade.test.mjs:193:79)
      at async Test.run (node:internal/test_runner/test:1088:7)
      at async Test.processPendingSubtests (node:internal/test_runner/test:763:7)

test at .tmp/uat-repairs-231-246/native-upgrade-preparation/matrix-upgrade.test.mjs:199:1
✖ spawn error preserves a failed attempt without overwriting the old profile (4.555291ms)
  AssertionError [ERR_ASSERTION]: Missing expected rejection.
      at async TestContext.<anonymous> (file:///Users/macbook-dev/Documents/GitHub/tldw_server2/.tmp/uat-repairs-231-246/native-upgrade-preparation/matrix-upgrade.test.mjs:201:3)
      at async Test.run (node:internal/test_runner/test:1088:7)
      at async Test.processPendingSubtests (node:internal/test_runner/test:763:7) {
    generatedMessage: false,
    code: 'ERR_ASSERTION',
    actual: undefined,
    expected: undefined,
    operator: 'rejects',
    diff: 'simple'
  }

test at .tmp/uat-repairs-231-246/native-upgrade-preparation/matrix-upgrade.test.mjs:207:1
✖ action and run inputs reject reset, same-run and traversal before boundaries (4.897375ms)
  AssertionError [ERR_ASSERTION]: Missing expected rejection.
      at async TestContext.<anonymous> (file:///Users/macbook-dev/Documents/GitHub/tldw_server2/.tmp/uat-repairs-231-246/native-upgrade-preparation/matrix-upgrade.test.mjs:209:177)
      at async Test.run (node:internal/test_runner/test:1088:7)
      at async Test.processPendingSubtests (node:internal/test_runner/test:763:7) {
    generatedMessage: false,
    code: 'ERR_ASSERTION',
    actual: undefined,
    expected: undefined,
    operator: 'rejects',
    diff: 'simple'
  }
