============================= test session starts ==============================
platform darwin -- Python 3.11.13, pytest-8.4.1, pluggy-1.6.0
benchmark: 5.2.3 (defaults: timer=time.perf_counter disable_gc=False min_rounds=5 min_time=0.000005 max_time=1.0 calibration_precision=10 warmup=False warmup_iterations=100000)
Using --randomly-seed=452572754
rootdir: /Users/macbook-dev/Documents/GitHub/tldw_server2
configfile: pyproject.toml
plugins: anyio-4.12.1, benchmark-5.2.3, locust-2.43.3, asyncio-1.1.0, xdist-3.8.0, split-0.11.0, timeout-2.4.0, randomly-4.1.0, hypothesis-6.138.2, cov-6.2.1, mock-3.14.1
asyncio: mode=Mode.AUTO, asyncio_default_fixture_loop_scope=function, asyncio_default_test_loop_scope=function
timeout: 300.0s
timeout method: thread
timeout func_only: False
collected 4 items

tldw_Server_API/tests/Chat/test_chacha_notes_db_deps_postgres_health.py F [ 25%]
FFF                                                                      [100%]2026-09-16 09:48:35.496 | INFO     | trace= span= tp= req= job= ps=: | tldw_Server_API.app.core.config:_buffered_log:210 - Determined ACTUAL_PROJECT_ROOT for database paths: /Users/macbook-dev/Documents/GitHub/tldw_server2
2026-09-16 09:48:35.497 | INFO     | trace= span= tp= req= job= ps=: | tldw_Server_API.app.core.config:_buffered_log:210 - Early loading environment variables from: /Users/macbook-dev/Documents/GitHub/tldw_server2/tldw_Server_API/Config_Files/.env
2026-09-16 09:48:35.502 | INFO     | trace= span= tp= req= job= ps=: | tldw_Server_API.app.core.config:_buffered_log:210 - Early loading environment variables from: /Users/macbook-dev/Documents/GitHub/tldw_server2/tldw_Server_API/Config_Files/.ENV
2026-09-16 09:48:35.507 | INFO     | trace= span= tp= req= job= ps=: | tldw_Server_API.app.core.config:_buffered_log:210 - Loading environment variables from: /Users/macbook-dev/Documents/GitHub/tldw_server2/tldw_Server_API/Config_Files/.env
2026-09-16 09:48:35.512 | INFO     | trace= span= tp= req= job= ps=: | tldw_Server_API.app.core.config:_buffered_log:210 - Loading environment variables from: /Users/macbook-dev/Documents/GitHub/tldw_server2/tldw_Server_API/Config_Files/.ENV
2026-09-16 09:48:35.518 | INFO     | trace= span= tp= req= job= ps=: | tldw_Server_API.app.core.config:_buffered_log:210 - Attempting to load comprehensive config from: /Users/macbook-dev/Documents/GitHub/tldw_server2/tldw_Server_API/Config_Files/config.txt
2026-09-16 09:48:35.520 | INFO     | trace= span= tp= req= job= ps=: | tldw_Server_API.app.core.config:_buffered_log:210 - load_comprehensive_config(): Sections found in config: ['Setup', 'UI', 'Server', 'Files', 'Image-Generation', 'ACP', 'WORKSPACES', 'ACP-WORKSPACE', 'ACP-SANDBOX', 'Audit', 'Processing', 'Media-Processing', 'Chat-Dictionaries', 'Chat-Module', 'Chat-Commands', 'Chat-Templating', 'Character-Chat', 'Settings', 'Auto-Save', 'Prompts', 'Database', 'Chunking', 'Visual-RAG', 'AuthNZ', 'Streaming', 'HTTP', 'Egress', 'Embeddings', 'Claims', 'ClaimsMonitoring', 'RAG', 'Search-Agent', 'ResourceGovernor', 'Jobs', 'SlidesStandaloneHtml', 'Diarization', 'API', 'MLX', 'Local-API', 'LlamaCpp', 'STT-Settings', 'external_providers', 'TTS-Settings', 'VibeVoice', 'Audio-Quota', 'API-Routes', 'Search-Engines', 'Web-Scraper', 'Logging', 'Moderation', 'Redis', 'Web-Scraping', 'personalization', 'persona', 'persona.rbac']
2026-09-16 09:48:35.522 | INFO     | trace= span= tp= req= job= ps=: | tldw_Server_API.app.core.config:_buffered_log:210 - Ensured main SQLite database directory exists: /Users/macbook-dev/Documents/GitHub/tldw_server2/Databases
2026-09-16 09:48:35.522 | INFO     | trace= span= tp= req= job= ps=: | tldw_Server_API.app.core.config:_buffered_log:210 - Ensured user data base directory exists: Databases/user_databases
2026-09-16 09:48:35.522 | INFO     | trace= span= tp= req= job= ps=: | tldw_Server_API.app.api.v1.API_Deps.Audit_DB_Deps:shutdown_all_audit_services:1034 - Shutting down audit services for 0 instances...
2026-09-16 09:48:35.522 | INFO     | trace= span= tp= req= job= ps=: | tldw_Server_API.app.api.v1.API_Deps.Audit_DB_Deps:shutdown_all_audit_services:1091 - All audit services shut down successfully.
2026-09-16 09:48:35.537 | WARNING  | trace= span= tp= req= job= ps=: | tldw_Server_API.app.core.AuthNZ.settings:_validate_api_key:1013 - SINGLE_USER_API_KEY uses a legacy format; generate a new server-generated key for improved security.
2026-09-16 09:48:35.537 | INFO     | trace= span= tp= req= job= ps=: | tldw_Server_API.app.core.AuthNZ.settings:get_settings:1588 - Settings initialized - Auth mode: single_user, profile=local-single-user
2026-09-16 09:48:35.537 | INFO     | trace= span= tp= req= job= ps=: | tldw_Server_API.app.core.AuthNZ.db_config:_detect_backend:83 - Detected database backend: sqlite
2026-09-16 09:48:35.539 | WARNING  | trace= span= tp= req= job= ps=: | tldw_Server_API.app.core.DB_Management.db_path_utils:resolve_user_db_base_dir:491 - USER_DB_BASE_DIR not configured in tests, using isolated fallback: /private/var/folders/sn/m80n2j152t9gw3w8qwk2nykh0000gn/T/tldw_user_databases_test/default-98d8fb3e
2026-09-16 09:48:35.540 | INFO     | trace= span= tp= req= job= ps=: | tldw_Server_API.app.core.DB_Management.Workflows_Scheduler_DB:__init__:210 - WorkflowsSchedulerDB using SQLite path: /private/var/folders/sn/m80n2j152t9gw3w8qwk2nykh0000gn/T/tldw_user_databases_test/default-98d8fb3e/1/workflows/workflows_scheduler.db
2026-09-16 09:48:35.541 | INFO     | trace= span= tp= req= job= ps=: | tldw_Server_API.app.services.workflows_scheduler:stop:183 - Workflows recurring scheduler stopped
2026-09-16 09:48:35.541 | INFO     | trace= span= tp= req= job= ps=: | tldw_Server_API.app.api.v1.API_Deps.ChaCha_Notes_DB_Deps:close_all_chacha_db_instances:862 - Closing all cached ChaChaNotesDB instances (0)...
2026-09-16 09:48:35.541 | INFO     | trace= span= tp= req= job= ps=: | tldw_Server_API.app.api.v1.API_Deps.ChaCha_Notes_DB_Deps:close_all_chacha_db_instances:878 - All ChaChaNotesDB instances closed and cache cleared.


=================================== FAILURES ===================================
_ test_postgres_failed_health_probe_reports_unhealthy_then_cleans_transaction __
tldw_Server_API/tests/Chat/test_chacha_notes_db_deps_postgres_health.py:37: in test_postgres_failed_health_probe_reports_unhealthy_then_cleans_transaction
    assert deps._health_check_instance(postgres_chacha) is False
           ^^^^^^^^^^^^^^^^^^^^^^^^^^^^^^^^^^^^^^^^^^^^
tldw_Server_API/app/api/v1/API_Deps/ChaCha_Notes_DB_Deps.py:447: in _health_check_instance
    sqlite_policy.configure_sqlite_connection(
tldw_Server_API/app/core/DB_Management/sqlite_policy.py:52: in configure_sqlite_connection
    conn.execute(f"PRAGMA foreign_keys={'ON' if foreign_keys else 'OFF'}")
tldw_Server_API/app/core/DB_Management/ChaChaNotes_DB.py:574: in execute
    return cursor.execute(query, params)
           ^^^^^^^^^^^^^^^^^^^^^^^^^^^^^
tldw_Server_API/app/core/DB_Management/ChaChaNotes_DB.py:502: in execute
    self._result = self._backend.execute(
tldw_Server_API/app/core/DB_Management/backends/postgresql_backend.py:1095: in execute
    raise DatabaseError("PostgreSQL query execution failed")
E   tldw_Server_API.app.core.DB_Management.backends.base.DatabaseError: PostgreSQL query execution failed
---------------------------- Captured stderr setup -----------------------------
2026-09-16 09:48:20.742 | INFO     | trace= span= tp= req= job= ps=: | tldw_Server_API.app.main:<module>:1131 - Logging configured (Loguru + stdlib interception)
2026-09-16 09:48:20.746 | WARNING  | trace= span= tp= req= job= ps=: | warnings:_deprecated:515 - /Users/macbook-dev/Documents/GitHub/tldw_server2/.venv/lib/python3.11/site-packages/passlib/utils/__init__.py:854: DeprecationWarning: 'crypt' is deprecated and slated for removal in Python 3.13
  from crypt import crypt as _crypt
2026-09-16 09:48:20.799 | INFO     | trace= span= tp= req= job= ps=: | tldw_Server_API.app.core.AuthNZ.csrf_protection:add_csrf_protection:522 - CSRF Protection explicitly disabled via CSRF_ENABLED setting
2026-09-16 09:48:20.804 | INFO     | trace= span= tp= req= job= ps=: | tldw_Server_API.app.main:<module>:2621 - TEST_MODE detected: Skipping non-essential middlewares (security headers, metrics, usage logging)
2026-09-16 09:48:20.804 | INFO     | trace= span= tp= req= job= ps=: | tldw_Server_API.app.main:<module>:2824 - Docs mounted at /docs-static from /Users/macbook-dev/Documents/GitHub/tldw_server2/Docs
2026-09-16 09:48:20.805 | INFO     | trace= span= tp= req= job= ps=: | tldw_Server_API.app.api.v1.router_groups.content:iter_content_router_specs:214 - Skipping audio router imports in pytest (set MINIMAL_TEST_INCLUDE_AUDIO=1 to enable)
2026-09-16 09:48:20.825 | WARNING  | trace= span= tp= req= job= ps=: | typing_extensions:wrapper:3003 - /Users/macbook-dev/Documents/GitHub/tldw_server2/tldw_Server_API/app/api/v1/endpoints/monitoring.py:141: DeprecationWarning:
        on_event is deprecated, use lifespan event handlers instead.

        Read more about it in the
        [FastAPI docs for Lifespan Events](https://fastapi.tiangolo.com/advanced/events/).

  @router.on_event("startup")
2026-09-16 09:48:20.845 | INFO     | trace= span= tp= req= job= ps=: | tldw_Server_API.app.api.v1.API_Deps.Audit_DB_Deps:<module>:532 - Using cachetools.LRUCache for audit service instances (maxsize=20).
2026-09-16 09:48:20.875 | INFO     | trace= span= tp= req= job= ps=: | tldw_Server_API.app.api.v1.router_registry:register_router_specs:49 - Route disabled by policy: research
2026-09-16 09:48:21.075 | WARNING  | trace= span= tp= req= job= ps=: | pydantic._internal._fields:collect_model_fields:198 - /Users/macbook-dev/Documents/GitHub/tldw_server2/.venv/lib/python3.11/site-packages/pydantic/_internal/_fields.py:198: UserWarning: Field name "schema" in "ResponseFormatJsonSchemaSpec" shadows an attribute in parent "BaseModel"
  warnings.warn(
2026-09-16 09:48:21.118 | INFO     | trace= span= tp= req= job= ps=: | tldw_Server_API.app.core.Chat.prompt_template_manager:<module>:201 - Prompt templates directory: /Users/macbook-dev/Documents/GitHub/tldw_server2/tldw_Server_API/app/core/Chat/prompt_templates
2026-09-16 09:48:21.119 | INFO     | trace= span= tp= req= job= ps=: | tldw_Server_API.app.core.Chat.prompt_template_manager:<module>:202 - Available templates found: []
2026-09-16 09:48:21.151 | INFO     | trace= span= tp= req= job= ps=: | tldw_Server_API.app.core.Embeddings.Embeddings_Server.Embeddings_Create:exponential_backoff:1166 - ExponentialBackoff decorator configured with max_retries=3, base_delay=1s.
2026-09-16 09:48:21.736 | WARNING  | trace= span= tp= req= job= ps=: | starlette.status:__getattr__:198 - /Users/macbook-dev/.local/share/uv/python/cpython-3.11.13-macos-aarch64-none/lib/python3.11/importlib/__init__.py:126: DeprecationWarning: 'HTTP_422_UNPROCESSABLE_ENTITY' is deprecated. Use 'HTTP_422_UNPROCESSABLE_CONTENT' instead.
  return _bootstrap._gcd_import(name[level:], package, level)
2026-09-16 09:48:21.850 | WARNING  | trace= span= tp= req= job= ps=: | pydantic._internal._fields:collect_model_fields:198 - /Users/macbook-dev/Documents/GitHub/tldw_server2/.venv/lib/python3.11/site-packages/pydantic/_internal/_fields.py:198: UserWarning: Field name "register" in "CharacterExemplarLabels" shadows an attribute in parent "BaseModel"
  warnings.warn(
2026-09-16 09:48:22.127 | WARNING  | trace= span= tp= req= job= ps=: | tldw_Server_API.app.core.DB_Management.db_path_utils:resolve_user_db_base_dir:491 - USER_DB_BASE_DIR not configured in tests, using isolated fallback: /private/var/folders/sn/m80n2j152t9gw3w8qwk2nykh0000gn/T/tldw_user_databases_test/default-98d8fb3e
2026-09-16 09:48:22.481 | WARNING  | trace= span= tp= req= job= ps=: | starlette.status:__getattr__:198 - /Users/macbook-dev/Documents/GitHub/tldw_server2/tldw_Server_API/app/core/UserProfiles/command_service.py:11: DeprecationWarning: 'HTTP_422_UNPROCESSABLE_ENTITY' is deprecated. Use 'HTTP_422_UNPROCESSABLE_CONTENT' instead.
  from tldw_Server_API.app.core.UserProfiles.error_mapping import (
2026-09-16 09:48:22.649 | WARNING  | trace= span= tp= req= job= ps=: | typing_extensions:wrapper:3003 - /Users/macbook-dev/Documents/GitHub/tldw_server2/tldw_Server_API/app/api/v1/endpoints/admin/admin_monitoring.py:192: DeprecationWarning:
        on_event is deprecated, use lifespan event handlers instead.

        Read more about it in the
        [FastAPI docs for Lifespan Events](https://fastapi.tiangolo.com/advanced/events/).

  @router.on_event("startup")
2026-09-16 09:48:22.860 | WARNING  | trace= span= tp= req= job= ps=: | tldw_Server_API.app.api.v1.endpoints.admin:_mount_admin_webhook_routes:135 - Canonical admin webhook mode is off; historical webhook CRUD, test, delivery, and incident-notify routes are disabled. Explicitly select temporary compatibility or migration before use.
2026-09-16 09:48:23.146 | INFO     | trace= span= tp= req= job= ps=: | tldw_Server_API.app.main:<module>:2899 - Registered 21 minimal-test routers from router groups
2026-09-16 09:48:23.146 | INFO     | trace= span= tp= req= job= ps=: | tldw_Server_API.app.api.v1.router_groups.minimal:iter_minimal_optional_router_specs:238 - Skipping audio routers in minimal test app (set MINIMAL_TEST_INCLUDE_AUDIO=1 to enable)
2026-09-16 09:48:23.146 | INFO     | trace= span= tp= req= job= ps=: | tldw_Server_API.app.api.v1.router_groups.minimal:iter_minimal_optional_router_specs:276 - Skipping audio-jobs router in minimal test app (set MINIMAL_TEST_INCLUDE_AUDIO_JOBS=1 to enable)
2026-09-16 09:48:23.214 | WARNING  | trace= span= tp= req= job= ps=: | tldw_Server_API.app.core.DB_Management.db_path_utils:resolve_user_db_base_dir:491 - USER_DB_BASE_DIR not configured in tests, using isolated fallback: /private/var/folders/sn/m80n2j152t9gw3w8qwk2nykh0000gn/T/tldw_user_databases_test/default-98d8fb3e
2026-09-16 09:48:23.321 | WARNING  | trace= span= tp= req= job= ps=: | importlib._bootstrap:_call_with_frames_removed:241 - <frozen importlib._bootstrap>:241: DeprecationWarning: builtin type SwigPyPacked has no __module__ attribute
2026-09-16 09:48:23.321 | WARNING  | trace= span= tp= req= job= ps=: | importlib._bootstrap:_call_with_frames_removed:241 - <frozen importlib._bootstrap>:241: DeprecationWarning: builtin type SwigPyObject has no __module__ attribute
2026-09-16 09:48:23.336 | WARNING  | trace= span= tp= req= job= ps=: | importlib._bootstrap:_call_with_frames_removed:241 - <frozen importlib._bootstrap>:241: DeprecationWarning: builtin type SwigPyPacked has no __module__ attribute
2026-09-16 09:48:23.336 | WARNING  | trace= span= tp= req= job= ps=: | importlib._bootstrap:_call_with_frames_removed:241 - <frozen importlib._bootstrap>:241: DeprecationWarning: builtin type SwigPyObject has no __module__ attribute
2026-09-16 09:48:23.904 | WARNING  | trace= span= tp= req= job= ps=: | starlette.status:__getattr__:198 - /Users/macbook-dev/.local/share/uv/python/cpython-3.11.13-macos-aarch64-none/lib/python3.11/importlib/__init__.py:126: DeprecationWarning: 'HTTP_422_UNPROCESSABLE_ENTITY' is deprecated. Use 'HTTP_422_UNPROCESSABLE_CONTENT' instead.
  return _bootstrap._gcd_import(name[level:], package, level)
2026-09-16 09:48:23.904 | WARNING  | trace= span= tp= req= job= ps=: | starlette.status:__getattr__:198 - /Users/macbook-dev/.local/share/uv/python/cpython-3.11.13-macos-aarch64-none/lib/python3.11/importlib/__init__.py:126: DeprecationWarning: 'HTTP_422_UNPROCESSABLE_ENTITY' is deprecated. Use 'HTTP_422_UNPROCESSABLE_CONTENT' instead.
  return _bootstrap._gcd_import(name[level:], package, level)
2026-09-16 09:48:24.551 | WARNING  | trace= span= tp= req= job= ps=: | starlette.status:__getattr__:198 - /Users/macbook-dev/.local/share/uv/python/cpython-3.11.13-macos-aarch64-none/lib/python3.11/importlib/__init__.py:126: DeprecationWarning: 'HTTP_422_UNPROCESSABLE_ENTITY' is deprecated. Use 'HTTP_422_UNPROCESSABLE_CONTENT' instead.
  return _bootstrap._gcd_import(name[level:], package, level)
2026-09-16 09:48:24.551 | WARNING  | trace= span= tp= req= job= ps=: | starlette.status:__getattr__:198 - /Users/macbook-dev/.local/share/uv/python/cpython-3.11.13-macos-aarch64-none/lib/python3.11/importlib/__init__.py:126: DeprecationWarning: 'HTTP_422_UNPROCESSABLE_ENTITY' is deprecated. Use 'HTTP_422_UNPROCESSABLE_CONTENT' instead.
  return _bootstrap._gcd_import(name[level:], package, level)
2026-09-16 09:48:24.551 | WARNING  | trace= span= tp= req= job= ps=: | starlette.status:__getattr__:198 - /Users/macbook-dev/.local/share/uv/python/cpython-3.11.13-macos-aarch64-none/lib/python3.11/importlib/__init__.py:126: DeprecationWarning: 'HTTP_422_UNPROCESSABLE_ENTITY' is deprecated. Use 'HTTP_422_UNPROCESSABLE_CONTENT' instead.
  return _bootstrap._gcd_import(name[level:], package, level)
2026-09-16 09:48:24.551 | WARNING  | trace= span= tp= req= job= ps=: | starlette.status:__getattr__:198 - /Users/macbook-dev/.local/share/uv/python/cpython-3.11.13-macos-aarch64-none/lib/python3.11/importlib/__init__.py:126: DeprecationWarning: 'HTTP_422_UNPROCESSABLE_ENTITY' is deprecated. Use 'HTTP_422_UNPROCESSABLE_CONTENT' instead.
  return _bootstrap._gcd_import(name[level:], package, level)
2026-09-16 09:48:24.551 | WARNING  | trace= span= tp= req= job= ps=: | starlette.status:__getattr__:198 - /Users/macbook-dev/.local/share/uv/python/cpython-3.11.13-macos-aarch64-none/lib/python3.11/importlib/__init__.py:126: DeprecationWarning: 'HTTP_422_UNPROCESSABLE_ENTITY' is deprecated. Use 'HTTP_422_UNPROCESSABLE_CONTENT' instead.
  return _bootstrap._gcd_import(name[level:], package, level)
2026-09-16 09:48:24.551 | WARNING  | trace= span= tp= req= job= ps=: | starlette.status:__getattr__:198 - /Users/macbook-dev/.local/share/uv/python/cpython-3.11.13-macos-aarch64-none/lib/python3.11/importlib/__init__.py:126: DeprecationWarning: 'HTTP_422_UNPROCESSABLE_ENTITY' is deprecated. Use 'HTTP_422_UNPROCESSABLE_CONTENT' instead.
  return _bootstrap._gcd_import(name[level:], package, level)
2026-09-16 09:48:24.551 | WARNING  | trace= span= tp= req= job= ps=: | starlette.status:__getattr__:198 - /Users/macbook-dev/.local/share/uv/python/cpython-3.11.13-macos-aarch64-none/lib/python3.11/importlib/__init__.py:126: DeprecationWarning: 'HTTP_422_UNPROCESSABLE_ENTITY' is deprecated. Use 'HTTP_422_UNPROCESSABLE_CONTENT' instead.
  return _bootstrap._gcd_import(name[level:], package, level)
2026-09-16 09:48:24.551 | WARNING  | trace= span= tp= req= job= ps=: | starlette.status:__getattr__:198 - /Users/macbook-dev/.local/share/uv/python/cpython-3.11.13-macos-aarch64-none/lib/python3.11/importlib/__init__.py:126: DeprecationWarning: 'HTTP_422_UNPROCESSABLE_ENTITY' is deprecated. Use 'HTTP_422_UNPROCESSABLE_CONTENT' instead.
  return _bootstrap._gcd_import(name[level:], package, level)
2026-09-16 09:48:24.815 | INFO     | trace= span= tp= req= job= ps=: | tldw_Server_API.app.core.Evaluations.config_manager:_apply_environment_overrides:235 - Applying development environment overrides
2026-09-16 09:48:24.815 | INFO     | trace= span= tp= req= job= ps=: | tldw_Server_API.app.core.Evaluations.config_manager:_parse_rate_limit_configs:274 - Loaded 5 rate limit tier configurations
2026-09-16 09:48:24.815 | INFO     | trace= span= tp= req= job= ps=: | tldw_Server_API.app.core.Evaluations.config_manager:_parse_circuit_breaker_configs:289 - Loaded 6 circuit breaker configurations
2026-09-16 09:48:24.815 | INFO     | trace= span= tp= req= job= ps=: | tldw_Server_API.app.core.Evaluations.config_manager:load_config:221 - Configuration loaded successfully from /Users/macbook-dev/Documents/GitHub/tldw_server2/tldw_Server_API/Config_Files/evaluations_config.yaml
2026-09-16 09:48:24.815 | INFO     | trace= span= tp= req= job= ps=: | tldw_Server_API.app.core.Evaluations.config_manager:load_config:222 - Environment: development
2026-09-16 09:48:24.817 | WARNING  | trace= span= tp= req= job= ps=: | tldw_Server_API.app.core.DB_Management.db_path_utils:resolve_user_db_base_dir:491 - USER_DB_BASE_DIR not configured in tests, using isolated fallback: /private/var/folders/sn/m80n2j152t9gw3w8qwk2nykh0000gn/T/tldw_user_databases_test/default-98d8fb3e
2026-09-16 09:48:24.818 | WARNING  | trace= span= tp= req= job= ps=: | tldw_Server_API.app.core.DB_Management.db_path_utils:resolve_user_db_base_dir:491 - USER_DB_BASE_DIR not configured in tests, using isolated fallback: /private/var/folders/sn/m80n2j152t9gw3w8qwk2nykh0000gn/T/tldw_user_databases_test/default-98d8fb3e
2026-09-16 09:48:24.887 | INFO     | trace= span= tp= req= job= ps=: | tldw_Server_API.app.core.Evaluations.benchmark_registry:register:315 - Registered benchmark: simpleqa
2026-09-16 09:48:24.888 | INFO     | trace= span= tp= req= job= ps=: | tldw_Server_API.app.core.Evaluations.benchmark_registry:register:315 - Registered benchmark: simpleqa_verified
2026-09-16 09:48:24.888 | INFO     | trace= span= tp= req= job= ps=: | tldw_Server_API.app.core.Evaluations.benchmark_registry:register:315 - Registered benchmark: bullshit_benchmark
2026-09-16 09:48:24.888 | INFO     | trace= span= tp= req= job= ps=: | tldw_Server_API.app.core.Evaluations.benchmark_registry:register:315 - Registered benchmark: mmlu_pro
2026-09-16 09:48:24.888 | INFO     | trace= span= tp= req= job= ps=: | tldw_Server_API.app.core.Evaluations.benchmark_registry:register:315 - Registered benchmark: gpqa_diamond
2026-09-16 09:48:24.888 | INFO     | trace= span= tp= req= job= ps=: | tldw_Server_API.app.core.Evaluations.benchmark_registry:register:315 - Registered benchmark: simple_bench
2026-09-16 09:48:24.888 | INFO     | trace= span= tp= req= job= ps=: | tldw_Server_API.app.core.Evaluations.benchmark_registry:register:315 - Registered benchmark: aider_polyglot
2026-09-16 09:48:24.888 | INFO     | trace= span= tp= req= job= ps=: | tldw_Server_API.app.core.Evaluations.benchmark_registry:register:315 - Registered benchmark: bfcl
2026-09-16 09:48:24.888 | INFO     | trace= span= tp= req= job= ps=: | tldw_Server_API.app.core.Evaluations.benchmark_registry:register:315 - Registered benchmark: mask
2026-09-16 09:48:24.888 | INFO     | trace= span= tp= req= job= ps=: | tldw_Server_API.app.core.Evaluations.benchmark_registry:register:315 - Registered benchmark: vending_bench
2026-09-16 09:48:24.888 | INFO     | trace= span= tp= req= job= ps=: | tldw_Server_API.app.core.Evaluations.benchmark_registry:register:315 - Registered benchmark: swe_bench
2026-09-16 09:48:25.062 | WARNING  | trace= span= tp= req= job= ps=: | starlette.status:__getattr__:198 - /Users/macbook-dev/Documents/GitHub/tldw_server2/tldw_Server_API/app/api/v1/endpoints/sharing.py:120: DeprecationWarning: 'HTTP_422_UNPROCESSABLE_ENTITY' is deprecated. Use 'HTTP_422_UNPROCESSABLE_CONTENT' instead.
  from ..utils.prototype_error_contract import (
2026-09-16 09:48:25.062 | WARNING  | trace= span= tp= req= job= ps=: | starlette.status:__getattr__:198 - /Users/macbook-dev/Documents/GitHub/tldw_server2/tldw_Server_API/app/api/v1/endpoints/sharing.py:120: DeprecationWarning: 'HTTP_422_UNPROCESSABLE_ENTITY' is deprecated. Use 'HTTP_422_UNPROCESSABLE_CONTENT' instead.
  from ..utils.prototype_error_contract import (
2026-09-16 09:48:25.104 | WARNING  | trace= span= tp= req= job= ps=: | starlette.status:__getattr__:198 - /Users/macbook-dev/.local/share/uv/python/cpython-3.11.13-macos-aarch64-none/lib/python3.11/importlib/__init__.py:126: DeprecationWarning: 'HTTP_422_UNPROCESSABLE_ENTITY' is deprecated. Use 'HTTP_422_UNPROCESSABLE_CONTENT' instead.
  return _bootstrap._gcd_import(name[level:], package, level)
2026-09-16 09:48:25.105 | WARNING  | trace= span= tp= req= job= ps=: | starlette.status:__getattr__:198 - /Users/macbook-dev/.local/share/uv/python/cpython-3.11.13-macos-aarch64-none/lib/python3.11/importlib/__init__.py:126: DeprecationWarning: 'HTTP_422_UNPROCESSABLE_ENTITY' is deprecated. Use 'HTTP_422_UNPROCESSABLE_CONTENT' instead.
  return _bootstrap._gcd_import(name[level:], package, level)
2026-09-16 09:48:25.106 | WARNING  | trace= span= tp= req= job= ps=: | starlette.status:__getattr__:198 - /Users/macbook-dev/.local/share/uv/python/cpython-3.11.13-macos-aarch64-none/lib/python3.11/importlib/__init__.py:126: DeprecationWarning: 'HTTP_422_UNPROCESSABLE_ENTITY' is deprecated. Use 'HTTP_422_UNPROCESSABLE_CONTENT' instead.
  return _bootstrap._gcd_import(name[level:], package, level)
2026-09-16 09:48:27.361 | WARNING  | trace= span= tp= req= job= ps=: | typing_extensions:wrapper:3003 - /Users/macbook-dev/Documents/GitHub/tldw_server2/tldw_Server_API/app/api/v1/endpoints/sandbox.py:217: DeprecationWarning:
        on_event is deprecated, use lifespan event handlers instead.

        Read more about it in the
        [FastAPI docs for Lifespan Events](https://fastapi.tiangolo.com/advanced/events/).

  @router.on_event("startup")
2026-09-16 09:48:27.361 | WARNING  | trace= span= tp= req= job= ps=: | typing_extensions:wrapper:3003 - /Users/macbook-dev/Documents/GitHub/tldw_server2/tldw_Server_API/app/api/v1/endpoints/sandbox.py:223: DeprecationWarning:
        on_event is deprecated, use lifespan event handlers instead.

        Read more about it in the
        [FastAPI docs for Lifespan Events](https://fastapi.tiangolo.com/advanced/events/).

  @router.on_event("shutdown")
2026-09-16 09:48:27.394 | INFO     | trace= span= tp= req= job= ps=: | tldw_Server_API.app.main:<module>:2901 - Registered 99 optional minimal-test routers from router groups
2026-09-16 09:48:27.426 | INFO     | trace= span= tp= req= job= ps=: | tldw_Server_API.app.core.DB_Management.backends.factory:create_backend:392 - Creating postgresql backend
2026-09-16 09:48:27.436 | INFO     | trace= span= tp= req= job= ps=: | tldw_Server_API.app.core.DB_Management.ChaChaNotes_DB:__init__:7605 - Initializing CharactersRAGDB for path: :memory: [Client ID: 1] (backend=postgresql)
----------------------------- Captured stderr call -----------------------------
2026-09-16 09:48:28.970 | ERROR    | trace= span= tp= req= job= ps=: | tldw_Server_API.app.core.DB_Management.backends.postgresql_backend:execute:1086 - PostgreSQL query execution failed
2026-09-16 09:48:28.970 | ERROR    | trace= span= tp= req= job= ps=: | tldw_Server_API.app.core.DB_Management.backends.postgresql_backend:execute:1086 - PostgreSQL query execution failed
2026-09-16 09:48:28.970 | ERROR    | trace= span= tp= req= job= ps=: | tldw_Server_API.app.core.DB_Management.backends.postgresql_backend:execute:1086 - PostgreSQL query execution failed
--------------------------- Captured stderr teardown ---------------------------
2026-09-16 09:48:29.620 | INFO     | trace= span= tp= req= job= ps=: | tldw_Server_API.app.api.v1.API_Deps.ChaCha_Notes_DB_Deps:close_all_chacha_db_instances:862 - Closing all cached ChaChaNotesDB instances (0)...
2026-09-16 09:48:29.620 | INFO     | trace= span= tp= req= job= ps=: | tldw_Server_API.app.api.v1.API_Deps.ChaCha_Notes_DB_Deps:close_all_chacha_db_instances:878 - All ChaChaNotesDB instances closed and cache cleared.
2026-09-16 09:48:29.620 | INFO     | trace= span= tp= req= job= ps=: | tldw_Server_API.app.api.v1.API_Deps.ChaCha_Notes_DB_Deps:close_all_chacha_db_instances:862 - Closing all cached ChaChaNotesDB instances (0)...
2026-09-16 09:48:29.620 | INFO     | trace= span= tp= req= job= ps=: | tldw_Server_API.app.api.v1.API_Deps.ChaCha_Notes_DB_Deps:close_all_chacha_db_instances:878 - All ChaChaNotesDB instances closed and cache cleared.
________ test_postgres_health_probe_does_not_commit_callers_transaction ________
tldw_Server_API/tests/Chat/test_chacha_notes_db_deps_postgres_health.py:67: in test_postgres_health_probe_does_not_commit_callers_transaction
    assert deps._health_check_instance(postgres_chacha) is True
           ^^^^^^^^^^^^^^^^^^^^^^^^^^^^^^^^^^^^^^^^^^^^
tldw_Server_API/app/api/v1/API_Deps/ChaCha_Notes_DB_Deps.py:447: in _health_check_instance
    sqlite_policy.configure_sqlite_connection(
tldw_Server_API/app/core/DB_Management/sqlite_policy.py:52: in configure_sqlite_connection
    conn.execute(f"PRAGMA foreign_keys={'ON' if foreign_keys else 'OFF'}")
tldw_Server_API/app/core/DB_Management/ChaChaNotes_DB.py:574: in execute
    return cursor.execute(query, params)
           ^^^^^^^^^^^^^^^^^^^^^^^^^^^^^
tldw_Server_API/app/core/DB_Management/ChaChaNotes_DB.py:502: in execute
    self._result = self._backend.execute(
tldw_Server_API/app/core/DB_Management/backends/postgresql_backend.py:1095: in execute
    raise DatabaseError("PostgreSQL query execution failed")
E   tldw_Server_API.app.core.DB_Management.backends.base.DatabaseError: PostgreSQL query execution failed
---------------------------- Captured stderr setup -----------------------------
2026-09-16 09:48:29.644 | INFO     | trace= span= tp= req= job= ps=: | tldw_Server_API.app.core.DB_Management.backends.factory:create_backend:392 - Creating postgresql backend
2026-09-16 09:48:29.644 | INFO     | trace= span= tp= req= job= ps=: | tldw_Server_API.app.core.DB_Management.ChaChaNotes_DB:__init__:7605 - Initializing CharactersRAGDB for path: :memory: [Client ID: 1] (backend=postgresql)
----------------------------- Captured stderr call -----------------------------
2026-09-16 09:48:31.120 | ERROR    | trace= span= tp= req= job= ps=: | tldw_Server_API.app.core.DB_Management.backends.postgresql_backend:execute:1086 - PostgreSQL query execution failed
2026-09-16 09:48:31.120 | ERROR    | trace= span= tp= req= job= ps=: | tldw_Server_API.app.core.DB_Management.backends.postgresql_backend:execute:1086 - PostgreSQL query execution failed
--------------------------- Captured stderr teardown ---------------------------
2026-09-16 09:48:31.370 | INFO     | trace= span= tp= req= job= ps=: | tldw_Server_API.app.api.v1.API_Deps.ChaCha_Notes_DB_Deps:close_all_chacha_db_instances:862 - Closing all cached ChaChaNotesDB instances (0)...
2026-09-16 09:48:31.370 | INFO     | trace= span= tp= req= job= ps=: | tldw_Server_API.app.api.v1.API_Deps.ChaCha_Notes_DB_Deps:close_all_chacha_db_instances:878 - All ChaChaNotesDB instances closed and cache cleared.
2026-09-16 09:48:31.370 | INFO     | trace= span= tp= req= job= ps=: | tldw_Server_API.app.api.v1.API_Deps.ChaCha_Notes_DB_Deps:close_all_chacha_db_instances:862 - Closing all cached ChaChaNotesDB instances (0)...
2026-09-16 09:48:31.370 | INFO     | trace= span= tp= req= job= ps=: | tldw_Server_API.app.api.v1.API_Deps.ChaCha_Notes_DB_Deps:close_all_chacha_db_instances:878 - All ChaChaNotesDB instances closed and cache cleared.
____ test_repeated_postgres_cached_dependency_returns_same_healthy_instance ____
tldw_Server_API/tests/Chat/test_chacha_notes_db_deps_postgres_health.py:57: in test_repeated_postgres_cached_dependency_returns_same_healthy_instance
    asyncio.run(repeated_reads())
../../../.local/share/uv/python/cpython-3.11.13-macos-aarch64-none/lib/python3.11/asyncio/runners.py:190: in run
    return runner.run(main)
           ^^^^^^^^^^^^^^^^
../../../.local/share/uv/python/cpython-3.11.13-macos-aarch64-none/lib/python3.11/asyncio/runners.py:118: in run
    return self._loop.run_until_complete(task)
           ^^^^^^^^^^^^^^^^^^^^^^^^^^^^^^^^^^^
../../../.local/share/uv/python/cpython-3.11.13-macos-aarch64-none/lib/python3.11/asyncio/base_events.py:654: in run_until_complete
    return future.result()
           ^^^^^^^^^^^^^^^
tldw_Server_API/tests/Chat/test_chacha_notes_db_deps_postgres_health.py:54: in repeated_reads
    assert await deps._get_or_init_db_instance(1, "1") is postgres_chacha
           ^^^^^^^^^^^^^^^^^^^^^^^^^^^^^^^^^^^^^^^^^^^
tldw_Server_API/app/api/v1/API_Deps/ChaCha_Notes_DB_Deps.py:631: in _get_or_init_db_instance
    if await _is_instance_healthy(db_instance):
       ^^^^^^^^^^^^^^^^^^^^^^^^^^^^^^^^^^^^^^^
tldw_Server_API/app/api/v1/API_Deps/ChaCha_Notes_DB_Deps.py:597: in _is_instance_healthy
    result = await asyncio.wait_for(
../../../.local/share/uv/python/cpython-3.11.13-macos-aarch64-none/lib/python3.11/asyncio/tasks.py:489: in wait_for
    return fut.result()
           ^^^^^^^^^^^^
../../../.local/share/uv/python/cpython-3.11.13-macos-aarch64-none/lib/python3.11/asyncio/threads.py:25: in to_thread
    return await loop.run_in_executor(None, func_call)
           ^^^^^^^^^^^^^^^^^^^^^^^^^^^^^^^^^^^^^^^^^^^
../../../.local/share/uv/python/cpython-3.11.13-macos-aarch64-none/lib/python3.11/concurrent/futures/thread.py:58: in run
    result = self.fn(*self.args, **self.kwargs)
             ^^^^^^^^^^^^^^^^^^^^^^^^^^^^^^^^^^
tldw_Server_API/app/api/v1/API_Deps/ChaCha_Notes_DB_Deps.py:447: in _health_check_instance
    sqlite_policy.configure_sqlite_connection(
tldw_Server_API/app/core/DB_Management/sqlite_policy.py:52: in configure_sqlite_connection
    conn.execute(f"PRAGMA foreign_keys={'ON' if foreign_keys else 'OFF'}")
tldw_Server_API/app/core/DB_Management/ChaChaNotes_DB.py:574: in execute
    return cursor.execute(query, params)
           ^^^^^^^^^^^^^^^^^^^^^^^^^^^^^
tldw_Server_API/app/core/DB_Management/ChaChaNotes_DB.py:502: in execute
    self._result = self._backend.execute(
tldw_Server_API/app/core/DB_Management/backends/postgresql_backend.py:1095: in execute
    raise DatabaseError("PostgreSQL query execution failed")
E   tldw_Server_API.app.core.DB_Management.backends.base.DatabaseError: PostgreSQL query execution failed
---------------------------- Captured stderr setup -----------------------------
2026-09-16 09:48:31.395 | INFO     | trace= span= tp= req= job= ps=: | tldw_Server_API.app.core.DB_Management.backends.factory:create_backend:392 - Creating postgresql backend
2026-09-16 09:48:31.395 | INFO     | trace= span= tp= req= job= ps=: | tldw_Server_API.app.core.DB_Management.ChaChaNotes_DB:__init__:7605 - Initializing CharactersRAGDB for path: :memory: [Client ID: 1] (backend=postgresql)
----------------------------- Captured stderr call -----------------------------
2026-09-16 09:48:33.047 | ERROR    | trace= span= tp= req= job= ps=: | tldw_Server_API.app.core.DB_Management.backends.postgresql_backend:execute:1086 - PostgreSQL query execution failed
2026-09-16 09:48:33.048 | ERROR    | trace= span= tp= req= job= ps=: | tldw_Server_API.app.core.DB_Management.backends.postgresql_backend:execute:1086 - PostgreSQL query execution failed
--------------------------- Captured stderr teardown ---------------------------
2026-09-16 09:48:33.639 | INFO     | trace= span= tp= req= job= ps=: | tldw_Server_API.app.api.v1.API_Deps.ChaCha_Notes_DB_Deps:close_all_chacha_db_instances:862 - Closing all cached ChaChaNotesDB instances (1)...
2026-09-16 09:48:33.639 | INFO     | trace= span= tp= req= job= ps=: | tldw_Server_API.app.api.v1.API_Deps.ChaCha_Notes_DB_Deps:close_all_chacha_db_instances:866 - Closed ChaChaNotesDB instance for user /private/var/folders/sn/m80n2j152t9gw3w8qwk2nykh0000gn/T/pytest-of-macbook-dev/pytest-12090/test_repeated_postgres_cached_0.
2026-09-16 09:48:33.639 | INFO     | trace= span= tp= req= job= ps=: | tldw_Server_API.app.api.v1.API_Deps.ChaCha_Notes_DB_Deps:close_all_chacha_db_instances:878 - All ChaChaNotesDB instances closed and cache cleared.
2026-09-16 09:48:33.640 | INFO     | trace= span= tp= req= job= ps=: | tldw_Server_API.app.api.v1.API_Deps.ChaCha_Notes_DB_Deps:close_all_chacha_db_instances:862 - Closing all cached ChaChaNotesDB instances (0)...
2026-09-16 09:48:33.640 | INFO     | trace= span= tp= req= job= ps=: | tldw_Server_API.app.api.v1.API_Deps.ChaCha_Notes_DB_Deps:close_all_chacha_db_instances:878 - All ChaChaNotesDB instances closed and cache cleared.
______________ test_postgres_health_check_keeps_connection_usable ______________
tldw_Server_API/tests/Chat/test_chacha_notes_db_deps_postgres_health.py:27: in test_postgres_health_check_keeps_connection_usable
    assert deps._health_check_instance(postgres_chacha) is True
           ^^^^^^^^^^^^^^^^^^^^^^^^^^^^^^^^^^^^^^^^^^^^
tldw_Server_API/app/api/v1/API_Deps/ChaCha_Notes_DB_Deps.py:447: in _health_check_instance
    sqlite_policy.configure_sqlite_connection(
tldw_Server_API/app/core/DB_Management/sqlite_policy.py:52: in configure_sqlite_connection
    conn.execute(f"PRAGMA foreign_keys={'ON' if foreign_keys else 'OFF'}")
tldw_Server_API/app/core/DB_Management/ChaChaNotes_DB.py:574: in execute
    return cursor.execute(query, params)
           ^^^^^^^^^^^^^^^^^^^^^^^^^^^^^
tldw_Server_API/app/core/DB_Management/ChaChaNotes_DB.py:502: in execute
    self._result = self._backend.execute(
tldw_Server_API/app/core/DB_Management/backends/postgresql_backend.py:1095: in execute
    raise DatabaseError("PostgreSQL query execution failed")
E   tldw_Server_API.app.core.DB_Management.backends.base.DatabaseError: PostgreSQL query execution failed
---------------------------- Captured stderr setup -----------------------------
2026-09-16 09:48:33.663 | INFO     | trace= span= tp= req= job= ps=: | tldw_Server_API.app.core.DB_Management.backends.factory:create_backend:392 - Creating postgresql backend
2026-09-16 09:48:33.663 | INFO     | trace= span= tp= req= job= ps=: | tldw_Server_API.app.core.DB_Management.ChaChaNotes_DB:__init__:7605 - Initializing CharactersRAGDB for path: :memory: [Client ID: 1] (backend=postgresql)
----------------------------- Captured stderr call -----------------------------
2026-09-16 09:48:35.229 | ERROR    | trace= span= tp= req= job= ps=: | tldw_Server_API.app.core.DB_Management.backends.postgresql_backend:execute:1086 - PostgreSQL query execution failed
2026-09-16 09:48:35.230 | ERROR    | trace= span= tp= req= job= ps=: | tldw_Server_API.app.core.DB_Management.backends.postgresql_backend:execute:1086 - PostgreSQL query execution failed
--------------------------- Captured stderr teardown ---------------------------
2026-09-16 09:48:35.466 | INFO     | trace= span= tp= req= job= ps=: | tldw_Server_API.app.api.v1.API_Deps.ChaCha_Notes_DB_Deps:close_all_chacha_db_instances:862 - Closing all cached ChaChaNotesDB instances (0)...
2026-09-16 09:48:35.466 | INFO     | trace= span= tp= req= job= ps=: | tldw_Server_API.app.api.v1.API_Deps.ChaCha_Notes_DB_Deps:close_all_chacha_db_instances:878 - All ChaChaNotesDB instances closed and cache cleared.
2026-09-16 09:48:35.467 | INFO     | trace= span= tp= req= job= ps=: | tldw_Server_API.app.api.v1.API_Deps.ChaCha_Notes_DB_Deps:close_all_chacha_db_instances:862 - Closing all cached ChaChaNotesDB instances (0)...
2026-09-16 09:48:35.467 | INFO     | trace= span= tp= req= job= ps=: | tldw_Server_API.app.api.v1.API_Deps.ChaCha_Notes_DB_Deps:close_all_chacha_db_instances:878 - All ChaChaNotesDB instances closed and cache cleared.
======================== 4 failed, 2 warnings in 14.94s ========================
/Users/macbook-dev/Documents/GitHub/tldw_server2/.venv/lib/python3.11/site-packages/_pytest/pathlib.py:96: PytestWarning: (rm_rf) error removing /private/var/folders/sn/m80n2j152t9gw3w8qwk2nykh0000gn/T/pytest-of-macbook-dev/garbage-c4585f0e-daf4-41a2-805c-6d5d83683bc7/test_kokoro_constructor_direct3
<class 'OSError'>: [Errno 66] Directory not empty: 'test_kokoro_constructor_direct3'
  warnings.warn(
/Users/macbook-dev/Documents/GitHub/tldw_server2/.venv/lib/python3.11/site-packages/_pytest/pathlib.py:96: PytestWarning: (rm_rf) error removing /private/var/folders/sn/m80n2j152t9gw3w8qwk2nykh0000gn/T/pytest-of-macbook-dev/garbage-c4585f0e-daf4-41a2-805c-6d5d83683bc7
<class 'OSError'>: [Errno 66] Directory not empty: '/private/var/folders/sn/m80n2j152t9gw3w8qwk2nykh0000gn/T/pytest-of-macbook-dev/garbage-c4585f0e-daf4-41a2-805c-6d5d83683bc7'
  warnings.warn(
