
 RUN  v4.0.18 /Users/macbook-dev/Documents/GitHub/tldw_server2/apps/packages/ui

(node:69252) ExperimentalWarning: localStorage is not available because --localstorage-file was not provided.
(Use `node --trace-warnings ...` to show where the warning was created)
 ❯ src/hooks/__tests__/useMediaReadingProgress.test.tsx (8 tests | 1 failed | 7 skipped) 9ms
     ↓ restores scroll position from percent_complete on load
     ↓ does not write zero when delayed detail hydration changes the page count before progress arrives
     ↓ restores after delayed content hydration and layout resize without overwriting saved progress
     ↓ does not let a late progress response replace a newer user scroll
     × flushes the last actual scroll rather than resized loading geometry 9ms
     ↓ falls back to CFI-based scroll restore when percent_complete is absent
     ↓ debounces scroll writes and avoids duplicate writes when unchanged
     ↓ flushes pending progress when switching media ids and restores the next selection

⎯⎯⎯⎯⎯⎯⎯ Failed Tests 1 ⎯⎯⎯⎯⎯⎯⎯

 FAIL  src/hooks/__tests__/useMediaReadingProgress.test.tsx > useMediaReadingProgress > flushes the last actual scroll rather than resized loading geometry
AssertionError: expected last "vi.fn()" call to have been called with [ '1', ObjectContaining{…} ]

- Expected
+ Received

  [
    "1",
    {
-     "cfi": "scroll:40",
-     "percentage": 40,
+     "cfi": "scroll:0",
+     "current_page": 1,
+     "percentage": 0,
+     "total_pages": 1,
+     "view_mode": "continuous",
      "zoom_level": 100,
    },
  ]

 ❯ src/hooks/__tests__/useMediaReadingProgress.test.tsx:183:41
    181|     rerender({ isContentReady: false })
    182|
    183|     expect(mocks.updateReadingProgress).toHaveBeenLastCalledWith('1', …
       |                                         ^
    184|   })
    185|

⎯⎯⎯⎯⎯⎯⎯⎯⎯⎯⎯⎯⎯⎯⎯⎯⎯⎯⎯⎯⎯⎯⎯⎯[1/1]⎯


 Test Files  1 failed (1)
      Tests  1 failed | 7 skipped (8)
   Start at  16:53:56
   Duration  447ms (transform 115ms, setup 62ms, import 106ms, tests 9ms, environment 190ms)
