
 RUN  v4.0.18 /Users/macbook-dev/Documents/GitHub/tldw_server2/apps/packages/ui

(node:68481) ExperimentalWarning: localStorage is not available because --localstorage-file was not provided.
(Use `node --trace-warnings ...` to show where the warning was created)
stdout | src/hooks/chat/__tests__/useChatActions.saved-normal.integration.test.tsx > saved normal Chat pipeline with autosave > recovers actual image transport through the domain adapter, mounted mirror, Retry and remount: 'Image question' / prior false
Using normalChatMode

stdout | src/hooks/chat/__tests__/useChatActions.saved-normal.integration.test.tsx > saved normal Chat pipeline with autosave > recovers actual image transport through the domain adapter, mounted mirror, Retry and remount: '' / prior false
Using normalChatMode

stdout | src/hooks/chat/__tests__/useChatActions.saved-normal.integration.test.tsx > saved normal Chat pipeline with autosave > recovers actual image transport through the domain adapter, mounted mirror, Retry and remount: 'Image question' / prior true
Using normalChatMode

stdout | src/hooks/chat/__tests__/useChatActions.saved-normal.integration.test.tsx > saved normal Chat pipeline with autosave > recovers actual image transport through the domain adapter, mounted mirror, Retry and remount: 'Image question' / prior true
Using normalChatMode

stdout | src/hooks/chat/__tests__/useChatActions.saved-normal.integration.test.tsx > saved normal Chat pipeline with autosave > recovers actual image transport through the domain adapter, mounted mirror, Retry and remount: '' / prior true
Using normalChatMode

stdout | src/hooks/chat/__tests__/useChatActions.saved-normal.integration.test.tsx > saved normal Chat pipeline with autosave > recovers actual image transport through the domain adapter, mounted mirror, Retry and remount: '' / prior true
Using normalChatMode

 ❯ src/hooks/chat/__tests__/useChatActions.saved-normal.integration.test.tsx (57 tests | 4 failed | 53 skipped) 1275ms
     ↓ deletes a qualified mirror row and clears its local reply target using the canonical request ID
     ↓ deletes a qualified mirror row and clears its server reply target using the canonical request ID
     ↓ retains incomplete promotion across same-authority reconnect after 0 copies
     ↓ retains incomplete promotion across same-authority reconnect after 1 copies
     ↓ pauses rather than completes when readiness is lost during create
     ↓ pauses rather than completes when readiness is lost during first copy
     ↓ blocks changed server history after a readiness pause during create
     ↓ blocks changed server history after a readiness pause during acknowledged copy
     ↓ reconciles literal placeholder text using raw listing content
     ↓ hydrates a failed saved turn before Retry without duplicating the canonical user
     ↓ rejects a multi-attachment user before changing the active draft or local mirror
     × recovers actual image transport through the domain adapter, mounted mirror, Retry and remount: 'Image question' / prior false 230ms
     × recovers actual image transport through the domain adapter, mounted mirror, Retry and remount: '' / prior false 208ms
     × recovers actual image transport through the domain adapter, mounted mirror, Retry and remount: 'Image question' / prior true 420ms
     × recovers actual image transport through the domain adapter, mounted mirror, Retry and remount: '' / prior true 417ms
     ↓ does not apply delayed failed-user correlation after A to B to B
     ↓ does not apply delayed failed-user correlation after A to B to A
     ↓ successful regeneration does not re-ACK the already acknowledged user
     ↓ real failed-turn regeneration sends the intended user once without its display error
     ↓ persists a real acknowledged reasoning-only stream as one recoverable saved pair
     ↓ acknowledges both saved turns before backlink eligibility and reload without consuming an identical unsent draft
     ↓ does not apply late stream acknowledgements after switching A to B to B
     ↓ does not apply late stream acknowledgements after switching A to B to A
     ↓ establishes one neutral conversation and local history before inference, including a queued second turn
     ↓ cannot autosave a second conversation while the completed first pair is waiting for local persistence
     ↓ keeps temporary inference unsaved and promotes its existing pair only once
     ↓ returns a recoverable creation failure and retries without a duplicate pair
     ↓ waits for the entire local promotion during create before a follow-up and queued turn
     ↓ waits for the entire local promotion during message before a follow-up and queued turn
     ↓ rechecks the current conversation after promotion finishes during send initialization
     ↓ cancels a waiting follow-up without cancelling the owning promotion
     ↓ cleans up a failed promotion so retry saves the original pair before the next turn
     ↓ retries incomplete promotion through the visible notification after 0 acknowledged copies
     ↓ retries incomplete promotion through the visible notification after 1 acknowledged copies
     ↓ retries incomplete promotion through the visible notification after ambiguous commit acknowledged copies
     ↓ keeps incomplete promotion blocked when reconciliation finds changed identity
     ↓ keeps incomplete promotion blocked when reconciliation finds additional row
     ↓ keeps incomplete promotion blocked when reconciliation finds reordered rows
     ↓ keeps incomplete promotion blocked when reconciliation finds deleted acknowledgement
     ↓ keeps incomplete promotion blocked when reconciliation finds read failure
     ↓ releases incomplete promotion and removes its retry action on new history
     ↓ releases incomplete promotion and removes its retry action on A to B to A
     ↓ releases incomplete promotion and removes its retry action on unmount
     ↓ discards a delayed retry read after an A to B to A boundary
     ↓ does not join or publish an older promotion after new history on the same surface
     ↓ does not join or publish an older promotion after A to B to A on the same surface
     ↓ does not publish a cancelled creation response or invoke inference
     ↓ does not attach a pending first-turn creation to a different local history
     ↓ rejects an A to B to A response during initialize before inference
     ↓ rejects an A to B to A response during create before inference
     ↓ rejects an A to B to A response during link before inference
     ↓ rechecks an autosave after initialization when the send path has established a conversation
     ↓ keeps the new account's state when an old stream completes
     ↓ keeps the new account's state when an old local persistence completes
     ↓ stops old autosave writes after A to B to A during initialize
     ↓ stops old autosave writes after A to B to A during create
     ↓ stops old autosave writes after A to B to A during message

⎯⎯⎯⎯⎯⎯⎯ Failed Tests 4 ⎯⎯⎯⎯⎯⎯⎯

 FAIL  src/hooks/chat/__tests__/useChatActions.saved-normal.integration.test.tsx > saved normal Chat pipeline with autosave > recovers actual image transport through the domain adapter, mounted mirror, Retry and remount: 'Image question' / prior false
 FAIL  src/hooks/chat/__tests__/useChatActions.saved-normal.integration.test.tsx > saved normal Chat pipeline with autosave > recovers actual image transport through the domain adapter, mounted mirror, Retry and remount: '' / prior false
AssertionError: expected [ { …(16) }, { …(18) } ] to have a length of 1 but got 2

- Expected
+ Received

- 1
+ 2

 ❯ src/hooks/chat/__tests__/useChatActions.saved-normal.integration.test.tsx:791:59
    789|     })
    790|     expect(view.result.current.state.messages.filter(row => row.server…
    791|     expect(mocks.rows.filter(row => row.role === "user")).toHaveLength…
       |                                                           ^
    792|     await act(async () => { await view.result.current.actions.regenera…
    793|     expect(projected).toHaveLength(prior ? 3 : 2)

⎯⎯⎯⎯⎯⎯⎯⎯⎯⎯⎯⎯⎯⎯⎯⎯⎯⎯⎯⎯⎯⎯⎯⎯[1/4]⎯

 FAIL  src/hooks/chat/__tests__/useChatActions.saved-normal.integration.test.tsx > saved normal Chat pipeline with autosave > recovers actual image transport through the domain adapter, mounted mirror, Retry and remount: 'Image question' / prior true
 FAIL  src/hooks/chat/__tests__/useChatActions.saved-normal.integration.test.tsx > saved normal Chat pipeline with autosave > recovers actual image transport through the domain adapter, mounted mirror, Retry and remount: '' / prior true
AssertionError: expected [ { …(22) }, { …(16) }, { …(18) } ] to have a length of 2 but got 3

- Expected
+ Received

- 2
+ 3

 ❯ src/hooks/chat/__tests__/useChatActions.saved-normal.integration.test.tsx:791:59
    789|     })
    790|     expect(view.result.current.state.messages.filter(row => row.server…
    791|     expect(mocks.rows.filter(row => row.role === "user")).toHaveLength…
       |                                                           ^
    792|     await act(async () => { await view.result.current.actions.regenera…
    793|     expect(projected).toHaveLength(prior ? 3 : 2)

⎯⎯⎯⎯⎯⎯⎯⎯⎯⎯⎯⎯⎯⎯⎯⎯⎯⎯⎯⎯⎯⎯⎯⎯[2/4]⎯


 Test Files  1 failed (1)
      Tests  4 failed | 53 skipped (57)
   Start at  23:29:09
   Duration  2.84s (transform 650ms, setup 75ms, import 1.17s, tests 1.28s, environment 225ms)

