
 RUN  v4.0.18 /Users/macbook-dev/Documents/GitHub/tldw_server2/apps/packages/ui

(node:67678) ExperimentalWarning: localStorage is not available because --localstorage-file was not provided.
(Use `node --trace-warnings ...` to show where the warning was created)
stderr | src/services/tldw/__tests__/TldwChat.abort.test.ts > TldwChatService abort lifecycle > preserves a streaming request-scope change error
Stream completion failed: scope changed

stderr | src/services/tldw/__tests__/TldwChat.abort.test.ts > TldwChatService abort lifecycle > aborts the internal request when the caller's signal fires
Stream completion failed: Aborted

stderr | src/services/tldw/__tests__/TldwChat.abort.test.ts > TldwChatService abort lifecycle > cancelStream aborts every in-flight stream (global stop everything)
Stream completion failed: Aborted

stderr | src/services/tldw/__tests__/TldwChat.abort.test.ts > TldwChatService abort lifecycle > cancelStream aborts every in-flight stream (global stop everything)
Stream completion failed: Aborted

 ✓ src/services/tldw/__tests__/TldwChat.abort.test.ts (10 tests) 6ms
(node:67687) ExperimentalWarning: localStorage is not available because --localstorage-file was not provided.
(Use `node --trace-warnings ...` to show where the warning was created)
 ✓ src/models/__tests__/ChatTldw.abort-signal.test.ts (3 tests) 3ms
(node:67689) ExperimentalWarning: localStorage is not available because --localstorage-file was not provided.
(Use `node --trace-warnings ...` to show where the warning was created)
 ✓ src/models/__tests__/ChatTldw.stream-metadata.test.ts (4 tests) 3ms
(node:67696) ExperimentalWarning: localStorage is not available because --localstorage-file was not provided.
(Use `node --trace-warnings ...` to show where the warning was created)
 ✓ src/models/__tests__/ChatTldw.stream-transport-interrupted.test.ts (2 tests) 4ms

 Test Files  4 passed (4)
      Tests  19 passed (19)
   Start at  23:27:38
   Duration  2.55s (transform 532ms, setup 303ms, import 778ms, tests 15ms, environment 1.08s)

