
 RUN  v4.0.18 /Users/macbook-dev/Documents/GitHub/tldw_server2/apps/packages/ui

(node:13756) ExperimentalWarning: localStorage is not available because --localstorage-file was not provided.
(Use `node --trace-warnings ...` to show where the warning was created)
 ❯ src/components/Option/Playground/__tests__/Playground.coordinator.integration.test.tsx (29 tests | 1 failed | 28 skipped) 271ms
     ↓ registers the webui chat route context on mount
     ↓ waits for session scope readiness before consuming the one-time restore pass
     ↓ falls back to recent chat only when restore reports nothing restored
     ↓ stops recent-chat initialization when restore reports cancellation
     ↓ does not overwrite a server chat selected while session scope initializes
     ↓ applies explicit character chat route ids before persisted session restore
     ↓ applies character route ids before persisted session restore
     ↓ applies a settings-return server chat before persisted session restore
     ↓ selects the saved Flashcard source conversation through the actual neutral Chat route consumer
     ↓ applies a sidepanel handoff before persisted session restore
     ↓ starts a fresh character route chat over an active server chat
     ↓ settles canonical saved entry with the real session subscription and local loader (StrictMode=false)
     ↓ settles canonical saved entry with the real session subscription and local loader (StrictMode=true)
     ↓ cancels pending generic restoration before applying an explicit settings target
     ↓ finishes a delayed current settings local-history load
     ↓ finishes a delayed current timeline local-history load
     ↓ does not complete a failed local settings return as a successful server selection
     ↓ keeps a saved target over a previous character while profile is delayed
     ↓ keeps a saved target over a previous character while messages is delayed
     ↓ does not install a late saved identity after picker changes during metadata fetch
     ↓ does not install a late saved identity after picker-roundtrip changes during metadata fetch
     ↓ does not install a late saved identity after replacement changes during metadata fetch
     ↓ does not install a late saved identity after principal changes during metadata fetch
     ↓ does not replay a consumed saved route or apply a late profile over a new picker choice (same turn false)
     ↓ does not replay a consumed saved route or apply a late profile over a new picker choice (same turn true)
     ↓ discards optional profile completion after replacement
     ↓ discards optional profile completion after principal
     ↓ discards optional profile completion after unmount
     × waits for shared canonical selection storage before either loader publishes metadata readiness 269ms

⎯⎯⎯⎯⎯⎯⎯ Failed Tests 1 ⎯⎯⎯⎯⎯⎯⎯

 FAIL  src/components/Option/Playground/__tests__/Playground.coordinator.integration.test.tsx > Playground coordinator integration > waits for shared canonical selection storage before either loader publishes metadata readiness
AssertionError: expected "vi.fn()" to not be called at all, but actually been called 1 times

Received:

  1st vi.fn() call:

    Array [
      "robot",
      Object {
        "include_deleted": "false",
        "include_metadata": "true",
        "limit": 200,
        "offset": 0,
      },
      Object {
        "requestScope": Object {
          "config": Object {
            "authMode": "multi-user",
            "serverUrl": "http://chat.test",
          },
          "userId": "A",
        },
        "scope": undefined,
        "signal": AbortSignal {
          Symbol(kEvents): Map {},
          Symbol(events.maxEventTargetListeners): 0,
          Symbol(events.maxEventTargetListenersWarned): false,
          Symbol(kHandlers): Map {},
          Symbol(kAborted): false,
          Symbol(kReason): undefined,
          Symbol(kComposite): false,
        },
      },
    ]


Number of calls: 1

 ❯ src/components/Option/Playground/__tests__/Playground.coordinator.integration.test.tsx:826:52
    824|       await act(async () => { releaseMetadata(); await metadata })
    825|       expect(useStoreMessageOption.getState().serverChatMetaLoaded).to…
    826|       expect(tldwClientState.listChatMessages).not.toHaveBeenCalled()
       |                                                    ^
    827|       await act(async () => { releaseStorage(); await realLoader.stora…
    828|       await waitFor(() => expect(useStoreMessageOption.getState().serv…

⎯⎯⎯⎯⎯⎯⎯⎯⎯⎯⎯⎯⎯⎯⎯⎯⎯⎯⎯⎯⎯⎯⎯⎯[1/1]⎯


 Test Files  1 failed (1)
      Tests  1 failed | 28 skipped (29)
   Start at  15:06:07
   Duration  3.50s (transform 1.31s, setup 112ms, import 2.61s, tests 271ms, environment 396ms)
