
 RUN  v4.0.18 /Users/macbook-dev/Documents/GitHub/tldw_server2/apps/packages/ui

(node:18383) ExperimentalWarning: localStorage is not available because --localstorage-file was not provided.
(Use `node --trace-warnings ...` to show where the warning was created)
 ✓ src/components/Notes/__tests__/NotesManagerPage.stage26.backlink-labels.test.tsx (13 tests) 4500ms
     ✓ shows conversation title labels with UUID debug tooltip in list and header  613ms
     ✓ retries transient conversation label lookups and hydrates once they recover  1602ms
(node:18562) ExperimentalWarning: localStorage is not available because --localstorage-file was not provided.
(Use `node --trace-warnings ...` to show where the warning was created)
 ✓ src/hooks/__tests__/useServerChatLoader.mirror.integration.test.tsx (10 tests) 2882ms
     ✓ recovers an old partial mirror and survives repeated reload (greeting true)  625ms
     ✓ recovers an old partial mirror and survives repeated reload (greeting false)  612ms
(node:18629) ExperimentalWarning: localStorage is not available because --localstorage-file was not provided.
(Use `node --trace-warnings ...` to show where the warning was created)
 ✓ src/hooks/__tests__/usePlaygroundSessionPersistence.test.tsx (8 tests) 711ms
(node:18662) ExperimentalWarning: localStorage is not available because --localstorage-file was not provided.
(Use `node --trace-warnings ...` to show where the warning was created)
 ✓ src/components/Option/Playground/__tests__/Playground.coordinator.integration.test.tsx (30 tests) 4203ms
     ✓ does not replay a consumed saved route or apply a late profile over a new picker choice (same turn false)  524ms
     ✓ does not replay a consumed saved route or apply a late profile over a new picker choice (same turn true)  523ms
(node:18724) ExperimentalWarning: localStorage is not available because --localstorage-file was not provided.
(Use `node --trace-warnings ...` to show where the warning was created)
 ✓ src/hooks/__tests__/useLoadLocalConversation.test.tsx (13 tests) 463ms
(node:18739) ExperimentalWarning: localStorage is not available because --localstorage-file was not provided.
(Use `node --trace-warnings ...` to show where the warning was created)
 ✓ src/hooks/__tests__/useSelectedAssistant.test.tsx (15 tests) 87ms
(node:18742) ExperimentalWarning: localStorage is not available because --localstorage-file was not provided.
(Use `node --trace-warnings ...` to show where the warning was created)
 ✓ src/hooks/__tests__/useServerChatLoader.scope.test.tsx (7 tests) 16ms
(node:18746) ExperimentalWarning: localStorage is not available because --localstorage-file was not provided.
(Use `node --trace-warnings ...` to show where the warning was created)
 ✓ src/hooks/__tests__/useMessageOption.assistant-overlay.test.tsx (2 tests) 10ms
(node:18752) ExperimentalWarning: localStorage is not available because --localstorage-file was not provided.
(Use `node --trace-warnings ...` to show where the warning was created)
 ✓ src/hooks/__tests__/useServerChatLoader.test.ts (30 tests) 7ms

 Test Files  9 passed (9)
      Tests  128 passed (128)
   Start at  15:14:03
   Duration  22.72s (transform 1.97s, setup 591ms, import 6.08s, tests 12.88s, environment 2.29s)
