
 RUN  v4.0.18 /Users/macbook-dev/Documents/GitHub/tldw_server2/apps/packages/ui

(node:99598) ExperimentalWarning: localStorage is not available because --localstorage-file was not provided.
(Use `node --trace-warnings ...` to show where the warning was created)
 ❯ src/components/Option/Playground/__tests__/Playground.coordinator.integration.test.tsx (19 tests | 2 failed | 17 skipped) 527ms
     ↓ registers the webui chat route context on mount
     ↓ waits for session scope readiness before consuming the one-time restore pass
     ↓ falls back to recent chat only when restore reports nothing restored
     ↓ stops recent-chat initialization when restore reports cancellation
     ↓ does not overwrite a server chat selected while session scope initializes
     ↓ applies explicit character chat route ids before persisted session restore
     ↓ applies character route ids before persisted session restore
     ↓ applies a settings-return server chat before persisted session restore
     ↓ selects the saved Flashcard source conversation through the actual neutral Chat route consumer
     ↓ applies a sidepanel handoff before persisted session restore
     ↓ starts a fresh character route chat over an active server chat
     ↓ settles canonical saved entry with the real session subscription and local loader (StrictMode=false)
     ↓ settles canonical saved entry with the real session subscription and local loader (StrictMode=true)
     ↓ cancels pending generic restoration before applying an explicit settings target
     ↓ finishes a delayed current settings local-history load
     ↓ finishes a delayed current timeline local-history load
     ↓ does not complete a failed local settings return as a successful server selection
     × keeps a saved target over a previous character while profile is delayed 275ms
     × keeps a saved target over a previous character while messages is delayed 251ms

⎯⎯⎯⎯⎯⎯⎯ Failed Tests 2 ⎯⎯⎯⎯⎯⎯⎯

 FAIL  src/components/Option/Playground/__tests__/Playground.coordinator.integration.test.tsx > Playground coordinator integration > keeps a saved target over a previous character while profile is delayed
 FAIL  src/components/Option/Playground/__tests__/Playground.coordinator.integration.test.tsx > Playground coordinator integration > keeps a saved target over a previous character while messages is delayed
AssertionError: expected true to be false // Object.is equality

- Expected
+ Received

- false
+ true

 ❯ src/components/Option/Playground/__tests__/Playground.coordinator.integration.test.tsx:702:70
    700|       const readyIndex = changes.findIndex(row => row.meta)
    701|       expect(readyIndex).toBeGreaterThan(-1)
    702|       expect(changes.slice(readyIndex).some(row => row.id === null)).t…
       |                                                                      ^
    703|       await act(async () => { release(); await pending })
    704|       await waitFor(() => expect(useStoreMessageOption.getState().mess…

⎯⎯⎯⎯⎯⎯⎯⎯⎯⎯⎯⎯⎯⎯⎯⎯⎯⎯⎯⎯⎯⎯⎯⎯[1/2]⎯


 Test Files  1 failed (1)
      Tests  2 failed | 17 skipped (19)
   Start at  14:46:14
   Duration  2.66s (transform 1.05s, setup 76ms, import 1.75s, tests 527ms, environment 223ms)
