
 RUN  v4.0.18 /Users/macbook-dev/Documents/GitHub/tldw_server2/apps/tldw-frontend

(node:41195) ExperimentalWarning: localStorage is not available because --localstorage-file was not provided.
(Use `node --trace-warnings ...` to show where the warning was created)
(node:41196) ExperimentalWarning: localStorage is not available because --localstorage-file was not provided.
(Use `node --trace-warnings ...` to show where the warning was created)
stderr | __tests__/flashcards-generated-save-errors.test.tsx > Flashcards mutations through the real request and Next Pages error paths > keeps a generation claim-verification 422 inline, retains options, and allows another generation
[tldw:request] POST /api/v1/flashcards/generate 422 {"code":"claim_verification_failed","claimVerification":{"verdict":"failed","report":{"numerical_error_count":1,"claims":[{"claim_id":"flashcard:1:back:c1","claim_text":"The trial response rate was 90%.","status":"numerical_error","confidence":0.85}]},"unitResults":[{"unit_id":"flashcard:1:back","verdict":"failed","statuses":["numerical_error"]}]}}

stderr | __tests__/flashcards-generated-save-errors.test.tsx > Flashcards mutations through the real request and Next Pages error paths > keeps a generation claim-verification 422 inline, retains options, and allows another generation
Failed to generate flashcards: Error: {"code":"claim_verification_failed","claimVerification":{"verdict":"failed","report":{"numerical_error_count":1,"claims":[{"claim_id":"flashcard:1:back:c1","claim_text":"The trial response rate was 90%.","status":"numerical_error","confidence":0.85}]},"unitResults":[{"unit_id":"flashcard:1:back","verdict":"failed","statuses":["numerical_error"]}]}} (POST /api/v1/flashcards/generate)
    at buildRequestError (/Users/macbook-dev/Documents/GitHub/tldw_server2/apps/packages/ui/src/services/background-proxy.ts:1054:19)
    at handleFailedResponse (/Users/macbook-dev/Documents/GitHub/tldw_server2/apps/packages/ui/src/services/background-proxy.ts:1200:28)
    at runNextTicks (node:internal/process/task_queues:65:5)
    at processTimers (node:internal/timers:538:9)
    at bgRequestImpl (/Users/macbook-dev/Documents/GitHub/tldw_server2/apps/packages/ui/src/services/background-proxy.ts:1445:21)
    at generateFlashcards (/Users/macbook-dev/Documents/GitHub/tldw_server2/apps/packages/ui/src/services/flashcards.ts:1003:10) {
  status: 422,
  details: {
    detail: { code: 'claim_verification_failed', claimVerification: [Object] }
  },
  headers: { 'content-type': 'application/json' },
  retryAfterMs: null
}

 ✓ ../packages/ui/src/components/Flashcards/tabs/__tests__/ManageTab.empty-state.test.tsx (9 tests) 1326ms
     ✓ updates the localized count and keeps page selection separate from the total  442ms
stderr | __tests__/flashcards-generated-save-errors.test.tsx > Flashcards mutations through the real request and Next Pages error paths > keeps a deck HTTP 409 save failure inline and retries the edited draft
[tldw:request] POST /api/v1/flashcards/decks 409 Failed to create deck

stderr | __tests__/flashcards-generated-save-errors.test.tsx > Flashcards mutations through the real request and Next Pages error paths > keeps a deck HTTP 409 save failure inline and retries the edited draft
Failed to create deck: Error: Failed to create deck (POST /api/v1/flashcards/decks)
    at buildRequestError (/Users/macbook-dev/Documents/GitHub/tldw_server2/apps/packages/ui/src/services/background-proxy.ts:1054:19)
    at handleFailedResponse (/Users/macbook-dev/Documents/GitHub/tldw_server2/apps/packages/ui/src/services/background-proxy.ts:1200:28)
    at bgRequestImpl (/Users/macbook-dev/Documents/GitHub/tldw_server2/apps/packages/ui/src/services/background-proxy.ts:1445:21) {
  status: 409,
  details: { detail: 'Failed to create deck' },
  headers: { 'content-type': 'application/json' },
  retryAfterMs: null
}

stderr | __tests__/flashcards-generated-save-errors.test.tsx > Flashcards mutations through the real request and Next Pages error paths > keeps a deck HTTP 500 save failure inline and retries the edited draft
[tldw:request] POST /api/v1/flashcards/decks 500 Failed to create deck

stderr | __tests__/flashcards-generated-save-errors.test.tsx > Flashcards mutations through the real request and Next Pages error paths > keeps a deck HTTP 500 save failure inline and retries the edited draft
Failed to create deck: Error: Failed to create deck (POST /api/v1/flashcards/decks)
    at buildRequestError (/Users/macbook-dev/Documents/GitHub/tldw_server2/apps/packages/ui/src/services/background-proxy.ts:1054:19)
    at handleFailedResponse (/Users/macbook-dev/Documents/GitHub/tldw_server2/apps/packages/ui/src/services/background-proxy.ts:1200:28)
    at bgRequestImpl (/Users/macbook-dev/Documents/GitHub/tldw_server2/apps/packages/ui/src/services/background-proxy.ts:1445:21) {
  status: 500,
  details: { detail: 'Failed to create deck' },
  headers: { 'content-type': 'application/json' },
  retryAfterMs: null
}

stderr | __tests__/flashcards-generated-save-errors.test.tsx > Flashcards mutations through the real request and Next Pages error paths > keeps a card HTTP 422 save failure inline and retries the edited draft
[tldw:request] POST /api/v1/flashcards 422 Failed to create flashcard

stderr | __tests__/flashcards-generated-save-errors.test.tsx > Flashcards mutations through the real request and Next Pages error paths > keeps a card HTTP 422 save failure inline and retries the edited draft
Failed to create flashcard: Error: Failed to create flashcard (POST /api/v1/flashcards)
    at buildRequestError (/Users/macbook-dev/Documents/GitHub/tldw_server2/apps/packages/ui/src/services/background-proxy.ts:1054:19)
    at handleFailedResponse (/Users/macbook-dev/Documents/GitHub/tldw_server2/apps/packages/ui/src/services/background-proxy.ts:1200:28)
    at bgRequestImpl (/Users/macbook-dev/Documents/GitHub/tldw_server2/apps/packages/ui/src/services/background-proxy.ts:1445:21) {
  status: 422,
  details: { detail: 'Failed to create flashcard' },
  headers: { 'content-type': 'application/json' },
  retryAfterMs: null
}

stderr | __tests__/flashcards-generated-save-errors.test.tsx > Flashcards mutations through the real request and Next Pages error paths > keeps a card HTTP 500 save failure inline and retries the edited draft
[tldw:request] POST /api/v1/flashcards 500 Failed to create flashcard

stderr | __tests__/flashcards-generated-save-errors.test.tsx > Flashcards mutations through the real request and Next Pages error paths > keeps a card HTTP 500 save failure inline and retries the edited draft
Failed to create flashcard: Error: Failed to create flashcard (POST /api/v1/flashcards)
    at buildRequestError (/Users/macbook-dev/Documents/GitHub/tldw_server2/apps/packages/ui/src/services/background-proxy.ts:1054:19)
    at handleFailedResponse (/Users/macbook-dev/Documents/GitHub/tldw_server2/apps/packages/ui/src/services/background-proxy.ts:1200:28)
    at bgRequestImpl (/Users/macbook-dev/Documents/GitHub/tldw_server2/apps/packages/ui/src/services/background-proxy.ts:1445:21) {
  status: 500,
  details: { detail: 'Failed to create flashcard' },
  headers: { 'content-type': 'application/json' },
  retryAfterMs: null
}

stderr | __tests__/flashcards-generated-save-errors.test.tsx > Flashcards mutations through the real request and Next Pages error paths > keeps an assistant HTTP500 inline, retains the question and card, and accepts a successful retry
[tldw:request] POST /api/v1/flashcards/citrine-card/assistant/respond 500 Internal server error

stderr | __tests__/flashcards-generated-save-errors.test.tsx > Flashcards mutations through the real request and Next Pages error paths > keeps an assistant HTTP500 inline, retains the question and card, and accepts a successful retry
Failed to respond with flashcard assistant: Error: Internal server error (POST /api/v1/flashcards/citrine-card/assistant/respond)
    at buildRequestError (/Users/macbook-dev/Documents/GitHub/tldw_server2/apps/packages/ui/src/services/background-proxy.ts:1054:19)
    at handleFailedResponse (/Users/macbook-dev/Documents/GitHub/tldw_server2/apps/packages/ui/src/services/background-proxy.ts:1200:28)
    at bgRequestImpl (/Users/macbook-dev/Documents/GitHub/tldw_server2/apps/packages/ui/src/services/background-proxy.ts:1445:21)
    at respondFlashcardAssistant (/Users/macbook-dev/Documents/GitHub/tldw_server2/apps/packages/ui/src/services/flashcards.ts:891:10) {
  status: 500,
  details: { detail: 'Internal server error' },
  headers: { 'content-type': 'application/json' },
  retryAfterMs: null
}

stderr | __tests__/flashcards-generated-save-errors.test.tsx > Flashcards mutations through the real request and Next Pages error paths > preserves a scheduled rating after HTTP500 and retries within the real review run without a Next overlay
[tldw:request] POST /api/v1/flashcards/review 500 Internal server error

stderr | __tests__/flashcards-generated-save-errors.test.tsx > Flashcards mutations through the real request and Next Pages error paths > preserves a scheduled rating after HTTP500 and retries within the real review run without a Next overlay
Failed to submit flashcard review: Error: Internal server error (POST /api/v1/flashcards/review)
    at buildRequestError (/Users/macbook-dev/Documents/GitHub/tldw_server2/apps/packages/ui/src/services/background-proxy.ts:1054:19)
    at handleFailedResponse (/Users/macbook-dev/Documents/GitHub/tldw_server2/apps/packages/ui/src/services/background-proxy.ts:1200:28)
    at bgRequestImpl (/Users/macbook-dev/Documents/GitHub/tldw_server2/apps/packages/ui/src/services/background-proxy.ts:1445:21)
    at reviewFlashcard (/Users/macbook-dev/Documents/GitHub/tldw_server2/apps/packages/ui/src/services/flashcards.ts:933:10) {
  status: 500,
  details: { detail: 'Internal server error' },
  headers: { 'content-type': 'application/json' },
  retryAfterMs: null
}

Browserslist: browsers data (caniuse-lite) is 8 months old. Please run:
  npx update-browserslist-db@latest
  Why you should do it regularly: https://github.com/browserslist/update-db#readme
stderr | __tests__/flashcards-generated-save-errors.test.tsx > Flashcards mutations through the real request and Next Pages error paths > preserves the deck programming error rejection and Next diagnostic
Failed to create deck: TypeError: Cannot read properties of null (reading 'trim')
    at Object.mutationFn (/Users/macbook-dev/Documents/GitHub/tldw_server2/apps/packages/ui/src/components/Flashcards/hooks/useFlashcardQueries.ts:762:27)
    at Object.fn (file:///Users/macbook-dev/Documents/GitHub/tldw_server2/apps/node_modules/.bun/@tanstack+query-core@5.90.20/node_modules/@tanstack/query-core/build/modern/mutation.js:74:29)
    at run (file:///Users/macbook-dev/Documents/GitHub/tldw_server2/apps/node_modules/.bun/@tanstack+query-core@5.90.20/node_modules/@tanstack/query-core/build/modern/retryer.js:77:49)
    at Object.start (file:///Users/macbook-dev/Documents/GitHub/tldw_server2/apps/node_modules/.bun/@tanstack+query-core@5.90.20/node_modules/@tanstack/query-core/build/modern/retryer.js:119:9)
    at Mutation.execute (file:///Users/macbook-dev/Documents/GitHub/tldw_server2/apps/node_modules/.bun/@tanstack+query-core@5.90.20/node_modules/@tanstack/query-core/build/modern/mutation.js:115:40)
    at /Users/macbook-dev/Documents/GitHub/tldw_server2/apps/tldw-frontend/__tests__/flashcards-generated-save-errors.test.tsx:371:33

stderr | __tests__/flashcards-generated-save-errors.test.tsx > Flashcards mutations through the real request and Next Pages error paths > preserves the card programming error rejection and Next diagnostic
Failed to create flashcard: TypeError: Invalid draft getter
    at Object.get front [as front] (/Users/macbook-dev/Documents/GitHub/tldw_server2/apps/tldw-frontend/__tests__/flashcards-generated-save-errors.test.tsx:375:84)
    at Object.mutationFn (/Users/macbook-dev/Documents/GitHub/tldw_server2/apps/packages/ui/src/components/Flashcards/hooks/useFlashcardQueries.ts:714:39)
    at Object.fn (file:///Users/macbook-dev/Documents/GitHub/tldw_server2/apps/node_modules/.bun/@tanstack+query-core@5.90.20/node_modules/@tanstack/query-core/build/modern/mutation.js:74:29)
    at run (file:///Users/macbook-dev/Documents/GitHub/tldw_server2/apps/node_modules/.bun/@tanstack+query-core@5.90.20/node_modules/@tanstack/query-core/build/modern/retryer.js:77:49)
    at Object.start (file:///Users/macbook-dev/Documents/GitHub/tldw_server2/apps/node_modules/.bun/@tanstack+query-core@5.90.20/node_modules/@tanstack/query-core/build/modern/retryer.js:119:9)
    at Mutation.execute (file:///Users/macbook-dev/Documents/GitHub/tldw_server2/apps/node_modules/.bun/@tanstack+query-core@5.90.20/node_modules/@tanstack/query-core/build/modern/mutation.js:115:40)
    at /Users/macbook-dev/Documents/GitHub/tldw_server2/apps/tldw-frontend/__tests__/flashcards-generated-save-errors.test.tsx:375:16

stderr | __tests__/flashcards-generated-save-errors.test.tsx > Flashcards mutations through the real request and Next Pages error paths > preserves the generation programming error rejection and Next diagnostic
Failed to generate flashcards: TypeError: Invalid source getter
    at Object.get text [as text] (/Users/macbook-dev/Documents/GitHub/tldw_server2/apps/tldw-frontend/__tests__/flashcards-generated-save-errors.test.tsx:372:117)
    at Object.mutationFn (/Users/macbook-dev/Documents/GitHub/tldw_server2/apps/packages/ui/src/components/Flashcards/hooks/useFlashcardQueries.ts:1058:22)
    at Object.fn (file:///Users/macbook-dev/Documents/GitHub/tldw_server2/apps/node_modules/.bun/@tanstack+query-core@5.90.20/node_modules/@tanstack/query-core/build/modern/mutation.js:74:29)
    at run (file:///Users/macbook-dev/Documents/GitHub/tldw_server2/apps/node_modules/.bun/@tanstack+query-core@5.90.20/node_modules/@tanstack/query-core/build/modern/retryer.js:77:49)
    at Object.start (file:///Users/macbook-dev/Documents/GitHub/tldw_server2/apps/node_modules/.bun/@tanstack+query-core@5.90.20/node_modules/@tanstack/query-core/build/modern/retryer.js:119:9)
    at Mutation.execute (file:///Users/macbook-dev/Documents/GitHub/tldw_server2/apps/node_modules/.bun/@tanstack+query-core@5.90.20/node_modules/@tanstack/query-core/build/modern/mutation.js:115:40)
    at /Users/macbook-dev/Documents/GitHub/tldw_server2/apps/tldw-frontend/__tests__/flashcards-generated-save-errors.test.tsx:372:44

stderr | __tests__/flashcards-generated-save-errors.test.tsx > Flashcards mutations through the real request and Next Pages error paths > preserves the assistant programming error rejection and Next diagnostic
Failed to respond with flashcard assistant: TypeError: Invalid assistant request getter
    at Object.get request [as request] (/Users/macbook-dev/Documents/GitHub/tldw_server2/apps/tldw-frontend/__tests__/flashcards-generated-save-errors.test.tsx:373:143)
    at Object.mutationFn (/Users/macbook-dev/Documents/GitHub/tldw_server2/apps/packages/ui/src/components/Flashcards/hooks/useFlashcardQueries.ts:1005:30)
    at Object.fn (file:///Users/macbook-dev/Documents/GitHub/tldw_server2/apps/node_modules/.bun/@tanstack+query-core@5.90.20/node_modules/@tanstack/query-core/build/modern/mutation.js:74:29)
    at run (file:///Users/macbook-dev/Documents/GitHub/tldw_server2/apps/node_modules/.bun/@tanstack+query-core@5.90.20/node_modules/@tanstack/query-core/build/modern/retryer.js:77:49)
    at Object.start (file:///Users/macbook-dev/Documents/GitHub/tldw_server2/apps/node_modules/.bun/@tanstack+query-core@5.90.20/node_modules/@tanstack/query-core/build/modern/retryer.js:119:9)
    at Mutation.execute (file:///Users/macbook-dev/Documents/GitHub/tldw_server2/apps/node_modules/.bun/@tanstack+query-core@5.90.20/node_modules/@tanstack/query-core/build/modern/mutation.js:115:40)
    at /Users/macbook-dev/Documents/GitHub/tldw_server2/apps/tldw-frontend/__tests__/flashcards-generated-save-errors.test.tsx:373:43

stderr | __tests__/flashcards-generated-save-errors.test.tsx > Flashcards mutations through the real request and Next Pages error paths > preserves the rating programming error rejection and Next diagnostic
Failed to submit flashcard review: TypeError: Invalid rating card getter
    at Object.get cardUuid [as cardUuid] (/Users/macbook-dev/Documents/GitHub/tldw_server2/apps/tldw-frontend/__tests__/flashcards-generated-save-errors.test.tsx:374:112)
    at Object.mutationFn (/Users/macbook-dev/Documents/GitHub/tldw_server2/apps/packages/ui/src/components/Flashcards/hooks/useFlashcardQueries.ts:974:27)
    at Object.fn (file:///Users/macbook-dev/Documents/GitHub/tldw_server2/apps/node_modules/.bun/@tanstack+query-core@5.90.20/node_modules/@tanstack/query-core/build/modern/mutation.js:74:29)
    at run (file:///Users/macbook-dev/Documents/GitHub/tldw_server2/apps/node_modules/.bun/@tanstack+query-core@5.90.20/node_modules/@tanstack/query-core/build/modern/retryer.js:77:49)
    at Object.start (file:///Users/macbook-dev/Documents/GitHub/tldw_server2/apps/node_modules/.bun/@tanstack+query-core@5.90.20/node_modules/@tanstack/query-core/build/modern/retryer.js:119:9)
    at Mutation.execute (file:///Users/macbook-dev/Documents/GitHub/tldw_server2/apps/node_modules/.bun/@tanstack+query-core@5.90.20/node_modules/@tanstack/query-core/build/modern/mutation.js:115:40)
    at /Users/macbook-dev/Documents/GitHub/tldw_server2/apps/tldw-frontend/__tests__/flashcards-generated-save-errors.test.tsx:374:40

 ✓ __tests__/flashcards-generated-save-errors.test.tsx (12 tests) 4333ms
     ✓ keeps a generation claim-verification 422 inline, retains options, and allows another generation  1027ms
     ✓ keeps a deck HTTP 409 save failure inline and retries the edited draft  624ms
     ✓ keeps a deck HTTP 500 save failure inline and retries the edited draft  568ms
     ✓ keeps a card HTTP 422 save failure inline and retries the edited draft  587ms
     ✓ keeps a card HTTP 500 save failure inline and retries the edited draft  626ms
     ✓ keeps an assistant HTTP500 inline, retains the question and card, and accepts a successful retry  883ms

 Test Files  2 passed (2)
      Tests  21 passed (21)
   Start at  18:22:37
   Duration  6.15s (transform 1.01s, setup 199ms, import 2.04s, tests 5.66s, environment 530ms)
