$ vitest run src/components/Flashcards/tabs/__tests__/ReviewTab.cram-mode.test.tsx src/components/Flashcards/tabs/__tests__/ReviewTab.rerate.test.tsx src/components/Flashcards/hooks/__tests__/useFlashcardReviewRun.test.tsx "--maxWorkers=1" --no-file-parallelism

 RUN  v4.0.18 /Users/macbook-dev/Documents/GitHub/tldw_server2/apps/packages/ui

(node:12205) ExperimentalWarning: localStorage is not available because --localstorage-file was not provided.
(Use `node --trace-warnings ...` to show where the warning was created)
 ✓ src/components/Flashcards/tabs/__tests__/ReviewTab.cram-mode.test.tsx (7 tests) 1201ms
     ✓ reaches every intended card after scheduled queue refetch (reordered=false)  308ms
(node:12262) ExperimentalWarning: localStorage is not available because --localstorage-file was not provided.
(Use `node --trace-warnings ...` to show where the warning was created)
 ✓ src/components/Flashcards/tabs/__tests__/ReviewTab.rerate.test.tsx (1 test) 565ms
     ✓ keeps re-rate visible after advancing and restores the reviewed card  564ms
(node:12267) ExperimentalWarning: localStorage is not available because --localstorage-file was not provided.
(Use `node --trace-warnings ...` to show where the warning was created)
stderr | src/components/Flashcards/hooks/__tests__/useFlashcardReviewRun.test.tsx > review run with real scope lease, mutations and outbound transport > blocks a target change before dispatch instead of sending current credentials to the old target
Failed to submit flashcard review: Error: The server or authenticated account changed before the request was sent.
    at createServicePromptScopeChangedError (/Users/macbook-dev/Documents/GitHub/tldw_server2/apps/packages/ui/src/services/tldw/service-prompt-scope-error.ts:151:17)
    at resolveCurrentServicePromptConfig (/Users/macbook-dev/Documents/GitHub/tldw_server2/apps/packages/ui/src/services/background-proxy.ts:512:11)
    at bgRequestImpl (/Users/macbook-dev/Documents/GitHub/tldw_server2/apps/packages/ui/src/services/background-proxy.ts:1425:5)
    at reviewFlashcard (/Users/macbook-dev/Documents/GitHub/tldw_server2/apps/packages/ui/src/services/flashcards.ts:907:10) {
  status: 412,
  details: {
    detail: {
      code: 'request_config_scope_changed',
      message: 'The server or authenticated account changed before the request was sent.'
    }
  }
}

stderr | src/components/Flashcards/hooks/__tests__/useFlashcardReviewRun.test.tsx > review run with real scope lease, mutations and outbound transport > ignores a late failed rating after replacement instead of installing its error
[tldw:request] POST /api/v1/flashcards/review 500 Old failure

stderr | src/components/Flashcards/hooks/__tests__/useFlashcardReviewRun.test.tsx > review run with real scope lease, mutations and outbound transport > does not replay a failed rating write and retains the acknowledged ID for an explicit retry
[tldw:request] POST /api/v1/flashcards/review 0 Network failed

stderr | src/components/Flashcards/hooks/__tests__/useFlashcardReviewRun.test.tsx > review run with real scope lease, mutations and outbound transport > does not replay a failed rating write and retains the acknowledged ID for an explicit retry
Failed to submit flashcard review: Error: Network failed (POST /api/v1/flashcards/review)
    at buildRequestError (/Users/macbook-dev/Documents/GitHub/tldw_server2/apps/packages/ui/src/services/background-proxy.ts:1054:19)
    at handleFailedResponse (/Users/macbook-dev/Documents/GitHub/tldw_server2/apps/packages/ui/src/services/background-proxy.ts:1200:28)
    at bgRequestImpl (/Users/macbook-dev/Documents/GitHub/tldw_server2/apps/packages/ui/src/services/background-proxy.ts:1445:21)
    at reviewFlashcard (/Users/macbook-dev/Documents/GitHub/tldw_server2/apps/packages/ui/src/services/flashcards.ts:907:10) {
  status: 0,
  headers: undefined,
  retryAfterMs: undefined
}

stderr | src/components/Flashcards/hooks/__tests__/useFlashcardReviewRun.test.tsx > review run with real scope lease, mutations and outbound transport > allows an explicit retry after a temporary owner-lookup failure
[tldw:request] GET /api/v1/auth/me 503 Temporarily unavailable

stderr | src/components/Flashcards/hooks/__tests__/useFlashcardReviewRun.test.tsx > review run with real scope lease, mutations and outbound transport > requires an explicit new session after the retained session expires, without replaying the rating
[tldw:request] POST /api/v1/flashcards/review 404 Flashcard review session is not active

stderr | src/components/Flashcards/hooks/__tests__/useFlashcardReviewRun.test.tsx > review run with real scope lease, mutations and outbound transport > requires an explicit new session after the retained session expires, without replaying the rating
Failed to submit flashcard review: Error: Flashcard review session is not active (POST /api/v1/flashcards/review)
    at buildRequestError (/Users/macbook-dev/Documents/GitHub/tldw_server2/apps/packages/ui/src/services/background-proxy.ts:1054:19)
    at handleFailedResponse (/Users/macbook-dev/Documents/GitHub/tldw_server2/apps/packages/ui/src/services/background-proxy.ts:1200:28)
    at bgRequestImpl (/Users/macbook-dev/Documents/GitHub/tldw_server2/apps/packages/ui/src/services/background-proxy.ts:1445:21)
    at reviewFlashcard (/Users/macbook-dev/Documents/GitHub/tldw_server2/apps/packages/ui/src/services/flashcards.ts:907:10) {
  status: 404,
  details: { detail: 'Flashcard review session is not active' },
  headers: { 'content-type': 'application/json' },
  retryAfterMs: null
}

stderr | src/components/Flashcards/hooks/__tests__/useFlashcardReviewRun.test.tsx > review run with real scope lease, mutations and outbound transport > keeps a valid retained session when only the reviewed card is missing
[tldw:request] POST /api/v1/flashcards/review 404 Flashcard not found

stderr | src/components/Flashcards/hooks/__tests__/useFlashcardReviewRun.test.tsx > review run with real scope lease, mutations and outbound transport > keeps a valid retained session when only the reviewed card is missing
Failed to submit flashcard review: Error: Flashcard not found (POST /api/v1/flashcards/review)
    at buildRequestError (/Users/macbook-dev/Documents/GitHub/tldw_server2/apps/packages/ui/src/services/background-proxy.ts:1054:19)
    at handleFailedResponse (/Users/macbook-dev/Documents/GitHub/tldw_server2/apps/packages/ui/src/services/background-proxy.ts:1200:28)
    at bgRequestImpl (/Users/macbook-dev/Documents/GitHub/tldw_server2/apps/packages/ui/src/services/background-proxy.ts:1445:21)
    at reviewFlashcard (/Users/macbook-dev/Documents/GitHub/tldw_server2/apps/packages/ui/src/services/flashcards.ts:907:10) {
  status: 404,
  details: { detail: 'Flashcard not found' },
  headers: { 'content-type': 'application/json' },
  retryAfterMs: null
}

stderr | src/components/Flashcards/hooks/__tests__/useFlashcardReviewRun.test.tsx > review run with real scope lease, mutations and outbound transport > retires canonical-invalidated work delivered through local rating without changing raw credentials
Not authenticated. Please log in under Settings → tldw server before continuing.

stderr | src/components/Flashcards/hooks/__tests__/useFlashcardReviewRun.test.tsx > review run with real scope lease, mutations and outbound transport > retires canonical-invalidated work delivered through local rating without changing raw credentials
Not authenticated. Please log in under Settings → tldw server before continuing.

stderr | src/components/Flashcards/hooks/__tests__/useFlashcardReviewRun.test.tsx > review run with real scope lease, mutations and outbound transport > retires canonical-invalidated work delivered through local end without changing raw credentials
Not authenticated. Please log in under Settings → tldw server before continuing.

stderr | src/components/Flashcards/hooks/__tests__/useFlashcardReviewRun.test.tsx > review run with real scope lease, mutations and outbound transport > retires canonical-invalidated work delivered through local end without changing raw credentials
Not authenticated. Please log in under Settings → tldw server before continuing.

stderr | src/components/Flashcards/hooks/__tests__/useFlashcardReviewRun.test.tsx > review run with real scope lease, mutations and outbound transport > retires canonical-invalidated work delivered through native rating without changing raw credentials
Not authenticated. Please log in under Settings → tldw server before continuing.

stderr | src/components/Flashcards/hooks/__tests__/useFlashcardReviewRun.test.tsx > review run with real scope lease, mutations and outbound transport > retires canonical-invalidated work delivered through native rating without changing raw credentials
Not authenticated. Please log in under Settings → tldw server before continuing.

stderr | src/components/Flashcards/hooks/__tests__/useFlashcardReviewRun.test.tsx > review run with real scope lease, mutations and outbound transport > retires canonical-invalidated work delivered through native end without changing raw credentials
Not authenticated. Please log in under Settings → tldw server before continuing.

stderr | src/components/Flashcards/hooks/__tests__/useFlashcardReviewRun.test.tsx > review run with real scope lease, mutations and outbound transport > retires canonical-invalidated work delivered through native end without changing raw credentials
Not authenticated. Please log in under Settings → tldw server before continuing.

stderr | src/components/Flashcards/hooks/__tests__/useFlashcardReviewRun.test.tsx > review run with real scope lease, mutations and outbound transport > retires canonical-invalidated work delivered through extension rating without changing raw credentials
Not authenticated. Please log in under Settings → tldw server before continuing.

stderr | src/components/Flashcards/hooks/__tests__/useFlashcardReviewRun.test.tsx > review run with real scope lease, mutations and outbound transport > retires canonical-invalidated work delivered through extension rating without changing raw credentials
Not authenticated. Please log in under Settings → tldw server before continuing.

stderr | src/components/Flashcards/hooks/__tests__/useFlashcardReviewRun.test.tsx > review run with real scope lease, mutations and outbound transport > retires canonical-invalidated work delivered through extension end without changing raw credentials
Not authenticated. Please log in under Settings → tldw server before continuing.

stderr | src/components/Flashcards/hooks/__tests__/useFlashcardReviewRun.test.tsx > review run with real scope lease, mutations and outbound transport > retires canonical-invalidated work delivered through extension end without changing raw credentials
Not authenticated. Please log in under Settings → tldw server before continuing.

 ✓ src/components/Flashcards/hooks/__tests__/useFlashcardReviewRun.test.tsx (45 tests) 1611ms

 Test Files  3 passed (3)
      Tests  53 passed (53)
   Start at  06:27:01
   Duration  8.82s (transform 1.63s, setup 289ms, import 3.81s, tests 3.38s, environment 993ms)

