$ vitest run src/components/Flashcards/tabs/__tests__/ReviewTab src/components/Flashcards/hooks/__tests__/useFlashcardReviewRun.test.tsx src/components/Flashcards/hooks/__tests__/useFlashcardQueries.cram-queue.test.tsx "--maxWorkers=1" --no-file-parallelism

 RUN  v4.0.18 /Users/macbook-dev/Documents/GitHub/tldw_server2/apps/packages/ui

(node:13564) ExperimentalWarning: localStorage is not available because --localstorage-file was not provided.
(Use `node --trace-warnings ...` to show where the warning was created)
 ✓ src/components/Flashcards/tabs/__tests__/ReviewTab.cram-mode.test.tsx (14 tests) 1623ms
(node:13590) ExperimentalWarning: localStorage is not available because --localstorage-file was not provided.
(Use `node --trace-warnings ...` to show where the warning was created)
 ✓ src/components/Flashcards/tabs/__tests__/ReviewTab.queue-state.test.tsx (13 tests) 530ms
(node:13594) ExperimentalWarning: localStorage is not available because --localstorage-file was not provided.
(Use `node --trace-warnings ...` to show where the warning was created)
 ✓ src/components/Flashcards/tabs/__tests__/ReviewTab.analytics-summary.test.tsx (3 tests) 423ms
(node:13601) ExperimentalWarning: localStorage is not available because --localstorage-file was not provided.
(Use `node --trace-warnings ...` to show where the warning was created)
 ✓ src/components/Flashcards/tabs/__tests__/ReviewTab.orientation.test.tsx (6 tests) 389ms
(node:13611) ExperimentalWarning: localStorage is not available because --localstorage-file was not provided.
(Use `node --trace-warnings ...` to show where the warning was created)
 ✓ src/components/Flashcards/tabs/__tests__/ReviewTab.edit-in-review.test.tsx (3 tests) 3157ms
     ✓ opens edit drawer from the review card and returns to review on cancel  3090ms
(node:13643) ExperimentalWarning: localStorage is not available because --localstorage-file was not provided.
(Use `node --trace-warnings ...` to show where the warning was created)
 ✓ src/components/Flashcards/tabs/__tests__/ReviewTab.study-pack-remediation.test.tsx (2 tests) 567ms
     ✓ renders citation-backed remediation, deep-dive access, and keeps review controls usable  502ms
(node:13647) ExperimentalWarning: localStorage is not available because --localstorage-file was not provided.
(Use `node --trace-warnings ...` to show where the warning was created)
stderr | src/components/Flashcards/tabs/__tests__/ReviewTab.study-suggestions.test.tsx > ReviewTab study suggestions > retains one explicit global session across seven mixed cards (deck-first)
Warning: [antd: Space] `direction` is deprecated. Please use `orientation` instead.
Warning: [antd: Space] `direction` is deprecated. Please use `orientation` instead.

stderr | src/components/Flashcards/tabs/__tests__/ReviewTab.study-suggestions.test.tsx > ReviewTab study suggestions > retains one explicit global session across seven mixed cards (deck-first)
Warning: [antd: Space] `direction` is deprecated. Please use `orientation` instead.
Warning: [antd: Space] `direction` is deprecated. Please use `orientation` instead.
Warning: [antd: Space] `direction` is deprecated. Please use `orientation` instead.
Warning: [antd: Space] `direction` is deprecated. Please use `orientation` instead.

stderr | src/components/Flashcards/tabs/__tests__/ReviewTab.study-suggestions.test.tsx > ReviewTab study suggestions > retains one explicit global session across seven mixed cards (undecked-first)
Warning: [antd: Space] `direction` is deprecated. Please use `orientation` instead.
Warning: [antd: Space] `direction` is deprecated. Please use `orientation` instead.

stderr | src/components/Flashcards/tabs/__tests__/ReviewTab.study-suggestions.test.tsx > ReviewTab study suggestions > retains one explicit global session across seven mixed cards (undecked-first)
Warning: [antd: Space] `direction` is deprecated. Please use `orientation` instead.
Warning: [antd: Space] `direction` is deprecated. Please use `orientation` instead.
Warning: [antd: Space] `direction` is deprecated. Please use `orientation` instead.
Warning: [antd: Space] `direction` is deprecated. Please use `orientation` instead.

stderr | src/components/Flashcards/tabs/__tests__/ReviewTab.study-suggestions.test.tsx > ReviewTab study suggestions > clicking End Session completes the session and reveals the panel
Warning: [antd: Space] `direction` is deprecated. Please use `orientation` instead.
Warning: [antd: Space] `direction` is deprecated. Please use `orientation` instead.

stderr | src/components/Flashcards/tabs/__tests__/ReviewTab.study-suggestions.test.tsx > ReviewTab study suggestions > clicking End Session completes the session and reveals the panel
Warning: [antd: Space] `direction` is deprecated. Please use `orientation` instead.
Warning: [antd: Space] `direction` is deprecated. Please use `orientation` instead.
Warning: [antd: Space] `direction` is deprecated. Please use `orientation` instead.
Warning: [antd: Space] `direction` is deprecated. Please use `orientation` instead.

stderr | src/components/Flashcards/tabs/__tests__/ReviewTab.study-suggestions.test.tsx > ReviewTab study suggestions > offers an explicit new session for an expired session while retaining the card and answer
[flashcards:error] {
  code: 'FLASHCARDS_NOT_FOUND',
  status: 404,
  operation: 'submitting your review',
  raw: 'Flashcard review session is not active'
}

stderr | src/components/Flashcards/tabs/__tests__/ReviewTab.study-suggestions.test.tsx > ReviewTab study suggestions > queue exhaustion auto-calls the end-session path once
Warning: [antd: Space] `direction` is deprecated. Please use `orientation` instead.
Warning: [antd: Space] `direction` is deprecated. Please use `orientation` instead.

stderr | src/components/Flashcards/tabs/__tests__/ReviewTab.study-suggestions.test.tsx > ReviewTab study suggestions > queue exhaustion auto-calls the end-session path once
Warning: [antd: Space] `direction` is deprecated. Please use `orientation` instead.
Warning: [antd: Space] `direction` is deprecated. Please use `orientation` instead.
Warning: [antd: Space] `direction` is deprecated. Please use `orientation` instead.
Warning: [antd: Space] `direction` is deprecated. Please use `orientation` instead.

stderr | src/components/Flashcards/tabs/__tests__/ReviewTab.study-suggestions.test.tsx > ReviewTab study suggestions > queue exhaustion auto-calls the end-session path once
Warning: [antd: Space] `direction` is deprecated. Please use `orientation` instead.
Warning: [antd: Space] `direction` is deprecated. Please use `orientation` instead.
Warning: [antd: Space] `direction` is deprecated. Please use `orientation` instead.
Warning: [antd: Space] `direction` is deprecated. Please use `orientation` instead.

stderr | src/components/Flashcards/tabs/__tests__/ReviewTab.study-suggestions.test.tsx > ReviewTab study suggestions > recent study sessions reopen the linked snapshot from ReviewTab
Warning: [antd: Space] `direction` is deprecated. Please use `orientation` instead.
Warning: [antd: Space] `direction` is deprecated. Please use `orientation` instead.
Warning: [antd: Space] `direction` is deprecated. Please use `orientation` instead.
Warning: [antd: Space] `direction` is deprecated. Please use `orientation` instead.
Warning: [antd: Space] `direction` is deprecated. Please use `orientation` instead.
Warning: [antd: Space] `direction` is deprecated. Please use `orientation` instead.

stderr | src/components/Flashcards/tabs/__tests__/ReviewTab.study-suggestions.test.tsx > ReviewTab study suggestions > reopens generated flashcard follow-ups in the review surface
Warning: [antd: Space] `direction` is deprecated. Please use `orientation` instead.
Warning: [antd: Space] `direction` is deprecated. Please use `orientation` instead.

stderr | src/components/Flashcards/tabs/__tests__/ReviewTab.study-suggestions.test.tsx > ReviewTab study suggestions > reopens generated flashcard follow-ups in the review surface
Warning: [antd: Space] `direction` is deprecated. Please use `orientation` instead.
Warning: [antd: Space] `direction` is deprecated. Please use `orientation` instead.
Warning: [antd: Space] `direction` is deprecated. Please use `orientation` instead.
Warning: [antd: Space] `direction` is deprecated. Please use `orientation` instead.

stderr | src/components/Flashcards/tabs/__tests__/ReviewTab.study-suggestions.test.tsx > ReviewTab study suggestions > routes generated quiz follow-ups through the flashcards handoff
Warning: [antd: Space] `direction` is deprecated. Please use `orientation` instead.
Warning: [antd: Space] `direction` is deprecated. Please use `orientation` instead.

stderr | src/components/Flashcards/tabs/__tests__/ReviewTab.study-suggestions.test.tsx > ReviewTab study suggestions > routes generated quiz follow-ups through the flashcards handoff
Warning: [antd: Space] `direction` is deprecated. Please use `orientation` instead.
Warning: [antd: Space] `direction` is deprecated. Please use `orientation` instead.
Warning: [antd: Space] `direction` is deprecated. Please use `orientation` instead.
Warning: [antd: Space] `direction` is deprecated. Please use `orientation` instead.

stderr | src/components/Flashcards/tabs/__tests__/ReviewTab.study-suggestions.test.tsx > ReviewTab study suggestions > routes generated quiz follow-ups through the flashcards handoff
Warning: [antd: Space] `direction` is deprecated. Please use `orientation` instead.
Warning: [antd: Space] `direction` is deprecated. Please use `orientation` instead.
Warning: [antd: Space] `direction` is deprecated. Please use `orientation` instead.
Warning: [antd: Space] `direction` is deprecated. Please use `orientation` instead.

stderr | src/components/Flashcards/tabs/__tests__/ReviewTab.study-suggestions.test.tsx > ReviewTab study suggestions > routes generated quiz follow-ups through the flashcards handoff
Warning: [antd: Space] `direction` is deprecated. Please use `orientation` instead.
Warning: [antd: Space] `direction` is deprecated. Please use `orientation` instead.
Warning: [antd: Space] `direction` is deprecated. Please use `orientation` instead.
Warning: [antd: Space] `direction` is deprecated. Please use `orientation` instead.

stderr | src/components/Flashcards/tabs/__tests__/ReviewTab.study-suggestions.test.tsx > ReviewTab study suggestions > exploratory-only sessions use weaker copy and suppress source-aware adjacency claims
Warning: [antd: Space] `direction` is deprecated. Please use `orientation` instead.
Warning: [antd: Space] `direction` is deprecated. Please use `orientation` instead.
Warning: [antd: Space] `direction` is deprecated. Please use `orientation` instead.
Warning: [antd: Space] `direction` is deprecated. Please use `orientation` instead.
Warning: [antd: Space] `direction` is deprecated. Please use `orientation` instead.
Warning: [antd: Space] `direction` is deprecated. Please use `orientation` instead.

 ✓ src/components/Flashcards/tabs/__tests__/ReviewTab.study-suggestions.test.tsx (13 tests) 14133ms
     ✓ retains one explicit global session across seven mixed cards (deck-first)  924ms
     ✓ retains one explicit global session across seven mixed cards (undecked-first)  2294ms
     ✓ clicking End Session completes the session and reveals the panel  1768ms
     ✓ does not end a live session for a transient or failed next-card query  792ms
     ✓ offers an explicit new session for an expired session while retaining the card and answer  2107ms
     ✓ queue exhaustion auto-calls the end-session path once  714ms
     ✓ recent study sessions reopen the linked snapshot from ReviewTab  379ms
     ✓ ends the active session when the review scope changes  689ms
     ✓ reopens generated flashcard follow-ups in the review surface  1905ms
     ✓ routes generated quiz follow-ups through the flashcards handoff  1713ms
     ✓ exploratory-only sessions use weaker copy and suppress source-aware adjacency claims  523ms
(node:13809) ExperimentalWarning: localStorage is not available because --localstorage-file was not provided.
(Use `node --trace-warnings ...` to show where the warning was created)
 ✓ src/components/Flashcards/tabs/__tests__/ReviewTab.assistant.test.tsx (11 tests) 7327ms
     ✓ keeps review recall first and resets explicit help when the active card changes  335ms
     ✓ keeps assistant actions collapsed before answer reveal and expands on demand  434ms
     ✓ requires transcript confirmation before submitting fact-check requests  592ms
     ✓ stops voice capture and clears the transcript when the assistant is collapsed  337ms
     ✓ plays back assistant replies on demand  377ms
     ✓ shows assistant errors without blocking review controls  345ms
     ✓ reloads the latest thread and offers retry actions after a conflict  1014ms
     ✓ clears the pending request when reloading the latest thread  1718ms
     ✓ preserves transcript fact-check requests across conflict recovery  1495ms
     ✓ uses refreshed top-level remediation context after conflict recovery  379ms
(node:13889) ExperimentalWarning: localStorage is not available because --localstorage-file was not provided.
(Use `node --trace-warnings ...` to show where the warning was created)
stderr | src/components/Flashcards/tabs/__tests__/ReviewTab.create-cta.test.tsx > ReviewTab create CTA visibility > shows explicit version-conflict guidance when review submission fails with conflict
[flashcards:error] {
  code: 'FLASHCARDS_VERSION_CONFLICT',
  status: 409,
  operation: 'submitting your review',
  raw: 'Version mismatch: expected 4, got 5'
}

stderr | src/components/Flashcards/tabs/__tests__/ReviewTab.create-cta.test.tsx > ReviewTab create CTA visibility > retries failed review submissions with preserved answer timing
[flashcards:error] {
  code: 'FLASHCARDS_NETWORK',
  status: undefined,
  operation: 'submitting your review',
  raw: 'Failed to fetch'
}

 ✓ src/components/Flashcards/tabs/__tests__/ReviewTab.create-cta.test.tsx (25 tests) 3576ms
     ✓ keeps a visible re-rate action after rating an active review card  518ms
     ✓ shows deck study dashboard actions from review analytics  513ms
     ✓ shows the all-deck dashboard before starting an all-deck due review  313ms
(node:13968) ExperimentalWarning: localStorage is not available because --localstorage-file was not provided.
(Use `node --trace-warnings ...` to show where the warning was created)
stderr | src/components/Flashcards/hooks/__tests__/useFlashcardReviewRun.test.tsx > review run with real scope lease, mutations and outbound transport > blocks a target change before dispatch instead of sending current credentials to the old target
Failed to submit flashcard review: Error: The server or authenticated account changed before the request was sent.
    at createServicePromptScopeChangedError (/Users/macbook-dev/Documents/GitHub/tldw_server2/apps/packages/ui/src/services/tldw/service-prompt-scope-error.ts:151:17)
    at resolveCurrentServicePromptConfig (/Users/macbook-dev/Documents/GitHub/tldw_server2/apps/packages/ui/src/services/background-proxy.ts:512:11)
    at bgRequestImpl (/Users/macbook-dev/Documents/GitHub/tldw_server2/apps/packages/ui/src/services/background-proxy.ts:1425:5)
    at reviewFlashcard (/Users/macbook-dev/Documents/GitHub/tldw_server2/apps/packages/ui/src/services/flashcards.ts:907:10) {
  status: 412,
  details: {
    detail: {
      code: 'request_config_scope_changed',
      message: 'The server or authenticated account changed before the request was sent.'
    }
  }
}

stderr | src/components/Flashcards/hooks/__tests__/useFlashcardReviewRun.test.tsx > review run with real scope lease, mutations and outbound transport > ignores a late failed rating after replacement instead of installing its error
[tldw:request] POST /api/v1/flashcards/review 500 Old failure

stderr | src/components/Flashcards/hooks/__tests__/useFlashcardReviewRun.test.tsx > review run with real scope lease, mutations and outbound transport > does not replay a failed rating write and retains the acknowledged ID for an explicit retry
[tldw:request] POST /api/v1/flashcards/review 0 Network failed

stderr | src/components/Flashcards/hooks/__tests__/useFlashcardReviewRun.test.tsx > review run with real scope lease, mutations and outbound transport > does not replay a failed rating write and retains the acknowledged ID for an explicit retry
Failed to submit flashcard review: Error: Network failed (POST /api/v1/flashcards/review)
    at buildRequestError (/Users/macbook-dev/Documents/GitHub/tldw_server2/apps/packages/ui/src/services/background-proxy.ts:1054:19)
    at handleFailedResponse (/Users/macbook-dev/Documents/GitHub/tldw_server2/apps/packages/ui/src/services/background-proxy.ts:1200:28)
    at bgRequestImpl (/Users/macbook-dev/Documents/GitHub/tldw_server2/apps/packages/ui/src/services/background-proxy.ts:1445:21)
    at reviewFlashcard (/Users/macbook-dev/Documents/GitHub/tldw_server2/apps/packages/ui/src/services/flashcards.ts:907:10) {
  status: 0,
  headers: undefined,
  retryAfterMs: undefined
}

stderr | src/components/Flashcards/hooks/__tests__/useFlashcardReviewRun.test.tsx > review run with real scope lease, mutations and outbound transport > allows an explicit retry after a temporary owner-lookup failure
[tldw:request] GET /api/v1/auth/me 503 Temporarily unavailable

stderr | src/components/Flashcards/hooks/__tests__/useFlashcardReviewRun.test.tsx > review run with real scope lease, mutations and outbound transport > requires an explicit new session after the retained session expires, without replaying the rating
[tldw:request] POST /api/v1/flashcards/review 404 Flashcard review session is not active

stderr | src/components/Flashcards/hooks/__tests__/useFlashcardReviewRun.test.tsx > review run with real scope lease, mutations and outbound transport > requires an explicit new session after the retained session expires, without replaying the rating
Failed to submit flashcard review: Error: Flashcard review session is not active (POST /api/v1/flashcards/review)
    at buildRequestError (/Users/macbook-dev/Documents/GitHub/tldw_server2/apps/packages/ui/src/services/background-proxy.ts:1054:19)
    at handleFailedResponse (/Users/macbook-dev/Documents/GitHub/tldw_server2/apps/packages/ui/src/services/background-proxy.ts:1200:28)
    at bgRequestImpl (/Users/macbook-dev/Documents/GitHub/tldw_server2/apps/packages/ui/src/services/background-proxy.ts:1445:21)
    at reviewFlashcard (/Users/macbook-dev/Documents/GitHub/tldw_server2/apps/packages/ui/src/services/flashcards.ts:907:10) {
  status: 404,
  details: { detail: 'Flashcard review session is not active' },
  headers: { 'content-type': 'application/json' },
  retryAfterMs: null
}

stderr | src/components/Flashcards/hooks/__tests__/useFlashcardReviewRun.test.tsx > review run with real scope lease, mutations and outbound transport > keeps a valid retained session when only the reviewed card is missing
[tldw:request] POST /api/v1/flashcards/review 404 Flashcard not found

stderr | src/components/Flashcards/hooks/__tests__/useFlashcardReviewRun.test.tsx > review run with real scope lease, mutations and outbound transport > keeps a valid retained session when only the reviewed card is missing
Failed to submit flashcard review: Error: Flashcard not found (POST /api/v1/flashcards/review)
    at buildRequestError (/Users/macbook-dev/Documents/GitHub/tldw_server2/apps/packages/ui/src/services/background-proxy.ts:1054:19)
    at handleFailedResponse (/Users/macbook-dev/Documents/GitHub/tldw_server2/apps/packages/ui/src/services/background-proxy.ts:1200:28)
    at bgRequestImpl (/Users/macbook-dev/Documents/GitHub/tldw_server2/apps/packages/ui/src/services/background-proxy.ts:1445:21)
    at reviewFlashcard (/Users/macbook-dev/Documents/GitHub/tldw_server2/apps/packages/ui/src/services/flashcards.ts:907:10) {
  status: 404,
  details: { detail: 'Flashcard not found' },
  headers: { 'content-type': 'application/json' },
  retryAfterMs: null
}

stderr | src/components/Flashcards/hooks/__tests__/useFlashcardReviewRun.test.tsx > review run with real scope lease, mutations and outbound transport > retires canonical-invalidated work delivered through local rating without changing raw credentials
Not authenticated. Please log in under Settings → tldw server before continuing.

stderr | src/components/Flashcards/hooks/__tests__/useFlashcardReviewRun.test.tsx > review run with real scope lease, mutations and outbound transport > retires canonical-invalidated work delivered through local rating without changing raw credentials
Not authenticated. Please log in under Settings → tldw server before continuing.

stderr | src/components/Flashcards/hooks/__tests__/useFlashcardReviewRun.test.tsx > review run with real scope lease, mutations and outbound transport > retires canonical-invalidated work delivered through local end without changing raw credentials
Not authenticated. Please log in under Settings → tldw server before continuing.

stderr | src/components/Flashcards/hooks/__tests__/useFlashcardReviewRun.test.tsx > review run with real scope lease, mutations and outbound transport > retires canonical-invalidated work delivered through local end without changing raw credentials
Not authenticated. Please log in under Settings → tldw server before continuing.

stderr | src/components/Flashcards/hooks/__tests__/useFlashcardReviewRun.test.tsx > review run with real scope lease, mutations and outbound transport > retires canonical-invalidated work delivered through native rating without changing raw credentials
Not authenticated. Please log in under Settings → tldw server before continuing.

stderr | src/components/Flashcards/hooks/__tests__/useFlashcardReviewRun.test.tsx > review run with real scope lease, mutations and outbound transport > retires canonical-invalidated work delivered through native rating without changing raw credentials
Not authenticated. Please log in under Settings → tldw server before continuing.

stderr | src/components/Flashcards/hooks/__tests__/useFlashcardReviewRun.test.tsx > review run with real scope lease, mutations and outbound transport > retires canonical-invalidated work delivered through native end without changing raw credentials
Not authenticated. Please log in under Settings → tldw server before continuing.

stderr | src/components/Flashcards/hooks/__tests__/useFlashcardReviewRun.test.tsx > review run with real scope lease, mutations and outbound transport > retires canonical-invalidated work delivered through native end without changing raw credentials
Not authenticated. Please log in under Settings → tldw server before continuing.

stderr | src/components/Flashcards/hooks/__tests__/useFlashcardReviewRun.test.tsx > review run with real scope lease, mutations and outbound transport > retires canonical-invalidated work delivered through extension rating without changing raw credentials
Not authenticated. Please log in under Settings → tldw server before continuing.

stderr | src/components/Flashcards/hooks/__tests__/useFlashcardReviewRun.test.tsx > review run with real scope lease, mutations and outbound transport > retires canonical-invalidated work delivered through extension rating without changing raw credentials
Not authenticated. Please log in under Settings → tldw server before continuing.

stderr | src/components/Flashcards/hooks/__tests__/useFlashcardReviewRun.test.tsx > review run with real scope lease, mutations and outbound transport > retires canonical-invalidated work delivered through extension end without changing raw credentials
Not authenticated. Please log in under Settings → tldw server before continuing.

stderr | src/components/Flashcards/hooks/__tests__/useFlashcardReviewRun.test.tsx > review run with real scope lease, mutations and outbound transport > retires canonical-invalidated work delivered through extension end without changing raw credentials
Not authenticated. Please log in under Settings → tldw server before continuing.

 ✓ src/components/Flashcards/hooks/__tests__/useFlashcardReviewRun.test.tsx (45 tests) 1612ms
(node:13981) ExperimentalWarning: localStorage is not available because --localstorage-file was not provided.
(Use `node --trace-warnings ...` to show where the warning was created)
 ✓ src/components/Flashcards/tabs/__tests__/ReviewTab.rerate.test.tsx (1 test) 397ms
     ✓ keeps re-rate visible after advancing and restores the reviewed card  396ms
(node:13991) ExperimentalWarning: localStorage is not available because --localstorage-file was not provided.
(Use `node --trace-warnings ...` to show where the warning was created)
 ✓ src/components/Flashcards/hooks/__tests__/useFlashcardQueries.cram-queue.test.tsx (3 tests) 169ms
(node:14030) ExperimentalWarning: localStorage is not available because --localstorage-file was not provided.
(Use `node --trace-warnings ...` to show where the warning was created)
 ✓ src/components/Flashcards/tabs/__tests__/ReviewTab.scope-change.guard.test.ts (2 tests) 2ms

 Test Files  13 passed (13)
      Tests  141 passed (141)
   Start at  06:29:54
   Duration  49.93s (transform 1.12s, setup 833ms, import 10.68s, tests 33.91s, environment 3.20s)

