
 RUN  v4.0.18 /Users/macbook-dev/Documents/GitHub/tldw_server2/apps/tldw-frontend

(node:70106) ExperimentalWarning: localStorage is not available because --localstorage-file was not provided.
(Use `node --trace-warnings ...` to show where the warning was created)
(node:70107) ExperimentalWarning: localStorage is not available because --localstorage-file was not provided.
(Use `node --trace-warnings ...` to show where the warning was created)
(node:70105) ExperimentalWarning: localStorage is not available because --localstorage-file was not provided.
(Use `node --trace-warnings ...` to show where the warning was created)
 ❯ ../packages/ui/src/services/__tests__/ingest-job-results.test.ts (25 tests | 3 failed) 9ms
     ✓ surfaces saved-source processing warnings instead of reporting full success 1ms
     ✓ does not promote an unsaved Warning with media ID undefined 0ms
     ✓ does not promote an unsaved Warning with media ID null 0ms
     ✓ does not promote an unsaved Warning with media ID  0ms
     ✓ does not promote an unsaved Warning with media ID   0ms
     ✓ does not promote an unsaved Warning with media ID 0 0ms
     ✓ does not promote an unsaved Warning with media ID -1 0ms
     ✓ does not promote an unsaved Warning with media ID NaN 0ms
     ✓ keeps explicit failures ahead of saved-source warnings: {"error":"Explicit failure"} 0ms
     ✓ keeps explicit failures ahead of saved-source warnings: {"detail":"Explicit failure"} 0ms
     ✓ keeps explicit failures ahead of saved-source warnings: {"errors":["Explicit failure"]} 0ms
     ✓ does not infer a saved warning or clean success from Error 0ms
     × does not infer a saved warning or clean success from cancelled 4ms
     × does not infer a saved warning or clean success from canceled 0ms
     × does not infer a saved warning or clean success from unknown 0ms
     ✓ deduplicates warning details and keeps an empty warning list distinct from clean success 0ms
     ✓ does not borrow a media ID from a mixed aggregate result to promote a Warning 0ms
     ✓ retains terminal error_message over a nested saved Warning 0ms
     ✓ retains terminal cancellation_reason over a nested saved Warning 0ms
     ✓ treats completed jobs with nested error payloads as failures 0ms
     ✓ treats duplicate-complete payloads as skipped instead of failed 0ms
     ✓ extracts the persisted media id from a media/add result list 0ms
     ✓ extracts the persisted media id when media/add returns the list directly 0ms
     ✓ surfaces root-level completed error metadata 0ms
     ✓ surfaces backend errors arrays from persist-style responses 0ms
 ❯ ../packages/ui/src/services/__tests__/ingest-jobs-orchestrator.test.ts (13 tests | 3 failed) 10ms
     × fails closed when the completed wrapper contains a nested cancelled result 4ms
     × fails closed when the completed wrapper contains a nested canceled result 1ms
     × fails closed when the completed wrapper contains a nested unknown result 0ms
     ✓ preserves completed undefined compatibility 0ms
     ✓ preserves completed Success compatibility 0ms
     ✓ preserves completed duplicate compatibility 0ms
     ✓ preserves saved warnings in the tracked-job path without promoting failed or cancelled jobs 1ms
     ✓ tracks submit payloads and cancels each batch once 0ms
     ✓ surfaces submit payload errors when no valid jobs are returned 0ms
     ✓ formats array detail submit errors 0ms
     ✓ polls tracked jobs to terminal statuses and maps results 1ms
     ✓ treats completed jobs with error payloads as failures instead of successes 0ms
     ✓ reports completed jobs with error payloads as failed in single-job polling 0ms
 ❯ ../packages/ui/src/services/__tests__/quick-ingest-session-reattach.test.ts (22 tests | 3 failed) 16ms
     × does not recover nested cancelled results as clean success 6ms
     × does not recover nested canceled results as clean success 1ms
     × does not recover nested unknown results as clean success 0ms
     ✓ retains a saved Warning on reattach with mixed failures=false 1ms
     ✓ retains a saved Warning on reattach with mixed failures=true 0ms
     ✓ reattaches active direct jobs into a processing snapshot 1ms
     ✓ retries a thrown status read and preserves direct transport 2ms
     ✓ retries a thrown transient numeric status 1ms
     ✓ retries a thrown status-zero transport failure 0ms
     ✓ does not retry a thrown permanent numeric status 0ms
     ✓ retries an HTTP 503 status read and returns the completed job 0ms
     ✓ retries a resolved status-zero transport failure 0ms
     ✓ does not retry a string HTTP status 0ms
     ✓ does not retry an ok response carrying a transient status code 0ms
     ✓ marks a persisted processing session as interrupted when reattachment cannot prove live progress 0ms
     ✓ does not retry permanent HTTP 401 status reads 0ms
     ✓ does not retry permanent HTTP 403 status reads 0ms
     ✓ does not retry a successful response with no job status 0ms
     ✓ stops after three transient HTTP 408 status-read attempts 1ms
     ✓ stops after three transient HTTP 429 status-read attempts 0ms
     ✓ maps reattached jobs back to submitted queue item identities 0ms
     ✓ treats completed jobs with error payloads as partial failures during reattach 0ms

⎯⎯⎯⎯⎯⎯⎯ Failed Tests 9 ⎯⎯⎯⎯⎯⎯⎯

 FAIL  ../packages/ui/src/services/__tests__/ingest-job-results.test.ts > ingest job result helpers > does not infer a saved warning or clean success from cancelled
 FAIL  ../packages/ui/src/services/__tests__/ingest-job-results.test.ts > ingest job result helpers > does not infer a saved warning or clean success from canceled
 FAIL  ../packages/ui/src/services/__tests__/ingest-job-results.test.ts > ingest job result helpers > does not infer a saved warning or clean success from unknown
AssertionError: expected false to be true // Object.is equality

- Expected
+ Received

- true
+ false

 ❯ ../packages/ui/src/services/__tests__/ingest-job-results.test.ts:41:57
     39|   it.each(["Error", "cancelled", "canceled", "unknown"])("does not inf…
     40|     const payload = { status, media_id: 1, warnings: ["Analysis warnin…
     41|     expect(completedIngestJobIndicatesFailure(payload)).toBe(true)
       |                                                         ^
     42|     expect(extractCompletedIngestJobWarning(payload)).toBeUndefined()
     43|   })

⎯⎯⎯⎯⎯⎯⎯⎯⎯⎯⎯⎯⎯⎯⎯⎯⎯⎯⎯⎯⎯⎯⎯⎯[1/9]⎯

 FAIL  ../packages/ui/src/services/__tests__/ingest-jobs-orchestrator.test.ts > ingest-jobs-orchestrator > fails closed when the completed wrapper contains a nested cancelled result
 FAIL  ../packages/ui/src/services/__tests__/ingest-jobs-orchestrator.test.ts > ingest-jobs-orchestrator > fails closed when the completed wrapper contains a nested canceled result
 FAIL  ../packages/ui/src/services/__tests__/ingest-jobs-orchestrator.test.ts > ingest-jobs-orchestrator > fails closed when the completed wrapper contains a nested unknown result
AssertionError: expected 'completed' to be 'failed' // Object.is equality

Expected: "failed"
Received: "completed"

 ❯ ../packages/ui/src/services/__tests__/ingest-jobs-orchestrator.test.ts:16:35
     14|       timeoutMs: 1000, pollIntervalMs: 1, isCancelled: () => false,
     15|     })
     16|     expect(result.terminalStatus).toBe("failed")
       |                                   ^
     17|   })
     18| 

⎯⎯⎯⎯⎯⎯⎯⎯⎯⎯⎯⎯⎯⎯⎯⎯⎯⎯⎯⎯⎯⎯⎯⎯[2/9]⎯

 FAIL  ../packages/ui/src/services/__tests__/quick-ingest-session-reattach.test.ts > reattachQuickIngestSession > does not recover nested cancelled results as clean success
 FAIL  ../packages/ui/src/services/__tests__/quick-ingest-session-reattach.test.ts > reattachQuickIngestSession > does not recover nested canceled results as clean success
 FAIL  ../packages/ui/src/services/__tests__/quick-ingest-session-reattach.test.ts > reattachQuickIngestSession > does not recover nested unknown results as clean success
AssertionError: expected 'completed' to be 'partial_failure' // Object.is equality

Expected: "partial_failure"
Received: "completed"

 ❯ ../packages/ui/src/services/__tests__/quick-ingest-session-reattach.test.ts:20:32
     18|     mocks.bgRequest.mockResolvedValue({ ok: true, data: { status: "com…
     19|     const snapshot = await reattachQuickIngestSession({ mode: "webui-d…
     20|     expect(snapshot.lifecycle).toBe("partial_failure")
       |                                ^
     21|     expect(snapshot.jobs[0].error).toBeTruthy()
     22|   })

⎯⎯⎯⎯⎯⎯⎯⎯⎯⎯⎯⎯⎯⎯⎯⎯⎯⎯⎯⎯⎯⎯⎯⎯[3/9]⎯


 Test Files  3 failed (3)
      Tests  9 failed | 51 passed (60)
   Start at  21:27:20
   Duration  674ms (transform 216ms, setup 368ms, import 156ms, tests 35ms, environment 977ms)

