
 RUN  v4.0.18 /Users/macbook-dev/Documents/GitHub/tldw_server2/apps/packages/ui

(node:46998) ExperimentalWarning: localStorage is not available because --localstorage-file was not provided.
(Use `node --trace-warnings ...` to show where the warning was created)
stdout | src/components/Flashcards/tabs/__tests__/ReviewTab.cram-mode.test.tsx > ReviewTab cram mode > UAT128 scheduled queue rerating reorder=false keeps the next unreviewed card
UAT128 safe observation {"reorder":false,"active":"StandardReviewbiologyEditFrontBravo questionNeed help?End SessionShow AnswerSpace FlipE EditCompact hintsRe-rate last card10s","progress":"2 cards remaining, 1 reviewed, Available now: 3Study queue2cards remaining1 reviewedAvailable now: 3~1 min leftBiology"}

Error: No QueryClient set, use QueryClientProvider to set one
    at useQueryClient (file:///Users/macbook-dev/Documents/GitHub/tldw_server2/apps/node_modules/.bun/@tanstack+react-query@5.90.20+f4eacebf2041cd4f/node_modules/@tanstack/react-query/build/modern/QueryClientProvider.js:15:11)
    at useStudySuggestions (/Users/macbook-dev/Documents/GitHub/tldw_server2/apps/packages/ui/src/components/StudySuggestions/hooks/useStudySuggestions.ts:53:23)
    at StudySuggestionsPanel (/Users/macbook-dev/Documents/GitHub/tldw_server2/apps/packages/ui/src/components/StudySuggestions/StudySuggestionsPanel.tsx:237:5)
    at renderWithHooks (/Users/macbook-dev/Documents/GitHub/tldw_server2/apps/node_modules/.bun/react-dom@18.3.1+f4eacebf2041cd4f/node_modules/react-dom/cjs/react-dom.development.js:15486:18)
    at mountIndeterminateComponent (/Users/macbook-dev/Documents/GitHub/tldw_server2/apps/node_modules/.bun/react-dom@18.3.1+f4eacebf2041cd4f/node_modules/react-dom/cjs/react-dom.development.js:20103:13)
    at beginWork (/Users/macbook-dev/Documents/GitHub/tldw_server2/apps/node_modules/.bun/react-dom@18.3.1+f4eacebf2041cd4f/node_modules/react-dom/cjs/react-dom.development.js:21626:16)
    at HTMLUnknownElement.callCallback (/Users/macbook-dev/Documents/GitHub/tldw_server2/apps/node_modules/.bun/react-dom@18.3.1+f4eacebf2041cd4f/node_modules/react-dom/cjs/react-dom.development.js:4164:14)
    at HTMLUnknownElement.callTheUserObjectsOperation (/Users/macbook-dev/Documents/GitHub/tldw_server2/apps/node_modules/.bun/jsdom@28.1.0+f552f6b883fec0ef/node_modules/jsdom/lib/generated/idl/EventListener.js:26:30)
    at innerInvokeEventListeners (/Users/macbook-dev/Documents/GitHub/tldw_server2/apps/node_modules/.bun/jsdom@28.1.0+f552f6b883fec0ef/node_modules/jsdom/lib/jsdom/living/events/EventTarget-impl.js:360:16)
    at invokeEventListeners (/Users/macbook-dev/Documents/GitHub/tldw_server2/apps/node_modules/.bun/jsdom@28.1.0+f552f6b883fec0ef/node_modules/jsdom/lib/jsdom/living/events/EventTarget-impl.js:296:3)
Error: No QueryClient set, use QueryClientProvider to set one
    at useQueryClient (file:///Users/macbook-dev/Documents/GitHub/tldw_server2/apps/node_modules/.bun/@tanstack+react-query@5.90.20+f4eacebf2041cd4f/node_modules/@tanstack/react-query/build/modern/QueryClientProvider.js:15:11)
    at useStudySuggestions (/Users/macbook-dev/Documents/GitHub/tldw_server2/apps/packages/ui/src/components/StudySuggestions/hooks/useStudySuggestions.ts:53:23)
    at StudySuggestionsPanel (/Users/macbook-dev/Documents/GitHub/tldw_server2/apps/packages/ui/src/components/StudySuggestions/StudySuggestionsPanel.tsx:237:5)
    at renderWithHooks (/Users/macbook-dev/Documents/GitHub/tldw_server2/apps/node_modules/.bun/react-dom@18.3.1+f4eacebf2041cd4f/node_modules/react-dom/cjs/react-dom.development.js:15486:18)
    at mountIndeterminateComponent (/Users/macbook-dev/Documents/GitHub/tldw_server2/apps/node_modules/.bun/react-dom@18.3.1+f4eacebf2041cd4f/node_modules/react-dom/cjs/react-dom.development.js:20103:13)
    at beginWork (/Users/macbook-dev/Documents/GitHub/tldw_server2/apps/node_modules/.bun/react-dom@18.3.1+f4eacebf2041cd4f/node_modules/react-dom/cjs/react-dom.development.js:21626:16)
    at HTMLUnknownElement.callCallback (/Users/macbook-dev/Documents/GitHub/tldw_server2/apps/node_modules/.bun/react-dom@18.3.1+f4eacebf2041cd4f/node_modules/react-dom/cjs/react-dom.development.js:4164:14)
    at HTMLUnknownElement.callTheUserObjectsOperation (/Users/macbook-dev/Documents/GitHub/tldw_server2/apps/node_modules/.bun/jsdom@28.1.0+f552f6b883fec0ef/node_modules/jsdom/lib/generated/idl/EventListener.js:26:30)
    at innerInvokeEventListeners (/Users/macbook-dev/Documents/GitHub/tldw_server2/apps/node_modules/.bun/jsdom@28.1.0+f552f6b883fec0ef/node_modules/jsdom/lib/jsdom/living/events/EventTarget-impl.js:360:16)
    at invokeEventListeners (/Users/macbook-dev/Documents/GitHub/tldw_server2/apps/node_modules/.bun/jsdom@28.1.0+f552f6b883fec0ef/node_modules/jsdom/lib/jsdom/living/events/EventTarget-impl.js:296:3)
stderr | src/components/Flashcards/tabs/__tests__/ReviewTab.cram-mode.test.tsx > ReviewTab cram mode > UAT128 scheduled queue rerating reorder=true keeps the next unreviewed card
The above error occurred in the <StudySuggestionsPanel> component:

    at StudySuggestionsPanel (/Users/macbook-dev/Documents/GitHub/tldw_server2/apps/packages/ui/src/components/StudySuggestions/StudySuggestionsPanel.tsx:160:3)
    at div
    at div
    at ReviewTab (/Users/macbook-dev/Documents/GitHub/tldw_server2/apps/packages/ui/src/components/Flashcards/tabs/ReviewTab.tsx:62:3)

Consider adding an error boundary to your tree to customize error handling behavior.
Visit https://reactjs.org/link/error-boundaries to learn more about error boundaries.

 ❯ src/components/Flashcards/tabs/__tests__/ReviewTab.cram-mode.test.tsx (5 tests | 1 failed | 3 skipped) 908ms
     ↓ shows cram controls and tag filter when cram mode is selected
     ↓ does not call review mutation when practicing in cram mode without schedule updates
     ↓ keeps cram queue progression unchanged when the prompt side flips
     ✓ UAT128 scheduled queue rerating reorder=false keeps the next unreviewed card  608ms
     × UAT128 scheduled queue rerating reorder=true keeps the next unreviewed card 299ms

⎯⎯⎯⎯⎯⎯⎯ Failed Tests 1 ⎯⎯⎯⎯⎯⎯⎯

 FAIL  src/components/Flashcards/tabs/__tests__/ReviewTab.cram-mode.test.tsx > ReviewTab cram mode > UAT128 scheduled queue rerating reorder=true keeps the next unreviewed card
TestingLibraryElementError: Unable to find an element by: [data-testid="flashcards-review-empty-card"]

Ignored nodes: comments, script, style
[36m<body>[39m
  [36m<div />[39m
[36m</body>[39m
 ❯ Object.getElementError ../../node_modules/.bun/@testing-library+dom@10.4.1/node_modules/@testing-library/dom/dist/config.js:37:19
 ❯ ../../node_modules/.bun/@testing-library+dom@10.4.1/node_modules/@testing-library/dom/dist/query-helpers.js:76:38
 ❯ ../../node_modules/.bun/@testing-library+dom@10.4.1/node_modules/@testing-library/dom/dist/query-helpers.js:52:17
 ❯ ../../node_modules/.bun/@testing-library+dom@10.4.1/node_modules/@testing-library/dom/dist/query-helpers.js:95:19
 ❯ src/components/Flashcards/tabs/__tests__/ReviewTab.cram-mode.test.tsx:356:155
    334|     expect(screen.getByTestId("flashcards-review-empty-card")).toBeInT…
    335|   })
    336| })
       |   ^
    337| 

⎯⎯⎯⎯⎯⎯⎯⎯⎯⎯⎯⎯⎯⎯⎯⎯⎯⎯⎯⎯⎯⎯⎯⎯[1/1]⎯

⎯⎯⎯⎯⎯⎯ Unhandled Errors ⎯⎯⎯⎯⎯⎯

Vitest caught 1 unhandled error during the test run.
This might cause false positive tests. Resolve unhandled errors to make sure your tests are not affected.

⎯⎯⎯⎯⎯ Uncaught Exception ⎯⎯⎯⎯⎯
Error: No QueryClient set, use QueryClientProvider to set one
 ❯ useQueryClient ../../node_modules/.bun/@tanstack+react-query@5.90.20+f4eacebf2041cd4f/node_modules/@tanstack/react-query/build/modern/QueryClientProvider.js:15:11
 ❯ useStudySuggestions src/components/StudySuggestions/hooks/useStudySuggestions.ts:53:23
     51| ): UseStudySuggestionsResult {
     52|   const isOnline = useServerOnline()
     53|   const queryClient = useQueryClient()
       |                       ^
     54|   const [activeSnapshotId, setActiveSnapshotId] = useState<number | nu…
     55|   const [visibleSnapshot, setVisibleSnapshot] =
 ❯ StudySuggestionsPanel src/components/StudySuggestions/StudySuggestionsPanel.tsx:237:5
 ❯ renderWithHooks ../../node_modules/.bun/react-dom@18.3.1+f4eacebf2041cd4f/node_modules/react-dom/cjs/react-dom.development.js:15486:18
 ❯ mountIndeterminateComponent ../../node_modules/.bun/react-dom@18.3.1+f4eacebf2041cd4f/node_modules/react-dom/cjs/react-dom.development.js:20103:13
 ❯ beginWork ../../node_modules/.bun/react-dom@18.3.1+f4eacebf2041cd4f/node_modules/react-dom/cjs/react-dom.development.js:21626:16
 ❯ beginWork$1 ../../node_modules/.bun/react-dom@18.3.1+f4eacebf2041cd4f/node_modules/react-dom/cjs/react-dom.development.js:27465:14
 ❯ performUnitOfWork ../../node_modules/.bun/react-dom@18.3.1+f4eacebf2041cd4f/node_modules/react-dom/cjs/react-dom.development.js:26599:12
 ❯ workLoopSync ../../node_modules/.bun/react-dom@18.3.1+f4eacebf2041cd4f/node_modules/react-dom/cjs/react-dom.development.js:26505:5
 ❯ renderRootSync ../../node_modules/.bun/react-dom@18.3.1+f4eacebf2041cd4f/node_modules/react-dom/cjs/react-dom.development.js:26473:7

This error originated in "src/components/Flashcards/tabs/__tests__/ReviewTab.cram-mode.test.tsx" test file. It doesn't mean the error was thrown inside the file itself, but while it was running.
The latest test that might've caused the error is "UAT128 scheduled queue rerating reorder=true keeps the next unreviewed card". It might mean one of the following:
- The error was thrown, while Vitest was running this test.
- If the error occurred after the test had been completed, this was the last documented test before it was thrown.
⎯⎯⎯⎯⎯⎯⎯⎯⎯⎯⎯⎯⎯⎯⎯⎯⎯⎯⎯⎯⎯⎯⎯⎯⎯⎯⎯⎯⎯⎯


 Test Files  1 failed (1)
      Tests  1 failed | 1 passed | 3 skipped (5)
     Errors  1 error
   Start at  01:43:28
   Duration  3.56s (transform 883ms, setup 117ms, import 2.03s, tests 908ms, environment 388ms)

