$ vitest run --config "/private/tmp/cycle5-new-saved-reset-probe.config.ts"

 RUN  v4.0.18 /Users/macbook-dev/Documents/GitHub/tldw_server2/apps/packages/ui

(node:65773) ExperimentalWarning: localStorage is not available because --localstorage-file was not provided.
(Use `node --trace-warnings ...` to show where the warning was created)
stdout | src/components/Option/Playground/__tests__/Playground.coordinator.integration.test.tsx > Playground coordinator integration > private actual New saved reset survives pending route navigation false
Private New saved settled {"delay":false,"route":"/chat","serverChatId":null,"messages":[],"selection":null}

stdout | src/components/Option/Playground/__tests__/Playground.coordinator.integration.test.tsx > Playground coordinator integration > private actual New saved reset survives pending route navigation true
Private New saved settled {"delay":true,"route":"/chat","serverChatId":"robot","messages":["BEEP BOOP"],"selection":{"id":"5","name":"Robot","kind":"character","buddy_summary":null,"extensions":null}}

 ❯ src/components/Option/Playground/__tests__/Playground.coordinator.integration.test.tsx (49 tests | 1 failed | 47 skipped) 2167ms
     ↓ promotes accepted entry to saved route and restores its transcript on remount: /chat?mode=character&characterId=4&keep=1
     ↓ promotes accepted entry to saved route and restores its transcript on remount: /options.html#/chat?mode=character&characterId=4&keep=1
     ↓ does not publish a superseded saved target after delayed scope hydration (return to A: false)
     ↓ does not publish a superseded saved target after delayed scope hydration (return to A: true)
     ↓ registers the webui chat route context on mount
     ↓ waits for session scope readiness before consuming the one-time restore pass
     ↓ falls back to recent chat only when restore reports nothing restored
     ↓ stops recent-chat initialization when restore reports cancellation
     ↓ does not overwrite a server chat selected while session scope initializes
     ↓ applies explicit character chat route ids before persisted session restore
     ↓ applies character route ids before persisted session restore
     ↓ applies a settings-return server chat before persisted session restore
     ↓ selects the saved Flashcard source conversation through the actual neutral Chat route consumer
     ↓ applies a sidepanel handoff before persisted session restore
     ↓ starts a fresh character route chat over an active server chat
     ↓ settles canonical saved entry with the real session subscription and local loader (StrictMode=false)
     ↓ settles canonical saved entry with the real session subscription and local loader (StrictMode=true)
     ↓ cancels pending generic restoration before applying an explicit settings target
     ↓ finishes a delayed current settings local-history load
     ↓ finishes a delayed current timeline local-history load
     ↓ does not complete a failed local settings return as a successful server selection
     ↓ uses canonical ordinary workflow after history load despite a persisted Character preference
     ↓ uses canonical ordinary workflow after cold load despite a persisted Character preference
     ↓ preserves the intended workflow for pending chat state
     ↓ preserves the intended workflow for scope-pending chat state
     ↓ preserves the intended workflow for fresh chat state
     ↓ preserves the intended workflow for unsaved chat state
     ↓ preserves the intended workflow for character chat state
     ↓ preserves the intended workflow for persona chat state
     ↓ keeps a saved target over a previous character while profile is delayed
     ↓ keeps a saved target over a previous character while messages is delayed
     ↓ does not install a late saved identity after picker changes during metadata fetch
     ↓ does not install a late saved identity after picker-roundtrip changes during metadata fetch
     ↓ does not install a late saved identity after replacement changes during metadata fetch
     ↓ does not install a late saved identity after principal changes during metadata fetch
     ↓ keeps the saved target while a raw preference change suppresses a late profile (same turn false)
     ↓ keeps the saved target while a raw preference change suppresses a late profile (same turn true)
     ↓ discards optional profile completion after replacement
     ↓ discards optional profile completion after principal
     ↓ discards optional profile completion after unmount
     ↓ loads canonical messages without waiting for optional global selection persistence
     ↓ preserves canonical saved identity with actual WebUI storage and six loaders: immediate
     ↓ preserves canonical saved identity with actual WebUI storage and six loaders: profile
     ↓ preserves canonical saved identity with actual WebUI storage and six loaders: messages
     ↓ preserves canonical saved identity with actual WebUI storage and six loaders: sidebar
     ↓ preserves canonical saved identity with actual WebUI storage and six loaders: cross-tab
     ✓ private actual New saved reset survives pending route navigation false  1122ms
     × private actual New saved reset survives pending route navigation true 1044ms
     ↓ keeps the saved conversation and preference after cancelling the real legacy picker confirmation

⎯⎯⎯⎯⎯⎯⎯ Failed Tests 1 ⎯⎯⎯⎯⎯⎯⎯

 FAIL  src/components/Option/Playground/__tests__/Playground.coordinator.integration.test.tsx > Playground coordinator integration > private actual New saved reset survives pending route navigation true
AssertionError: expected 'robot' to be null

- Expected: 
null

+ Received: 
"robot"

 ❯ src/components/Option/Playground/__tests__/Playground.coordinator.integration.test.tsx:1031:39
    1030|   })
    1031| 
    1032|   it("keeps the saved conversation and preference after cancelling the…
       |                                      ^
    1033|     realLoader.enabled = true
    1034|     realLoader.webStorage = true

⎯⎯⎯⎯⎯⎯⎯⎯⎯⎯⎯⎯⎯⎯⎯⎯⎯⎯⎯⎯⎯⎯⎯⎯[1/2]⎯

 FAIL  src/components/Option/Playground/__tests__/Playground.coordinator.integration.test.tsx > Playground coordinator integration > private actual New saved reset survives pending route navigation true
AssertionError: expected [ { createdAt: undefined, …(33) } ] to deeply equal []

- Expected
+ Received

- []
+ [
+   {
+     "clusterId": undefined,
+     "createdAt": undefined,
+     "generationInfo": undefined,
+     "id": "answer",
+     "images": [],
+     "isBot": true,
+     "message": "BEEP BOOP",
+     "messageType": "character:greeting",
+     "metadataExtra": undefined,
+     "modelId": undefined,
+     "modelImage": undefined,
+     "modelName": "Robot",
+     "moodConfidence": null,
+     "moodLabel": undefined,
+     "moodTopic": null,
+     "name": "Robot",
+     "parentMessageId": null,
+     "pinned": false,
+     "role": "assistant",
+     "serverMessageId": "answer",
+     "serverMessageVersion": 1,
+     "sources": [],
+     "speakerCharacterId": null,
+     "speakerCharacterName": undefined,
+     "visualActorId": null,
+     "visualActorKind": null,
+     "visualAssetId": null,
+     "visualAssetUrl": null,
+     "visualExpressionKey": null,
+     "visualFallbackReason": null,
+     "visualIsAnimated": null,
+     "visualPackId": null,
+     "visualPackVersionId": null,
+     "visualPreviewUrl": null,
+   },
+ ]

 ❯ src/components/Option/Playground/__tests__/Playground.coordinator.integration.test.tsx:1032:35
    1030|   })
    1031| 
    1032|   it("keeps the saved conversation and preference after cancelling the…
       |                                   ^
    1033|     realLoader.enabled = true
    1034|     realLoader.webStorage = true

⎯⎯⎯⎯⎯⎯⎯⎯⎯⎯⎯⎯⎯⎯⎯⎯⎯⎯⎯⎯⎯⎯⎯⎯[2/2]⎯


 Test Files  1 failed (1)
      Tests  1 failed | 1 passed | 47 skipped (49)
   Start at  02:21:50
   Duration  5.83s (transform 1.31s, setup 155ms, import 2.71s, tests 2.17s, environment 639ms)

error: script "test" exited with code 1
