$ vitest run src/store/__tests__/connection.readiness-refresh.test.ts "--maxWorkers=1" --no-file-parallelism

 RUN  v4.0.18 /Users/macbook-dev/Documents/GitHub/tldw_server2/apps/packages/ui

(node:80351) ExperimentalWarning: localStorage is not available because --localstorage-file was not provided.
(Use `node --trace-warnings ...` to show where the warning was created)
 ❯ src/store/__tests__/connection.readiness-refresh.test.ts (8 tests | 2 failed) 853ms
     × rotates successive expired pairs and projects connected from the actual readiness GET 92ms
     × terminal refresh401 invalidates the pair and later readiness checks do not poll it 2ms
     ✓ rejects a delayed readiness refresh after target changes without writing rotated authority 252ms
     ✓ rejects a delayed readiness refresh after owner changes without writing rotated authority 252ms
     ✓ rejects a delayed readiness refresh after A-B-A changes without writing rotated authority 252ms
     ✓ retains credentials without refreshing for non-auth failure 403 2ms
     ✓ retains credentials without refreshing for non-auth failure 0 1ms
     ✓ does not add refresh or replay to an ordinary direct mutation 0ms

⎯⎯⎯⎯⎯⎯⎯ Failed Tests 2 ⎯⎯⎯⎯⎯⎯⎯

 FAIL  src/store/__tests__/connection.readiness-refresh.test.ts > connection readiness through actual apiSend and canonical refresh > rotates successive expired pairs and projects connected from the actual readiness GET
AssertionError: expected false to be true // Object.is equality

- Expected
+ Received

- true
+ false

 ❯ src/store/__tests__/connection.readiness-refresh.test.ts:66:61
     64|     }))
     65|     await useConnectionStore.getState().checkOnce({ force: true })
     66|     expect(useConnectionStore.getState().state.isConnected).toBe(true)
       |                                                             ^
     67|     expectedAccess = "expired-again"
     68|     await useConnectionStore.getState().checkOnce({ force: true })

⎯⎯⎯⎯⎯⎯⎯⎯⎯⎯⎯⎯⎯⎯⎯⎯⎯⎯⎯⎯⎯⎯⎯⎯[1/2]⎯

 FAIL  src/store/__tests__/connection.readiness-refresh.test.ts > connection readiness through actual apiSend and canonical refresh > terminal refresh401 invalidates the pair and later readiness checks do not poll it
AssertionError: expected { Object (serverUrl, authMode, ...) } to not have property "accessToken"

- Expected: 
undefined

+ Received: 
"test.eyJzdWIiOiJBbGljZSIsImdlbmVyYXRpb24iOjB9.signature"

 ❯ src/store/__tests__/connection.readiness-refresh.test.ts:79:39
     77|     vi.stubGlobal("fetch", fetchSpy)
     78|     await useConnectionStore.getState().checkOnce({ force: true })
     79|     expect(await currentConfig()).not.toHaveProperty("accessToken")
       |                                       ^
     80|     expect(fetchSpy).toHaveBeenCalledTimes(2)
     81|     await useConnectionStore.getState().checkOnce({ force: true })

⎯⎯⎯⎯⎯⎯⎯⎯⎯⎯⎯⎯⎯⎯⎯⎯⎯⎯⎯⎯⎯⎯⎯⎯[2/2]⎯


 Test Files  1 failed (1)
      Tests  2 failed | 6 passed (8)
   Start at  02:52:36
   Duration  1.51s (transform 228ms, setup 93ms, import 154ms, tests 853ms, environment 293ms)

error: script "test" exited with code 1
