
 RUN  v4.0.18 /Users/macbook-dev/Documents/GitHub/tldw_server2/apps/tldw-frontend

(node:52857) ExperimentalWarning: localStorage is not available because --localstorage-file was not provided.
(Use `node --trace-warnings ...` to show where the warning was created)
 ❯ ../packages/ui/src/components/Flashcards/components/__tests__/ReviewAnalyticsSummary.plurals.test.tsx (7 tests | 3 failed) 206ms
     ✓ renders the supplied +0-day value with actual ICU 114ms
     × renders the supplied 1-day value with actual ICU 10ms
     ✓ renders the supplied 6-day value with actual ICU 19ms
     ✓ renders the supplied +0-day value with actual ICU 18ms
     × renders the supplied 1-day value with actual ICU 6ms
     ✓ renders the supplied 6-day value with actual ICU 17ms
   × updates the same streak metric without changing other analytics values 21ms

⎯⎯⎯⎯⎯⎯⎯ Failed Tests 3 ⎯⎯⎯⎯⎯⎯⎯

 FAIL  ../packages/ui/src/components/Flashcards/components/__tests__/ReviewAnalyticsSummary.plurals.test.tsx > ReviewAnalyticsSummary streak with 'production English resource' > renders the supplied 1-day value with actual ICU
 FAIL  ../packages/ui/src/components/Flashcards/components/__tests__/ReviewAnalyticsSummary.plurals.test.tsx > ReviewAnalyticsSummary streak with 'missing-key component fallback' > renders the supplied 1-day value with actual ICU
TestingLibraryElementError: Unable to find an element with the text: 1 day. This could be because the text is broken up by multiple elements. In this case, you can provide a function for your text matcher to make your matcher more flexible.

Ignored nodes: comments, script, style
[36m<body>[39m
  [36m<div>[39m
    [36m<div[39m
      [33mclass[39m=[32m"ant-card ant-card-bordered mb-4 css-dev-only-do-not-override-3uaqrl css-var-root"[39m
      [33mdata-testid[39m=[32m"flashcards-review-analytics-summary"[39m
    [36m>[39m
      [36m<div[39m
        [33mclass[39m=[32m"ant-card-body"[39m
      [36m>[39m
        [36m<div[39m
          [33mclass[39m=[32m"grid grid-cols-2 gap-3 lg:grid-cols-5"[39m
        [36m>[39m
          [36m<div[39m
            [33mclass[39m=[32m"rounded border border-border p-2"[39m
          [36m>[39m
            [36m<span[39m
              [33mclass[39m=[32m"ant-typography ant-typography-secondary block text-xs css-dev-only-do-not-override-3uaqrl css-var-root"[39m
            [36m>[39m
              [0mReviewed today[0m
            [36m</span>[39m
            [36m<span[39m
              [33mclass[39m=[32m"ant-typography text-lg css-dev-only-do-not-override-3uaqrl css-var-root"[39m
            [36m>[39m
              [36m<strong>[39m
                [0m12[0m
              [36m</strong>[39m
            [36m</span>[39m
          [36m</div>[39m
          [36m<div[39m
            [33mclass[39m=[32m"rounded border border-border p-2"[39m
          [36m>[39m
            [36m<span[39m
              [33mclass[39m=[32m"ant-typography ant-typography-secondary block text-xs css-dev-only-do-not-override-3uaqrl css-var-root"[39m
            [36m>[39m
              [0mRetention rate[0m
            [36m</span>[39m
            [36m<span[39m
              [33mclass[39m=[32m"ant-typography text-lg css-dev-only-do-not-override-3uaqrl css-var-root"[39m
            [36m>[39m
              [36m<strong>[39m
                [0m87.5%[0m
              [36m</strong>[39m
            [36m</span>[39m
          [36m</div>[39m
          [36m<div[39m
            [33mclass[39m=[32m"rounded border border-border p-2"[39m
          [36m>[39m
            [36m<span[39m
              [33mclass[39m=[32m"ant-typography ant-typography-secondary block text-xs css-dev-only-do-not-override-3uaqrl css-var-root"[39m
            [36m>[39m
              [0mLapse rate[0m
            [36m</span>[39m
            [36m<span[39m
              [33mclass[39m=[32m"ant-typography text-lg css-dev-only-do-not-override-3uaqrl css-var-root"[39m
            [36m>[39m
              [36m<strong>[39m
                [0m12.5%[0m
              [36m</strong>[39m
            [36m</span>[39m
          [36m</div>[39m
          [36m<div[39m
            [33mclass[39m=[32m"rounded border border-border p-2"[39m
          [36m>[39m
            [36m<span[39m
              [33mclass[39m=[32m"ant-typography ant-typography-secondary block text-xs css-dev-only-do-not-override-3uaqrl css-var-root"[39m
            [36m>[39m
              [0mAvg answer time[0m
            [36m</span>[39m
            [36m<span[39m
              [33mclass[39m=[32m"ant-typography text-lg css-dev-only-do-not-override-3uaqrl css-var-root"[39m
            [36m>[39m
              [36m<strong>[39m
                [0m1.9s[0m
              [36m</strong>[39m
            [36m</span>[39m
          [36m</div>[39m
          [36m<div[39m
            [33mclass[39m=[32m"rounded border border-border p-2"[39m
          [36m>[39m
            [36m<span[39m
              [33mclass[39m=[32m"ant-typography ant-typography-secondary block text-xs css-dev-only-do-not-override-3uaqrl css-var-root"[39m
            [36m>[39m
              [0mStudy streak[0m
            [36m</span>[39m
            [36m<span[39m
              [33mclass[39m=[32m"ant-typography text-lg css-dev-only-do-not-override-3uaqrl css-var-root"[39m
            [36m>[39m
              [36m<strong>[39m
                [0m1 days[0m
              [36m</strong>[39m
            [36m</span>[39m
          [36m</div>[39m
        [36m</div>[39m
      [36m</div>[39m
    [36m</div>[39m
  [36m</div>[39m
[36m</body>[39m
 ❯ Object.getElementError ../node_modules/.bun/@testing-library+dom@10.4.1/node_modules/@testing-library/dom/dist/config.js:37:19
 ❯ ../node_modules/.bun/@testing-library+dom@10.4.1/node_modules/@testing-library/dom/dist/query-helpers.js:76:38
 ❯ ../node_modules/.bun/@testing-library+dom@10.4.1/node_modules/@testing-library/dom/dist/query-helpers.js:52:17
 ❯ ../node_modules/.bun/@testing-library+dom@10.4.1/node_modules/@testing-library/dom/dist/query-helpers.js:95:19
 ❯ ../packages/ui/src/components/Flashcards/components/__tests__/ReviewAnalyticsSummary.plurals.test.tsx:52:19
     50|     )
     51|
     52|     expect(screen.getByText(label, { exact: true })).toBeVisible()
       |                   ^
     53|   })
     54| })

⎯⎯⎯⎯⎯⎯⎯⎯⎯⎯⎯⎯⎯⎯⎯⎯⎯⎯⎯⎯⎯⎯⎯⎯[1/3]⎯

 FAIL  ../packages/ui/src/components/Flashcards/components/__tests__/ReviewAnalyticsSummary.plurals.test.tsx > updates the same streak metric without changing other analytics values
TestingLibraryElementError: Unable to find an element with the text: 1 day. This could be because the text is broken up by multiple elements. In this case, you can provide a function for your text matcher to make your matcher more flexible.

Ignored nodes: comments, script, style
[36m<body>[39m
  [36m<div>[39m
    [36m<div[39m
      [33mclass[39m=[32m"ant-card ant-card-bordered mb-4 css-dev-only-do-not-override-3uaqrl css-var-root"[39m
      [33mdata-testid[39m=[32m"flashcards-review-analytics-summary"[39m
    [36m>[39m
      [36m<div[39m
        [33mclass[39m=[32m"ant-card-body"[39m
      [36m>[39m
        [36m<div[39m
          [33mclass[39m=[32m"grid grid-cols-2 gap-3 lg:grid-cols-5"[39m
        [36m>[39m
          [36m<div[39m
            [33mclass[39m=[32m"rounded border border-border p-2"[39m
          [36m>[39m
            [36m<span[39m
              [33mclass[39m=[32m"ant-typography ant-typography-secondary block text-xs css-dev-only-do-not-override-3uaqrl css-var-root"[39m
            [36m>[39m
              [0mReviewed today[0m
            [36m</span>[39m
            [36m<span[39m
              [33mclass[39m=[32m"ant-typography text-lg css-dev-only-do-not-override-3uaqrl css-var-root"[39m
            [36m>[39m
              [36m<strong>[39m
                [0m12[0m
              [36m</strong>[39m
            [36m</span>[39m
          [36m</div>[39m
          [36m<div[39m
            [33mclass[39m=[32m"rounded border border-border p-2"[39m
          [36m>[39m
            [36m<span[39m
              [33mclass[39m=[32m"ant-typography ant-typography-secondary block text-xs css-dev-only-do-not-override-3uaqrl css-var-root"[39m
            [36m>[39m
              [0mRetention rate[0m
            [36m</span>[39m
            [36m<span[39m
              [33mclass[39m=[32m"ant-typography text-lg css-dev-only-do-not-override-3uaqrl css-var-root"[39m
            [36m>[39m
              [36m<strong>[39m
                [0m87.5%[0m
              [36m</strong>[39m
            [36m</span>[39m
          [36m</div>[39m
          [36m<div[39m
            [33mclass[39m=[32m"rounded border border-border p-2"[39m
          [36m>[39m
            [36m<span[39m
              [33mclass[39m=[32m"ant-typography ant-typography-secondary block text-xs css-dev-only-do-not-override-3uaqrl css-var-root"[39m
            [36m>[39m
              [0mLapse rate[0m
            [36m</span>[39m
            [36m<span[39m
              [33mclass[39m=[32m"ant-typography text-lg css-dev-only-do-not-override-3uaqrl css-var-root"[39m
            [36m>[39m
              [36m<strong>[39m
                [0m12.5%[0m
              [36m</strong>[39m
            [36m</span>[39m
          [36m</div>[39m
          [36m<div[39m
            [33mclass[39m=[32m"rounded border border-border p-2"[39m
          [36m>[39m
            [36m<span[39m
              [33mclass[39m=[32m"ant-typography ant-typography-secondary block text-xs css-dev-only-do-not-override-3uaqrl css-var-root"[39m
            [36m>[39m
              [0mAvg answer time[0m
            [36m</span>[39m
            [36m<span[39m
              [33mclass[39m=[32m"ant-typography text-lg css-dev-only-do-not-override-3uaqrl css-var-root"[39m
            [36m>[39m
              [36m<strong>[39m
                [0m1.9s[0m
              [36m</strong>[39m
            [36m</span>[39m
          [36m</div>[39m
          [36m<div[39m
            [33mclass[39m=[32m"rounded border border-border p-2"[39m
          [36m>[39m
            [36m<span[39m
              [33mclass[39m=[32m"ant-typography ant-typography-secondary block text-xs css-dev-only-do-not-override-3uaqrl css-var-root"[39m
            [36m>[39m
              [0mStudy streak[0m
            [36m</span>[39m
            [36m<span[39m
              [33mclass[39m=[32m"ant-typography text-lg css-dev-only-do-not-override-3uaqrl css-var-root"[39m
            [36m>[39m
              [36m<strong>[39m
                [0m1 days[0m
              [36m</strong>[39m
            [36m</span>[39m
          [36m</div>[39m
        [36m</div>[39m
      [36m</div>[39m
    [36m</div>[39m
  [36m</div>[39m
[36m</body>[39m
 ❯ Object.getElementError ../node_modules/.bun/@testing-library+dom@10.4.1/node_modules/@testing-library/dom/dist/config.js:37:19
 ❯ ../node_modules/.bun/@testing-library+dom@10.4.1/node_modules/@testing-library/dom/dist/query-helpers.js:76:38
 ❯ ../node_modules/.bun/@testing-library+dom@10.4.1/node_modules/@testing-library/dom/dist/query-helpers.js:52:17
 ❯ ../node_modules/.bun/@testing-library+dom@10.4.1/node_modules/@testing-library/dom/dist/query-helpers.js:95:19
 ❯ ../packages/ui/src/components/Flashcards/components/__tests__/ReviewAnalyticsSummary.plurals.test.tsx:71:19
     69|       </I18nextProvider>
     70|     )
     71|     expect(screen.getByText(label, { exact: true })).toBeVisible()
       |                   ^
     72|     expect(screen.getByText("12", { exact: true })).toBeVisible()
     73|     expect(screen.getByText("87.5%", { exact: true })).toBeVisible()

⎯⎯⎯⎯⎯⎯⎯⎯⎯⎯⎯⎯⎯⎯⎯⎯⎯⎯⎯⎯⎯⎯⎯⎯[2/3]⎯


 Test Files  1 failed (1)
      Tests  3 failed | 4 passed (7)
   Start at  18:47:43
   Duration  1.18s (transform 52ms, setup 99ms, import 525ms, tests 206ms, environment 251ms)
