
 RUN  v4.0.18 /Users/macbook-dev/Documents/GitHub/tldw_server2/apps/tldw-frontend

(node:86943) ExperimentalWarning: localStorage is not available because --localstorage-file was not provided.
(Use `node --trace-warnings ...` to show where the warning was created)
 ❯ ../packages/ui/src/components/Notes/__tests__/NotesGraphWorkspace.permission.test.tsx (13 tests | 1 failed) 746ms
     ✓ explains the actual service403 without claiming an empty graph or rendering server diagnostics 74ms
     ✓ does not automatically request a denied graph again on reconnect 52ms
     ✓ lets an explicit refresh recover after permission changes 60ms
     ✓ removes cached graph data, search and inspector after a refresh403 48ms
     ✓ does not carry Alice's denial into a replacement authority 18ms
     ✓ withdraws cached pages when the explicit cursor request receives403 57ms
     ✓ keeps the current denial when a previous authority's request rejects late 49ms
     ✓ does not redisplay denied cached pages when reopening after refresh 106ms
     ✓ does not redisplay denied cached pages when reopening after expand 108ms
     ✓ keeps an ordinary500 retryable with the existing load-error message 42ms
     ✓ retains the existing graph on transient refresh failure and offline transition 33ms
     ✓ preserves the genuine loading state before a response 6ms
   × independent: a late old same-authority success cannot repopulate denied cache on reopening 91ms

⎯⎯⎯⎯⎯⎯⎯ Failed Tests 1 ⎯⎯⎯⎯⎯⎯⎯

 FAIL  ../packages/ui/src/components/Notes/__tests__/NotesGraphWorkspace.permission.test.tsx > independent: a late old same-authority success cannot repopulate denied cache on reopening
AssertionError: expected { …(12) } to be null

- Expected:
null

+ Received:
{
  "active_note_count": 1,
  "all_notes_eligible": true,
  "all_notes_note_cap": 100,
  "cursor": null,
  "edges": [],
  "has_more": false,
  "limits": {
    "max_degree": 40,
    "max_edges": 480,
    "max_nodes": 120,
  },
  "nodes": [
    {
      "created_at": null,
      "degree": 0,
      "deleted": false,
      "id": "note:a",
      "label": "Private Alpha note",
      "primary_source_id": null,
      "tag_count": 0,
      "type": "note",
    },
  ],
  "radius_cap_applied": false,
  "suggestions_authorized": false,
  "truncated": false,
  "truncated_by": [],
}

 ❯ ../packages/ui/src/components/Notes/__tests__/NotesGraphWorkspace.permission.test.tsx:348:41
    327|     expect(screen.queryByRole("alert")).not.toBeInTheDocument()
    328|   })
    329| })
       |   ^
    330|

⎯⎯⎯⎯⎯⎯⎯⎯⎯⎯⎯⎯⎯⎯⎯⎯⎯⎯⎯⎯⎯⎯⎯⎯[1/1]⎯


 Test Files  1 failed (1)
      Tests  1 failed | 12 passed (13)
   Start at  02:03:58
   Duration  1.79s (transform 192ms, setup 76ms, import 704ms, tests 746ms, environment 185ms)
