
 RUN  v4.0.18 /Users/macbook-dev/Documents/GitHub/tldw_server2/apps/tldw-frontend

(node:86446) ExperimentalWarning: localStorage is not available because --localstorage-file was not provided.
(Use `node --trace-warnings ...` to show where the warning was created)
 ❯ ../packages/ui/src/components/Notes/__tests__/NotesGraphWorkspace.permission.test.tsx (13 tests | 1 failed | 12 skipped) 101ms
     ↓ explains the actual service403 without claiming an empty graph or rendering server diagnostics
     ↓ does not automatically request a denied graph again on reconnect
     ↓ lets an explicit refresh recover after permission changes
     ↓ removes cached graph data, search and inspector after a refresh403
     ↓ does not carry Alice's denial into a replacement authority
     ↓ withdraws cached pages when the explicit cursor request receives403
     ↓ keeps the current denial when a previous authority's request rejects late
     ↓ does not redisplay denied cached pages when reopening after refresh
     ↓ does not redisplay denied cached pages when reopening after expand
     ↓ keeps an ordinary500 retryable with the existing load-error message
     ↓ retains the existing graph on transient refresh failure and offline transition
     ↓ preserves the genuine loading state before a response
   × independent: a late old same-authority success cannot repopulate denied cache on reopening 101ms

⎯⎯⎯⎯⎯⎯⎯ Failed Tests 1 ⎯⎯⎯⎯⎯⎯⎯

 FAIL  ../packages/ui/src/components/Notes/__tests__/NotesGraphWorkspace.permission.test.tsx > independent: a late old same-authority success cannot repopulate denied cache on reopening
AssertionError: expected { …(12) } to be null

- Expected:
null

+ Received:
{
  "active_note_count": 1,
  "all_notes_eligible": true,
  "all_notes_note_cap": 100,
  "cursor": null,
  "edges": [],
  "has_more": false,
  "limits": {
    "max_degree": 40,
    "max_edges": 480,
    "max_nodes": 120,
  },
  "nodes": [
    {
      "created_at": null,
      "degree": 0,
      "deleted": false,
      "id": "note:a",
      "label": "Private Alpha note",
      "primary_source_id": null,
      "tag_count": 0,
      "type": "note",
    },
  ],
  "radius_cap_applied": false,
  "suggestions_authorized": false,
  "truncated": false,
  "truncated_by": [],
}

 ❯ ../packages/ui/src/components/Notes/__tests__/NotesGraphWorkspace.permission.test.tsx:348:41
    327|     expect(screen.queryByRole("alert")).not.toBeInTheDocument()
    328|   })
    329| })
       |   ^
    330|

⎯⎯⎯⎯⎯⎯⎯⎯⎯⎯⎯⎯⎯⎯⎯⎯⎯⎯⎯⎯⎯⎯⎯⎯[1/1]⎯


 Test Files  1 failed (1)
      Tests  1 failed | 12 skipped (13)
   Start at  02:03:14
   Duration  1.17s (transform 191ms, setup 73ms, import 721ms, tests 101ms, environment 189ms)
