
 RUN  v4.0.18 /Users/macbook-dev/Documents/GitHub/tldw_server2/apps/tldw-frontend

(node:88913) ExperimentalWarning: localStorage is not available because --localstorage-file was not provided.
(Use `node --trace-warnings ...` to show where the warning was created)
(node:88908) ExperimentalWarning: localStorage is not available because --localstorage-file was not provided.
(Use `node --trace-warnings ...` to show where the warning was created)
(node:88907) ExperimentalWarning: localStorage is not available because --localstorage-file was not provided.
(Use `node --trace-warnings ...` to show where the warning was created)
(node:88910) ExperimentalWarning: localStorage is not available because --localstorage-file was not provided.
(Use `node --trace-warnings ...` to show where the warning was created)
(node:88909) ExperimentalWarning: localStorage is not available because --localstorage-file was not provided.
(Use `node --trace-warnings ...` to show where the warning was created)
(node:88906) ExperimentalWarning: localStorage is not available because --localstorage-file was not provided.
(Use `node --trace-warnings ...` to show where the warning was created)
(node:88912) ExperimentalWarning: localStorage is not available because --localstorage-file was not provided.
(Use `node --trace-warnings ...` to show where the warning was created)
(node:88911) ExperimentalWarning: localStorage is not available because --localstorage-file was not provided.
(Use `node --trace-warnings ...` to show where the warning was created)
 ✓ ../packages/ui/src/components/Notes/__tests__/useNotesGraphWorkspace.test.tsx (18 tests) 67ms
 ✓ ../packages/ui/src/components/Notes/__tests__/NotesGraphWorkspace.axe.test.tsx (2 tests) 124ms
 ✓ ../packages/ui/src/components/Notes/__tests__/useNotesGraphAuthorityScope.test.tsx (20 tests) 943ms
 ✓ ../packages/ui/src/components/Notes/__tests__/NotesGraphWorkspace.loading-i18n.test.tsx (1 test) 84ms
 ✓ ../packages/ui/src/components/Notes/__tests__/NotesGraphWorkspace.responsive.test.tsx (1 test) 125ms
 ✓ ../packages/ui/src/components/Notes/__tests__/NotesGraphWorkspace.view-mode.test.tsx (28 tests) 1044ms
 ✓ ../packages/ui/src/components/Notes/__tests__/NotesGraphWorkspace.permission.test.tsx (18 tests) 1354ms
 ✓ ../packages/ui/src/components/Notes/__tests__/NotesManagerPage.stage27.source-links.test.tsx (7 tests) 1597ms
     ✓ opens and edits an ordinary note without requesting graph data  331ms
     ✓ discards a graph response after authority changes and requires a new explicit request  315ms

 Test Files  8 passed (8)
      Tests  95 passed (95)
   Start at  02:16:47
   Duration  3.68s (transform 1.75s, setup 929ms, import 6.08s, tests 5.34s, environment 2.27s)
