
 RUN  v4.0.18 /Users/macbook-dev/Documents/GitHub/tldw_server2/apps/packages/ui

(node:92204) ExperimentalWarning: localStorage is not available because --localstorage-file was not provided.
(Use `node --trace-warnings ...` to show where the warning was created)
 ✓ src/components/Option/Playground/__tests__/Playground.coordinator.integration.test.tsx (49 tests) 8410ms
     ✓ promotes accepted entry to saved route and restores its transcript on remount: /chat?mode=character&characterId=4&keep=1  308ms
     ✓ uses canonical ordinary workflow after history load despite a persisted Character preference  329ms
     ✓ keeps the saved target while a raw preference change suppresses a late profile (same turn false)  515ms
     ✓ keeps the saved target while a raw preference change suppresses a late profile (same turn true)  515ms
     ✓ preserves canonical saved identity with actual WebUI storage and six loaders: sidebar  380ms
     ✓ uses the real picker to deliberately select Robot with a saved target  667ms
     ✓ uses the real picker to deliberately select New choice with a saved target  444ms
     ✓ keeps the saved conversation and preference after cancelling the real legacy picker confirmation  606ms
(node:92243) ExperimentalWarning: localStorage is not available because --localstorage-file was not provided.
(Use `node --trace-warnings ...` to show where the warning was created)
 ✓ src/components/Notes/__tests__/NotesManagerPage.stage26.backlink-labels.test.tsx (25 tests) 5876ms
     ✓ shows conversation title labels with UUID debug tooltip in list and header  541ms
     ✓ retries transient conversation label lookups and hydrates once they recover  1580ms

 Test Files  2 passed (2)
      Tests  74 passed (74)
   Start at  00:06:24
   Duration  19.31s (transform 1.65s, setup 195ms, import 3.97s, tests 14.29s, environment 649ms)

