
 RUN  v4.0.18 /Users/macbook-dev/Documents/GitHub/tldw_server2/apps/packages/ui

 ❯ src/components/Notes/__tests__/NotesManagerPage.stage26.backlink-labels.test.tsx (25 tests | 1 failed | 24 skipped) 1534ms
     ↓ shows conversation title labels with UUID debug tooltip in list and header
     ↓ falls back to topic label when conversation title is empty
     ↓ falls back to raw conversation ID when metadata lookup fails
     ↓ retries transient conversation label lookups and hydrates once they recover
     ↓ does not re-request a missing conversation label after the backlink is selected
     ↓ does not auto-fetch UUID conversation labels until the linked note is opened
     ↓ opens linked conversations in the same tab by default
     ↓ restores Cedar identity and canonical saved-message IDs before navigation, replacing the Robot restore target
     ↓ keeps the linked Cedar reply through the real Playground mismatch and persisted-session initialization effects
     × opens an ordinary Note source in ordinary workflow after a persisted Character session 1533ms
     ↓ does not replace current work when stream changes during a linked read
     ↓ does not replace current work when new-draft changes during a linked read
     ↓ does not replace current work when image-draft changes during a linked read
     ↓ does not replace current work when note-edit changes during a linked read
     ↓ does not replace current work when account changes during a linked read
     ↓ opens past only a retained assistant display error (display-error)
     ↓ opens past only a retained assistant display error (user-error-text)
     ↓ opens past only a retained assistant display error (assistant-draft)
     ↓ opens past only a retained assistant display error (malformed-error)
     ↓ opens past only a retained assistant display error (user-image-only)
     ↓ opens past only a retained assistant display error (assistant-image-only)
     ↓ opens past only a retained assistant display error (error-image)
     ↓ does not cancel an owned linked read when only an assistant display error is restored
     ↓ opens a normally acknowledged saved Chat while retaining the unsent-draft guard (draft=false)
     ↓ opens a normally acknowledged saved Chat while retaining the unsent-draft guard (draft=true)

⎯⎯⎯⎯⎯⎯⎯ Failed Tests 1 ⎯⎯⎯⎯⎯⎯⎯

 FAIL  src/components/Notes/__tests__/NotesManagerPage.stage26.backlink-labels.test.tsx > NotesManagerPage stage 26 conversation backlink labels > opens an ordinary Note source in ordinary workflow after a persisted Character session
Error: expect(element).toHaveAttribute("data-character-workflow", "false") // element.getAttribute("data-character-workflow") === "false"

Expected the element to have attribute:
  data-character-workflow="false"
Received:
  data-character-workflow="true"

Ignored nodes: comments, script, style
[36m<html[39m
  [33mclass[39m=[32m"dark"[39m
[36m>[39m
  [36m<head>[39m
    [36m<title>[39m
      [0mOrdinary chat[0m
    [36m</title>[39m
  [36m</head>[39m
  [36m<body>[39m
    [36m<div>[39m
      [36m<div[39m
        [33mclass[39m=[32m"relative flex h-full min-h-0 w-full flex-col items-center bg-bg text-text data-[is-dragging=true]:bg-surface2"[39m
        [33mdata-is-dragging[39m=[32m"false"[39m
        [33mstyle[39m=[32m"--chat-message-opacity: 0.6; --chat-character-image-opacity: 1;"[39m
      [36m>[39m
        [36m<div[39m
          [33mclass[39m=[32m"relative z-10 flex h-full min-h-0 w-full"[39m
        [36m>[39m
          [36m<div[39m
            [33mclass[39m=[32m"flex h-full min-h-0 w-full min-w-0 flex-1 flex-col overflow-hidden text-text bg-bg"[39m
            [33mdata-left-rail[39m=[32m"hidden"[39m
            [33mdata-mode[39m=[32m"cockpit"[39m
            [33mdata-right-rail[39m=[32m"hidden"[39m
            [33mdata-testid[39m=[32m"playground-cockpit-shell"[39m
          [36m>[39m
            [36m<p[39m
              [33mclass[39m=[32m"sr-only"[39m
              [33mdata-testid[39m=[32m"playground-cockpit-mode-summary"[39m
            [36m>[39m
              [0mCockpit rails hidden. Chat and composer remain active.[0m
            [36m</p>[39m
            [36m<div[39m
              [33mclass[39m=[32m"grid shrink-0 grid-cols-1 gap-2 border-b border-border bg-surface2/40 p-2 text-xs lg:hidden"[39m
              [33mdata-mobile-panel[39m=[32m"none"[39m
              [33mdata-testid[39m=[32m"playground-cockpit-mobile-rails"[39m
            [36m>[39m
              [36m<div[39m
                [33maria-label[39m=[32m"Mobile cockpit panels"[39m
                [33mclass[39m=[32m"grid grid-cols-2 gap-1 rounded-md border border-border bg-surface p-1"[39m
                [33mrole[39m=[32m"tablist"[39m
              [36m>[39m
                [36m<button[39m
                  [33maria-controls[39m=[32m"playground-cockpit-mobile-context-panel"[39m
                  [33maria-expanded[39m=[32m"false"[39m
                  [33maria-selected[39m=[32m"false"[39m
                  [33mclass[39m=[32m"min-h-[44px] rounded px-3 py-2 text-xs font-medium focus:outline-none focus-visible:ring-2 focus-visible:ring-focus text-text-muted hover:bg-bg"[39m
                  [33mid[39m=[32m"playground-cockpit-mobile-context-tab"[39m
                  [33mrole[39m=[32m"tab"[39m
                  [33mtype[39m=[32m"button"[39m
                [36m>[39m
                  [0mRestore context sidechannel[0m
                [36m</button>[39m
                [36m<button[39m
                  [33maria-controls[39m=[32m"playground-cockpit-mobile-runtime-panel"[39m
                  [33maria-expanded[39m=[32m"false"[39m
                  [33maria-selected[39m=[32m"false"[39m
                  [33mclass[39m=[32m"min-h-[44px] rounded px-3 py-2 text-xs font-medium focus:outline-none focus-visible:ring-2 focus-visible:ring-focus text-text-muted hover:bg-bg"[39m
                  [33mid[39m=[32m"playground-cockpit-mobile-runtime-tab"[39m
                  [33mrole[39m=[32m"tab"[39m
                  [33mtype[39m=[32m"button"[39m
                [36m>[39m
                  [0mRestore runtime sidechannel[0m
                [36m</button>[39m
              [36m</div>[39m
              [36m<div[39m
                [33mclass[39m=[32m"grid grid-cols-2 gap-1"[39m
              [36m>[39m
                [36m<button[39m
                  [33maria-controls[39m=[32m"playground-cockpit-mobile-context-panel"[39m
                  [33maria-pressed[39m=[32m"false"[39m
                  [33mclass[39m=[32m"min-h-[36px] rounded-md border border-border bg-bg px-2 py-1 text-xs font-medium text-text hover:bg-surface focus:outline-none focus-visible:ring-2 focus-visible:ring-focus"[39m
                  [33mtype[39m=[32m"button"[39m
                [36m>[39m
                  [0mShow context rail[0m
                [36m</button>[39m
                [36m<button[39m
                  [33maria-controls[39m=[32m"playground-cockpit-mobile-runtime-panel"[39m
                  [33maria-pressed[39m=[32m"false"[39m
                  [33mclass[39m=[32m"min-h-[36px] rounded-md border border-border bg-bg px-2 py-1 text-xs font-medium text-text hover:bg-surface focus:outline-none focus-visible:ring-2 focus-visible:ring-focus"[39m
                  [33mtype[39m=[32m"button"[39m
                [36m>[39m
                  [0mShow runtime rail[0m
                [36m</button>[39m
              [36m</div>[39m
              [36m<p[39m
                [33mclass[39m=[32m"sr-only"[39m
                [33mdata-testid[39m=[32m"playground-cockpit-mobile-panel-summary"[39m
                [33mid[39m=[32m"playground-cockpit-mobile-panel-summary"[39m
              [36m>[39m
                [0mCockpit panels hidden. Composer draft remains available below.[0m
              [36m</p>[39m
              [36m<section[39m
                [33maria-describedby[39m=[32m"playground-cockpit-mobile-panel-summary"[39m
                [33maria-hidden[39m=[32m"true"[39m
                [33maria-labelledby[39m=[32m"playground-cockpit-mobile-context-tab"[39m
                [33mclass[39m=[32m"max-h-[30vh] overflow-y-auto rounded-md border border-border bg-surface p-2 hidden"[39m
                [33mhidden[39m=[32m""[39m
                [33mid[39m=[32m"playground-cockpit-mobile-context-panel"[39m
                [33mrole[39m=[32m"tabpanel"[39m
              [36m>[39m
                [36m<div[39m
                  [33mclass[39m=[32m"flex min-w-0 flex-col gap-2 text-sm"[39m
                  [33mdata-testid[39m=[32m"playground-context-rail"[39m
                [36m>[39m
                  [36m<div[39m
                    [33mclass[39m=[32m"rounded-md border border-border/70 bg-surface px-3 py-2"[39m
                  [36m>[39m
                    [36m<section[39m
                      [33maria-label[39m=[32m"Next message composition"[39m
                      [33mclass[39m=[32m"min-w-0"[39m
                    [36m>[39m
                      [36m<div[39m
                        [33mclass[39m=[32m"flex items-start justify-between gap-2"[39m
                      [36m>[39m
                        [36m<div[39m
                          [33mclass[39m=[32m"min-w-0"[39m
                        [36m>[39m
                          [36m<h2[39m
                            [33mclass[39m=[32m"text-[11px] font-semibold uppercase text-text-muted"[39m
                          [36m>[39m
                            [0mComposition[0m
                          [36m</h2>[39m
                          [36m<p[39m
                        ...
 ❯ src/components/Notes/__tests__/NotesManagerPage.stage26.backlink-labels.test.tsx:450:78
    448|       expect(await screen.findByText("An ordinary saved answer")).toBe…
    449|       await act(async () => { await new Promise(resolve => setTimeout(…
    450|       await waitFor(() => expect(screen.getByTestId("loaded-chat-compo…
       |                                                                              ^
    451|       expect(screen.getByTestId("loaded-chat-composer")).toHaveAttribu…
    452|       expect(screen.queryByText("Choose a character to start character…
 ❯ runWithExpensiveErrorDiagnosticsDisabled ../../node_modules/.bun/@testing-library+dom@10.4.1/node_modules/@testing-library/dom/dist/config.js:47:12
 ❯ checkCallback ../../node_modules/.bun/@testing-library+dom@10.4.1/node_modules/@testing-library/dom/dist/wait-for.js:124:77
 ❯ Timeout.checkRealTimersCallback ../../node_modules/.bun/@testing-library+dom@10.4.1/node_modules/@testing-library/dom/dist/wait-for.js:118:16

⎯⎯⎯⎯⎯⎯⎯⎯⎯⎯⎯⎯⎯⎯⎯⎯⎯⎯⎯⎯⎯⎯⎯⎯[1/1]⎯


 Test Files  1 failed (1)
      Tests  1 failed | 24 skipped (25)
   Start at  00:04:15
   Duration  5.05s (transform 1.40s, setup 144ms, import 2.82s, tests 1.53s, environment 481ms)

