============================= test session starts ==============================
platform darwin -- Python 3.11.13, pytest-8.4.1, pluggy-1.6.0
benchmark: 5.2.3 (defaults: timer=time.perf_counter disable_gc=False min_rounds=5 min_time=0.000005 max_time=1.0 calibration_precision=10 warmup=False warmup_iterations=100000)
Using --randomly-seed=1255326975
rootdir: /Users/macbook-dev/Documents/GitHub/tldw_server2
configfile: pyproject.toml
plugins: anyio-4.12.1, benchmark-5.2.3, locust-2.43.3, asyncio-1.1.0, xdist-3.8.0, split-0.11.0, timeout-2.4.0, randomly-4.1.0, hypothesis-6.138.2, cov-6.2.1, mock-3.14.1
asyncio: mode=Mode.AUTO, asyncio_default_fixture_loop_scope=function, asyncio_default_test_loop_scope=function
timeout: 300.0s
timeout method: thread
timeout func_only: False
collected 15 items

tldw_Server_API/tests/Services/test_study_pack_startup_default.py F..... [ 40%]
FF.F..F..                                                                [100%]

=================================== FAILURES ===================================
_ test_study_pack_spec_respects_route_flag_and_runtime_mode[-True-False-False-True] _
tldw_Server_API/tests/Services/test_study_pack_startup_default.py:54: in test_study_pack_spec_respects_route_flag_and_runtime_mode
    assert spec.enabled(_context(route=route, sidecar=sidecar, test_mode=test_mode)) is expected
E   AssertionError: assert False is True
E    +  where False = <function route_enabled_predicate.<locals>._enabled at 0x10eb16ca0>(WorkerLifecycleContext(app=namespace(state=namespace()), settings={}, test_mode=False, route_enabled=<function _contex...ne, startup_guard_exceptions=(<class 'RuntimeError'>,), import_exceptions=(<class 'ImportError'>,), sidecar_mode=False))
E    +    where <function route_enabled_predicate.<locals>._enabled at 0x10eb16ca0> = WorkerSpec(name='study_pack_jobs_task', task_name='study_pack_jobs_task', category='jobs', phase=<ShutdownPhase.JOB_PO...depends_on=(), shutdown_callback_factory=None, diagnostic_name=None, failure_policy=<WorkerFailurePolicy.SKIP: 'skip'>).enabled
E    +    and   WorkerLifecycleContext(app=namespace(state=namespace()), settings={}, test_mode=False, route_enabled=<function _contex...ne, startup_guard_exceptions=(<class 'RuntimeError'>,), import_exceptions=(<class 'ImportError'>,), sidecar_mode=False) = _context(route=True, sidecar=False, test_mode=False)
---------------------------- Captured stderr setup -----------------------------
2026-09-16 23:04:11.767 | WARNING  | tldw_Server_API.app.core.DB_Management.db_path_utils:resolve_user_db_base_dir:491 - USER_DB_BASE_DIR not configured in tests, using isolated fallback: /private/var/folders/sn/m80n2j152t9gw3w8qwk2nykh0000gn/T/tldw_user_databases_test/default-7df62fbf
2026-09-16 23:04:11.768 | DEBUG    | tldw_Server_API.app.core.DB_Management.db_path_utils:get_user_base_directory:534 - Created user directory: /private/var/folders/sn/m80n2j152t9gw3w8qwk2nykh0000gn/T/tldw_user_databases_test/default-7df62fbf/1
2026-09-16 23:04:11.769 | WARNING  | tldw_Server_API.app.core.DB_Management.db_path_utils:resolve_user_db_base_dir:491 - USER_DB_BASE_DIR not configured in tests, using isolated fallback: /private/var/folders/sn/m80n2j152t9gw3w8qwk2nykh0000gn/T/tldw_user_databases_test/default-7df62fbf
2026-09-16 23:04:11.770 | WARNING  | tldw_Server_API.app.core.DB_Management.db_path_utils:resolve_user_db_base_dir:491 - USER_DB_BASE_DIR not configured in tests, using isolated fallback: /private/var/folders/sn/m80n2j152t9gw3w8qwk2nykh0000gn/T/tldw_user_databases_test/default-7df62fbf
2026-09-16 23:04:11.770 | WARNING  | tldw_Server_API.app.core.DB_Management.db_path_utils:resolve_user_db_base_dir:491 - USER_DB_BASE_DIR not configured in tests, using isolated fallback: /private/var/folders/sn/m80n2j152t9gw3w8qwk2nykh0000gn/T/tldw_user_databases_test/default-7df62fbf
2026-09-16 23:04:11.817 | DEBUG    | tldw_Server_API.app.core.AuthNZ.settings:_ensure_jwt_secret:899 - Single-user mode - skipping JWT secret initialization
2026-09-16 23:04:11.817 | INFO     | tldw_Server_API.app.core.AuthNZ.settings:get_settings:1588 - Settings initialized - Auth mode: single_user, profile=local-single-user
--------------------------- Captured stderr teardown ---------------------------
2026-09-16 23:04:11.854 | INFO     | tldw_Server_API.app.core.config:_buffered_log:210 - Determined ACTUAL_PROJECT_ROOT for database paths: /Users/macbook-dev/Documents/GitHub/tldw_server2
2026-09-16 23:04:11.854 | INFO     | tldw_Server_API.app.core.config:_buffered_log:210 - Early loading environment variables from: /Users/macbook-dev/Documents/GitHub/tldw_server2/tldw_Server_API/Config_Files/.env
2026-09-16 23:04:11.859 | INFO     | tldw_Server_API.app.core.config:_buffered_log:210 - Early loading environment variables from: /Users/macbook-dev/Documents/GitHub/tldw_server2/tldw_Server_API/Config_Files/.ENV
2026-09-16 23:04:11.863 | DEBUG    | tldw_Server_API.app.core.config:_buffered_log:210 - load_and_log_configs(): Loading and logging configurations...
2026-09-16 23:04:11.863 | INFO     | tldw_Server_API.app.core.config:_buffered_log:210 - Loading environment variables from: /Users/macbook-dev/Documents/GitHub/tldw_server2/tldw_Server_API/Config_Files/.env
2026-09-16 23:04:11.868 | INFO     | tldw_Server_API.app.core.config:_buffered_log:210 - Loading environment variables from: /Users/macbook-dev/Documents/GitHub/tldw_server2/tldw_Server_API/Config_Files/.ENV
2026-09-16 23:04:11.872 | INFO     | tldw_Server_API.app.core.config:_buffered_log:210 - Attempting to load comprehensive config from: /Users/macbook-dev/Documents/GitHub/tldw_server2/tldw_Server_API/Config_Files/config.txt
2026-09-16 23:04:11.874 | INFO     | tldw_Server_API.app.core.config:_buffered_log:210 - load_comprehensive_config(): Sections found in config: ['Setup', 'UI', 'Server', 'Files', 'Image-Generation', 'ACP', 'WORKSPACES', 'ACP-WORKSPACE', 'ACP-SANDBOX', 'Audit', 'Processing', 'Media-Processing', 'Chat-Dictionaries', 'Chat-Module', 'Chat-Commands', 'Chat-Templating', 'Character-Chat', 'Settings', 'Auto-Save', 'Prompts', 'Database', 'Chunking', 'Visual-RAG', 'AuthNZ', 'Streaming', 'HTTP', 'Egress', 'Embeddings', 'Claims', 'ClaimsMonitoring', 'RAG', 'Search-Agent', 'ResourceGovernor', 'Jobs', 'SlidesStandaloneHtml', 'Diarization', 'API', 'MLX', 'Local-API', 'LlamaCpp', 'STT-Settings', 'external_providers', 'TTS-Settings', 'VibeVoice', 'Audio-Quota', 'API-Routes', 'Search-Engines', 'Web-Scraper', 'Logging', 'Moderation', 'Redis', 'Web-Scraping', 'personalization', 'persona', 'persona.rbac']
2026-09-16 23:04:11.876 | INFO     | tldw_Server_API.app.core.config:_buffered_log:210 - Ensured main SQLite database directory exists: /Users/macbook-dev/Documents/GitHub/tldw_server2/Databases
2026-09-16 23:04:11.876 | INFO     | tldw_Server_API.app.core.config:_buffered_log:210 - Ensured user data base directory exists: Databases/user_databases
2026-09-16 23:04:11.877 | INFO     | tldw_Server_API.app.api.v1.API_Deps.ChaCha_Notes_DB_Deps:<module>:356 - Using LRUCache for ChaChaNotes DB instances (maxsize=20).
2026-09-16 23:04:11.877 | INFO     | tldw_Server_API.app.api.v1.API_Deps.ChaCha_Notes_DB_Deps:close_all_chacha_db_instances:876 - Closing all cached ChaChaNotesDB instances (0)...
2026-09-16 23:04:11.877 | INFO     | tldw_Server_API.app.api.v1.API_Deps.ChaCha_Notes_DB_Deps:close_all_chacha_db_instances:892 - All ChaChaNotesDB instances closed and cache cleared.
2026-09-16 23:04:11.889 | INFO     | tldw_Server_API.app.api.v1.API_Deps.ChaCha_Notes_DB_Deps:close_all_chacha_db_instances:876 - Closing all cached ChaChaNotesDB instances (0)...
2026-09-16 23:04:11.889 | INFO     | tldw_Server_API.app.api.v1.API_Deps.ChaCha_Notes_DB_Deps:close_all_chacha_db_instances:892 - All ChaChaNotesDB instances closed and cache cleared.
_ test_active_catalog_bootstrap_registers_and_quiesces_study_pack[true-True-True-False] _
tldw_Server_API/tests/Services/test_study_pack_startup_default.py:125: in test_active_catalog_bootstrap_registers_and_quiesces_study_pack
    assert (NAME in session.handles_by_name) is expected
E   AssertionError: assert ('study_pack_jobs_task' in {'study_pack_jobs_task': ManagedWorker(name='study_pack_jobs_task', task=<Task pending name='study_pack_jobs_task' cor...lback=None, timeout_sec=5.0, category='jobs', shutdown_phase=<ShutdownPhase.JOB_POLLER_QUIESCE: 'job_poller_quiesce'>)}) is False
E    +  where {'study_pack_jobs_task': ManagedWorker(name='study_pack_jobs_task', task=<Task pending name='study_pack_jobs_task' cor...lback=None, timeout_sec=5.0, category='jobs', shutdown_phase=<ShutdownPhase.JOB_POLLER_QUIESCE: 'job_poller_quiesce'>)} = WorkerLifecycleSession(app=namespace(state=namespace(_tldw_shutdown_worker_inventory=[{'name': 'study_pack_jobs_task',...ack_jobs_task'}, disabled_names=set(), startup_failures={}, stopped_names_by_phase={}, stopped_or_quiesced_names=set()).handles_by_name
--------------------------- Captured stderr teardown ---------------------------
2026-09-16 23:04:12.279 | INFO     | tldw_Server_API.app.api.v1.API_Deps.ChaCha_Notes_DB_Deps:close_all_chacha_db_instances:876 - Closing all cached ChaChaNotesDB instances (0)...
2026-09-16 23:04:12.279 | INFO     | tldw_Server_API.app.api.v1.API_Deps.ChaCha_Notes_DB_Deps:close_all_chacha_db_instances:892 - All ChaChaNotesDB instances closed and cache cleared.
2026-09-16 23:04:12.279 | INFO     | tldw_Server_API.app.api.v1.API_Deps.ChaCha_Notes_DB_Deps:close_all_chacha_db_instances:876 - Closing all cached ChaChaNotesDB instances (0)...
2026-09-16 23:04:12.280 | INFO     | tldw_Server_API.app.api.v1.API_Deps.ChaCha_Notes_DB_Deps:close_all_chacha_db_instances:892 - All ChaChaNotesDB instances closed and cache cleared.2026-09-16 23:04:12.330 | INFO     | tldw_Server_API.app.core.config:_buffered_log:210 - Determined ACTUAL_PROJECT_ROOT for database paths: /Users/macbook-dev/Documents/GitHub/tldw_server2
2026-09-16 23:04:12.331 | INFO     | tldw_Server_API.app.core.config:_buffered_log:210 - Early loading environment variables from: /Users/macbook-dev/Documents/GitHub/tldw_server2/tldw_Server_API/Config_Files/.env
2026-09-16 23:04:12.335 | INFO     | tldw_Server_API.app.core.config:_buffered_log:210 - Early loading environment variables from: /Users/macbook-dev/Documents/GitHub/tldw_server2/tldw_Server_API/Config_Files/.ENV
2026-09-16 23:04:12.340 | DEBUG    | tldw_Server_API.app.core.config:_buffered_log:210 - load_and_log_configs(): Loading and logging configurations...
2026-09-16 23:04:12.340 | INFO     | tldw_Server_API.app.core.config:_buffered_log:210 - Loading environment variables from: /Users/macbook-dev/Documents/GitHub/tldw_server2/tldw_Server_API/Config_Files/.env
2026-09-16 23:04:12.345 | INFO     | tldw_Server_API.app.core.config:_buffered_log:210 - Loading environment variables from: /Users/macbook-dev/Documents/GitHub/tldw_server2/tldw_Server_API/Config_Files/.ENV
2026-09-16 23:04:12.350 | INFO     | tldw_Server_API.app.core.config:_buffered_log:210 - Attempting to load comprehensive config from: /Users/macbook-dev/Documents/GitHub/tldw_server2/tldw_Server_API/Config_Files/config.txt
2026-09-16 23:04:12.352 | INFO     | tldw_Server_API.app.core.config:_buffered_log:210 - load_comprehensive_config(): Sections found in config: ['Setup', 'UI', 'Server', 'Files', 'Image-Generation', 'ACP', 'WORKSPACES', 'ACP-WORKSPACE', 'ACP-SANDBOX', 'Audit', 'Processing', 'Media-Processing', 'Chat-Dictionaries', 'Chat-Module', 'Chat-Commands', 'Chat-Templating', 'Character-Chat', 'Settings', 'Auto-Save', 'Prompts', 'Database', 'Chunking', 'Visual-RAG', 'AuthNZ', 'Streaming', 'HTTP', 'Egress', 'Embeddings', 'Claims', 'ClaimsMonitoring', 'RAG', 'Search-Agent', 'ResourceGovernor', 'Jobs', 'SlidesStandaloneHtml', 'Diarization', 'API', 'MLX', 'Local-API', 'LlamaCpp', 'STT-Settings', 'external_providers', 'TTS-Settings', 'VibeVoice', 'Audio-Quota', 'API-Routes', 'Search-Engines', 'Web-Scraper', 'Logging', 'Moderation', 'Redis', 'Web-Scraping', 'personalization', 'persona', 'persona.rbac']
2026-09-16 23:04:12.354 | INFO     | tldw_Server_API.app.core.config:_buffered_log:210 - Ensured main SQLite database directory exists: /Users/macbook-dev/Documents/GitHub/tldw_server2/Databases
2026-09-16 23:04:12.355 | INFO     | tldw_Server_API.app.core.config:_buffered_log:210 - Ensured user data base directory exists: Databases/user_databases
2026-09-16 23:04:12.355 | INFO     | tldw_Server_API.app.api.v1.API_Deps.Audit_DB_Deps:shutdown_all_audit_services:1034 - Shutting down audit services for 0 instances...
2026-09-16 23:04:12.355 | INFO     | tldw_Server_API.app.api.v1.API_Deps.Audit_DB_Deps:shutdown_all_audit_services:1091 - All audit services shut down successfully.
2026-09-16 23:04:12.367 | DEBUG    | tldw_Server_API.app.core.AuthNZ.settings:_ensure_jwt_secret:899 - Single-user mode - skipping JWT secret initialization
2026-09-16 23:04:12.368 | WARNING  | tldw_Server_API.app.core.AuthNZ.settings:_validate_api_key:1013 - SINGLE_USER_API_KEY uses a legacy format; generate a new server-generated key for improved security.
2026-09-16 23:04:12.368 | INFO     | tldw_Server_API.app.core.AuthNZ.settings:get_settings:1588 - Settings initialized - Auth mode: single_user, profile=local-single-user
2026-09-16 23:04:12.369 | INFO     | tldw_Server_API.app.core.AuthNZ.db_config:_detect_backend:83 - Detected database backend: sqlite
2026-09-16 23:04:12.439 | DEBUG    | tldw_Server_API.app.core.Scheduler.base.registry:decorator:81 - Registered task handler: watchlist_run
2026-09-16 23:04:12.439 | DEBUG    | tldw_Server_API.app.core.Scheduler.base.registry:decorator:81 - Registered task handler: watchlists_enrich_output
2026-09-16 23:04:12.439 | DEBUG    | tldw_Server_API.app.core.Scheduler.base.registry:decorator:81 - Registered task handler: watchlists_deliver_briefing
2026-09-16 23:04:12.440 | DEBUG    | tldw_Server_API.app.core.Scheduler.base.registry:decorator:81 - Registered task handler: acp_run
2026-09-16 23:04:12.441 | DEBUG    | tldw_Server_API.app.core.Scheduler.base.registry:decorator:81 - Registered task handler: workflow_run
2026-09-16 23:04:12.442 | WARNING  | tldw_Server_API.app.core.DB_Management.db_path_utils:resolve_user_db_base_dir:491 - USER_DB_BASE_DIR not configured in tests, using isolated fallback: /private/var/folders/sn/m80n2j152t9gw3w8qwk2nykh0000gn/T/tldw_user_databases_test/default-7df62fbf
2026-09-16 23:04:12.442 | DEBUG    | tldw_Server_API.app.core.DB_Management.backends.factory:_get_or_create_shared_sqlite_backend:325 - Creating sqlite backend for /private/var/folders/sn/m80n2j152t9gw3w8qwk2nykh0000gn/T/tldw_user_databases_test/default-7df62fbf/1/workflows/workflows_scheduler.db
2026-09-16 23:04:12.444 | INFO     | tldw_Server_API.app.core.DB_Management.Workflows_Scheduler_DB:__init__:210 - WorkflowsSchedulerDB using SQLite path: /private/var/folders/sn/m80n2j152t9gw3w8qwk2nykh0000gn/T/tldw_user_databases_test/default-7df62fbf/1/workflows/workflows_scheduler.db
2026-09-16 23:04:12.444 | INFO     | tldw_Server_API.app.services.workflows_scheduler:stop:183 - Workflows recurring scheduler stopped
2026-09-16 23:04:12.444 | INFO     | tldw_Server_API.app.api.v1.API_Deps.ChaCha_Notes_DB_Deps:close_all_chacha_db_instances:876 - Closing all cached ChaChaNotesDB instances (0)...
2026-09-16 23:04:12.445 | INFO     | tldw_Server_API.app.api.v1.API_Deps.ChaCha_Notes_DB_Deps:close_all_chacha_db_instances:892 - All ChaChaNotesDB instances closed and cache cleared.
2026-09-16 23:04:12.452 | INFO     | tldw_Server_API.app.api.v1.API_Deps.DB_Deps:<module>:57 - Using LRUCache for user DB instances (maxsize=100).

_ test_study_pack_spec_respects_route_flag_and_runtime_mode[None-True-False-False-True] _
tldw_Server_API/tests/Services/test_study_pack_startup_default.py:54: in test_study_pack_spec_respects_route_flag_and_runtime_mode
    assert spec.enabled(_context(route=route, sidecar=sidecar, test_mode=test_mode)) is expected
E   AssertionError: assert False is True
E    +  where False = <function route_enabled_predicate.<locals>._enabled at 0x1111d7240>(WorkerLifecycleContext(app=namespace(state=namespace()), settings={}, test_mode=False, route_enabled=<function _contex...ne, startup_guard_exceptions=(<class 'RuntimeError'>,), import_exceptions=(<class 'ImportError'>,), sidecar_mode=False))
E    +    where <function route_enabled_predicate.<locals>._enabled at 0x1111d7240> = WorkerSpec(name='study_pack_jobs_task', task_name='study_pack_jobs_task', category='jobs', phase=<ShutdownPhase.JOB_PO...depends_on=(), shutdown_callback_factory=None, diagnostic_name=None, failure_policy=<WorkerFailurePolicy.SKIP: 'skip'>).enabled
E    +    and   WorkerLifecycleContext(app=namespace(state=namespace()), settings={}, test_mode=False, route_enabled=<function _contex...ne, startup_guard_exceptions=(<class 'RuntimeError'>,), import_exceptions=(<class 'ImportError'>,), sidecar_mode=False) = _context(route=True, sidecar=False, test_mode=False)
--------------------------- Captured stderr teardown ---------------------------
2026-09-16 23:04:12.282 | INFO     | tldw_Server_API.app.api.v1.API_Deps.ChaCha_Notes_DB_Deps:close_all_chacha_db_instances:876 - Closing all cached ChaChaNotesDB instances (0)...
2026-09-16 23:04:12.282 | INFO     | tldw_Server_API.app.api.v1.API_Deps.ChaCha_Notes_DB_Deps:close_all_chacha_db_instances:892 - All ChaChaNotesDB instances closed and cache cleared.
2026-09-16 23:04:12.283 | INFO     | tldw_Server_API.app.api.v1.API_Deps.ChaCha_Notes_DB_Deps:close_all_chacha_db_instances:876 - Closing all cached ChaChaNotesDB instances (0)...
2026-09-16 23:04:12.283 | INFO     | tldw_Server_API.app.api.v1.API_Deps.ChaCha_Notes_DB_Deps:close_all_chacha_db_instances:892 - All ChaChaNotesDB instances closed and cache cleared.
_ test_study_pack_spec_respects_route_flag_and_runtime_mode[true-True-True-False-False] _
tldw_Server_API/tests/Services/test_study_pack_startup_default.py:54: in test_study_pack_spec_respects_route_flag_and_runtime_mode
    assert spec.enabled(_context(route=route, sidecar=sidecar, test_mode=test_mode)) is expected
E   AssertionError: assert True is False
E    +  where True = <function route_enabled_predicate.<locals>._enabled at 0x1111d6840>(WorkerLifecycleContext(app=namespace(state=namespace()), settings={}, test_mode=False, route_enabled=<function _contex...one, startup_guard_exceptions=(<class 'RuntimeError'>,), import_exceptions=(<class 'ImportError'>,), sidecar_mode=True))
E    +    where <function route_enabled_predicate.<locals>._enabled at 0x1111d6840> = WorkerSpec(name='study_pack_jobs_task', task_name='study_pack_jobs_task', category='jobs', phase=<ShutdownPhase.JOB_PO...depends_on=(), shutdown_callback_factory=None, diagnostic_name=None, failure_policy=<WorkerFailurePolicy.SKIP: 'skip'>).enabled
E    +    and   WorkerLifecycleContext(app=namespace(state=namespace()), settings={}, test_mode=False, route_enabled=<function _contex...one, startup_guard_exceptions=(<class 'RuntimeError'>,), import_exceptions=(<class 'ImportError'>,), sidecar_mode=True) = _context(route=True, sidecar=True, test_mode=False)
--------------------------- Captured stderr teardown ---------------------------
2026-09-16 23:04:12.288 | INFO     | tldw_Server_API.app.api.v1.API_Deps.ChaCha_Notes_DB_Deps:close_all_chacha_db_instances:876 - Closing all cached ChaChaNotesDB instances (0)...
2026-09-16 23:04:12.289 | INFO     | tldw_Server_API.app.api.v1.API_Deps.ChaCha_Notes_DB_Deps:close_all_chacha_db_instances:892 - All ChaChaNotesDB instances closed and cache cleared.
2026-09-16 23:04:12.289 | INFO     | tldw_Server_API.app.api.v1.API_Deps.ChaCha_Notes_DB_Deps:close_all_chacha_db_instances:876 - Closing all cached ChaChaNotesDB instances (0)...
2026-09-16 23:04:12.289 | INFO     | tldw_Server_API.app.api.v1.API_Deps.ChaCha_Notes_DB_Deps:close_all_chacha_db_instances:892 - All ChaChaNotesDB instances closed and cache cleared.
_ test_active_catalog_bootstrap_registers_and_quiesces_study_pack[None-True-False-True] _
tldw_Server_API/tests/Services/test_study_pack_startup_default.py:125: in test_active_catalog_bootstrap_registers_and_quiesces_study_pack
    assert (NAME in session.handles_by_name) is expected
E   AssertionError: assert ('study_pack_jobs_task' in {}) is True
E    +  where {} = WorkerLifecycleSession(app=namespace(state=namespace(_tldw_shutdown_worker_inventory=[], _tldw_shutdown_job_poller_inv...sabled_names={'study_pack_jobs_task'}, startup_failures={}, stopped_names_by_phase={}, stopped_or_quiesced_names=set()).handles_by_name
--------------------------- Captured stderr teardown ---------------------------
2026-09-16 23:04:12.297 | INFO     | tldw_Server_API.app.api.v1.API_Deps.ChaCha_Notes_DB_Deps:close_all_chacha_db_instances:876 - Closing all cached ChaChaNotesDB instances (0)...
2026-09-16 23:04:12.297 | INFO     | tldw_Server_API.app.api.v1.API_Deps.ChaCha_Notes_DB_Deps:close_all_chacha_db_instances:892 - All ChaChaNotesDB instances closed and cache cleared.
2026-09-16 23:04:12.298 | INFO     | tldw_Server_API.app.api.v1.API_Deps.ChaCha_Notes_DB_Deps:close_all_chacha_db_instances:876 - Closing all cached ChaChaNotesDB instances (0)...
2026-09-16 23:04:12.298 | INFO     | tldw_Server_API.app.api.v1.API_Deps.ChaCha_Notes_DB_Deps:close_all_chacha_db_instances:892 - All ChaChaNotesDB instances closed and cache cleared.
=========================== short test summary info ============================
FAILED tldw_Server_API/tests/Services/test_study_pack_startup_default.py::test_study_pack_spec_respects_route_flag_and_runtime_mode[-True-False-False-True]
FAILED tldw_Server_API/tests/Services/test_study_pack_startup_default.py::test_active_catalog_bootstrap_registers_and_quiesces_study_pack[true-True-True-False]
FAILED tldw_Server_API/tests/Services/test_study_pack_startup_default.py::test_study_pack_spec_respects_route_flag_and_runtime_mode[None-True-False-False-True]
FAILED tldw_Server_API/tests/Services/test_study_pack_startup_default.py::test_study_pack_spec_respects_route_flag_and_runtime_mode[true-True-True-False-False]
FAILED tldw_Server_API/tests/Services/test_study_pack_startup_default.py::test_active_catalog_bootstrap_registers_and_quiesces_study_pack[None-True-False-True]
=================== 5 failed, 10 passed, 4 warnings in 1.24s ===================
