$ vitest run src/components/Option/Playground/__tests__/Playground.coordinator.integration.test.tsx -t "UAT068"

 RUN  v4.0.18 /Users/macbook-dev/Documents/GitHub/tldw_server2/apps/packages/ui

 ❯ src/components/Option/Playground/__tests__/Playground.coordinator.integration.test.tsx (53 tests | 3 failed | 49 skipped) 2737ms
     ↓ promotes accepted entry to saved route and restores its transcript on remount: /chat?mode=character&characterId=4&keep=1
     ↓ promotes accepted entry to saved route and restores its transcript on remount: /options.html#/chat?mode=character&characterId=4&keep=1
     ↓ does not publish a superseded saved target after delayed scope hydration (return to A: false)
     ↓ does not publish a superseded saved target after delayed scope hydration (return to A: true)
     ↓ registers the webui chat route context on mount
     ↓ waits for session scope readiness before consuming the one-time restore pass
     ↓ falls back to recent chat only when restore reports nothing restored
     ↓ stops recent-chat initialization when restore reports cancellation
     ↓ does not overwrite a server chat selected while session scope initializes
     ↓ applies explicit character chat route ids before persisted session restore
     ↓ applies character route ids before persisted session restore
     ↓ applies a settings-return server chat before persisted session restore
     ↓ selects the saved Flashcard source conversation through the actual neutral Chat route consumer
     ↓ applies a sidepanel handoff before persisted session restore
     ↓ starts a fresh character route chat over an active server chat
     ↓ settles canonical saved entry with the real session subscription and local loader (StrictMode=false)
     ↓ settles canonical saved entry with the real session subscription and local loader (StrictMode=true)
     ↓ cancels pending generic restoration before applying an explicit settings target
     ↓ finishes a delayed current settings local-history load
     ↓ finishes a delayed current timeline local-history load
     ↓ does not complete a failed local settings return as a successful server selection
     ↓ uses canonical ordinary workflow after history load despite a persisted Character preference
     ↓ uses canonical ordinary workflow after cold load despite a persisted Character preference
     ↓ preserves the intended workflow for pending chat state
     ↓ preserves the intended workflow for scope-pending chat state
     ↓ preserves the intended workflow for fresh chat state
     ↓ preserves the intended workflow for unsaved chat state
     ↓ preserves the intended workflow for character chat state
     ↓ preserves the intended workflow for persona chat state
     ↓ keeps a saved target over a previous character while profile is delayed
     ↓ keeps a saved target over a previous character while messages is delayed
     ↓ does not install a late saved identity after picker changes during metadata fetch
     ↓ does not install a late saved identity after picker-roundtrip changes during metadata fetch
     ↓ does not install a late saved identity after replacement changes during metadata fetch
     ↓ does not install a late saved identity after principal changes during metadata fetch
     ↓ keeps the saved target while a raw preference change suppresses a late profile (same turn false)
     ↓ keeps the saved target while a raw preference change suppresses a late profile (same turn true)
     ↓ discards optional profile completion after replacement
     ↓ discards optional profile completion after principal
     ↓ discards optional profile completion after unmount
     ↓ loads canonical messages without waiting for optional global selection persistence
     ↓ preserves canonical saved identity with actual WebUI storage and six loaders: immediate
     ↓ preserves canonical saved identity with actual WebUI storage and six loaders: profile
     ↓ preserves canonical saved identity with actual WebUI storage and six loaders: messages
     ↓ preserves canonical saved identity with actual WebUI storage and six loaders: sidebar
     ↓ preserves canonical saved identity with actual WebUI storage and six loaders: cross-tab
     ↓ uses the real picker to deliberately select Robot with a saved target
     ↓ uses the real picker to deliberately select New choice with a saved target
     × UAT068 replaces a fully loaded saved Character from its search route without restoring it 895ms
     × UAT068 replaces a fully loaded saved Character from its hash route without restoring it 693ms
     ✓ UAT068 clear survives a 0ms route commit without restoring the saved Character  569ms
     × UAT068 clear survives a 70ms route commit without restoring the saved Character 579ms
     ↓ keeps the saved conversation and preference after cancelling the real legacy picker confirmation

⎯⎯⎯⎯⎯⎯⎯ Failed Tests 3 ⎯⎯⎯⎯⎯⎯⎯

 FAIL  src/components/Option/Playground/__tests__/Playground.coordinator.integration.test.tsx > Playground coordinator integration > UAT068 replaces a fully loaded saved Character from its search route without restoring it
 FAIL  src/components/Option/Playground/__tests__/Playground.coordinator.integration.test.tsx > Playground coordinator integration > UAT068 replaces a fully loaded saved Character from its hash route without restoring it
AssertionError: expected 'robot' to be null // Object.is equality

- Expected: 
null

+ Received: 
"robot"

 ❯ src/components/Option/Playground/__tests__/Playground.coordinator.integration.test.tsx:1069:61
    1067|       fireEvent.click(buttons.at(-1)!)
    1068|       // The handler detaches synchronously, before selection persiste…
    1069|       expect(useStoreMessageOption.getState().serverChatId).toBe(null)
       |                                                             ^
    1070|       await act(async () => { release(); await pending })
    1071|       await waitFor(async () => expect(await selectedAssistantStorage.…

⎯⎯⎯⎯⎯⎯⎯⎯⎯⎯⎯⎯⎯⎯⎯⎯⎯⎯⎯⎯⎯⎯⎯⎯[1/3]⎯

 FAIL  src/components/Option/Playground/__tests__/Playground.coordinator.integration.test.tsx > Playground coordinator integration > UAT068 clear survives a 70ms route commit without restoring the saved Character
AssertionError: expected 'robot' to be null

- Expected: 
null

+ Received: 
"robot"

 ❯ src/components/Option/Playground/__tests__/Playground.coordinator.integration.test.tsx:1107:61
    1105|       await act(async () => { await new Promise(resolve => setTimeout(…
    1106|       expect(window.location.pathname + window.location.search).toBe("…
    1107|       expect(useStoreMessageOption.getState().serverChatId).toBeNull()
       |                                                             ^
    1108|       expect(useStoreMessageOption.getState().messages).toEqual([])
    1109|     } finally { release(); view.unmount(); queryClient.clear() }

⎯⎯⎯⎯⎯⎯⎯⎯⎯⎯⎯⎯⎯⎯⎯⎯⎯⎯⎯⎯⎯⎯⎯⎯[2/3]⎯


 Test Files  1 failed (1)
      Tests  3 failed | 1 passed | 49 skipped (53)
   Start at  02:40:49
   Duration  5.32s (transform 1.24s, setup 77ms, import 2.24s, tests 2.74s, environment 205ms)

error: script "test" exited with code 1
