
 RUN  v4.0.18 /Users/macbook-dev/Documents/GitHub/tldw_server2/apps/packages/ui

(node:17128) ExperimentalWarning: localStorage is not available because --localstorage-file was not provided.
(Use `node --trace-warnings ...` to show where the warning was created)
 ❯ ../../../../../../../../private/tmp/cycle4-uat108-correlation-image-probe.test.tsx (12 tests | 2 failed | 10 skipped) 5ms
     ↓ keeps canonical raw reads limited to normal presentation
     ↓ keeps canonical raw reads limited to persona presentation
     ↓ keeps canonical raw reads limited to character presentation
     ↓ reconciles a nonempty local mirror using acknowledged server identity
     ↓ revalidates canonical invalidated while an owned response is held
     ↓ revalidates canonical different-owner while an owned response is held
     ↓ revalidates canonical valid-rotation while an owned response is held
     ↓ keeps an active streamed row and skips completed snapshot writes
     ↓ does not apply a late Cedar profile after the current selection changes to Robot
     ↓ does not publish a superseded load after history linking is aborted
   × private actual canonical image user is correlated: Question 4ms
   × private actual canonical image user is correlated:  0ms

⎯⎯⎯⎯⎯⎯⎯ Failed Tests 2 ⎯⎯⎯⎯⎯⎯⎯

 FAIL  ../../../../../../../../private/tmp/cycle4-uat108-correlation-image-probe.test.tsx > private actual canonical image user is correlated: Question
 FAIL  ../../../../../../../../private/tmp/cycle4-uat108-correlation-image-probe.test.tsx > private actual canonical image user is correlated: 
AssertionError: expected [ { …(34) }, …(1) ] to have a length of 1 but got 2

- Expected
+ Received

- 1
+ 2

 ❯ ../../../../../../../../private/tmp/cycle4-uat108-correlation-image-probe.test.tsx:282:44


⎯⎯⎯⎯⎯⎯⎯⎯⎯⎯⎯⎯⎯⎯⎯⎯⎯⎯⎯⎯⎯⎯⎯⎯[1/2]⎯


 Test Files  1 failed (1)
      Tests  2 failed | 10 skipped (12)
   Start at  22:15:18
   Duration  736ms (transform 303ms, setup 74ms, import 334ms, tests 5ms, environment 229ms)

