============================= test session starts ==============================
platform darwin -- Python 3.11.13, pytest-8.4.1, pluggy-1.6.0
benchmark: 5.2.3 (defaults: timer=time.perf_counter disable_gc=False min_rounds=5 min_time=0.000005 max_time=1.0 calibration_precision=10 warmup=False warmup_iterations=100000)
Using --randomly-seed=2050260732
rootdir: /Users/macbook-dev/Documents/GitHub/tldw_server2
configfile: pyproject.toml
plugins: anyio-4.12.1, benchmark-5.2.3, locust-2.43.3, asyncio-1.1.0, xdist-3.8.0, split-0.11.0, timeout-2.4.0, randomly-4.1.0, hypothesis-6.138.2, cov-6.2.1, mock-3.14.1
asyncio: mode=Mode.AUTO, asyncio_default_fixture_loop_scope=function, asyncio_default_test_loop_scope=function
timeout: 300.0s
timeout method: thread
timeout func_only: False
collected 21 items / 9 deselected / 12 selected

tldw_Server_API/tests/StudyPacks/test_provenance.py FFFFFFFFFFFF         [100%]

=================================== FAILURES ===================================
_ test_note_deep_dive_uses_registered_route_and_authoritative_source[anchor:slow-start-expected_locator5-exact_locator-note /?&\u96ea] _
tldw_Server_API/tests/StudyPacks/test_provenance.py:423: in test_note_deep_dive_uses_registered_route_and_authoritative_source
    assert route.path == "/notes"
E   AssertionError: assert '/notes/note /' == '/notes'
E
E     - /notes
E     + /notes/note /
--------------------------- Captured stderr teardown ---------------------------
2026-09-17 01:53:59.592 | INFO     | tldw_Server_API.app.api.v1.API_Deps.ChaCha_Notes_DB_Deps:close_all_chacha_db_instances:876 - Closing all cached ChaChaNotesDB instances (0)...
2026-09-17 01:53:59.592 | INFO     | tldw_Server_API.app.api.v1.API_Deps.ChaCha_Notes_DB_Deps:close_all_chacha_db_instances:892 - All ChaChaNotesDB instances closed and cache cleared.
2026-09-17 01:53:59.593 | INFO     | tldw_Server_API.app.core.config:_buffered_log:210 - Loading environment variables from: /Users/macbook-dev/Documents/GitHub/tldw_server2/tldw_Server_API/Config_Files/.env
2026-09-17 01:53:59.598 | INFO     | tldw_Server_API.app.core.config:_buffered_log:210 - Loading environment variables from: /Users/macbook-dev/Documents/GitHub/tldw_server2/tldw_Server_API/Config_Files/.ENV
2026-09-17 01:53:59.602 | INFO     | tldw_Server_API.app.core.config:_buffered_log:210 - Attempting to load comprehensive config from: /Users/macbook-dev/Documents/GitHub/tldw_server2/tldw_Server_API/Config_Files/config.txt
2026-09-17 01:53:59.604 | INFO     | tldw_Server_API.app.core.config:_buffered_log:210 - load_comprehensive_config(): Sections found in config: ['Setup', 'UI', 'Server', 'Files', 'Image-Generation', 'ACP', 'WORKSPACES', 'ACP-WORKSPACE', 'ACP-SANDBOX', 'Audit', 'Processing', 'Media-Processing', 'Chat-Dictionaries', 'Chat-Module', 'Chat-Commands', 'Chat-Templating', 'Character-Chat', 'Settings', 'Auto-Save', 'Prompts', 'Database', 'Chunking', 'Visual-RAG', 'AuthNZ', 'Streaming', 'HTTP', 'Egress', 'Embeddings', 'Claims', 'ClaimsMonitoring', 'RAG', 'Search-Agent', 'ResourceGovernor', 'Jobs', 'SlidesStandaloneHtml', 'Diarization', 'API', 'MLX', 'Local-API', 'LlamaCpp', 'STT-Settings', 'external_providers', 'TTS-Settings', 'VibeVoice', 'Audio-Quota', 'API-Routes', 'Search-Engines', 'Web-Scraper', 'Logging', 'Moderation', 'Redis', 'Web-Scraping', 'personalization', 'persona', 'persona.rbac']
2026-09-17 01:53:59.606 | INFO     | tldw_Server_API.app.api.v1.API_Deps.ChaCha_Notes_DB_Deps:close_all_chacha_db_instances:876 - Closing all cached ChaChaNotesDB instances (0)...
2026-09-17 01:53:59.607 | INFO     | tldw_Server_API.app.api.v1.API_Deps.ChaCha_Notes_DB_Deps:close_all_chacha_db_instances:892 - All ChaChaNotesDB instances closed and cache cleared.
_ test_note_deep_dive_uses_registered_route_and_authoritative_source[locator1-expected_locator1-workspace_route-note-1] _
tldw_Server_API/tests/StudyPacks/test_provenance.py:423: in test_note_deep_dive_uses_registered_route_and_authoritative_source
    assert route.path == "/notes"
E   AssertionError: assert '/notes/note-1' == '/notes'
E
E     - /notes
E     + /notes/note-1
--------------------------- Captured stderr teardown ---------------------------
2026-09-17 01:53:59.610 | INFO     | tldw_Server_API.app.api.v1.API_Deps.ChaCha_Notes_DB_Deps:close_all_chacha_db_instances:876 - Closing all cached ChaChaNotesDB instances (0)...
2026-09-17 01:53:59.611 | INFO     | tldw_Server_API.app.api.v1.API_Deps.ChaCha_Notes_DB_Deps:close_all_chacha_db_instances:892 - All ChaChaNotesDB instances closed and cache cleared.
2026-09-17 01:53:59.611 | INFO     | tldw_Server_API.app.api.v1.API_Deps.ChaCha_Notes_DB_Deps:close_all_chacha_db_instances:876 - Closing all cached ChaChaNotesDB instances (0)...
2026-09-17 01:53:59.611 | INFO     | tldw_Server_API.app.api.v1.API_Deps.ChaCha_Notes_DB_Deps:close_all_chacha_db_instances:892 - All ChaChaNotesDB instances closed and cache cleared.
_ test_note_deep_dive_uses_registered_route_and_authoritative_source[locator3-expected_locator3-exact_locator-note-1] _
tldw_Server_API/tests/StudyPacks/test_provenance.py:423: in test_note_deep_dive_uses_registered_route_and_authoritative_source
    assert route.path == "/notes"
E   AssertionError: assert '/notes/note-1' == '/notes'
E
E     - /notes
E     + /notes/note-1
--------------------------- Captured stderr teardown ---------------------------
2026-09-17 01:53:59.614 | INFO     | tldw_Server_API.app.api.v1.API_Deps.ChaCha_Notes_DB_Deps:close_all_chacha_db_instances:876 - Closing all cached ChaChaNotesDB instances (0)...
2026-09-17 01:53:59.615 | INFO     | tldw_Server_API.app.api.v1.API_Deps.ChaCha_Notes_DB_Deps:close_all_chacha_db_instances:892 - All ChaChaNotesDB instances closed and cache cleared.
2026-09-17 01:53:59.615 | INFO     | tldw_Server_API.app.api.v1.API_Deps.ChaCha_Notes_DB_Deps:close_all_chacha_db_instances:876 - Closing all cached ChaChaNotesDB instances (0)...
2026-09-17 01:53:59.616 | INFO     | tldw_Server_API.app.api.v1.API_Deps.ChaCha_Notes_DB_Deps:close_all_chacha_db_instances:892 - All ChaChaNotesDB instances closed and cache cleared.
_ test_note_deep_dive_uses_registered_route_and_authoritative_source[None-expected_locator0-workspace_route-note-1] _
tldw_Server_API/tests/StudyPacks/test_provenance.py:423: in test_note_deep_dive_uses_registered_route_and_authoritative_source
    assert route.path == "/notes"
E   AssertionError: assert '/notes/note-1' == '/notes'
E
E     - /notes
E     + /notes/note-1
--------------------------- Captured stderr teardown ---------------------------
2026-09-17 01:53:59.619 | INFO     | tldw_Server_API.app.api.v1.API_Deps.ChaCha_Notes_DB_Deps:close_all_chacha_db_instances:876 - Closing all cached ChaChaNotesDB instances (0)...
2026-09-17 01:53:59.619 | INFO     | tldw_Server_API.app.api.v1.API_Deps.ChaCha_Notes_DB_Deps:close_all_chacha_db_instances:892 - All ChaChaNotesDB instances closed and cache cleared.
2026-09-17 01:53:59.620 | INFO     | tldw_Server_API.app.api.v1.API_Deps.ChaCha_Notes_DB_Deps:close_all_chacha_db_instances:876 - Closing all cached ChaChaNotesDB instances (0)...
2026-09-17 01:53:59.620 | INFO     | tldw_Server_API.app.api.v1.API_Deps.ChaCha_Notes_DB_Deps:close_all_chacha_db_instances:892 - All ChaChaNotesDB instances closed and cache cleared.
_ test_note_deep_dive_uses_registered_route_and_authoritative_source[None-expected_locator0-workspace_route-note /?&\u96ea] _
tldw_Server_API/tests/StudyPacks/test_provenance.py:423: in test_note_deep_dive_uses_registered_route_and_authoritative_source
    assert route.path == "/notes"
E   AssertionError: assert '/notes/note /' == '/notes'
E
E     - /notes
E     + /notes/note /
--------------------------- Captured stderr teardown ---------------------------
2026-09-17 01:53:59.623 | INFO     | tldw_Server_API.app.api.v1.API_Deps.ChaCha_Notes_DB_Deps:close_all_chacha_db_instances:876 - Closing all cached ChaChaNotesDB instances (0)...
2026-09-17 01:53:59.623 | INFO     | tldw_Server_API.app.api.v1.API_Deps.ChaCha_Notes_DB_Deps:close_all_chacha_db_instances:892 - All ChaChaNotesDB instances closed and cache cleared.
2026-09-17 01:53:59.624 | INFO     | tldw_Server_API.app.api.v1.API_Deps.ChaCha_Notes_DB_Deps:close_all_chacha_db_instances:876 - Closing all cached ChaChaNotesDB instances (0)...
2026-09-17 01:53:59.624 | INFO     | tldw_Server_API.app.api.v1.API_Deps.ChaCha_Notes_DB_Deps:close_all_chacha_db_instances:892 - All ChaChaNotesDB instances closed and cache cleared.
_ test_note_deep_dive_uses_registered_route_and_authoritative_source[locator4-expected_locator4-exact_locator-note /?&\u96ea] _
tldw_Server_API/tests/StudyPacks/test_provenance.py:423: in test_note_deep_dive_uses_registered_route_and_authoritative_source
    assert route.path == "/notes"
E   AssertionError: assert '/notes/note /' == '/notes'
E
E     - /notes
E     + /notes/note /
--------------------------- Captured stderr teardown ---------------------------
2026-09-17 01:53:59.627 | INFO     | tldw_Server_API.app.api.v1.API_Deps.ChaCha_Notes_DB_Deps:close_all_chacha_db_instances:876 - Closing all cached ChaChaNotesDB instances (0)...
2026-09-17 01:53:59.628 | INFO     | tldw_Server_API.app.api.v1.API_Deps.ChaCha_Notes_DB_Deps:close_all_chacha_db_instances:892 - All ChaChaNotesDB instances closed and cache cleared.
2026-09-17 01:53:59.628 | INFO     | tldw_Server_API.app.api.v1.API_Deps.ChaCha_Notes_DB_Deps:close_all_chacha_db_instances:876 - Closing all cached ChaChaNotesDB instances (0)...
2026-09-17 01:53:59.628 | INFO     | tldw_Server_API.app.api.v1.API_Deps.ChaCha_Notes_DB_Deps:close_all_chacha_db_instances:892 - All ChaChaNotesDB instances closed and cache cleared.
_ test_note_deep_dive_uses_registered_route_and_authoritative_source[locator2-expected_locator2-exact_locator-note-1] _
tldw_Server_API/tests/StudyPacks/test_provenance.py:423: in test_note_deep_dive_uses_registered_route_and_authoritative_source
    assert route.path == "/notes"
E   AssertionError: assert '/notes/note-1' == '/notes'
E
E     - /notes
E     + /notes/note-1
--------------------------- Captured stderr teardown ---------------------------
2026-09-17 01:53:59.631 | INFO     | tldw_Server_API.app.api.v1.API_Deps.ChaCha_Notes_DB_Deps:close_all_chacha_db_instances:876 - Closing all cached ChaChaNotesDB instances (0)...
2026-09-17 01:53:59.632 | INFO     | tldw_Server_API.app.api.v1.API_Deps.ChaCha_Notes_DB_Deps:close_all_chacha_db_instances:892 - All ChaChaNotesDB instances closed and cache cleared.
2026-09-17 01:53:59.632 | INFO     | tldw_Server_API.app.api.v1.API_Deps.ChaCha_Notes_DB_Deps:close_all_chacha_db_instances:876 - Closing all cached ChaChaNotesDB instances (0)...
2026-09-17 01:53:59.632 | INFO     | tldw_Server_API.app.api.v1.API_Deps.ChaCha_Notes_DB_Deps:close_all_chacha_db_instances:892 - All ChaChaNotesDB instances closed and cache cleared.
_ test_note_deep_dive_uses_registered_route_and_authoritative_source[locator1-expected_locator1-workspace_route-note /?&\u96ea] _
tldw_Server_API/tests/StudyPacks/test_provenance.py:423: in test_note_deep_dive_uses_registered_route_and_authoritative_source
    assert route.path == "/notes"
E   AssertionError: assert '/notes/note /' == '/notes'
E
E     - /notes
E     + /notes/note /
--------------------------- Captured stderr teardown ---------------------------
2026-09-17 01:53:59.671 | INFO     | tldw_Server_API.app.api.v1.API_Deps.ChaCha_Notes_DB_Deps:close_all_chacha_db_instances:876 - Closing all cached ChaChaNotesDB instances (0)...
2026-09-17 01:53:59.672 | INFO     | tldw_Server_API.app.api.v1.API_Deps.ChaCha_Notes_DB_Deps:close_all_chacha_db_instances:892 - All ChaChaNotesDB instances closed and cache cleared.
2026-09-17 01:53:59.672 | INFO     | tldw_Server_API.app.api.v1.API_Deps.ChaCha_Notes_DB_Deps:close_all_chacha_db_instances:876 - Closing all cached ChaChaNotesDB instances (0)...
2026-09-17 01:53:59.673 | INFO     | tldw_Server_API.app.api.v1.API_Deps.ChaCha_Notes_DB_Deps:close_all_chacha_db_instances:892 - All ChaChaNotesDB instances closed and cache cleared.
_ test_note_deep_dive_uses_registered_route_and_authoritative_source[locator3-expected_locator3-exact_locator-note /?&\u96ea] _
tldw_Server_API/tests/StudyPacks/test_provenance.py:423: in test_note_deep_dive_uses_registered_route_and_authoritative_source
    assert route.path == "/notes"
E   AssertionError: assert '/notes/note /' == '/notes'
E
E     - /notes
E     + /notes/note /
--------------------------- Captured stderr teardown ---------------------------
2026-09-17 01:53:59.676 | INFO     | tldw_Server_API.app.api.v1.API_Deps.ChaCha_Notes_DB_Deps:close_all_chacha_db_instances:876 - Closing all cached ChaChaNotesDB instances (0)...
2026-09-17 01:53:59.676 | INFO     | tldw_Server_API.app.api.v1.API_Deps.ChaCha_Notes_DB_Deps:close_all_chacha_db_instances:892 - All ChaChaNotesDB instances closed and cache cleared.
2026-09-17 01:53:59.677 | INFO     | tldw_Server_API.app.api.v1.API_Deps.ChaCha_Notes_DB_Deps:close_all_chacha_db_instances:876 - Closing all cached ChaChaNotesDB instances (0)...
2026-09-17 01:53:59.677 | INFO     | tldw_Server_API.app.api.v1.API_Deps.ChaCha_Notes_DB_Deps:close_all_chacha_db_instances:892 - All ChaChaNotesDB instances closed and cache cleared.
_ test_note_deep_dive_uses_registered_route_and_authoritative_source[anchor:slow-start-expected_locator5-exact_locator-note-1] _
tldw_Server_API/tests/StudyPacks/test_provenance.py:423: in test_note_deep_dive_uses_registered_route_and_authoritative_source
    assert route.path == "/notes"
E   AssertionError: assert '/notes/note-1' == '/notes'
E
E     - /notes
E     + /notes/note-1
--------------------------- Captured stderr teardown ---------------------------
2026-09-17 01:53:59.680 | INFO     | tldw_Server_API.app.api.v1.API_Deps.ChaCha_Notes_DB_Deps:close_all_chacha_db_instances:876 - Closing all cached ChaChaNotesDB instances (0)...
2026-09-17 01:53:59.680 | INFO     | tldw_Server_API.app.api.v1.API_Deps.ChaCha_Notes_DB_Deps:close_all_chacha_db_instances:892 - All ChaChaNotesDB instances closed and cache cleared.
2026-09-17 01:53:59.680 | INFO     | tldw_Server_API.app.api.v1.API_Deps.ChaCha_Notes_DB_Deps:close_all_chacha_db_instances:876 - Closing all cached ChaChaNotesDB instances (0)...
2026-09-17 01:53:59.681 | INFO     | tldw_Server_API.app.api.v1.API_Deps.ChaCha_Notes_DB_Deps:close_all_chacha_db_instances:892 - All ChaChaNotesDB instances closed and cache cleared.
_ test_note_deep_dive_uses_registered_route_and_authoritative_source[locator4-expected_locator4-exact_locator-note-1] _
tldw_Server_API/tests/StudyPacks/test_provenance.py:423: in test_note_deep_dive_uses_registered_route_and_authoritative_source
    assert route.path == "/notes"
E   AssertionError: assert '/notes/note-1' == '/notes'
E
E     - /notes
E     + /notes/note-1
--------------------------- Captured stderr teardown ---------------------------
2026-09-17 01:53:59.684 | INFO     | tldw_Server_API.app.api.v1.API_Deps.ChaCha_Notes_DB_Deps:close_all_chacha_db_instances:876 - Closing all cached ChaChaNotesDB instances (0)...
2026-09-17 01:53:59.684 | INFO     | tldw_Server_API.app.api.v1.API_Deps.ChaCha_Notes_DB_Deps:close_all_chacha_db_instances:892 - All ChaChaNotesDB instances closed and cache cleared.
2026-09-17 01:53:59.685 | INFO     | tldw_Server_API.app.api.v1.API_Deps.ChaCha_Notes_DB_Deps:close_all_chacha_db_instances:876 - Closing all cached ChaChaNotesDB instances (0)...
2026-09-17 01:53:59.685 | INFO     | tldw_Server_API.app.api.v1.API_Deps.ChaCha_Notes_DB_Deps:close_all_chacha_db_instances:892 - All ChaChaNotesDB instances closed and cache cleared.
_ test_note_deep_dive_uses_registered_route_and_authoritative_source[locator2-expected_locator2-exact_locator-note /?&\u96ea] _
tldw_Server_API/tests/StudyPacks/test_provenance.py:423: in test_note_deep_dive_uses_registered_route_and_authoritative_source
    assert route.path == "/notes"
E   AssertionError: assert '/notes/note /' == '/notes'
E
E     - /notes
E     + /notes/note /
--------------------------- Captured stderr teardown ---------------------------
2026-09-17 01:53:59.688 | INFO     | tldw_Server_API.app.api.v1.API_Deps.ChaCha_Notes_DB_Deps:close_all_chacha_db_instances:876 - Closing all cached ChaChaNotesDB instances (0)...
2026-09-17 01:53:59.688 | INFO     | tldw_Server_API.app.api.v1.API_Deps.ChaCha_Notes_DB_Deps:close_all_chacha_db_instances:892 - All ChaChaNotesDB instances closed and cache cleared.
2026-09-17 01:53:59.688 | INFO     | tldw_Server_API.app.api.v1.API_Deps.ChaCha_Notes_DB_Deps:close_all_chacha_db_instances:876 - Closing all cached ChaChaNotesDB instances (0)...
2026-09-17 01:53:59.689 | INFO     | tldw_Server_API.app.api.v1.API_Deps.ChaCha_Notes_DB_Deps:close_all_chacha_db_instances:892 - All ChaChaNotesDB instances closed and cache cleared.
=========================== short test summary info ============================
FAILED tldw_Server_API/tests/StudyPacks/test_provenance.py::test_note_deep_dive_uses_registered_route_and_authoritative_source[anchor:slow-start-expected_locator5-exact_locator-note /?&\u96ea]
FAILED tldw_Server_API/tests/StudyPacks/test_provenance.py::test_note_deep_dive_uses_registered_route_and_authoritative_source[locator1-expected_locator1-workspace_route-note-1]
FAILED tldw_Server_API/tests/StudyPacks/test_provenance.py::test_note_deep_dive_uses_registered_route_and_authoritative_source[locator3-expected_locator3-exact_locator-note-1]
FAILED tldw_Server_API/tests/StudyPacks/test_provenance.py::test_note_deep_dive_uses_registered_route_and_authoritative_source[None-expected_locator0-workspace_route-note-1]
FAILED tldw_Server_API/tests/StudyPacks/test_provenance.py::test_note_deep_dive_uses_registered_route_and_authoritative_source[None-expected_locator0-workspace_route-note /?&\u96ea]
FAILED tldw_Server_API/tests/StudyPacks/test_provenance.py::test_note_deep_dive_uses_registered_route_and_authoritative_source[locator4-expected_locator4-exact_locator-note /?&\u96ea]2026-09-17 01:53:59.715 | INFO     | tldw_Server_API.app.core.config:_buffered_log:210 - Determined ACTUAL_PROJECT_ROOT for database paths: /Users/macbook-dev/Documents/GitHub/tldw_server2
2026-09-17 01:53:59.716 | INFO     | tldw_Server_API.app.core.config:_buffered_log:210 - Early loading environment variables from: /Users/macbook-dev/Documents/GitHub/tldw_server2/tldw_Server_API/Config_Files/.env
2026-09-17 01:53:59.720 | INFO     | tldw_Server_API.app.core.config:_buffered_log:210 - Early loading environment variables from: /Users/macbook-dev/Documents/GitHub/tldw_server2/tldw_Server_API/Config_Files/.ENV
2026-09-17 01:53:59.725 | DEBUG    | tldw_Server_API.app.core.config:_buffered_log:210 - load_and_log_configs(): Loading and logging configurations...
2026-09-17 01:53:59.725 | INFO     | tldw_Server_API.app.core.config:_buffered_log:210 - Loading environment variables from: /Users/macbook-dev/Documents/GitHub/tldw_server2/tldw_Server_API/Config_Files/.env
2026-09-17 01:53:59.730 | INFO     | tldw_Server_API.app.core.config:_buffered_log:210 - Loading environment variables from: /Users/macbook-dev/Documents/GitHub/tldw_server2/tldw_Server_API/Config_Files/.ENV
2026-09-17 01:53:59.734 | INFO     | tldw_Server_API.app.core.config:_buffered_log:210 - Attempting to load comprehensive config from: /Users/macbook-dev/Documents/GitHub/tldw_server2/tldw_Server_API/Config_Files/config.txt
2026-09-17 01:53:59.736 | INFO     | tldw_Server_API.app.core.config:_buffered_log:210 - load_comprehensive_config(): Sections found in config: ['Setup', 'UI', 'Server', 'Files', 'Image-Generation', 'ACP', 'WORKSPACES', 'ACP-WORKSPACE', 'ACP-SANDBOX', 'Audit', 'Processing', 'Media-Processing', 'Chat-Dictionaries', 'Chat-Module', 'Chat-Commands', 'Chat-Templating', 'Character-Chat', 'Settings', 'Auto-Save', 'Prompts', 'Database', 'Chunking', 'Visual-RAG', 'AuthNZ', 'Streaming', 'HTTP', 'Egress', 'Embeddings', 'Claims', 'ClaimsMonitoring', 'RAG', 'Search-Agent', 'ResourceGovernor', 'Jobs', 'SlidesStandaloneHtml', 'Diarization', 'API', 'MLX', 'Local-API', 'LlamaCpp', 'STT-Settings', 'external_providers', 'TTS-Settings', 'VibeVoice', 'Audio-Quota', 'API-Routes', 'Search-Engines', 'Web-Scraper', 'Logging', 'Moderation', 'Redis', 'Web-Scraping', 'personalization', 'persona', 'persona.rbac']
2026-09-17 01:53:59.739 | INFO     | tldw_Server_API.app.core.config:_buffered_log:210 - Ensured main SQLite database directory exists: /Users/macbook-dev/Documents/GitHub/tldw_server2/Databases
2026-09-17 01:53:59.740 | INFO     | tldw_Server_API.app.core.config:_buffered_log:210 - Ensured user data base directory exists: Databases/user_databases
2026-09-17 01:53:59.740 | INFO     | tldw_Server_API.app.api.v1.API_Deps.Audit_DB_Deps:shutdown_all_audit_services:1034 - Shutting down audit services for 0 instances...
2026-09-17 01:53:59.740 | INFO     | tldw_Server_API.app.api.v1.API_Deps.Audit_DB_Deps:shutdown_all_audit_services:1091 - All audit services shut down successfully.
2026-09-17 01:53:59.752 | DEBUG    | tldw_Server_API.app.core.AuthNZ.settings:_ensure_jwt_secret:899 - Single-user mode - skipping JWT secret initialization
2026-09-17 01:53:59.753 | WARNING  | tldw_Server_API.app.core.AuthNZ.settings:_validate_api_key:1013 - SINGLE_USER_API_KEY uses a legacy format; generate a new server-generated key for improved security.
2026-09-17 01:53:59.753 | INFO     | tldw_Server_API.app.core.AuthNZ.settings:get_settings:1588 - Settings initialized - Auth mode: single_user, profile=local-single-user
2026-09-17 01:53:59.754 | INFO     | tldw_Server_API.app.core.AuthNZ.db_config:_detect_backend:83 - Detected database backend: sqlite
2026-09-17 01:53:59.818 | DEBUG    | tldw_Server_API.app.core.Scheduler.base.registry:decorator:81 - Registered task handler: watchlist_run
2026-09-17 01:53:59.819 | DEBUG    | tldw_Server_API.app.core.Scheduler.base.registry:decorator:81 - Registered task handler: watchlists_enrich_output
2026-09-17 01:53:59.819 | DEBUG    | tldw_Server_API.app.core.Scheduler.base.registry:decorator:81 - Registered task handler: watchlists_deliver_briefing
2026-09-17 01:53:59.820 | DEBUG    | tldw_Server_API.app.core.Scheduler.base.registry:decorator:81 - Registered task handler: acp_run
2026-09-17 01:53:59.820 | DEBUG    | tldw_Server_API.app.core.Scheduler.base.registry:decorator:81 - Registered task handler: workflow_run
2026-09-17 01:53:59.821 | WARNING  | tldw_Server_API.app.core.DB_Management.db_path_utils:resolve_user_db_base_dir:491 - USER_DB_BASE_DIR not configured in tests, using isolated fallback: /private/var/folders/sn/m80n2j152t9gw3w8qwk2nykh0000gn/T/tldw_user_databases_test/default-b34d46f9
2026-09-17 01:53:59.822 | DEBUG    | tldw_Server_API.app.core.DB_Management.backends.factory:_get_or_create_shared_sqlite_backend:325 - Creating sqlite backend for /private/var/folders/sn/m80n2j152t9gw3w8qwk2nykh0000gn/T/tldw_user_databases_test/default-b34d46f9/1/workflows/workflows_scheduler.db
2026-09-17 01:53:59.823 | INFO     | tldw_Server_API.app.core.DB_Management.Workflows_Scheduler_DB:__init__:210 - WorkflowsSchedulerDB using SQLite path: /private/var/folders/sn/m80n2j152t9gw3w8qwk2nykh0000gn/T/tldw_user_databases_test/default-b34d46f9/1/workflows/workflows_scheduler.db
2026-09-17 01:53:59.824 | INFO     | tldw_Server_API.app.services.workflows_scheduler:stop:183 - Workflows recurring scheduler stopped
2026-09-17 01:53:59.824 | INFO     | tldw_Server_API.app.api.v1.API_Deps.ChaCha_Notes_DB_Deps:close_all_chacha_db_instances:876 - Closing all cached ChaChaNotesDB instances (0)...
2026-09-17 01:53:59.824 | INFO     | tldw_Server_API.app.api.v1.API_Deps.ChaCha_Notes_DB_Deps:close_all_chacha_db_instances:892 - All ChaChaNotesDB instances closed and cache cleared.
2026-09-17 01:53:59.825 | INFO     | tldw_Server_API.app.api.v1.API_Deps.DB_Deps:<module>:57 - Using LRUCache for user DB instances (maxsize=100).

FAILED tldw_Server_API/tests/StudyPacks/test_provenance.py::test_note_deep_dive_uses_registered_route_and_authoritative_source[locator2-expected_locator2-exact_locator-note-1]
FAILED tldw_Server_API/tests/StudyPacks/test_provenance.py::test_note_deep_dive_uses_registered_route_and_authoritative_source[locator1-expected_locator1-workspace_route-note /?&\u96ea]
FAILED tldw_Server_API/tests/StudyPacks/test_provenance.py::test_note_deep_dive_uses_registered_route_and_authoritative_source[locator3-expected_locator3-exact_locator-note /?&\u96ea]
FAILED tldw_Server_API/tests/StudyPacks/test_provenance.py::test_note_deep_dive_uses_registered_route_and_authoritative_source[anchor:slow-start-expected_locator5-exact_locator-note-1]
FAILED tldw_Server_API/tests/StudyPacks/test_provenance.py::test_note_deep_dive_uses_registered_route_and_authoritative_source[locator4-expected_locator4-exact_locator-note-1]
FAILED tldw_Server_API/tests/StudyPacks/test_provenance.py::test_note_deep_dive_uses_registered_route_and_authoritative_source[locator2-expected_locator2-exact_locator-note /?&\u96ea]
================= 12 failed, 9 deselected, 4 warnings in 1.02s =================
