============================= test session starts ==============================
platform darwin -- Python 3.11.13, pytest-8.4.1, pluggy-1.6.0
benchmark: 5.2.3 (defaults: timer=time.perf_counter disable_gc=False min_rounds=5 min_time=0.000005 max_time=1.0 calibration_precision=10 warmup=False warmup_iterations=100000)
Using --randomly-seed=1635440993
rootdir: /Users/macbook-dev/Documents/GitHub/tldw_server2
configfile: pyproject.toml
plugins: anyio-4.12.1, benchmark-5.2.3, locust-2.43.3, asyncio-1.1.0, xdist-3.8.0, split-0.11.0, timeout-2.4.0, randomly-4.1.0, hypothesis-6.138.2, cov-6.2.1, mock-3.14.1
asyncio: mode=Mode.AUTO, asyncio_default_fixture_loop_scope=function, asyncio_default_test_loop_scope=function
timeout: 300.0s
timeout method: thread
timeout func_only: False
collected 13 items

tldw_Server_API/tests/DB_Management/test_media_search_fts_fallback.py F. [ 15%]
F..FFFFF.F.                                                              [100%]

=================================== FAILURES ===================================
__________ test_fallback_respects_selected_fields[fields1-expected1] ___________
tldw_Server_API/tests/DB_Management/test_media_search_fts_fallback.py:78: in test_fallback_respects_selected_fields
    assert ([row["id"] for row in rows], total) == (expected, len(expected))
E   assert ([7, 3, 2, 1], 4) == ([3, 1], 2)
E     
E     At index 0 diff: [7, 3, 2, 1] != [3, 1]
E     Use -v to get more diff
---------------------------- Captured stderr setup -----------------------------
2026-09-16 02:46:50.884 | WARNING  | tldw_Server_API.app.core.DB_Management.db_path_utils:resolve_user_db_base_dir:491 - USER_DB_BASE_DIR not configured in tests, using isolated fallback: /private/var/folders/sn/m80n2j152t9gw3w8qwk2nykh0000gn/T/tldw_user_databases_test/default-c6ec974e
2026-09-16 02:46:50.885 | DEBUG    | tldw_Server_API.app.core.DB_Management.db_path_utils:get_user_base_directory:534 - Created user directory: /private/var/folders/sn/m80n2j152t9gw3w8qwk2nykh0000gn/T/tldw_user_databases_test/default-c6ec974e/1
2026-09-16 02:46:50.886 | WARNING  | tldw_Server_API.app.core.DB_Management.db_path_utils:resolve_user_db_base_dir:491 - USER_DB_BASE_DIR not configured in tests, using isolated fallback: /private/var/folders/sn/m80n2j152t9gw3w8qwk2nykh0000gn/T/tldw_user_databases_test/default-c6ec974e
2026-09-16 02:46:50.886 | WARNING  | tldw_Server_API.app.core.DB_Management.db_path_utils:resolve_user_db_base_dir:491 - USER_DB_BASE_DIR not configured in tests, using isolated fallback: /private/var/folders/sn/m80n2j152t9gw3w8qwk2nykh0000gn/T/tldw_user_databases_test/default-c6ec974e
2026-09-16 02:46:50.887 | WARNING  | tldw_Server_API.app.core.DB_Management.db_path_utils:resolve_user_db_base_dir:491 - USER_DB_BASE_DIR not configured in tests, using isolated fallback: /private/var/folders/sn/m80n2j152t9gw3w8qwk2nykh0000gn/T/tldw_user_databases_test/default-c6ec974e
2026-09-16 02:46:50.908 | DEBUG    | tldw_Server_API.app.core.AuthNZ.settings:_ensure_jwt_secret:899 - Single-user mode - skipping JWT secret initialization
2026-09-16 02:46:50.908 | INFO     | tldw_Server_API.app.core.AuthNZ.settings:get_settings:1588 - Settings initialized - Auth mode: single_user, profile=local-single-user
----------------------------- Captured stderr call -----------------------------
2026-09-16 02:46:50.912 | DEBUG    | tldw_Server_API.app.core.DB_Management.media_db.repositories.media_search_repository:search:345 - Combined FTS query: 'AURORA-CYCLE5-MULTI-23 OR aurora-cycle5-multi-23'
2026-09-16 02:46:50.912 | INFO     | tldw_Server_API.app.core.DB_Management.media_db.repositories.media_search_repository:search:346 - Search using FTS with query parts: ['AURORA-CYCLE5-MULTI-23', 'aurora-cycle5-multi-23']
2026-09-16 02:46:50.913 | DEBUG    | tldw_Server_API.app.core.DB_Management.media_db.repositories.media_search_repository:search:499 - Search Count SQL (in-memory-test): SELECT COUNT(DISTINCT m.id) FROM Media m JOIN media_fts fts ON fts.rowid = m.id WHERE m.system_operation_id IS NULL AND m.deleted = 0 AND m.is_trash = 0 AND ((COALESCE(m.visibility, 'personal') = 'personal' AND (COALESCE(CAST(m.owner_user_id AS TEXT), m.client_id) = ?))) AND media_fts MATCH ?
2026-09-16 02:46:50.913 | DEBUG    | tldw_Server_API.app.core.DB_Management.media_db.repositories.media_search_repository:search:505 - Search Count Params: ['1', 'AURORA-CYCLE5-MULTI-23 OR aurora-cycle5-multi-23']
2026-09-16 02:46:50.913 | WARNING  | tldw_Server_API.app.core.DB_Management.media_db.repositories.media_search_repository:search:515 - FTS MATCH error, falling back to LIKE-only search: no such column: CYCLE5
2026-09-16 02:46:50.913 | DEBUG    | tldw_Server_API.app.core.DB_Management.media_db.repositories.media_search_repository:search:546 - Fallback Count SQL (in-memory-test): SELECT COUNT(DISTINCT m.id) FROM Media m  WHERE m.system_operation_id IS NULL AND m.deleted = 0 AND m.is_trash = 0 AND ((COALESCE(m.visibility, 'personal') = 'personal' AND (COALESCE(CAST(m.owner_user_id AS TEXT), m.client_id) = ?)))
2026-09-16 02:46:50.914 | DEBUG    | tldw_Server_API.app.core.DB_Management.media_db.repositories.media_search_repository:search:547 - Fallback Count Params: ['1']
2026-09-16 02:46:50.914 | INFO     | tldw_Server_API.app.core.DB_Management.media_db.repositories.media_search_repository:search:550 - Fallback search query 'AURORA-CYCLE5-MULTI-23' found 4 total matches
2026-09-16 02:46:50.914 | DEBUG    | tldw_Server_API.app.core.DB_Management.media_db.repositories.media_search_repository:search:570 - Search Results SQL (in-memory-test): SELECT DISTINCT m.id, m.uuid, m.url, m.title, m.content, m.type, m.author, m.ingestion_date, m.transcription_model, m.is_trash, m.trash_date, m.chunking_status, m.vector_processing, m.content_hash, m.last_modified, m.version, m.client_id, m.deleted, latest_source_metadata.safe_metadata AS safe_metadata FROM Media m LEFT JOIN (
    SELECT media_id, safe_metadata
    FROM (
        SELECT
            dv.media_id,
            dv.safe_metadata,
            ROW_NUMBER() OVER (
                PARTITION BY dv.media_id
                ORDER BY dv.version_number DESC, dv.id DESC
            ) AS row_number
        FROM DocumentVersions dv
        WHERE dv.deleted = 0
    ) latest_document_versions
    WHERE row_number = 1
) latest_source_metadata ON latest_source_metadata.media_id = m.id WHERE m.system_operation_id IS NULL AND m.deleted = 0 AND m.is_trash = 0 AND ((COALESCE(m.visibility, 'personal') = 'personal' AND (COALESCE(CAST(m.owner_user_id AS TEXT), m.client_id) = ?))) ORDER BY m.last_modified DESC, m.id DESC LIMIT ? OFFSET ?
2026-09-16 02:46:50.915 | DEBUG    | tldw_Server_API.app.core.DB_Management.media_db.repositories.media_search_repository:search:571 - Search Results Params: ('1', 20, 0)
2026-09-16 02:46:50.915 | INFO     | tldw_Server_API.app.core.DB_Management.media_db.repositories.media_search_repository:search:629 - Search results for 'AURORA-CYCLE5-MULTI-23' (page 1): ['AURORA-CYCLE5-MULTI-23', 'Source', 'Source', 'Source']
--------------------------- Captured stderr teardown ---------------------------
2026-09-16 02:46:50.978 | INFO     | tldw_Server_API.app.core.config:_buffered_log:210 - Determined ACTUAL_PROJECT_ROOT for database paths: /Users/macbook-dev/Documents/GitHub/tldw_server2
2026-09-16 02:46:50.979 | INFO     | tldw_Server_API.app.core.config:_buffered_log:210 - Early loading environment variables from: /Users/macbook-dev/Documents/GitHub/tldw_server2/tldw_Server_API/Config_Files/.env
2026-09-16 02:46:50.983 | INFO     | tldw_Server_API.app.core.config:_buffered_log:210 - Early loading environment variables from: /Users/macbook-dev/Documents/GitHub/tldw_server2/tldw_Server_API/Config_Files/.ENV
2026-09-16 02:46:50.988 | DEBUG    | tldw_Server_API.app.core.config:_buffered_log:210 - load_and_log_configs(): Loading and logging configurations...
2026-09-16 02:46:50.988 | INFO     | tldw_Server_API.app.core.config:_buffered_log:210 - Loading environment variables from: /Users/macbook-dev/Documents/GitHub/tldw_server2/tldw_Server_API/Config_Files/.env
2026-09-16 02:46:50.993 | INFO     | tldw_Server_API.app.core.config:_buffered_log:210 - Loading environment variables from: /Users/macbook-dev/Documents/GitHub/tldw_server2/tldw_Server_API/Config_Files/.ENV
2026-09-16 02:46:50.997 | INFO     | tldw_Server_API.app.core.config:_buffered_log:210 - Attempting to load comprehensive config from: /Users/macbook-dev/Documents/GitHub/tldw_server2/tldw_Server_API/Config_Files/config.txt
2026-09-16 02:46:50.999 | INFO     | tldw_Server_API.app.core.config:_buffered_log:210 - load_comprehensive_config(): Sections found in config: ['Setup', 'UI', 'Server', 'Files', 'Image-Generation', 'ACP', 'WORKSPACES', 'ACP-WORKSPACE', 'ACP-SANDBOX', 'Audit', 'Processing', 'Media-Processing', 'Chat-Dictionaries', 'Chat-Module', 'Chat-Commands', 'Chat-Templating', 'Character-Chat', 'Settings', 'Auto-Save', 'Prompts', 'Database', 'Chunking', 'Visual-RAG', 'AuthNZ', 'Streaming', 'HTTP', 'Egress', 'Embeddings', 'Claims', 'ClaimsMonitoring', 'RAG', 'Search-Agent', 'ResourceGovernor', 'Jobs', 'SlidesStandaloneHtml', 'Diarization', 'API', 'MLX', 'Local-API', 'LlamaCpp', 'STT-Settings', 'external_providers', 'TTS-Settings', 'VibeVoice', 'Audio-Quota', 'API-Routes', 'Search-Engines', 'Web-Scraper', 'Logging', 'Moderation', 'Redis', 'Web-Scraping', 'personalization', 'persona', 'persona.rbac']
2026-09-16 02:46:51.001 | INFO     | tldw_Server_API.app.core.config:_buffered_log:210 - Ensured main SQLite database directory exists: /Users/macbook-dev/Documents/GitHub/tldw_server2/Databases
2026-09-16 02:46:51.001 | INFO     | tldw_Server_API.app.core.config:_buffered_log:210 - Ensured user data base directory exists: Databases/user_databases
2026-09-16 02:46:51.002 | INFO     | tldw_Server_API.app.api.v1.API_Deps.ChaCha_Notes_DB_Deps:<module>:354 - Using LRUCache for ChaChaNotes DB instances (maxsize=20).
2026-09-16 02:46:51.002 | INFO     | tldw_Server_API.app.api.v1.API_Deps.ChaCha_Notes_DB_Deps:close_all_chacha_db_instances:862 - Closing all cached ChaChaNotesDB instances (0)...
2026-09-16 02:46:51.002 | INFO     | tldw_Server_API.app.api.v1.API_Deps.ChaCha_Notes_DB_Deps:close_all_chacha_db_instances:878 - All ChaChaNotesDB instances closed and cache cleared.
2026-09-16 02:46:51.017 | INFO     | tldw_Server_API.app.api.v1.API_Deps.ChaCha_Notes_DB_Deps:close_all_chacha_db_instances:862 - Closing all cached ChaChaNotesDB instances (0)...
2026-09-16 02:46:51.018 | INFO     | tldw_Server_API.app.api.v1.API_Deps.ChaCha_Notes_DB_Deps:close_all_chacha_db_instances:878 - All ChaChaNotesDB instances closed and cache cleared.
_____________ test_fallback_pagination_counts_only_literal_matches _____________
tldw_Server_API/tests/DB_Management/test_media_search_fts_fallback.py:70: in test_fallback_pagination_counts_only_literal_matches
    assert ([row["id"] for row in rows], total) == ([1], 2)
E   assert ([2], 3) == ([1], 2)
E     
E     At index 0 diff: [2] != [1]
E     Use -v to get more diff
----------------------------- Captured stderr call -----------------------------
2026-09-16 02:46:51.025 | DEBUG    | tldw_Server_API.app.core.DB_Management.media_db.repositories.media_search_repository:search:345 - Combined FTS query: 'AURORA-CYCLE5-MULTI-23 OR aurora-cycle5-multi-23'
2026-09-16 02:46:51.025 | INFO     | tldw_Server_API.app.core.DB_Management.media_db.repositories.media_search_repository:search:346 - Search using FTS with query parts: ['AURORA-CYCLE5-MULTI-23', 'aurora-cycle5-multi-23']
2026-09-16 02:46:51.026 | DEBUG    | tldw_Server_API.app.core.DB_Management.media_db.repositories.media_search_repository:search:499 - Search Count SQL (in-memory-test): SELECT COUNT(DISTINCT m.id) FROM Media m JOIN media_fts fts ON fts.rowid = m.id WHERE m.system_operation_id IS NULL AND m.deleted = 0 AND m.is_trash = 0 AND ((COALESCE(m.visibility, 'personal') = 'personal' AND (COALESCE(CAST(m.owner_user_id AS TEXT), m.client_id) = ?))) AND media_fts MATCH ?
2026-09-16 02:46:51.026 | DEBUG    | tldw_Server_API.app.core.DB_Management.media_db.repositories.media_search_repository:search:505 - Search Count Params: ['1', 'AURORA-CYCLE5-MULTI-23 OR aurora-cycle5-multi-23']
2026-09-16 02:46:51.026 | WARNING  | tldw_Server_API.app.core.DB_Management.media_db.repositories.media_search_repository:search:515 - FTS MATCH error, falling back to LIKE-only search: no such column: CYCLE5
2026-09-16 02:46:51.027 | DEBUG    | tldw_Server_API.app.core.DB_Management.media_db.repositories.media_search_repository:search:546 - Fallback Count SQL (in-memory-test): SELECT COUNT(DISTINCT m.id) FROM Media m  WHERE m.system_operation_id IS NULL AND m.deleted = 0 AND m.is_trash = 0 AND ((COALESCE(m.visibility, 'personal') = 'personal' AND (COALESCE(CAST(m.owner_user_id AS TEXT), m.client_id) = ?)))
2026-09-16 02:46:51.027 | DEBUG    | tldw_Server_API.app.core.DB_Management.media_db.repositories.media_search_repository:search:547 - Fallback Count Params: ['1']
2026-09-16 02:46:51.027 | INFO     | tldw_Server_API.app.core.DB_Management.media_db.repositories.media_search_repository:search:550 - Fallback search query 'AURORA-CYCLE5-MULTI-23' found 3 total matches
2026-09-16 02:46:51.028 | DEBUG    | tldw_Server_API.app.core.DB_Management.media_db.repositories.media_search_repository:search:570 - Search Results SQL (in-memory-test): SELECT DISTINCT m.id, m.uuid, m.url, m.title, m.content, m.type, m.author, m.ingestion_date, m.transcription_model, m.is_trash, m.trash_date, m.chunking_status, m.vector_processing, m.content_hash, m.last_modified, m.version, m.client_id, m.deleted, latest_source_metadata.safe_metadata AS safe_metadata FROM Media m LEFT JOIN (
    SELECT media_id, safe_metadata
    FROM (
        SELECT
            dv.media_id,
            dv.safe_metadata,
            ROW_NUMBER() OVER (
                PARTITION BY dv.media_id
                ORDER BY dv.version_number DESC, dv.id DESC
            ) AS row_number
        FROM DocumentVersions dv
        WHERE dv.deleted = 0
    ) latest_document_versions
    WHERE row_number = 1
) latest_source_metadata ON latest_source_metadata.media_id = m.id WHERE m.system_operation_id IS NULL AND m.deleted = 0 AND m.is_trash = 0 AND ((COALESCE(m.visibility, 'personal') = 'personal' AND (COALESCE(CAST(m.owner_user_id AS TEXT), m.client_id) = ?))) ORDER BY m.last_modified DESC, m.id DESC LIMIT ? OFFSET ?
2026-09-16 02:46:51.028 | DEBUG    | tldw_Server_API.app.core.DB_Management.media_db.repositories.media_search_repository:search:571 - Search Results Params: ('1', 1, 1)
2026-09-16 02:46:51.028 | INFO     | tldw_Server_API.app.core.DB_Management.media_db.repositories.media_search_repository:search:629 - Search results for 'AURORA-CYCLE5-MULTI-23' (page 2): ['Source']
--------------------------- Captured stderr teardown ---------------------------
2026-09-16 02:46:51.031 | INFO     | tldw_Server_API.app.api.v1.API_Deps.ChaCha_Notes_DB_Deps:close_all_chacha_db_instances:862 - Closing all cached ChaChaNotesDB instances (0)...
2026-09-16 02:46:51.031 | INFO     | tldw_Server_API.app.api.v1.API_Deps.ChaCha_Notes_DB_Deps:close_all_chacha_db_instances:878 - All ChaChaNotesDB instances closed and cache cleared.
2026-09-16 02:46:51.032 | INFO     | tldw_Server_API.app.api.v1.API_Deps.ChaCha_Notes_DB_Deps:close_all_chacha_db_instances:862 - Closing all cached ChaChaNotesDB instances (0)...
2026-09-16 02:46:51.032 | INFO     | tldw_Server_API.app.api.v1.API_Deps.ChaCha_Notes_DB_Deps:close_all_chacha_db_instances:878 - All ChaChaNotesDB instances closed and cache cleared.
_ test_actual_fts_and_literal_fallback_preserve_query_and_owner[FOREIGN-CYCLE5-MARKER-expected1] _
tldw_Server_API/tests/DB_Management/test_media_search_fts_fallback.py:65: in test_actual_fts_and_literal_fallback_preserve_query_and_owner
    assert ([row["id"] for row in rows], total) == (expected, len(expected))
E   assert ([3, 2, 1], 3) == ([], 0)
E     
E     At index 0 diff: [3, 2, 1] != []
E     Use -v to get more diff
----------------------------- Captured stderr call -----------------------------
2026-09-16 02:46:51.044 | DEBUG    | tldw_Server_API.app.core.DB_Management.media_db.repositories.media_search_repository:search:345 - Combined FTS query: 'FOREIGN-CYCLE5-MARKER OR foreign-cycle5-marker'
2026-09-16 02:46:51.044 | INFO     | tldw_Server_API.app.core.DB_Management.media_db.repositories.media_search_repository:search:346 - Search using FTS with query parts: ['FOREIGN-CYCLE5-MARKER', 'foreign-cycle5-marker']
2026-09-16 02:46:51.045 | DEBUG    | tldw_Server_API.app.core.DB_Management.media_db.repositories.media_search_repository:search:499 - Search Count SQL (in-memory-test): SELECT COUNT(DISTINCT m.id) FROM Media m JOIN media_fts fts ON fts.rowid = m.id WHERE m.system_operation_id IS NULL AND m.deleted = 0 AND m.is_trash = 0 AND ((COALESCE(m.visibility, 'personal') = 'personal' AND (COALESCE(CAST(m.owner_user_id AS TEXT), m.client_id) = ?))) AND media_fts MATCH ?
2026-09-16 02:46:51.045 | DEBUG    | tldw_Server_API.app.core.DB_Management.media_db.repositories.media_search_repository:search:505 - Search Count Params: ['1', 'FOREIGN-CYCLE5-MARKER OR foreign-cycle5-marker']
2026-09-16 02:46:51.045 | WARNING  | tldw_Server_API.app.core.DB_Management.media_db.repositories.media_search_repository:search:515 - FTS MATCH error, falling back to LIKE-only search: no such column: CYCLE5
2026-09-16 02:46:51.046 | DEBUG    | tldw_Server_API.app.core.DB_Management.media_db.repositories.media_search_repository:search:546 - Fallback Count SQL (in-memory-test): SELECT COUNT(DISTINCT m.id) FROM Media m  WHERE m.system_operation_id IS NULL AND m.deleted = 0 AND m.is_trash = 0 AND ((COALESCE(m.visibility, 'personal') = 'personal' AND (COALESCE(CAST(m.owner_user_id AS TEXT), m.client_id) = ?)))
2026-09-16 02:46:51.046 | DEBUG    | tldw_Server_API.app.core.DB_Management.media_db.repositories.media_search_repository:search:547 - Fallback Count Params: ['1']
2026-09-16 02:46:51.047 | INFO     | tldw_Server_API.app.core.DB_Management.media_db.repositories.media_search_repository:search:550 - Fallback search query 'FOREIGN-CYCLE5-MARKER' found 3 total matches
2026-09-16 02:46:51.047 | DEBUG    | tldw_Server_API.app.core.DB_Management.media_db.repositories.media_search_repository:search:570 - Search Results SQL (in-memory-test): SELECT DISTINCT m.id, m.uuid, m.url, m.title, m.content, m.type, m.author, m.ingestion_date, m.transcription_model, m.is_trash, m.trash_date, m.chunking_status, m.vector_processing, m.content_hash, m.last_modified, m.version, m.client_id, m.deleted, latest_source_metadata.safe_metadata AS safe_metadata FROM Media m LEFT JOIN (
    SELECT media_id, safe_metadata
    FROM (
        SELECT
            dv.media_id,
            dv.safe_metadata,
            ROW_NUMBER() OVER (
                PARTITION BY dv.media_id
                ORDER BY dv.version_number DESC, dv.id DESC
            ) AS row_number
        FROM DocumentVersions dv
        WHERE dv.deleted = 0
    ) latest_document_versions
    WHERE row_number = 1
) latest_source_metadata ON latest_source_metadata.media_id = m.id WHERE m.system_operation_id IS NULL AND m.deleted = 0 AND m.is_trash = 0 AND ((COALESCE(m.visibility, 'personal') = 'personal' AND (COALESCE(CAST(m.owner_user_id AS TEXT), m.client_id) = ?))) ORDER BY m.last_modified DESC, m.id DESC LIMIT ? OFFSET ?
2026-09-16 02:46:51.048 | DEBUG    | tldw_Server_API.app.core.DB_Management.media_db.repositories.media_search_repository:search:571 - Search Results Params: ('1', 20, 0)
2026-09-16 02:46:51.048 | INFO     | tldw_Server_API.app.core.DB_Management.media_db.repositories.media_search_repository:search:629 - Search results for 'FOREIGN-CYCLE5-MARKER' (page 1): ['Source', 'Source', 'Source']
--------------------------- Captured stderr teardown ---------------------------
2026-09-16 02:46:51.050 | INFO     | tldw_Server_API.app.api.v1.API_Deps.ChaCha_Notes_DB_Deps:close_all_chacha_db_instances:862 - Closing all cached ChaChaNotesDB instances (0)...
2026-09-16 02:46:51.050 | INFO     | tldw_Server_API.app.api.v1.API_Deps.ChaCha_Notes_DB_Deps:close_all_chacha_db_instances:878 - All ChaChaNotesDB instances closed and cache cleared.
2026-09-16 02:46:51.051 | INFO     | tldw_Server_API.app.api.v1.API_Deps.ChaCha_Notes_DB_Deps:close_all_chacha_db_instances:862 - Closing all cached ChaChaNotesDB instances (0)...
2026-09-16 02:46:51.051 | INFO     | tldw_Server_API.app.api.v1.API_Deps.ChaCha_Notes_DB_Deps:close_all_chacha_db_instances:878 - All ChaChaNotesDB instances closed and cache cleared.
_________ test_fallback_punctuation_does_not_turn_into_like_wildcards __________
tldw_Server_API/tests/DB_Management/test_media_search_fts_fallback.py:109: in test_fallback_punctuation_does_not_turn_into_like_wildcards
    assert ([row["id"] for row in rows], total) == ([7], 1)
E   assert ([8, 7, 3, 2, 1], 5) == ([7], 1)
E     
E     At index 0 diff: [8, 7, 3, 2, 1] != [7]
E     Use -v to get more diff
----------------------------- Captured stderr call -----------------------------
2026-09-16 02:46:51.052 | DEBUG    | tldw_Server_API.app.core.DB_Management.media_db.repositories.media_search_repository:search:345 - Combined FTS query: 'LITERAL-50%_VALUE OR literal-50%_value'
2026-09-16 02:46:51.053 | INFO     | tldw_Server_API.app.core.DB_Management.media_db.repositories.media_search_repository:search:346 - Search using FTS with query parts: ['LITERAL-50%_VALUE', 'literal-50%_value']
2026-09-16 02:46:51.053 | DEBUG    | tldw_Server_API.app.core.DB_Management.media_db.repositories.media_search_repository:search:499 - Search Count SQL (in-memory-test): SELECT COUNT(DISTINCT m.id) FROM Media m JOIN media_fts fts ON fts.rowid = m.id WHERE m.system_operation_id IS NULL AND m.deleted = 0 AND m.is_trash = 0 AND ((COALESCE(m.visibility, 'personal') = 'personal' AND (COALESCE(CAST(m.owner_user_id AS TEXT), m.client_id) = ?))) AND media_fts MATCH ?
2026-09-16 02:46:51.053 | DEBUG    | tldw_Server_API.app.core.DB_Management.media_db.repositories.media_search_repository:search:505 - Search Count Params: ['1', 'LITERAL-50%_VALUE OR literal-50%_value']
2026-09-16 02:46:51.054 | WARNING  | tldw_Server_API.app.core.DB_Management.media_db.repositories.media_search_repository:search:515 - FTS MATCH error, falling back to LIKE-only search: fts5: syntax error near "%"
2026-09-16 02:46:51.054 | DEBUG    | tldw_Server_API.app.core.DB_Management.media_db.repositories.media_search_repository:search:546 - Fallback Count SQL (in-memory-test): SELECT COUNT(DISTINCT m.id) FROM Media m  WHERE m.system_operation_id IS NULL AND m.deleted = 0 AND m.is_trash = 0 AND ((COALESCE(m.visibility, 'personal') = 'personal' AND (COALESCE(CAST(m.owner_user_id AS TEXT), m.client_id) = ?)))
2026-09-16 02:46:51.054 | DEBUG    | tldw_Server_API.app.core.DB_Management.media_db.repositories.media_search_repository:search:547 - Fallback Count Params: ['1']
2026-09-16 02:46:51.054 | INFO     | tldw_Server_API.app.core.DB_Management.media_db.repositories.media_search_repository:search:550 - Fallback search query 'LITERAL-50%_VALUE' found 5 total matches
2026-09-16 02:46:51.055 | DEBUG    | tldw_Server_API.app.core.DB_Management.media_db.repositories.media_search_repository:search:570 - Search Results SQL (in-memory-test): SELECT DISTINCT m.id, m.uuid, m.url, m.title, m.content, m.type, m.author, m.ingestion_date, m.transcription_model, m.is_trash, m.trash_date, m.chunking_status, m.vector_processing, m.content_hash, m.last_modified, m.version, m.client_id, m.deleted, latest_source_metadata.safe_metadata AS safe_metadata FROM Media m LEFT JOIN (
    SELECT media_id, safe_metadata
    FROM (
        SELECT
            dv.media_id,
            dv.safe_metadata,
            ROW_NUMBER() OVER (
                PARTITION BY dv.media_id
                ORDER BY dv.version_number DESC, dv.id DESC
            ) AS row_number
        FROM DocumentVersions dv
        WHERE dv.deleted = 0
    ) latest_document_versions
    WHERE row_number = 1
) latest_source_metadata ON latest_source_metadata.media_id = m.id WHERE m.system_operation_id IS NULL AND m.deleted = 0 AND m.is_trash = 0 AND ((COALESCE(m.visibility, 'personal') = 'personal' AND (COALESCE(CAST(m.owner_user_id AS TEXT), m.client_id) = ?))) ORDER BY m.last_modified DESC, m.id DESC LIMIT ? OFFSET ?
2026-09-16 02:46:51.055 | DEBUG    | tldw_Server_API.app.core.DB_Management.media_db.repositories.media_search_repository:search:571 - Search Results Params: ('1', 20, 0)
2026-09-16 02:46:51.056 | INFO     | tldw_Server_API.app.core.DB_Management.media_db.repositories.media_search_repository:search:629 - Search results for 'LITERAL-50%_VALUE' (page 1): ['Source', 'Source', 'Source', 'Source', 'Source']
--------------------------- Captured stderr teardown ---------------------------
2026-09-16 02:46:51.057 | INFO     | tldw_Server_API.app.api.v1.API_Deps.ChaCha_Notes_DB_Deps:close_all_chacha_db_instances:862 - Closing all cached ChaChaNotesDB instances (0)...
2026-09-16 02:46:51.058 | INFO     | tldw_Server_API.app.api.v1.API_Deps.ChaCha_Notes_DB_Deps:close_all_chacha_db_instances:878 - All ChaChaNotesDB instances closed and cache cleared.
2026-09-16 02:46:51.058 | INFO     | tldw_Server_API.app.api.v1.API_Deps.ChaCha_Notes_DB_Deps:close_all_chacha_db_instances:862 - Closing all cached ChaChaNotesDB instances (0)...
2026-09-16 02:46:51.058 | INFO     | tldw_Server_API.app.api.v1.API_Deps.ChaCha_Notes_DB_Deps:close_all_chacha_db_instances:878 - All ChaChaNotesDB instances closed and cache cleared.
__________ test_fallback_respects_selected_fields[fields0-expected0] ___________
tldw_Server_API/tests/DB_Management/test_media_search_fts_fallback.py:78: in test_fallback_respects_selected_fields
    assert ([row["id"] for row in rows], total) == (expected, len(expected))
E   assert ([7, 3, 2, 1], 4) == ([7], 1)
E     
E     At index 0 diff: [7, 3, 2, 1] != [7]
E     Use -v to get more diff
----------------------------- Captured stderr call -----------------------------
2026-09-16 02:46:51.060 | DEBUG    | tldw_Server_API.app.core.DB_Management.media_db.repositories.media_search_repository:search:345 - Combined FTS query: 'AURORA-CYCLE5-MULTI-23 OR aurora-cycle5-multi-23'
2026-09-16 02:46:51.060 | INFO     | tldw_Server_API.app.core.DB_Management.media_db.repositories.media_search_repository:search:346 - Search using FTS with query parts: ['AURORA-CYCLE5-MULTI-23', 'aurora-cycle5-multi-23']
2026-09-16 02:46:51.060 | DEBUG    | tldw_Server_API.app.core.DB_Management.media_db.repositories.media_search_repository:search:499 - Search Count SQL (in-memory-test): SELECT COUNT(DISTINCT m.id) FROM Media m JOIN media_fts fts ON fts.rowid = m.id WHERE m.system_operation_id IS NULL AND m.deleted = 0 AND m.is_trash = 0 AND ((COALESCE(m.visibility, 'personal') = 'personal' AND (COALESCE(CAST(m.owner_user_id AS TEXT), m.client_id) = ?))) AND media_fts MATCH ?
2026-09-16 02:46:51.061 | DEBUG    | tldw_Server_API.app.core.DB_Management.media_db.repositories.media_search_repository:search:505 - Search Count Params: ['1', 'AURORA-CYCLE5-MULTI-23 OR aurora-cycle5-multi-23']
2026-09-16 02:46:51.061 | WARNING  | tldw_Server_API.app.core.DB_Management.media_db.repositories.media_search_repository:search:515 - FTS MATCH error, falling back to LIKE-only search: no such column: CYCLE5
2026-09-16 02:46:51.061 | DEBUG    | tldw_Server_API.app.core.DB_Management.media_db.repositories.media_search_repository:search:546 - Fallback Count SQL (in-memory-test): SELECT COUNT(DISTINCT m.id) FROM Media m  WHERE m.system_operation_id IS NULL AND m.deleted = 0 AND m.is_trash = 0 AND ((COALESCE(m.visibility, 'personal') = 'personal' AND (COALESCE(CAST(m.owner_user_id AS TEXT), m.client_id) = ?)))
2026-09-16 02:46:51.062 | DEBUG    | tldw_Server_API.app.core.DB_Management.media_db.repositories.media_search_repository:search:547 - Fallback Count Params: ['1']
2026-09-16 02:46:51.062 | INFO     | tldw_Server_API.app.core.DB_Management.media_db.repositories.media_search_repository:search:550 - Fallback search query 'AURORA-CYCLE5-MULTI-23' found 4 total matches
2026-09-16 02:46:51.062 | DEBUG    | tldw_Server_API.app.core.DB_Management.media_db.repositories.media_search_repository:search:570 - Search Results SQL (in-memory-test): SELECT DISTINCT m.id, m.uuid, m.url, m.title, m.content, m.type, m.author, m.ingestion_date, m.transcription_model, m.is_trash, m.trash_date, m.chunking_status, m.vector_processing, m.content_hash, m.last_modified, m.version, m.client_id, m.deleted, latest_source_metadata.safe_metadata AS safe_metadata FROM Media m LEFT JOIN (
    SELECT media_id, safe_metadata
    FROM (
        SELECT
            dv.media_id,
            dv.safe_metadata,
            ROW_NUMBER() OVER (
                PARTITION BY dv.media_id
                ORDER BY dv.version_number DESC, dv.id DESC
            ) AS row_number
        FROM DocumentVersions dv
        WHERE dv.deleted = 0
    ) latest_document_versions
    WHERE row_number = 1
) latest_source_metadata ON latest_source_metadata.media_id = m.id WHERE m.system_operation_id IS NULL AND m.deleted = 0 AND m.is_trash = 0 AND ((COALESCE(m.visibility, 'personal') = 'personal' AND (COALESCE(CAST(m.owner_user_id AS TEXT), m.client_id) = ?))) ORDER BY m.last_modified DESC, m.id DESC LIMIT ? OFFSET ?
2026-09-16 02:46:51.062 | DEBUG    | tldw_Server_API.app.core.DB_Management.media_db.repositories.media_search_repository:search:571 - Search Results Params: ('1', 20, 0)
2026-09-16 02:46:51.063 | INFO     | tldw_Server_API.app.core.DB_Management.media_db.repositories.media_search_repository:search:629 - Search results for 'AURORA-CYCLE5-MULTI-23' (page 1): ['AURORA-CYCLE5-MULTI-23', 'Source', 'Source', 'Source']
--------------------------- Captured stderr teardown ---------------------------
2026-09-16 02:46:51.065 | INFO     | tldw_Server_API.app.api.v1.API_Deps.ChaCha_Notes_DB_Deps:close_all_chacha_db_instances:862 - Closing all cached ChaChaNotesDB instances (0)...
2026-09-16 02:46:51.066 | INFO     | tldw_Server_API.app.api.v1.API_Deps.ChaCha_Notes_DB_Deps:close_all_chacha_db_instances:878 - All ChaChaNotesDB instances closed and cache cleared.
2026-09-16 02:46:51.066 | INFO     | tldw_Server_API.app.api.v1.API_Deps.ChaCha_Notes_DB_Deps:close_all_chacha_db_instances:862 - Closing all cached ChaChaNotesDB instances (0)...
2026-09-16 02:46:51.066 | INFO     | tldw_Server_API.app.api.v1.API_Deps.ChaCha_Notes_DB_Deps:close_all_chacha_db_instances:878 - All ChaChaNotesDB instances closed and cache cleared.
_ test_actual_fts_and_literal_fallback_preserve_query_and_owner[AURORA-CYCLE5-MULTI-23-expected0] _
tldw_Server_API/tests/DB_Management/test_media_search_fts_fallback.py:65: in test_actual_fts_and_literal_fallback_preserve_query_and_owner
    assert ([row["id"] for row in rows], total) == (expected, len(expected))
E   assert ([3, 2, 1], 3) == ([3, 1], 2)
E     
E     At index 0 diff: [3, 2, 1] != [3, 1]
E     Use -v to get more diff
----------------------------- Captured stderr call -----------------------------
2026-09-16 02:46:51.068 | DEBUG    | tldw_Server_API.app.core.DB_Management.media_db.repositories.media_search_repository:search:345 - Combined FTS query: 'AURORA-CYCLE5-MULTI-23 OR aurora-cycle5-multi-23'
2026-09-16 02:46:51.068 | INFO     | tldw_Server_API.app.core.DB_Management.media_db.repositories.media_search_repository:search:346 - Search using FTS with query parts: ['AURORA-CYCLE5-MULTI-23', 'aurora-cycle5-multi-23']
2026-09-16 02:46:51.068 | DEBUG    | tldw_Server_API.app.core.DB_Management.media_db.repositories.media_search_repository:search:499 - Search Count SQL (in-memory-test): SELECT COUNT(DISTINCT m.id) FROM Media m JOIN media_fts fts ON fts.rowid = m.id WHERE m.system_operation_id IS NULL AND m.deleted = 0 AND m.is_trash = 0 AND ((COALESCE(m.visibility, 'personal') = 'personal' AND (COALESCE(CAST(m.owner_user_id AS TEXT), m.client_id) = ?))) AND media_fts MATCH ?
2026-09-16 02:46:51.069 | DEBUG    | tldw_Server_API.app.core.DB_Management.media_db.repositories.media_search_repository:search:505 - Search Count Params: ['1', 'AURORA-CYCLE5-MULTI-23 OR aurora-cycle5-multi-23']
2026-09-16 02:46:51.069 | WARNING  | tldw_Server_API.app.core.DB_Management.media_db.repositories.media_search_repository:search:515 - FTS MATCH error, falling back to LIKE-only search: no such column: CYCLE5
2026-09-16 02:46:51.069 | DEBUG    | tldw_Server_API.app.core.DB_Management.media_db.repositories.media_search_repository:search:546 - Fallback Count SQL (in-memory-test): SELECT COUNT(DISTINCT m.id) FROM Media m  WHERE m.system_operation_id IS NULL AND m.deleted = 0 AND m.is_trash = 0 AND ((COALESCE(m.visibility, 'personal') = 'personal' AND (COALESCE(CAST(m.owner_user_id AS TEXT), m.client_id) = ?)))
2026-09-16 02:46:51.070 | DEBUG    | tldw_Server_API.app.core.DB_Management.media_db.repositories.media_search_repository:search:547 - Fallback Count Params: ['1']
2026-09-16 02:46:51.070 | INFO     | tldw_Server_API.app.core.DB_Management.media_db.repositories.media_search_repository:search:550 - Fallback search query 'AURORA-CYCLE5-MULTI-23' found 3 total matches
2026-09-16 02:46:51.070 | DEBUG    | tldw_Server_API.app.core.DB_Management.media_db.repositories.media_search_repository:search:570 - Search Results SQL (in-memory-test): SELECT DISTINCT m.id, m.uuid, m.url, m.title, m.content, m.type, m.author, m.ingestion_date, m.transcription_model, m.is_trash, m.trash_date, m.chunking_status, m.vector_processing, m.content_hash, m.last_modified, m.version, m.client_id, m.deleted, latest_source_metadata.safe_metadata AS safe_metadata FROM Media m LEFT JOIN (
    SELECT media_id, safe_metadata
    FROM (
        SELECT
            dv.media_id,
            dv.safe_metadata,
            ROW_NUMBER() OVER (
                PARTITION BY dv.media_id
                ORDER BY dv.version_number DESC, dv.id DESC
            ) AS row_number
        FROM DocumentVersions dv
        WHERE dv.deleted = 0
    ) latest_document_versions
    WHERE row_number = 1
) latest_source_metadata ON latest_source_metadata.media_id = m.id WHERE m.system_operation_id IS NULL AND m.deleted = 0 AND m.is_trash = 0 AND ((COALESCE(m.visibility, 'personal') = 'personal' AND (COALESCE(CAST(m.owner_user_id AS TEXT), m.client_id) = ?))) ORDER BY m.last_modified DESC, m.id DESC LIMIT ? OFFSET ?
2026-09-16 02:46:51.071 | DEBUG    | tldw_Server_API.app.core.DB_Management.media_db.repositories.media_search_repository:search:571 - Search Results Params: ('1', 20, 0)
2026-09-16 02:46:51.071 | INFO     | tldw_Server_API.app.core.DB_Management.media_db.repositories.media_search_repository:search:629 - Search results for 'AURORA-CYCLE5-MULTI-23' (page 1): ['Source', 'Source', 'Source']
--------------------------- Captured stderr teardown ---------------------------
2026-09-16 02:46:51.073 | INFO     | tldw_Server_API.app.api.v1.API_Deps.ChaCha_Notes_DB_Deps:close_all_chacha_db_instances:862 - Closing all cached ChaChaNotesDB instances (0)...
2026-09-16 02:46:51.073 | INFO     | tldw_Server_API.app.api.v1.API_Deps.ChaCha_Notes_DB_Deps:close_all_chacha_db_instances:878 - All ChaChaNotesDB instances closed and cache cleared.
2026-09-16 02:46:51.074 | INFO     | tldw_Server_API.app.api.v1.API_Deps.ChaCha_Notes_DB_Deps:close_all_chacha_db_instances:862 - Closing all cached ChaChaNotesDB instances (0)...
2026-09-16 02:46:51.074 | INFO     | tldw_Server_API.app.api.v1.API_Deps.ChaCha_Notes_DB_Deps:close_all_chacha_db_instances:878 - All ChaChaNotesDB instances closed and cache cleared.
____________ test_result_only_fts_failure_recounts_literal_results _____________
tldw_Server_API/tests/DB_Management/test_media_search_fts_fallback.py:101: in test_result_only_fts_failure_recounts_literal_results
    assert (rows, total) == ([], 0)
E   AssertionError: assert ([{'author': ...or', ...}], 1) == ([], 0)
E     
E     At index 0 diff: [{'id': 3, 'uuid': 'source-3', 'url': None, 'title': 'Source', 'content': 'AURORA-CYCLE5-MULTI-23 second harbor', 'type': 'document', 'author': None, 'ingestion_date': '2026-09-16', 'transcription_model': None, 'is_trash': 0, 'trash_date': None, 'chunking_status': None, 'vector_processing': None, 'content_hash': None, 'last_modified': '2026-09-16', 'version': 1, 'client_id': '1', 'deleted': 0, 'safe_metadata': None}, {'id': 2, 'uuid': 'source-2', 'url': None, 'title': 'Source', 'content': 'unrelated violet orchard', 'type': 'document', 'author': None, 'ingestion_date': '2026-...
E     
E     ...Full output truncated (2 lines hidden), use '-vv' to show
----------------------------- Captured stderr call -----------------------------
2026-09-16 02:46:51.075 | DEBUG    | tldw_Server_API.app.core.DB_Management.media_db.repositories.media_search_repository:search:345 - Combined FTS query: 'blue AND harbor OR blue and harbor'
2026-09-16 02:46:51.076 | INFO     | tldw_Server_API.app.core.DB_Management.media_db.repositories.media_search_repository:search:346 - Search using FTS with query parts: ['blue AND harbor', 'blue and harbor']
2026-09-16 02:46:51.076 | DEBUG    | tldw_Server_API.app.core.DB_Management.media_db.repositories.media_search_repository:search:499 - Search Count SQL (in-memory-test): SELECT COUNT(DISTINCT m.id) FROM Media m JOIN media_fts fts ON fts.rowid = m.id WHERE m.system_operation_id IS NULL AND m.deleted = 0 AND m.is_trash = 0 AND ((COALESCE(m.visibility, 'personal') = 'personal' AND (COALESCE(CAST(m.owner_user_id AS TEXT), m.client_id) = ?))) AND media_fts MATCH ?
2026-09-16 02:46:51.076 | DEBUG    | tldw_Server_API.app.core.DB_Management.media_db.repositories.media_search_repository:search:505 - Search Count Params: ['1', 'blue AND harbor OR blue and harbor']
2026-09-16 02:46:51.077 | INFO     | tldw_Server_API.app.core.DB_Management.media_db.repositories.media_search_repository:search:510 - Search query 'blue AND harbor' found 1 total matches
2026-09-16 02:46:51.077 | DEBUG    | tldw_Server_API.app.core.DB_Management.media_db.repositories.media_search_repository:search:570 - Search Results SQL (in-memory-test): SELECT DISTINCT m.id, m.uuid, m.url, m.title, m.content, m.type, m.author, m.ingestion_date, m.transcription_model, m.is_trash, m.trash_date, m.chunking_status, m.vector_processing, m.content_hash, m.last_modified, m.version, m.client_id, m.deleted, latest_source_metadata.safe_metadata AS safe_metadata FROM Media m JOIN media_fts fts ON fts.rowid = m.id LEFT JOIN (
    SELECT media_id, safe_metadata
    FROM (
        SELECT
            dv.media_id,
            dv.safe_metadata,
            ROW_NUMBER() OVER (
                PARTITION BY dv.media_id
                ORDER BY dv.version_number DESC, dv.id DESC
            ) AS row_number
        FROM DocumentVersions dv
        WHERE dv.deleted = 0
    ) latest_document_versions
    WHERE row_number = 1
) latest_source_metadata ON latest_source_metadata.media_id = m.id WHERE m.system_operation_id IS NULL AND m.deleted = 0 AND m.is_trash = 0 AND ((COALESCE(m.visibility, 'personal') = 'personal' AND (COALESCE(CAST(m.owner_user_id AS TEXT), m.client_id) = ?))) AND media_fts MATCH ? ORDER BY m.last_modified DESC, m.id DESC LIMIT ? OFFSET ?
2026-09-16 02:46:51.077 | DEBUG    | tldw_Server_API.app.core.DB_Management.media_db.repositories.media_search_repository:search:571 - Search Results Params: ('1', 'blue AND harbor OR blue and harbor', 20, 0)
2026-09-16 02:46:51.078 | WARNING  | tldw_Server_API.app.core.DB_Management.media_db.repositories.media_search_repository:search:584 - FTS MATCH error in results query, falling back to LIKE-only search: fts5: syntax error
2026-09-16 02:46:51.078 | DEBUG    | tldw_Server_API.app.core.DB_Management.media_db.repositories.media_search_repository:search:619 - Fallback Results SQL (in-memory-test): SELECT DISTINCT m.id, m.uuid, m.url, m.title, m.content, m.type, m.author, m.ingestion_date, m.transcription_model, m.is_trash, m.trash_date, m.chunking_status, m.vector_processing, m.content_hash, m.last_modified, m.version, m.client_id, m.deleted, latest_source_metadata.safe_metadata AS safe_metadata FROM Media m LEFT JOIN (
    SELECT media_id, safe_metadata
    FROM (
        SELECT
            dv.media_id,
            dv.safe_metadata,
            ROW_NUMBER() OVER (
                PARTITION BY dv.media_id
                ORDER BY dv.version_number DESC, dv.id DESC
            ) AS row_number
        FROM DocumentVersions dv
        WHERE dv.deleted = 0
    ) latest_document_versions
    WHERE row_number = 1
) latest_source_metadata ON latest_source_metadata.media_id = m.id WHERE m.system_operation_id IS NULL AND m.deleted = 0 AND m.is_trash = 0 AND ((COALESCE(m.visibility, 'personal') = 'personal' AND (COALESCE(CAST(m.owner_user_id AS TEXT), m.client_id) = ?))) ORDER BY m.last_modified DESC, m.id DESC LIMIT ? OFFSET ?
2026-09-16 02:46:51.078 | DEBUG    | tldw_Server_API.app.core.DB_Management.media_db.repositories.media_search_repository:search:620 - Fallback Results Params: ('1', 20, 0)
2026-09-16 02:46:51.079 | INFO     | tldw_Server_API.app.core.DB_Management.media_db.repositories.media_search_repository:search:629 - Search results for 'blue AND harbor' (page 1): ['Source', 'Source', 'Source']
--------------------------- Captured stderr teardown ---------------------------
2026-09-16 02:46:51.081 | INFO     | tldw_Server_API.app.api.v1.API_Deps.ChaCha_Notes_DB_Deps:close_all_chacha_db_instances:862 - Closing all cached ChaChaNotesDB instances (0)...
2026-09-16 02:46:51.081 | INFO     | tldw_Server_API.app.api.v1.API_Deps.ChaCha_Notes_DB_Deps:close_all_chacha_db_instances:878 - All ChaChaNotesDB instances closed and cache cleared.
2026-09-16 02:46:51.082 | INFO     | tldw_Server_API.app.api.v1.API_Deps.ChaCha_Notes_DB_Deps:close_all_chacha_db_instances:862 - Closing all cached ChaChaNotesDB instances (0)...
2026-09-16 02:46:51.082 | INFO     | tldw_Server_API.app.api.v1.API_Deps.ChaCha_Notes_DB_Deps:close_all_chacha_db_instances:878 - All ChaChaNotesDB instances closed and cache cleared.
_________ test_fallback_retains_media_ids_keywords_and_trash_controls __________
tldw_Server_API/tests/DB_Management/test_media_search_fts_fallback.py:89: in test_fallback_retains_media_ids_keywords_and_trash_controls
    assert ([row["id"] for row in rows], total) == ([6, 5, 3, 1], 4)
E   assert ([6, 5, 3, 2, 1], 5) == ([6, 5, 3, 1], 4)
E     
E     At index 0 diff: [6, 5, 3, 2, 1] != [6, 5, 3, 1]
E     Use -v to get more diff
----------------------------- Captured stderr call -----------------------------
2026-09-16 02:46:51.088 | DEBUG    | tldw_Server_API.app.core.DB_Management.media_db.repositories.media_search_repository:search:345 - Combined FTS query: 'AURORA-CYCLE5-MULTI-23 OR aurora-cycle5-multi-23'
2026-09-16 02:46:51.088 | INFO     | tldw_Server_API.app.core.DB_Management.media_db.repositories.media_search_repository:search:346 - Search using FTS with query parts: ['AURORA-CYCLE5-MULTI-23', 'aurora-cycle5-multi-23']
2026-09-16 02:46:51.089 | DEBUG    | tldw_Server_API.app.core.DB_Management.media_db.repositories.media_search_repository:search:499 - Search Count SQL (in-memory-test): SELECT COUNT(DISTINCT m.id) FROM Media m JOIN media_fts fts ON fts.rowid = m.id WHERE m.system_operation_id IS NULL AND m.deleted = 0 AND m.is_trash = 0 AND ((COALESCE(m.visibility, 'personal') = 'personal' AND (COALESCE(CAST(m.owner_user_id AS TEXT), m.client_id) = ?))) AND m.id IN (?,?,?,?) AND m.type IN (?) AND (SELECT COUNT(DISTINCT k_mh.id) FROM MediaKeywords mk_mh JOIN Keywords k_mh ON mk_mh.keyword_id = k_mh.id WHERE mk_mh.media_id = m.id AND k_mh.deleted = 0 AND LOWER(k_mh.keyword) IN (?)) = ? AND media_fts MATCH ?
2026-09-16 02:46:51.089 | DEBUG    | tldw_Server_API.app.core.DB_Management.media_db.repositories.media_search_repository:search:505 - Search Count Params: ['1', 1, 2, 3, 4, 'document', 'retain', 1, 'AURORA-CYCLE5-MULTI-23 OR aurora-cycle5-multi-23']
2026-09-16 02:46:51.090 | WARNING  | tldw_Server_API.app.core.DB_Management.media_db.repositories.media_search_repository:search:515 - FTS MATCH error, falling back to LIKE-only search: no such column: CYCLE5
2026-09-16 02:46:51.090 | DEBUG    | tldw_Server_API.app.core.DB_Management.media_db.repositories.media_search_repository:search:546 - Fallback Count SQL (in-memory-test): SELECT COUNT(DISTINCT m.id) FROM Media m  WHERE m.system_operation_id IS NULL AND m.deleted = 0 AND m.is_trash = 0 AND ((COALESCE(m.visibility, 'personal') = 'personal' AND (COALESCE(CAST(m.owner_user_id AS TEXT), m.client_id) = ?))) AND m.id IN (?,?,?,?) AND m.type IN (?) AND (SELECT COUNT(DISTINCT k_mh.id) FROM MediaKeywords mk_mh JOIN Keywords k_mh ON mk_mh.keyword_id = k_mh.id WHERE mk_mh.media_id = m.id AND k_mh.deleted = 0 AND LOWER(k_mh.keyword) IN (?)) = ?
2026-09-16 02:46:51.090 | DEBUG    | tldw_Server_API.app.core.DB_Management.media_db.repositories.media_search_repository:search:547 - Fallback Count Params: ['1', 1, 2, 3, 4, 'document', 'retain', 1]
2026-09-16 02:46:51.090 | INFO     | tldw_Server_API.app.core.DB_Management.media_db.repositories.media_search_repository:search:550 - Fallback search query 'AURORA-CYCLE5-MULTI-23' found 1 total matches
2026-09-16 02:46:51.091 | DEBUG    | tldw_Server_API.app.core.DB_Management.media_db.repositories.media_search_repository:search:570 - Search Results SQL (in-memory-test): SELECT DISTINCT m.id, m.uuid, m.url, m.title, m.content, m.type, m.author, m.ingestion_date, m.transcription_model, m.is_trash, m.trash_date, m.chunking_status, m.vector_processing, m.content_hash, m.last_modified, m.version, m.client_id, m.deleted, latest_source_metadata.safe_metadata AS safe_metadata FROM Media m LEFT JOIN (
    SELECT media_id, safe_metadata
    FROM (
        SELECT
            dv.media_id,
            dv.safe_metadata,
            ROW_NUMBER() OVER (
                PARTITION BY dv.media_id
                ORDER BY dv.version_number DESC, dv.id DESC
            ) AS row_number
        FROM DocumentVersions dv
        WHERE dv.deleted = 0
    ) latest_document_versions
    WHERE row_number = 1
) latest_source_metadata ON latest_source_metadata.media_id = m.id WHERE m.system_operation_id IS NULL AND m.deleted = 0 AND m.is_trash = 0 AND ((COALESCE(m.visibility, 'personal') = 'personal' AND (COALESCE(CAST(m.owner_user_id AS TEXT), m.client_id) = ?))) AND m.id IN (?,?,?,?) AND m.type IN (?) AND (SELECT COUNT(DISTINCT k_mh.id) FROM MediaKeywords mk_mh JOIN Keywords k_mh ON mk_mh.keyword_id = k_mh.id WHERE mk_mh.media_id = m.id AND k_mh.deleted = 0 AND LOWER(k_mh.keyword) IN (?)) = ? ORDER BY m.last_modified DESC, m.id DESC LIMIT ? OFFSET ?
2026-09-16 02:46:51.091 | DEBUG    | tldw_Server_API.app.core.DB_Management.media_db.repositories.media_search_repository:search:571 - Search Results Params: ('1', 1, 2, 3, 4, 'document', 'retain', 1, 20, 0)
2026-09-16 02:46:51.092 | INFO     | tldw_Server_API.app.core.DB_Management.media_db.repositories.media_search_repository:search:629 - Search results for 'AURORA-CYCLE5-MULTI-23' (page 1): ['Source']
2026-09-16 02:46:51.092 | DEBUG    | tldw_Server_API.app.core.DB_Management.media_db.repositories.media_search_repository:search:345 - Combined FTS query: 'AURORA-CYCLE5-MULTI-23 OR aurora-cycle5-multi-23'
2026-09-16 02:46:51.092 | INFO     | tldw_Server_API.app.core.DB_Management.media_db.repositories.media_search_repository:search:346 - Search using FTS with query parts: ['AURORA-CYCLE5-MULTI-23', 'aurora-cycle5-multi-23']
2026-09-16 02:46:51.093 | DEBUG    | tldw_Server_API.app.core.DB_Management.media_db.repositories.media_search_repository:search:499 - Search Count SQL (in-memory-test): SELECT COUNT(DISTINCT m.id) FROM Media m JOIN media_fts fts ON fts.rowid = m.id WHERE m.system_operation_id IS NULL AND ((COALESCE(m.visibility, 'personal') = 'personal' AND (COALESCE(CAST(m.owner_user_id AS TEXT), m.client_id) = ?))) AND media_fts MATCH ?
2026-09-16 02:46:51.093 | DEBUG    | tldw_Server_API.app.core.DB_Management.media_db.repositories.media_search_repository:search:505 - Search Count Params: ['1', 'AURORA-CYCLE5-MULTI-23 OR aurora-cycle5-multi-23']
2026-09-16 02:46:51.093 | WARNING  | tldw_Server_API.app.core.DB_Management.media_db.repositories.media_search_repository:search:515 - FTS MATCH error, falling back to LIKE-only search: no such column: CYCLE5
2026-09-16 02:46:51.093 | DEBUG    | tldw_Server_API.app.core.DB_Management.media_db.repositories.media_search_repository:search:546 - Fallback Count SQL (in-memory-test): SELECT COUNT(DISTINCT m.id) FROM Media m  WHERE m.system_operation_id IS NULL AND ((COALESCE(m.visibility, 'personal') = 'personal' AND (COALESCE(CAST(m.owner_user_id AS TEXT), m.client_id) = ?)))
2026-09-16 02:46:51.094 | DEBUG    | tldw_Server_API.app.core.DB_Management.media_db.repositories.media_search_repository:search:547 - Fallback Count Params: ['1']
2026-09-16 02:46:51.094 | INFO     | tldw_Server_API.app.core.DB_Management.media_db.repositories.media_search_repository:search:550 - Fallback search query 'AURORA-CYCLE5-MULTI-23' found 5 total matches
2026-09-16 02:46:51.094 | DEBUG    | tldw_Server_API.app.core.DB_Management.media_db.repositories.media_search_repository:search:570 - Search Results SQL (in-memory-test): SELECT DISTINCT m.id, m.uuid, m.url, m.title, m.content, m.type, m.author, m.ingestion_date, m.transcription_model, m.is_trash, m.trash_date, m.chunking_status, m.vector_processing, m.content_hash, m.last_modified, m.version, m.client_id, m.deleted, latest_source_metadata.safe_metadata AS safe_metadata FROM Media m LEFT JOIN (
    SELECT media_id, safe_metadata
    FROM (
        SELECT
            dv.media_id,
            dv.safe_metadata,
            ROW_NUMBER() OVER (
                PARTITION BY dv.media_id
                ORDER BY dv.version_number DESC, dv.id DESC
            ) AS row_number
        FROM DocumentVersions dv
        WHERE dv.deleted = 0
    ) latest_document_versions
    WHERE row_number = 1
) latest_source_metadata ON latest_source_metadata.media_id = m.id WHERE m.system_operation_id IS NULL AND ((COALESCE(m.visibility, 'personal') = 'personal' AND (COALESCE(CAST(m.owner_user_id AS TEXT), m.client_id) = ?))) ORDER BY m.last_modified DESC, m.id DESC LIMIT ? OFFSET ?
2026-09-16 02:46:51.095 | DEBUG    | tldw_Server_API.app.core.DB_Management.media_db.repositories.media_search_repository:search:571 - Search Results Params: ('1', 20, 0)
2026-09-16 02:46:51.095 | INFO     | tldw_Server_API.app.core.DB_Management.media_db.repositories.media_search_repository:search:629 - Search results for 'AURORA-CYCLE5-MULTI-23' (page 1): ['Source', 'Source', 'Source', 'Source', 'Source']2026-09-16 02:46:51.133 | INFO     | tldw_Server_API.app.core.config:_buffered_log:210 - Determined ACTUAL_PROJECT_ROOT for database paths: /Users/macbook-dev/Documents/GitHub/tldw_server2
2026-09-16 02:46:51.134 | INFO     | tldw_Server_API.app.core.config:_buffered_log:210 - Early loading environment variables from: /Users/macbook-dev/Documents/GitHub/tldw_server2/tldw_Server_API/Config_Files/.env
2026-09-16 02:46:51.138 | INFO     | tldw_Server_API.app.core.config:_buffered_log:210 - Early loading environment variables from: /Users/macbook-dev/Documents/GitHub/tldw_server2/tldw_Server_API/Config_Files/.ENV
2026-09-16 02:46:51.143 | DEBUG    | tldw_Server_API.app.core.config:_buffered_log:210 - load_and_log_configs(): Loading and logging configurations...
2026-09-16 02:46:51.143 | INFO     | tldw_Server_API.app.core.config:_buffered_log:210 - Loading environment variables from: /Users/macbook-dev/Documents/GitHub/tldw_server2/tldw_Server_API/Config_Files/.env
2026-09-16 02:46:51.148 | INFO     | tldw_Server_API.app.core.config:_buffered_log:210 - Loading environment variables from: /Users/macbook-dev/Documents/GitHub/tldw_server2/tldw_Server_API/Config_Files/.ENV
2026-09-16 02:46:51.153 | INFO     | tldw_Server_API.app.core.config:_buffered_log:210 - Attempting to load comprehensive config from: /Users/macbook-dev/Documents/GitHub/tldw_server2/tldw_Server_API/Config_Files/config.txt
2026-09-16 02:46:51.155 | INFO     | tldw_Server_API.app.core.config:_buffered_log:210 - load_comprehensive_config(): Sections found in config: ['Setup', 'UI', 'Server', 'Files', 'Image-Generation', 'ACP', 'WORKSPACES', 'ACP-WORKSPACE', 'ACP-SANDBOX', 'Audit', 'Processing', 'Media-Processing', 'Chat-Dictionaries', 'Chat-Module', 'Chat-Commands', 'Chat-Templating', 'Character-Chat', 'Settings', 'Auto-Save', 'Prompts', 'Database', 'Chunking', 'Visual-RAG', 'AuthNZ', 'Streaming', 'HTTP', 'Egress', 'Embeddings', 'Claims', 'ClaimsMonitoring', 'RAG', 'Search-Agent', 'ResourceGovernor', 'Jobs', 'SlidesStandaloneHtml', 'Diarization', 'API', 'MLX', 'Local-API', 'LlamaCpp', 'STT-Settings', 'external_providers', 'TTS-Settings', 'VibeVoice', 'Audio-Quota', 'API-Routes', 'Search-Engines', 'Web-Scraper', 'Logging', 'Moderation', 'Redis', 'Web-Scraping', 'personalization', 'persona', 'persona.rbac']
2026-09-16 02:46:51.158 | INFO     | tldw_Server_API.app.core.config:_buffered_log:210 - Ensured main SQLite database directory exists: /Users/macbook-dev/Documents/GitHub/tldw_server2/Databases
2026-09-16 02:46:51.158 | INFO     | tldw_Server_API.app.core.config:_buffered_log:210 - Ensured user data base directory exists: Databases/user_databases
2026-09-16 02:46:51.158 | INFO     | tldw_Server_API.app.api.v1.API_Deps.Audit_DB_Deps:<module>:532 - Using cachetools.LRUCache for audit service instances (maxsize=20).
2026-09-16 02:46:51.159 | INFO     | tldw_Server_API.app.api.v1.API_Deps.Audit_DB_Deps:shutdown_all_audit_services:1034 - Shutting down audit services for 0 instances...
2026-09-16 02:46:51.159 | INFO     | tldw_Server_API.app.api.v1.API_Deps.Audit_DB_Deps:shutdown_all_audit_services:1091 - All audit services shut down successfully.
2026-09-16 02:46:51.171 | DEBUG    | tldw_Server_API.app.core.AuthNZ.settings:_ensure_jwt_secret:899 - Single-user mode - skipping JWT secret initialization
2026-09-16 02:46:51.171 | WARNING  | tldw_Server_API.app.core.AuthNZ.settings:_validate_api_key:1013 - SINGLE_USER_API_KEY uses a legacy format; generate a new server-generated key for improved security.
2026-09-16 02:46:51.172 | INFO     | tldw_Server_API.app.core.AuthNZ.settings:get_settings:1588 - Settings initialized - Auth mode: single_user, profile=local-single-user
2026-09-16 02:46:51.172 | INFO     | tldw_Server_API.app.core.AuthNZ.db_config:_detect_backend:83 - Detected database backend: sqlite
2026-09-16 02:46:51.283 | DEBUG    | tldw_Server_API.app.core.config:_buffered_log:210 - load_and_log_configs(): Loading and logging configurations...
2026-09-16 02:46:51.291 | DEBUG    | tldw_Server_API.app.core.config:_buffered_log:210 - load_and_log_configs(): Loading and logging configurations...
2026-09-16 02:46:51.343 | INFO     | tldw_Server_API.app.core.Chat.prompt_template_manager:<module>:201 - Prompt templates directory: /Users/macbook-dev/Documents/GitHub/tldw_server2/tldw_Server_API/app/core/Chat/prompt_templates
2026-09-16 02:46:51.343 | INFO     | tldw_Server_API.app.core.Chat.prompt_template_manager:<module>:202 - Available templates found: []
2026-09-16 02:46:51.487 | DEBUG    | tldw_Server_API.app.core.Scheduler.base.registry:decorator:81 - Registered task handler: watchlist_run
2026-09-16 02:46:51.493 | DEBUG    | tldw_Server_API.app.core.Scheduler.base.registry:decorator:81 - Registered task handler: watchlists_enrich_output
2026-09-16 02:46:51.494 | DEBUG    | tldw_Server_API.app.core.Scheduler.base.registry:decorator:81 - Registered task handler: watchlists_deliver_briefing
2026-09-16 02:46:51.495 | DEBUG    | tldw_Server_API.app.core.Scheduler.base.registry:decorator:81 - Registered task handler: acp_run
2026-09-16 02:46:51.496 | DEBUG    | tldw_Server_API.app.core.Scheduler.base.registry:decorator:81 - Registered task handler: workflow_run
2026-09-16 02:46:51.497 | WARNING  | tldw_Server_API.app.core.DB_Management.db_path_utils:resolve_user_db_base_dir:491 - USER_DB_BASE_DIR not configured in tests, using isolated fallback: /private/var/folders/sn/m80n2j152t9gw3w8qwk2nykh0000gn/T/tldw_user_databases_test/default-c6ec974e
2026-09-16 02:46:51.498 | DEBUG    | tldw_Server_API.app.core.DB_Management.backends.factory:_get_or_create_shared_sqlite_backend:325 - Creating sqlite backend for /private/var/folders/sn/m80n2j152t9gw3w8qwk2nykh0000gn/T/tldw_user_databases_test/default-c6ec974e/1/workflows/workflows_scheduler.db
2026-09-16 02:46:51.499 | INFO     | tldw_Server_API.app.core.DB_Management.Workflows_Scheduler_DB:__init__:210 - WorkflowsSchedulerDB using SQLite path: /private/var/folders/sn/m80n2j152t9gw3w8qwk2nykh0000gn/T/tldw_user_databases_test/default-c6ec974e/1/workflows/workflows_scheduler.db
2026-09-16 02:46:51.500 | INFO     | tldw_Server_API.app.services.workflows_scheduler:stop:183 - Workflows recurring scheduler stopped
2026-09-16 02:46:51.500 | INFO     | tldw_Server_API.app.api.v1.API_Deps.ChaCha_Notes_DB_Deps:close_all_chacha_db_instances:862 - Closing all cached ChaChaNotesDB instances (0)...
2026-09-16 02:46:51.501 | INFO     | tldw_Server_API.app.api.v1.API_Deps.ChaCha_Notes_DB_Deps:close_all_chacha_db_instances:878 - All ChaChaNotesDB instances closed and cache cleared.
2026-09-16 02:46:51.507 | INFO     | tldw_Server_API.app.api.v1.API_Deps.DB_Deps:<module>:57 - Using LRUCache for user DB instances (maxsize=100).
2026-09-16 02:46:51.654 | DEBUG    | tldw_Server_API.app.core.Metrics.metrics_manager:register_metric:1885 - Registered metric: chunker_cache_get_total
2026-09-16 02:46:51.654 | DEBUG    | tldw_Server_API.app.core.Metrics.metrics_manager:register_metric:1885 - Registered metric: chunker_cache_put_total
2026-09-16 02:46:51.655 | DEBUG    | tldw_Server_API.app.core.Metrics.metrics_manager:register_metric:1885 - Registered metric: chunker_process_total
2026-09-16 02:46:51.655 | DEBUG    | tldw_Server_API.app.core.Metrics.metrics_manager:register_metric:1885 - Registered metric: chunker_frontmatter_duration_seconds
2026-09-16 02:46:51.655 | DEBUG    | tldw_Server_API.app.core.Metrics.metrics_manager:register_metric:1885 - Registered metric: chunker_header_extract_seconds
2026-09-16 02:46:51.656 | DEBUG    | tldw_Server_API.app.core.Metrics.metrics_manager:register_metric:1885 - Registered metric: chunker_chunking_duration_seconds
2026-09-16 02:46:51.656 | DEBUG    | tldw_Server_API.app.core.Metrics.metrics_manager:register_metric:1885 - Registered metric: chunker_normalization_seconds
2026-09-16 02:46:51.657 | DEBUG    | tldw_Server_API.app.core.Metrics.metrics_manager:register_metric:1885 - Registered metric: chunker_last_chunk_count
2026-09-16 02:46:51.657 | DEBUG    | tldw_Server_API.app.core.Metrics.metrics_manager:register_metric:1885 - Registered metric: chunker_output_bytes
2026-09-16 02:46:51.657 | DEBUG    | tldw_Server_API.app.core.Metrics.metrics_manager:register_metric:1885 - Registered metric: chunker_input_bytes
2026-09-16 02:46:51.658 | DEBUG    | tldw_Server_API.app.core.Metrics.metrics_manager:register_metric:1885 - Registered metric: chunker_process_total_seconds
2026-09-16 02:46:51.658 | DEBUG    | tldw_Server_API.app.core.config:_buffered_log:210 - load_and_log_configs(): Loading and logging configurations...
2026-09-16 02:46:51.660 | DEBUG    | tldw_Server_API.app.core.config:_buffered_log:210 - load_and_log_configs(): Loading and logging configurations...

--------------------------- Captured stderr teardown ---------------------------
2026-09-16 02:46:51.098 | INFO     | tldw_Server_API.app.api.v1.API_Deps.ChaCha_Notes_DB_Deps:close_all_chacha_db_instances:862 - Closing all cached ChaChaNotesDB instances (0)...
2026-09-16 02:46:51.098 | INFO     | tldw_Server_API.app.api.v1.API_Deps.ChaCha_Notes_DB_Deps:close_all_chacha_db_instances:878 - All ChaChaNotesDB instances closed and cache cleared.
2026-09-16 02:46:51.098 | INFO     | tldw_Server_API.app.api.v1.API_Deps.ChaCha_Notes_DB_Deps:close_all_chacha_db_instances:862 - Closing all cached ChaChaNotesDB instances (0)...
2026-09-16 02:46:51.099 | INFO     | tldw_Server_API.app.api.v1.API_Deps.ChaCha_Notes_DB_Deps:close_all_chacha_db_instances:878 - All ChaChaNotesDB instances closed and cache cleared.
=========================== short test summary info ============================
FAILED tldw_Server_API/tests/DB_Management/test_media_search_fts_fallback.py::test_fallback_respects_selected_fields[fields1-expected1]
FAILED tldw_Server_API/tests/DB_Management/test_media_search_fts_fallback.py::test_fallback_pagination_counts_only_literal_matches
FAILED tldw_Server_API/tests/DB_Management/test_media_search_fts_fallback.py::test_actual_fts_and_literal_fallback_preserve_query_and_owner[FOREIGN-CYCLE5-MARKER-expected1]
FAILED tldw_Server_API/tests/DB_Management/test_media_search_fts_fallback.py::test_fallback_punctuation_does_not_turn_into_like_wildcards
FAILED tldw_Server_API/tests/DB_Management/test_media_search_fts_fallback.py::test_fallback_respects_selected_fields[fields0-expected0]
FAILED tldw_Server_API/tests/DB_Management/test_media_search_fts_fallback.py::test_actual_fts_and_literal_fallback_preserve_query_and_owner[AURORA-CYCLE5-MULTI-23-expected0]
FAILED tldw_Server_API/tests/DB_Management/test_media_search_fts_fallback.py::test_result_only_fts_failure_recounts_literal_results
FAILED tldw_Server_API/tests/DB_Management/test_media_search_fts_fallback.py::test_fallback_retains_media_ids_keywords_and_trash_controls
=================== 8 failed, 5 passed, 4 warnings in 1.02s ====================
