============================= test session starts ==============================
platform darwin -- Python 3.11.13, pytest-8.4.1, pluggy-1.6.0
benchmark: 5.2.3 (defaults: timer=time.perf_counter disable_gc=False min_rounds=5 min_time=0.000005 max_time=1.0 calibration_precision=10 warmup=False warmup_iterations=100000)
Using --randomly-seed=871356156
rootdir: /Users/macbook-dev/Documents/GitHub/tldw_server2
configfile: pyproject.toml
plugins: anyio-4.12.1, benchmark-5.2.3, locust-2.43.3, asyncio-1.1.0, xdist-3.8.0, split-0.11.0, timeout-2.4.0, randomly-4.1.0, hypothesis-6.138.2, cov-6.2.1, mock-3.14.1
asyncio: mode=Mode.AUTO, asyncio_default_fixture_loop_scope=function, asyncio_default_test_loop_scope=function
timeout: 300.0s
timeout method: thread
timeout func_only: False
collected 15 items

tldw_Server_API/tests/Flashcards/test_review_response_timestamp_contract.py . [  6%]
.FF.F...F....F                                                           [100%]

=================================== FAILURES ===================================
_____ test_review_response_preserves_timestamp_and_non_time_values[offset] _____
tldw_Server_API/tests/Flashcards/test_review_response_timestamp_contract.py:175: in test_review_response_preserves_timestamp_and_non_time_values
    result = FlashcardReviewResponse.model_validate({**payload, **dict.fromkeys(fields, value)}).model_dump(mode="json")
             ^^^^^^^^^^^^^^^^^^^^^^^^^^^^^^^^^^^^^^^^^^^^^^^^^^^^^^^^^^^^^^^^^^^^^^^^^^^^^^^^^^^
E   pydantic_core._pydantic_core.ValidationError: 3 validation errors for FlashcardReviewResponse
E   due_at
E     Input should be a valid string [type=string_type, input_value=datetime.datetime(2026, 9...medelta(seconds=20700))), input_type=datetime]
E       For further information visit https://errors.pydantic.dev/2.11/v/string_type
E   last_reviewed_at
E     Input should be a valid string [type=string_type, input_value=datetime.datetime(2026, 9...medelta(seconds=20700))), input_type=datetime]
E       For further information visit https://errors.pydantic.dev/2.11/v/string_type
E   last_modified
E     Input should be a valid string [type=string_type, input_value=datetime.datetime(2026, 9...medelta(seconds=20700))), input_type=datetime]
E       For further information visit https://errors.pydantic.dev/2.11/v/string_type
--------------------------- Captured stderr teardown ---------------------------
2026-09-16 18:00:19.618 | INFO     | tldw_Server_API.app.api.v1.API_Deps.ChaCha_Notes_DB_Deps:close_all_chacha_db_instances:867 - Closing all cached ChaChaNotesDB instances (0)...
2026-09-16 18:00:19.618 | INFO     | tldw_Server_API.app.api.v1.API_Deps.ChaCha_Notes_DB_Deps:close_all_chacha_db_instances:883 - All ChaChaNotesDB instances closed and cache cleared.
2026-09-16 18:00:19.618 | INFO     | tldw_Server_API.app.api.v1.API_Deps.ChaCha_Notes_DB_Deps:close_all_chacha_db_instances:867 - Closing all cached ChaChaNotesDB instances (0)...
2026-09-16 18:00:19.618 | INFO     | tldw_Server_API.app.api.v1.API_Deps.ChaCha_Notes_DB_Deps:close_all_chacha_db_instances:883 - All ChaChaNotesDB instances closed and cache cleared.
__ test_review_http_serializes_exact_committed_card_and_session[postgres-due] __
tldw_Server_API/tests/Flashcards/test_review_response_timestamp_contract.py:96: in test_review_http_serializes_exact_committed_card_and_session
    assert response.status_code == 200, f"{response.text}; persisted timestamp types: {timestamp_types}"
E   AssertionError: Internal Server Error; persisted timestamp types: {'due_at': 'datetime', 'last_reviewed_at': 'datetime', 'last_modified': 'datetime'}
E   assert 500 == 200
E    +  where 500 = <Response [500 Internal Server Error]>.status_code
---------------------------- Captured stderr setup -----------------------------
2026-09-16 18:00:19.636 | INFO     | tldw_Server_API.app.core.DB_Management.backends.factory:create_backend:392 - Creating postgresql backend
2026-09-16 18:00:19.637 | INFO     | tldw_Server_API.app.core.config:_buffered_log:210 - Determined ACTUAL_PROJECT_ROOT for database paths: /Users/macbook-dev/Documents/GitHub/tldw_server2
2026-09-16 18:00:19.637 | INFO     | tldw_Server_API.app.core.config:_buffered_log:210 - Early loading environment variables from: /Users/macbook-dev/Documents/GitHub/tldw_server2/tldw_Server_API/Config_Files/.env
2026-09-16 18:00:19.642 | INFO     | tldw_Server_API.app.core.config:_buffered_log:210 - Early loading environment variables from: /Users/macbook-dev/Documents/GitHub/tldw_server2/tldw_Server_API/Config_Files/.ENV
2026-09-16 18:00:19.646 | DEBUG    | tldw_Server_API.app.core.config:_buffered_log:210 - load_and_log_configs(): Loading and logging configurations...
2026-09-16 18:00:19.647 | INFO     | tldw_Server_API.app.core.config:_buffered_log:210 - Loading environment variables from: /Users/macbook-dev/Documents/GitHub/tldw_server2/tldw_Server_API/Config_Files/.env
2026-09-16 18:00:19.651 | INFO     | tldw_Server_API.app.core.config:_buffered_log:210 - Loading environment variables from: /Users/macbook-dev/Documents/GitHub/tldw_server2/tldw_Server_API/Config_Files/.ENV
2026-09-16 18:00:19.656 | INFO     | tldw_Server_API.app.core.config:_buffered_log:210 - Attempting to load comprehensive config from: /Users/macbook-dev/Documents/GitHub/tldw_server2/tldw_Server_API/Config_Files/config.txt
2026-09-16 18:00:19.658 | INFO     | tldw_Server_API.app.core.config:_buffered_log:210 - load_comprehensive_config(): Sections found in config: ['Setup', 'UI', 'Server', 'Files', 'Image-Generation', 'ACP', 'WORKSPACES', 'ACP-WORKSPACE', 'ACP-SANDBOX', 'Audit', 'Processing', 'Media-Processing', 'Chat-Dictionaries', 'Chat-Module', 'Chat-Commands', 'Chat-Templating', 'Character-Chat', 'Settings', 'Auto-Save', 'Prompts', 'Database', 'Chunking', 'Visual-RAG', 'AuthNZ', 'Streaming', 'HTTP', 'Egress', 'Embeddings', 'Claims', 'ClaimsMonitoring', 'RAG', 'Search-Agent', 'ResourceGovernor', 'Jobs', 'SlidesStandaloneHtml', 'Diarization', 'API', 'MLX', 'Local-API', 'LlamaCpp', 'STT-Settings', 'external_providers', 'TTS-Settings', 'VibeVoice', 'Audio-Quota', 'API-Routes', 'Search-Engines', 'Web-Scraper', 'Logging', 'Moderation', 'Redis', 'Web-Scraping', 'personalization', 'persona', 'persona.rbac']
2026-09-16 18:00:19.661 | INFO     | tldw_Server_API.app.core.config:_buffered_log:210 - Ensured main SQLite database directory exists: /Users/macbook-dev/Documents/GitHub/tldw_server2/Databases
2026-09-16 18:00:19.661 | INFO     | tldw_Server_API.app.core.config:_buffered_log:210 - Ensured user data base directory exists: Databases/user_databases
2026-09-16 18:00:19.661 | WARNING  | tldw_Server_API.app.core.DB_Management.db_path_utils:resolve_user_db_base_dir:491 - USER_DB_BASE_DIR not configured in tests, using isolated fallback: /private/var/folders/sn/m80n2j152t9gw3w8qwk2nykh0000gn/T/tldw_user_databases_test/default-93b414fc
2026-09-16 18:00:19.661 | INFO     | tldw_Server_API.app.core.DB_Management.ChaChaNotes_DB:__init__:7606 - Initializing CharactersRAGDB for path: /private/var/folders/sn/m80n2j152t9gw3w8qwk2nykh0000gn/T/pytest-of-macbook-dev/pytest-165/test_review_http_serializes_ex0/review.db [Client ID: 1] (backend=postgresql)
2026-09-16 18:00:21.300 | DEBUG    | tldw_Server_API.app.core.DB_Management.ChaChaNotes_DB:__init__:7613 - CharactersRAGDB initialization completed successfully for /private/var/folders/sn/m80n2j152t9gw3w8qwk2nykh0000gn/T/pytest-of-macbook-dev/pytest-165/test_review_http_serializes_ex0/review.db
----------------------------- Captured stderr call -----------------------------
2026-09-16 18:00:21.301 | DEBUG    | tldw_Server_API.app.core.DB_Management.ChaChaNotes_DB:_get_thread_connection:7969 - Acquired backend connection (postgresql) for thread 8346099072
2026-09-16 18:00:21.304 | DEBUG    | tldw_Server_API.app.core.DB_Management.ChaChaNotes_DB:execute_query:8213 - Executing SQL (script=False, backend=postgresql):
            SELECT f.uuid, f.deck_id, d.name AS deck_name, d.workspace_id AS workspace_id, f.front, f.back, f.notes, f.extra, f.is_cloze, f.tags_json,
                   f.source_ref_type, f.source_ref_id, f.conversation_id, f.message_id,
                   f.ef, f.interval_days, f.repetitions, f.l... Params: ('3940c596-b614-4cc4-b48f-8b7deb340e4d',)...
2026-09-16 18:00:21.305 | DEBUG    | tldw_Server_API.app.core.DB_Management.ChaChaNotes_DB:close_connection:8038 - Returned backend connection (postgresql) for thread 8346099072.
2026-09-16 18:00:21.342 | DEBUG    | tldw_Server_API.app.core.DB_Management.ChaChaNotes_DB:_get_thread_connection:7969 - Acquired backend connection (postgresql) for thread 6254440448
2026-09-16 18:00:21.342 | DEBUG    | tldw_Server_API.app.core.DB_Management.ChaChaNotes_DB:execute_query:8213 - Executing SQL (script=False, backend=postgresql):
            SELECT f.uuid, f.deck_id, d.name AS deck_name, d.workspace_id AS workspace_id, f.front, f.back, f.notes, f.extra, f.is_cloze, f.tags_json,
                   f.source_ref_type, f.source_ref_id, f.conversation_id, f.message_id,
                   f.ef, f.interval_days, f.repetitions, f.l... Params: ('3940c596-b614-4cc4-b48f-8b7deb340e4d',)...
2026-09-16 18:00:21.353 | DEBUG    | tldw_Server_API.app.core.DB_Management.ChaChaNotes_DB:_get_thread_connection:7969 - Acquired backend connection (postgresql) for thread 8346099072
2026-09-16 18:00:21.353 | DEBUG    | tldw_Server_API.app.core.DB_Management.ChaChaNotes_DB:execute_query:8213 - Executing SQL (script=False, backend=postgresql):
            SELECT f.uuid, f.deck_id, d.name AS deck_name, d.workspace_id AS workspace_id, f.front, f.back, f.notes, f.extra, f.is_cloze, f.tags_json,
                   f.source_ref_type, f.source_ref_id, f.conversation_id, f.message_id,
                   f.ef, f.interval_days, f.repetitions, f.l... Params: ('3940c596-b614-4cc4-b48f-8b7deb340e4d',)...
2026-09-16 18:00:21.354 | DEBUG    | tldw_Server_API.app.core.DB_Management.ChaChaNotes_DB:execute_query:8213 - Executing SQL (script=False, backend=postgresql): SELECT fr.* FROM flashcard_reviews fr JOIN flashcards f ON f.id = fr.card_id WHERE f.uuid = ?... Params: ('3940c596-b614-4cc4-b48f-8b7deb340e4d',)...
2026-09-16 18:00:21.355 | DEBUG    | tldw_Server_API.app.core.DB_Management.ChaChaNotes_DB:execute_query:8213 - Executing SQL (script=False, backend=postgresql):
            SELECT id, deck_id, deck_name_snapshot, review_mode, tag_filter, scope_key, status,
                   started_at, last_activity_at, completed_at, client_id,
                   cards_reviewed, correct_count, source_bundle_json, study_pack_id
              FROM flashcard_review_sessions
... Params: (1,)...
--------------------------- Captured stderr teardown ---------------------------
2026-09-16 18:00:21.359 | DEBUG    | tldw_Server_API.app.core.DB_Management.ChaChaNotes_DB:close_connection:8038 - Returned backend connection (postgresql) for thread 8346099072.
2026-09-16 18:00:21.376 | INFO     | tldw_Server_API.app.api.v1.API_Deps.ChaCha_Notes_DB_Deps:close_all_chacha_db_instances:867 - Closing all cached ChaChaNotesDB instances (0)...
2026-09-16 18:00:21.377 | INFO     | tldw_Server_API.app.api.v1.API_Deps.ChaCha_Notes_DB_Deps:close_all_chacha_db_instances:883 - All ChaChaNotesDB instances closed and cache cleared.
2026-09-16 18:00:21.377 | INFO     | tldw_Server_API.app.api.v1.API_Deps.ChaCha_Notes_DB_Deps:close_all_chacha_db_instances:867 - Closing all cached ChaChaNotesDB instances (0)...
2026-09-16 18:00:21.377 | INFO     | tldw_Server_API.app.api.v1.API_Deps.ChaCha_Notes_DB_Deps:close_all_chacha_db_instances:883 - All ChaChaNotesDB instances closed and cache cleared.
______ test_review_response_preserves_timestamp_and_non_time_values[utc] _______
tldw_Server_API/tests/Flashcards/test_review_response_timestamp_contract.py:175: in test_review_response_preserves_timestamp_and_non_time_values
    result = FlashcardReviewResponse.model_validate({**payload, **dict.fromkeys(fields, value)}).model_dump(mode="json")
             ^^^^^^^^^^^^^^^^^^^^^^^^^^^^^^^^^^^^^^^^^^^^^^^^^^^^^^^^^^^^^^^^^^^^^^^^^^^^^^^^^^^
E   pydantic_core._pydantic_core.ValidationError: 3 validation errors for FlashcardReviewResponse
E   due_at
E     Input should be a valid string [type=string_type, input_value=datetime.datetime(2026, 9...o=datetime.timezone.utc), input_type=datetime]
E       For further information visit https://errors.pydantic.dev/2.11/v/string_type
E   last_reviewed_at
E     Input should be a valid string [type=string_type, input_value=datetime.datetime(2026, 9...o=datetime.timezone.utc), input_type=datetime]
E       For further information visit https://errors.pydantic.dev/2.11/v/string_type
E   last_modified
E     Input should be a valid string [type=string_type, input_value=datetime.datetime(2026, 9...o=datetime.timezone.utc), input_type=datetime]
E       For further information visit https://errors.pydantic.dev/2.11/v/string_type
--------------------------- Captured stderr teardown ---------------------------
2026-09-16 18:00:22.098 | INFO     | tldw_Server_API.app.api.v1.API_Deps.ChaCha_Notes_DB_Deps:close_all_chacha_db_instances:867 - Closing all cached ChaChaNotesDB instances (0)...
2026-09-16 18:00:22.098 | INFO     | tldw_Server_API.app.api.v1.API_Deps.ChaCha_Notes_DB_Deps:close_all_chacha_db_instances:883 - All ChaChaNotesDB instances closed and cache cleared.
2026-09-16 18:00:22.098 | INFO     | tldw_Server_API.app.api.v1.API_Deps.ChaCha_Notes_DB_Deps:close_all_chacha_db_instances:867 - Closing all cached ChaChaNotesDB instances (0)...
2026-09-16 18:00:22.098 | INFO     | tldw_Server_API.app.api.v1.API_Deps.ChaCha_Notes_DB_Deps:close_all_chacha_db_instances:883 - All ChaChaNotesDB instances closed and cache cleared.
_____ test_review_response_preserves_timestamp_and_non_time_values[naive] ______
tldw_Server_API/tests/Flashcards/test_review_response_timestamp_contract.py:175: in test_review_response_preserves_timestamp_and_non_time_values
    result = FlashcardReviewResponse.model_validate({**payload, **dict.fromkeys(fields, value)}).model_dump(mode="json")
             ^^^^^^^^^^^^^^^^^^^^^^^^^^^^^^^^^^^^^^^^^^^^^^^^^^^^^^^^^^^^^^^^^^^^^^^^^^^^^^^^^^^
E   pydantic_core._pydantic_core.ValidationError: 3 validation errors for FlashcardReviewResponse
E   due_at
E     Input should be a valid string [type=string_type, input_value=datetime.datetime(2026, 9, 17, 0, 51), input_type=datetime]
E       For further information visit https://errors.pydantic.dev/2.11/v/string_type
E   last_reviewed_at
E     Input should be a valid string [type=string_type, input_value=datetime.datetime(2026, 9, 17, 0, 51), input_type=datetime]
E       For further information visit https://errors.pydantic.dev/2.11/v/string_type
E   last_modified
E     Input should be a valid string [type=string_type, input_value=datetime.datetime(2026, 9, 17, 0, 51), input_type=datetime]
E       For further information visit https://errors.pydantic.dev/2.11/v/string_type
--------------------------- Captured stderr teardown ---------------------------
2026-09-16 18:00:22.846 | INFO     | tldw_Server_API.app.api.v1.API_Deps.ChaCha_Notes_DB_Deps:close_all_chacha_db_instances:867 - Closing all cached ChaChaNotesDB instances (0)...
2026-09-16 18:00:22.846 | INFO     | tldw_Server_API.app.api.v1.API_Deps.ChaCha_Notes_DB_Deps:close_all_chacha_db_instances:883 - All ChaChaNotesDB instances closed and cache cleared.
2026-09-16 18:00:22.846 | INFO     | tldw_Server_API.app.api.v1.API_Deps.ChaCha_Notes_DB_Deps:close_all_chacha_db_instances:867 - Closing all cached ChaChaNotesDB instances (0)...
2026-09-16 18:00:22.846 | INFO     | tldw_Server_API.app.api.v1.API_Deps.ChaCha_Notes_DB_Deps:close_all_chacha_db_instances:883 - All ChaChaNotesDB instances closed and cache cleared.
_ test_review_http_serializes_exact_committed_card_and_session[postgres-cram] __
tldw_Server_API/tests/Flashcards/test_review_response_timestamp_contract.py:96: in test_review_http_serializes_exact_committed_card_and_session
    assert response.status_code == 200, f"{response.text}; persisted timestamp types: {timestamp_types}"
E   AssertionError: Internal Server Error; persisted timestamp types: {'due_at': 'datetime', 'last_reviewed_at': 'datetime', 'last_modified': 'datetime'}
E   assert 500 == 200
E    +  where 500 = <Response [500 Internal Server Error]>.status_code
---------------------------- Captured stderr setup -----------------------------
2026-09-16 18:00:26.198 | INFO     | tldw_Server_API.app.core.DB_Management.backends.factory:create_backend:392 - Creating postgresql backend
2026-09-16 18:00:26.198 | INFO     | tldw_Server_API.app.core.config:_buffered_log:210 - Determined ACTUAL_PROJECT_ROOT for database paths: /Users/macbook-dev/Documents/GitHub/tldw_server2
2026-09-16 18:00:26.199 | INFO     | tldw_Server_API.app.core.config:_buffered_log:210 - Early loading environment variables from: /Users/macbook-dev/Documents/GitHub/tldw_server2/tldw_Server_API/Config_Files/.env
2026-09-16 18:00:26.203 | INFO     | tldw_Server_API.app.core.config:_buffered_log:210 - Early loading environment variables from: /Users/macbook-dev/Documents/GitHub/tldw_server2/tldw_Server_API/Config_Files/.ENV
2026-09-16 18:00:26.208 | DEBUG    | tldw_Server_API.app.core.config:_buffered_log:210 - load_and_log_configs(): Loading and logging configurations...
2026-09-16 18:00:26.209 | INFO     | tldw_Server_API.app.core.config:_buffered_log:210 - Loading environment variables from: /Users/macbook-dev/Documents/GitHub/tldw_server2/tldw_Server_API/Config_Files/.env
2026-09-16 18:00:26.213 | INFO     | tldw_Server_API.app.core.config:_buffered_log:210 - Loading environment variables from: /Users/macbook-dev/Documents/GitHub/tldw_server2/tldw_Server_API/Config_Files/.ENV
2026-09-16 18:00:26.219 | INFO     | tldw_Server_API.app.core.config:_buffered_log:210 - Attempting to load comprehensive config from: /Users/macbook-dev/Documents/GitHub/tldw_server2/tldw_Server_API/Config_Files/config.txt
2026-09-16 18:00:26.221 | INFO     | tldw_Server_API.app.core.config:_buffered_log:210 - load_comprehensive_config(): Sections found in config: ['Setup', 'UI', 'Server', 'Files', 'Image-Generation', 'ACP', 'WORKSPACES', 'ACP-WORKSPACE', 'ACP-SANDBOX', 'Audit', 'Processing', 'Media-Processing', 'Chat-Dictionaries', 'Chat-Module', 'Chat-Commands', 'Chat-Templating', 'Character-Chat', 'Settings', 'Auto-Save', 'Prompts', 'Database', 'Chunking', 'Visual-RAG', 'AuthNZ', 'Streaming', 'HTTP', 'Egress', 'Embeddings', 'Claims', 'ClaimsMonitoring', 'RAG', 'Search-Agent', 'ResourceGovernor', 'Jobs', 'SlidesStandaloneHtml', 'Diarization', 'API', 'MLX', 'Local-API', 'LlamaCpp', 'STT-Settings', 'external_providers', 'TTS-Settings', 'VibeVoice', 'Audio-Quota', 'API-Routes', 'Search-Engines', 'Web-Scraper', 'Logging', 'Moderation', 'Redis', 'Web-Scraping', 'personalization', 'persona', 'persona.rbac']
2026-09-16 18:00:26.224 | INFO     | tldw_Server_API.app.core.config:_buffered_log:210 - Ensured main SQLite database directory exists: /Users/macbook-dev/Documents/GitHub/tldw_server2/Databases
2026-09-16 18:00:26.224 | INFO     | tldw_Server_API.app.core.config:_buffered_log:210 - Ensured user data base directory exists: Databases/user_databases
2026-09-16 18:00:26.225 | WARNING  | tldw_Server_API.app.core.DB_Management.db_path_utils:resolve_user_db_base_dir:491 - USER_DB_BASE_DIR not configured in tests, using isolated fallback: /private/var/folders/sn/m80n2j152t9gw3w8qwk2nykh0000gn/T/tldw_user_databases_test/default-93b414fc
2026-09-16 18:00:26.225 | INFO     | tldw_Server_API.app.core.DB_Management.ChaChaNotes_DB:__init__:7606 - Initializing CharactersRAGDB for path: /private/var/folders/sn/m80n2j152t9gw3w8qwk2nykh0000gn/T/pytest-of-macbook-dev/pytest-165/test_review_http_serializes_ex3/review.db [Client ID: 1] (backend=postgresql)
2026-09-16 18:00:27.881 | DEBUG    | tldw_Server_API.app.core.DB_Management.ChaChaNotes_DB:__init__:7613 - CharactersRAGDB initialization completed successfully for /private/var/folders/sn/m80n2j152t9gw3w8qwk2nykh0000gn/T/pytest-of-macbook-dev/pytest-165/test_review_http_serializes_ex3/review.db2026-09-16 18:00:28.275 | INFO     | tldw_Server_API.app.core.config:_buffered_log:210 - Determined ACTUAL_PROJECT_ROOT for database paths: /Users/macbook-dev/Documents/GitHub/tldw_server2
2026-09-16 18:00:28.276 | INFO     | tldw_Server_API.app.core.config:_buffered_log:210 - Early loading environment variables from: /Users/macbook-dev/Documents/GitHub/tldw_server2/tldw_Server_API/Config_Files/.env
2026-09-16 18:00:28.281 | INFO     | tldw_Server_API.app.core.config:_buffered_log:210 - Early loading environment variables from: /Users/macbook-dev/Documents/GitHub/tldw_server2/tldw_Server_API/Config_Files/.ENV
2026-09-16 18:00:28.285 | DEBUG    | tldw_Server_API.app.core.config:_buffered_log:210 - load_and_log_configs(): Loading and logging configurations...
2026-09-16 18:00:28.286 | INFO     | tldw_Server_API.app.core.config:_buffered_log:210 - Loading environment variables from: /Users/macbook-dev/Documents/GitHub/tldw_server2/tldw_Server_API/Config_Files/.env
2026-09-16 18:00:28.291 | INFO     | tldw_Server_API.app.core.config:_buffered_log:210 - Loading environment variables from: /Users/macbook-dev/Documents/GitHub/tldw_server2/tldw_Server_API/Config_Files/.ENV
2026-09-16 18:00:28.295 | INFO     | tldw_Server_API.app.core.config:_buffered_log:210 - Attempting to load comprehensive config from: /Users/macbook-dev/Documents/GitHub/tldw_server2/tldw_Server_API/Config_Files/config.txt
2026-09-16 18:00:28.298 | INFO     | tldw_Server_API.app.core.config:_buffered_log:210 - load_comprehensive_config(): Sections found in config: ['Setup', 'UI', 'Server', 'Files', 'Image-Generation', 'ACP', 'WORKSPACES', 'ACP-WORKSPACE', 'ACP-SANDBOX', 'Audit', 'Processing', 'Media-Processing', 'Chat-Dictionaries', 'Chat-Module', 'Chat-Commands', 'Chat-Templating', 'Character-Chat', 'Settings', 'Auto-Save', 'Prompts', 'Database', 'Chunking', 'Visual-RAG', 'AuthNZ', 'Streaming', 'HTTP', 'Egress', 'Embeddings', 'Claims', 'ClaimsMonitoring', 'RAG', 'Search-Agent', 'ResourceGovernor', 'Jobs', 'SlidesStandaloneHtml', 'Diarization', 'API', 'MLX', 'Local-API', 'LlamaCpp', 'STT-Settings', 'external_providers', 'TTS-Settings', 'VibeVoice', 'Audio-Quota', 'API-Routes', 'Search-Engines', 'Web-Scraper', 'Logging', 'Moderation', 'Redis', 'Web-Scraping', 'personalization', 'persona', 'persona.rbac']
2026-09-16 18:00:28.300 | INFO     | tldw_Server_API.app.core.config:_buffered_log:210 - Ensured main SQLite database directory exists: /Users/macbook-dev/Documents/GitHub/tldw_server2/Databases
2026-09-16 18:00:28.300 | INFO     | tldw_Server_API.app.core.config:_buffered_log:210 - Ensured user data base directory exists: Databases/user_databases
2026-09-16 18:00:28.300 | INFO     | tldw_Server_API.app.api.v1.API_Deps.Audit_DB_Deps:shutdown_all_audit_services:1034 - Shutting down audit services for 0 instances...
2026-09-16 18:00:28.300 | INFO     | tldw_Server_API.app.api.v1.API_Deps.Audit_DB_Deps:shutdown_all_audit_services:1091 - All audit services shut down successfully.
2026-09-16 18:00:28.313 | DEBUG    | tldw_Server_API.app.core.AuthNZ.settings:_ensure_jwt_secret:899 - Single-user mode - skipping JWT secret initialization
2026-09-16 18:00:28.313 | WARNING  | tldw_Server_API.app.core.AuthNZ.settings:_validate_api_key:1013 - SINGLE_USER_API_KEY uses a legacy format; generate a new server-generated key for improved security.
2026-09-16 18:00:28.313 | INFO     | tldw_Server_API.app.core.AuthNZ.settings:get_settings:1588 - Settings initialized - Auth mode: single_user, profile=local-single-user
2026-09-16 18:00:28.313 | INFO     | tldw_Server_API.app.core.AuthNZ.db_config:_detect_backend:83 - Detected database backend: sqlite
2026-09-16 18:00:28.389 | DEBUG    | tldw_Server_API.app.core.Scheduler.base.registry:decorator:81 - Registered task handler: watchlist_run
2026-09-16 18:00:28.389 | DEBUG    | tldw_Server_API.app.core.Scheduler.base.registry:decorator:81 - Registered task handler: watchlists_enrich_output
2026-09-16 18:00:28.389 | DEBUG    | tldw_Server_API.app.core.Scheduler.base.registry:decorator:81 - Registered task handler: watchlists_deliver_briefing
2026-09-16 18:00:28.390 | DEBUG    | tldw_Server_API.app.core.Scheduler.base.registry:decorator:81 - Registered task handler: acp_run
2026-09-16 18:00:28.390 | DEBUG    | tldw_Server_API.app.core.Scheduler.base.registry:decorator:81 - Registered task handler: workflow_run
2026-09-16 18:00:28.390 | WARNING  | tldw_Server_API.app.core.DB_Management.db_path_utils:resolve_user_db_base_dir:491 - USER_DB_BASE_DIR not configured in tests, using isolated fallback: /private/var/folders/sn/m80n2j152t9gw3w8qwk2nykh0000gn/T/tldw_user_databases_test/default-93b414fc
2026-09-16 18:00:28.391 | DEBUG    | tldw_Server_API.app.core.DB_Management.backends.factory:_get_or_create_shared_sqlite_backend:325 - Creating sqlite backend for /private/var/folders/sn/m80n2j152t9gw3w8qwk2nykh0000gn/T/tldw_user_databases_test/default-93b414fc/1/workflows/workflows_scheduler.db
2026-09-16 18:00:28.392 | INFO     | tldw_Server_API.app.core.DB_Management.Workflows_Scheduler_DB:__init__:210 - WorkflowsSchedulerDB using SQLite path: /private/var/folders/sn/m80n2j152t9gw3w8qwk2nykh0000gn/T/tldw_user_databases_test/default-93b414fc/1/workflows/workflows_scheduler.db
2026-09-16 18:00:28.392 | INFO     | tldw_Server_API.app.services.workflows_scheduler:stop:183 - Workflows recurring scheduler stopped
2026-09-16 18:00:28.392 | INFO     | tldw_Server_API.app.api.v1.API_Deps.ChaCha_Notes_DB_Deps:close_all_chacha_db_instances:867 - Closing all cached ChaChaNotesDB instances (0)...
2026-09-16 18:00:28.392 | INFO     | tldw_Server_API.app.api.v1.API_Deps.ChaCha_Notes_DB_Deps:close_all_chacha_db_instances:883 - All ChaChaNotesDB instances closed and cache cleared.
2026-09-16 18:00:28.393 | INFO     | tldw_Server_API.app.api.v1.API_Deps.DB_Deps:<module>:57 - Using LRUCache for user DB instances (maxsize=100).

----------------------------- Captured stderr call -----------------------------
2026-09-16 18:00:27.883 | DEBUG    | tldw_Server_API.app.core.DB_Management.ChaChaNotes_DB:_get_thread_connection:7969 - Acquired backend connection (postgresql) for thread 8346099072
2026-09-16 18:00:27.886 | DEBUG    | tldw_Server_API.app.core.DB_Management.ChaChaNotes_DB:execute_query:8213 - Executing SQL (script=False, backend=postgresql):
            SELECT f.uuid, f.deck_id, d.name AS deck_name, d.workspace_id AS workspace_id, f.front, f.back, f.notes, f.extra, f.is_cloze, f.tags_json,
                   f.source_ref_type, f.source_ref_id, f.conversation_id, f.message_id,
                   f.ef, f.interval_days, f.repetitions, f.l... Params: ('2bf940df-ec88-4e54-893d-c19533492ce4',)...
2026-09-16 18:00:27.887 | DEBUG    | tldw_Server_API.app.core.DB_Management.ChaChaNotes_DB:close_connection:8038 - Returned backend connection (postgresql) for thread 8346099072.
2026-09-16 18:00:27.928 | DEBUG    | tldw_Server_API.app.core.DB_Management.ChaChaNotes_DB:_get_thread_connection:7969 - Acquired backend connection (postgresql) for thread 6254440448
2026-09-16 18:00:27.928 | DEBUG    | tldw_Server_API.app.core.DB_Management.ChaChaNotes_DB:execute_query:8213 - Executing SQL (script=False, backend=postgresql):
            SELECT f.uuid, f.deck_id, d.name AS deck_name, d.workspace_id AS workspace_id, f.front, f.back, f.notes, f.extra, f.is_cloze, f.tags_json,
                   f.source_ref_type, f.source_ref_id, f.conversation_id, f.message_id,
                   f.ef, f.interval_days, f.repetitions, f.l... Params: ('2bf940df-ec88-4e54-893d-c19533492ce4',)...
2026-09-16 18:00:27.941 | DEBUG    | tldw_Server_API.app.core.DB_Management.ChaChaNotes_DB:_get_thread_connection:7969 - Acquired backend connection (postgresql) for thread 8346099072
2026-09-16 18:00:27.941 | DEBUG    | tldw_Server_API.app.core.DB_Management.ChaChaNotes_DB:execute_query:8213 - Executing SQL (script=False, backend=postgresql):
            SELECT f.uuid, f.deck_id, d.name AS deck_name, d.workspace_id AS workspace_id, f.front, f.back, f.notes, f.extra, f.is_cloze, f.tags_json,
                   f.source_ref_type, f.source_ref_id, f.conversation_id, f.message_id,
                   f.ef, f.interval_days, f.repetitions, f.l... Params: ('2bf940df-ec88-4e54-893d-c19533492ce4',)...
2026-09-16 18:00:27.943 | DEBUG    | tldw_Server_API.app.core.DB_Management.ChaChaNotes_DB:execute_query:8213 - Executing SQL (script=False, backend=postgresql): SELECT fr.* FROM flashcard_reviews fr JOIN flashcards f ON f.id = fr.card_id WHERE f.uuid = ?... Params: ('2bf940df-ec88-4e54-893d-c19533492ce4',)...
2026-09-16 18:00:27.943 | DEBUG    | tldw_Server_API.app.core.DB_Management.ChaChaNotes_DB:execute_query:8213 - Executing SQL (script=False, backend=postgresql):
            SELECT id, deck_id, deck_name_snapshot, review_mode, tag_filter, scope_key, status,
                   started_at, last_activity_at, completed_at, client_id,
                   cards_reviewed, correct_count, source_bundle_json, study_pack_id
              FROM flashcard_review_sessions
... Params: (1,)...
--------------------------- Captured stderr teardown ---------------------------
2026-09-16 18:00:27.947 | DEBUG    | tldw_Server_API.app.core.DB_Management.ChaChaNotes_DB:close_connection:8038 - Returned backend connection (postgresql) for thread 8346099072.
2026-09-16 18:00:28.243 | INFO     | tldw_Server_API.app.api.v1.API_Deps.ChaCha_Notes_DB_Deps:close_all_chacha_db_instances:867 - Closing all cached ChaChaNotesDB instances (0)...
2026-09-16 18:00:28.244 | INFO     | tldw_Server_API.app.api.v1.API_Deps.ChaCha_Notes_DB_Deps:close_all_chacha_db_instances:883 - All ChaChaNotesDB instances closed and cache cleared.
2026-09-16 18:00:28.244 | INFO     | tldw_Server_API.app.api.v1.API_Deps.ChaCha_Notes_DB_Deps:close_all_chacha_db_instances:867 - Closing all cached ChaChaNotesDB instances (0)...
2026-09-16 18:00:28.244 | INFO     | tldw_Server_API.app.api.v1.API_Deps.ChaCha_Notes_DB_Deps:close_all_chacha_db_instances:883 - All ChaChaNotesDB instances closed and cache cleared.
=========================== short test summary info ============================
FAILED tldw_Server_API/tests/Flashcards/test_review_response_timestamp_contract.py::test_review_response_preserves_timestamp_and_non_time_values[offset]
FAILED tldw_Server_API/tests/Flashcards/test_review_response_timestamp_contract.py::test_review_http_serializes_exact_committed_card_and_session[postgres-due]
FAILED tldw_Server_API/tests/Flashcards/test_review_response_timestamp_contract.py::test_review_response_preserves_timestamp_and_non_time_values[utc]
FAILED tldw_Server_API/tests/Flashcards/test_review_response_timestamp_contract.py::test_review_response_preserves_timestamp_and_non_time_values[naive]
FAILED tldw_Server_API/tests/Flashcards/test_review_response_timestamp_contract.py::test_review_http_serializes_exact_committed_card_and_session[postgres-cram]
================== 5 failed, 10 passed, 4 warnings in 11.43s ===================
