✔ uses recorded session/archive and privately preserves raw command evidence (50.252208ms)
✔ redacts raw, JSON-escaped, URL-encoded, account and JWT values (25.37425ms)
✔ redacts matching PostgreSQL runtime password (25.749917ms)
✔ redacts operator-supplied provider credentials registered before UI entry (24.5275ms)
✔ replaces raw snapshot references with confined redacted text copies (24.055166ms)
✔ does not follow a snapshot symlink outside the owned archive (26.543833ms)
✔ preserves command failure exit code and sanitized diagnostics (24.13775ms)
✔ rejects owner mismatch before subprocess execution (23.913833ms)
✔ rejects session mismatch before subprocess execution (24.423583ms)
✔ rejects source mismatch before subprocess execution (22.859958ms)
✔ rejects credentials mismatch before subprocess execution (23.30875ms)
✔ rejects initialization mismatch before subprocess execution (22.9245ms)
✔ rejects mode mismatch before subprocess execution (24.360833ms)
✔ rejects session overrides and invalid run/cell values (23.408917ms)
✔ safe setup errors never print malformed credential contents (24.000958ms)
✔ subprocess infrastructure errors suppress partial output (1.772541ms)
✔ rejects command or browser override: kill-all (1.134375ms)
✔ rejects command or browser override: close-all (1.010583ms)
✔ rejects command or browser override: attach http://synthetic.invalid (1.20575ms)
✔ rejects command or browser override: open --profile=/synthetic/foreign (1.317ms)
✔ rejects command or browser override: open --config=/synthetic/foreign (1.014917ms)
✔ rejects command or browser override: open --persistent (1.078292ms)
✔ child environment removes host browser/config/storage and Node overrides (1.673375ms)
✔ rejects implicit local config before subprocess creation (2.075584ms)
✔ rejects implicit global config before subprocess creation (2.441041ms)
✔ supports reviewed interaction and evidence options in the owned session (110.865292ms)
✔ rejects malformed short options while allowing numeric interaction arguments (24.324667ms)
✔ installed config resolver sees an isolated browser with the exact child environment (107.245917ms)
(node:53235) ExperimentalWarning: VM Modules is an experimental feature and might change at any time
(Use `node --trace-warnings ...` to show where the warning was created)
✔ zero exit without normal-return proof cannot mark initialization complete (5.252625ms)
✔ forwarded cancellation cannot mark initialization complete even with exit zero (3.245583ms)
✔ initialization rejects stale attempt proof (3.05575ms)
✔ initialization rejects other preparation proof (3.487959ms)
✔ initialization rejects incomplete proof (2.949833ms)
✔ nonzero child exit rejects an otherwise matching completion proof (3.276ms)
✔ matching normal completion records identity and allows restart without resetting (4.353125ms)
✔ failed initialization remains retryable and an old attempt cannot satisfy retry (4.635417ms)
✔ backend rejects missing initialization before port or spawn (2.264667ms)
✔ backend rejects wrong-preparation initialization before port or spawn (2.871583ms)
✔ backend rejects legacy-exit-only initialization before port or spawn (2.844541ms)
✔ frontend rejects missing initialization before port or spawn (2.265875ms)
✔ frontend rejects wrong-preparation initialization before port or spawn (2.859166ms)
✔ frontend rejects legacy-exit-only initialization before port or spawn (2.753875ms)
✔ incomplete preparation cannot initialize or start (2.349334ms)
✔ another run/cell cannot reuse a bound source root (sqlite-single) (2.5475ms)
✔ another run/cell cannot reuse a bound source root (pg-single) (2.682208ms)
✔ preparation reserves a new source before a helper can fail (2.613208ms)
✔ successful new preparation writes a completed matching record (5.576459ms)
✔ existing profile mode ownership refusal remains before spawn (2.488458ms)
✔ a failed child never creates a success marker (2.84175ms)
✔ existing profile preparation is never overwritten (2.627083ms)
✔ official PG receipt validates exact local ownership without connecting (3.851834ms)
✔ matrix runtime role accepts separated checked provisioning and runtime identities (3.586667ms)
✔ matrix runtime role rejects elevated superuser receipt (3.148583ms)
✔ matrix runtime role rejects elevated bypassrls receipt (3.005875ms)
✔ matrix runtime role rejects elevated inherit receipt (2.848041ms)
✔ matrix runtime role rejects elevated createdb receipt (2.720792ms)
✔ matrix runtime role rejects elevated createrole receipt (2.908208ms)
✔ matrix runtime role rejects elevated replication receipt (2.820584ms)
✔ matrix runtime role rejects legacy administrator receipt (2.341042ms)
✔ matrix runtime role rejects administrator membership and reused provisioning identity (3.066084ms)
✔ matrix runtime role checks live privileges before launching initializer (2.972041ms)
✔ matrix runtime role live probe uses explicit copied python and no passwords in argv (3.143ms)
✔ matrix runtime live role failure blocks backend before port or process (2.988458ms)
✔ matrix runtime live role failure blocks frontend before port or process (2.825208ms)
✔ bootstrap-admin sqlite uses existing private launch identity and scoped environment (3.879375ms)
✔ bootstrap-admin postgresql uses existing private launch identity and scoped environment (3.373292ms)
✔ bootstrap-admin rejects missing-proof completion (3.372459ms)
✔ bootstrap-admin rejects nonzero completion (3.341584ms)
✔ bootstrap-admin rejects signal completion (4.200458ms)
✔ bootstrap-admin rejects forwarded-interrupt completion (3.030667ms)
✔ bootstrap-admin rejects stale-token completion (3.086625ms)
✔ bootstrap-admin rejects wrong-preparation completion (2.942625ms)
✔ bootstrap-admin rejects wrong-action completion (2.5995ms)
✔ bootstrap-admin rejects incomplete completion (3.507042ms)
✔ bootstrap-admin refuses sqlite single-user cells without spawn (3.0155ms)
✔ bootstrap-admin refuses postgresql single-user cells without spawn (3.60775ms)
✔ bootstrap-admin preserves missing-initialization preflight refusal (3.122958ms)
✔ bootstrap-admin preserves stale-initialization preflight refusal (3.543125ms)
✔ bootstrap-admin preserves changed-source preflight refusal (3.662875ms)
✔ bootstrap-admin preserves preparing preflight refusal (3.318708ms)
✔ bootstrap-admin PG live role refusal occurs before spawn (4.638041ms)
✔ failed bootstrap can retry but its old proof cannot satisfy a new attempt (3.187417ms)
(node:53236) ExperimentalWarning: VM Modules is an experimental feature and might change at any time
(Use `node --trace-warnings ...` to show where the warning was created)
✔ original launcher exposes exactly the reusable initialization/environment operations (8.308167ms)
✔ backend upgrades code with original auth/data/ports and untouched origin proofs (10.645583ms)
✔ frontend uses new Next code and owned build but retains the original API/browser origin (10.703416ms)
✔ multi-user upgrade retains original JWT identity and its existing auth/content databases (10.239917ms)
✔ refuses incomplete original preparation before launching or writing upgrade state (6.783916ms)
✔ refuses wrong original profile cell before launching or writing upgrade state (7.368ms)
✔ refuses missing old initialization before launching or writing upgrade state (7.005417ms)
✔ refuses mismatched old initialization before launching or writing upgrade state (7.105166ms)
✔ refuses old source fingerprint change before launching or writing upgrade state (8.108958ms)
✔ refuses released holder before launching or writing upgrade state (8.659041ms)
✔ refuses foreign holder source before launching or writing upgrade state (7.971292ms)
✔ refuses privileged holder role before launching or writing upgrade state (6.601916ms)
✔ refuses live role probe denial before launching or writing upgrade state (8.691875ms)
✔ refuses missing explicit upgrade policy before launching or writing upgrade state (7.492708ms)
✔ refuses gate belongs to another original profile before launching or writing upgrade state (7.184917ms)
✔ refuses unreleased source before launching or writing upgrade state (7.9635ms)
✔ refuses wrong source manifest cell before launching or writing upgrade state (7.143209ms)
✔ refuses changed new tracked source before launching or writing upgrade state (6.565708ms)
✔ refuses tracked source traversal before launching or writing upgrade state (8.816333ms)
✔ refuses new source symlink escape before launching or writing upgrade state (8.163917ms)
✔ refuses changed archive bytes before launching or writing upgrade state (8.759ms)
✔ refuses origin inspection failure before launching or writing upgrade state (7.125334ms)
✔ refuses archive already bound to a profile before launching or writing upgrade state (7.098792ms)
✔ refuses occupied API port before launching or writing upgrade state (6.501375ms)
✔ existing archive data blocks relocation: Databases/system_ops.json (6.330708ms)
✔ existing archive data blocks relocation: Databases/document_upload_drafts.db (6.081042ms)
✔ existing archive data blocks relocation: Databases/document_upload_drafts.db-wal (6.272041ms)
✔ existing archive data blocks relocation: Databases/document_upload_drafts.db-shm (5.559417ms)
✔ existing archive data blocks relocation: Databases/webscraper (5.001125ms)
✔ existing archive data blocks relocation: Databases/downloads/audio (6.256708ms)
✔ a dangling root-state symlink and nonempty lock are not treated as absent (5.878584ms)
✔ unowned Next build is rejected without adopting or deleting its contents (7.460417ms)
✔ backend and frontend share one immutable upgrade binding with separate attempts (10.617583ms)
✔ changed original proof cannot rebind an existing upgrade (9.383958ms)
✔ upgrade binding retains the exact controller/helper byte identity (7.086041ms)
✔ child failure retains its truthful failure receipt and leaves original initialization alone (7.813167ms)
✔ cancellation forwards only to the owned child and records no readiness claim (7.786667ms)
✔ a child exiting zero after requested cancellation still records the interruption (7.26075ms)
✔ archive-local data through a symlinked parent cannot appear absent (5.862417ms)
✔ asynchronous spawn errors settle once and remove only owned signal listeners (8.227917ms)
✔ spawn error preserves a failed attempt without overwriting the old profile (7.463875ms)
✔ action and run inputs reject reset, same-run and traversal before boundaries (4.830583ms)
ℹ tests 124
ℹ suites 0
ℹ pass 124
ℹ fail 0
ℹ cancelled 0
ℹ skipped 0
ℹ todo 0
ℹ duration_ms 686.151167
