
 RUN  v4.0.18 /Users/macbook-dev/Documents/GitHub/tldw_server2/apps/tldw-frontend

stderr | ../packages/ui/src/services/tldw/__tests__/TldwApiClient.sanitizer.test.ts > TldwApiClient.synthesizeSpeech (timeout) > uses a generous default timeout so long synthesis is not aborted
tldw server is not configured. Open Settings → tldw server in the extension and set the server URL and API key.

stderr | ../packages/ui/src/services/tldw/__tests__/TldwApiClient.sanitizer.test.ts > TldwApiClient.synthesizeSpeech (timeout) > lets callers override the timeout
tldw server is not configured. Open Settings → tldw server in the extension and set the server URL and API key.

 ❯ ../packages/ui/src/services/tldw/__tests__/TldwApiClient.sanitizer.test.ts (4 tests | 2 failed) 9ms
     ✓ returns successful completion content verbatim even when it looks like an error 2ms
     ✓ preserves error-shaped keys inside successful assistant content 0ms
     × uses a generous default timeout so long synthesis is not aborted 6ms
     × lets callers override the timeout 1ms

⎯⎯⎯⎯⎯⎯⎯ Failed Tests 2 ⎯⎯⎯⎯⎯⎯⎯

 FAIL  ../packages/ui/src/services/tldw/__tests__/TldwApiClient.sanitizer.test.ts > TldwApiClient.synthesizeSpeech (timeout) > uses a generous default timeout so long synthesis is not aborted
Error: tldw server is not configured. Open Settings → tldw server in the extension and set the server URL and API key.
 ❯ TldwApiClient.ensureConfigForRequest ../packages/ui/src/services/tldw/TldwApiClient.ts:1849:13
    1847|         : "Settings → tldw server"
    1848|       const msg = `tldw server is not configured. Open ${location} and…
    1849|       // eslint-disable-next-line no-console
       |             ^
    1850|       console.warn(msg)
    1851|       throw new Error(msg)
 ❯ TldwApiClient.requestWithCurrentConfig ../packages/ui/src/services/tldw/TldwApiClient.ts:1925:17
 ❯ TldwApiClient.synthesizeSpeechDetailed ../packages/ui/src/services/tldw/domains/models-audio.ts:1167:22
 ❯ TldwApiClient.synthesizeSpeech ../packages/ui/src/services/tldw/domains/models-audio.ts:1115:20
 ❯ ../packages/ui/src/services/tldw/__tests__/TldwApiClient.sanitizer.test.ts:114:5

⎯⎯⎯⎯⎯⎯⎯⎯⎯⎯⎯⎯⎯⎯⎯⎯⎯⎯⎯⎯⎯⎯⎯⎯[1/2]⎯

 FAIL  ../packages/ui/src/services/tldw/__tests__/TldwApiClient.sanitizer.test.ts > TldwApiClient.synthesizeSpeech (timeout) > lets callers override the timeout
Error: tldw server is not configured. Open Settings → tldw server in the extension and set the server URL and API key.
 ❯ TldwApiClient.ensureConfigForRequest ../packages/ui/src/services/tldw/TldwApiClient.ts:1849:13
    1847|         : "Settings → tldw server"
    1848|       const msg = `tldw server is not configured. Open ${location} and…
    1849|       // eslint-disable-next-line no-console
       |             ^
    1850|       console.warn(msg)
    1851|       throw new Error(msg)
 ❯ TldwApiClient.requestWithCurrentConfig ../packages/ui/src/services/tldw/TldwApiClient.ts:1925:17
 ❯ TldwApiClient.synthesizeSpeechDetailed ../packages/ui/src/services/tldw/domains/models-audio.ts:1167:22
 ❯ TldwApiClient.synthesizeSpeech ../packages/ui/src/services/tldw/domains/models-audio.ts:1115:20
 ❯ ../packages/ui/src/services/tldw/__tests__/TldwApiClient.sanitizer.test.ts:126:5

⎯⎯⎯⎯⎯⎯⎯⎯⎯⎯⎯⎯⎯⎯⎯⎯⎯⎯⎯⎯⎯⎯⎯⎯[2/2]⎯


 Test Files  1 failed (1)
      Tests  2 failed | 2 passed (4)
   Start at  12:02:33
   Duration  925ms (transform 434ms, setup 91ms, import 509ms, tests 9ms, environment 250ms)

