
 RUN  v4.0.18 /Users/macbook-dev/Documents/GitHub/tldw_server2/apps/tldw-frontend

TypeError: Cannot read properties of undefined (reading 'length')
    at Module.useChatActions (/Users/macbook-dev/Documents/GitHub/tldw_server2/apps/packages/ui/src/hooks/chat/useChatActions.ts:679:13)
    at OrdinarySend (/Users/macbook-dev/Documents/GitHub/tldw_server2/apps/packages/ui/src/components/Option/Playground/__tests__/Playground.coordinator.integration.test.tsx:47:19)
    at renderWithHooks (/Users/macbook-dev/Documents/GitHub/tldw_server2/apps/node_modules/.bun/react-dom@18.3.1+f4eacebf2041cd4f/node_modules/react-dom/cjs/react-dom.development.js:15486:18)
    at mountIndeterminateComponent (/Users/macbook-dev/Documents/GitHub/tldw_server2/apps/node_modules/.bun/react-dom@18.3.1+f4eacebf2041cd4f/node_modules/react-dom/cjs/react-dom.development.js:20103:13)
    at beginWork (/Users/macbook-dev/Documents/GitHub/tldw_server2/apps/node_modules/.bun/react-dom@18.3.1+f4eacebf2041cd4f/node_modules/react-dom/cjs/react-dom.development.js:21626:16)
    at HTMLUnknownElement.callCallback (/Users/macbook-dev/Documents/GitHub/tldw_server2/apps/node_modules/.bun/react-dom@18.3.1+f4eacebf2041cd4f/node_modules/react-dom/cjs/react-dom.development.js:4164:14)
    at HTMLUnknownElement.callTheUserObjectsOperation (/Users/macbook-dev/Documents/GitHub/tldw_server2/apps/node_modules/.bun/jsdom@28.1.0+f552f6b883fec0ef/node_modules/jsdom/lib/generated/idl/EventListener.js:26:30)
    at innerInvokeEventListeners (/Users/macbook-dev/Documents/GitHub/tldw_server2/apps/node_modules/.bun/jsdom@28.1.0+f552f6b883fec0ef/node_modules/jsdom/lib/jsdom/living/events/EventTarget-impl.js:360:16)
    at invokeEventListeners (/Users/macbook-dev/Documents/GitHub/tldw_server2/apps/node_modules/.bun/jsdom@28.1.0+f552f6b883fec0ef/node_modules/jsdom/lib/jsdom/living/events/EventTarget-impl.js:296:3)
    at HTMLUnknownElementImpl._dispatch (/Users/macbook-dev/Documents/GitHub/tldw_server2/apps/node_modules/.bun/jsdom@28.1.0+f552f6b883fec0ef/node_modules/jsdom/lib/jsdom/living/events/EventTarget-impl.js:243:9)
TypeError: Cannot read properties of undefined (reading 'length')
    at Module.useChatActions (/Users/macbook-dev/Documents/GitHub/tldw_server2/apps/packages/ui/src/hooks/chat/useChatActions.ts:679:13)
    at OrdinarySend (/Users/macbook-dev/Documents/GitHub/tldw_server2/apps/packages/ui/src/components/Option/Playground/__tests__/Playground.coordinator.integration.test.tsx:47:19)
    at renderWithHooks (/Users/macbook-dev/Documents/GitHub/tldw_server2/apps/node_modules/.bun/react-dom@18.3.1+f4eacebf2041cd4f/node_modules/react-dom/cjs/react-dom.development.js:15486:18)
    at mountIndeterminateComponent (/Users/macbook-dev/Documents/GitHub/tldw_server2/apps/node_modules/.bun/react-dom@18.3.1+f4eacebf2041cd4f/node_modules/react-dom/cjs/react-dom.development.js:20103:13)
    at beginWork (/Users/macbook-dev/Documents/GitHub/tldw_server2/apps/node_modules/.bun/react-dom@18.3.1+f4eacebf2041cd4f/node_modules/react-dom/cjs/react-dom.development.js:21626:16)
    at HTMLUnknownElement.callCallback (/Users/macbook-dev/Documents/GitHub/tldw_server2/apps/node_modules/.bun/react-dom@18.3.1+f4eacebf2041cd4f/node_modules/react-dom/cjs/react-dom.development.js:4164:14)
    at HTMLUnknownElement.callTheUserObjectsOperation (/Users/macbook-dev/Documents/GitHub/tldw_server2/apps/node_modules/.bun/jsdom@28.1.0+f552f6b883fec0ef/node_modules/jsdom/lib/generated/idl/EventListener.js:26:30)
    at innerInvokeEventListeners (/Users/macbook-dev/Documents/GitHub/tldw_server2/apps/node_modules/.bun/jsdom@28.1.0+f552f6b883fec0ef/node_modules/jsdom/lib/jsdom/living/events/EventTarget-impl.js:360:16)
    at invokeEventListeners (/Users/macbook-dev/Documents/GitHub/tldw_server2/apps/node_modules/.bun/jsdom@28.1.0+f552f6b883fec0ef/node_modules/jsdom/lib/jsdom/living/events/EventTarget-impl.js:296:3)
    at HTMLUnknownElementImpl._dispatch (/Users/macbook-dev/Documents/GitHub/tldw_server2/apps/node_modules/.bun/jsdom@28.1.0+f552f6b883fec0ef/node_modules/jsdom/lib/jsdom/living/events/EventTarget-impl.js:243:9)
stderr | ../packages/ui/src/components/Option/Playground/__tests__/Playground.coordinator.integration.test.tsx > Playground coordinator integration > uses ordinary workflow immediately after Bob creates and completes a chat following account clear
The above error occurred in the <OrdinarySend> component:

    at OrdinarySend (/Users/macbook-dev/Documents/GitHub/tldw_server2/apps/packages/ui/src/components/Option/Playground/__tests__/Playground.coordinator.integration.test.tsx:307:36)

Consider adding an error boundary to your tree to customize error handling behavior.
Visit https://reactjs.org/link/error-boundaries to learn more about error boundaries.

 ❯ ../packages/ui/src/components/Option/Playground/__tests__/Playground.coordinator.integration.test.tsx (60 tests | 1 failed | 59 skipped) 42ms
     × uses ordinary workflow immediately after Bob creates and completes a chat following account clear 41ms
     ↓ promotes accepted entry to saved route and restores its transcript on remount: /chat?mode=character&characterId=4&keep=1
     ↓ promotes accepted entry to saved route and restores its transcript on remount: /options.html#/chat?mode=character&characterId=4&keep=1
     ↓ does not publish a superseded saved target after delayed scope hydration (return to A: false)
     ↓ does not publish a superseded saved target after delayed scope hydration (return to A: true)
     ↓ registers the webui chat route context on mount
     ↓ waits for session scope readiness before consuming the one-time restore pass
     ↓ falls back to recent chat only when restore reports nothing restored
     ↓ stops recent-chat initialization when restore reports cancellation
     ↓ does not overwrite a server chat selected while session scope initializes
     ↓ applies explicit character chat route ids before persisted session restore
     ↓ applies character route ids before persisted session restore
     ↓ applies a settings-return server chat before persisted session restore
     ↓ selects the saved Flashcard source conversation through the actual neutral Chat route consumer
     ↓ applies a sidepanel handoff before persisted session restore
     ↓ starts a fresh character route chat over an active server chat
     ↓ settles canonical saved entry with the real session subscription and local loader (StrictMode=false)
     ↓ settles canonical saved entry with the real session subscription and local loader (StrictMode=true)
     ↓ cancels pending generic restoration before applying an explicit settings target
     ↓ finishes a delayed current settings local-history load
     ↓ finishes a delayed current timeline local-history load
     ↓ does not complete a failed local settings return as a successful server selection
     ↓ uses canonical ordinary workflow after history load despite a persisted Character preference
     ↓ uses canonical ordinary workflow after cold load despite a persisted Character preference
     ↓ preserves the intended workflow for pending chat state
     ↓ preserves the intended workflow for scope-pending chat state
     ↓ preserves the intended workflow for fresh chat state
     ↓ preserves the intended workflow for unsaved chat state
     ↓ preserves the intended workflow for character chat state
     ↓ preserves the intended workflow for persona chat state
     ↓ keeps a saved target over a previous character while profile is delayed
     ↓ keeps a saved target over a previous character while messages is delayed
     ↓ does not install a late saved identity after picker changes during metadata fetch
     ↓ does not install a late saved identity after picker-roundtrip changes during metadata fetch
     ↓ does not install a late saved identity after replacement changes during metadata fetch
     ↓ does not install a late saved identity after principal changes during metadata fetch
     ↓ keeps the saved target while a raw preference change suppresses a late profile (same turn false)
     ↓ keeps the saved target while a raw preference change suppresses a late profile (same turn true)
     ↓ discards optional profile completion after replacement
     ↓ discards optional profile completion after principal
     ↓ discards optional profile completion after unmount
     ↓ loads canonical messages without waiting for optional global selection persistence
     ↓ preserves canonical saved identity with actual WebUI storage and six loaders: immediate
     ↓ preserves canonical saved identity with actual WebUI storage and six loaders: profile
     ↓ preserves canonical saved identity with actual WebUI storage and six loaders: messages
     ↓ preserves canonical saved identity with actual WebUI storage and six loaders: sidebar
     ↓ preserves canonical saved identity with actual WebUI storage and six loaders: cross-tab
     ↓ uses the real picker to deliberately select Robot with a saved target
     ↓ uses the real picker to deliberately select New choice with a saved target
     ↓ UAT068 replaces a fully loaded saved Character from its search route without restoring it
     ↓ UAT068 replaces a fully loaded saved Character from its hash route without restoring it
     ↓ UAT068 replaces a fully loaded saved Character from its roundtrip route without restoring it
     ↓ UAT068 clear survives a 0ms route commit without restoring the saved Character
     ↓ UAT068 clear survives a 70ms route commit without restoring the saved Character
     ↓ UAT068 rejects cancel before retiring the owned saved route
     ↓ UAT068 rejects other-surface before retiring the owned saved route
     ↓ UAT068 rejects other-target before retiring the owned saved route
     ↓ UAT068 rejects other-history before retiring the owned saved route
     ↓ UAT068 rejects authority-roundtrip before retiring the owned saved route
     ↓ keeps the saved conversation and preference after cancelling the real legacy picker confirmation

⎯⎯⎯⎯⎯⎯⎯ Failed Tests 1 ⎯⎯⎯⎯⎯⎯⎯

 FAIL  ../packages/ui/src/components/Option/Playground/__tests__/Playground.coordinator.integration.test.tsx > Playground coordinator integration > uses ordinary workflow immediately after Bob creates and completes a chat following account clear
TypeError: Cannot read properties of undefined (reading 'length')
 ❯ Module.useChatActions ../packages/ui/src/hooks/chat/useChatActions.ts:679:13
    677|   }, [
    678|     effectiveAssistantState.mode,
    679|     history.length,
       |             ^
    680|     inheritedAssistant,
    681|     messages.length,
 ❯ OrdinarySend ../packages/ui/src/components/Option/Playground/__tests__/Playground.coordinator.integration.test.tsx:47:19
 ❯ renderWithHooks ../node_modules/.bun/react-dom@18.3.1+f4eacebf2041cd4f/node_modules/react-dom/cjs/react-dom.development.js:15486:18
 ❯ mountIndeterminateComponent ../node_modules/.bun/react-dom@18.3.1+f4eacebf2041cd4f/node_modules/react-dom/cjs/react-dom.development.js:20103:13
 ❯ beginWork ../node_modules/.bun/react-dom@18.3.1+f4eacebf2041cd4f/node_modules/react-dom/cjs/react-dom.development.js:21626:16
 ❯ beginWork$1 ../node_modules/.bun/react-dom@18.3.1+f4eacebf2041cd4f/node_modules/react-dom/cjs/react-dom.development.js:27465:14
 ❯ performUnitOfWork ../node_modules/.bun/react-dom@18.3.1+f4eacebf2041cd4f/node_modules/react-dom/cjs/react-dom.development.js:26599:12
 ❯ workLoopSync ../node_modules/.bun/react-dom@18.3.1+f4eacebf2041cd4f/node_modules/react-dom/cjs/react-dom.development.js:26505:5
 ❯ renderRootSync ../node_modules/.bun/react-dom@18.3.1+f4eacebf2041cd4f/node_modules/react-dom/cjs/react-dom.development.js:26473:7
 ❯ recoverFromConcurrentError ../node_modules/.bun/react-dom@18.3.1+f4eacebf2041cd4f/node_modules/react-dom/cjs/react-dom.development.js:25889:20

⎯⎯⎯⎯⎯⎯⎯⎯⎯⎯⎯⎯⎯⎯⎯⎯⎯⎯⎯⎯⎯⎯⎯⎯[1/1]⎯


 Test Files  1 failed (1)
      Tests  1 failed | 59 skipped (60)
   Start at  11:50:41
   Duration  2.76s (transform 1.37s, setup 106ms, import 2.32s, tests 42ms, environment 227ms)

