
 RUN  v4.0.18 /Users/macbook-dev/Documents/GitHub/tldw_server2/apps/tldw-frontend

(node:90617) ExperimentalWarning: localStorage is not available because --localstorage-file was not provided.
(Use `node --trace-warnings ...` to show where the warning was created)
 ❯ ../packages/ui/src/hooks/chat/__tests__/useChatActions.saved-normal.integration.test.tsx (0 test)

⎯⎯⎯⎯⎯⎯ Failed Suites 1 ⎯⎯⎯⎯⎯⎯⎯

 FAIL  ../packages/ui/src/hooks/chat/__tests__/useChatActions.saved-normal.integration.test.tsx [ ../packages/ui/src/hooks/chat/__tests__/useChatActions.saved-normal.integration.test.tsx ]
Error: [vitest] There was an error when mocking a module. If you are using "vi.mock" factory, make sure there are no top level variables inside, since this call is hoisted to top of the file. Read more: https://vitest.dev/api/vi.html#vi-mock
 ❯ ../packages/ui/src/hooks/chat-modes/normalChatMode.ts:11:1
      9| import { generateHistory } from "@/utils/generate-history"
     10| import { createImageDataUrl } from "@/utils/image-utils"
     11| import { humanMessageFormatter } from "@/utils/human-message"
       | ^
     12| import { systemPromptFormatter } from "@/utils/system-message"
     13| import type { ActorSettings } from "@/types/actor"
 ❯ ../packages/ui/src/hooks/chat/useChatActions.ts:33:1

Caused by: Error: Failed to resolve import "pa-tesseract.js" from "../packages/ui/src/utils/ocr.ts". Does the file exist?
  Plugin: vite:import-analysis
  File: /Users/macbook-dev/Documents/GitHub/tldw_server2/apps/packages/ui/src/utils/ocr.ts:2:29
  1  |  import { getOCRLanguageToUse, isOfflineOCR, isOcrEnabled } from "@/services/ocr";
  2  |  import { createWorker } from "pa-tesseract.js";
     |                                ^
  3  |  const OCR_CDN_BASE = "https://cdn.jsdelivr.net/npm/pa-tesseract.js@5.1.1/dist";
  4  |  export async function processImageForOCR(imageData) {
 ❯ TransformPluginContext._formatLog ../node_modules/.bun/vite@7.3.1+81e700f104edcbd1/node_modules/vite/dist/node/chunks/config.js:28999:43
 ❯ TransformPluginContext.error ../node_modules/.bun/vite@7.3.1+81e700f104edcbd1/node_modules/vite/dist/node/chunks/config.js:28996:14
 ❯ normalizeUrl ../node_modules/.bun/vite@7.3.1+81e700f104edcbd1/node_modules/vite/dist/node/chunks/config.js:27119:18
 ❯ ../node_modules/.bun/vite@7.3.1+81e700f104edcbd1/node_modules/vite/dist/node/chunks/config.js:27177:32
 ❯ TransformPluginContext.transform ../node_modules/.bun/vite@7.3.1+81e700f104edcbd1/node_modules/vite/dist/node/chunks/config.js:27145:4
 ❯ EnvironmentPluginContainer.transform ../node_modules/.bun/vite@7.3.1+81e700f104edcbd1/node_modules/vite/dist/node/chunks/config.js:28797:14
 ❯ loadAndTransform ../node_modules/.bun/vite@7.3.1+81e700f104edcbd1/node_modules/vite/dist/node/chunks/config.js:22670:26

⎯⎯⎯⎯⎯⎯⎯⎯⎯⎯⎯⎯⎯⎯⎯⎯⎯⎯⎯⎯⎯⎯⎯⎯[1/1]⎯


 Test Files  1 failed (1)
      Tests  no tests
   Start at  11:47:50
   Duration  1.41s (transform 485ms, setup 90ms, import 0ms, tests 0ms, environment 237ms)

