
 RUN  v4.0.18 /Users/macbook-dev/Documents/GitHub/tldw_server2/apps/tldw-frontend

 ❯ ../packages/ui/src/hooks/chat/__tests__/useChatActions.character.integration.test.tsx (29 tests | 1 failed | 28 skipped) 44ms
     × maps an actual HTTP model-not-available failure and retries the same Character turn through real streaming transport 43ms
     ↓ retries failed complete-v2 in its original conversation with the greeting and user receipts intact
     ↓ UAT103 keeps a local source diagnostic Retry in the original character conversation
     ↓ retains server branching when regenerating actual assistant content: Complete reply
     ↓ retains server branching when regenerating actual assistant content: Partial reply after interruption
     ↓ retains server branching when regenerating actual assistant content: __tldw_error__:malformed
     ↓ forwards scoped current-chat controls through the real Character transport (sampling=0)
     ↓ forwards scoped current-chat controls through the real Character transport (sampling=0.5)
     ↓ omits unset controls from the real Character request after switching to an unconfigured model scope
     ↓ retains captured model controls while a pending Character user save outlives a settings-scope change
     ↓ does not publish recovered IDs or save an old owner's partial after the lease invalidates
     ↓ preserves closed reasoning as a recoverable tracked completion with acknowledged IDs
     ↓ preserves unclosed reasoning as a recoverable tracked completion with acknowledged IDs
     ↓ preserves structured reasoning as a recoverable tracked completion with acknowledged IDs
     ↓ forwards the confirmed assistant ID from fallback success to local persistence
     ↓ forwards the confirmed assistant ID from degraded success to local persistence
     ↓ keeps tracked character routing anchored to current chat metadata when global character state is stale
     ↓ rebinds a greeting to the newly created conversation after a failed session
     ↓ handles emote commands without sending chat
     ↓ uses manual visual identity override when resolving assistant message metadata
     ↓ does not let stale overlay assistant state override the active character chat
     ↓ honors an explicit tracked character switch over the current chat metadata
     ↓ reuses the latest store character chat when greeting persistence updates before the send closure
     ↓ uses the latest store character id when the hook prop still points at another character
     ↓ passes workspace scope through when creating a character-backed chat
     ↓ strips explicit streaming emote directives and persists emote events
     ↓ preserves explicit emote metadata when recovering a failed stream
     ↓ does not duplicate recovery persistence when saved-degraded includes emote metadata
     ↓ sends emote metadata when normal persist falls back to addChatMessage

⎯⎯⎯⎯⎯⎯⎯ Failed Tests 1 ⎯⎯⎯⎯⎯⎯⎯

 FAIL  ../packages/ui/src/hooks/chat/__tests__/useChatActions.character.integration.test.tsx > useChatActions character integration > maps an actual HTTP model-not-available failure and retries the same Character turn through real streaming transport
AssertionError: [{"id":"greeting","isBot":true,"message":"Welcome","role":"assistant","messageType":"character:greeting","serverMessageId":"greeting-server","sources":[]},{"isBot":false,"role":"user","name":"You","message":"Exact user question","sources":[],"images":[],"createdAt":1789671272609,"id":"transport-2","parentMessageId":null,"serverMessageId":"user-server-1","serverMessageVersion":1},{"isBot":true,"role":"assistant","name":"Assistant","message":"__tldw_error__:{\"summary\":\"Something went wrong while talking to your tldw server.\",\"hint\":\"Try again in a moment, or open Health & diagnostics to inspect server health.\",\"detail\":\"Add or update your API key in Settings -> tldw server, then try again.\"}","sources":[],"createdAt":1789671272609,"id":"transport-1","modelName":"Assistant","parentMessageId":"transport-2","generationInfo":{"interrupted":true,"interruptionReason":"Add or update your API key in Settings -> tldw server, then try again.","interruptedAt":1789671272612}}]: expected [] to have a length of 1 but got +0

- Expected
+ Received

- 1
+ 0

 ❯ ../packages/ui/src/hooks/chat/__tests__/useChatActions.character.integration.test.tsx:372:63
    370|     })
    371|     await act(async () => { await result.current.onSubmit({ message: "…
    372|     expect(requests, JSON.stringify(result.current.messages)).toHaveLe…
       |                                                               ^
    373|     expect(decodeChatErrorPayload(result.current.messages.at(-1)!.mess…
    374|     const identity = result.current.messages.slice(0, 2).map(row => ({…

⎯⎯⎯⎯⎯⎯⎯⎯⎯⎯⎯⎯⎯⎯⎯⎯⎯⎯⎯⎯⎯⎯⎯⎯[1/1]⎯


 Test Files  1 failed (1)
      Tests  1 failed | 28 skipped (29)
   Start at  11:54:31
   Duration  1.22s (transform 498ms, setup 77ms, import 859ms, tests 44ms, environment 184ms)

