
 RUN  v4.0.18 /Users/macbook-dev/Documents/GitHub/tldw_server2/apps/tldw-frontend

 ❯ ../packages/ui/src/hooks/chat/__tests__/useChatActions.character.integration.test.tsx (34 tests | 2 failed | 28 skipped) 5071ms
     ✓ qualifies real Character stream lifetime without changing timeout policy: idle 54ms
     ✓ qualifies real Character stream lifetime without changing timeout policy: explicit-budget 3ms
     ✓ qualifies real Character stream lifetime without changing timeout policy: raw-progress 4ms
     ✓ qualifies real Character stream lifetime without changing timeout policy: caller-abort 3ms
     × qualifies real Character stream lifetime without changing timeout policy: authority-abort 5003ms
     × maps an actual HTTP model-not-available failure and retries the same Character turn through real streaming transport 2ms
     ↓ retries failed complete-v2 in its original conversation with the greeting and user receipts intact
     ↓ UAT103 keeps a local source diagnostic Retry in the original character conversation
     ↓ retains server branching when regenerating actual assistant content: Complete reply
     ↓ retains server branching when regenerating actual assistant content: Partial reply after interruption
     ↓ retains server branching when regenerating actual assistant content: __tldw_error__:malformed
     ↓ forwards scoped current-chat controls through the real Character transport (sampling=0)
     ↓ forwards scoped current-chat controls through the real Character transport (sampling=0.5)
     ↓ omits unset controls from the real Character request after switching to an unconfigured model scope
     ↓ retains captured model controls while a pending Character user save outlives a settings-scope change
     ↓ does not publish recovered IDs or save an old owner's partial after the lease invalidates
     ↓ preserves closed reasoning as a recoverable tracked completion with acknowledged IDs
     ↓ preserves unclosed reasoning as a recoverable tracked completion with acknowledged IDs
     ↓ preserves structured reasoning as a recoverable tracked completion with acknowledged IDs
     ↓ forwards the confirmed assistant ID from fallback success to local persistence
     ↓ forwards the confirmed assistant ID from degraded success to local persistence
     ↓ keeps tracked character routing anchored to current chat metadata when global character state is stale
     ↓ rebinds a greeting to the newly created conversation after a failed session
     ↓ handles emote commands without sending chat
     ↓ uses manual visual identity override when resolving assistant message metadata
     ↓ does not let stale overlay assistant state override the active character chat
     ↓ honors an explicit tracked character switch over the current chat metadata
     ↓ reuses the latest store character chat when greeting persistence updates before the send closure
     ↓ uses the latest store character id when the hook prop still points at another character
     ↓ passes workspace scope through when creating a character-backed chat
     ↓ strips explicit streaming emote directives and persists emote events
     ↓ preserves explicit emote metadata when recovering a failed stream
     ↓ does not duplicate recovery persistence when saved-degraded includes emote metadata
     ↓ sends emote metadata when normal persist falls back to addChatMessage

⎯⎯⎯⎯⎯⎯⎯ Failed Tests 2 ⎯⎯⎯⎯⎯⎯⎯

 FAIL  ../packages/ui/src/hooks/chat/__tests__/useChatActions.character.integration.test.tsx > useChatActions character integration > qualifies real Character stream lifetime without changing timeout policy: authority-abort
Error: Test timed out in 5000ms.
If this is a long-running test, pass a timeout value as the last argument or configure it globally with "testTimeout".
 ❯ ../packages/ui/src/hooks/chat/__tests__/useChatActions.character.integration.test.tsx:347:89
    345|   }
    346| 
    347|   it.each(["idle", "explicit-budget", "raw-progress", "caller-abort", …
       |                                                                                         ^
    348|     "qualifies real Character stream lifetime without changing timeout…
    349|       realErrorPersistence.enabled = true

⎯⎯⎯⎯⎯⎯⎯⎯⎯⎯⎯⎯⎯⎯⎯⎯⎯⎯⎯⎯⎯⎯⎯⎯[1/2]⎯

 FAIL  ../packages/ui/src/hooks/chat/__tests__/useChatActions.character.integration.test.tsx > useChatActions character integration > maps an actual HTTP model-not-available failure and retries the same Character turn through real streaming transport
TypeError: Cannot read properties of null (reading 'onSubmit')
 ❯ ../packages/ui/src/hooks/chat/__tests__/useChatActions.character.integration.test.tsx:442:50
    440|       return { ...actions, messages, history }
    441|     })
    442|     await act(async () => { await result.current.onSubmit({ message: "…
       |                                                  ^
    443|     expect(requests, JSON.stringify(result.current.messages)).toHaveLe…
    444|     expect(decodeChatErrorPayload(result.current.messages.at(-1)!.mess…
 ❯ ../node_modules/.bun/@testing-library+react@16.3.2+e79794b3bc7ff534/node_modules/@testing-library/react/dist/act-compat.js:47:24
 ❯ act ../node_modules/.bun/react@18.3.1/node_modules/react/cjs/react.development.js:2512:16
 ❯ Proxy.<anonymous> ../node_modules/.bun/@testing-library+react@16.3.2+e79794b3bc7ff534/node_modules/@testing-library/react/dist/act-compat.js:46:25
 ❯ ../packages/ui/src/hooks/chat/__tests__/useChatActions.character.integration.test.tsx:442:11

⎯⎯⎯⎯⎯⎯⎯⎯⎯⎯⎯⎯⎯⎯⎯⎯⎯⎯⎯⎯⎯⎯⎯⎯[2/2]⎯


 Test Files  1 failed (1)
      Tests  2 failed | 4 passed | 28 skipped (34)
   Start at  11:56:59
   Duration  6.46s (transform 609ms, setup 95ms, import 1.05s, tests 5.07s, environment 199ms)

