
 RUN  v4.0.18 /Users/macbook-dev/Documents/GitHub/tldw_server2/apps/tldw-frontend

(node:91586) ExperimentalWarning: localStorage is not available because --localstorage-file was not provided.
(Use `node --trace-warnings ...` to show where the warning was created)
(node:91588) ExperimentalWarning: localStorage is not available because --localstorage-file was not provided.
(Use `node --trace-warnings ...` to show where the warning was created)
(node:91583) ExperimentalWarning: localStorage is not available because --localstorage-file was not provided.
(Use `node --trace-warnings ...` to show where the warning was created)
(node:91585) ExperimentalWarning: localStorage is not available because --localstorage-file was not provided.
(Use `node --trace-warnings ...` to show where the warning was created)
(node:91587) ExperimentalWarning: localStorage is not available because --localstorage-file was not provided.
(Use `node --trace-warnings ...` to show where the warning was created)
(node:91584) ExperimentalWarning: localStorage is not available because --localstorage-file was not provided.
(Use `node --trace-warnings ...` to show where the warning was created)
 ✓ ../packages/ui/src/utils/__tests__/resolve-api-provider.test.ts (22 tests) 4ms
 ✓ ../packages/ui/src/utils/__tests__/chat-error-message.test.ts (17 tests) 4ms
 ✓ ../packages/ui/src/services/tldw/__tests__/TldwApiClient.configuration-guidance.test.ts (5 tests) 3ms
 ✓ ../packages/ui/src/utils/__tests__/chat-model-availability.test.ts (59 tests) 5ms
 ✓ ../packages/ui/src/components/Option/Models/__tests__/ModelsBody.model-owner.test.tsx (1 test) 173ms
 ✓ ../packages/ui/src/components/Option/Models/__tests__/ModelsBody.test.tsx (12 tests) 1023ms

 Test Files  6 passed (6)
      Tests  116 passed (116)
   Start at  11:49:07
   Duration  2.16s (transform 1.71s, setup 696ms, import 2.84s, tests 1.21s, environment 1.66s)

