✔ uses recorded session/archive and privately preserves raw command evidence (48.68575ms)
✔ redacts raw, JSON-escaped, URL-encoded, account and JWT values (23.226125ms)
✔ redacts matching PostgreSQL runtime password (23.406125ms)
✔ redacts operator-supplied provider credentials registered before UI entry (22.881584ms)
✔ replaces raw snapshot references with confined redacted text copies (23.290458ms)
✔ does not follow a snapshot symlink outside the owned archive (22.00725ms)
✔ preserves command failure exit code and sanitized diagnostics (22.221875ms)
✔ rejects owner mismatch before subprocess execution (21.483084ms)
✔ rejects session mismatch before subprocess execution (22.775833ms)
✔ rejects source mismatch before subprocess execution (22.628667ms)
✔ rejects credentials mismatch before subprocess execution (29.73875ms)
✔ rejects initialization mismatch before subprocess execution (21.920083ms)
✔ rejects mode mismatch before subprocess execution (38.509708ms)
✔ rejects session overrides and invalid run/cell values (21.912125ms)
✔ safe setup errors never print malformed credential contents (21.906375ms)
✔ subprocess infrastructure errors suppress partial output (1.670584ms)
ℹ tests 16
ℹ suites 0
ℹ pass 16
ℹ fail 0
ℹ cancelled 0
ℹ skipped 0
ℹ todo 0
ℹ duration_ms 425.168667
