node:internal/modules/esm/resolve:274
    throw new ERR_MODULE_NOT_FOUND(
          ^

Error [ERR_MODULE_NOT_FOUND]: Cannot find module '/Users/macbook-dev/Documents/GitHub/tldw_server2/.tmp/uat-next-matrix-20260916/matrix-browser.mjs' imported from /Users/macbook-dev/Documents/GitHub/tldw_server2/.tmp/uat-matrix-browser-20260917/browser-wrapper.test.mjs
    at finalizeResolution (node:internal/modules/esm/resolve:274:11)
    at moduleResolve (node:internal/modules/esm/resolve:864:10)
    at defaultResolve (node:internal/modules/esm/resolve:990:11)
    at #cachedDefaultResolve (node:internal/modules/esm/loader:735:20)
    at ModuleLoader.resolve (node:internal/modules/esm/loader:712:38)
    at ModuleLoader.getModuleJobForImport (node:internal/modules/esm/loader:310:38)
    at #link (node:internal/modules/esm/module_job:208:49) {
  code: 'ERR_MODULE_NOT_FOUND',
  url: 'file:///Users/macbook-dev/Documents/GitHub/tldw_server2/.tmp/uat-next-matrix-20260916/matrix-browser.mjs'
}

Node.js v24.6.0
✖ .tmp/uat-matrix-browser-20260917/browser-wrapper.test.mjs (25.652875ms)
ℹ tests 1
ℹ suites 0
ℹ pass 0
ℹ fail 1
ℹ cancelled 0
ℹ skipped 0
ℹ todo 0
ℹ duration_ms 28.891458

✖ failing tests:

test at .tmp/uat-matrix-browser-20260917/browser-wrapper.test.mjs:1:1
✖ .tmp/uat-matrix-browser-20260917/browser-wrapper.test.mjs (25.652875ms)
  'test failed'
