✔ uses recorded session/archive and privately preserves raw command evidence (42.00925ms)
✔ redacts raw, JSON-escaped, URL-encoded, account and JWT values (20.615208ms)
✔ redacts matching PostgreSQL runtime password (21.074917ms)
✔ redacts operator-supplied provider credentials registered before UI entry (21.93975ms)
✔ replaces raw snapshot references with confined redacted text copies (23.039167ms)
✔ does not follow a snapshot symlink outside the owned archive (22.338791ms)
✔ preserves command failure exit code and sanitized diagnostics (22.556792ms)
✔ rejects owner mismatch before subprocess execution (21.515667ms)
✔ rejects session mismatch before subprocess execution (21.304083ms)
✔ rejects source mismatch before subprocess execution (21.186958ms)
✔ rejects credentials mismatch before subprocess execution (20.904166ms)
✔ rejects initialization mismatch before subprocess execution (20.390625ms)
✔ rejects mode mismatch before subprocess execution (20.314375ms)
✔ rejects session overrides and invalid run/cell values (20.398375ms)
✔ safe setup errors never print malformed credential contents (20.066084ms)
✔ subprocess infrastructure errors suppress partial output (1.571958ms)
✔ rejects command or browser override: kill-all (1.11525ms)
✔ rejects command or browser override: close-all (1.090416ms)
✔ rejects command or browser override: attach http://synthetic.invalid (1.229292ms)
✔ rejects command or browser override: open --profile=/synthetic/foreign (1.3145ms)
✔ rejects command or browser override: open --config=/synthetic/foreign (1.304791ms)
✔ rejects command or browser override: open --persistent (1.038792ms)
✔ child environment removes host browser/config/storage and Node overrides (1.402667ms)
✔ rejects implicit local config before subprocess creation (1.60475ms)
✔ rejects implicit global config before subprocess creation (1.699417ms)
✔ supports reviewed interaction and evidence options in the owned session (96.249584ms)
ℹ tests 26
ℹ suites 0
ℹ pass 26
ℹ fail 0
ℹ cancelled 0
ℹ skipped 0
ℹ todo 0
ℹ duration_ms 482.2335
