============================= test session starts ==============================
platform darwin -- Python 3.11.13, pytest-8.4.1, pluggy-1.6.0
benchmark: 5.2.3 (defaults: timer=time.perf_counter disable_gc=False min_rounds=5 min_time=0.000005 max_time=1.0 calibration_precision=10 warmup=False warmup_iterations=100000)
Using --randomly-seed=2952425189
rootdir: /Users/macbook-dev/Documents/GitHub/tldw_server2
configfile: pyproject.toml
plugins: anyio-4.12.1, benchmark-5.2.3, locust-2.43.3, asyncio-1.1.0, xdist-3.8.0, split-0.11.0, timeout-2.4.0, randomly-4.1.0, hypothesis-6.138.2, cov-6.2.1, mock-3.14.1
asyncio: mode=Mode.AUTO, asyncio_default_fixture_loop_scope=function, asyncio_default_test_loop_scope=function
timeout: 300.0s
timeout method: thread
timeout func_only: False
collected 6 items

tldw_Server_API/tests/AuthNZ/integration/test_storage_quotas_bootstrap_postgres.py F [ 16%]
FFF                                                                      [ 66%]
tldw_Server_API/tests/AuthNZ/unit/test_pg_storage_quotas_schema.py FF    [100%]2026-09-17 11:14:47.666 | INFO     | trace= span= tp= req= job= ps=: | tldw_Server_API.app.core.config:_buffered_log:210 - Determined ACTUAL_PROJECT_ROOT for database paths: /Users/macbook-dev/Documents/GitHub/tldw_server2
2026-09-17 11:14:47.667 | INFO     | trace= span= tp= req= job= ps=: | tldw_Server_API.app.core.config:_buffered_log:210 - Early loading environment variables from: /Users/macbook-dev/Documents/GitHub/tldw_server2/tldw_Server_API/Config_Files/.env
2026-09-17 11:14:47.671 | INFO     | trace= span= tp= req= job= ps=: | tldw_Server_API.app.core.config:_buffered_log:210 - Early loading environment variables from: /Users/macbook-dev/Documents/GitHub/tldw_server2/tldw_Server_API/Config_Files/.ENV
2026-09-17 11:14:47.676 | INFO     | trace= span= tp= req= job= ps=: | tldw_Server_API.app.core.config:_buffered_log:210 - Loading environment variables from: /Users/macbook-dev/Documents/GitHub/tldw_server2/tldw_Server_API/Config_Files/.env
2026-09-17 11:14:47.680 | INFO     | trace= span= tp= req= job= ps=: | tldw_Server_API.app.core.config:_buffered_log:210 - Loading environment variables from: /Users/macbook-dev/Documents/GitHub/tldw_server2/tldw_Server_API/Config_Files/.ENV
2026-09-17 11:14:47.684 | INFO     | trace= span= tp= req= job= ps=: | tldw_Server_API.app.core.config:_buffered_log:210 - Attempting to load comprehensive config from: /Users/macbook-dev/Documents/GitHub/tldw_server2/tldw_Server_API/Config_Files/config.txt
2026-09-17 11:14:47.686 | INFO     | trace= span= tp= req= job= ps=: | tldw_Server_API.app.core.config:_buffered_log:210 - load_comprehensive_config(): Sections found in config: ['Setup', 'UI', 'Server', 'Files', 'Image-Generation', 'ACP', 'WORKSPACES', 'ACP-WORKSPACE', 'ACP-SANDBOX', 'Audit', 'Processing', 'Media-Processing', 'Chat-Dictionaries', 'Chat-Module', 'Chat-Commands', 'Chat-Templating', 'Character-Chat', 'Settings', 'Auto-Save', 'Prompts', 'Database', 'Chunking', 'Visual-RAG', 'AuthNZ', 'Streaming', 'HTTP', 'Egress', 'Embeddings', 'Claims', 'ClaimsMonitoring', 'RAG', 'Search-Agent', 'ResourceGovernor', 'Jobs', 'SlidesStandaloneHtml', 'Diarization', 'API', 'MLX', 'Local-API', 'LlamaCpp', 'STT-Settings', 'external_providers', 'TTS-Settings', 'VibeVoice', 'Audio-Quota', 'API-Routes', 'Search-Engines', 'Web-Scraper', 'Logging', 'Moderation', 'Redis', 'Web-Scraping', 'personalization', 'persona', 'persona.rbac']
2026-09-17 11:14:47.688 | INFO     | trace= span= tp= req= job= ps=: | tldw_Server_API.app.core.config:_buffered_log:210 - Ensured main SQLite database directory exists: /Users/macbook-dev/Documents/GitHub/tldw_server2/Databases
2026-09-17 11:14:47.688 | INFO     | trace= span= tp= req= job= ps=: | tldw_Server_API.app.core.config:_buffered_log:210 - Ensured user data base directory exists: Databases/user_databases
2026-09-17 11:14:47.688 | INFO     | trace= span= tp= req= job= ps=: | tldw_Server_API.app.api.v1.API_Deps.Audit_DB_Deps:shutdown_all_audit_services:1034 - Shutting down audit services for 0 instances...
2026-09-17 11:14:47.689 | INFO     | trace= span= tp= req= job= ps=: | tldw_Server_API.app.api.v1.API_Deps.Audit_DB_Deps:shutdown_all_audit_services:1091 - All audit services shut down successfully.
2026-09-17 11:14:47.700 | WARNING  | trace= span= tp= req= job= ps=: | tldw_Server_API.app.core.AuthNZ.settings:_validate_api_key:1013 - SINGLE_USER_API_KEY uses a legacy format; generate a new server-generated key for improved security.
2026-09-17 11:14:47.701 | INFO     | trace= span= tp= req= job= ps=: | tldw_Server_API.app.core.AuthNZ.settings:get_settings:1588 - Settings initialized - Auth mode: single_user, profile=local-single-user
2026-09-17 11:14:47.701 | INFO     | trace= span= tp= req= job= ps=: | tldw_Server_API.app.core.AuthNZ.db_config:_detect_backend:83 - Detected database backend: sqlite
2026-09-17 11:14:47.701 | WARNING  | trace= span= tp= req= job= ps=: | tldw_Server_API.app.core.DB_Management.db_path_utils:resolve_user_db_base_dir:491 - USER_DB_BASE_DIR not configured in tests, using isolated fallback: /private/var/folders/sn/m80n2j152t9gw3w8qwk2nykh0000gn/T/tldw_user_databases_test/default-d0cf8bfa
2026-09-17 11:14:47.703 | INFO     | trace= span= tp= req= job= ps=: | tldw_Server_API.app.core.DB_Management.Workflows_Scheduler_DB:__init__:210 - WorkflowsSchedulerDB using SQLite path: /private/var/folders/sn/m80n2j152t9gw3w8qwk2nykh0000gn/T/tldw_user_databases_test/default-d0cf8bfa/1/workflows/workflows_scheduler.db
2026-09-17 11:14:47.703 | INFO     | trace= span= tp= req= job= ps=: | tldw_Server_API.app.services.workflows_scheduler:stop:183 - Workflows recurring scheduler stopped
2026-09-17 11:14:47.703 | INFO     | trace= span= tp= req= job= ps=: | tldw_Server_API.app.api.v1.API_Deps.ChaCha_Notes_DB_Deps:close_all_chacha_db_instances:876 - Closing all cached ChaChaNotesDB instances (0)...
2026-09-17 11:14:47.703 | INFO     | trace= span= tp= req= job= ps=: | tldw_Server_API.app.api.v1.API_Deps.ChaCha_Notes_DB_Deps:close_all_chacha_db_instances:892 - All ChaChaNotesDB instances closed and cache cleared.


=================================== FAILURES ===================================
_ test_normal_fresh_and_repeated_bootstrap_creates_storage_quotas[single_user] _
tldw_Server_API/tests/AuthNZ/integration/test_storage_quotas_bootstrap_postgres.py:203: in test_normal_fresh_and_repeated_bootstrap_creates_storage_quotas
    assert result.get('ok') is True, result
E   AssertionError: {'error': 'UndefinedTableError', 'frames': [['fetchrow', 748], ['_execute', 1864], ['__execute', 1961], ['_do_execute', 2012], ['_get_statement', 432], ['prepare', 165]], 'ok': False, 'stage': 'absent_quota_read'}
E   assert False is True
E    +  where False = <built-in method get of dict object at 0x10d5c9d00>('ok')
E    +    where <built-in method get of dict object at 0x10d5c9d00> = {'error': 'UndefinedTableError', 'frames': [['fetchrow', 748], ['_execute', 1864], ['__execute', 1961], ['_do_execute', 2012], ['_get_statement', 432], ['prepare', 165]], 'ok': False, 'stage': 'absent_quota_read'}.get
---------------------------- Captured stderr setup -----------------------------
2026-09-17 11:14:22.408 | WARNING  | tldw_Server_API.app.core.DB_Management.db_path_utils:resolve_user_db_base_dir:491 - USER_DB_BASE_DIR not configured in tests, using isolated fallback: /private/var/folders/sn/m80n2j152t9gw3w8qwk2nykh0000gn/T/tldw_user_databases_test/default-d0cf8bfa
2026-09-17 11:14:22.408 | DEBUG    | tldw_Server_API.app.core.DB_Management.db_path_utils:get_user_base_directory:534 - Created user directory: /private/var/folders/sn/m80n2j152t9gw3w8qwk2nykh0000gn/T/tldw_user_databases_test/default-d0cf8bfa/1
2026-09-17 11:14:22.409 | WARNING  | tldw_Server_API.app.core.DB_Management.db_path_utils:resolve_user_db_base_dir:491 - USER_DB_BASE_DIR not configured in tests, using isolated fallback: /private/var/folders/sn/m80n2j152t9gw3w8qwk2nykh0000gn/T/tldw_user_databases_test/default-d0cf8bfa
2026-09-17 11:14:22.410 | WARNING  | tldw_Server_API.app.core.DB_Management.db_path_utils:resolve_user_db_base_dir:491 - USER_DB_BASE_DIR not configured in tests, using isolated fallback: /private/var/folders/sn/m80n2j152t9gw3w8qwk2nykh0000gn/T/tldw_user_databases_test/default-d0cf8bfa
2026-09-17 11:14:22.410 | WARNING  | tldw_Server_API.app.core.DB_Management.db_path_utils:resolve_user_db_base_dir:491 - USER_DB_BASE_DIR not configured in tests, using isolated fallback: /private/var/folders/sn/m80n2j152t9gw3w8qwk2nykh0000gn/T/tldw_user_databases_test/default-d0cf8bfa
2026-09-17 11:14:22.466 | DEBUG    | tldw_Server_API.app.core.AuthNZ.settings:_ensure_jwt_secret:899 - Single-user mode - skipping JWT secret initialization
2026-09-17 11:14:22.466 | INFO     | tldw_Server_API.app.core.AuthNZ.settings:get_settings:1588 - Settings initialized - Auth mode: single_user, profile=local-single-user
2026-09-17 11:14:22.473 | INFO     | tldw_Server_API.app.api.v1.API_Deps.ChaCha_Notes_DB_Deps:<module>:356 - Using LRUCache for ChaChaNotes DB instances (maxsize=20).
2026-09-17 11:14:22.473 | INFO     | tldw_Server_API.app.api.v1.API_Deps.ChaCha_Notes_DB_Deps:close_all_chacha_db_instances:876 - Closing all cached ChaChaNotesDB instances (0)...
2026-09-17 11:14:22.473 | INFO     | tldw_Server_API.app.api.v1.API_Deps.ChaCha_Notes_DB_Deps:close_all_chacha_db_instances:892 - All ChaChaNotesDB instances closed and cache cleared.
2026-09-17 11:14:22.486 | DEBUG    | tldw_Server_API.app.core.AuthNZ.settings:_ensure_jwt_secret:899 - Single-user mode - skipping JWT secret initialization
2026-09-17 11:14:22.487 | INFO     | tldw_Server_API.app.core.AuthNZ.settings:get_settings:1588 - Settings initialized - Auth mode: single_user, profile=local-single-user
2026-09-17 11:14:22.487 | INFO     | tldw_Server_API.app.core.AuthNZ.db_config:_detect_backend:83 - Detected database backend: sqlite
2026-09-17 11:14:22.560 | INFO     | tldw_Server_API.app.api.v1.API_Deps.Audit_DB_Deps:<module>:532 - Using cachetools.LRUCache for audit service instances (maxsize=20).
2026-09-17 11:14:22.560 | INFO     | tldw_Server_API.app.api.v1.API_Deps.Audit_DB_Deps:shutdown_all_audit_services:1034 - Shutting down audit services for 0 instances...
2026-09-17 11:14:22.560 | INFO     | tldw_Server_API.app.api.v1.API_Deps.Audit_DB_Deps:shutdown_all_audit_services:1091 - All audit services shut down successfully.
2026-09-17 11:14:22.578 | INFO     | trace= span= tp= req= job= ps=: | tldw_Server_API.app.main:<module>:1131 - Logging configured (Loguru + stdlib interception)
2026-09-17 11:14:22.597 | INFO     | trace= span= tp= req= job= ps=: | tldw_Server_API.app.core.AuthNZ.settings:get_settings:1588 - Settings initialized - Auth mode: single_user, profile=local-single-user
2026-09-17 11:14:22.597 | INFO     | trace= span= tp= req= job= ps=: | tldw_Server_API.app.core.AuthNZ.csrf_protection:add_csrf_protection:522 - CSRF Protection explicitly disabled via CSRF_ENABLED setting
2026-09-17 11:14:22.602 | INFO     | trace= span= tp= req= job= ps=: | tldw_Server_API.app.main:<module>:2622 - TEST_MODE detected: Skipping non-essential middlewares (security headers, metrics, usage logging)
2026-09-17 11:14:22.603 | INFO     | trace= span= tp= req= job= ps=: | tldw_Server_API.app.main:<module>:2826 - Docs mounted at /docs-static from /Users/macbook-dev/Documents/GitHub/tldw_server2/Docs
2026-09-17 11:14:22.604 | INFO     | trace= span= tp= req= job= ps=: | tldw_Server_API.app.api.v1.router_groups.content:iter_content_router_specs:214 - Skipping audio router imports in pytest (set MINIMAL_TEST_INCLUDE_AUDIO=1 to enable)
2026-09-17 11:14:22.624 | WARNING  | trace= span= tp= req= job= ps=: | typing_extensions:wrapper:3003 - /Users/macbook-dev/Documents/GitHub/tldw_server2/tldw_Server_API/app/api/v1/endpoints/monitoring.py:141: DeprecationWarning: 
        on_event is deprecated, use lifespan event handlers instead.

        Read more about it in the
        [FastAPI docs for Lifespan Events](https://fastapi.tiangolo.com/advanced/events/).
        
  @router.on_event("startup")
2026-09-17 11:14:22.689 | INFO     | trace= span= tp= req= job= ps=: | tldw_Server_API.app.api.v1.router_registry:register_router_specs:49 - Route disabled by policy: research
2026-09-17 11:14:22.898 | WARNING  | trace= span= tp= req= job= ps=: | pydantic._internal._fields:collect_model_fields:198 - /Users/macbook-dev/Documents/GitHub/tldw_server2/.venv/lib/python3.11/site-packages/pydantic/_internal/_fields.py:198: UserWarning: Field name "schema" in "ResponseFormatJsonSchemaSpec" shadows an attribute in parent "BaseModel"
  warnings.warn(
2026-09-17 11:14:22.940 | INFO     | trace= span= tp= req= job= ps=: | tldw_Server_API.app.core.Chat.prompt_template_manager:<module>:201 - Prompt templates directory: /Users/macbook-dev/Documents/GitHub/tldw_server2/tldw_Server_API/app/core/Chat/prompt_templates
2026-09-17 11:14:22.941 | INFO     | trace= span= tp= req= job= ps=: | tldw_Server_API.app.core.Chat.prompt_template_manager:<module>:202 - Available templates found: []
2026-09-17 11:14:22.976 | INFO     | trace= span= tp= req= job= ps=: | tldw_Server_API.app.core.Embeddings.Embeddings_Server.Embeddings_Create:exponential_backoff:1166 - ExponentialBackoff decorator configured with max_retries=3, base_delay=1s.
2026-09-17 11:14:23.159 | INFO     | trace= span= tp= req= job= ps=: | tldw_Server_API.app.api.v1.API_Deps.DB_Deps:<module>:57 - Using LRUCache for user DB instances (maxsize=100).
2026-09-17 11:14:23.565 | WARNING  | trace= span= tp= req= job= ps=: | starlette.status:__getattr__:198 - /Users/macbook-dev/.local/share/uv/python/cpython-3.11.13-macos-aarch64-none/lib/python3.11/importlib/__init__.py:126: DeprecationWarning: 'HTTP_422_UNPROCESSABLE_ENTITY' is deprecated. Use 'HTTP_422_UNPROCESSABLE_CONTENT' instead.
  return _bootstrap._gcd_import(name[level:], package, level)
2026-09-17 11:14:23.681 | WARNING  | trace= span= tp= req= job= ps=: | pydantic._internal._fields:collect_model_fields:198 - /Users/macbook-dev/Documents/GitHub/tldw_server2/.venv/lib/python3.11/site-packages/pydantic/_internal/_fields.py:198: UserWarning: Field name "register" in "CharacterExemplarLabels" shadows an attribute in parent "BaseModel"
  warnings.warn(
2026-09-17 11:14:23.989 | WARNING  | trace= span= tp= req= job= ps=: | tldw_Server_API.app.core.DB_Management.db_path_utils:resolve_user_db_base_dir:491 - USER_DB_BASE_DIR not configured in tests, using isolated fallback: /private/var/folders/sn/m80n2j152t9gw3w8qwk2nykh0000gn/T/tldw_user_databases_test/default-d0cf8bfa
2026-09-17 11:14:24.324 | WARNING  | trace= span= tp= req= job= ps=: | starlette.status:__getattr__:198 - /Users/macbook-dev/Documents/GitHub/tldw_server2/tldw_Server_API/app/core/UserProfiles/command_service.py:11: DeprecationWarning: 'HTTP_422_UNPROCESSABLE_ENTITY' is deprecated. Use 'HTTP_422_UNPROCESSABLE_CONTENT' instead.
  from tldw_Server_API.app.core.UserProfiles.error_mapping import (
2026-09-17 11:14:24.496 | WARNING  | trace= span= tp= req= job= ps=: | typing_extensions:wrapper:3003 - /Users/macbook-dev/Documents/GitHub/tldw_server2/tldw_Server_API/app/api/v1/endpoints/admin/admin_monitoring.py:192: DeprecationWarning: 
        on_event is deprecated, use lifespan event handlers instead.

        Read more about it in the
        [FastAPI docs for Lifespan Events](https://fastapi.tiangolo.com/advanced/events/).
        
  @router.on_event("startup")
2026-09-17 11:14:24.703 | WARNING  | trace= span= tp= req= job= ps=: | tldw_Server_API.app.api.v1.endpoints.admin:_mount_admin_webhook_routes:135 - Canonical admin webhook mode is off; historical webhook CRUD, test, delivery, and incident-notify routes are disabled. Explicitly select temporary compatibility or migration before use.
2026-09-17 11:14:24.970 | INFO     | trace= span= tp= req= job= ps=: | tldw_Server_API.app.main:<module>:2901 - Registered 21 minimal-test routers from router groups
2026-09-17 11:14:24.970 | INFO     | trace= span= tp= req= job= ps=: | tldw_Server_API.app.api.v1.router_groups.minimal:iter_minimal_optional_router_specs:238 - Skipping audio routers in minimal test app (set MINIMAL_TEST_INCLUDE_AUDIO=1 to enable)
2026-09-17 11:14:24.970 | INFO     | trace= span= tp= req= job= ps=: | tldw_Server_API.app.api.v1.router_groups.minimal:iter_minimal_optional_router_specs:276 - Skipping audio-jobs router in minimal test app (set MINIMAL_TEST_INCLUDE_AUDIO_JOBS=1 to enable)
2026-09-17 11:14:25.034 | WARNING  | trace= span= tp= req= job= ps=: | tldw_Server_API.app.core.DB_Management.db_path_utils:resolve_user_db_base_dir:491 - USER_DB_BASE_DIR not configured in tests, using isolated fallback: /private/var/folders/sn/m80n2j152t9gw3w8qwk2nykh0000gn/T/tldw_user_databases_test/default-d0cf8bfa
2026-09-17 11:14:25.123 | WARNING  | trace= span= tp= req= job= ps=: | importlib._bootstrap:_call_with_frames_removed:241 - <frozen importlib._bootstrap>:241: DeprecationWarning: builtin type SwigPyPacked has no __module__ attribute
2026-09-17 11:14:25.123 | WARNING  | trace= span= tp= req= job= ps=: | importlib._bootstrap:_call_with_frames_removed:241 - <frozen importlib._bootstrap>:241: DeprecationWarning: builtin type SwigPyObject has no __module__ attribute
2026-09-17 11:14:25.137 | WARNING  | trace= span= tp= req= job= ps=: | importlib._bootstrap:_call_with_frames_removed:241 - <frozen importlib._bootstrap>:241: DeprecationWarning: builtin type SwigPyPacked has no __module__ attribute
2026-09-17 11:14:25.137 | WARNING  | trace= span= tp= req= job= ps=: | importlib._bootstrap:_call_with_frames_removed:241 - <frozen importlib._bootstrap>:241: DeprecationWarning: builtin type SwigPyObject has no __module__ attribute
2026-09-17 11:14:25.677 | WARNING  | trace= span= tp= req= job= ps=: | starlette.status:__getattr__:198 - /Users/macbook-dev/.local/share/uv/python/cpython-3.11.13-macos-aarch64-none/lib/python3.11/importlib/__init__.py:126: DeprecationWarning: 'HTTP_422_UNPROCESSABLE_ENTITY' is deprecated. Use 'HTTP_422_UNPROCESSABLE_CONTENT' instead.
  return _bootstrap._gcd_import(name[level:], package, level)
2026-09-17 11:14:25.677 | WARNING  | trace= span= tp= req= job= ps=: | starlette.status:__getattr__:198 - /Users/macbook-dev/.local/share/uv/python/cpython-3.11.13-macos-aarch64-none/lib/python3.11/importlib/__init__.py:126: DeprecationWarning: 'HTTP_422_UNPROCESSABLE_ENTITY' is deprecated. Use 'HTTP_422_UNPROCESSABLE_CONTENT' instead.
  return _bootstrap._gcd_import(name[level:], package, level)
2026-09-17 11:14:26.271 | WARNING  | trace= span= tp= req= job= ps=: | starlette.status:__getattr__:198 - /Users/macbook-dev/.local/share/uv/python/cpython-3.11.13-macos-aarch64-none/lib/python3.11/importlib/__init__.py:126: DeprecationWarning: 'HTTP_422_UNPROCESSABLE_ENTITY' is deprecated. Use 'HTTP_422_UNPROCESSABLE_CONTENT' instead.
  return _bootstrap._gcd_import(name[level:], package, level)
2026-09-17 11:14:26.271 | WARNING  | trace= span= tp= req= job= ps=: | starlette.status:__getattr__:198 - /Users/macbook-dev/.local/share/uv/python/cpython-3.11.13-macos-aarch64-none/lib/python3.11/importlib/__init__.py:126: DeprecationWarning: 'HTTP_422_UNPROCESSABLE_ENTITY' is deprecated. Use 'HTTP_422_UNPROCESSABLE_CONTENT' instead.
  return _bootstrap._gcd_import(name[level:], package, level)
2026-09-17 11:14:26.272 | WARNING  | trace= span= tp= req= job= ps=: | starlette.status:__getattr__:198 - /Users/macbook-dev/.local/share/uv/python/cpython-3.11.13-macos-aarch64-none/lib/python3.11/importlib/__init__.py:126: DeprecationWarning: 'HTTP_422_UNPROCESSABLE_ENTITY' is deprecated. Use 'HTTP_422_UNPROCESSABLE_CONTENT' instead.
  return _bootstrap._gcd_import(name[level:], package, level)
2026-09-17 11:14:26.272 | WARNING  | trace= span= tp= req= job= ps=: | starlette.status:__getattr__:198 - /Users/macbook-dev/.local/share/uv/python/cpython-3.11.13-macos-aarch64-none/lib/python3.11/importlib/__init__.py:126: DeprecationWarning: 'HTTP_422_UNPROCESSABLE_ENTITY' is deprecated. Use 'HTTP_422_UNPROCESSABLE_CONTENT' instead.
  return _bootstrap._gcd_import(name[level:], package, level)
2026-09-17 11:14:26.272 | WARNING  | trace= span= tp= req= job= ps=: | starlette.status:__getattr__:198 - /Users/macbook-dev/.local/share/uv/python/cpython-3.11.13-macos-aarch64-none/lib/python3.11/importlib/__init__.py:126: DeprecationWarning: 'HTTP_422_UNPROCESSABLE_ENTITY' is deprecated. Use 'HTTP_422_UNPROCESSABLE_CONTENT' instead.
  return _bootstrap._gcd_import(name[level:], package, level)
2026-09-17 11:14:26.272 | WARNING  | trace= span= tp= req= job= ps=: | starlette.status:__getattr__:198 - /Users/macbook-dev/.local/share/uv/python/cpython-3.11.13-macos-aarch64-none/lib/python3.11/importlib/__init__.py:126: DeprecationWarning: 'HTTP_422_UNPROCESSABLE_ENTITY' is deprecated. Use 'HTTP_422_UNPROCESSABLE_CONTENT' instead.
  return _bootstrap._gcd_import(name[level:], package, level)
2026-09-17 11:14:26.272 | WARNING  | trace= span= tp= req= job= ps=: | starlette.status:__getattr__:198 - /Users/macbook-dev/.local/share/uv/python/cpython-3.11.13-macos-aarch64-none/lib/python3.11/importlib/__init__.py:126: DeprecationWarning: 'HTTP_422_UNPROCESSABLE_ENTITY' is deprecated. Use 'HTTP_422_UNPROCESSABLE_CONTENT' instead.
  return _bootstrap._gcd_import(name[level:], package, level)
2026-09-17 11:14:26.272 | WARNING  | trace= span= tp= req= job= ps=: | starlette.status:__getattr__:198 - /Users/macbook-dev/.local/share/uv/python/cpython-3.11.13-macos-aarch64-none/lib/python3.11/importlib/__init__.py:126: DeprecationWarning: 'HTTP_422_UNPROCESSABLE_ENTITY' is deprecated. Use 'HTTP_422_UNPROCESSABLE_CONTENT' instead.
  return _bootstrap._gcd_import(name[level:], package, level)
2026-09-17 11:14:26.511 | INFO     | trace= span= tp= req= job= ps=: | tldw_Server_API.app.core.Evaluations.config_manager:_apply_environment_overrides:235 - Applying development environment overrides
2026-09-17 11:14:26.511 | INFO     | trace= span= tp= req= job= ps=: | tldw_Server_API.app.core.Evaluations.config_manager:_parse_rate_limit_configs:274 - Loaded 5 rate limit tier configurations
2026-09-17 11:14:26.511 | INFO     | trace= span= tp= req= job= ps=: | tldw_Server_API.app.core.Evaluations.config_manager:_parse_circuit_breaker_configs:289 - Loaded 6 circuit breaker configurations
2026-09-17 11:14:26.511 | INFO     | trace= span= tp= req= job= ps=: | tldw_Server_API.app.core.Evaluations.config_manager:load_config:221 - Configuration loaded successfully from /Users/macbook-dev/Documents/GitHub/tldw_server2/tldw_Server_API/Config_Files/evaluations_config.yaml
2026-09-17 11:14:26.511 | INFO     | trace= span= tp= req= job= ps=: | tldw_Server_API.app.core.Evaluations.config_manager:load_config:222 - Environment: development
2026-09-17 11:14:26.513 | WARNING  | trace= span= tp= req= job= ps=: | tldw_Server_API.app.core.DB_Management.db_path_utils:resolve_user_db_base_dir:491 - USER_DB_BASE_DIR not configured in tests, using isolated fallback: /private/var/folders/sn/m80n2j152t9gw3w8qwk2nykh0000gn/T/tldw_user_databases_test/default-d0cf8bfa
2026-09-17 11:14:26.514 | WARNING  | trace= span= tp= req= job= ps=: | tldw_Server_API.app.core.DB_Management.db_path_utils:resolve_user_db_base_dir:491 - USER_DB_BASE_DIR not configured in tests, using isolated fallback: /private/var/folders/sn/m80n2j152t9gw3w8qwk2nykh0000gn/T/tldw_user_databases_test/default-d0cf8bfa
2026-09-17 11:14:26.591 | INFO     | trace= span= tp= req= job= ps=: | tldw_Server_API.app.core.Evaluations.benchmark_registry:register:315 - Registered benchmark: simpleqa
2026-09-17 11:14:26.591 | INFO     | trace= span= tp= req= job= ps=: | tldw_Server_API.app.core.Evaluations.benchmark_registry:register:315 - Registered benchmark: simpleqa_verified
2026-09-17 11:14:26.591 | INFO     | trace= span= tp= req= job= ps=: | tldw_Server_API.app.core.Evaluations.benchmark_registry:register:315 - Registered benchmark: bullshit_benchmark
2026-09-17 11:14:26.591 | INFO     | trace= span= tp= req= job= ps=: | tldw_Server_API.app.core.Evaluations.benchmark_registry:register:315 - Registered benchmark: mmlu_pro
2026-09-17 11:14:26.591 | INFO     | trace= span= tp= req= job= ps=: | tldw_Server_API.app.core.Evaluations.benchmark_registry:register:315 - Registered benchmark: gpqa_diamond
2026-09-17 11:14:26.591 | INFO     | trace= span= tp= req= job= ps=: | tldw_Server_API.app.core.Evaluations.benchmark_registry:register:315 - Registered benchmark: simple_bench
2026-09-17 11:14:26.591 | INFO     | trace= span= tp= req= job= ps=: | tldw_Server_API.app.core.Evaluations.benchmark_registry:register:315 - Registered benchmark: aider_polyglot
2026-09-17 11:14:26.591 | INFO     | trace= span= tp= req= job= ps=: | tldw_Server_API.app.core.Evaluations.benchmark_registry:register:315 - Registered benchmark: bfcl
2026-09-17 11:14:26.591 | INFO     | trace= span= tp= req= job= ps=: | tldw_Server_API.app.core.Evaluations.benchmark_registry:register:315 - Registered benchmark: mask
2026-09-17 11:14:26.591 | INFO     | trace= span= tp= req= job= ps=: | tldw_Server_API.app.core.Evaluations.benchmark_registry:register:315 - Registered benchmark: vending_bench
2026-09-17 11:14:26.591 | INFO     | trace= span= tp= req= job= ps=: | tldw_Server_API.app.core.Evaluations.benchmark_registry:register:315 - Registered benchmark: swe_bench
2026-09-17 11:14:26.827 | WARNING  | trace= span= tp= req= job= ps=: | starlette.status:__getattr__:198 - /Users/macbook-dev/Documents/GitHub/tldw_server2/tldw_Server_API/app/api/v1/endpoints/sharing.py:120: DeprecationWarning: 'HTTP_422_UNPROCESSABLE_ENTITY' is deprecated. Use 'HTTP_422_UNPROCESSABLE_CONTENT' instead.
  from ..utils.prototype_error_contract import (
2026-09-17 11:14:26.827 | WARNING  | trace= span= tp= req= job= ps=: | starlette.status:__getattr__:198 - /Users/macbook-dev/Documents/GitHub/tldw_server2/tldw_Server_API/app/api/v1/endpoints/sharing.py:120: DeprecationWarning: 'HTTP_422_UNPROCESSABLE_ENTITY' is deprecated. Use 'HTTP_422_UNPROCESSABLE_CONTENT' instead.
  from ..utils.prototype_error_contract import (
2026-09-17 11:14:26.870 | WARNING  | trace= span= tp= req= job= ps=: | starlette.status:__getattr__:198 - /Users/macbook-dev/.local/share/uv/python/cpython-3.11.13-macos-aarch64-none/lib/python3.11/importlib/__init__.py:126: DeprecationWarning: 'HTTP_422_UNPROCESSABLE_ENTITY' is deprecated. Use 'HTTP_422_UNPROCESSABLE_CONTENT' instead.
  return _bootstrap._gcd_import(name[level:], package, level)
2026-09-17 11:14:26.871 | WARNING  | trace= span= tp= req= job= ps=: | starlette.status:__getattr__:198 - /Users/macbook-dev/.local/share/uv/python/cpython-3.11.13-macos-aarch64-none/lib/python3.11/importlib/__init__.py:126: DeprecationWarning: 'HTTP_422_UNPROCESSABLE_ENTITY' is deprecated. Use 'HTTP_422_UNPROCESSABLE_CONTENT' instead.
  return _bootstrap._gcd_import(name[level:], package, level)
2026-09-17 11:14:26.871 | WARNING  | trace= span= tp= req= job= ps=: | starlette.status:__getattr__:198 - /Users/macbook-dev/.local/share/uv/python/cpython-3.11.13-macos-aarch64-none/lib/python3.11/importlib/__init__.py:126: DeprecationWarning: 'HTTP_422_UNPROCESSABLE_ENTITY' is deprecated. Use 'HTTP_422_UNPROCESSABLE_CONTENT' instead.
  return _bootstrap._gcd_import(name[level:], package, level)
2026-09-17 11:14:29.146 | WARNING  | trace= span= tp= req= job= ps=: | typing_extensions:wrapper:3003 - /Users/macbook-dev/Documents/GitHub/tldw_server2/tldw_Server_API/app/api/v1/endpoints/sandbox.py:217: DeprecationWarning: 
        on_event is deprecated, use lifespan event handlers instead.

        Read more about it in the
        [FastAPI docs for Lifespan Events](https://fastapi.tiangolo.com/advanced/events/).
        
  @router.on_event("startup")
2026-09-17 11:14:29.146 | WARNING  | trace= span= tp= req= job= ps=: | typing_extensions:wrapper:3003 - /Users/macbook-dev/Documents/GitHub/tldw_server2/tldw_Server_API/app/api/v1/endpoints/sandbox.py:223: DeprecationWarning: 
        on_event is deprecated, use lifespan event handlers instead.

        Read more about it in the
        [FastAPI docs for Lifespan Events](https://fastapi.tiangolo.com/advanced/events/).
        
  @router.on_event("shutdown")
2026-09-17 11:14:29.179 | INFO     | trace= span= tp= req= job= ps=: | tldw_Server_API.app.main:<module>:2903 - Registered 99 optional minimal-test routers from router groups
2026-09-17 11:14:29.184 | INFO     | trace= span= tp= req= job= ps=: | tldw_Server_API.app.core.AuthNZ.csrf_protection:__init__:281 - CSRF Protection Middleware initialized (enabled=False)
--------------------------- Captured stderr teardown ---------------------------
2026-09-17 11:14:31.292 | INFO     | trace= span= tp= req= job= ps=: | tldw_Server_API.app.core.AuthNZ.settings:get_settings:1588 - Settings initialized - Auth mode: single_user, profile=local-single-user
2026-09-17 11:14:31.292 | INFO     | trace= span= tp= req= job= ps=: | tldw_Server_API.app.core.AuthNZ.db_config:_detect_backend:83 - Detected database backend: sqlite
2026-09-17 11:14:31.292 | WARNING  | trace= span= tp= req= job= ps=: | tldw_Server_API.app.core.Audit.unified_audit_service:shutdown_audit_service:3978 - /Users/macbook-dev/Documents/GitHub/tldw_server2/tldw_Server_API/tests/AuthNZ/conftest.py:587: DeprecationWarning: Global shutdown is deprecated. Use: from tldw_Server_API.app.api.v1.API_Deps.Audit_DB_Deps import shutdown_all_audit_services
  await shutdown_audit_service()
2026-09-17 11:14:31.293 | INFO     | trace= span= tp= req= job= ps=: | tldw_Server_API.app.api.v1.API_Deps.Audit_DB_Deps:shutdown_all_audit_services:1034 - Shutting down audit services for 0 instances...
2026-09-17 11:14:31.293 | INFO     | trace= span= tp= req= job= ps=: | tldw_Server_API.app.api.v1.API_Deps.Audit_DB_Deps:shutdown_all_audit_services:1091 - All audit services shut down successfully.
2026-09-17 11:14:31.293 | INFO     | trace= span= tp= req= job= ps=: | tldw_Server_API.app.api.v1.API_Deps.ChaCha_Notes_DB_Deps:close_all_chacha_db_instances:876 - Closing all cached ChaChaNotesDB instances (0)...
2026-09-17 11:14:31.293 | INFO     | trace= span= tp= req= job= ps=: | tldw_Server_API.app.api.v1.API_Deps.ChaCha_Notes_DB_Deps:close_all_chacha_db_instances:892 - All ChaChaNotesDB instances closed and cache cleared.
2026-09-17 11:14:31.294 | INFO     | trace= span= tp= req= job= ps=: | tldw_Server_API.app.api.v1.API_Deps.ChaCha_Notes_DB_Deps:close_all_chacha_db_instances:876 - Closing all cached ChaChaNotesDB instances (0)...
2026-09-17 11:14:31.294 | INFO     | trace= span= tp= req= job= ps=: | tldw_Server_API.app.api.v1.API_Deps.ChaCha_Notes_DB_Deps:close_all_chacha_db_instances:892 - All ChaChaNotesDB instances closed and cache cleared.
2026-09-17 11:14:31.294 | INFO     | trace= span= tp= req= job= ps=: | tldw_Server_API.app.api.v1.API_Deps.ChaCha_Notes_DB_Deps:close_all_chacha_db_instances:876 - Closing all cached ChaChaNotesDB instances (0)...
2026-09-17 11:14:31.294 | INFO     | trace= span= tp= req= job= ps=: | tldw_Server_API.app.api.v1.API_Deps.ChaCha_Notes_DB_Deps:close_all_chacha_db_instances:892 - All ChaChaNotesDB instances closed and cache cleared.
__ test_restricted_storage_quota_crud_constraints_and_admission[constraints] ___
tldw_Server_API/tests/AuthNZ/integration/test_storage_quotas_bootstrap_postgres.py:213: in test_restricted_storage_quota_crud_constraints_and_admission
    assert result.get('ok') is True, result
E   AssertionError: {'error': 'UndefinedTableError', 'frames': [['fetchrow', 748], ['_execute', 1864], ['__execute', 1961], ['_do_execute', 2012], ['_get_statement', 432], ['prepare', 165]], 'ok': False, 'stage': 'absent_quota_read'}
E   assert False is True
E    +  where False = <built-in method get of dict object at 0x1293f6a80>('ok')
E    +    where <built-in method get of dict object at 0x1293f6a80> = {'error': 'UndefinedTableError', 'frames': [['fetchrow', 748], ['_execute', 1864], ['__execute', 1961], ['_do_execute', 2012], ['_get_statement', 432], ['prepare', 165]], 'ok': False, 'stage': 'absent_quota_read'}.get
---------------------------- Captured stderr setup -----------------------------
2026-09-17 11:14:31.296 | INFO     | trace= span= tp= req= job= ps=: | tldw_Server_API.app.core.config:_buffered_log:210 - Determined ACTUAL_PROJECT_ROOT for database paths: /Users/macbook-dev/Documents/GitHub/tldw_server2
2026-09-17 11:14:31.297 | INFO     | trace= span= tp= req= job= ps=: | tldw_Server_API.app.core.config:_buffered_log:210 - Early loading environment variables from: /Users/macbook-dev/Documents/GitHub/tldw_server2/tldw_Server_API/Config_Files/.env
2026-09-17 11:14:31.301 | INFO     | trace= span= tp= req= job= ps=: | tldw_Server_API.app.core.config:_buffered_log:210 - Early loading environment variables from: /Users/macbook-dev/Documents/GitHub/tldw_server2/tldw_Server_API/Config_Files/.ENV
2026-09-17 11:14:31.306 | INFO     | trace= span= tp= req= job= ps=: | tldw_Server_API.app.core.config:_buffered_log:210 - Loading environment variables from: /Users/macbook-dev/Documents/GitHub/tldw_server2/tldw_Server_API/Config_Files/.env
2026-09-17 11:14:31.311 | INFO     | trace= span= tp= req= job= ps=: | tldw_Server_API.app.core.config:_buffered_log:210 - Loading environment variables from: /Users/macbook-dev/Documents/GitHub/tldw_server2/tldw_Server_API/Config_Files/.ENV
2026-09-17 11:14:31.316 | INFO     | trace= span= tp= req= job= ps=: | tldw_Server_API.app.core.config:_buffered_log:210 - Attempting to load comprehensive config from: /Users/macbook-dev/Documents/GitHub/tldw_server2/tldw_Server_API/Config_Files/config.txt
2026-09-17 11:14:31.318 | INFO     | trace= span= tp= req= job= ps=: | tldw_Server_API.app.core.config:_buffered_log:210 - load_comprehensive_config(): Sections found in config: ['Setup', 'UI', 'Server', 'Files', 'Image-Generation', 'ACP', 'WORKSPACES', 'ACP-WORKSPACE', 'ACP-SANDBOX', 'Audit', 'Processing', 'Media-Processing', 'Chat-Dictionaries', 'Chat-Module', 'Chat-Commands', 'Chat-Templating', 'Character-Chat', 'Settings', 'Auto-Save', 'Prompts', 'Database', 'Chunking', 'Visual-RAG', 'AuthNZ', 'Streaming', 'HTTP', 'Egress', 'Embeddings', 'Claims', 'ClaimsMonitoring', 'RAG', 'Search-Agent', 'ResourceGovernor', 'Jobs', 'SlidesStandaloneHtml', 'Diarization', 'API', 'MLX', 'Local-API', 'LlamaCpp', 'STT-Settings', 'external_providers', 'TTS-Settings', 'VibeVoice', 'Audio-Quota', 'API-Routes', 'Search-Engines', 'Web-Scraper', 'Logging', 'Moderation', 'Redis', 'Web-Scraping', 'personalization', 'persona', 'persona.rbac']
2026-09-17 11:14:31.320 | INFO     | trace= span= tp= req= job= ps=: | tldw_Server_API.app.core.config:_buffered_log:210 - Ensured main SQLite database directory exists: /Users/macbook-dev/Documents/GitHub/tldw_server2/Databases
2026-09-17 11:14:31.321 | INFO     | trace= span= tp= req= job= ps=: | tldw_Server_API.app.core.config:_buffered_log:210 - Ensured user data base directory exists: Databases/user_databases
2026-09-17 11:14:31.321 | INFO     | trace= span= tp= req= job= ps=: | tldw_Server_API.app.api.v1.API_Deps.ChaCha_Notes_DB_Deps:close_all_chacha_db_instances:876 - Closing all cached ChaChaNotesDB instances (0)...
2026-09-17 11:14:31.321 | INFO     | trace= span= tp= req= job= ps=: | tldw_Server_API.app.api.v1.API_Deps.ChaCha_Notes_DB_Deps:close_all_chacha_db_instances:892 - All ChaChaNotesDB instances closed and cache cleared.
2026-09-17 11:14:31.333 | INFO     | trace= span= tp= req= job= ps=: | tldw_Server_API.app.core.AuthNZ.settings:get_settings:1588 - Settings initialized - Auth mode: single_user, profile=local-single-user
2026-09-17 11:14:31.333 | INFO     | trace= span= tp= req= job= ps=: | tldw_Server_API.app.core.AuthNZ.db_config:_detect_backend:83 - Detected database backend: sqlite
2026-09-17 11:14:31.333 | INFO     | trace= span= tp= req= job= ps=: | tldw_Server_API.app.api.v1.API_Deps.Audit_DB_Deps:shutdown_all_audit_services:1034 - Shutting down audit services for 0 instances...
2026-09-17 11:14:31.333 | INFO     | trace= span= tp= req= job= ps=: | tldw_Server_API.app.api.v1.API_Deps.Audit_DB_Deps:shutdown_all_audit_services:1091 - All audit services shut down successfully.
2026-09-17 11:14:31.337 | INFO     | trace= span= tp= req= job= ps=: | tldw_Server_API.app.main:<module>:1131 - Logging configured (Loguru + stdlib interception)
2026-09-17 11:14:31.351 | INFO     | trace= span= tp= req= job= ps=: | tldw_Server_API.app.core.AuthNZ.settings:get_settings:1588 - Settings initialized - Auth mode: single_user, profile=local-single-user
2026-09-17 11:14:31.352 | INFO     | trace= span= tp= req= job= ps=: | tldw_Server_API.app.core.AuthNZ.csrf_protection:add_csrf_protection:522 - CSRF Protection explicitly disabled via CSRF_ENABLED setting
2026-09-17 11:14:31.352 | INFO     | trace= span= tp= req= job= ps=: | tldw_Server_API.app.main:<module>:2622 - TEST_MODE detected: Skipping non-essential middlewares (security headers, metrics, usage logging)
2026-09-17 11:14:31.352 | INFO     | trace= span= tp= req= job= ps=: | tldw_Server_API.app.main:<module>:2826 - Docs mounted at /docs-static from /Users/macbook-dev/Documents/GitHub/tldw_server2/Docs
2026-09-17 11:14:31.353 | INFO     | trace= span= tp= req= job= ps=: | tldw_Server_API.app.api.v1.router_groups.content:iter_content_router_specs:214 - Skipping audio router imports in pytest (set MINIMAL_TEST_INCLUDE_AUDIO=1 to enable)
2026-09-17 11:14:31.368 | INFO     | trace= span= tp= req= job= ps=: | tldw_Server_API.app.api.v1.router_registry:register_router_specs:49 - Route disabled by policy: research
2026-09-17 11:14:31.740 | INFO     | trace= span= tp= req= job= ps=: | tldw_Server_API.app.main:<module>:2901 - Registered 21 minimal-test routers from router groups
2026-09-17 11:14:31.740 | INFO     | trace= span= tp= req= job= ps=: | tldw_Server_API.app.api.v1.router_groups.minimal:iter_minimal_optional_router_specs:238 - Skipping audio routers in minimal test app (set MINIMAL_TEST_INCLUDE_AUDIO=1 to enable)
2026-09-17 11:14:31.740 | INFO     | trace= span= tp= req= job= ps=: | tldw_Server_API.app.api.v1.router_groups.minimal:iter_minimal_optional_router_specs:276 - Skipping audio-jobs router in minimal test app (set MINIMAL_TEST_INCLUDE_AUDIO_JOBS=1 to enable)
2026-09-17 11:14:33.200 | INFO     | trace= span= tp= req= job= ps=: | tldw_Server_API.app.main:<module>:2903 - Registered 99 optional minimal-test routers from router groups
2026-09-17 11:14:33.204 | INFO     | trace= span= tp= req= job= ps=: | tldw_Server_API.app.core.AuthNZ.csrf_protection:__init__:281 - CSRF Protection Middleware initialized (enabled=False)
--------------------------- Captured stderr teardown ---------------------------
2026-09-17 11:14:35.168 | INFO     | trace= span= tp= req= job= ps=: | tldw_Server_API.app.core.AuthNZ.settings:get_settings:1588 - Settings initialized - Auth mode: single_user, profile=local-single-user
2026-09-17 11:14:35.168 | INFO     | trace= span= tp= req= job= ps=: | tldw_Server_API.app.core.AuthNZ.db_config:_detect_backend:83 - Detected database backend: sqlite
2026-09-17 11:14:35.168 | INFO     | trace= span= tp= req= job= ps=: | tldw_Server_API.app.api.v1.API_Deps.Audit_DB_Deps:shutdown_all_audit_services:1034 - Shutting down audit services for 0 instances...
2026-09-17 11:14:35.168 | INFO     | trace= span= tp= req= job= ps=: | tldw_Server_API.app.api.v1.API_Deps.Audit_DB_Deps:shutdown_all_audit_services:1091 - All audit services shut down successfully.
2026-09-17 11:14:35.168 | INFO     | trace= span= tp= req= job= ps=: | tldw_Server_API.app.api.v1.API_Deps.ChaCha_Notes_DB_Deps:close_all_chacha_db_instances:876 - Closing all cached ChaChaNotesDB instances (0)...
2026-09-17 11:14:35.168 | INFO     | trace= span= tp= req= job= ps=: | tldw_Server_API.app.api.v1.API_Deps.ChaCha_Notes_DB_Deps:close_all_chacha_db_instances:892 - All ChaChaNotesDB instances closed and cache cleared.
2026-09-17 11:14:35.169 | INFO     | trace= span= tp= req= job= ps=: | tldw_Server_API.app.api.v1.API_Deps.ChaCha_Notes_DB_Deps:close_all_chacha_db_instances:876 - Closing all cached ChaChaNotesDB instances (0)...
2026-09-17 11:14:35.169 | INFO     | trace= span= tp= req= job= ps=: | tldw_Server_API.app.api.v1.API_Deps.ChaCha_Notes_DB_Deps:close_all_chacha_db_instances:892 - All ChaChaNotesDB instances closed and cache cleared.
2026-09-17 11:14:35.169 | INFO     | trace= span= tp= req= job= ps=: | tldw_Server_API.app.api.v1.API_Deps.ChaCha_Notes_DB_Deps:close_all_chacha_db_instances:876 - Closing all cached ChaChaNotesDB instances (0)...
2026-09-17 11:14:35.170 | INFO     | trace= span= tp= req= job= ps=: | tldw_Server_API.app.api.v1.API_Deps.ChaCha_Notes_DB_Deps:close_all_chacha_db_instances:892 - All ChaChaNotesDB instances closed and cache cleared.
_ test_normal_fresh_and_repeated_bootstrap_creates_storage_quotas[multi_user] __
tldw_Server_API/tests/AuthNZ/integration/test_storage_quotas_bootstrap_postgres.py:203: in test_normal_fresh_and_repeated_bootstrap_creates_storage_quotas
    assert result.get('ok') is True, result
E   AssertionError: {'error': 'UndefinedTableError', 'frames': [['fetchrow', 748], ['_execute', 1864], ['__execute', 1961], ['_do_execute', 2012], ['_get_statement', 432], ['prepare', 165]], 'ok': False, 'stage': 'absent_quota_read'}
E   assert False is True
E    +  where False = <built-in method get of dict object at 0x12deef400>('ok')
E    +    where <built-in method get of dict object at 0x12deef400> = {'error': 'UndefinedTableError', 'frames': [['fetchrow', 748], ['_execute', 1864], ['__execute', 1961], ['_do_execute', 2012], ['_get_statement', 432], ['prepare', 165]], 'ok': False, 'stage': 'absent_quota_read'}.get
---------------------------- Captured stderr setup -----------------------------
2026-09-17 11:14:35.171 | INFO     | trace= span= tp= req= job= ps=: | tldw_Server_API.app.core.config:_buffered_log:210 - Determined ACTUAL_PROJECT_ROOT for database paths: /Users/macbook-dev/Documents/GitHub/tldw_server2
2026-09-17 11:14:35.172 | INFO     | trace= span= tp= req= job= ps=: | tldw_Server_API.app.core.config:_buffered_log:210 - Early loading environment variables from: /Users/macbook-dev/Documents/GitHub/tldw_server2/tldw_Server_API/Config_Files/.env
2026-09-17 11:14:35.177 | INFO     | trace= span= tp= req= job= ps=: | tldw_Server_API.app.core.config:_buffered_log:210 - Early loading environment variables from: /Users/macbook-dev/Documents/GitHub/tldw_server2/tldw_Server_API/Config_Files/.ENV
2026-09-17 11:14:35.182 | INFO     | trace= span= tp= req= job= ps=: | tldw_Server_API.app.core.config:_buffered_log:210 - Loading environment variables from: /Users/macbook-dev/Documents/GitHub/tldw_server2/tldw_Server_API/Config_Files/.env
2026-09-17 11:14:35.186 | INFO     | trace= span= tp= req= job= ps=: | tldw_Server_API.app.core.config:_buffered_log:210 - Loading environment variables from: /Users/macbook-dev/Documents/GitHub/tldw_server2/tldw_Server_API/Config_Files/.ENV
2026-09-17 11:14:35.191 | INFO     | trace= span= tp= req= job= ps=: | tldw_Server_API.app.core.config:_buffered_log:210 - Attempting to load comprehensive config from: /Users/macbook-dev/Documents/GitHub/tldw_server2/tldw_Server_API/Config_Files/config.txt
2026-09-17 11:14:35.193 | INFO     | trace= span= tp= req= job= ps=: | tldw_Server_API.app.core.config:_buffered_log:210 - load_comprehensive_config(): Sections found in config: ['Setup', 'UI', 'Server', 'Files', 'Image-Generation', 'ACP', 'WORKSPACES', 'ACP-WORKSPACE', 'ACP-SANDBOX', 'Audit', 'Processing', 'Media-Processing', 'Chat-Dictionaries', 'Chat-Module', 'Chat-Commands', 'Chat-Templating', 'Character-Chat', 'Settings', 'Auto-Save', 'Prompts', 'Database', 'Chunking', 'Visual-RAG', 'AuthNZ', 'Streaming', 'HTTP', 'Egress', 'Embeddings', 'Claims', 'ClaimsMonitoring', 'RAG', 'Search-Agent', 'ResourceGovernor', 'Jobs', 'SlidesStandaloneHtml', 'Diarization', 'API', 'MLX', 'Local-API', 'LlamaCpp', 'STT-Settings', 'external_providers', 'TTS-Settings', 'VibeVoice', 'Audio-Quota', 'API-Routes', 'Search-Engines', 'Web-Scraper', 'Logging', 'Moderation', 'Redis', 'Web-Scraping', 'personalization', 'persona', 'persona.rbac']
2026-09-17 11:14:35.195 | INFO     | trace= span= tp= req= job= ps=: | tldw_Server_API.app.core.config:_buffered_log:210 - Ensured main SQLite database directory exists: /Users/macbook-dev/Documents/GitHub/tldw_server2/Databases
2026-09-17 11:14:35.195 | INFO     | trace= span= tp= req= job= ps=: | tldw_Server_API.app.core.config:_buffered_log:210 - Ensured user data base directory exists: Databases/user_databases
2026-09-17 11:14:35.195 | INFO     | trace= span= tp= req= job= ps=: | tldw_Server_API.app.api.v1.API_Deps.ChaCha_Notes_DB_Deps:close_all_chacha_db_instances:876 - Closing all cached ChaChaNotesDB instances (0)...
2026-09-17 11:14:35.195 | INFO     | trace= span= tp= req= job= ps=: | tldw_Server_API.app.api.v1.API_Deps.ChaCha_Notes_DB_Deps:close_all_chacha_db_instances:892 - All ChaChaNotesDB instances closed and cache cleared.
2026-09-17 11:14:35.207 | INFO     | trace= span= tp= req= job= ps=: | tldw_Server_API.app.core.AuthNZ.settings:get_settings:1588 - Settings initialized - Auth mode: single_user, profile=local-single-user
2026-09-17 11:14:35.207 | INFO     | trace= span= tp= req= job= ps=: | tldw_Server_API.app.core.AuthNZ.db_config:_detect_backend:83 - Detected database backend: sqlite
2026-09-17 11:14:35.207 | INFO     | trace= span= tp= req= job= ps=: | tldw_Server_API.app.api.v1.API_Deps.Audit_DB_Deps:shutdown_all_audit_services:1034 - Shutting down audit services for 0 instances...
2026-09-17 11:14:35.207 | INFO     | trace= span= tp= req= job= ps=: | tldw_Server_API.app.api.v1.API_Deps.Audit_DB_Deps:shutdown_all_audit_services:1091 - All audit services shut down successfully.
2026-09-17 11:14:35.212 | INFO     | trace= span= tp= req= job= ps=: | tldw_Server_API.app.main:<module>:1131 - Logging configured (Loguru + stdlib interception)
2026-09-17 11:14:35.226 | INFO     | trace= span= tp= req= job= ps=: | tldw_Server_API.app.core.AuthNZ.settings:get_settings:1588 - Settings initialized - Auth mode: single_user, profile=local-single-user
2026-09-17 11:14:35.226 | INFO     | trace= span= tp= req= job= ps=: | tldw_Server_API.app.core.AuthNZ.csrf_protection:add_csrf_protection:522 - CSRF Protection explicitly disabled via CSRF_ENABLED setting
2026-09-17 11:14:35.226 | INFO     | trace= span= tp= req= job= ps=: | tldw_Server_API.app.main:<module>:2622 - TEST_MODE detected: Skipping non-essential middlewares (security headers, metrics, usage logging)
2026-09-17 11:14:35.227 | INFO     | trace= span= tp= req= job= ps=: | tldw_Server_API.app.main:<module>:2826 - Docs mounted at /docs-static from /Users/macbook-dev/Documents/GitHub/tldw_server2/Docs
2026-09-17 11:14:35.227 | INFO     | trace= span= tp= req= job= ps=: | tldw_Server_API.app.api.v1.router_groups.content:iter_content_router_specs:214 - Skipping audio router imports in pytest (set MINIMAL_TEST_INCLUDE_AUDIO=1 to enable)
2026-09-17 11:14:35.242 | INFO     | trace= span= tp= req= job= ps=: | tldw_Server_API.app.api.v1.router_registry:register_router_specs:49 - Route disabled by policy: research
2026-09-17 11:14:36.193 | INFO     | trace= span= tp= req= job= ps=: | tldw_Server_API.app.main:<module>:2901 - Registered 21 minimal-test routers from router groups
2026-09-17 11:14:36.194 | INFO     | trace= span= tp= req= job= ps=: | tldw_Server_API.app.api.v1.router_groups.minimal:iter_minimal_optional_router_specs:238 - Skipping audio routers in minimal test app (set MINIMAL_TEST_INCLUDE_AUDIO=1 to enable)
2026-09-17 11:14:36.194 | INFO     | trace= span= tp= req= job= ps=: | tldw_Server_API.app.api.v1.router_groups.minimal:iter_minimal_optional_router_specs:276 - Skipping audio-jobs router in minimal test app (set MINIMAL_TEST_INCLUDE_AUDIO_JOBS=1 to enable)
2026-09-17 11:14:37.326 | INFO     | trace= span= tp= req= job= ps=: | tldw_Server_API.app.main:<module>:2903 - Registered 99 optional minimal-test routers from router groups
2026-09-17 11:14:37.330 | INFO     | trace= span= tp= req= job= ps=: | tldw_Server_API.app.core.AuthNZ.csrf_protection:__init__:281 - CSRF Protection Middleware initialized (enabled=False)
--------------------------- Captured stderr teardown ---------------------------
2026-09-17 11:14:39.339 | INFO     | trace= span= tp= req= job= ps=: | tldw_Server_API.app.core.AuthNZ.settings:get_settings:1588 - Settings initialized - Auth mode: single_user, profile=local-single-user
2026-09-17 11:14:39.339 | INFO     | trace= span= tp= req= job= ps=: | tldw_Server_API.app.core.AuthNZ.db_config:_detect_backend:83 - Detected database backend: sqlite
2026-09-17 11:14:39.339 | INFO     | trace= span= tp= req= job= ps=: | tldw_Server_API.app.api.v1.API_Deps.Audit_DB_Deps:shutdown_all_audit_services:1034 - Shutting down audit services for 0 instances...
2026-09-17 11:14:39.339 | INFO     | trace= span= tp= req= job= ps=: | tldw_Server_API.app.api.v1.API_Deps.Audit_DB_Deps:shutdown_all_audit_services:1091 - All audit services shut down successfully.
2026-09-17 11:14:39.339 | INFO     | trace= span= tp= req= job= ps=: | tldw_Server_API.app.api.v1.API_Deps.ChaCha_Notes_DB_Deps:close_all_chacha_db_instances:876 - Closing all cached ChaChaNotesDB instances (0)...
2026-09-17 11:14:39.339 | INFO     | trace= span= tp= req= job= ps=: | tldw_Server_API.app.api.v1.API_Deps.ChaCha_Notes_DB_Deps:close_all_chacha_db_instances:892 - All ChaChaNotesDB instances closed and cache cleared.
2026-09-17 11:14:39.340 | INFO     | trace= span= tp= req= job= ps=: | tldw_Server_API.app.api.v1.API_Deps.ChaCha_Notes_DB_Deps:close_all_chacha_db_instances:876 - Closing all cached ChaChaNotesDB instances (0)...
2026-09-17 11:14:39.340 | INFO     | trace= span= tp= req= job= ps=: | tldw_Server_API.app.api.v1.API_Deps.ChaCha_Notes_DB_Deps:close_all_chacha_db_instances:892 - All ChaChaNotesDB instances closed and cache cleared.
2026-09-17 11:14:39.340 | INFO     | trace= span= tp= req= job= ps=: | tldw_Server_API.app.api.v1.API_Deps.ChaCha_Notes_DB_Deps:close_all_chacha_db_instances:876 - Closing all cached ChaChaNotesDB instances (0)...
2026-09-17 11:14:39.340 | INFO     | trace= span= tp= req= job= ps=: | tldw_Server_API.app.api.v1.API_Deps.ChaCha_Notes_DB_Deps:close_all_chacha_db_instances:892 - All ChaChaNotesDB instances closed and cache cleared.
___ test_restricted_storage_quota_crud_constraints_and_admission[admission] ____
tldw_Server_API/tests/AuthNZ/integration/test_storage_quotas_bootstrap_postgres.py:213: in test_restricted_storage_quota_crud_constraints_and_admission
    assert result.get('ok') is True, result
E   AssertionError: {'error': 'UndefinedTableError', 'frames': [['fetchrow', 748], ['_execute', 1864], ['__execute', 1961], ['_do_execute', 2012], ['_get_statement', 432], ['prepare', 165]], 'ok': False, 'stage': 'absent_quota_read'}
E   assert False is True
E    +  where False = <built-in method get of dict object at 0x13729d6c0>('ok')
E    +    where <built-in method get of dict object at 0x13729d6c0> = {'error': 'UndefinedTableError', 'frames': [['fetchrow', 748], ['_execute', 1864], ['__execute', 1961], ['_do_execute', 2012], ['_get_statement', 432], ['prepare', 165]], 'ok': False, 'stage': 'absent_quota_read'}.get
---------------------------- Captured stderr setup -----------------------------
2026-09-17 11:14:39.342 | INFO     | trace= span= tp= req= job= ps=: | tldw_Server_API.app.core.config:_buffered_log:210 - Determined ACTUAL_PROJECT_ROOT for database paths: /Users/macbook-dev/Documents/GitHub/tldw_server2
2026-09-17 11:14:39.343 | INFO     | trace= span= tp= req= job= ps=: | tldw_Server_API.app.core.config:_buffered_log:210 - Early loading environment variables from: /Users/macbook-dev/Documents/GitHub/tldw_server2/tldw_Server_API/Config_Files/.env
2026-09-17 11:14:39.347 | INFO     | trace= span= tp= req= job= ps=: | tldw_Server_API.app.core.config:_buffered_log:210 - Early loading environment variables from: /Users/macbook-dev/Documents/GitHub/tldw_server2/tldw_Server_API/Config_Files/.ENV
2026-09-17 11:14:39.352 | INFO     | trace= span= tp= req= job= ps=: | tldw_Server_API.app.core.config:_buffered_log:210 - Loading environment variables from: /Users/macbook-dev/Documents/GitHub/tldw_server2/tldw_Server_API/Config_Files/.env
2026-09-17 11:14:39.357 | INFO     | trace= span= tp= req= job= ps=: | tldw_Server_API.app.core.config:_buffered_log:210 - Loading environment variables from: /Users/macbook-dev/Documents/GitHub/tldw_server2/tldw_Server_API/Config_Files/.ENV
2026-09-17 11:14:39.362 | INFO     | trace= span= tp= req= job= ps=: | tldw_Server_API.app.core.config:_buffered_log:210 - Attempting to load comprehensive config from: /Users/macbook-dev/Documents/GitHub/tldw_server2/tldw_Server_API/Config_Files/config.txt
2026-09-17 11:14:39.364 | INFO     | trace= span= tp= req= job= ps=: | tldw_Server_API.app.core.config:_buffered_log:210 - load_comprehensive_config(): Sections found in config: ['Setup', 'UI', 'Server', 'Files', 'Image-Generation', 'ACP', 'WORKSPACES', 'ACP-WORKSPACE', 'ACP-SANDBOX', 'Audit', 'Processing', 'Media-Processing', 'Chat-Dictionaries', 'Chat-Module', 'Chat-Commands', 'Chat-Templating', 'Character-Chat', 'Settings', 'Auto-Save', 'Prompts', 'Database', 'Chunking', 'Visual-RAG', 'AuthNZ', 'Streaming', 'HTTP', 'Egress', 'Embeddings', 'Claims', 'ClaimsMonitoring', 'RAG', 'Search-Agent', 'ResourceGovernor', 'Jobs', 'SlidesStandaloneHtml', 'Diarization', 'API', 'MLX', 'Local-API', 'LlamaCpp', 'STT-Settings', 'external_providers', 'TTS-Settings', 'VibeVoice', 'Audio-Quota', 'API-Routes', 'Search-Engines', 'Web-Scraper', 'Logging', 'Moderation', 'Redis', 'Web-Scraping', 'personalization', 'persona', 'persona.rbac']
2026-09-17 11:14:39.367 | INFO     | trace= span= tp= req= job= ps=: | tldw_Server_API.app.core.config:_buffered_log:210 - Ensured main SQLite database directory exists: /Users/macbook-dev/Documents/GitHub/tldw_server2/Databases
2026-09-17 11:14:39.367 | INFO     | trace= span= tp= req= job= ps=: | tldw_Server_API.app.core.config:_buffered_log:210 - Ensured user data base directory exists: Databases/user_databases
2026-09-17 11:14:39.367 | INFO     | trace= span= tp= req= job= ps=: | tldw_Server_API.app.api.v1.API_Deps.ChaCha_Notes_DB_Deps:close_all_chacha_db_instances:876 - Closing all cached ChaChaNotesDB instances (0)...
2026-09-17 11:14:39.367 | INFO     | trace= span= tp= req= job= ps=: | tldw_Server_API.app.api.v1.API_Deps.ChaCha_Notes_DB_Deps:close_all_chacha_db_instances:892 - All ChaChaNotesDB instances closed and cache cleared.
2026-09-17 11:14:39.379 | INFO     | trace= span= tp= req= job= ps=: | tldw_Server_API.app.core.AuthNZ.settings:get_settings:1588 - Settings initialized - Auth mode: single_user, profile=local-single-user
2026-09-17 11:14:39.379 | INFO     | trace= span= tp= req= job= ps=: | tldw_Server_API.app.core.AuthNZ.db_config:_detect_backend:83 - Detected database backend: sqlite
2026-09-17 11:14:39.379 | INFO     | trace= span= tp= req= job= ps=: | tldw_Server_API.app.api.v1.API_Deps.Audit_DB_Deps:shutdown_all_audit_services:1034 - Shutting down audit services for 0 instances...
2026-09-17 11:14:39.379 | INFO     | trace= span= tp= req= job= ps=: | tldw_Server_API.app.api.v1.API_Deps.Audit_DB_Deps:shutdown_all_audit_services:1091 - All audit services shut down successfully.
2026-09-17 11:14:39.384 | INFO     | trace= span= tp= req= job= ps=: | tldw_Server_API.app.main:<module>:1131 - Logging configured (Loguru + stdlib interception)
2026-09-17 11:14:39.399 | INFO     | trace= span= tp= req= job= ps=: | tldw_Server_API.app.core.AuthNZ.settings:get_settings:1588 - Settings initialized - Auth mode: single_user, profile=local-single-user
2026-09-17 11:14:39.399 | INFO     | trace= span= tp= req= job= ps=: | tldw_Server_API.app.core.AuthNZ.csrf_protection:add_csrf_protection:522 - CSRF Protection explicitly disabled via CSRF_ENABLED setting
2026-09-17 11:14:39.399 | INFO     | trace= span= tp= req= job= ps=: | tldw_Server_API.app.main:<module>:2622 - TEST_MODE detected: Skipping non-essential middlewares (security headers, metrics, usage logging)
2026-09-17 11:14:39.399 | INFO     | trace= span= tp= req= job= ps=: | tldw_Server_API.app.main:<module>:2826 - Docs mounted at /docs-static from /Users/macbook-dev/Documents/GitHub/tldw_server2/Docs
2026-09-17 11:14:39.400 | INFO     | trace= span= tp= req= job= ps=: | tldw_Server_API.app.api.v1.router_groups.content:iter_content_router_specs:214 - Skipping audio router imports in pytest (set MINIMAL_TEST_INCLUDE_AUDIO=1 to enable)
2026-09-17 11:14:39.415 | INFO     | trace= span= tp= req= job= ps=: | tldw_Server_API.app.api.v1.router_registry:register_router_specs:49 - Route disabled by policy: research
2026-09-17 11:14:39.758 | INFO     | trace= span= tp= req= job= ps=: | tldw_Server_API.app.main:<module>:2901 - Registered 21 minimal-test routers from router groups
2026-09-17 11:14:39.758 | INFO     | trace= span= tp= req= job= ps=: | tldw_Server_API.app.api.v1.router_groups.minimal:iter_minimal_optional_router_specs:238 - Skipping audio routers in minimal test app (set MINIMAL_TEST_INCLUDE_AUDIO=1 to enable)
2026-09-17 11:14:39.758 | INFO     | trace= span= tp= req= job= ps=: | tldw_Server_API.app.api.v1.router_groups.minimal:iter_minimal_optional_router_specs:276 - Skipping audio-jobs router in minimal test app (set MINIMAL_TEST_INCLUDE_AUDIO_JOBS=1 to enable)
2026-09-17 11:14:41.598 | INFO     | trace= span= tp= req= job= ps=: | tldw_Server_API.app.main:<module>:2903 - Registered 99 optional minimal-test routers from router groups
2026-09-17 11:14:41.603 | INFO     | trace= span= tp= req= job= ps=: | tldw_Server_API.app.core.AuthNZ.csrf_protection:__init__:281 - CSRF Protection Middleware initialized (enabled=False)
--------------------------- Captured stderr teardown ---------------------------
2026-09-17 11:14:43.606 | INFO     | trace= span= tp= req= job= ps=: | tldw_Server_API.app.core.AuthNZ.settings:get_settings:1588 - Settings initialized - Auth mode: single_user, profile=local-single-user
2026-09-17 11:14:43.607 | INFO     | trace= span= tp= req= job= ps=: | tldw_Server_API.app.core.AuthNZ.db_config:_detect_backend:83 - Detected database backend: sqlite
2026-09-17 11:14:43.607 | INFO     | trace= span= tp= req= job= ps=: | tldw_Server_API.app.api.v1.API_Deps.Audit_DB_Deps:shutdown_all_audit_services:1034 - Shutting down audit services for 0 instances...
2026-09-17 11:14:43.607 | INFO     | trace= span= tp= req= job= ps=: | tldw_Server_API.app.api.v1.API_Deps.Audit_DB_Deps:shutdown_all_audit_services:1091 - All audit services shut down successfully.
2026-09-17 11:14:43.607 | INFO     | trace= span= tp= req= job= ps=: | tldw_Server_API.app.api.v1.API_Deps.ChaCha_Notes_DB_Deps:close_all_chacha_db_instances:876 - Closing all cached ChaChaNotesDB instances (0)...
2026-09-17 11:14:43.607 | INFO     | trace= span= tp= req= job= ps=: | tldw_Server_API.app.api.v1.API_Deps.ChaCha_Notes_DB_Deps:close_all_chacha_db_instances:892 - All ChaChaNotesDB instances closed and cache cleared.
2026-09-17 11:14:43.608 | INFO     | trace= span= tp= req= job= ps=: | tldw_Server_API.app.api.v1.API_Deps.ChaCha_Notes_DB_Deps:close_all_chacha_db_instances:876 - Closing all cached ChaChaNotesDB instances (0)...
2026-09-17 11:14:43.608 | INFO     | trace= span= tp= req= job= ps=: | tldw_Server_API.app.api.v1.API_Deps.ChaCha_Notes_DB_Deps:close_all_chacha_db_instances:892 - All ChaChaNotesDB instances closed and cache cleared.
2026-09-17 11:14:43.608 | INFO     | trace= span= tp= req= job= ps=: | tldw_Server_API.app.api.v1.API_Deps.ChaCha_Notes_DB_Deps:close_all_chacha_db_instances:876 - Closing all cached ChaChaNotesDB instances (0)...
2026-09-17 11:14:43.608 | INFO     | trace= span= tp= req= job= ps=: | tldw_Server_API.app.api.v1.API_Deps.ChaCha_Notes_DB_Deps:close_all_chacha_db_instances:892 - All ChaChaNotesDB instances closed and cache cleared.
___________ test_quota_schema_failure_aborts_bootstrap[CREATE TABLE] ___________
tldw_Server_API/tests/AuthNZ/unit/test_pg_storage_quotas_schema.py:30: in test_quota_schema_failure_aborts_bootstrap
    assert await pg_migrations_extra.ensure_authnz_core_tables_pg(UnavailableQuotaSchema()) is False
E   assert True is False
---------------------------- Captured stderr setup -----------------------------
2026-09-17 11:14:43.610 | INFO     | trace= span= tp= req= job= ps=: | tldw_Server_API.app.core.config:_buffered_log:210 - Determined ACTUAL_PROJECT_ROOT for database paths: /Users/macbook-dev/Documents/GitHub/tldw_server2
2026-09-17 11:14:43.611 | INFO     | trace= span= tp= req= job= ps=: | tldw_Server_API.app.core.config:_buffered_log:210 - Early loading environment variables from: /Users/macbook-dev/Documents/GitHub/tldw_server2/tldw_Server_API/Config_Files/.env
2026-09-17 11:14:43.615 | INFO     | trace= span= tp= req= job= ps=: | tldw_Server_API.app.core.config:_buffered_log:210 - Early loading environment variables from: /Users/macbook-dev/Documents/GitHub/tldw_server2/tldw_Server_API/Config_Files/.ENV
2026-09-17 11:14:43.620 | INFO     | trace= span= tp= req= job= ps=: | tldw_Server_API.app.core.config:_buffered_log:210 - Loading environment variables from: /Users/macbook-dev/Documents/GitHub/tldw_server2/tldw_Server_API/Config_Files/.env
2026-09-17 11:14:43.625 | INFO     | trace= span= tp= req= job= ps=: | tldw_Server_API.app.core.config:_buffered_log:210 - Loading environment variables from: /Users/macbook-dev/Documents/GitHub/tldw_server2/tldw_Server_API/Config_Files/.ENV
2026-09-17 11:14:43.629 | INFO     | trace= span= tp= req= job= ps=: | tldw_Server_API.app.core.config:_buffered_log:210 - Attempting to load comprehensive config from: /Users/macbook-dev/Documents/GitHub/tldw_server2/tldw_Server_API/Config_Files/config.txt
2026-09-17 11:14:43.632 | INFO     | trace= span= tp= req= job= ps=: | tldw_Server_API.app.core.config:_buffered_log:210 - load_comprehensive_config(): Sections found in config: ['Setup', 'UI', 'Server', 'Files', 'Image-Generation', 'ACP', 'WORKSPACES', 'ACP-WORKSPACE', 'ACP-SANDBOX', 'Audit', 'Processing', 'Media-Processing', 'Chat-Dictionaries', 'Chat-Module', 'Chat-Commands', 'Chat-Templating', 'Character-Chat', 'Settings', 'Auto-Save', 'Prompts', 'Database', 'Chunking', 'Visual-RAG', 'AuthNZ', 'Streaming', 'HTTP', 'Egress', 'Embeddings', 'Claims', 'ClaimsMonitoring', 'RAG', 'Search-Agent', 'ResourceGovernor', 'Jobs', 'SlidesStandaloneHtml', 'Diarization', 'API', 'MLX', 'Local-API', 'LlamaCpp', 'STT-Settings', 'external_providers', 'TTS-Settings', 'VibeVoice', 'Audio-Quota', 'API-Routes', 'Search-Engines', 'Web-Scraper', 'Logging', 'Moderation', 'Redis', 'Web-Scraping', 'personalization', 'persona', 'persona.rbac']
2026-09-17 11:14:43.634 | INFO     | trace= span= tp= req= job= ps=: | tldw_Server_API.app.core.config:_buffered_log:210 - Ensured main SQLite database directory exists: /Users/macbook-dev/Documents/GitHub/tldw_server2/Databases
2026-09-17 11:14:43.634 | INFO     | trace= span= tp= req= job= ps=: | tldw_Server_API.app.core.config:_buffered_log:210 - Ensured user data base directory exists: Databases/user_databases
2026-09-17 11:14:43.634 | INFO     | trace= span= tp= req= job= ps=: | tldw_Server_API.app.api.v1.API_Deps.ChaCha_Notes_DB_Deps:close_all_chacha_db_instances:876 - Closing all cached ChaChaNotesDB instances (0)...
2026-09-17 11:14:43.634 | INFO     | trace= span= tp= req= job= ps=: | tldw_Server_API.app.api.v1.API_Deps.ChaCha_Notes_DB_Deps:close_all_chacha_db_instances:892 - All ChaChaNotesDB instances closed and cache cleared.
2026-09-17 11:14:43.646 | INFO     | trace= span= tp= req= job= ps=: | tldw_Server_API.app.core.AuthNZ.settings:get_settings:1588 - Settings initialized - Auth mode: single_user, profile=local-single-user
2026-09-17 11:14:43.646 | INFO     | trace= span= tp= req= job= ps=: | tldw_Server_API.app.core.AuthNZ.db_config:_detect_backend:83 - Detected database backend: sqlite
2026-09-17 11:14:43.646 | INFO     | trace= span= tp= req= job= ps=: | tldw_Server_API.app.api.v1.API_Deps.Audit_DB_Deps:shutdown_all_audit_services:1034 - Shutting down audit services for 0 instances...
2026-09-17 11:14:43.646 | INFO     | trace= span= tp= req= job= ps=: | tldw_Server_API.app.api.v1.API_Deps.Audit_DB_Deps:shutdown_all_audit_services:1091 - All audit services shut down successfully.
2026-09-17 11:14:43.652 | INFO     | trace= span= tp= req= job= ps=: | tldw_Server_API.app.main:<module>:1131 - Logging configured (Loguru + stdlib interception)
2026-09-17 11:14:43.666 | INFO     | trace= span= tp= req= job= ps=: | tldw_Server_API.app.core.AuthNZ.settings:get_settings:1588 - Settings initialized - Auth mode: single_user, profile=local-single-user
2026-09-17 11:14:43.666 | INFO     | trace= span= tp= req= job= ps=: | tldw_Server_API.app.core.AuthNZ.csrf_protection:add_csrf_protection:522 - CSRF Protection explicitly disabled via CSRF_ENABLED setting
2026-09-17 11:14:43.666 | INFO     | trace= span= tp= req= job= ps=: | tldw_Server_API.app.main:<module>:2622 - TEST_MODE detected: Skipping non-essential middlewares (security headers, metrics, usage logging)
2026-09-17 11:14:43.667 | INFO     | trace= span= tp= req= job= ps=: | tldw_Server_API.app.main:<module>:2826 - Docs mounted at /docs-static from /Users/macbook-dev/Documents/GitHub/tldw_server2/Docs
2026-09-17 11:14:43.667 | INFO     | trace= span= tp= req= job= ps=: | tldw_Server_API.app.api.v1.router_groups.content:iter_content_router_specs:214 - Skipping audio router imports in pytest (set MINIMAL_TEST_INCLUDE_AUDIO=1 to enable)
2026-09-17 11:14:43.682 | INFO     | trace= span= tp= req= job= ps=: | tldw_Server_API.app.api.v1.router_registry:register_router_specs:49 - Route disabled by policy: research
2026-09-17 11:14:44.023 | INFO     | trace= span= tp= req= job= ps=: | tldw_Server_API.app.main:<module>:2901 - Registered 21 minimal-test routers from router groups
2026-09-17 11:14:44.023 | INFO     | trace= span= tp= req= job= ps=: | tldw_Server_API.app.api.v1.router_groups.minimal:iter_minimal_optional_router_specs:238 - Skipping audio routers in minimal test app (set MINIMAL_TEST_INCLUDE_AUDIO=1 to enable)
2026-09-17 11:14:44.023 | INFO     | trace= span= tp= req= job= ps=: | tldw_Server_API.app.api.v1.router_groups.minimal:iter_minimal_optional_router_specs:276 - Skipping audio-jobs router in minimal test app (set MINIMAL_TEST_INCLUDE_AUDIO_JOBS=1 to enable)
2026-09-17 11:14:46.151 | INFO     | trace= span= tp= req= job= ps=: | tldw_Server_API.app.main:<module>:2903 - Registered 99 optional minimal-test routers from router groups
2026-09-17 11:14:46.155 | INFO     | trace= span= tp= req= job= ps=: | tldw_Server_API.app.core.AuthNZ.csrf_protection:__init__:281 - CSRF Protection Middleware initialized (enabled=False)
----------------------------- Captured stderr call -----------------------------
2026-09-17 11:14:46.157 | INFO     | trace= span= tp= req= job= ps=: | tldw_Server_API.app.core.AuthNZ.pg_migrations_extra:ensure_authnz_core_tables_pg:3572 - Ensured PostgreSQL AuthNZ core tables (audit_logs, sessions, registration_codes, RBAC, orgs/teams)
--------------------------- Captured stderr teardown ---------------------------
2026-09-17 11:14:46.170 | INFO     | trace= span= tp= req= job= ps=: | tldw_Server_API.app.core.AuthNZ.settings:get_settings:1588 - Settings initialized - Auth mode: single_user, profile=local-single-user
2026-09-17 11:14:46.170 | INFO     | trace= span= tp= req= job= ps=: | tldw_Server_API.app.core.AuthNZ.db_config:_detect_backend:83 - Detected database backend: sqlite
2026-09-17 11:14:46.170 | INFO     | trace= span= tp= req= job= ps=: | tldw_Server_API.app.api.v1.API_Deps.Audit_DB_Deps:shutdown_all_audit_services:1034 - Shutting down audit services for 0 instances...
2026-09-17 11:14:46.170 | INFO     | trace= span= tp= req= job= ps=: | tldw_Server_API.app.api.v1.API_Deps.Audit_DB_Deps:shutdown_all_audit_services:1091 - All audit services shut down successfully.
2026-09-17 11:14:46.171 | INFO     | trace= span= tp= req= job= ps=: | tldw_Server_API.app.api.v1.API_Deps.ChaCha_Notes_DB_Deps:close_all_chacha_db_instances:876 - Closing all cached ChaChaNotesDB instances (0)...
2026-09-17 11:14:46.171 | INFO     | trace= span= tp= req= job= ps=: | tldw_Server_API.app.api.v1.API_Deps.ChaCha_Notes_DB_Deps:close_all_chacha_db_instances:892 - All ChaChaNotesDB instances closed and cache cleared.
2026-09-17 11:14:46.171 | INFO     | trace= span= tp= req= job= ps=: | tldw_Server_API.app.api.v1.API_Deps.ChaCha_Notes_DB_Deps:close_all_chacha_db_instances:876 - Closing all cached ChaChaNotesDB instances (0)...
2026-09-17 11:14:46.171 | INFO     | trace= span= tp= req= job= ps=: | tldw_Server_API.app.api.v1.API_Deps.ChaCha_Notes_DB_Deps:close_all_chacha_db_instances:892 - All ChaChaNotesDB instances closed and cache cleared.
2026-09-17 11:14:46.171 | INFO     | trace= span= tp= req= job= ps=: | tldw_Server_API.app.api.v1.API_Deps.ChaCha_Notes_DB_Deps:close_all_chacha_db_instances:876 - Closing all cached ChaChaNotesDB instances (0)...
2026-09-17 11:14:46.171 | INFO     | trace= span= tp= req= job= ps=: | tldw_Server_API.app.api.v1.API_Deps.ChaCha_Notes_DB_Deps:close_all_chacha_db_instances:892 - All ChaChaNotesDB instances closed and cache cleared.
_______ test_quota_schema_failure_aborts_bootstrap[CREATE UNIQUE INDEX] ________
tldw_Server_API/tests/AuthNZ/unit/test_pg_storage_quotas_schema.py:30: in test_quota_schema_failure_aborts_bootstrap
    assert await pg_migrations_extra.ensure_authnz_core_tables_pg(UnavailableQuotaSchema()) is False
E   assert True is False
---------------------------- Captured stderr setup -----------------------------
2026-09-17 11:14:46.172 | INFO     | trace= span= tp= req= job= ps=: | tldw_Server_API.app.core.config:_buffered_log:210 - Determined ACTUAL_PROJECT_ROOT for database paths: /Users/macbook-dev/Documents/GitHub/tldw_server2
2026-09-17 11:14:46.173 | INFO     | trace= span= tp= req= job= ps=: | tldw_Server_API.app.core.config:_buffered_log:210 - Early loading environment variables from: /Users/macbook-dev/Documents/GitHub/tldw_server2/tldw_Server_API/Config_Files/.env
2026-09-17 11:14:46.177 | INFO     | trace= span= tp= req= job= ps=: | tldw_Server_API.app.core.config:_buffered_log:210 - Early loading environment variables from: /Users/macbook-dev/Documents/GitHub/tldw_server2/tldw_Server_API/Config_Files/.ENV
2026-09-17 11:14:46.182 | INFO     | trace= span= tp= req= job= ps=: | tldw_Server_API.app.core.config:_buffered_log:210 - Loading environment variables from: /Users/macbook-dev/Documents/GitHub/tldw_server2/tldw_Server_API/Config_Files/.env
2026-09-17 11:14:46.186 | INFO     | trace= span= tp= req= job= ps=: | tldw_Server_API.app.core.config:_buffered_log:210 - Loading environment variables from: /Users/macbook-dev/Documents/GitHub/tldw_server2/tldw_Server_API/Config_Files/.ENV
2026-09-17 11:14:46.190 | INFO     | trace= span= tp= req= job= ps=: | tldw_Server_API.app.core.config:_buffered_log:210 - Attempting to load comprehensive config from: /Users/macbook-dev/Documents/GitHub/tldw_server2/tldw_Server_API/Config_Files/config.txt
2026-09-17 11:14:46.192 | INFO     | trace= span= tp= req= job= ps=: | tldw_Server_API.app.core.config:_buffered_log:210 - load_comprehensive_config(): Sections found in config: ['Setup', 'UI', 'Server', 'Files', 'Image-Generation', 'ACP', 'WORKSPACES', 'ACP-WORKSPACE', 'ACP-SANDBOX', 'Audit', 'Processing', 'Media-Processing', 'Chat-Dictionaries', 'Chat-Module', 'Chat-Commands', 'Chat-Templating', 'Character-Chat', 'Settings', 'Auto-Save', 'Prompts', 'Database', 'Chunking', 'Visual-RAG', 'AuthNZ', 'Streaming', 'HTTP', 'Egress', 'Embeddings', 'Claims', 'ClaimsMonitoring', 'RAG', 'Search-Agent', 'ResourceGovernor', 'Jobs', 'SlidesStandaloneHtml', 'Diarization', 'API', 'MLX', 'Local-API', 'LlamaCpp', 'STT-Settings', 'external_providers', 'TTS-Settings', 'VibeVoice', 'Audio-Quota', 'API-Routes', 'Search-Engines', 'Web-Scraper', 'Logging', 'Moderation', 'Redis', 'Web-Scraping', 'personalization', 'persona', 'persona.rbac']
2026-09-17 11:14:46.195 | INFO     | trace= span= tp= req= job= ps=: | tldw_Server_API.app.core.config:_buffered_log:210 - Ensured main SQLite database directory exists: /Users/macbook-dev/Documents/GitHub/tldw_server2/Databases
2026-09-17 11:14:46.195 | INFO     | trace= span= tp= req= job= ps=: | tldw_Server_API.app.core.config:_buffered_log:210 - Ensured user data base directory exists: Databases/user_databases
2026-09-17 11:14:46.195 | INFO     | trace= span= tp= req= job= ps=: | tldw_Server_API.app.api.v1.API_Deps.ChaCha_Notes_DB_Deps:close_all_chacha_db_instances:876 - Closing all cached ChaChaNotesDB instances (0)...
2026-09-17 11:14:46.195 | INFO     | trace= span= tp= req= job= ps=: | tldw_Server_API.app.api.v1.API_Deps.ChaCha_Notes_DB_Deps:close_all_chacha_db_instances:892 - All ChaChaNotesDB instances closed and cache cleared.
2026-09-17 11:14:46.206 | INFO     | trace= span= tp= req= job= ps=: | tldw_Server_API.app.core.AuthNZ.settings:get_settings:1588 - Settings initialized - Auth mode: single_user, profile=local-single-user
2026-09-17 11:14:46.206 | INFO     | trace= span= tp= req= job= ps=: | tldw_Server_API.app.core.AuthNZ.db_config:_detect_backend:83 - Detected database backend: sqlite
2026-09-17 11:14:46.207 | INFO     | trace= span= tp= req= job= ps=: | tldw_Server_API.app.api.v1.API_Deps.Audit_DB_Deps:shutdown_all_audit_services:1034 - Shutting down audit services for 0 instances...
2026-09-17 11:14:46.207 | INFO     | trace= span= tp= req= job= ps=: | tldw_Server_API.app.api.v1.API_Deps.Audit_DB_Deps:shutdown_all_audit_services:1091 - All audit services shut down successfully.
2026-09-17 11:14:46.210 | INFO     | trace= span= tp= req= job= ps=: | tldw_Server_API.app.main:<module>:1131 - Logging configured (Loguru + stdlib interception)
2026-09-17 11:14:46.224 | INFO     | trace= span= tp= req= job= ps=: | tldw_Server_API.app.core.AuthNZ.settings:get_settings:1588 - Settings initialized - Auth mode: single_user, profile=local-single-user
2026-09-17 11:14:46.224 | INFO     | trace= span= tp= req= job= ps=: | tldw_Server_API.app.core.AuthNZ.csrf_protection:add_csrf_protection:522 - CSRF Protection explicitly disabled via CSRF_ENABLED setting
2026-09-17 11:14:46.224 | INFO     | trace= span= tp= req= job= ps=: | tldw_Server_API.app.main:<module>:2622 - TEST_MODE detected: Skipping non-essential middlewares (security headers, metrics, usage logging)
2026-09-17 11:14:46.224 | INFO     | trace= span= tp= req= job= ps=: | tldw_Server_API.app.main:<module>:2826 - Docs mounted at /docs-static from /Users/macbook-dev/Documents/GitHub/tldw_server2/Docs
2026-09-17 11:14:46.225 | INFO     | trace= span= tp= req= job= ps=: | tldw_Server_API.app.api.v1.router_groups.content:iter_content_router_specs:214 - Skipping audio router imports in pytest (set MINIMAL_TEST_INCLUDE_AUDIO=1 to enable)
2026-09-17 11:14:46.238 | INFO     | trace= span= tp= req= job= ps=: | tldw_Server_API.app.api.v1.router_registry:register_router_specs:49 - Route disabled by policy: research
2026-09-17 11:14:46.570 | INFO     | trace= span= tp= req= job= ps=: | tldw_Server_API.app.main:<module>:2901 - Registered 21 minimal-test routers from router groups
2026-09-17 11:14:46.570 | INFO     | trace= span= tp= req= job= ps=: | tldw_Server_API.app.api.v1.router_groups.minimal:iter_minimal_optional_router_specs:238 - Skipping audio routers in minimal test app (set MINIMAL_TEST_INCLUDE_AUDIO=1 to enable)
2026-09-17 11:14:46.570 | INFO     | trace= span= tp= req= job= ps=: | tldw_Server_API.app.api.v1.router_groups.minimal:iter_minimal_optional_router_specs:276 - Skipping audio-jobs router in minimal test app (set MINIMAL_TEST_INCLUDE_AUDIO_JOBS=1 to enable)
2026-09-17 11:14:47.616 | INFO     | trace= span= tp= req= job= ps=: | tldw_Server_API.app.main:<module>:2903 - Registered 99 optional minimal-test routers from router groups
2026-09-17 11:14:47.620 | INFO     | trace= span= tp= req= job= ps=: | tldw_Server_API.app.core.AuthNZ.csrf_protection:__init__:281 - CSRF Protection Middleware initialized (enabled=False)
----------------------------- Captured stderr call -----------------------------
2026-09-17 11:14:47.622 | INFO     | trace= span= tp= req= job= ps=: | tldw_Server_API.app.core.AuthNZ.pg_migrations_extra:ensure_authnz_core_tables_pg:3572 - Ensured PostgreSQL AuthNZ core tables (audit_logs, sessions, registration_codes, RBAC, orgs/teams)
--------------------------- Captured stderr teardown ---------------------------
2026-09-17 11:14:47.636 | INFO     | trace= span= tp= req= job= ps=: | tldw_Server_API.app.core.AuthNZ.settings:get_settings:1588 - Settings initialized - Auth mode: single_user, profile=local-single-user
2026-09-17 11:14:47.636 | INFO     | trace= span= tp= req= job= ps=: | tldw_Server_API.app.core.AuthNZ.db_config:_detect_backend:83 - Detected database backend: sqlite
2026-09-17 11:14:47.636 | INFO     | trace= span= tp= req= job= ps=: | tldw_Server_API.app.api.v1.API_Deps.Audit_DB_Deps:shutdown_all_audit_services:1034 - Shutting down audit services for 0 instances...
2026-09-17 11:14:47.636 | INFO     | trace= span= tp= req= job= ps=: | tldw_Server_API.app.api.v1.API_Deps.Audit_DB_Deps:shutdown_all_audit_services:1091 - All audit services shut down successfully.
2026-09-17 11:14:47.636 | INFO     | trace= span= tp= req= job= ps=: | tldw_Server_API.app.api.v1.API_Deps.ChaCha_Notes_DB_Deps:close_all_chacha_db_instances:876 - Closing all cached ChaChaNotesDB instances (0)...
2026-09-17 11:14:47.636 | INFO     | trace= span= tp= req= job= ps=: | tldw_Server_API.app.api.v1.API_Deps.ChaCha_Notes_DB_Deps:close_all_chacha_db_instances:892 - All ChaChaNotesDB instances closed and cache cleared.
2026-09-17 11:14:47.637 | INFO     | trace= span= tp= req= job= ps=: | tldw_Server_API.app.api.v1.API_Deps.ChaCha_Notes_DB_Deps:close_all_chacha_db_instances:876 - Closing all cached ChaChaNotesDB instances (0)...
2026-09-17 11:14:47.637 | INFO     | trace= span= tp= req= job= ps=: | tldw_Server_API.app.api.v1.API_Deps.ChaCha_Notes_DB_Deps:close_all_chacha_db_instances:892 - All ChaChaNotesDB instances closed and cache cleared.
2026-09-17 11:14:47.637 | INFO     | trace= span= tp= req= job= ps=: | tldw_Server_API.app.api.v1.API_Deps.ChaCha_Notes_DB_Deps:close_all_chacha_db_instances:876 - Closing all cached ChaChaNotesDB instances (0)...
2026-09-17 11:14:47.637 | INFO     | trace= span= tp= req= job= ps=: | tldw_Server_API.app.api.v1.API_Deps.ChaCha_Notes_DB_Deps:close_all_chacha_db_instances:892 - All ChaChaNotesDB instances closed and cache cleared.
======================= 6 failed, 14 warnings in 25.54s ========================
